OpenJDK 64-Bit Server VM (25.232-b09) for linux-amd64 JRE (1.8.0_232-8u232-b09-0ubuntu1~18.04.1-b09), built on Oct 16 2019 20:38:15 by "buildd" with gcc 7.4.0
Memory: 4k page, physical 15392160k(12852092k free), swap 0k(0k free)
CommandLine flags: -XX:ConcGCThreads=4 -XX:G1ReservePercent=0 -XX:GCLogFileSize=1048576 -XX:+HeapDumpOnOutOfMemoryError -XX:HeapDumpPath=/var/log/opscenter -XX:InitialHeapSize=1073741824 -XX:MaxGCPauseMillis=200 -XX:MaxHeapSize=2147483648 -XX:NumberOfGCLogFiles=5 -XX:ParallelGCThreads=4 -XX:+PrintGC -XX:+PrintGCApplicationStoppedTime -XX:+PrintGCCause -XX:+PrintGCDateStamps -XX:+PrintGCDetails -XX:+PrintGCTimeStamps -XX:+PrintTenuringDistribution -XX:+UseCompressedClassPointers -XX:+UseCompressedOops -XX:+UseG1GC -XX:+UseGCLogFileRotation 
2020-01-10T13:09:29.364+0000: 0.193: Total time for which application threads were stopped: 0.0001266 seconds, Stopping threads took: 0.0000437 seconds
2020-01-10T13:09:29.774+0000: 0.603: Total time for which application threads were stopped: 0.0002313 seconds, Stopping threads took: 0.0000692 seconds
2020-01-10T13:09:29.793+0000: 0.622: Total time for which application threads were stopped: 0.0001342 seconds, Stopping threads took: 0.0000598 seconds
2020-01-10T13:09:29.918+0000: 0.747: [GC pause (G1 Evacuation Pause) (young)
Desired survivor size 3670016 bytes, new threshold 15 (max 15)
, 0.0091037 secs]
   [Parallel Time: 3.7 ms, GC Workers: 4]
      [GC Worker Start (ms): Min: 747.5, Avg: 747.6, Max: 747.6, Diff: 0.1]
      [Ext Root Scanning (ms): Min: 0.4, Avg: 0.6, Max: 1.0, Diff: 0.6, Sum: 2.3]
      [Update RS (ms): Min: 0.0, Avg: 0.0, Max: 0.0, Diff: 0.0, Sum: 0.0]
         [Processed Buffers: Min: 0, Avg: 0.0, Max: 0, Diff: 0, Sum: 0]
      [Scan RS (ms): Min: 0.0, Avg: 0.0, Max: 0.0, Diff: 0.0, Sum: 0.1]
      [Code Root Scanning (ms): Min: 0.0, Avg: 0.1, Max: 0.4, Diff: 0.4, Sum: 0.6]
      [Object Copy (ms): Min: 2.6, Avg: 2.8, Max: 3.1, Diff: 0.5, Sum: 11.2]
      [Termination (ms): Min: 0.0, Avg: 0.0, Max: 0.0, Diff: 0.0, Sum: 0.0]
         [Termination Attempts: Min: 1, Avg: 6.5, Max: 12, Diff: 11, Sum: 26]
      [GC Worker Other (ms): Min: 0.0, Avg: 0.0, Max: 0.0, Diff: 0.0, Sum: 0.1]
      [GC Worker Total (ms): Min: 3.5, Avg: 3.6, Max: 3.6, Diff: 0.1, Sum: 14.2]
      [GC Worker End (ms): Min: 751.1, Avg: 751.1, Max: 751.1, Diff: 0.0]
   [Code Root Fixup: 0.0 ms]
   [Code Root Purge: 0.0 ms]
   [Clear CT: 0.2 ms]
   [Other: 5.2 ms]
      [Choose CSet: 0.0 ms]
      [Ref Proc: 4.7 ms]
      [Ref Enq: 0.0 ms]
      [Redirty Cards: 0.2 ms]
      [Humongous Register: 0.0 ms]
      [Humongous Reclaim: 0.0 ms]
      [Free CSet: 0.1 ms]
   [Eden: 52224.0K(52224.0K)->0.0B(54272.0K) Survivors: 0.0B->5120.0K Heap: 52224.0K(1024.0M)->4654.7K(1024.0M)]
 [Times: user=0.02 sys=0.00, real=0.01 secs] 
2020-01-10T13:09:29.927+0000: 0.757: Total time for which application threads were stopped: 0.0093996 seconds, Stopping threads took: 0.0000679 seconds
2020-01-10T13:09:29.956+0000: 0.786: Total time for which application threads were stopped: 0.0001617 seconds, Stopping threads took: 0.0000547 seconds
2020-01-10T13:09:29.969+0000: 0.799: Total time for which application threads were stopped: 0.0002135 seconds, Stopping threads took: 0.0000638 seconds
2020-01-10T13:09:30.221+0000: 1.050: Total time for which application threads were stopped: 0.0003005 seconds, Stopping threads took: 0.0000657 seconds
2020-01-10T13:09:30.223+0000: 1.052: Total time for which application threads were stopped: 0.0001482 seconds, Stopping threads took: 0.0000582 seconds
2020-01-10T13:09:30.261+0000: 1.090: Total time for which application threads were stopped: 0.0001638 seconds, Stopping threads took: 0.0000488 seconds
2020-01-10T13:09:30.291+0000: 1.120: Total time for which application threads were stopped: 0.0001522 seconds, Stopping threads took: 0.0000500 seconds
2020-01-10T13:09:30.418+0000: 1.247: [GC pause (G1 Evacuation Pause) (young)
Desired survivor size 4194304 bytes, new threshold 15 (max 15)
- age   1:    1565208 bytes,    1565208 total
, 0.0086966 secs]
   [Parallel Time: 5.4 ms, GC Workers: 4]
      [GC Worker Start (ms): Min: 1247.3, Avg: 1247.3, Max: 1247.3, Diff: 0.1]
      [Ext Root Scanning (ms): Min: 0.4, Avg: 0.6, Max: 1.2, Diff: 0.9, Sum: 2.6]
      [Update RS (ms): Min: 0.0, Avg: 0.0, Max: 0.0, Diff: 0.0, Sum: 0.0]
         [Processed Buffers: Min: 0, Avg: 0.0, Max: 0, Diff: 0, Sum: 0]
      [Scan RS (ms): Min: 0.0, Avg: 0.0, Max: 0.0, Diff: 0.0, Sum: 0.1]
      [Code Root Scanning (ms): Min: 0.0, Avg: 0.3, Max: 1.0, Diff: 1.0, Sum: 1.2]
      [Object Copy (ms): Min: 3.9, Avg: 4.3, Max: 4.8, Diff: 0.9, Sum: 17.3]
      [Termination (ms): Min: 0.0, Avg: 0.0, Max: 0.0, Diff: 0.0, Sum: 0.0]
         [Termination Attempts: Min: 1, Avg: 10.8, Max: 25, Diff: 24, Sum: 43]
      [GC Worker Other (ms): Min: 0.0, Avg: 0.0, Max: 0.0, Diff: 0.0, Sum: 0.1]
      [GC Worker Total (ms): Min: 5.3, Avg: 5.3, Max: 5.4, Diff: 0.1, Sum: 21.2]
      [GC Worker End (ms): Min: 1252.6, Avg: 1252.6, Max: 1252.6, Diff: 0.0]
   [Code Root Fixup: 0.0 ms]
   [Code Root Purge: 0.0 ms]
   [Clear CT: 0.2 ms]
   [Other: 3.0 ms]
      [Choose CSet: 0.0 ms]
      [Ref Proc: 2.5 ms]
      [Ref Enq: 0.0 ms]
      [Redirty Cards: 0.1 ms]
      [Humongous Register: 0.0 ms]
      [Humongous Reclaim: 0.0 ms]
      [Free CSet: 0.1 ms]
   [Eden: 54272.0K(54272.0K)->0.0B(452.0M) Survivors: 5120.0K->6144.0K Heap: 58926.7K(1024.0M)->5632.0K(1024.0M)]
 [Times: user=0.03 sys=0.01, real=0.01 secs] 
2020-01-10T13:09:30.426+0000: 1.256: Total time for which application threads were stopped: 0.0090028 seconds, Stopping threads took: 0.0000688 seconds
2020-01-10T13:09:31.427+0000: 2.256: Total time for which application threads were stopped: 0.0001123 seconds, Stopping threads took: 0.0000515 seconds
2020-01-10T13:09:32.298+0000: 3.128: [GC pause (G1 Evacuation Pause) (young)
Desired survivor size 30408704 bytes, new threshold 15 (max 15)
- age   1:     928408 bytes,     928408 total
- age   2:    1418888 bytes,    2347296 total
, 0.0084129 secs]
   [Parallel Time: 6.9 ms, GC Workers: 4]
      [GC Worker Start (ms): Min: 3127.8, Avg: 3127.9, Max: 3127.9, Diff: 0.1]
      [Ext Root Scanning (ms): Min: 0.3, Avg: 0.6, Max: 1.1, Diff: 0.8, Sum: 2.3]
      [Update RS (ms): Min: 0.0, Avg: 0.0, Max: 0.0, Diff: 0.0, Sum: 0.0]
         [Processed Buffers: Min: 0, Avg: 0.0, Max: 0, Diff: 0, Sum: 0]
      [Scan RS (ms): Min: 0.1, Avg: 0.1, Max: 0.2, Diff: 0.1, Sum: 0.5]
      [Code Root Scanning (ms): Min: 0.0, Avg: 0.4, Max: 0.7, Diff: 0.7, Sum: 1.5]
      [Object Copy (ms): Min: 4.7, Avg: 5.6, Max: 6.2, Diff: 1.5, Sum: 22.5]
      [Termination (ms): Min: 0.0, Avg: 0.0, Max: 0.0, Diff: 0.0, Sum: 0.0]
         [Termination Attempts: Min: 1, Avg: 1.5, Max: 2, Diff: 1, Sum: 6]
      [GC Worker Other (ms): Min: 0.0, Avg: 0.0, Max: 0.0, Diff: 0.0, Sum: 0.1]
      [GC Worker Total (ms): Min: 6.7, Avg: 6.7, Max: 6.8, Diff: 0.1, Sum: 26.9]
      [GC Worker End (ms): Min: 3134.6, Avg: 3134.6, Max: 3134.6, Diff: 0.0]
   [Code Root Fixup: 0.0 ms]
   [Code Root Purge: 0.0 ms]
   [Clear CT: 0.2 ms]
   [Other: 1.3 ms]
      [Choose CSet: 0.0 ms]
      [Ref Proc: 0.4 ms]
      [Ref Enq: 0.0 ms]
      [Redirty Cards: 0.2 ms]
      [Humongous Register: 0.0 ms]
      [Humongous Reclaim: 0.0 ms]
      [Free CSet: 0.4 ms]
   [Eden: 452.0M(452.0M)->0.0B(609.0M) Survivors: 6144.0K->5120.0K Heap: 457.5M(1024.0M)->5120.0K(1024.0M)]
 [Times: user=0.02 sys=0.01, real=0.01 secs] 
2020-01-10T13:09:32.307+0000: 3.136: Total time for which application threads were stopped: 0.0086549 seconds, Stopping threads took: 0.0000555 seconds
2020-01-10T13:09:33.278+0000: 4.108: Total time for which application threads were stopped: 0.0003032 seconds, Stopping threads took: 0.0001317 seconds
2020-01-10T13:09:34.044+0000: 4.874: Total time for which application threads were stopped: 0.0001282 seconds, Stopping threads took: 0.0000561 seconds
2020-01-10T13:09:34.213+0000: 5.043: [GC pause (G1 Evacuation Pause) (young)
Desired survivor size 40370176 bytes, new threshold 15 (max 15)
- age   1:    1271552 bytes,    1271552 total
- age   2:     873232 bytes,    2144784 total
- age   3:    1418808 bytes,    3563592 total
, 0.0110727 secs]
   [Parallel Time: 9.4 ms, GC Workers: 4]
      [GC Worker Start (ms): Min: 5042.9, Avg: 5042.9, Max: 5043.0, Diff: 0.1]
      [Ext Root Scanning (ms): Min: 0.6, Avg: 0.8, Max: 1.4, Diff: 0.8, Sum: 3.2]
      [Update RS (ms): Min: 0.0, Avg: 0.0, Max: 0.0, Diff: 0.0, Sum: 0.0]
         [Processed Buffers: Min: 0, Avg: 0.0, Max: 0, Diff: 0, Sum: 0]
      [Scan RS (ms): Min: 0.2, Avg: 0.2, Max: 0.3, Diff: 0.1, Sum: 0.9]
      [Code Root Scanning (ms): Min: 0.0, Avg: 0.4, Max: 0.9, Diff: 0.9, Sum: 1.7]
      [Object Copy (ms): Min: 6.8, Avg: 7.7, Max: 8.4, Diff: 1.6, Sum: 30.8]
      [Termination (ms): Min: 0.0, Avg: 0.0, Max: 0.0, Diff: 0.0, Sum: 0.0]
         [Termination Attempts: Min: 1, Avg: 1.0, Max: 1, Diff: 0, Sum: 4]
      [GC Worker Other (ms): Min: 0.0, Avg: 0.1, Max: 0.1, Diff: 0.1, Sum: 0.2]
      [GC Worker Total (ms): Min: 9.1, Avg: 9.2, Max: 9.3, Diff: 0.2, Sum: 36.9]
      [GC Worker End (ms): Min: 5052.1, Avg: 5052.2, Max: 5052.2, Diff: 0.1]
   [Code Root Fixup: 0.0 ms]
   [Code Root Purge: 0.0 ms]
   [Clear CT: 0.2 ms]
   [Other: 1.4 ms]
      [Choose CSet: 0.0 ms]
      [Ref Proc: 0.2 ms]
      [Ref Enq: 0.0 ms]
      [Redirty Cards: 0.1 ms]
      [Humongous Register: 0.1 ms]
      [Humongous Reclaim: 0.0 ms]
      [Free CSet: 0.7 ms]
   [Eden: 609.0M(609.0M)->0.0B(608.0M) Survivors: 5120.0K->6144.0K Heap: 614.0M(1024.0M)->6144.0K(1024.0M)]
 [Times: user=0.03 sys=0.00, real=0.01 secs] 
2020-01-10T13:09:34.224+0000: 5.054: Total time for which application threads were stopped: 0.0113568 seconds, Stopping threads took: 0.0000579 seconds
2020-01-10T13:09:34.225+0000: 5.054: Total time for which application threads were stopped: 0.0000747 seconds, Stopping threads took: 0.0000294 seconds
2020-01-10T13:09:34.225+0000: 5.054: Total time for which application threads were stopped: 0.0000515 seconds, Stopping threads took: 0.0000204 seconds
2020-01-10T13:09:34.225+0000: 5.054: Total time for which application threads were stopped: 0.0001026 seconds, Stopping threads took: 0.0000533 seconds
2020-01-10T13:09:34.225+0000: 5.055: Total time for which application threads were stopped: 0.0000465 seconds, Stopping threads took: 0.0000206 seconds
2020-01-10T13:09:34.225+0000: 5.055: Total time for which application threads were stopped: 0.0000447 seconds, Stopping threads took: 0.0000206 seconds
2020-01-10T13:09:34.225+0000: 5.055: Total time for which application threads were stopped: 0.0000563 seconds, Stopping threads took: 0.0000160 seconds
2020-01-10T13:09:34.225+0000: 5.055: Total time for which application threads were stopped: 0.0000596 seconds, Stopping threads took: 0.0000162 seconds
2020-01-10T13:09:34.225+0000: 5.055: Total time for which application threads were stopped: 0.0000402 seconds, Stopping threads took: 0.0000157 seconds
2020-01-10T13:09:34.225+0000: 5.055: Total time for which application threads were stopped: 0.0000709 seconds, Stopping threads took: 0.0000402 seconds
2020-01-10T13:09:34.226+0000: 5.055: Total time for which application threads were stopped: 0.0000845 seconds, Stopping threads took: 0.0000528 seconds
2020-01-10T13:09:34.226+0000: 5.055: Total time for which application threads were stopped: 0.0000967 seconds, Stopping threads took: 0.0000654 seconds
2020-01-10T13:09:34.226+0000: 5.055: Total time for which application threads were stopped: 0.0000794 seconds, Stopping threads took: 0.0000460 seconds
2020-01-10T13:09:34.226+0000: 5.056: Total time for which application threads were stopped: 0.0000733 seconds, Stopping threads took: 0.0000436 seconds
2020-01-10T13:09:34.226+0000: 5.056: Total time for which application threads were stopped: 0.0000494 seconds, Stopping threads took: 0.0000249 seconds
2020-01-10T13:09:34.226+0000: 5.056: Total time for which application threads were stopped: 0.0001063 seconds, Stopping threads took: 0.0000632 seconds
2020-01-10T13:09:34.226+0000: 5.056: Total time for which application threads were stopped: 0.0000625 seconds, Stopping threads took: 0.0000378 seconds
2020-01-10T13:09:34.226+0000: 5.056: Total time for which application threads were stopped: 0.0000702 seconds, Stopping threads took: 0.0000403 seconds
2020-01-10T13:09:34.227+0000: 5.056: Total time for which application threads were stopped: 0.0000543 seconds, Stopping threads took: 0.0000236 seconds
2020-01-10T13:09:34.227+0000: 5.056: Total time for which application threads were stopped: 0.0001258 seconds, Stopping threads took: 0.0000847 seconds
2020-01-10T13:09:34.227+0000: 5.056: Total time for which application threads were stopped: 0.0000611 seconds, Stopping threads took: 0.0000313 seconds
2020-01-10T13:09:34.227+0000: 5.056: Total time for which application threads were stopped: 0.0000476 seconds, Stopping threads took: 0.0000230 seconds
2020-01-10T13:09:34.227+0000: 5.057: Total time for which application threads were stopped: 0.0000849 seconds, Stopping threads took: 0.0000553 seconds
2020-01-10T13:09:34.227+0000: 5.057: Total time for which application threads were stopped: 0.0000594 seconds, Stopping threads took: 0.0000301 seconds
2020-01-10T13:09:34.227+0000: 5.057: Total time for which application threads were stopped: 0.0000984 seconds, Stopping threads took: 0.0000605 seconds
2020-01-10T13:09:34.227+0000: 5.057: Total time for which application threads were stopped: 0.0000541 seconds, Stopping threads took: 0.0000235 seconds
2020-01-10T13:09:34.227+0000: 5.057: Total time for which application threads were stopped: 0.0000819 seconds, Stopping threads took: 0.0000482 seconds
2020-01-10T13:09:34.228+0000: 5.057: Total time for which application threads were stopped: 0.0000493 seconds, Stopping threads took: 0.0000227 seconds
2020-01-10T13:09:34.228+0000: 5.057: Total time for which application threads were stopped: 0.0000943 seconds, Stopping threads took: 0.0000642 seconds
2020-01-10T13:09:34.228+0000: 5.057: Total time for which application threads were stopped: 0.0000802 seconds, Stopping threads took: 0.0000441 seconds
2020-01-10T13:09:34.228+0000: 5.057: Total time for which application threads were stopped: 0.0000645 seconds, Stopping threads took: 0.0000349 seconds
2020-01-10T13:09:34.228+0000: 5.058: Total time for which application threads were stopped: 0.0000792 seconds, Stopping threads took: 0.0000502 seconds
2020-01-10T13:09:34.228+0000: 5.058: Total time for which application threads were stopped: 0.0000715 seconds, Stopping threads took: 0.0000442 seconds
2020-01-10T13:09:34.228+0000: 5.058: Total time for which application threads were stopped: 0.0000971 seconds, Stopping threads took: 0.0000660 seconds
2020-01-10T13:09:34.228+0000: 5.058: Total time for which application threads were stopped: 0.0000739 seconds, Stopping threads took: 0.0000443 seconds
2020-01-10T13:09:34.228+0000: 5.058: Total time for which application threads were stopped: 0.0000642 seconds, Stopping threads took: 0.0000415 seconds
2020-01-10T13:09:34.229+0000: 5.058: Total time for which application threads were stopped: 0.0000890 seconds, Stopping threads took: 0.0000589 seconds
2020-01-10T13:09:34.229+0000: 5.058: Total time for which application threads were stopped: 0.0000741 seconds, Stopping threads took: 0.0000449 seconds
2020-01-10T13:09:34.229+0000: 5.058: Total time for which application threads were stopped: 0.0000404 seconds, Stopping threads took: 0.0000162 seconds
2020-01-10T13:09:34.229+0000: 5.058: Total time for which application threads were stopped: 0.0000892 seconds, Stopping threads took: 0.0000593 seconds
2020-01-10T13:09:34.229+0000: 5.059: Total time for which application threads were stopped: 0.0000785 seconds, Stopping threads took: 0.0000436 seconds
2020-01-10T13:09:35.229+0000: 6.059: Total time for which application threads were stopped: 0.0002350 seconds, Stopping threads took: 0.0001427 seconds
2020-01-10T13:09:35.768+0000: 6.597: [GC pause (G1 Evacuation Pause) (young)
Desired survivor size 40370176 bytes, new threshold 15 (max 15)
- age   1:    1409256 bytes,    1409256 total
- age   2:    1189400 bytes,    2598656 total
- age   3:     869904 bytes,    3468560 total
- age   4:    1417768 bytes,    4886328 total
, 0.0110211 secs]
   [Parallel Time: 9.1 ms, GC Workers: 4]
      [GC Worker Start (ms): Min: 6597.6, Avg: 6597.7, Max: 6597.7, Diff: 0.1]
      [Ext Root Scanning (ms): Min: 0.5, Avg: 0.7, Max: 1.0, Diff: 0.5, Sum: 2.6]
      [Update RS (ms): Min: 0.0, Avg: 0.0, Max: 0.0, Diff: 0.0, Sum: 0.0]
         [Processed Buffers: Min: 0, Avg: 0.0, Max: 0, Diff: 0, Sum: 0]
      [Scan RS (ms): Min: 0.1, Avg: 0.2, Max: 0.3, Diff: 0.2, Sum: 0.8]
      [Code Root Scanning (ms): Min: 0.0, Avg: 0.4, Max: 0.7, Diff: 0.7, Sum: 1.4]
      [Object Copy (ms): Min: 7.3, Avg: 7.6, Max: 8.1, Diff: 0.8, Sum: 30.4]
      [Termination (ms): Min: 0.0, Avg: 0.0, Max: 0.0, Diff: 0.0, Sum: 0.0]
         [Termination Attempts: Min: 1, Avg: 6.5, Max: 13, Diff: 12, Sum: 26]
      [GC Worker Other (ms): Min: 0.0, Avg: 0.0, Max: 0.1, Diff: 0.1, Sum: 0.2]
      [GC Worker Total (ms): Min: 8.8, Avg: 8.9, Max: 8.9, Diff: 0.1, Sum: 35.5]
      [GC Worker End (ms): Min: 6606.5, Avg: 6606.5, Max: 6606.6, Diff: 0.1]
   [Code Root Fixup: 0.1 ms]
   [Code Root Purge: 0.0 ms]
   [Clear CT: 0.2 ms]
   [Other: 1.6 ms]
      [Choose CSet: 0.0 ms]
      [Ref Proc: 0.2 ms]
      [Ref Enq: 0.0 ms]
      [Redirty Cards: 0.1 ms]
      [Humongous Register: 0.0 ms]
      [Humongous Reclaim: 0.0 ms]
      [Free CSet: 1.0 ms]
   [Eden: 608.0M(608.0M)->0.0B(606.0M) Survivors: 6144.0K->8192.0K Heap: 614.0M(1024.0M)->7680.0K(1024.0M)]
 [Times: user=0.04 sys=0.00, real=0.01 secs] 
2020-01-10T13:09:35.779+0000: 6.609: Total time for which application threads were stopped: 0.0112912 seconds, Stopping threads took: 0.0000486 seconds
2020-01-10T13:09:35.779+0000: 6.609: Total time for which application threads were stopped: 0.0001445 seconds, Stopping threads took: 0.0000806 seconds
2020-01-10T13:09:35.780+0000: 6.609: Total time for which application threads were stopped: 0.0000718 seconds, Stopping threads took: 0.0000399 seconds
2020-01-10T13:09:35.780+0000: 6.609: Total time for which application threads were stopped: 0.0000695 seconds, Stopping threads took: 0.0000441 seconds
2020-01-10T13:09:35.780+0000: 6.609: Total time for which application threads were stopped: 0.0000823 seconds, Stopping threads took: 0.0000456 seconds
2020-01-10T13:09:35.780+0000: 6.609: Total time for which application threads were stopped: 0.0000514 seconds, Stopping threads took: 0.0000242 seconds
2020-01-10T13:09:35.780+0000: 6.610: Total time for which application threads were stopped: 0.0000676 seconds, Stopping threads took: 0.0000382 seconds
2020-01-10T13:09:35.780+0000: 6.610: Total time for which application threads were stopped: 0.0000411 seconds, Stopping threads took: 0.0000179 seconds
2020-01-10T13:09:35.780+0000: 6.610: Total time for which application threads were stopped: 0.0000520 seconds, Stopping threads took: 0.0000236 seconds
2020-01-10T13:09:35.780+0000: 6.610: Total time for which application threads were stopped: 0.0000695 seconds, Stopping threads took: 0.0000388 seconds
2020-01-10T13:09:35.780+0000: 6.610: Total time for which application threads were stopped: 0.0000430 seconds, Stopping threads took: 0.0000172 seconds
2020-01-10T13:09:35.780+0000: 6.610: Total time for which application threads were stopped: 0.0000864 seconds, Stopping threads took: 0.0000575 seconds
2020-01-10T13:09:35.781+0000: 6.610: Total time for which application threads were stopped: 0.0000631 seconds, Stopping threads took: 0.0000309 seconds
2020-01-10T13:09:35.781+0000: 6.610: Total time for which application threads were stopped: 0.0000963 seconds, Stopping threads took: 0.0000577 seconds
2020-01-10T13:09:35.781+0000: 6.610: Total time for which application threads were stopped: 0.0000901 seconds, Stopping threads took: 0.0000542 seconds
2020-01-10T13:09:35.781+0000: 6.611: Total time for which application threads were stopped: 0.0000961 seconds, Stopping threads took: 0.0000603 seconds
2020-01-10T13:09:35.781+0000: 6.611: Total time for which application threads were stopped: 0.0001028 seconds, Stopping threads took: 0.0000714 seconds
2020-01-10T13:09:35.781+0000: 6.611: Total time for which application threads were stopped: 0.0000979 seconds, Stopping threads took: 0.0000499 seconds
2020-01-10T13:09:35.781+0000: 6.611: Total time for which application threads were stopped: 0.0000671 seconds, Stopping threads took: 0.0000366 seconds
2020-01-10T13:09:35.781+0000: 6.611: Total time for which application threads were stopped: 0.0000539 seconds, Stopping threads took: 0.0000253 seconds
2020-01-10T13:09:35.782+0000: 6.611: Total time for which application threads were stopped: 0.0000850 seconds, Stopping threads took: 0.0000534 seconds
2020-01-10T13:09:35.782+0000: 6.611: Total time for which application threads were stopped: 0.0000872 seconds, Stopping threads took: 0.0000541 seconds
2020-01-10T13:09:35.782+0000: 6.611: Total time for which application threads were stopped: 0.0000630 seconds, Stopping threads took: 0.0000394 seconds
2020-01-10T13:09:35.782+0000: 6.611: Total time for which application threads were stopped: 0.0000671 seconds, Stopping threads took: 0.0000381 seconds
2020-01-10T13:09:35.782+0000: 6.612: Total time for which application threads were stopped: 0.0000454 seconds, Stopping threads took: 0.0000229 seconds
2020-01-10T13:09:36.225+0000: 7.055: Total time for which application threads were stopped: 0.0004208 seconds, Stopping threads took: 0.0000653 seconds
2020-01-10T13:09:36.294+0000: 7.123: Total time for which application threads were stopped: 0.0002192 seconds, Stopping threads took: 0.0000757 seconds
2020-01-10T13:09:36.325+0000: 7.155: Total time for which application threads were stopped: 0.0001847 seconds, Stopping threads took: 0.0000425 seconds
2020-01-10T13:09:36.345+0000: 7.175: Total time for which application threads were stopped: 0.0002119 seconds, Stopping threads took: 0.0001385 seconds
2020-01-10T13:09:36.478+0000: 7.307: Total time for which application threads were stopped: 0.0001462 seconds, Stopping threads took: 0.0000701 seconds
2020-01-10T13:09:36.481+0000: 7.310: Total time for which application threads were stopped: 0.0002334 seconds, Stopping threads took: 0.0000584 seconds
2020-01-10T13:09:36.484+0000: 7.314: Total time for which application threads were stopped: 0.0001854 seconds, Stopping threads took: 0.0000511 seconds
2020-01-10T13:09:36.487+0000: 7.317: Total time for which application threads were stopped: 0.0001650 seconds, Stopping threads took: 0.0000512 seconds
2020-01-10T13:09:36.817+0000: 7.647: Total time for which application threads were stopped: 0.0001694 seconds, Stopping threads took: 0.0000487 seconds
2020-01-10T13:09:37.110+0000: 7.940: [GC pause (Metadata GC Threshold) (young) (initial-mark)
Desired survivor size 40370176 bytes, new threshold 15 (max 15)
- age   1:    1553592 bytes,    1553592 total
- age   2:    1381880 bytes,    2935472 total
- age   3:    1186472 bytes,    4121944 total
- age   4:     851224 bytes,    4973168 total
- age   5:    1417768 bytes,    6390936 total
, 0.0345417 secs]
   [Parallel Time: 30.2 ms, GC Workers: 4]
      [GC Worker Start (ms): Min: 7939.8, Avg: 7939.9, Max: 7940.0, Diff: 0.1]
      [Ext Root Scanning (ms): Min: 0.6, Avg: 1.2, Max: 2.3, Diff: 1.7, Sum: 4.7]
      [Update RS (ms): Min: 0.0, Avg: 0.0, Max: 0.0, Diff: 0.0, Sum: 0.0]
         [Processed Buffers: Min: 0, Avg: 0.0, Max: 0, Diff: 0, Sum: 0]
      [Scan RS (ms): Min: 0.1, Avg: 0.1, Max: 0.2, Diff: 0.1, Sum: 0.6]
      [Code Root Scanning (ms): Min: 0.4, Avg: 0.8, Max: 1.2, Diff: 0.8, Sum: 3.2]
      [Object Copy (ms): Min: 27.0, Avg: 27.8, Max: 28.5, Diff: 1.5, Sum: 111.3]
      [Termination (ms): Min: 0.0, Avg: 0.0, Max: 0.0, Diff: 0.0, Sum: 0.1]
         [Termination Attempts: Min: 1, Avg: 48.5, Max: 76, Diff: 75, Sum: 194]
      [GC Worker Other (ms): Min: 0.0, Avg: 0.0, Max: 0.1, Diff: 0.0, Sum: 0.1]
      [GC Worker Total (ms): Min: 30.0, Avg: 30.0, Max: 30.1, Diff: 0.1, Sum: 120.1]
      [GC Worker End (ms): Min: 7969.9, Avg: 7969.9, Max: 7970.0, Diff: 0.0]
   [Code Root Fixup: 0.1 ms]
   [Code Root Purge: 0.0 ms]
   [Clear CT: 0.2 ms]
   [Other: 4.0 ms]
      [Choose CSet: 0.0 ms]
      [Ref Proc: 2.9 ms]
      [Ref Enq: 0.0 ms]
      [Redirty Cards: 0.2 ms]
      [Humongous Register: 0.0 ms]
      [Humongous Reclaim: 0.0 ms]
      [Free CSet: 0.6 ms]
   [Eden: 502.0M(606.0M)->0.0B(579.0M) Survivors: 8192.0K->35840.0K Heap: 509.0M(1024.0M)->35328.0K(1024.0M)]
 [Times: user=0.13 sys=0.00, real=0.03 secs] 
2020-01-10T13:09:37.145+0000: 7.974: [GC concurrent-root-region-scan-start]
2020-01-10T13:09:37.145+0000: 7.974: Total time for which application threads were stopped: 0.0354257 seconds, Stopping threads took: 0.0004826 seconds
2020-01-10T13:09:37.155+0000: 7.984: Total time for which application threads were stopped: 0.0002702 seconds, Stopping threads took: 0.0001770 seconds
2020-01-10T13:09:37.156+0000: 7.985: Total time for which application threads were stopped: 0.0005252 seconds, Stopping threads took: 0.0004072 seconds
2020-01-10T13:09:37.156+0000: 7.985: [GC concurrent-root-region-scan-end, 0.0108488 secs]
2020-01-10T13:09:37.156+0000: 7.985: [GC concurrent-mark-start]
2020-01-10T13:09:37.156+0000: 7.986: Total time for which application threads were stopped: 0.0002405 seconds, Stopping threads took: 0.0001759 seconds
2020-01-10T13:09:37.159+0000: 7.989: Total time for which application threads were stopped: 0.0002314 seconds, Stopping threads took: 0.0001715 seconds
2020-01-10T13:09:37.161+0000: 7.991: Total time for which application threads were stopped: 0.0001063 seconds, Stopping threads took: 0.0000618 seconds
2020-01-10T13:09:37.162+0000: 7.991: Total time for which application threads were stopped: 0.0001154 seconds, Stopping threads took: 0.0000681 seconds
2020-01-10T13:09:37.162+0000: 7.991: Total time for which application threads were stopped: 0.0001128 seconds, Stopping threads took: 0.0000724 seconds
2020-01-10T13:09:37.162+0000: 7.992: Total time for which application threads were stopped: 0.0000625 seconds, Stopping threads took: 0.0000325 seconds
2020-01-10T13:09:37.162+0000: 7.992: Total time for which application threads were stopped: 0.0000635 seconds, Stopping threads took: 0.0000338 seconds
2020-01-10T13:09:37.162+0000: 7.992: Total time for which application threads were stopped: 0.0000677 seconds, Stopping threads took: 0.0000344 seconds
2020-01-10T13:09:37.163+0000: 7.993: Total time for which application threads were stopped: 0.0001249 seconds, Stopping threads took: 0.0000744 seconds
2020-01-10T13:09:37.163+0000: 7.993: [GC concurrent-mark-end, 0.0077290 secs]
2020-01-10T13:09:37.163+0000: 7.993: Total time for which application threads were stopped: 0.0000741 seconds, Stopping threads took: 0.0000393 seconds
2020-01-10T13:09:37.163+0000: 7.993: [GC remark 2020-01-10T13:09:37.163+0000: 7.993: [Finalize Marking, 0.0001934 secs] 2020-01-10T13:09:37.164+0000: 7.993: [GC ref-proc, 0.0002424 secs] 2020-01-10T13:09:37.164+0000: 7.994: [Unloading, 0.0037448 secs], 0.0046203 secs]
 [Times: user=0.02 sys=0.00, real=0.00 secs] 
2020-01-10T13:09:37.168+0000: 7.998: Total time for which application threads were stopped: 0.0047481 seconds, Stopping threads took: 0.0000427 seconds
2020-01-10T13:09:37.168+0000: 7.998: Total time for which application threads were stopped: 0.0001434 seconds, Stopping threads took: 0.0000983 seconds
2020-01-10T13:09:37.169+0000: 7.998: [GC cleanup 36865K->36865K(1024M), 0.0011827 secs]
 [Times: user=0.01 sys=0.00, real=0.01 secs] 
2020-01-10T13:09:37.170+0000: 7.999: Total time for which application threads were stopped: 0.0013477 seconds, Stopping threads took: 0.0000505 seconds
2020-01-10T13:09:37.170+0000: 8.000: Total time for which application threads were stopped: 0.0001011 seconds, Stopping threads took: 0.0000596 seconds
2020-01-10T13:09:37.170+0000: 8.000: Total time for which application threads were stopped: 0.0000725 seconds, Stopping threads took: 0.0000328 seconds
2020-01-10T13:09:37.351+0000: 8.180: Total time for which application threads were stopped: 0.0004315 seconds, Stopping threads took: 0.0002551 seconds
2020-01-10T13:09:37.469+0000: 8.299: Total time for which application threads were stopped: 0.0004897 seconds, Stopping threads took: 0.0000646 seconds
2020-01-10T13:09:37.537+0000: 8.367: Total time for which application threads were stopped: 0.0004523 seconds, Stopping threads took: 0.0000684 seconds
2020-01-10T13:09:37.584+0000: 8.413: Total time for which application threads were stopped: 0.0004629 seconds, Stopping threads took: 0.0000662 seconds
2020-01-10T13:09:37.917+0000: 8.747: Total time for which application threads were stopped: 0.0005321 seconds, Stopping threads took: 0.0001100 seconds
2020-01-10T13:09:37.917+0000: 8.747: Total time for which application threads were stopped: 0.0002087 seconds, Stopping threads took: 0.0000920 seconds
2020-01-10T13:09:37.918+0000: 8.747: Total time for which application threads were stopped: 0.0001861 seconds, Stopping threads took: 0.0000445 seconds
2020-01-10T13:09:38.062+0000: 8.891: Total time for which application threads were stopped: 0.0002661 seconds, Stopping threads took: 0.0000960 seconds
2020-01-10T13:09:38.367+0000: 9.197: Total time for which application threads were stopped: 0.0004497 seconds, Stopping threads took: 0.0000690 seconds
2020-01-10T13:09:38.414+0000: 9.244: Total time for which application threads were stopped: 0.0004326 seconds, Stopping threads took: 0.0000654 seconds
2020-01-10T13:09:38.478+0000: 9.307: Total time for which application threads were stopped: 0.0004268 seconds, Stopping threads took: 0.0000681 seconds
2020-01-10T13:09:38.785+0000: 9.614: Total time for which application threads were stopped: 0.0004663 seconds, Stopping threads took: 0.0000731 seconds
2020-01-10T13:09:38.830+0000: 9.660: Total time for which application threads were stopped: 0.0004316 seconds, Stopping threads took: 0.0000613 seconds
2020-01-10T13:09:38.905+0000: 9.735: Total time for which application threads were stopped: 0.0002604 seconds, Stopping threads took: 0.0000730 seconds
2020-01-10T13:09:38.954+0000: 9.783: Total time for which application threads were stopped: 0.0004890 seconds, Stopping threads took: 0.0000818 seconds
2020-01-10T13:09:39.261+0000: 10.091: Total time for which application threads were stopped: 0.0003315 seconds, Stopping threads took: 0.0000824 seconds
2020-01-10T13:09:39.576+0000: 10.406: Total time for which application threads were stopped: 0.0005728 seconds, Stopping threads took: 0.0000635 seconds
2020-01-10T13:09:39.712+0000: 10.541: [GC pause (G1 Evacuation Pause) (young)
Desired survivor size 40370176 bytes, new threshold 15 (max 15)
- age   1:   23991432 bytes,   23991432 total
- age   2:     345512 bytes,   24336944 total
- age   3:    1381528 bytes,   25718472 total
- age   4:    1181216 bytes,   26899688 total
- age   5:     845864 bytes,   27745552 total
- age   6:    1373664 bytes,   29119216 total
, 0.0440823 secs]
   [Parallel Time: 34.1 ms, GC Workers: 4]
      [GC Worker Start (ms): Min: 10541.3, Avg: 10541.3, Max: 10541.4, Diff: 0.1]
      [Ext Root Scanning (ms): Min: 0.7, Avg: 1.5, Max: 2.3, Diff: 1.6, Sum: 6.0]
      [Update RS (ms): Min: 0.0, Avg: 0.0, Max: 0.0, Diff: 0.0, Sum: 0.0]
         [Processed Buffers: Min: 0, Avg: 0.0, Max: 0, Diff: 0, Sum: 0]
      [Scan RS (ms): Min: 0.1, Avg: 0.2, Max: 0.2, Diff: 0.1, Sum: 0.6]
      [Code Root Scanning (ms): Min: 0.5, Avg: 1.4, Max: 2.3, Diff: 1.8, Sum: 5.5]
      [Object Copy (ms): Min: 30.6, Avg: 30.8, Max: 31.1, Diff: 0.5, Sum: 123.4]
      [Termination (ms): Min: 0.0, Avg: 0.0, Max: 0.0, Diff: 0.0, Sum: 0.0]
         [Termination Attempts: Min: 1, Avg: 1.0, Max: 1, Diff: 0, Sum: 4]
      [GC Worker Other (ms): Min: 0.0, Avg: 0.1, Max: 0.1, Diff: 0.1, Sum: 0.2]
      [GC Worker Total (ms): Min: 33.9, Avg: 33.9, Max: 34.0, Diff: 0.1, Sum: 135.6]
      [GC Worker End (ms): Min: 10575.2, Avg: 10575.3, Max: 10575.3, Diff: 0.1]
   [Code Root Fixup: 0.2 ms]
   [Code Root Purge: 0.0 ms]
   [Clear CT: 0.3 ms]
   [Other: 9.4 ms]
      [Choose CSet: 0.0 ms]
      [Ref Proc: 8.3 ms]
      [Ref Enq: 0.0 ms]
      [Redirty Cards: 0.1 ms]
      [Humongous Register: 0.1 ms]
      [Humongous Reclaim: 0.0 ms]
      [Free CSet: 0.7 ms]
   [Eden: 579.0M(579.0M)->0.0B(577.0M) Survivors: 35840.0K->37888.0K Heap: 613.5M(1024.0M)->37376.0K(1024.0M)]
 [Times: user=0.12 sys=0.03, real=0.04 secs] 
2020-01-10T13:09:39.756+0000: 10.585: Total time for which application threads were stopped: 0.0444260 seconds, Stopping threads took: 0.0000589 seconds
2020-01-10T13:09:39.757+0000: 10.586: Total time for which application threads were stopped: 0.0002686 seconds, Stopping threads took: 0.0001314 seconds
2020-01-10T13:09:39.761+0000: 10.591: Total time for which application threads were stopped: 0.0002028 seconds, Stopping threads took: 0.0000936 seconds
2020-01-10T13:09:39.762+0000: 10.591: Total time for which application threads were stopped: 0.0001203 seconds, Stopping threads took: 0.0000399 seconds
2020-01-10T13:09:39.762+0000: 10.591: Total time for which application threads were stopped: 0.0001533 seconds, Stopping threads took: 0.0000876 seconds
2020-01-10T13:09:39.762+0000: 10.592: Total time for which application threads were stopped: 0.0001074 seconds, Stopping threads took: 0.0000434 seconds
2020-01-10T13:09:39.762+0000: 10.592: Total time for which application threads were stopped: 0.0001016 seconds, Stopping threads took: 0.0000365 seconds
2020-01-10T13:09:39.762+0000: 10.592: Total time for which application threads were stopped: 0.0001827 seconds, Stopping threads took: 0.0001028 seconds
2020-01-10T13:09:39.762+0000: 10.592: Total time for which application threads were stopped: 0.0001148 seconds, Stopping threads took: 0.0000512 seconds
2020-01-10T13:09:39.763+0000: 10.592: Total time for which application threads were stopped: 0.0001086 seconds, Stopping threads took: 0.0000458 seconds
2020-01-10T13:09:39.763+0000: 10.592: Total time for which application threads were stopped: 0.0000889 seconds, Stopping threads took: 0.0000282 seconds
2020-01-10T13:09:39.763+0000: 10.593: Total time for which application threads were stopped: 0.0001306 seconds, Stopping threads took: 0.0000540 seconds
2020-01-10T13:09:39.763+0000: 10.593: Total time for which application threads were stopped: 0.0001509 seconds, Stopping threads took: 0.0000870 seconds
2020-01-10T13:09:39.763+0000: 10.593: Total time for which application threads were stopped: 0.0001436 seconds, Stopping threads took: 0.0000784 seconds
2020-01-10T13:09:39.764+0000: 10.593: Total time for which application threads were stopped: 0.0001345 seconds, Stopping threads took: 0.0000751 seconds
2020-01-10T13:09:39.764+0000: 10.593: Total time for which application threads were stopped: 0.0001205 seconds, Stopping threads took: 0.0000516 seconds
2020-01-10T13:09:39.764+0000: 10.593: Total time for which application threads were stopped: 0.0001245 seconds, Stopping threads took: 0.0000604 seconds
2020-01-10T13:09:39.764+0000: 10.594: Total time for which application threads were stopped: 0.0000830 seconds, Stopping threads took: 0.0000259 seconds
2020-01-10T13:09:39.764+0000: 10.594: Total time for which application threads were stopped: 0.0001631 seconds, Stopping threads took: 0.0000889 seconds
2020-01-10T13:09:39.764+0000: 10.594: Total time for which application threads were stopped: 0.0001247 seconds, Stopping threads took: 0.0000627 seconds
2020-01-10T13:09:39.765+0000: 10.594: Total time for which application threads were stopped: 0.0001429 seconds, Stopping threads took: 0.0000665 seconds
2020-01-10T13:09:39.766+0000: 10.595: Total time for which application threads were stopped: 0.0002506 seconds, Stopping threads took: 0.0001494 seconds
2020-01-10T13:09:39.766+0000: 10.596: Total time for which application threads were stopped: 0.0001757 seconds, Stopping threads took: 0.0000976 seconds
2020-01-10T13:09:40.073+0000: 10.903: Total time for which application threads were stopped: 0.0006410 seconds, Stopping threads took: 0.0000927 seconds
2020-01-10T13:09:40.245+0000: 11.075: Total time for which application threads were stopped: 0.0005360 seconds, Stopping threads took: 0.0000646 seconds
2020-01-10T13:09:40.424+0000: 11.254: Total time for which application threads were stopped: 0.0005651 seconds, Stopping threads took: 0.0000718 seconds
2020-01-10T13:09:40.436+0000: 11.265: [GC pause (Metadata GC Threshold) (young) (initial-mark)
Desired survivor size 40370176 bytes, new threshold 15 (max 15)
- age   1:    4044280 bytes,    4044280 total
- age   2:   22747160 bytes,   26791440 total
- age   3:     345432 bytes,   27136872 total
- age   4:    1381320 bytes,   28518192 total
- age   5:    1180920 bytes,   29699112 total
- age   6:     838128 bytes,   30537240 total
- age   7:    1355016 bytes,   31892256 total
, 0.0315037 secs]
   [Parallel Time: 28.7 ms, GC Workers: 4]
      [GC Worker Start (ms): Min: 11265.4, Avg: 11265.4, Max: 11265.5, Diff: 0.1]
      [Ext Root Scanning (ms): Min: 1.1, Avg: 1.6, Max: 2.0, Diff: 1.0, Sum: 6.3]
      [Update RS (ms): Min: 0.0, Avg: 0.0, Max: 0.0, Diff: 0.0, Sum: 0.0]
         [Processed Buffers: Min: 0, Avg: 0.0, Max: 0, Diff: 0, Sum: 0]
      [Scan RS (ms): Min: 0.0, Avg: 0.0, Max: 0.1, Diff: 0.1, Sum: 0.2]
      [Code Root Scanning (ms): Min: 0.1, Avg: 1.4, Max: 2.0, Diff: 1.8, Sum: 5.6]
      [Object Copy (ms): Min: 24.8, Avg: 25.5, Max: 26.4, Diff: 1.6, Sum: 102.1]
      [Termination (ms): Min: 0.0, Avg: 0.0, Max: 0.0, Diff: 0.0, Sum: 0.0]
         [Termination Attempts: Min: 1, Avg: 3.5, Max: 6, Diff: 5, Sum: 14]
      [GC Worker Other (ms): Min: 0.0, Avg: 0.0, Max: 0.0, Diff: 0.0, Sum: 0.1]
      [GC Worker Total (ms): Min: 28.5, Avg: 28.6, Max: 28.6, Diff: 0.1, Sum: 114.3]
      [GC Worker End (ms): Min: 11294.0, Avg: 11294.0, Max: 11294.0, Diff: 0.0]
   [Code Root Fixup: 0.2 ms]
   [Code Root Purge: 0.0 ms]
   [Clear CT: 0.2 ms]
   [Other: 2.4 ms]
      [Choose CSet: 0.0 ms]
      [Ref Proc: 1.6 ms]
      [Ref Enq: 0.0 ms]
      [Redirty Cards: 0.1 ms]
      [Humongous Register: 0.0 ms]
      [Humongous Reclaim: 0.0 ms]
      [Free CSet: 0.3 ms]
   [Eden: 155.0M(577.0M)->0.0B(579.0M) Survivors: 37888.0K->35840.0K Heap: 191.0M(1024.0M)->35840.0K(1024.0M)]
 [Times: user=0.18 sys=0.00, real=0.03 secs] 
2020-01-10T13:09:40.467+0000: 11.297: [GC concurrent-root-region-scan-start]
2020-01-10T13:09:40.467+0000: 11.297: Total time for which application threads were stopped: 0.0318674 seconds, Stopping threads took: 0.0000487 seconds
2020-01-10T13:09:40.478+0000: 11.308: Total time for which application threads were stopped: 0.0002453 seconds, Stopping threads took: 0.0001055 seconds
2020-01-10T13:09:40.479+0000: 11.308: Total time for which application threads were stopped: 0.0001520 seconds, Stopping threads took: 0.0000771 seconds
2020-01-10T13:09:40.479+0000: 11.308: Total time for which application threads were stopped: 0.0001081 seconds, Stopping threads took: 0.0000366 seconds
2020-01-10T13:09:40.479+0000: 11.308: Total time for which application threads were stopped: 0.0001073 seconds, Stopping threads took: 0.0000362 seconds
2020-01-10T13:09:40.479+0000: 11.309: Total time for which application threads were stopped: 0.0001068 seconds, Stopping threads took: 0.0000363 seconds
2020-01-10T13:09:40.479+0000: 11.309: Total time for which application threads were stopped: 0.0001090 seconds, Stopping threads took: 0.0000363 seconds
2020-01-10T13:09:40.479+0000: 11.309: Total time for which application threads were stopped: 0.0001056 seconds, Stopping threads took: 0.0000363 seconds
2020-01-10T13:09:40.479+0000: 11.309: Total time for which application threads were stopped: 0.0001044 seconds, Stopping threads took: 0.0000366 seconds
2020-01-10T13:09:40.480+0000: 11.309: Total time for which application threads were stopped: 0.0001087 seconds, Stopping threads took: 0.0000366 seconds
2020-01-10T13:09:40.480+0000: 11.309: Total time for which application threads were stopped: 0.0001038 seconds, Stopping threads took: 0.0000363 seconds
2020-01-10T13:09:40.480+0000: 11.309: Total time for which application threads were stopped: 0.0001062 seconds, Stopping threads took: 0.0000364 seconds
2020-01-10T13:09:40.480+0000: 11.309: Total time for which application threads were stopped: 0.0001034 seconds, Stopping threads took: 0.0000362 seconds
2020-01-10T13:09:40.480+0000: 11.310: Total time for which application threads were stopped: 0.0001029 seconds, Stopping threads took: 0.0000360 seconds
2020-01-10T13:09:40.480+0000: 11.310: Total time for which application threads were stopped: 0.0001035 seconds, Stopping threads took: 0.0000363 seconds
2020-01-10T13:09:40.481+0000: 11.310: Total time for which application threads were stopped: 0.0006017 seconds, Stopping threads took: 0.0005079 seconds
2020-01-10T13:09:40.481+0000: 11.311: Total time for which application threads were stopped: 0.0001846 seconds, Stopping threads took: 0.0001015 seconds
2020-01-10T13:09:40.481+0000: 11.311: Total time for which application threads were stopped: 0.0001885 seconds, Stopping threads took: 0.0001026 seconds
2020-01-10T13:09:40.482+0000: 11.311: Total time for which application threads were stopped: 0.0001727 seconds, Stopping threads took: 0.0000975 seconds
2020-01-10T13:09:40.482+0000: 11.311: Total time for which application threads were stopped: 0.0001398 seconds, Stopping threads took: 0.0000716 seconds
2020-01-10T13:09:40.482+0000: 11.311: Total time for which application threads were stopped: 0.0001352 seconds, Stopping threads took: 0.0000503 seconds
2020-01-10T13:09:40.489+0000: 11.319: [GC concurrent-root-region-scan-end, 0.0220353 secs]
2020-01-10T13:09:40.489+0000: 11.319: [GC concurrent-mark-start]
2020-01-10T13:09:40.499+0000: 11.329: [GC concurrent-mark-end, 0.0097475 secs]
2020-01-10T13:09:40.499+0000: 11.329: [GC remark 2020-01-10T13:09:40.499+0000: 11.329: [Finalize Marking, 0.0003006 secs] 2020-01-10T13:09:40.500+0000: 11.329: [GC ref-proc, 0.0002437 secs] 2020-01-10T13:09:40.500+0000: 11.330: [Unloading, 0.0066662 secs], 0.0075015 secs]
 [Times: user=0.04 sys=0.00, real=0.01 secs] 
2020-01-10T13:09:40.507+0000: 11.337: Total time for which application threads were stopped: 0.0078754 seconds, Stopping threads took: 0.0002423 seconds
2020-01-10T13:09:40.507+0000: 11.337: [GC cleanup 39425K->39425K(1024M), 0.0011193 secs]
 [Times: user=0.00 sys=0.00, real=0.00 secs] 
2020-01-10T13:09:40.508+0000: 11.338: Total time for which application threads were stopped: 0.0012606 seconds, Stopping threads took: 0.0000418 seconds
2020-01-10T13:09:40.672+0000: 11.501: Total time for which application threads were stopped: 0.0003212 seconds, Stopping threads took: 0.0001336 seconds
2020-01-10T13:09:40.727+0000: 11.557: Total time for which application threads were stopped: 0.0003605 seconds, Stopping threads took: 0.0001237 seconds
2020-01-10T13:09:41.113+0000: 11.942: Total time for which application threads were stopped: 0.0005550 seconds, Stopping threads took: 0.0000716 seconds
2020-01-10T13:09:41.238+0000: 12.068: Total time for which application threads were stopped: 0.0005303 seconds, Stopping threads took: 0.0000715 seconds
2020-01-10T13:09:41.631+0000: 12.461: Total time for which application threads were stopped: 0.0003137 seconds, Stopping threads took: 0.0000811 seconds
2020-01-10T13:09:41.723+0000: 12.553: Total time for which application threads were stopped: 0.0006257 seconds, Stopping threads took: 0.0000784 seconds
2020-01-10T13:09:42.171+0000: 13.001: Total time for which application threads were stopped: 0.0002637 seconds, Stopping threads took: 0.0000720 seconds
2020-01-10T13:09:42.245+0000: 13.075: [GC pause (G1 Evacuation Pause) (young)
Desired survivor size 40370176 bytes, new threshold 15 (max 15)
- age   1:    1387344 bytes,    1387344 total
- age   2:    3889696 bytes,    5277040 total
- age   3:   22746408 bytes,   28023448 total
- age   4:     345432 bytes,   28368880 total
- age   5:    1381320 bytes,   29750200 total
- age   6:    1178104 bytes,   30928304 total
- age   7:     836528 bytes,   31764832 total
- age   8:    1354888 bytes,   33119720 total
, 0.0440276 secs]
   [Parallel Time: 36.5 ms, GC Workers: 4]
      [GC Worker Start (ms): Min: 13074.6, Avg: 13074.7, Max: 13074.7, Diff: 0.1]
      [Ext Root Scanning (ms): Min: 0.7, Avg: 1.5, Max: 2.8, Diff: 2.0, Sum: 6.1]
      [Update RS (ms): Min: 0.0, Avg: 0.0, Max: 0.0, Diff: 0.0, Sum: 0.0]
         [Processed Buffers: Min: 0, Avg: 0.0, Max: 0, Diff: 0, Sum: 0]
      [Scan RS (ms): Min: 0.1, Avg: 0.1, Max: 0.2, Diff: 0.0, Sum: 0.6]
      [Code Root Scanning (ms): Min: 0.1, Avg: 1.7, Max: 2.3, Diff: 2.2, Sum: 6.9]
      [Object Copy (ms): Min: 31.3, Avg: 32.9, Max: 35.0, Diff: 3.7, Sum: 131.8]
      [Termination (ms): Min: 0.0, Avg: 0.0, Max: 0.0, Diff: 0.0, Sum: 0.0]
         [Termination Attempts: Min: 1, Avg: 1.0, Max: 1, Diff: 0, Sum: 4]
      [GC Worker Other (ms): Min: 0.0, Avg: 0.1, Max: 0.1, Diff: 0.1, Sum: 0.2]
      [GC Worker Total (ms): Min: 36.3, Avg: 36.4, Max: 36.5, Diff: 0.1, Sum: 145.6]
      [GC Worker End (ms): Min: 13111.1, Avg: 13111.1, Max: 13111.1, Diff: 0.0]
   [Code Root Fixup: 0.3 ms]
   [Code Root Purge: 0.0 ms]
   [Clear CT: 0.3 ms]
   [Other: 6.9 ms]
      [Choose CSet: 0.0 ms]
      [Ref Proc: 5.8 ms]
      [Ref Enq: 0.0 ms]
      [Redirty Cards: 0.3 ms]
      [Humongous Register: 0.0 ms]
      [Humongous Reclaim: 0.0 ms]
      [Free CSet: 0.7 ms]
   [Eden: 579.0M(579.0M)->0.0B(572.0M) Survivors: 35840.0K->43008.0K Heap: 614.0M(1024.0M)->42496.0K(1024.0M)]
 [Times: user=0.20 sys=0.01, real=0.04 secs] 
2020-01-10T13:09:42.289+0000: 13.119: Total time for which application threads were stopped: 0.0444276 seconds, Stopping threads took: 0.0000751 seconds
2020-01-10T13:09:43.289+0000: 14.119: Total time for which application threads were stopped: 0.0001877 seconds, Stopping threads took: 0.0000758 seconds
2020-01-10T13:09:44.290+0000: 15.119: Total time for which application threads were stopped: 0.0001590 seconds, Stopping threads took: 0.0000827 seconds
2020-01-10T13:09:45.290+0000: 16.120: Total time for which application threads were stopped: 0.0001617 seconds, Stopping threads took: 0.0000562 seconds
2020-01-10T13:09:46.203+0000: 17.033: Total time for which application threads were stopped: 0.0003420 seconds, Stopping threads took: 0.0000946 seconds
2020-01-10T13:09:46.338+0000: 17.168: Total time for which application threads were stopped: 0.0003413 seconds, Stopping threads took: 0.0001106 seconds
2020-01-10T13:09:46.795+0000: 17.624: Total time for which application threads were stopped: 0.0003092 seconds, Stopping threads took: 0.0000660 seconds
2020-01-10T13:09:47.051+0000: 17.881: Total time for which application threads were stopped: 0.0002453 seconds, Stopping threads took: 0.0000588 seconds
2020-01-10T13:09:47.052+0000: 17.882: Total time for which application threads were stopped: 0.0001915 seconds, Stopping threads took: 0.0000926 seconds
2020-01-10T13:09:47.439+0000: 18.269: Total time for which application threads were stopped: 0.0003827 seconds, Stopping threads took: 0.0001174 seconds
2020-01-10T13:09:47.448+0000: 18.277: Total time for which application threads were stopped: 0.0003640 seconds, Stopping threads took: 0.0000870 seconds
2020-01-10T13:09:47.641+0000: 18.470: Total time for which application threads were stopped: 0.0004839 seconds, Stopping threads took: 0.0001280 seconds
2020-01-10T13:09:47.852+0000: 18.681: [GC pause (G1 Evacuation Pause) (young)
Desired survivor size 40370176 bytes, new threshold 15 (max 15)
- age   1:    5972472 bytes,    5972472 total
- age   2:    1294280 bytes,    7266752 total
- age   3:    3808392 bytes,   11075144 total
- age   4:   22745376 bytes,   33820520 total
- age   5:     345432 bytes,   34165952 total
- age   6:    1381240 bytes,   35547192 total
- age   7:    1178104 bytes,   36725296 total
- age   8:     836304 bytes,   37561600 total
- age   9:    1354424 bytes,   38916024 total
, 0.1726878 secs]
   [Parallel Time: 37.9 ms, GC Workers: 4]
      [GC Worker Start (ms): Min: 18681.3, Avg: 18681.3, Max: 18681.4, Diff: 0.1]
      [Ext Root Scanning (ms): Min: 1.2, Avg: 2.1, Max: 3.4, Diff: 2.2, Sum: 8.6]
      [Update RS (ms): Min: 0.0, Avg: 0.0, Max: 0.0, Diff: 0.0, Sum: 0.0]
         [Processed Buffers: Min: 0, Avg: 0.0, Max: 0, Diff: 0, Sum: 0]
      [Scan RS (ms): Min: 0.2, Avg: 0.2, Max: 0.3, Diff: 0.1, Sum: 0.9]
      [Code Root Scanning (ms): Min: 0.2, Avg: 2.6, Max: 4.0, Diff: 3.7, Sum: 10.4]
      [Object Copy (ms): Min: 31.0, Avg: 32.7, Max: 33.8, Diff: 2.7, Sum: 130.7]
      [Termination (ms): Min: 0.0, Avg: 0.0, Max: 0.0, Diff: 0.0, Sum: 0.0]
         [Termination Attempts: Min: 1, Avg: 1.0, Max: 1, Diff: 0, Sum: 4]
      [GC Worker Other (ms): Min: 0.1, Avg: 0.1, Max: 0.1, Diff: 0.1, Sum: 0.4]
      [GC Worker Total (ms): Min: 37.6, Avg: 37.7, Max: 37.8, Diff: 0.1, Sum: 150.9]
      [GC Worker End (ms): Min: 18719.0, Avg: 18719.0, Max: 18719.1, Diff: 0.1]
   [Code Root Fixup: 0.5 ms]
   [Code Root Purge: 0.0 ms]
   [Clear CT: 0.3 ms]
   [Other: 134.0 ms]
      [Choose CSet: 0.0 ms]
      [Ref Proc: 132.5 ms]
      [Ref Enq: 0.0 ms]
      [Redirty Cards: 0.2 ms]
      [Humongous Register: 0.1 ms]
      [Humongous Reclaim: 0.0 ms]
      [Free CSet: 1.0 ms]
   [Eden: 572.0M(572.0M)->0.0B(548.0M) Survivors: 43008.0K->67584.0K Heap: 622.7M(1024.0M)->67072.0K(1024.0M)]
 [Times: user=0.33 sys=0.01, real=0.17 secs] 
2020-01-10T13:09:48.024+0000: 18.854: Total time for which application threads were stopped: 0.1732224 seconds, Stopping threads took: 0.0000803 seconds
2020-01-10T13:09:48.026+0000: 18.855: Total time for which application threads were stopped: 0.0003996 seconds, Stopping threads took: 0.0001364 seconds
2020-01-10T13:09:48.026+0000: 18.856: Total time for which application threads were stopped: 0.0002155 seconds, Stopping threads took: 0.0000611 seconds
2020-01-10T13:09:48.027+0000: 18.856: Total time for which application threads were stopped: 0.0001729 seconds, Stopping threads took: 0.0000556 seconds
2020-01-10T13:09:48.027+0000: 18.856: Total time for which application threads were stopped: 0.0002330 seconds, Stopping threads took: 0.0000914 seconds
2020-01-10T13:09:48.322+0000: 19.152: Total time for which application threads were stopped: 0.0004678 seconds, Stopping threads took: 0.0001201 seconds
2020-01-10T13:09:48.339+0000: 19.169: Total time for which application threads were stopped: 0.0002920 seconds, Stopping threads took: 0.0001102 seconds
2020-01-10T13:09:48.342+0000: 19.171: Total time for which application threads were stopped: 0.0002413 seconds, Stopping threads took: 0.0001095 seconds
2020-01-10T13:09:48.598+0000: 19.427: Total time for which application threads were stopped: 0.0010231 seconds, Stopping threads took: 0.0000773 seconds
2020-01-10T13:09:48.640+0000: 19.470: Total time for which application threads were stopped: 0.0007786 seconds, Stopping threads took: 0.0001250 seconds
2020-01-10T13:09:49.054+0000: 19.883: Total time for which application threads were stopped: 0.0007454 seconds, Stopping threads took: 0.0000784 seconds
2020-01-10T13:09:49.384+0000: 20.213: Total time for which application threads were stopped: 0.0008267 seconds, Stopping threads took: 0.0000766 seconds
2020-01-10T13:09:49.385+0000: 20.214: Total time for which application threads were stopped: 0.0002687 seconds, Stopping threads took: 0.0001030 seconds
2020-01-10T13:09:49.385+0000: 20.215: Total time for which application threads were stopped: 0.0001116 seconds, Stopping threads took: 0.0000453 seconds
2020-01-10T13:09:49.386+0000: 20.216: Total time for which application threads were stopped: 0.0002582 seconds, Stopping threads took: 0.0001231 seconds
2020-01-10T13:09:49.387+0000: 20.217: Total time for which application threads were stopped: 0.0003771 seconds, Stopping threads took: 0.0001561 seconds
2020-01-10T13:09:49.387+0000: 20.217: Total time for which application threads were stopped: 0.0002206 seconds, Stopping threads took: 0.0000887 seconds
2020-01-10T13:09:49.388+0000: 20.217: Total time for which application threads were stopped: 0.0001709 seconds, Stopping threads took: 0.0000627 seconds
2020-01-10T13:09:49.390+0000: 20.219: Total time for which application threads were stopped: 0.0002326 seconds, Stopping threads took: 0.0000823 seconds
2020-01-10T13:09:49.390+0000: 20.219: Total time for which application threads were stopped: 0.0001552 seconds, Stopping threads took: 0.0000422 seconds
2020-01-10T13:09:49.390+0000: 20.220: Total time for which application threads were stopped: 0.0001800 seconds, Stopping threads took: 0.0000402 seconds
2020-01-10T13:09:49.392+0000: 20.221: Total time for which application threads were stopped: 0.0001652 seconds, Stopping threads took: 0.0001000 seconds
2020-01-10T13:09:49.392+0000: 20.222: Total time for which application threads were stopped: 0.0001851 seconds, Stopping threads took: 0.0000953 seconds
2020-01-10T13:09:49.393+0000: 20.222: Total time for which application threads were stopped: 0.0002309 seconds, Stopping threads took: 0.0000665 seconds
2020-01-10T13:09:49.463+0000: 20.292: Total time for which application threads were stopped: 0.0002552 seconds, Stopping threads took: 0.0000658 seconds
2020-01-10T13:09:49.463+0000: 20.292: Total time for which application threads were stopped: 0.0001358 seconds, Stopping threads took: 0.0000398 seconds
2020-01-10T13:09:49.464+0000: 20.293: Total time for which application threads were stopped: 0.0002850 seconds, Stopping threads took: 0.0001771 seconds
2020-01-10T13:09:49.464+0000: 20.294: Total time for which application threads were stopped: 0.0002057 seconds, Stopping threads took: 0.0000833 seconds
2020-01-10T13:09:49.465+0000: 20.295: Total time for which application threads were stopped: 0.0002779 seconds, Stopping threads took: 0.0001374 seconds
2020-01-10T13:09:49.465+0000: 20.295: Total time for which application threads were stopped: 0.0001941 seconds, Stopping threads took: 0.0000744 seconds
2020-01-10T13:09:49.466+0000: 20.296: Total time for which application threads were stopped: 0.0002027 seconds, Stopping threads took: 0.0000742 seconds
2020-01-10T13:09:49.468+0000: 20.297: Total time for which application threads were stopped: 0.0001528 seconds, Stopping threads took: 0.0000428 seconds
2020-01-10T13:09:49.468+0000: 20.297: Total time for which application threads were stopped: 0.0002021 seconds, Stopping threads took: 0.0000901 seconds
2020-01-10T13:09:49.468+0000: 20.298: Total time for which application threads were stopped: 0.0001290 seconds, Stopping threads took: 0.0000333 seconds
2020-01-10T13:09:49.468+0000: 20.298: Total time for which application threads were stopped: 0.0001368 seconds, Stopping threads took: 0.0000305 seconds
2020-01-10T13:09:49.468+0000: 20.298: Total time for which application threads were stopped: 0.0001431 seconds, Stopping threads took: 0.0000308 seconds
2020-01-10T13:09:49.469+0000: 20.298: Total time for which application threads were stopped: 0.0001367 seconds, Stopping threads took: 0.0000359 seconds
2020-01-10T13:09:49.469+0000: 20.299: Total time for which application threads were stopped: 0.0002432 seconds, Stopping threads took: 0.0001282 seconds
2020-01-10T13:09:49.470+0000: 20.299: Total time for which application threads were stopped: 0.0001352 seconds, Stopping threads took: 0.0000425 seconds
2020-01-10T13:09:49.471+0000: 20.301: Total time for which application threads were stopped: 0.0011848 seconds, Stopping threads took: 0.0010847 seconds
2020-01-10T13:09:49.472+0000: 20.301: Total time for which application threads were stopped: 0.0001756 seconds, Stopping threads took: 0.0000946 seconds
2020-01-10T13:09:49.472+0000: 20.301: Total time for which application threads were stopped: 0.0001395 seconds, Stopping threads took: 0.0000607 seconds
2020-01-10T13:09:49.473+0000: 20.302: Total time for which application threads were stopped: 0.0003439 seconds, Stopping threads took: 0.0001940 seconds
2020-01-10T13:09:49.473+0000: 20.303: Total time for which application threads were stopped: 0.0002870 seconds, Stopping threads took: 0.0002085 seconds
2020-01-10T13:09:49.474+0000: 20.304: Total time for which application threads were stopped: 0.0001349 seconds, Stopping threads took: 0.0000455 seconds
2020-01-10T13:09:49.475+0000: 20.305: Total time for which application threads were stopped: 0.0001853 seconds, Stopping threads took: 0.0001140 seconds
2020-01-10T13:09:49.476+0000: 20.306: Total time for which application threads were stopped: 0.0001924 seconds, Stopping threads took: 0.0001147 seconds
2020-01-10T13:09:49.476+0000: 20.306: Total time for which application threads were stopped: 0.0001547 seconds, Stopping threads took: 0.0000992 seconds
2020-01-10T13:09:49.477+0000: 20.306: Total time for which application threads were stopped: 0.0000808 seconds, Stopping threads took: 0.0000322 seconds
2020-01-10T13:09:49.477+0000: 20.306: Total time for which application threads were stopped: 0.0000739 seconds, Stopping threads took: 0.0000301 seconds
2020-01-10T13:09:50.346+0000: 21.176: Total time for which application threads were stopped: 0.0003979 seconds, Stopping threads took: 0.0000552 seconds
2020-01-10T13:09:50.424+0000: 21.254: Total time for which application threads were stopped: 0.0005302 seconds, Stopping threads took: 0.0000516 seconds
2020-01-10T13:09:50.439+0000: 21.268: Total time for which application threads were stopped: 0.0002510 seconds, Stopping threads took: 0.0000622 seconds
2020-01-10T13:09:50.470+0000: 21.299: Total time for which application threads were stopped: 0.0003908 seconds, Stopping threads took: 0.0000574 seconds
2020-01-10T13:09:50.631+0000: 21.460: [GC pause (Metadata GC Threshold) (young) (initial-mark)
Desired survivor size 40370176 bytes, new threshold 15 (max 15)
- age   1:    3403408 bytes,    3403408 total
- age   2:    3236128 bytes,    6639536 total
- age   3:    1291888 bytes,    7931424 total
- age   4:    3794144 bytes,   11725568 total
- age   5:   22744080 bytes,   34469648 total
- age   6:     345432 bytes,   34815080 total
- age   7:    1381240 bytes,   36196320 total
- age   8:    1178104 bytes,   37374424 total
- age   9:     836096 bytes,   38210520 total
- age  10:    1354264 bytes,   39564784 total
, 0.0581274 secs]
   [Parallel Time: 49.9 ms, GC Workers: 4]
      [GC Worker Start (ms): Min: 21460.5, Avg: 21460.5, Max: 21460.6, Diff: 0.1]
      [Ext Root Scanning (ms): Min: 2.1, Avg: 3.1, Max: 4.3, Diff: 2.2, Sum: 12.4]
      [Update RS (ms): Min: 0.0, Avg: 0.0, Max: 0.0, Diff: 0.0, Sum: 0.0]
         [Processed Buffers: Min: 0, Avg: 0.0, Max: 0, Diff: 0, Sum: 0]
      [Scan RS (ms): Min: 0.1, Avg: 0.1, Max: 0.2, Diff: 0.2, Sum: 0.6]
      [Code Root Scanning (ms): Min: 0.1, Avg: 2.6, Max: 4.1, Diff: 3.9, Sum: 10.4]
      [Object Copy (ms): Min: 41.2, Avg: 43.7, Max: 47.1, Diff: 5.8, Sum: 174.7]
      [Termination (ms): Min: 0.0, Avg: 0.0, Max: 0.0, Diff: 0.0, Sum: 0.1]
         [Termination Attempts: Min: 1, Avg: 37.8, Max: 75, Diff: 74, Sum: 151]
      [GC Worker Other (ms): Min: 0.0, Avg: 0.1, Max: 0.2, Diff: 0.1, Sum: 0.4]
      [GC Worker Total (ms): Min: 49.6, Avg: 49.6, Max: 49.7, Diff: 0.1, Sum: 198.6]
      [GC Worker End (ms): Min: 21510.2, Avg: 21510.2, Max: 21510.2, Diff: 0.1]
   [Code Root Fixup: 0.4 ms]
   [Code Root Purge: 0.0 ms]
   [Clear CT: 0.2 ms]
   [Other: 7.6 ms]
      [Choose CSet: 0.0 ms]
      [Ref Proc: 6.4 ms]
      [Ref Enq: 0.1 ms]
      [Redirty Cards: 0.1 ms]
      [Humongous Register: 0.0 ms]
      [Humongous Reclaim: 0.0 ms]
      [Free CSet: 0.7 ms]
   [Eden: 420.0M(548.0M)->0.0B(559.0M) Survivors: 67584.0K->56320.0K Heap: 485.0M(1024.0M)->55808.0K(1024.0M)]
 [Times: user=0.23 sys=0.00, real=0.05 secs] 
2020-01-10T13:09:50.689+0000: 21.518: [GC concurrent-root-region-scan-start]
2020-01-10T13:09:50.689+0000: 21.535: Total time for which application threads were stopped: 0.0747832 seconds, Stopping threads took: 0.0001133 seconds
2020-01-10T13:09:50.722+0000: 21.551: [GC concurrent-root-region-scan-end, 0.0327076 secs]
2020-01-10T13:09:50.722+0000: 21.551: [GC concurrent-mark-start]
2020-01-10T13:09:50.729+0000: 21.559: [GC concurrent-mark-end, 0.0078536 secs]
2020-01-10T13:09:50.730+0000: 21.559: [GC remark 2020-01-10T13:09:50.730+0000: 21.559: [Finalize Marking, 0.0002501 secs] 2020-01-10T13:09:50.730+0000: 21.560: [GC ref-proc, 0.0003352 secs] 2020-01-10T13:09:50.731+0000: 21.560: [Unloading, 0.0092081 secs], 0.0101373 secs]
 [Times: user=0.04 sys=0.00, real=0.00 secs] 
2020-01-10T13:09:50.740+0000: 21.570: Total time for which application threads were stopped: 0.0105227 seconds, Stopping threads took: 0.0002196 seconds
2020-01-10T13:09:50.740+0000: 21.570: [GC cleanup 58384K->58384K(1024M), 0.0011993 secs]
 [Times: user=0.00 sys=0.01, real=0.01 secs] 
2020-01-10T13:09:50.742+0000: 21.571: Total time for which application threads were stopped: 0.0013716 seconds, Stopping threads took: 0.0000504 seconds
2020-01-10T13:09:51.318+0000: 22.148: Total time for which application threads were stopped: 0.0003953 seconds, Stopping threads took: 0.0001309 seconds
2020-01-10T13:09:51.431+0000: 22.261: Total time for which application threads were stopped: 0.0009888 seconds, Stopping threads took: 0.0000721 seconds
2020-01-10T13:09:51.842+0000: 22.671: Total time for which application threads were stopped: 0.0005029 seconds, Stopping threads took: 0.0000759 seconds
2020-01-10T13:09:52.377+0000: 23.207: Total time for which application threads were stopped: 0.0005290 seconds, Stopping threads took: 0.0000835 seconds
2020-01-10T13:09:52.511+0000: 23.341: [GC pause (G1 Evacuation Pause) (young)
Desired survivor size 40370176 bytes, new threshold 6 (max 15)
- age   1:   10061296 bytes,   10061296 total
- age   2:    2388672 bytes,   12449968 total
- age   3:    3181416 bytes,   15631384 total
- age   4:    1259624 bytes,   16891008 total
- age   5:    3601488 bytes,   20492496 total
- age   6:   22660136 bytes,   43152632 total
- age   7:     342408 bytes,   43495040 total
- age   8:    1362192 bytes,   44857232 total
- age   9:    1176104 bytes,   46033336 total
- age  10:     817144 bytes,   46850480 total
- age  11:    1344888 bytes,   48195368 total
, 0.0847680 secs]
   [Parallel Time: 76.7 ms, GC Workers: 4]
      [GC Worker Start (ms): Min: 23341.0, Avg: 23341.1, Max: 23341.1, Diff: 0.1]
      [Ext Root Scanning (ms): Min: 1.3, Avg: 2.9, Max: 5.7, Diff: 4.4, Sum: 11.7]
      [Update RS (ms): Min: 0.0, Avg: 0.0, Max: 0.0, Diff: 0.0, Sum: 0.0]
         [Processed Buffers: Min: 0, Avg: 0.0, Max: 0, Diff: 0, Sum: 0]
      [Scan RS (ms): Min: 0.1, Avg: 0.2, Max: 0.3, Diff: 0.3, Sum: 0.8]
      [Code Root Scanning (ms): Min: 3.5, Avg: 3.6, Max: 3.7, Diff: 0.2, Sum: 14.4]
      [Object Copy (ms): Min: 67.0, Avg: 69.7, Max: 71.2, Diff: 4.2, Sum: 278.7]
      [Termination (ms): Min: 0.0, Avg: 0.0, Max: 0.0, Diff: 0.0, Sum: 0.0]
         [Termination Attempts: Min: 1, Avg: 1.2, Max: 2, Diff: 1, Sum: 5]
      [GC Worker Other (ms): Min: 0.0, Avg: 0.1, Max: 0.1, Diff: 0.1, Sum: 0.3]
      [GC Worker Total (ms): Min: 76.4, Avg: 76.5, Max: 76.5, Diff: 0.1, Sum: 305.9]
      [GC Worker End (ms): Min: 23417.5, Avg: 23417.5, Max: 23417.6, Diff: 0.1]
   [Code Root Fixup: 0.6 ms]
   [Code Root Purge: 0.0 ms]
   [Clear CT: 0.3 ms]
   [Other: 7.2 ms]
      [Choose CSet: 0.0 ms]
      [Ref Proc: 5.6 ms]
      [Ref Enq: 0.0 ms]
      [Redirty Cards: 0.2 ms]
      [Humongous Register: 0.1 ms]
      [Humongous Reclaim: 0.0 ms]
      [Free CSet: 1.0 ms]
   [Eden: 559.0M(559.0M)->0.0B(585.0M) Survivors: 56320.0K->29696.0K Heap: 614.5M(1024.0M)->56761.0K(1024.0M)]
 [Times: user=0.43 sys=0.04, real=0.08 secs] 
2020-01-10T13:09:52.596+0000: 23.426: Total time for which application threads were stopped: 0.0852288 seconds, Stopping threads took: 0.0000892 seconds
2020-01-10T13:09:52.998+0000: 23.828: Total time for which application threads were stopped: 0.0010799 seconds, Stopping threads took: 0.0000907 seconds
2020-01-10T13:09:53.319+0000: 24.148: [GC pause (G1 Evacuation Pause) (young)
Desired survivor size 17301504 bytes, new threshold 4 (max 15)
- age   1:    4906808 bytes,    4906808 total
- age   2:    9680224 bytes,   14587032 total
- age   3:    2381608 bytes,   16968640 total
- age   4:    3162328 bytes,   20130968 total
- age   5:    1258184 bytes,   21389152 total
- age   6:    3572504 bytes,   24961656 total
, 0.0392802 secs]
   [Parallel Time: 36.7 ms, GC Workers: 4]
      [GC Worker Start (ms): Min: 24148.4, Avg: 24148.5, Max: 24148.5, Diff: 0.1]
      [Ext Root Scanning (ms): Min: 1.6, Avg: 2.6, Max: 4.2, Diff: 2.6, Sum: 10.4]
      [Update RS (ms): Min: 0.0, Avg: 0.3, Max: 0.6, Diff: 0.6, Sum: 1.3]
         [Processed Buffers: Min: 0, Avg: 1.5, Max: 3, Diff: 3, Sum: 6]
      [Scan RS (ms): Min: 0.4, Avg: 0.5, Max: 0.7, Diff: 0.3, Sum: 2.1]
      [Code Root Scanning (ms): Min: 0.0, Avg: 0.8, Max: 1.5, Diff: 1.5, Sum: 3.3]
      [Object Copy (ms): Min: 30.4, Avg: 32.2, Max: 33.1, Diff: 2.7, Sum: 128.8]
      [Termination (ms): Min: 0.0, Avg: 0.0, Max: 0.0, Diff: 0.0, Sum: 0.0]
         [Termination Attempts: Min: 1, Avg: 1.2, Max: 2, Diff: 1, Sum: 5]
      [GC Worker Other (ms): Min: 0.0, Avg: 0.1, Max: 0.1, Diff: 0.1, Sum: 0.2]
      [GC Worker Total (ms): Min: 36.5, Avg: 36.5, Max: 36.6, Diff: 0.1, Sum: 146.2]
      [GC Worker End (ms): Min: 24185.0, Avg: 24185.0, Max: 24185.0, Diff: 0.0]
   [Code Root Fixup: 0.1 ms]
   [Code Root Purge: 0.0 ms]
   [Clear CT: 0.2 ms]
   [Other: 2.2 ms]
      [Choose CSet: 0.0 ms]
      [Ref Proc: 1.5 ms]
      [Ref Enq: 0.0 ms]
      [Redirty Cards: 0.2 ms]
      [Humongous Register: 0.0 ms]
      [Humongous Reclaim: 0.0 ms]
      [Free CSet: 0.3 ms]
   [Eden: 235.0M(235.0M)->0.0B(592.0M) Survivors: 29696.0K->22528.0K Heap: 290.4M(1024.0M)->58880.0K(1024.0M)]
 [Times: user=0.19 sys=0.01, real=0.04 secs] 
2020-01-10T13:09:53.358+0000: 24.188: Total time for which application threads were stopped: 0.0398065 seconds, Stopping threads took: 0.0001110 seconds
2020-01-10T13:09:53.910+0000: 24.740: Total time for which application threads were stopped: 0.0002996 seconds, Stopping threads took: 0.0000635 seconds
2020-01-10T13:09:54.105+0000: 24.934: Total time for which application threads were stopped: 0.0004779 seconds, Stopping threads took: 0.0000708 seconds
2020-01-10T13:09:54.115+0000: 24.945: Total time for which application threads were stopped: 0.0002817 seconds, Stopping threads took: 0.0000486 seconds
2020-01-10T13:09:54.185+0000: 25.014: Total time for which application threads were stopped: 0.0003552 seconds, Stopping threads took: 0.0000740 seconds
2020-01-10T13:09:54.880+0000: 25.710: Total time for which application threads were stopped: 0.0003604 seconds, Stopping threads took: 0.0000829 seconds
2020-01-10T13:09:55.880+0000: 26.710: Total time for which application threads were stopped: 0.0003450 seconds, Stopping threads took: 0.0000696 seconds
2020-01-10T13:09:56.146+0000: 26.976: Total time for which application threads were stopped: 0.0003572 seconds, Stopping threads took: 0.0000695 seconds
2020-01-10T13:09:56.231+0000: 27.061: Total time for which application threads were stopped: 0.0009219 seconds, Stopping threads took: 0.0000629 seconds
2020-01-10T13:09:56.284+0000: 27.114: Total time for which application threads were stopped: 0.0008850 seconds, Stopping threads took: 0.0000561 seconds
2020-01-10T13:09:57.284+0000: 28.114: Total time for which application threads were stopped: 0.0002844 seconds, Stopping threads took: 0.0000849 seconds
2020-01-10T13:09:57.511+0000: 28.340: [GC pause (G1 Evacuation Pause) (young)
Desired survivor size 40370176 bytes, new threshold 15 (max 15)
- age   1:    3934480 bytes,    3934480 total
- age   2:    4488352 bytes,    8422832 total
- age   3:    9672248 bytes,   18095080 total
- age   4:    2378480 bytes,   20473560 total
, 0.0614594 secs]
   [Parallel Time: 47.3 ms, GC Workers: 4]
      [GC Worker Start (ms): Min: 28340.5, Avg: 28340.5, Max: 28340.6, Diff: 0.1]
      [Ext Root Scanning (ms): Min: 1.9, Avg: 4.0, Max: 7.6, Diff: 5.7, Sum: 15.8]
      [Update RS (ms): Min: 0.0, Avg: 0.6, Max: 1.0, Diff: 1.0, Sum: 2.5]
         [Processed Buffers: Min: 0, Avg: 2.2, Max: 5, Diff: 5, Sum: 9]
      [Scan RS (ms): Min: 0.0, Avg: 0.7, Max: 1.0, Diff: 1.0, Sum: 2.7]
      [Code Root Scanning (ms): Min: 0.0, Avg: 0.6, Max: 0.8, Diff: 0.8, Sum: 2.3]
      [Object Copy (ms): Min: 39.4, Avg: 41.1, Max: 42.5, Diff: 3.1, Sum: 164.4]
      [Termination (ms): Min: 0.0, Avg: 0.1, Max: 0.2, Diff: 0.2, Sum: 0.3]
         [Termination Attempts: Min: 1, Avg: 181.8, Max: 408, Diff: 407, Sum: 727]
      [GC Worker Other (ms): Min: 0.0, Avg: 0.1, Max: 0.1, Diff: 0.0, Sum: 0.2]
      [GC Worker Total (ms): Min: 47.0, Avg: 47.1, Max: 47.1, Diff: 0.1, Sum: 188.3]
      [GC Worker End (ms): Min: 28387.6, Avg: 28387.6, Max: 28387.6, Diff: 0.1]
   [Code Root Fixup: 0.1 ms]
   [Code Root Purge: 0.0 ms]
   [Clear CT: 0.3 ms]
   [Other: 13.8 ms]
      [Choose CSet: 0.0 ms]
      [Ref Proc: 12.7 ms]
      [Ref Enq: 0.1 ms]
      [Redirty Cards: 0.2 ms]
      [Humongous Register: 0.0 ms]
      [Humongous Reclaim: 0.0 ms]
      [Free CSet: 0.6 ms]
   [Eden: 592.0M(592.0M)->0.0B(561.0M) Survivors: 22528.0K->54272.0K Heap: 649.5M(1024.0M)->90624.5K(1024.0M)]
 [Times: user=0.20 sys=0.00, real=0.06 secs] 
2020-01-10T13:09:57.572+0000: 28.402: Total time for which application threads were stopped: 0.0618760 seconds, Stopping threads took: 0.0000630 seconds
2020-01-10T13:09:58.398+0000: 29.228: Total time for which application threads were stopped: 0.0002830 seconds, Stopping threads took: 0.0000759 seconds
2020-01-10T13:09:58.558+0000: 29.388: [GC pause (Metadata GC Threshold) (young) (initial-mark)
Desired survivor size 40370176 bytes, new threshold 15 (max 15)
- age   1:   14540632 bytes,   14540632 total
- age   2:    1757040 bytes,   16297672 total
- age   3:    4469160 bytes,   20766832 total
- age   4:    9374000 bytes,   30140832 total
- age   5:    2377176 bytes,   32518008 total
, 0.0691221 secs]
   [Parallel Time: 64.6 ms, GC Workers: 4]
      [GC Worker Start (ms): Min: 29388.3, Avg: 29388.4, Max: 29388.4, Diff: 0.1]
      [Ext Root Scanning (ms): Min: 6.9, Avg: 7.6, Max: 8.7, Diff: 1.8, Sum: 30.4]
      [Update RS (ms): Min: 0.5, Avg: 0.5, Max: 0.7, Diff: 0.2, Sum: 2.2]
         [Processed Buffers: Min: 1, Avg: 2.2, Max: 3, Diff: 2, Sum: 9]
      [Scan RS (ms): Min: 0.1, Avg: 0.3, Max: 0.4, Diff: 0.3, Sum: 1.1]
      [Code Root Scanning (ms): Min: 0.0, Avg: 0.6, Max: 1.2, Diff: 1.2, Sum: 2.4]
      [Object Copy (ms): Min: 53.7, Avg: 55.2, Max: 56.5, Diff: 2.8, Sum: 220.9]
      [Termination (ms): Min: 0.0, Avg: 0.1, Max: 0.2, Diff: 0.1, Sum: 0.4]
         [Termination Attempts: Min: 1, Avg: 155.8, Max: 228, Diff: 227, Sum: 623]
      [GC Worker Other (ms): Min: 0.0, Avg: 0.0, Max: 0.1, Diff: 0.1, Sum: 0.2]
      [GC Worker Total (ms): Min: 64.3, Avg: 64.4, Max: 64.5, Diff: 0.2, Sum: 257.5]
      [GC Worker End (ms): Min: 29452.8, Avg: 29452.8, Max: 29452.8, Diff: 0.1]
   [Code Root Fixup: 0.1 ms]
   [Code Root Purge: 0.0 ms]
   [Clear CT: 0.1 ms]
   [Other: 4.3 ms]
      [Choose CSet: 0.0 ms]
      [Ref Proc: 3.5 ms]
      [Ref Enq: 0.0 ms]
      [Redirty Cards: 0.2 ms]
      [Humongous Register: 0.0 ms]
      [Humongous Reclaim: 0.0 ms]
      [Free CSet: 0.3 ms]
   [Eden: 142.0M(561.0M)->0.0B(573.0M) Survivors: 54272.0K->41984.0K Heap: 230.0M(1024.0M)->77824.5K(1024.0M)]
 [Times: user=0.25 sys=0.00, real=0.07 secs] 
2020-01-10T13:09:58.628+0000: 29.457: [GC concurrent-root-region-scan-start]
2020-01-10T13:09:58.628+0000: 29.457: Total time for which application threads were stopped: 0.0695715 seconds, Stopping threads took: 0.0000951 seconds
2020-01-10T13:09:58.662+0000: 29.492: [GC concurrent-root-region-scan-end, 0.0342335 secs]
2020-01-10T13:09:58.662+0000: 29.492: [GC concurrent-mark-start]
2020-01-10T13:09:58.701+0000: 29.531: [GC concurrent-mark-end, 0.0392853 secs]
2020-01-10T13:09:58.702+0000: 29.531: [GC remark 2020-01-10T13:09:58.702+0000: 29.531: [Finalize Marking, 0.0004296 secs] 2020-01-10T13:09:58.702+0000: 29.532: [GC ref-proc, 0.0008652 secs] 2020-01-10T13:09:58.703+0000: 29.532: [Unloading, 0.0169511 secs], 0.0189245 secs]
 [Times: user=0.07 sys=0.00, real=0.01 secs] 
2020-01-10T13:09:58.721+0000: 29.550: Total time for which application threads were stopped: 0.0191397 seconds, Stopping threads took: 0.0000465 seconds
2020-01-10T13:09:58.721+0000: 29.550: [GC cleanup 82434K->82434K(1024M), 0.0012215 secs]
 [Times: user=0.00 sys=0.01, real=0.01 secs] 
2020-01-10T13:09:58.722+0000: 29.552: Total time for which application threads were stopped: 0.0014467 seconds, Stopping threads took: 0.0000711 seconds
2020-01-10T13:09:58.920+0000: 29.750: Total time for which application threads were stopped: 0.0003839 seconds, Stopping threads took: 0.0001243 seconds
2020-01-10T13:09:59.035+0000: 29.865: Total time for which application threads were stopped: 0.0003458 seconds, Stopping threads took: 0.0000770 seconds
2020-01-10T13:09:59.233+0000: 30.063: Total time for which application threads were stopped: 0.0039416 seconds, Stopping threads took: 0.0036582 seconds
2020-01-10T13:09:59.519+0000: 30.349: Total time for which application threads were stopped: 0.0003806 seconds, Stopping threads took: 0.0000747 seconds
2020-01-10T13:09:59.553+0000: 30.382: Total time for which application threads were stopped: 0.0088211 seconds, Stopping threads took: 0.0080530 seconds
2020-01-10T13:09:59.589+0000: 30.419: Total time for which application threads were stopped: 0.0003212 seconds, Stopping threads took: 0.0001261 seconds
2020-01-10T13:09:59.590+0000: 30.420: Total time for which application threads were stopped: 0.0001536 seconds, Stopping threads took: 0.0000479 seconds
2020-01-10T13:09:59.592+0000: 30.422: Total time for which application threads were stopped: 0.0001406 seconds, Stopping threads took: 0.0000370 seconds
2020-01-10T13:09:59.593+0000: 30.422: Total time for which application threads were stopped: 0.0001990 seconds, Stopping threads took: 0.0000846 seconds
2020-01-10T13:09:59.593+0000: 30.423: Total time for which application threads were stopped: 0.0001796 seconds, Stopping threads took: 0.0000732 seconds
2020-01-10T13:09:59.593+0000: 30.423: Total time for which application threads were stopped: 0.0001194 seconds, Stopping threads took: 0.0000305 seconds
2020-01-10T13:09:59.594+0000: 30.423: Total time for which application threads were stopped: 0.0001229 seconds, Stopping threads took: 0.0000309 seconds
2020-01-10T13:09:59.596+0000: 30.425: Total time for which application threads were stopped: 0.0001301 seconds, Stopping threads took: 0.0000312 seconds
2020-01-10T13:09:59.596+0000: 30.425: Total time for which application threads were stopped: 0.0001199 seconds, Stopping threads took: 0.0000308 seconds
2020-01-10T13:09:59.596+0000: 30.426: Total time for which application threads were stopped: 0.0001158 seconds, Stopping threads took: 0.0000293 seconds
2020-01-10T13:09:59.596+0000: 30.426: Total time for which application threads were stopped: 0.0001282 seconds, Stopping threads took: 0.0000386 seconds
2020-01-10T13:09:59.597+0000: 30.426: Total time for which application threads were stopped: 0.0001412 seconds, Stopping threads took: 0.0000303 seconds
2020-01-10T13:09:59.597+0000: 30.426: Total time for which application threads were stopped: 0.0001328 seconds, Stopping threads took: 0.0000290 seconds
2020-01-10T13:09:59.604+0000: 30.434: Total time for which application threads were stopped: 0.0001279 seconds, Stopping threads took: 0.0000374 seconds
2020-01-10T13:09:59.604+0000: 30.434: Total time for which application threads were stopped: 0.0001197 seconds, Stopping threads took: 0.0000238 seconds
2020-01-10T13:09:59.606+0000: 30.435: Total time for which application threads were stopped: 0.0001190 seconds, Stopping threads took: 0.0000263 seconds
2020-01-10T13:09:59.606+0000: 30.436: Total time for which application threads were stopped: 0.0001105 seconds, Stopping threads took: 0.0000243 seconds
2020-01-10T13:09:59.610+0000: 30.440: Total time for which application threads were stopped: 0.0001492 seconds, Stopping threads took: 0.0000251 seconds
2020-01-10T13:09:59.624+0000: 30.454: Total time for which application threads were stopped: 0.0001832 seconds, Stopping threads took: 0.0000543 seconds
2020-01-10T13:09:59.624+0000: 30.454: Total time for which application threads were stopped: 0.0001258 seconds, Stopping threads took: 0.0000310 seconds
2020-01-10T13:09:59.683+0000: 30.513: Total time for which application threads were stopped: 0.0001749 seconds, Stopping threads took: 0.0000413 seconds
2020-01-10T13:09:59.684+0000: 30.513: Total time for which application threads were stopped: 0.0001804 seconds, Stopping threads took: 0.0000693 seconds
2020-01-10T13:09:59.684+0000: 30.514: Total time for which application threads were stopped: 0.0001459 seconds, Stopping threads took: 0.0000479 seconds
2020-01-10T13:09:59.684+0000: 30.514: Total time for which application threads were stopped: 0.0001498 seconds, Stopping threads took: 0.0000428 seconds
2020-01-10T13:09:59.684+0000: 30.514: Total time for which application threads were stopped: 0.0001287 seconds, Stopping threads took: 0.0000427 seconds
2020-01-10T13:09:59.685+0000: 30.514: Total time for which application threads were stopped: 0.0001274 seconds, Stopping threads took: 0.0000417 seconds
2020-01-10T13:09:59.685+0000: 30.514: Total time for which application threads were stopped: 0.0001258 seconds, Stopping threads took: 0.0000417 seconds
2020-01-10T13:09:59.701+0000: 30.530: Total time for which application threads were stopped: 0.0001715 seconds, Stopping threads took: 0.0000457 seconds
2020-01-10T13:09:59.712+0000: 30.542: Total time for which application threads were stopped: 0.0001899 seconds, Stopping threads took: 0.0000424 seconds
2020-01-10T13:09:59.712+0000: 30.542: Total time for which application threads were stopped: 0.0001394 seconds, Stopping threads took: 0.0000304 seconds
2020-01-10T13:09:59.739+0000: 30.569: Total time for which application threads were stopped: 0.0001891 seconds, Stopping threads took: 0.0000681 seconds
2020-01-10T13:09:59.749+0000: 30.579: Total time for which application threads were stopped: 0.0004345 seconds, Stopping threads took: 0.0003216 seconds
2020-01-10T13:09:59.751+0000: 30.581: Total time for which application threads were stopped: 0.0004283 seconds, Stopping threads took: 0.0002885 seconds
2020-01-10T13:09:59.778+0000: 30.607: Total time for which application threads were stopped: 0.0003269 seconds, Stopping threads took: 0.0001524 seconds
2020-01-10T13:09:59.783+0000: 30.613: Total time for which application threads were stopped: 0.0051936 seconds, Stopping threads took: 0.0050917 seconds
2020-01-10T13:09:59.960+0000: 30.789: Total time for which application threads were stopped: 0.0003631 seconds, Stopping threads took: 0.0001008 seconds
2020-01-10T13:10:00.430+0000: 31.259: Total time for which application threads were stopped: 0.0003697 seconds, Stopping threads took: 0.0001154 seconds
2020-01-10T13:10:00.560+0000: 31.390: Total time for which application threads were stopped: 0.0003152 seconds, Stopping threads took: 0.0000730 seconds
2020-01-10T13:10:00.619+0000: 31.449: Total time for which application threads were stopped: 0.0004894 seconds, Stopping threads took: 0.0000661 seconds
2020-01-10T13:10:00.796+0000: 31.625: Total time for which application threads were stopped: 0.0004337 seconds, Stopping threads took: 0.0000885 seconds
2020-01-10T13:10:00.915+0000: 31.744: Total time for which application threads were stopped: 0.0004522 seconds, Stopping threads took: 0.0001209 seconds
2020-01-10T13:10:01.099+0000: 31.929: Total time for which application threads were stopped: 0.0005580 seconds, Stopping threads took: 0.0001326 seconds
2020-01-10T13:10:02.100+0000: 32.929: Total time for which application threads were stopped: 0.0004288 seconds, Stopping threads took: 0.0001255 seconds
2020-01-10T13:10:02.644+0000: 33.474: [GC pause (G1 Evacuation Pause) (young)
Desired survivor size 40370176 bytes, new threshold 15 (max 15)
- age   1:    3508728 bytes,    3508728 total
- age   2:   13979600 bytes,   17488328 total
- age   3:    1756704 bytes,   19245032 total
- age   4:    4469160 bytes,   23714192 total
- age   5:    9368512 bytes,   33082704 total
- age   6:    2377176 bytes,   35459880 total
, 0.0815388 secs]
   [Parallel Time: 69.7 ms, GC Workers: 4]
      [GC Worker Start (ms): Min: 33473.9, Avg: 33473.9, Max: 33474.0, Diff: 0.2]
      [Ext Root Scanning (ms): Min: 2.2, Avg: 4.1, Max: 8.8, Diff: 6.6, Sum: 16.5]
      [Update RS (ms): Min: 0.0, Avg: 0.9, Max: 1.6, Diff: 1.6, Sum: 3.6]
         [Processed Buffers: Min: 0, Avg: 3.5, Max: 7, Diff: 7, Sum: 14]
      [Scan RS (ms): Min: 0.0, Avg: 0.3, Max: 0.6, Diff: 0.6, Sum: 1.3]
      [Code Root Scanning (ms): Min: 0.0, Avg: 1.0, Max: 1.9, Diff: 1.9, Sum: 4.1]
      [Object Copy (ms): Min: 60.6, Avg: 63.0, Max: 64.1, Diff: 3.5, Sum: 251.8]
      [Termination (ms): Min: 0.0, Avg: 0.0, Max: 0.0, Diff: 0.0, Sum: 0.0]
         [Termination Attempts: Min: 1, Avg: 1.0, Max: 1, Diff: 0, Sum: 4]
      [GC Worker Other (ms): Min: 0.0, Avg: 0.1, Max: 0.1, Diff: 0.1, Sum: 0.2]
      [GC Worker Total (ms): Min: 69.3, Avg: 69.4, Max: 69.5, Diff: 0.2, Sum: 277.6]
      [GC Worker End (ms): Min: 33543.3, Avg: 33543.4, Max: 33543.4, Diff: 0.0]
   [Code Root Fixup: 0.1 ms]
   [Code Root Purge: 0.0 ms]
   [Clear CT: 0.3 ms]
   [Other: 11.5 ms]
      [Choose CSet: 0.0 ms]
      [Ref Proc: 10.3 ms]
      [Ref Enq: 0.1 ms]
      [Redirty Cards: 0.2 ms]
      [Humongous Register: 0.0 ms]
      [Humongous Reclaim: 0.0 ms]
      [Free CSet: 0.7 ms]
   [Eden: 573.0M(573.0M)->0.0B(557.0M) Survivors: 41984.0K->58368.0K Heap: 649.5M(1024.0M)->94720.5K(1024.0M)]
 [Times: user=0.29 sys=0.00, real=0.08 secs] 
2020-01-10T13:10:02.726+0000: 33.555: Total time for which application threads were stopped: 0.0820074 seconds, Stopping threads took: 0.0000709 seconds
2020-01-10T13:10:02.738+0000: 33.567: Total time for which application threads were stopped: 0.0001713 seconds, Stopping threads took: 0.0000630 seconds
2020-01-10T13:10:02.738+0000: 33.568: Total time for which application threads were stopped: 0.0001304 seconds, Stopping threads took: 0.0000497 seconds
2020-01-10T13:10:02.738+0000: 33.568: Total time for which application threads were stopped: 0.0001816 seconds, Stopping threads took: 0.0001037 seconds
2020-01-10T13:10:02.739+0000: 33.568: Total time for which application threads were stopped: 0.0001503 seconds, Stopping threads took: 0.0000728 seconds
2020-01-10T13:10:02.740+0000: 33.569: Total time for which application threads were stopped: 0.0001702 seconds, Stopping threads took: 0.0000945 seconds
2020-01-10T13:10:02.740+0000: 33.570: Total time for which application threads were stopped: 0.0001575 seconds, Stopping threads took: 0.0000864 seconds
2020-01-10T13:10:02.922+0000: 33.751: Total time for which application threads were stopped: 0.0004031 seconds, Stopping threads took: 0.0000840 seconds
2020-01-10T13:10:03.015+0000: 33.845: Total time for which application threads were stopped: 0.0010455 seconds, Stopping threads took: 0.0000616 seconds
2020-01-10T13:10:03.017+0000: 33.847: Total time for which application threads were stopped: 0.0004895 seconds, Stopping threads took: 0.0000548 seconds
2020-01-10T13:10:03.018+0000: 33.848: Total time for which application threads were stopped: 0.0004004 seconds, Stopping threads took: 0.0000395 seconds
2020-01-10T13:10:03.021+0000: 33.851: Total time for which application threads were stopped: 0.0002081 seconds, Stopping threads took: 0.0000422 seconds
2020-01-10T13:10:03.022+0000: 33.852: Total time for which application threads were stopped: 0.0003381 seconds, Stopping threads took: 0.0000900 seconds
2020-01-10T13:10:03.070+0000: 33.900: Total time for which application threads were stopped: 0.0006666 seconds, Stopping threads took: 0.0000877 seconds
2020-01-10T13:10:03.071+0000: 33.900: Total time for which application threads were stopped: 0.0002272 seconds, Stopping threads took: 0.0001009 seconds
2020-01-10T13:10:03.071+0000: 33.901: Total time for which application threads were stopped: 0.0002492 seconds, Stopping threads took: 0.0001001 seconds
2020-01-10T13:10:03.083+0000: 33.912: Total time for which application threads were stopped: 0.0003391 seconds, Stopping threads took: 0.0001593 seconds
2020-01-10T13:10:03.083+0000: 33.913: Total time for which application threads were stopped: 0.0002371 seconds, Stopping threads took: 0.0001077 seconds
2020-01-10T13:10:03.084+0000: 33.913: Total time for which application threads were stopped: 0.0003071 seconds, Stopping threads took: 0.0001564 seconds
2020-01-10T13:10:03.139+0000: 33.969: Total time for which application threads were stopped: 0.0013954 seconds, Stopping threads took: 0.0001096 seconds
2020-01-10T13:10:03.158+0000: 33.988: Total time for which application threads were stopped: 0.0003289 seconds, Stopping threads took: 0.0001329 seconds
2020-01-10T13:10:03.163+0000: 33.993: Total time for which application threads were stopped: 0.0003100 seconds, Stopping threads took: 0.0001147 seconds
2020-01-10T13:10:03.172+0000: 34.001: Total time for which application threads were stopped: 0.0080492 seconds, Stopping threads took: 0.0078214 seconds
2020-01-10T13:10:03.172+0000: 34.002: Total time for which application threads were stopped: 0.0002916 seconds, Stopping threads took: 0.0001131 seconds
2020-01-10T13:10:03.211+0000: 34.040: Total time for which application threads were stopped: 0.0005433 seconds, Stopping threads took: 0.0001347 seconds
2020-01-10T13:10:03.428+0000: 34.258: Total time for which application threads were stopped: 0.0003678 seconds, Stopping threads took: 0.0001227 seconds
2020-01-10T13:10:03.429+0000: 34.258: Total time for which application threads were stopped: 0.0002608 seconds, Stopping threads took: 0.0001026 seconds
2020-01-10T13:10:03.429+0000: 34.259: Total time for which application threads were stopped: 0.0002596 seconds, Stopping threads took: 0.0001333 seconds
2020-01-10T13:10:03.430+0000: 34.260: Total time for which application threads were stopped: 0.0002841 seconds, Stopping threads took: 0.0001439 seconds
2020-01-10T13:10:03.443+0000: 34.272: Total time for which application threads were stopped: 0.0002561 seconds, Stopping threads took: 0.0001175 seconds
2020-01-10T13:10:03.444+0000: 34.273: Total time for which application threads were stopped: 0.0004822 seconds, Stopping threads took: 0.0003539 seconds
2020-01-10T13:10:03.452+0000: 34.281: Total time for which application threads were stopped: 0.0002196 seconds, Stopping threads took: 0.0001029 seconds
2020-01-10T13:10:03.468+0000: 34.298: Total time for which application threads were stopped: 0.0002954 seconds, Stopping threads took: 0.0001450 seconds
2020-01-10T13:10:03.482+0000: 34.311: Total time for which application threads were stopped: 0.0002949 seconds, Stopping threads took: 0.0001590 seconds
2020-01-10T13:10:03.486+0000: 34.315: Total time for which application threads were stopped: 0.0011243 seconds, Stopping threads took: 0.0001171 seconds
2020-01-10T13:10:03.497+0000: 34.326: Total time for which application threads were stopped: 0.0002257 seconds, Stopping threads took: 0.0000737 seconds
2020-01-10T13:10:03.497+0000: 34.327: Total time for which application threads were stopped: 0.0001761 seconds, Stopping threads took: 0.0000408 seconds
2020-01-10T13:10:03.499+0000: 34.328: Total time for which application threads were stopped: 0.0001573 seconds, Stopping threads took: 0.0000530 seconds
2020-01-10T13:10:03.500+0000: 34.329: Total time for which application threads were stopped: 0.0007687 seconds, Stopping threads took: 0.0006252 seconds
2020-01-10T13:10:03.548+0000: 34.377: Total time for which application threads were stopped: 0.0010549 seconds, Stopping threads took: 0.0001193 seconds
2020-01-10T13:10:03.568+0000: 34.397: Total time for which application threads were stopped: 0.0003646 seconds, Stopping threads took: 0.0001652 seconds
2020-01-10T13:10:03.568+0000: 34.398: Total time for which application threads were stopped: 0.0002075 seconds, Stopping threads took: 0.0000678 seconds
2020-01-10T13:10:03.571+0000: 34.400: Total time for which application threads were stopped: 0.0002901 seconds, Stopping threads took: 0.0000835 seconds
2020-01-10T13:10:03.571+0000: 34.400: Total time for which application threads were stopped: 0.0002035 seconds, Stopping threads took: 0.0000565 seconds
2020-01-10T13:10:03.571+0000: 34.401: Total time for which application threads were stopped: 0.0002047 seconds, Stopping threads took: 0.0000629 seconds
2020-01-10T13:10:03.573+0000: 34.403: Total time for which application threads were stopped: 0.0002354 seconds, Stopping threads took: 0.0000350 seconds
2020-01-10T13:10:03.577+0000: 34.407: Total time for which application threads were stopped: 0.0002363 seconds, Stopping threads took: 0.0000527 seconds
2020-01-10T13:10:03.580+0000: 34.410: Total time for which application threads were stopped: 0.0002306 seconds, Stopping threads took: 0.0000515 seconds
2020-01-10T13:10:03.612+0000: 34.442: Total time for which application threads were stopped: 0.0002784 seconds, Stopping threads took: 0.0000575 seconds
2020-01-10T13:10:03.613+0000: 34.442: Total time for which application threads were stopped: 0.0001842 seconds, Stopping threads took: 0.0000326 seconds
2020-01-10T13:10:03.617+0000: 34.447: Total time for which application threads were stopped: 0.0002534 seconds, Stopping threads took: 0.0000513 seconds
2020-01-10T13:10:03.617+0000: 34.447: Total time for which application threads were stopped: 0.0001955 seconds, Stopping threads took: 0.0000287 seconds
2020-01-10T13:10:03.618+0000: 34.447: Total time for which application threads were stopped: 0.0002069 seconds, Stopping threads took: 0.0000672 seconds
2020-01-10T13:10:03.618+0000: 34.447: Total time for which application threads were stopped: 0.0001676 seconds, Stopping threads took: 0.0000300 seconds
2020-01-10T13:10:03.618+0000: 34.448: Total time for which application threads were stopped: 0.0001671 seconds, Stopping threads took: 0.0000321 seconds
2020-01-10T13:10:03.618+0000: 34.448: Total time for which application threads were stopped: 0.0001659 seconds, Stopping threads took: 0.0000298 seconds
2020-01-10T13:10:03.619+0000: 34.448: Total time for which application threads were stopped: 0.0001985 seconds, Stopping threads took: 0.0000590 seconds
2020-01-10T13:10:03.619+0000: 34.448: Total time for which application threads were stopped: 0.0001657 seconds, Stopping threads took: 0.0000324 seconds
2020-01-10T13:10:03.626+0000: 34.455: Total time for which application threads were stopped: 0.0066880 seconds, Stopping threads took: 0.0064955 seconds
2020-01-10T13:10:03.626+0000: 34.455: Total time for which application threads were stopped: 0.0002544 seconds, Stopping threads took: 0.0000942 seconds
2020-01-10T13:10:03.626+0000: 34.456: Total time for which application threads were stopped: 0.0002160 seconds, Stopping threads took: 0.0000668 seconds
2020-01-10T13:10:03.626+0000: 34.456: Total time for which application threads were stopped: 0.0002453 seconds, Stopping threads took: 0.0001002 seconds
2020-01-10T13:10:03.627+0000: 34.456: Total time for which application threads were stopped: 0.0002198 seconds, Stopping threads took: 0.0000724 seconds
2020-01-10T13:10:03.627+0000: 34.457: Total time for which application threads were stopped: 0.0001726 seconds, Stopping threads took: 0.0000361 seconds
2020-01-10T13:10:03.627+0000: 34.457: Total time for which application threads were stopped: 0.0001914 seconds, Stopping threads took: 0.0000378 seconds
2020-01-10T13:10:03.627+0000: 34.457: Total time for which application threads were stopped: 0.0001848 seconds, Stopping threads took: 0.0000396 seconds
2020-01-10T13:10:03.628+0000: 34.457: Total time for which application threads were stopped: 0.0002461 seconds, Stopping threads took: 0.0000856 seconds
2020-01-10T13:10:03.628+0000: 34.458: Total time for which application threads were stopped: 0.0002301 seconds, Stopping threads took: 0.0000749 seconds
2020-01-10T13:10:03.628+0000: 34.458: Total time for which application threads were stopped: 0.0002233 seconds, Stopping threads took: 0.0000670 seconds
2020-01-10T13:10:03.629+0000: 34.458: Total time for which application threads were stopped: 0.0002174 seconds, Stopping threads took: 0.0000664 seconds
2020-01-10T13:10:03.629+0000: 34.458: Total time for which application threads were stopped: 0.0001744 seconds, Stopping threads took: 0.0000385 seconds
2020-01-10T13:10:03.629+0000: 34.459: Total time for which application threads were stopped: 0.0001742 seconds, Stopping threads took: 0.0000341 seconds
2020-01-10T13:10:03.629+0000: 34.459: Total time for which application threads were stopped: 0.0001855 seconds, Stopping threads took: 0.0000374 seconds
2020-01-10T13:10:03.630+0000: 34.459: Total time for which application threads were stopped: 0.0001724 seconds, Stopping threads took: 0.0000339 seconds
2020-01-10T13:10:03.630+0000: 34.459: Total time for which application threads were stopped: 0.0001761 seconds, Stopping threads took: 0.0000394 seconds
2020-01-10T13:10:03.630+0000: 34.460: Total time for which application threads were stopped: 0.0001720 seconds, Stopping threads took: 0.0000338 seconds
2020-01-10T13:10:03.630+0000: 34.460: Total time for which application threads were stopped: 0.0002153 seconds, Stopping threads took: 0.0000576 seconds
2020-01-10T13:10:03.631+0000: 34.460: Total time for which application threads were stopped: 0.0001917 seconds, Stopping threads took: 0.0000479 seconds
2020-01-10T13:10:03.631+0000: 34.460: Total time for which application threads were stopped: 0.0002477 seconds, Stopping threads took: 0.0000956 seconds
2020-01-10T13:10:03.631+0000: 34.461: Total time for which application threads were stopped: 0.0002122 seconds, Stopping threads took: 0.0000637 seconds
2020-01-10T13:10:03.631+0000: 34.461: Total time for which application threads were stopped: 0.0002179 seconds, Stopping threads took: 0.0000705 seconds
2020-01-10T13:10:03.632+0000: 34.461: Total time for which application threads were stopped: 0.0002362 seconds, Stopping threads took: 0.0000880 seconds
2020-01-10T13:10:03.632+0000: 34.462: Total time for which application threads were stopped: 0.0002290 seconds, Stopping threads took: 0.0000806 seconds
2020-01-10T13:10:03.632+0000: 34.462: Total time for which application threads were stopped: 0.0002137 seconds, Stopping threads took: 0.0000617 seconds
2020-01-10T13:10:03.633+0000: 34.462: Total time for which application threads were stopped: 0.0002083 seconds, Stopping threads took: 0.0000552 seconds
2020-01-10T13:10:03.633+0000: 34.463: Total time for which application threads were stopped: 0.0002539 seconds, Stopping threads took: 0.0000749 seconds
2020-01-10T13:10:03.633+0000: 34.463: Total time for which application threads were stopped: 0.0002937 seconds, Stopping threads took: 0.0000864 seconds
2020-01-10T13:10:03.634+0000: 34.463: Total time for which application threads were stopped: 0.0002353 seconds, Stopping threads took: 0.0000617 seconds
2020-01-10T13:10:03.634+0000: 34.464: Total time for which application threads were stopped: 0.0005010 seconds, Stopping threads took: 0.0000615 seconds
2020-01-10T13:10:03.635+0000: 34.464: Total time for which application threads were stopped: 0.0003507 seconds, Stopping threads took: 0.0000926 seconds
2020-01-10T13:10:03.648+0000: 34.477: Total time for which application threads were stopped: 0.0003396 seconds, Stopping threads took: 0.0001117 seconds
2020-01-10T13:10:03.648+0000: 34.478: Total time for which application threads were stopped: 0.0002163 seconds, Stopping threads took: 0.0000460 seconds
2020-01-10T13:10:03.649+0000: 34.478: Total time for which application threads were stopped: 0.0002308 seconds, Stopping threads took: 0.0000769 seconds
2020-01-10T13:10:03.649+0000: 34.478: Total time for which application threads were stopped: 0.0002167 seconds, Stopping threads took: 0.0000660 seconds
2020-01-10T13:10:03.649+0000: 34.479: Total time for which application threads were stopped: 0.0002223 seconds, Stopping threads took: 0.0000665 seconds
2020-01-10T13:10:03.649+0000: 34.479: Total time for which application threads were stopped: 0.0002409 seconds, Stopping threads took: 0.0000966 seconds
2020-01-10T13:10:03.650+0000: 34.479: Total time for which application threads were stopped: 0.0002128 seconds, Stopping threads took: 0.0000665 seconds
2020-01-10T13:10:03.650+0000: 34.480: Total time for which application threads were stopped: 0.0002083 seconds, Stopping threads took: 0.0000660 seconds
2020-01-10T13:10:03.650+0000: 34.480: Total time for which application threads were stopped: 0.0002199 seconds, Stopping threads took: 0.0000658 seconds
2020-01-10T13:10:03.651+0000: 34.480: Total time for which application threads were stopped: 0.0002082 seconds, Stopping threads took: 0.0000660 seconds
2020-01-10T13:10:03.651+0000: 34.481: Total time for which application threads were stopped: 0.0002156 seconds, Stopping threads took: 0.0000678 seconds
2020-01-10T13:10:03.651+0000: 34.481: Total time for which application threads were stopped: 0.0002055 seconds, Stopping threads took: 0.0000597 seconds
2020-01-10T13:10:03.652+0000: 34.481: Total time for which application threads were stopped: 0.0002276 seconds, Stopping threads took: 0.0000819 seconds
2020-01-10T13:10:03.652+0000: 34.481: Total time for which application threads were stopped: 0.0002234 seconds, Stopping threads took: 0.0000785 seconds
2020-01-10T13:10:03.652+0000: 34.482: Total time for which application threads were stopped: 0.0002073 seconds, Stopping threads took: 0.0000617 seconds
2020-01-10T13:10:03.653+0000: 34.482: Total time for which application threads were stopped: 0.0002268 seconds, Stopping threads took: 0.0000794 seconds
2020-01-10T13:10:03.653+0000: 34.482: Total time for which application threads were stopped: 0.0002102 seconds, Stopping threads took: 0.0000615 seconds
2020-01-10T13:10:03.653+0000: 34.483: Total time for which application threads were stopped: 0.0002798 seconds, Stopping threads took: 0.0000790 seconds
2020-01-10T13:10:03.654+0000: 34.483: Total time for which application threads were stopped: 0.0002198 seconds, Stopping threads took: 0.0000676 seconds
2020-01-10T13:10:03.654+0000: 34.484: Total time for which application threads were stopped: 0.0003550 seconds, Stopping threads took: 0.0000684 seconds
2020-01-10T13:10:03.671+0000: 34.501: Total time for which application threads were stopped: 0.0002977 seconds, Stopping threads took: 0.0000728 seconds
2020-01-10T13:10:03.728+0000: 34.558: Total time for which application threads were stopped: 0.0007385 seconds, Stopping threads took: 0.0000835 seconds
2020-01-10T13:10:03.757+0000: 34.587: Total time for which application threads were stopped: 0.0003510 seconds, Stopping threads took: 0.0001151 seconds
2020-01-10T13:10:03.758+0000: 34.588: Total time for which application threads were stopped: 0.0002559 seconds, Stopping threads took: 0.0001129 seconds
2020-01-10T13:10:03.766+0000: 34.596: Total time for which application threads were stopped: 0.0002357 seconds, Stopping threads took: 0.0001115 seconds
2020-01-10T13:10:03.796+0000: 34.626: Total time for which application threads were stopped: 0.0003052 seconds, Stopping threads took: 0.0000649 seconds
2020-01-10T13:10:03.816+0000: 34.645: Total time for which application threads were stopped: 0.0002534 seconds, Stopping threads took: 0.0000735 seconds
2020-01-10T13:10:03.817+0000: 34.646: Total time for which application threads were stopped: 0.0001437 seconds, Stopping threads took: 0.0000517 seconds
2020-01-10T13:10:03.818+0000: 34.648: Total time for which application threads were stopped: 0.0001667 seconds, Stopping threads took: 0.0000597 seconds
2020-01-10T13:10:03.819+0000: 34.649: Total time for which application threads were stopped: 0.0001667 seconds, Stopping threads took: 0.0000644 seconds
2020-01-10T13:10:03.820+0000: 34.650: Total time for which application threads were stopped: 0.0001959 seconds, Stopping threads took: 0.0001007 seconds
2020-01-10T13:10:03.821+0000: 34.650: Total time for which application threads were stopped: 0.0001696 seconds, Stopping threads took: 0.0000799 seconds
2020-01-10T13:10:03.821+0000: 34.651: Total time for which application threads were stopped: 0.0001328 seconds, Stopping threads took: 0.0000457 seconds
2020-01-10T13:10:03.822+0000: 34.651: Total time for which application threads were stopped: 0.0001346 seconds, Stopping threads took: 0.0000439 seconds
2020-01-10T13:10:03.822+0000: 34.652: Total time for which application threads were stopped: 0.0001245 seconds, Stopping threads took: 0.0000375 seconds
2020-01-10T13:10:03.823+0000: 34.652: Total time for which application threads were stopped: 0.0001241 seconds, Stopping threads took: 0.0000378 seconds
2020-01-10T13:10:03.824+0000: 34.653: Total time for which application threads were stopped: 0.0001245 seconds, Stopping threads took: 0.0000379 seconds
2020-01-10T13:10:03.825+0000: 34.654: Total time for which application threads were stopped: 0.0001236 seconds, Stopping threads took: 0.0000384 seconds
2020-01-10T13:10:03.825+0000: 34.655: Total time for which application threads were stopped: 0.0001967 seconds, Stopping threads took: 0.0000898 seconds
2020-01-10T13:10:03.826+0000: 34.655: Total time for which application threads were stopped: 0.0001811 seconds, Stopping threads took: 0.0000858 seconds
2020-01-10T13:10:03.827+0000: 34.656: Total time for which application threads were stopped: 0.0001655 seconds, Stopping threads took: 0.0000740 seconds
2020-01-10T13:10:03.827+0000: 34.657: Total time for which application threads were stopped: 0.0001774 seconds, Stopping threads took: 0.0000871 seconds
2020-01-10T13:10:03.828+0000: 34.657: Total time for which application threads were stopped: 0.0001264 seconds, Stopping threads took: 0.0000408 seconds
2020-01-10T13:10:03.828+0000: 34.658: Total time for which application threads were stopped: 0.0001430 seconds, Stopping threads took: 0.0000423 seconds
2020-01-10T13:10:03.829+0000: 34.659: Total time for which application threads were stopped: 0.0001323 seconds, Stopping threads took: 0.0000436 seconds
2020-01-10T13:10:03.830+0000: 34.660: Total time for which application threads were stopped: 0.0004500 seconds, Stopping threads took: 0.0000447 seconds
2020-01-10T13:10:03.916+0000: 34.745: Total time for which application threads were stopped: 0.0002275 seconds, Stopping threads took: 0.0000668 seconds
2020-01-10T13:10:03.919+0000: 34.748: Total time for which application threads were stopped: 0.0002933 seconds, Stopping threads took: 0.0001402 seconds
2020-01-10T13:10:03.921+0000: 34.751: Total time for which application threads were stopped: 0.0002748 seconds, Stopping threads took: 0.0000982 seconds
2020-01-10T13:10:03.923+0000: 34.752: Total time for which application threads were stopped: 0.0002420 seconds, Stopping threads took: 0.0000725 seconds
2020-01-10T13:10:03.923+0000: 34.753: Total time for which application threads were stopped: 0.0001937 seconds, Stopping threads took: 0.0000529 seconds
2020-01-10T13:10:03.931+0000: 34.761: Total time for which application threads were stopped: 0.0081229 seconds, Stopping threads took: 0.0079338 seconds
2020-01-10T13:10:03.932+0000: 34.761: Total time for which application threads were stopped: 0.0002158 seconds, Stopping threads took: 0.0001019 seconds
2020-01-10T13:10:03.960+0000: 34.790: Total time for which application threads were stopped: 0.0002834 seconds, Stopping threads took: 0.0001013 seconds
2020-01-10T13:10:03.993+0000: 34.822: Total time for which application threads were stopped: 0.0002818 seconds, Stopping threads took: 0.0001232 seconds
2020-01-10T13:10:03.993+0000: 34.823: Total time for which application threads were stopped: 0.0001615 seconds, Stopping threads took: 0.0000662 seconds
2020-01-10T13:10:03.994+0000: 34.823: Total time for which application threads were stopped: 0.0001981 seconds, Stopping threads took: 0.0000784 seconds
2020-01-10T13:10:04.041+0000: 34.870: Total time for which application threads were stopped: 0.0083397 seconds, Stopping threads took: 0.0081285 seconds
2020-01-10T13:10:04.041+0000: 34.871: Total time for which application threads were stopped: 0.0003120 seconds, Stopping threads took: 0.0001396 seconds
2020-01-10T13:10:04.045+0000: 34.875: Total time for which application threads were stopped: 0.0009850 seconds, Stopping threads took: 0.0008615 seconds
2020-01-10T13:10:04.755+0000: 35.584: Total time for which application threads were stopped: 0.0006121 seconds, Stopping threads took: 0.0002866 seconds
2020-01-10T13:10:04.755+0000: 35.585: Total time for which application threads were stopped: 0.0002156 seconds, Stopping threads took: 0.0000993 seconds
2020-01-10T13:10:04.774+0000: 35.603: Total time for which application threads were stopped: 0.0005873 seconds, Stopping threads took: 0.0000993 seconds
2020-01-10T13:10:05.248+0000: 36.078: Total time for which application threads were stopped: 0.0005457 seconds, Stopping threads took: 0.0001288 seconds
2020-01-10T13:10:05.249+0000: 36.079: Total time for which application threads were stopped: 0.0004351 seconds, Stopping threads took: 0.0001378 seconds
2020-01-10T13:10:06.250+0000: 37.079: Total time for which application threads were stopped: 0.0002821 seconds, Stopping threads took: 0.0001630 seconds
2020-01-10T13:10:09.754+0000: 40.583: Total time for which application threads were stopped: 0.0002203 seconds, Stopping threads took: 0.0000949 seconds
2020-01-10T13:10:09.754+0000: 40.584: Total time for which application threads were stopped: 0.0000914 seconds, Stopping threads took: 0.0000262 seconds
2020-01-10T13:10:10.754+0000: 41.584: Total time for which application threads were stopped: 0.0003254 seconds, Stopping threads took: 0.0000825 seconds
2020-01-10T13:10:13.755+0000: 44.585: Total time for which application threads were stopped: 0.0002361 seconds, Stopping threads took: 0.0000887 seconds
2020-01-10T13:10:14.754+0000: 45.584: Total time for which application threads were stopped: 0.0002254 seconds, Stopping threads took: 0.0000666 seconds
2020-01-10T13:10:14.755+0000: 45.584: Total time for which application threads were stopped: 0.0000899 seconds, Stopping threads took: 0.0000279 seconds
2020-01-10T13:10:16.755+0000: 47.584: Total time for which application threads were stopped: 0.0001674 seconds, Stopping threads took: 0.0000570 seconds
2020-01-10T13:10:19.755+0000: 50.584: Total time for which application threads were stopped: 0.0003362 seconds, Stopping threads took: 0.0001609 seconds
2020-01-10T13:10:19.755+0000: 50.585: Total time for which application threads were stopped: 0.0001617 seconds, Stopping threads took: 0.0000740 seconds
2020-01-10T13:10:20.755+0000: 51.585: Total time for which application threads were stopped: 0.0002316 seconds, Stopping threads took: 0.0000666 seconds
2020-01-10T13:10:21.756+0000: 52.585: Total time for which application threads were stopped: 0.0002457 seconds, Stopping threads took: 0.0000805 seconds
2020-01-10T13:10:22.756+0000: 53.586: Total time for which application threads were stopped: 0.0002429 seconds, Stopping threads took: 0.0000610 seconds
2020-01-10T13:10:23.756+0000: 54.586: Total time for which application threads were stopped: 0.0002278 seconds, Stopping threads took: 0.0000668 seconds
2020-01-10T13:10:24.756+0000: 55.585: Total time for which application threads were stopped: 0.0005089 seconds, Stopping threads took: 0.0001863 seconds
2020-01-10T13:10:28.756+0000: 59.586: Total time for which application threads were stopped: 0.0002215 seconds, Stopping threads took: 0.0000795 seconds
2020-01-10T13:10:29.756+0000: 60.585: Total time for which application threads were stopped: 0.0002552 seconds, Stopping threads took: 0.0001052 seconds
2020-01-10T13:10:29.756+0000: 60.585: Total time for which application threads were stopped: 0.0000952 seconds, Stopping threads took: 0.0000346 seconds
2020-01-10T13:10:34.756+0000: 65.585: Total time for which application threads were stopped: 0.0002366 seconds, Stopping threads took: 0.0000926 seconds
2020-01-10T13:10:34.756+0000: 65.585: Total time for which application threads were stopped: 0.0000818 seconds, Stopping threads took: 0.0000199 seconds
2020-01-10T13:10:38.756+0000: 69.586: Total time for which application threads were stopped: 0.0002142 seconds, Stopping threads took: 0.0000773 seconds
2020-01-10T13:10:39.757+0000: 70.587: Total time for which application threads were stopped: 0.0003546 seconds, Stopping threads took: 0.0001878 seconds
2020-01-10T13:10:39.757+0000: 70.587: Total time for which application threads were stopped: 0.0001210 seconds, Stopping threads took: 0.0000309 seconds
2020-01-10T13:10:42.758+0000: 73.587: Total time for which application threads were stopped: 0.0002370 seconds, Stopping threads took: 0.0000927 seconds
2020-01-10T13:10:43.758+0000: 74.588: Total time for which application threads were stopped: 0.0002315 seconds, Stopping threads took: 0.0000871 seconds
2020-01-10T13:10:44.757+0000: 75.587: Total time for which application threads were stopped: 0.0002607 seconds, Stopping threads took: 0.0001300 seconds
2020-01-10T13:10:44.757+0000: 75.587: Total time for which application threads were stopped: 0.0001412 seconds, Stopping threads took: 0.0000612 seconds
2020-01-10T13:10:47.758+0000: 78.587: Total time for which application threads were stopped: 0.0003224 seconds, Stopping threads took: 0.0001432 seconds
2020-01-10T13:10:48.758+0000: 79.588: Total time for which application threads were stopped: 0.0002304 seconds, Stopping threads took: 0.0000786 seconds
2020-01-10T13:10:49.757+0000: 80.586: Total time for which application threads were stopped: 0.0002295 seconds, Stopping threads took: 0.0000756 seconds
2020-01-10T13:10:49.757+0000: 80.587: Total time for which application threads were stopped: 0.0000998 seconds, Stopping threads took: 0.0000345 seconds
2020-01-10T13:10:53.758+0000: 84.587: Total time for which application threads were stopped: 0.0002474 seconds, Stopping threads took: 0.0001124 seconds
2020-01-10T13:10:54.757+0000: 85.586: Total time for which application threads were stopped: 0.0002196 seconds, Stopping threads took: 0.0000828 seconds
2020-01-10T13:10:54.757+0000: 85.587: Total time for which application threads were stopped: 0.0002054 seconds, Stopping threads took: 0.0001004 seconds
2020-01-10T13:10:59.756+0000: 90.586: Total time for which application threads were stopped: 0.0002682 seconds, Stopping threads took: 0.0001006 seconds
2020-01-10T13:10:59.756+0000: 90.586: Total time for which application threads were stopped: 0.0001168 seconds, Stopping threads took: 0.0000336 seconds
2020-01-10T13:11:00.757+0000: 91.586: Total time for which application threads were stopped: 0.0001986 seconds, Stopping threads took: 0.0000663 seconds
2020-01-10T13:11:03.159+0000: 93.988: Total time for which application threads were stopped: 0.0002541 seconds, Stopping threads took: 0.0000971 seconds
2020-01-10T13:11:04.757+0000: 95.586: Total time for which application threads were stopped: 0.0003312 seconds, Stopping threads took: 0.0001482 seconds
2020-01-10T13:11:04.757+0000: 95.586: Total time for which application threads were stopped: 0.0000966 seconds, Stopping threads took: 0.0000280 seconds
2020-01-10T13:11:09.757+0000: 100.586: Total time for which application threads were stopped: 0.0002566 seconds, Stopping threads took: 0.0000942 seconds
2020-01-10T13:11:09.757+0000: 100.587: Total time for which application threads were stopped: 0.0000796 seconds, Stopping threads took: 0.0000141 seconds
2020-01-10T13:11:12.758+0000: 103.587: Total time for which application threads were stopped: 0.0001500 seconds, Stopping threads took: 0.0000305 seconds
2020-01-10T13:11:14.759+0000: 105.589: Total time for which application threads were stopped: 0.0002194 seconds, Stopping threads took: 0.0000924 seconds
2020-01-10T13:11:14.759+0000: 105.589: Total time for which application threads were stopped: 0.0000971 seconds, Stopping threads took: 0.0000308 seconds
2020-01-10T13:11:15.760+0000: 106.589: Total time for which application threads were stopped: 0.0001495 seconds, Stopping threads took: 0.0000283 seconds
2020-01-10T13:11:19.759+0000: 110.588: Total time for which application threads were stopped: 0.0002252 seconds, Stopping threads took: 0.0000747 seconds
2020-01-10T13:11:19.759+0000: 110.588: Total time for which application threads were stopped: 0.0000951 seconds, Stopping threads took: 0.0000307 seconds
2020-01-10T13:11:23.759+0000: 114.589: Total time for which application threads were stopped: 0.0002042 seconds, Stopping threads took: 0.0000851 seconds
2020-01-10T13:11:24.759+0000: 115.588: Total time for which application threads were stopped: 0.0001959 seconds, Stopping threads took: 0.0000775 seconds
2020-01-10T13:11:24.759+0000: 115.589: Total time for which application threads were stopped: 0.0001359 seconds, Stopping threads took: 0.0000519 seconds
2020-01-10T13:11:26.759+0000: 117.589: Total time for which application threads were stopped: 0.0001847 seconds, Stopping threads took: 0.0000683 seconds
2020-01-10T13:11:28.760+0000: 119.589: Total time for which application threads were stopped: 0.0002329 seconds, Stopping threads took: 0.0000925 seconds
2020-01-10T13:11:29.759+0000: 120.589: Total time for which application threads were stopped: 0.0004069 seconds, Stopping threads took: 0.0002427 seconds
2020-01-10T13:11:29.760+0000: 120.589: Total time for which application threads were stopped: 0.0001670 seconds, Stopping threads took: 0.0000811 seconds
2020-01-10T13:11:30.760+0000: 121.590: Total time for which application threads were stopped: 0.0002084 seconds, Stopping threads took: 0.0000611 seconds
2020-01-10T13:11:33.761+0000: 124.590: Total time for which application threads were stopped: 0.0002079 seconds, Stopping threads took: 0.0000830 seconds
2020-01-10T13:11:34.760+0000: 125.589: Total time for which application threads were stopped: 0.0001950 seconds, Stopping threads took: 0.0000689 seconds
2020-01-10T13:11:34.760+0000: 125.590: Total time for which application threads were stopped: 0.0002282 seconds, Stopping threads took: 0.0000203 seconds
2020-01-10T13:11:37.761+0000: 128.590: Total time for which application threads were stopped: 0.0002288 seconds, Stopping threads took: 0.0000725 seconds
2020-01-10T13:11:39.760+0000: 130.590: Total time for which application threads were stopped: 0.0002057 seconds, Stopping threads took: 0.0000825 seconds
2020-01-10T13:11:39.760+0000: 130.590: Total time for which application threads were stopped: 0.0000960 seconds, Stopping threads took: 0.0000188 seconds
2020-01-10T13:11:40.761+0000: 131.590: Total time for which application threads were stopped: 0.0001800 seconds, Stopping threads took: 0.0000617 seconds
2020-01-10T13:11:41.761+0000: 132.590: Total time for which application threads were stopped: 0.0001872 seconds, Stopping threads took: 0.0000660 seconds
2020-01-10T13:11:44.760+0000: 135.590: Total time for which application threads were stopped: 0.0002220 seconds, Stopping threads took: 0.0000825 seconds
2020-01-10T13:11:44.760+0000: 135.590: Total time for which application threads were stopped: 0.0001749 seconds, Stopping threads took: 0.0000913 seconds
2020-01-10T13:11:49.761+0000: 140.591: Total time for which application threads were stopped: 0.0008241 seconds, Stopping threads took: 0.0006656 seconds
2020-01-10T13:11:49.762+0000: 140.591: Total time for which application threads were stopped: 0.0001120 seconds, Stopping threads took: 0.0000484 seconds
2020-01-10T13:11:54.761+0000: 145.590: Total time for which application threads were stopped: 0.0002141 seconds, Stopping threads took: 0.0000792 seconds
2020-01-10T13:11:54.761+0000: 145.591: Total time for which application threads were stopped: 0.0000841 seconds, Stopping threads took: 0.0000204 seconds
2020-01-10T13:11:59.761+0000: 150.591: Total time for which application threads were stopped: 0.0002389 seconds, Stopping threads took: 0.0000868 seconds
2020-01-10T13:11:59.762+0000: 150.591: Total time for which application threads were stopped: 0.0001151 seconds, Stopping threads took: 0.0000356 seconds
2020-01-10T13:12:00.762+0000: 151.591: Total time for which application threads were stopped: 0.0001833 seconds, Stopping threads took: 0.0000605 seconds
2020-01-10T13:12:04.762+0000: 155.591: Total time for which application threads were stopped: 0.0002782 seconds, Stopping threads took: 0.0001393 seconds
2020-01-10T13:12:04.762+0000: 155.592: Total time for which application threads were stopped: 0.0001001 seconds, Stopping threads took: 0.0000335 seconds
2020-01-10T13:12:06.763+0000: 157.592: Total time for which application threads were stopped: 0.0001975 seconds, Stopping threads took: 0.0000763 seconds
2020-01-10T13:12:09.763+0000: 160.593: Total time for which application threads were stopped: 0.0002818 seconds, Stopping threads took: 0.0001474 seconds
2020-01-10T13:12:09.766+0000: 160.595: Total time for which application threads were stopped: 0.0002310 seconds, Stopping threads took: 0.0001322 seconds
2020-01-10T13:12:09.766+0000: 160.595: Total time for which application threads were stopped: 0.0001368 seconds, Stopping threads took: 0.0000598 seconds
2020-01-10T13:12:14.763+0000: 165.592: Total time for which application threads were stopped: 0.0002741 seconds, Stopping threads took: 0.0000814 seconds
2020-01-10T13:12:14.763+0000: 165.593: Total time for which application threads were stopped: 0.0000965 seconds, Stopping threads took: 0.0000310 seconds
2020-01-10T13:12:16.763+0000: 167.593: Total time for which application threads were stopped: 0.0002618 seconds, Stopping threads took: 0.0001027 seconds
2020-01-10T13:12:19.763+0000: 170.593: Total time for which application threads were stopped: 0.0002338 seconds, Stopping threads took: 0.0000739 seconds
2020-01-10T13:12:19.763+0000: 170.593: Total time for which application threads were stopped: 0.0000897 seconds, Stopping threads took: 0.0000274 seconds
2020-01-10T13:12:24.763+0000: 175.593: Total time for which application threads were stopped: 0.0003196 seconds, Stopping threads took: 0.0001469 seconds
2020-01-10T13:12:24.763+0000: 175.593: Total time for which application threads were stopped: 0.0001186 seconds, Stopping threads took: 0.0000416 seconds
2020-01-10T13:12:25.986+0000: 176.816: Total time for which application threads were stopped: 0.0002797 seconds, Stopping threads took: 0.0000902 seconds
2020-01-10T13:12:25.987+0000: 176.816: Total time for which application threads were stopped: 0.0003070 seconds, Stopping threads took: 0.0000312 seconds
2020-01-10T13:12:25.995+0000: 176.824: Total time for which application threads were stopped: 0.0076957 seconds, Stopping threads took: 0.0076090 seconds
2020-01-10T13:12:25.997+0000: 176.826: Total time for which application threads were stopped: 0.0011860 seconds, Stopping threads took: 0.0009401 seconds
2020-01-10T13:12:26.000+0000: 176.829: Total time for which application threads were stopped: 0.0001470 seconds, Stopping threads took: 0.0000405 seconds
2020-01-10T13:12:26.261+0000: 177.091: Total time for which application threads were stopped: 0.0005079 seconds, Stopping threads took: 0.0000774 seconds
2020-01-10T13:12:26.271+0000: 177.101: Total time for which application threads were stopped: 0.0004332 seconds, Stopping threads took: 0.0001294 seconds
2020-01-10T13:12:27.271+0000: 178.101: Total time for which application threads were stopped: 0.0003219 seconds, Stopping threads took: 0.0001240 seconds
2020-01-10T13:12:28.272+0000: 179.101: Total time for which application threads were stopped: 0.0001959 seconds, Stopping threads took: 0.0000712 seconds
2020-01-10T13:12:29.764+0000: 180.594: Total time for which application threads were stopped: 0.0003687 seconds, Stopping threads took: 0.0001910 seconds
2020-01-10T13:12:29.764+0000: 180.594: Total time for which application threads were stopped: 0.0001424 seconds, Stopping threads took: 0.0000765 seconds
2020-01-10T13:12:32.765+0000: 183.595: Total time for which application threads were stopped: 0.0002393 seconds, Stopping threads took: 0.0000812 seconds
2020-01-10T13:12:33.765+0000: 184.595: Total time for which application threads were stopped: 0.0002536 seconds, Stopping threads took: 0.0000829 seconds
2020-01-10T13:12:34.205+0000: 185.035: Total time for which application threads were stopped: 0.0002357 seconds, Stopping threads took: 0.0000562 seconds
2020-01-10T13:12:34.764+0000: 185.594: Total time for which application threads were stopped: 0.0002479 seconds, Stopping threads took: 0.0000873 seconds
2020-01-10T13:12:34.764+0000: 185.594: Total time for which application threads were stopped: 0.0000936 seconds, Stopping threads took: 0.0000276 seconds
2020-01-10T13:12:39.765+0000: 190.595: Total time for which application threads were stopped: 0.0002411 seconds, Stopping threads took: 0.0000915 seconds
2020-01-10T13:12:39.765+0000: 190.595: Total time for which application threads were stopped: 0.0000934 seconds, Stopping threads took: 0.0000269 seconds
2020-01-10T13:12:40.765+0000: 191.595: Total time for which application threads were stopped: 0.0002158 seconds, Stopping threads took: 0.0000599 seconds
2020-01-10T13:12:44.765+0000: 195.595: Total time for which application threads were stopped: 0.0003206 seconds, Stopping threads took: 0.0001379 seconds
2020-01-10T13:12:44.766+0000: 195.595: Total time for which application threads were stopped: 0.0003501 seconds, Stopping threads took: 0.0000393 seconds
2020-01-10T13:12:49.766+0000: 200.595: Total time for which application threads were stopped: 0.0002580 seconds, Stopping threads took: 0.0000819 seconds
2020-01-10T13:12:49.766+0000: 200.595: Total time for which application threads were stopped: 0.0001165 seconds, Stopping threads took: 0.0000382 seconds
2020-01-10T13:12:54.766+0000: 205.596: Total time for which application threads were stopped: 0.0002633 seconds, Stopping threads took: 0.0000833 seconds
2020-01-10T13:12:54.767+0000: 205.596: Total time for which application threads were stopped: 0.0001171 seconds, Stopping threads took: 0.0000392 seconds
2020-01-10T13:12:59.766+0000: 210.596: Total time for which application threads were stopped: 0.0002765 seconds, Stopping threads took: 0.0001137 seconds
2020-01-10T13:12:59.766+0000: 210.596: Total time for which application threads were stopped: 0.0001795 seconds, Stopping threads took: 0.0000549 seconds
2020-01-10T13:13:03.767+0000: 214.597: Total time for which application threads were stopped: 0.0002416 seconds, Stopping threads took: 0.0000984 seconds
2020-01-10T13:13:04.767+0000: 215.596: Total time for which application threads were stopped: 0.0002461 seconds, Stopping threads took: 0.0000891 seconds
2020-01-10T13:13:04.767+0000: 215.597: Total time for which application threads were stopped: 0.0001708 seconds, Stopping threads took: 0.0000829 seconds
2020-01-10T13:13:05.767+0000: 216.597: Total time for which application threads were stopped: 0.0002575 seconds, Stopping threads took: 0.0000842 seconds
2020-01-10T13:13:09.767+0000: 220.597: Total time for which application threads were stopped: 0.0002323 seconds, Stopping threads took: 0.0000794 seconds
2020-01-10T13:13:09.767+0000: 220.597: Total time for which application threads were stopped: 0.0000944 seconds, Stopping threads took: 0.0000279 seconds
2020-01-10T13:13:12.768+0000: 223.598: Total time for which application threads were stopped: 0.0003021 seconds, Stopping threads took: 0.0001155 seconds
2020-01-10T13:13:14.767+0000: 225.597: Total time for which application threads were stopped: 0.0002385 seconds, Stopping threads took: 0.0000943 seconds
2020-01-10T13:13:14.767+0000: 225.597: Total time for which application threads were stopped: 0.0000879 seconds, Stopping threads took: 0.0000201 seconds
2020-01-10T13:13:19.768+0000: 230.598: Total time for which application threads were stopped: 0.0002465 seconds, Stopping threads took: 0.0000983 seconds
2020-01-10T13:13:19.768+0000: 230.598: Total time for which application threads were stopped: 0.0000955 seconds, Stopping threads took: 0.0000292 seconds
2020-01-10T13:13:20.769+0000: 231.598: Total time for which application threads were stopped: 0.0002099 seconds, Stopping threads took: 0.0000697 seconds
2020-01-10T13:13:24.769+0000: 235.598: Total time for which application threads were stopped: 0.0002831 seconds, Stopping threads took: 0.0001313 seconds
2020-01-10T13:13:24.769+0000: 235.598: Total time for which application threads were stopped: 0.0001079 seconds, Stopping threads took: 0.0000365 seconds
2020-01-10T13:13:24.795+0000: 235.625: Total time for which application threads were stopped: 0.0001356 seconds, Stopping threads took: 0.0000609 seconds
2020-01-10T13:13:24.795+0000: 235.625: Total time for which application threads were stopped: 0.0000919 seconds, Stopping threads took: 0.0000295 seconds
2020-01-10T13:13:24.795+0000: 235.625: Total time for which application threads were stopped: 0.0001102 seconds, Stopping threads took: 0.0000294 seconds
2020-01-10T13:13:24.797+0000: 235.627: Total time for which application threads were stopped: 0.0001689 seconds, Stopping threads took: 0.0000438 seconds
2020-01-10T13:13:24.805+0000: 235.635: Total time for which application threads were stopped: 0.0026695 seconds, Stopping threads took: 0.0025127 seconds
2020-01-10T13:13:24.879+0000: 235.708: Total time for which application threads were stopped: 0.0001851 seconds, Stopping threads took: 0.0000513 seconds
2020-01-10T13:13:24.961+0000: 235.791: Total time for which application threads were stopped: 0.0003290 seconds, Stopping threads took: 0.0001290 seconds
2020-01-10T13:13:24.963+0000: 235.793: Total time for which application threads were stopped: 0.0002563 seconds, Stopping threads took: 0.0000830 seconds
2020-01-10T13:13:25.025+0000: 235.855: Total time for which application threads were stopped: 0.0001994 seconds, Stopping threads took: 0.0000915 seconds
2020-01-10T13:13:25.033+0000: 235.863: Total time for which application threads were stopped: 0.0080434 seconds, Stopping threads took: 0.0079240 seconds
2020-01-10T13:13:25.034+0000: 235.863: Total time for which application threads were stopped: 0.0002823 seconds, Stopping threads took: 0.0001769 seconds
2020-01-10T13:13:25.035+0000: 235.864: Total time for which application threads were stopped: 0.0003074 seconds, Stopping threads took: 0.0001983 seconds
2020-01-10T13:13:25.035+0000: 235.864: Total time for which application threads were stopped: 0.0001881 seconds, Stopping threads took: 0.0001032 seconds
2020-01-10T13:13:25.035+0000: 235.865: Total time for which application threads were stopped: 0.0002808 seconds, Stopping threads took: 0.0001838 seconds
2020-01-10T13:13:25.036+0000: 235.865: Total time for which application threads were stopped: 0.0001996 seconds, Stopping threads took: 0.0001118 seconds
2020-01-10T13:13:25.036+0000: 235.865: Total time for which application threads were stopped: 0.0001854 seconds, Stopping threads took: 0.0000992 seconds
2020-01-10T13:13:25.036+0000: 235.866: Total time for which application threads were stopped: 0.0001824 seconds, Stopping threads took: 0.0000914 seconds
2020-01-10T13:13:25.037+0000: 235.866: Total time for which application threads were stopped: 0.0001803 seconds, Stopping threads took: 0.0000760 seconds
2020-01-10T13:13:25.038+0000: 235.868: Total time for which application threads were stopped: 0.0002034 seconds, Stopping threads took: 0.0000838 seconds
2020-01-10T13:13:25.040+0000: 235.869: Total time for which application threads were stopped: 0.0001399 seconds, Stopping threads took: 0.0000404 seconds
2020-01-10T13:13:25.058+0000: 235.888: Total time for which application threads were stopped: 0.0003045 seconds, Stopping threads took: 0.0001233 seconds
2020-01-10T13:13:25.062+0000: 235.892: Total time for which application threads were stopped: 0.0003305 seconds, Stopping threads took: 0.0001001 seconds
2020-01-10T13:13:25.063+0000: 235.893: Total time for which application threads were stopped: 0.0002019 seconds, Stopping threads took: 0.0000456 seconds
2020-01-10T13:13:25.066+0000: 235.896: Total time for which application threads were stopped: 0.0003354 seconds, Stopping threads took: 0.0000870 seconds
2020-01-10T13:13:25.069+0000: 235.899: Total time for which application threads were stopped: 0.0003616 seconds, Stopping threads took: 0.0001200 seconds
2020-01-10T13:13:25.076+0000: 235.906: Total time for which application threads were stopped: 0.0003437 seconds, Stopping threads took: 0.0001734 seconds
2020-01-10T13:13:25.079+0000: 235.908: Total time for which application threads were stopped: 0.0002701 seconds, Stopping threads took: 0.0000775 seconds
2020-01-10T13:13:25.080+0000: 235.910: Total time for which application threads were stopped: 0.0003139 seconds, Stopping threads took: 0.0001136 seconds
2020-01-10T13:13:25.082+0000: 235.912: Total time for which application threads were stopped: 0.0002961 seconds, Stopping threads took: 0.0001397 seconds
2020-01-10T13:13:25.084+0000: 235.913: Total time for which application threads were stopped: 0.0002670 seconds, Stopping threads took: 0.0000812 seconds
2020-01-10T13:13:25.086+0000: 235.916: Total time for which application threads were stopped: 0.0002441 seconds, Stopping threads took: 0.0001080 seconds
2020-01-10T13:13:25.100+0000: 235.929: Total time for which application threads were stopped: 0.0004289 seconds, Stopping threads took: 0.0001258 seconds
2020-01-10T13:13:25.103+0000: 235.933: Total time for which application threads were stopped: 0.0002615 seconds, Stopping threads took: 0.0000779 seconds
2020-01-10T13:13:25.106+0000: 235.936: Total time for which application threads were stopped: 0.0002480 seconds, Stopping threads took: 0.0000695 seconds
2020-01-10T13:13:25.109+0000: 235.938: Total time for which application threads were stopped: 0.0002455 seconds, Stopping threads took: 0.0000677 seconds
2020-01-10T13:13:25.112+0000: 235.941: Total time for which application threads were stopped: 0.0002460 seconds, Stopping threads took: 0.0000896 seconds
2020-01-10T13:13:25.114+0000: 235.943: Total time for which application threads were stopped: 0.0002401 seconds, Stopping threads took: 0.0001086 seconds
2020-01-10T13:13:25.116+0000: 235.945: Total time for which application threads were stopped: 0.0002387 seconds, Stopping threads took: 0.0000749 seconds
2020-01-10T13:13:25.117+0000: 235.947: Total time for which application threads were stopped: 0.0002740 seconds, Stopping threads took: 0.0000779 seconds
2020-01-10T13:13:25.119+0000: 235.949: Total time for which application threads were stopped: 0.0002778 seconds, Stopping threads took: 0.0001348 seconds
2020-01-10T13:13:25.136+0000: 235.965: Total time for which application threads were stopped: 0.0003607 seconds, Stopping threads took: 0.0001648 seconds
2020-01-10T13:13:25.149+0000: 235.978: Total time for which application threads were stopped: 0.0003071 seconds, Stopping threads took: 0.0001043 seconds
2020-01-10T13:13:25.338+0000: 236.167: Total time for which application threads were stopped: 0.0002776 seconds, Stopping threads took: 0.0000761 seconds
2020-01-10T13:13:25.338+0000: 236.168: Total time for which application threads were stopped: 0.0002590 seconds, Stopping threads took: 0.0000831 seconds
2020-01-10T13:13:25.339+0000: 236.168: Total time for which application threads were stopped: 0.0002874 seconds, Stopping threads took: 0.0001675 seconds
2020-01-10T13:13:25.339+0000: 236.169: Total time for which application threads were stopped: 0.0003038 seconds, Stopping threads took: 0.0001603 seconds
2020-01-10T13:13:25.340+0000: 236.170: Total time for which application threads were stopped: 0.0002891 seconds, Stopping threads took: 0.0001199 seconds
2020-01-10T13:13:25.341+0000: 236.170: Total time for which application threads were stopped: 0.0002304 seconds, Stopping threads took: 0.0001020 seconds
2020-01-10T13:13:25.341+0000: 236.170: Total time for which application threads were stopped: 0.0002423 seconds, Stopping threads took: 0.0001272 seconds
2020-01-10T13:13:25.341+0000: 236.171: Total time for which application threads were stopped: 0.0002392 seconds, Stopping threads took: 0.0000761 seconds
2020-01-10T13:13:25.344+0000: 236.173: Total time for which application threads were stopped: 0.0003838 seconds, Stopping threads took: 0.0001956 seconds
2020-01-10T13:13:25.347+0000: 236.177: Total time for which application threads were stopped: 0.0010408 seconds, Stopping threads took: 0.0005145 seconds
2020-01-10T13:13:25.369+0000: 236.198: Total time for which application threads were stopped: 0.0002127 seconds, Stopping threads took: 0.0001056 seconds
2020-01-10T13:13:26.369+0000: 237.199: Total time for which application threads were stopped: 0.0002288 seconds, Stopping threads took: 0.0000763 seconds
2020-01-10T13:13:27.212+0000: 238.042: Total time for which application threads were stopped: 0.0012530 seconds, Stopping threads took: 0.0000756 seconds
2020-01-10T13:13:27.275+0000: 238.104: Total time for which application threads were stopped: 0.0011420 seconds, Stopping threads took: 0.0000559 seconds
2020-01-10T13:13:27.314+0000: 238.144: Total time for which application threads were stopped: 0.0005324 seconds, Stopping threads took: 0.0001386 seconds
2020-01-10T13:13:27.317+0000: 238.146: Total time for which application threads were stopped: 0.0003622 seconds, Stopping threads took: 0.0000508 seconds
2020-01-10T13:13:27.511+0000: 238.341: Total time for which application threads were stopped: 0.0002843 seconds, Stopping threads took: 0.0000919 seconds
2020-01-10T13:13:27.512+0000: 238.341: Total time for which application threads were stopped: 0.0002222 seconds, Stopping threads took: 0.0001196 seconds
2020-01-10T13:13:27.517+0000: 238.347: Total time for which application threads were stopped: 0.0002638 seconds, Stopping threads took: 0.0000979 seconds
2020-01-10T13:13:27.695+0000: 238.525: Total time for which application threads were stopped: 0.0003526 seconds, Stopping threads took: 0.0000820 seconds
2020-01-10T13:13:27.696+0000: 238.525: Total time for which application threads were stopped: 0.0002405 seconds, Stopping threads took: 0.0001035 seconds
2020-01-10T13:13:27.698+0000: 238.528: [GC pause (G1 Evacuation Pause) (young)
Desired survivor size 40370176 bytes, new threshold 6 (max 15)
- age   1:   10169056 bytes,   10169056 total
- age   2:    3334248 bytes,   13503304 total
- age   3:   13922920 bytes,   27426224 total
- age   4:    1688504 bytes,   29114728 total
- age   5:    4444048 bytes,   33558776 total
- age   6:    9327296 bytes,   42886072 total
- age   7:    2372224 bytes,   45258296 total
, 0.0858326 secs]
   [Parallel Time: 63.2 ms, GC Workers: 4]
      [GC Worker Start (ms): Min: 238527.8, Avg: 238527.9, Max: 238527.9, Diff: 0.1]
      [Ext Root Scanning (ms): Min: 2.1, Avg: 4.8, Max: 11.3, Diff: 9.2, Sum: 19.1]
      [Update RS (ms): Min: 0.0, Avg: 0.4, Max: 0.7, Diff: 0.7, Sum: 1.7]
         [Processed Buffers: Min: 0, Avg: 7.0, Max: 12, Diff: 12, Sum: 28]
      [Scan RS (ms): Min: 0.1, Avg: 0.9, Max: 1.4, Diff: 1.3, Sum: 3.6]
      [Code Root Scanning (ms): Min: 0.0, Avg: 1.6, Max: 2.5, Diff: 2.5, Sum: 6.4]
      [Object Copy (ms): Min: 51.7, Avg: 55.3, Max: 57.0, Diff: 5.4, Sum: 221.2]
      [Termination (ms): Min: 0.0, Avg: 0.0, Max: 0.0, Diff: 0.0, Sum: 0.0]
         [Termination Attempts: Min: 1, Avg: 7.5, Max: 16, Diff: 15, Sum: 30]
      [GC Worker Other (ms): Min: 0.0, Avg: 0.0, Max: 0.1, Diff: 0.0, Sum: 0.2]
      [GC Worker Total (ms): Min: 63.0, Avg: 63.0, Max: 63.1, Diff: 0.1, Sum: 252.2]
      [GC Worker End (ms): Min: 238590.9, Avg: 238590.9, Max: 238590.9, Diff: 0.0]
   [Code Root Fixup: 0.1 ms]
   [Code Root Purge: 0.0 ms]
   [Clear CT: 0.3 ms]
   [Other: 22.2 ms]
      [Choose CSet: 0.0 ms]
      [Ref Proc: 21.0 ms]
      [Ref Enq: 0.1 ms]
      [Redirty Cards: 0.1 ms]
      [Humongous Register: 0.1 ms]
      [Humongous Reclaim: 0.0 ms]
      [Free CSet: 0.7 ms]
   [Eden: 557.0M(557.0M)->0.0B(556.0M) Survivors: 58368.0K->59392.0K Heap: 655.5M(1024.0M)->105.0M(1024.0M)]
 [Times: user=0.31 sys=0.00, real=0.09 secs] 
2020-01-10T13:13:27.784+0000: 238.614: Total time for which application threads were stopped: 0.0862834 seconds, Stopping threads took: 0.0001242 seconds
2020-01-10T13:13:27.798+0000: 238.627: Total time for which application threads were stopped: 0.0003723 seconds, Stopping threads took: 0.0001335 seconds
2020-01-10T13:13:27.804+0000: 238.634: Total time for which application threads were stopped: 0.0002515 seconds, Stopping threads took: 0.0000768 seconds
2020-01-10T13:13:27.805+0000: 238.634: Total time for which application threads were stopped: 0.0002098 seconds, Stopping threads took: 0.0000844 seconds
2020-01-10T13:13:27.805+0000: 238.635: Total time for which application threads were stopped: 0.0001613 seconds, Stopping threads took: 0.0000638 seconds
2020-01-10T13:13:27.805+0000: 238.635: Total time for which application threads were stopped: 0.0002252 seconds, Stopping threads took: 0.0001165 seconds
2020-01-10T13:13:27.806+0000: 238.635: Total time for which application threads were stopped: 0.0001421 seconds, Stopping threads took: 0.0000562 seconds
2020-01-10T13:13:27.806+0000: 238.636: Total time for which application threads were stopped: 0.0001883 seconds, Stopping threads took: 0.0000850 seconds
2020-01-10T13:13:27.806+0000: 238.636: Total time for which application threads were stopped: 0.0001829 seconds, Stopping threads took: 0.0000853 seconds
2020-01-10T13:13:27.807+0000: 238.636: Total time for which application threads were stopped: 0.0001604 seconds, Stopping threads took: 0.0000353 seconds
2020-01-10T13:13:27.807+0000: 238.636: Total time for which application threads were stopped: 0.0001709 seconds, Stopping threads took: 0.0000626 seconds
2020-01-10T13:13:27.807+0000: 238.637: Total time for which application threads were stopped: 0.0002035 seconds, Stopping threads took: 0.0000986 seconds
2020-01-10T13:13:27.807+0000: 238.637: Total time for which application threads were stopped: 0.0001866 seconds, Stopping threads took: 0.0001005 seconds
2020-01-10T13:13:27.808+0000: 238.637: Total time for which application threads were stopped: 0.0001855 seconds, Stopping threads took: 0.0000919 seconds
2020-01-10T13:13:27.808+0000: 238.638: Total time for which application threads were stopped: 0.0001856 seconds, Stopping threads took: 0.0000971 seconds
2020-01-10T13:13:27.808+0000: 238.638: Total time for which application threads were stopped: 0.0002048 seconds, Stopping threads took: 0.0000928 seconds
2020-01-10T13:13:27.809+0000: 238.638: Total time for which application threads were stopped: 0.0001782 seconds, Stopping threads took: 0.0000892 seconds
2020-01-10T13:13:27.809+0000: 238.639: Total time for which application threads were stopped: 0.0007349 seconds, Stopping threads took: 0.0001091 seconds
2020-01-10T13:13:27.815+0000: 238.645: Total time for which application threads were stopped: 0.0003535 seconds, Stopping threads took: 0.0001715 seconds
2020-01-10T13:13:27.817+0000: 238.647: Total time for which application threads were stopped: 0.0003611 seconds, Stopping threads took: 0.0001706 seconds
2020-01-10T13:13:27.818+0000: 238.648: Total time for which application threads were stopped: 0.0003851 seconds, Stopping threads took: 0.0001480 seconds
2020-01-10T13:13:27.819+0000: 238.648: Total time for which application threads were stopped: 0.0003861 seconds, Stopping threads took: 0.0001684 seconds
2020-01-10T13:13:27.819+0000: 238.649: Total time for which application threads were stopped: 0.0004226 seconds, Stopping threads took: 0.0000920 seconds
2020-01-10T13:13:27.819+0000: 238.649: Total time for which application threads were stopped: 0.0003007 seconds, Stopping threads took: 0.0001047 seconds
2020-01-10T13:13:27.820+0000: 238.649: Total time for which application threads were stopped: 0.0003476 seconds, Stopping threads took: 0.0000959 seconds
2020-01-10T13:13:27.820+0000: 238.650: Total time for which application threads were stopped: 0.0003069 seconds, Stopping threads took: 0.0001047 seconds
2020-01-10T13:13:27.821+0000: 238.651: Total time for which application threads were stopped: 0.0006488 seconds, Stopping threads took: 0.0004473 seconds
2020-01-10T13:13:28.055+0000: 238.884: Total time for which application threads were stopped: 0.0085419 seconds, Stopping threads took: 0.0080398 seconds
2020-01-10T13:13:29.055+0000: 239.885: Total time for which application threads were stopped: 0.0002441 seconds, Stopping threads took: 0.0000881 seconds
2020-01-10T13:13:29.769+0000: 240.598: Total time for which application threads were stopped: 0.0002718 seconds, Stopping threads took: 0.0000832 seconds
2020-01-10T13:13:29.769+0000: 240.599: Total time for which application threads were stopped: 0.0001011 seconds, Stopping threads took: 0.0000276 seconds
2020-01-10T13:13:34.769+0000: 245.598: Total time for which application threads were stopped: 0.0002627 seconds, Stopping threads took: 0.0000772 seconds
2020-01-10T13:13:34.769+0000: 245.599: Total time for which application threads were stopped: 0.0001036 seconds, Stopping threads took: 0.0000289 seconds
2020-01-10T13:13:39.770+0000: 250.599: Total time for which application threads were stopped: 0.0003010 seconds, Stopping threads took: 0.0001082 seconds
2020-01-10T13:13:39.770+0000: 250.599: Total time for which application threads were stopped: 0.0001104 seconds, Stopping threads took: 0.0000325 seconds
2020-01-10T13:13:40.770+0000: 251.600: Total time for which application threads were stopped: 0.0002986 seconds, Stopping threads took: 0.0000983 seconds
2020-01-10T13:13:44.770+0000: 255.599: Total time for which application threads were stopped: 0.0002616 seconds, Stopping threads took: 0.0000805 seconds
2020-01-10T13:13:44.770+0000: 255.599: Total time for which application threads were stopped: 0.0001042 seconds, Stopping threads took: 0.0000276 seconds
2020-01-10T13:13:49.772+0000: 260.602: Total time for which application threads were stopped: 0.0021315 seconds, Stopping threads took: 0.0019461 seconds
2020-01-10T13:13:49.775+0000: 260.604: Total time for which application threads were stopped: 0.0001458 seconds, Stopping threads took: 0.0000511 seconds
2020-01-10T13:13:49.775+0000: 260.605: Total time for which application threads were stopped: 0.0001265 seconds, Stopping threads took: 0.0000433 seconds
2020-01-10T13:13:54.771+0000: 265.600: Total time for which application threads were stopped: 0.0002898 seconds, Stopping threads took: 0.0001096 seconds
2020-01-10T13:13:54.771+0000: 265.601: Total time for which application threads were stopped: 0.0003715 seconds, Stopping threads took: 0.0000407 seconds
2020-01-10T13:13:55.771+0000: 266.601: Total time for which application threads were stopped: 0.0002882 seconds, Stopping threads took: 0.0000875 seconds
2020-01-10T13:13:56.772+0000: 267.601: Total time for which application threads were stopped: 0.0002630 seconds, Stopping threads took: 0.0000938 seconds
2020-01-10T13:13:58.772+0000: 269.602: Total time for which application threads were stopped: 0.0002487 seconds, Stopping threads took: 0.0000745 seconds
2020-01-10T13:13:59.771+0000: 270.600: Total time for which application threads were stopped: 0.0002823 seconds, Stopping threads took: 0.0000862 seconds
2020-01-10T13:13:59.771+0000: 270.601: Total time for which application threads were stopped: 0.0001544 seconds, Stopping threads took: 0.0000571 seconds
2020-01-10T13:14:00.771+0000: 271.601: Total time for which application threads were stopped: 0.0002728 seconds, Stopping threads took: 0.0001047 seconds
2020-01-10T13:14:03.772+0000: 274.602: Total time for which application threads were stopped: 0.0002552 seconds, Stopping threads took: 0.0000920 seconds
2020-01-10T13:14:04.771+0000: 275.601: Total time for which application threads were stopped: 0.0002781 seconds, Stopping threads took: 0.0000993 seconds
2020-01-10T13:14:04.771+0000: 275.601: Total time for which application threads were stopped: 0.0001029 seconds, Stopping threads took: 0.0000138 seconds
2020-01-10T13:14:09.772+0000: 280.601: Total time for which application threads were stopped: 0.0002205 seconds, Stopping threads took: 0.0000735 seconds
2020-01-10T13:14:09.772+0000: 280.601: Total time for which application threads were stopped: 0.0001480 seconds, Stopping threads took: 0.0000336 seconds
2020-01-10T13:14:13.772+0000: 284.602: Total time for which application threads were stopped: 0.0002648 seconds, Stopping threads took: 0.0001138 seconds
2020-01-10T13:14:14.772+0000: 285.602: Total time for which application threads were stopped: 0.0002275 seconds, Stopping threads took: 0.0000779 seconds
2020-01-10T13:14:14.772+0000: 285.602: Total time for which application threads were stopped: 0.0001040 seconds, Stopping threads took: 0.0000249 seconds
2020-01-10T13:14:19.773+0000: 290.603: Total time for which application threads were stopped: 0.0002485 seconds, Stopping threads took: 0.0000889 seconds
2020-01-10T13:14:19.773+0000: 290.603: Total time for which application threads were stopped: 0.0001410 seconds, Stopping threads took: 0.0000216 seconds
2020-01-10T13:14:24.773+0000: 295.603: Total time for which application threads were stopped: 0.0003265 seconds, Stopping threads took: 0.0001355 seconds
2020-01-10T13:14:24.773+0000: 295.603: Total time for which application threads were stopped: 0.0000983 seconds, Stopping threads took: 0.0000133 seconds
2020-01-10T13:14:25.774+0000: 296.603: Total time for which application threads were stopped: 0.0002467 seconds, Stopping threads took: 0.0001003 seconds
2020-01-10T13:14:28.774+0000: 299.604: Total time for which application threads were stopped: 0.0002593 seconds, Stopping threads took: 0.0001028 seconds
2020-01-10T13:14:29.773+0000: 300.603: Total time for which application threads were stopped: 0.0002718 seconds, Stopping threads took: 0.0000839 seconds
2020-01-10T13:14:29.774+0000: 300.603: Total time for which application threads were stopped: 0.0001155 seconds, Stopping threads took: 0.0000347 seconds
2020-01-10T13:14:33.774+0000: 304.604: Total time for which application threads were stopped: 0.0003448 seconds, Stopping threads took: 0.0001116 seconds
2020-01-10T13:14:34.774+0000: 305.603: Total time for which application threads were stopped: 0.0002833 seconds, Stopping threads took: 0.0000870 seconds
2020-01-10T13:14:34.774+0000: 305.603: Total time for which application threads were stopped: 0.0001544 seconds, Stopping threads took: 0.0000564 seconds
2020-01-10T13:14:39.774+0000: 310.603: Total time for which application threads were stopped: 0.0002539 seconds, Stopping threads took: 0.0000979 seconds
2020-01-10T13:14:39.774+0000: 310.603: Total time for which application threads were stopped: 0.0000959 seconds, Stopping threads took: 0.0000201 seconds
2020-01-10T13:14:44.774+0000: 315.604: Total time for which application threads were stopped: 0.0002510 seconds, Stopping threads took: 0.0000960 seconds
2020-01-10T13:14:44.774+0000: 315.604: Total time for which application threads were stopped: 0.0000909 seconds, Stopping threads took: 0.0000141 seconds
2020-01-10T13:14:47.775+0000: 318.605: Total time for which application threads were stopped: 0.0002307 seconds, Stopping threads took: 0.0000933 seconds
2020-01-10T13:14:48.775+0000: 319.605: Total time for which application threads were stopped: 0.0002267 seconds, Stopping threads took: 0.0000783 seconds
2020-01-10T13:14:49.775+0000: 320.604: Total time for which application threads were stopped: 0.0002679 seconds, Stopping threads took: 0.0001026 seconds
2020-01-10T13:14:49.775+0000: 320.604: Total time for which application threads were stopped: 0.0001096 seconds, Stopping threads took: 0.0000315 seconds
2020-01-10T13:14:53.775+0000: 324.605: Total time for which application threads were stopped: 0.0003206 seconds, Stopping threads took: 0.0001087 seconds
2020-01-10T13:14:54.775+0000: 325.604: Total time for which application threads were stopped: 0.0002857 seconds, Stopping threads took: 0.0000925 seconds
2020-01-10T13:14:54.775+0000: 325.605: Total time for which application threads were stopped: 0.0000925 seconds, Stopping threads took: 0.0000141 seconds
2020-01-10T13:14:58.776+0000: 329.605: Total time for which application threads were stopped: 0.0002516 seconds, Stopping threads took: 0.0000949 seconds
2020-01-10T13:14:59.775+0000: 330.605: Total time for which application threads were stopped: 0.0003052 seconds, Stopping threads took: 0.0001030 seconds
2020-01-10T13:14:59.775+0000: 330.605: Total time for which application threads were stopped: 0.0001250 seconds, Stopping threads took: 0.0000318 seconds
2020-01-10T13:15:02.776+0000: 333.606: Total time for which application threads were stopped: 0.0002697 seconds, Stopping threads took: 0.0000965 seconds
2020-01-10T13:15:04.776+0000: 335.605: Total time for which application threads were stopped: 0.0003965 seconds, Stopping threads took: 0.0002083 seconds
2020-01-10T13:15:04.776+0000: 335.606: Total time for which application threads were stopped: 0.0004211 seconds, Stopping threads took: 0.0000445 seconds
2020-01-10T13:15:09.777+0000: 340.607: Total time for which application threads were stopped: 0.0003564 seconds, Stopping threads took: 0.0001531 seconds
2020-01-10T13:15:09.781+0000: 340.611: Total time for which application threads were stopped: 0.0002097 seconds, Stopping threads took: 0.0000946 seconds
2020-01-10T13:15:09.781+0000: 340.611: Total time for which application threads were stopped: 0.0001593 seconds, Stopping threads took: 0.0000656 seconds
2020-01-10T13:15:14.776+0000: 345.606: Total time for which application threads were stopped: 0.0003002 seconds, Stopping threads took: 0.0001150 seconds
2020-01-10T13:15:14.776+0000: 345.606: Total time for which application threads were stopped: 0.0000882 seconds, Stopping threads took: 0.0000142 seconds
2020-01-10T13:15:15.777+0000: 346.606: Total time for which application threads were stopped: 0.0003421 seconds, Stopping threads took: 0.0001209 seconds
2020-01-10T13:15:19.777+0000: 350.606: Total time for which application threads were stopped: 0.0002676 seconds, Stopping threads took: 0.0000891 seconds
2020-01-10T13:15:19.777+0000: 350.606: Total time for which application threads were stopped: 0.0001059 seconds, Stopping threads took: 0.0000283 seconds
2020-01-10T13:15:23.778+0000: 354.607: Total time for which application threads were stopped: 0.0003176 seconds, Stopping threads took: 0.0001248 seconds
2020-01-10T13:15:24.777+0000: 355.607: Total time for which application threads were stopped: 0.0003553 seconds, Stopping threads took: 0.0001627 seconds
2020-01-10T13:15:24.777+0000: 355.607: Total time for which application threads were stopped: 0.0001769 seconds, Stopping threads took: 0.0000722 seconds
2020-01-10T13:15:28.778+0000: 359.607: Total time for which application threads were stopped: 0.0002537 seconds, Stopping threads took: 0.0000968 seconds
2020-01-10T13:15:29.777+0000: 360.607: Total time for which application threads were stopped: 0.0003557 seconds, Stopping threads took: 0.0001598 seconds
2020-01-10T13:15:29.778+0000: 360.607: Total time for which application threads were stopped: 0.0001294 seconds, Stopping threads took: 0.0000391 seconds
2020-01-10T13:15:30.778+0000: 361.608: Total time for which application threads were stopped: 0.0002551 seconds, Stopping threads took: 0.0000931 seconds
2020-01-10T13:15:31.778+0000: 362.608: Total time for which application threads were stopped: 0.0002802 seconds, Stopping threads took: 0.0000951 seconds
2020-01-10T13:15:33.779+0000: 364.608: Total time for which application threads were stopped: 0.0002485 seconds, Stopping threads took: 0.0000965 seconds
2020-01-10T13:15:34.778+0000: 365.607: Total time for which application threads were stopped: 0.0002808 seconds, Stopping threads took: 0.0000914 seconds
2020-01-10T13:15:34.778+0000: 365.607: Total time for which application threads were stopped: 0.0000928 seconds, Stopping threads took: 0.0000145 seconds
2020-01-10T13:15:37.778+0000: 368.608: Total time for which application threads were stopped: 0.0002857 seconds, Stopping threads took: 0.0001015 seconds
2020-01-10T13:15:39.778+0000: 370.608: Total time for which application threads were stopped: 0.0002661 seconds, Stopping threads took: 0.0000880 seconds
2020-01-10T13:15:39.778+0000: 370.608: Total time for which application threads were stopped: 0.0001164 seconds, Stopping threads took: 0.0000279 seconds
2020-01-10T13:15:44.778+0000: 375.608: Total time for which application threads were stopped: 0.0002569 seconds, Stopping threads took: 0.0000904 seconds
2020-01-10T13:15:44.782+0000: 375.611: Total time for which application threads were stopped: 0.0001338 seconds, Stopping threads took: 0.0000328 seconds
2020-01-10T13:15:48.782+0000: 379.612: Total time for which application threads were stopped: 0.0002380 seconds, Stopping threads took: 0.0000844 seconds
2020-01-10T13:15:49.779+0000: 380.609: Total time for which application threads were stopped: 0.0002764 seconds, Stopping threads took: 0.0000885 seconds
2020-01-10T13:15:49.779+0000: 380.609: Total time for which application threads were stopped: 0.0001284 seconds, Stopping threads took: 0.0000465 seconds
2020-01-10T13:15:53.780+0000: 384.609: Total time for which application threads were stopped: 0.0002748 seconds, Stopping threads took: 0.0000941 seconds
2020-01-10T13:15:54.779+0000: 385.608: Total time for which application threads were stopped: 0.0002326 seconds, Stopping threads took: 0.0000842 seconds
2020-01-10T13:15:54.779+0000: 385.609: Total time for which application threads were stopped: 0.0000981 seconds, Stopping threads took: 0.0000215 seconds
2020-01-10T13:15:59.023+0000: 389.853: Total time for which application threads were stopped: 0.0002445 seconds, Stopping threads took: 0.0000860 seconds
2020-01-10T13:15:59.023+0000: 389.853: Total time for which application threads were stopped: 0.0001262 seconds, Stopping threads took: 0.0000322 seconds
2020-01-10T13:15:59.025+0000: 389.854: Total time for which application threads were stopped: 0.0001921 seconds, Stopping threads took: 0.0000587 seconds
2020-01-10T13:15:59.779+0000: 390.609: Total time for which application threads were stopped: 0.0002525 seconds, Stopping threads took: 0.0000813 seconds
2020-01-10T13:15:59.780+0000: 390.609: Total time for which application threads were stopped: 0.0001097 seconds, Stopping threads took: 0.0000315 seconds
2020-01-10T13:16:03.780+0000: 394.610: Total time for which application threads were stopped: 0.0002353 seconds, Stopping threads took: 0.0000897 seconds
2020-01-10T13:16:04.780+0000: 395.610: Total time for which application threads were stopped: 0.0002423 seconds, Stopping threads took: 0.0000855 seconds
2020-01-10T13:16:04.780+0000: 395.610: Total time for which application threads were stopped: 0.0001052 seconds, Stopping threads took: 0.0000284 seconds
2020-01-10T13:16:09.780+0000: 400.610: Total time for which application threads were stopped: 0.0002486 seconds, Stopping threads took: 0.0000854 seconds
2020-01-10T13:16:09.780+0000: 400.610: Total time for which application threads were stopped: 0.0001069 seconds, Stopping threads took: 0.0000315 seconds
2020-01-10T13:16:14.781+0000: 405.610: Total time for which application threads were stopped: 0.0003585 seconds, Stopping threads took: 0.0001775 seconds
2020-01-10T13:16:14.781+0000: 405.611: Total time for which application threads were stopped: 0.0004341 seconds, Stopping threads took: 0.0000521 seconds
2020-01-10T13:16:19.781+0000: 410.610: Total time for which application threads were stopped: 0.0003325 seconds, Stopping threads took: 0.0001457 seconds
2020-01-10T13:16:19.781+0000: 410.611: Total time for which application threads were stopped: 0.0001707 seconds, Stopping threads took: 0.0000761 seconds
2020-01-10T13:16:22.782+0000: 413.611: Total time for which application threads were stopped: 0.0002832 seconds, Stopping threads took: 0.0001180 seconds
2020-01-10T13:16:23.782+0000: 414.612: Total time for which application threads were stopped: 0.0002555 seconds, Stopping threads took: 0.0000972 seconds
2020-01-10T13:16:24.782+0000: 415.612: Total time for which application threads were stopped: 0.0002471 seconds, Stopping threads took: 0.0000797 seconds
2020-01-10T13:16:24.782+0000: 415.612: Total time for which application threads were stopped: 0.0001095 seconds, Stopping threads took: 0.0000318 seconds
2020-01-10T13:16:29.228+0000: 420.058: Total time for which application threads were stopped: 0.0003073 seconds, Stopping threads took: 0.0001367 seconds
2020-01-10T13:16:29.228+0000: 420.058: Total time for which application threads were stopped: 0.0001255 seconds, Stopping threads took: 0.0000474 seconds
2020-01-10T13:16:29.230+0000: 420.060: Total time for which application threads were stopped: 0.0001523 seconds, Stopping threads took: 0.0000313 seconds
2020-01-10T13:16:29.782+0000: 420.611: Total time for which application threads were stopped: 0.0002390 seconds, Stopping threads took: 0.0000866 seconds
2020-01-10T13:16:29.782+0000: 420.611: Total time for which application threads were stopped: 0.0000984 seconds, Stopping threads took: 0.0000213 seconds
2020-01-10T13:16:34.782+0000: 425.612: Total time for which application threads were stopped: 0.0002334 seconds, Stopping threads took: 0.0000778 seconds
2020-01-10T13:16:34.782+0000: 425.612: Total time for which application threads were stopped: 0.0001425 seconds, Stopping threads took: 0.0000411 seconds
2020-01-10T13:16:39.782+0000: 430.612: Total time for which application threads were stopped: 0.0002571 seconds, Stopping threads took: 0.0001020 seconds
2020-01-10T13:16:39.782+0000: 430.612: Total time for which application threads were stopped: 0.0001091 seconds, Stopping threads took: 0.0000322 seconds
2020-01-10T13:16:44.783+0000: 435.612: Total time for which application threads were stopped: 0.0003504 seconds, Stopping threads took: 0.0001562 seconds
2020-01-10T13:16:44.783+0000: 435.613: Total time for which application threads were stopped: 0.0001170 seconds, Stopping threads took: 0.0000354 seconds
2020-01-10T13:16:46.783+0000: 437.613: Total time for which application threads were stopped: 0.0002471 seconds, Stopping threads took: 0.0001057 seconds
2020-01-10T13:16:47.784+0000: 438.613: Total time for which application threads were stopped: 0.0002381 seconds, Stopping threads took: 0.0000977 seconds
2020-01-10T13:16:49.783+0000: 440.613: Total time for which application threads were stopped: 0.0003141 seconds, Stopping threads took: 0.0001470 seconds
2020-01-10T13:16:49.783+0000: 440.613: Total time for which application threads were stopped: 0.0001658 seconds, Stopping threads took: 0.0000722 seconds
2020-01-10T13:16:54.783+0000: 445.613: Total time for which application threads were stopped: 0.0003521 seconds, Stopping threads took: 0.0001749 seconds
2020-01-10T13:16:54.784+0000: 445.613: Total time for which application threads were stopped: 0.0001468 seconds, Stopping threads took: 0.0000581 seconds
2020-01-10T13:16:55.784+0000: 446.614: Total time for which application threads were stopped: 0.0002682 seconds, Stopping threads took: 0.0001076 seconds
2020-01-10T13:16:59.784+0000: 450.614: Total time for which application threads were stopped: 0.0002457 seconds, Stopping threads took: 0.0000924 seconds
2020-01-10T13:16:59.784+0000: 450.614: Total time for which application threads were stopped: 0.0001115 seconds, Stopping threads took: 0.0000350 seconds
2020-01-10T13:17:01.785+0000: 452.615: Total time for which application threads were stopped: 0.0003026 seconds, Stopping threads took: 0.0001195 seconds
2020-01-10T13:17:03.785+0000: 454.615: Total time for which application threads were stopped: 0.0003209 seconds, Stopping threads took: 0.0001376 seconds
2020-01-10T13:17:04.787+0000: 455.617: Total time for which application threads were stopped: 0.0004414 seconds, Stopping threads took: 0.0002208 seconds
2020-01-10T13:17:04.788+0000: 455.617: Total time for which application threads were stopped: 0.0001435 seconds, Stopping threads took: 0.0000425 seconds
2020-01-10T13:17:09.785+0000: 460.614: Total time for which application threads were stopped: 0.0002971 seconds, Stopping threads took: 0.0001058 seconds
2020-01-10T13:17:09.785+0000: 460.614: Total time for which application threads were stopped: 0.0001054 seconds, Stopping threads took: 0.0000292 seconds
2020-01-10T13:17:10.785+0000: 461.615: Total time for which application threads were stopped: 0.0003321 seconds, Stopping threads took: 0.0001112 seconds
2020-01-10T13:17:14.785+0000: 465.614: Total time for which application threads were stopped: 0.0002684 seconds, Stopping threads took: 0.0000977 seconds
2020-01-10T13:17:14.785+0000: 465.614: Total time for which application threads were stopped: 0.0001055 seconds, Stopping threads took: 0.0000302 seconds
2020-01-10T13:17:19.785+0000: 470.615: Total time for which application threads were stopped: 0.0002669 seconds, Stopping threads took: 0.0000907 seconds
2020-01-10T13:17:19.785+0000: 470.615: Total time for which application threads were stopped: 0.0001204 seconds, Stopping threads took: 0.0000285 seconds
2020-01-10T13:17:24.785+0000: 475.615: Total time for which application threads were stopped: 0.0003244 seconds, Stopping threads took: 0.0001286 seconds
2020-01-10T13:17:24.786+0000: 475.615: Total time for which application threads were stopped: 0.0003775 seconds, Stopping threads took: 0.0000288 seconds
2020-01-10T13:17:29.786+0000: 480.615: Total time for which application threads were stopped: 0.0003559 seconds, Stopping threads took: 0.0001605 seconds
2020-01-10T13:17:29.786+0000: 480.616: Total time for which application threads were stopped: 0.0001590 seconds, Stopping threads took: 0.0000646 seconds
2020-01-10T13:17:30.786+0000: 481.616: Total time for which application threads were stopped: 0.0002977 seconds, Stopping threads took: 0.0000974 seconds
2020-01-10T13:17:34.786+0000: 485.616: Total time for which application threads were stopped: 0.0003714 seconds, Stopping threads took: 0.0001773 seconds
2020-01-10T13:17:34.786+0000: 485.616: Total time for which application threads were stopped: 0.0001028 seconds, Stopping threads took: 0.0000252 seconds
2020-01-10T13:17:39.786+0000: 490.616: Total time for which application threads were stopped: 0.0002753 seconds, Stopping threads took: 0.0001050 seconds
2020-01-10T13:17:39.786+0000: 490.616: Total time for which application threads were stopped: 0.0001203 seconds, Stopping threads took: 0.0000288 seconds
2020-01-10T13:17:44.787+0000: 495.617: Total time for which application threads were stopped: 0.0010438 seconds, Stopping threads took: 0.0008554 seconds
2020-01-10T13:17:44.788+0000: 495.617: Total time for which application threads were stopped: 0.0001481 seconds, Stopping threads took: 0.0000575 seconds
2020-01-10T13:17:49.788+0000: 500.618: Total time for which application threads were stopped: 0.0003743 seconds, Stopping threads took: 0.0001659 seconds
2020-01-10T13:17:49.789+0000: 500.619: Total time for which application threads were stopped: 0.0001905 seconds, Stopping threads took: 0.0000981 seconds
2020-01-10T13:17:49.789+0000: 500.619: Total time for which application threads were stopped: 0.0001269 seconds, Stopping threads took: 0.0000293 seconds
2020-01-10T13:17:54.787+0000: 505.617: Total time for which application threads were stopped: 0.0002858 seconds, Stopping threads took: 0.0000914 seconds
2020-01-10T13:17:54.788+0000: 505.617: Total time for which application threads were stopped: 0.0001147 seconds, Stopping threads took: 0.0000302 seconds
2020-01-10T13:17:59.604+0000: 510.433: Total time for which application threads were stopped: 0.0002842 seconds, Stopping threads took: 0.0001117 seconds
2020-01-10T13:17:59.604+0000: 510.434: Total time for which application threads were stopped: 0.0003144 seconds, Stopping threads took: 0.0000330 seconds
2020-01-10T13:17:59.605+0000: 510.435: Total time for which application threads were stopped: 0.0001810 seconds, Stopping threads took: 0.0000354 seconds
2020-01-10T13:17:59.788+0000: 510.617: Total time for which application threads were stopped: 0.0003319 seconds, Stopping threads took: 0.0001580 seconds
2020-01-10T13:17:59.788+0000: 510.617: Total time for which application threads were stopped: 0.0001177 seconds, Stopping threads took: 0.0000360 seconds
2020-01-10T13:18:00.788+0000: 511.618: Total time for which application threads were stopped: 0.0002812 seconds, Stopping threads took: 0.0000992 seconds
2020-01-10T13:18:04.788+0000: 515.618: Total time for which application threads were stopped: 0.0003288 seconds, Stopping threads took: 0.0001001 seconds
2020-01-10T13:18:04.788+0000: 515.618: Total time for which application threads were stopped: 0.0001943 seconds, Stopping threads took: 0.0000816 seconds
2020-01-10T13:18:09.788+0000: 520.618: Total time for which application threads were stopped: 0.0003018 seconds, Stopping threads took: 0.0000860 seconds
2020-01-10T13:18:09.789+0000: 520.618: Total time for which application threads were stopped: 0.0001059 seconds, Stopping threads took: 0.0000297 seconds
2020-01-10T13:18:14.789+0000: 525.618: Total time for which application threads were stopped: 0.0002755 seconds, Stopping threads took: 0.0000976 seconds
2020-01-10T13:18:14.789+0000: 525.618: Total time for which application threads were stopped: 0.0001045 seconds, Stopping threads took: 0.0000288 seconds
2020-01-10T13:18:19.789+0000: 530.619: Total time for which application threads were stopped: 0.0003103 seconds, Stopping threads took: 0.0001061 seconds
2020-01-10T13:18:19.789+0000: 530.619: Total time for which application threads were stopped: 0.0001910 seconds, Stopping threads took: 0.0000841 seconds
2020-01-10T13:18:24.789+0000: 535.619: Total time for which application threads were stopped: 0.0004172 seconds, Stopping threads took: 0.0001496 seconds
2020-01-10T13:18:24.790+0000: 535.619: Total time for which application threads were stopped: 0.0001587 seconds, Stopping threads took: 0.0000659 seconds
2020-01-10T13:18:29.790+0000: 540.619: Total time for which application threads were stopped: 0.0002628 seconds, Stopping threads took: 0.0000918 seconds
2020-01-10T13:18:29.790+0000: 540.619: Total time for which application threads were stopped: 0.0001039 seconds, Stopping threads took: 0.0000286 seconds
2020-01-10T13:18:34.790+0000: 545.620: Total time for which application threads were stopped: 0.0002487 seconds, Stopping threads took: 0.0000833 seconds
2020-01-10T13:18:34.790+0000: 545.620: Total time for which application threads were stopped: 0.0003348 seconds, Stopping threads took: 0.0000295 seconds
2020-01-10T13:18:39.790+0000: 550.620: Total time for which application threads were stopped: 0.0002778 seconds, Stopping threads took: 0.0000910 seconds
2020-01-10T13:18:39.791+0000: 550.620: Total time for which application threads were stopped: 0.0001214 seconds, Stopping threads took: 0.0000385 seconds
2020-01-10T13:18:44.791+0000: 555.620: Total time for which application threads were stopped: 0.0002710 seconds, Stopping threads took: 0.0000939 seconds
2020-01-10T13:18:44.791+0000: 555.621: Total time for which application threads were stopped: 0.0001049 seconds, Stopping threads took: 0.0000296 seconds
2020-01-10T13:18:49.791+0000: 560.621: Total time for which application threads were stopped: 0.0002764 seconds, Stopping threads took: 0.0000921 seconds
2020-01-10T13:18:49.791+0000: 560.621: Total time for which application threads were stopped: 0.0001024 seconds, Stopping threads took: 0.0000286 seconds
2020-01-10T13:18:54.791+0000: 565.621: Total time for which application threads were stopped: 0.0002806 seconds, Stopping threads took: 0.0001013 seconds
2020-01-10T13:18:54.791+0000: 565.621: Total time for which application threads were stopped: 0.0001071 seconds, Stopping threads took: 0.0000303 seconds
2020-01-10T13:18:59.792+0000: 570.622: Total time for which application threads were stopped: 0.0003586 seconds, Stopping threads took: 0.0001549 seconds
2020-01-10T13:18:59.792+0000: 570.622: Total time for which application threads were stopped: 0.0001482 seconds, Stopping threads took: 0.0000628 seconds
2020-01-10T13:19:00.340+0000: 571.169: Total time for which application threads were stopped: 0.0005224 seconds, Stopping threads took: 0.0000730 seconds
2020-01-10T13:19:00.340+0000: 571.170: Total time for which application threads were stopped: 0.0001128 seconds, Stopping threads took: 0.0000333 seconds
2020-01-10T13:19:00.343+0000: 571.172: Total time for which application threads were stopped: 0.0002533 seconds, Stopping threads took: 0.0000895 seconds
2020-01-10T13:19:00.343+0000: 571.173: Total time for which application threads were stopped: 0.0001777 seconds, Stopping threads took: 0.0000531 seconds
2020-01-10T13:19:01.344+0000: 572.173: Total time for which application threads were stopped: 0.0003153 seconds, Stopping threads took: 0.0000960 seconds
2020-01-10T13:19:04.792+0000: 575.622: Total time for which application threads were stopped: 0.0002731 seconds, Stopping threads took: 0.0000928 seconds
2020-01-10T13:19:04.792+0000: 575.622: Total time for which application threads were stopped: 0.0001158 seconds, Stopping threads took: 0.0000293 seconds
2020-01-10T13:19:09.793+0000: 580.622: Total time for which application threads were stopped: 0.0002856 seconds, Stopping threads took: 0.0001016 seconds
2020-01-10T13:19:09.793+0000: 580.622: Total time for which application threads were stopped: 0.0001044 seconds, Stopping threads took: 0.0000286 seconds
2020-01-10T13:19:10.793+0000: 581.623: Total time for which application threads were stopped: 0.0003091 seconds, Stopping threads took: 0.0001028 seconds
2020-01-10T13:19:14.793+0000: 585.623: Total time for which application threads were stopped: 0.0002855 seconds, Stopping threads took: 0.0000947 seconds
2020-01-10T13:19:14.793+0000: 585.623: Total time for which application threads were stopped: 0.0001479 seconds, Stopping threads took: 0.0000713 seconds
2020-01-10T13:19:19.793+0000: 590.623: Total time for which application threads were stopped: 0.0003401 seconds, Stopping threads took: 0.0001039 seconds
2020-01-10T13:19:19.794+0000: 590.623: Total time for which application threads were stopped: 0.0001081 seconds, Stopping threads took: 0.0000299 seconds
2020-01-10T13:19:20.794+0000: 591.624: Total time for which application threads were stopped: 0.0003126 seconds, Stopping threads took: 0.0001124 seconds
2020-01-10T13:19:24.794+0000: 595.624: Total time for which application threads were stopped: 0.0002620 seconds, Stopping threads took: 0.0001070 seconds
2020-01-10T13:19:24.794+0000: 595.624: Total time for which application threads were stopped: 0.0001245 seconds, Stopping threads took: 0.0000420 seconds
2020-01-10T13:19:29.794+0000: 600.624: Total time for which application threads were stopped: 0.0002700 seconds, Stopping threads took: 0.0000894 seconds
2020-01-10T13:19:29.794+0000: 600.624: Total time for which application threads were stopped: 0.0000889 seconds, Stopping threads took: 0.0000144 seconds
2020-01-10T13:19:30.794+0000: 601.624: Total time for which application threads were stopped: 0.0002621 seconds, Stopping threads took: 0.0000960 seconds
2020-01-10T13:19:34.795+0000: 605.624: Total time for which application threads were stopped: 0.0003523 seconds, Stopping threads took: 0.0001596 seconds
2020-01-10T13:19:34.795+0000: 605.624: Total time for which application threads were stopped: 0.0001442 seconds, Stopping threads took: 0.0000534 seconds
2020-01-10T13:19:35.795+0000: 606.625: Total time for which application threads were stopped: 0.0002662 seconds, Stopping threads took: 0.0000961 seconds
2020-01-10T13:19:39.795+0000: 610.624: Total time for which application threads were stopped: 0.0003939 seconds, Stopping threads took: 0.0001807 seconds
2020-01-10T13:19:39.795+0000: 610.625: Total time for which application threads were stopped: 0.0001550 seconds, Stopping threads took: 0.0000562 seconds
2020-01-10T13:19:40.795+0000: 611.625: Total time for which application threads were stopped: 0.0003481 seconds, Stopping threads took: 0.0001311 seconds
2020-01-10T13:19:44.795+0000: 615.625: Total time for which application threads were stopped: 0.0003790 seconds, Stopping threads took: 0.0001530 seconds
2020-01-10T13:19:44.796+0000: 615.625: Total time for which application threads were stopped: 0.0004468 seconds, Stopping threads took: 0.0000636 seconds
2020-01-10T13:19:45.796+0000: 616.626: Total time for which application threads were stopped: 0.0003453 seconds, Stopping threads took: 0.0001167 seconds
2020-01-10T13:19:49.796+0000: 620.626: Total time for which application threads were stopped: 0.0003934 seconds, Stopping threads took: 0.0001647 seconds
2020-01-10T13:19:49.797+0000: 620.626: Total time for which application threads were stopped: 0.0001746 seconds, Stopping threads took: 0.0000683 seconds
2020-01-10T13:19:50.797+0000: 621.627: Total time for which application threads were stopped: 0.0003167 seconds, Stopping threads took: 0.0001183 seconds
2020-01-10T13:19:54.797+0000: 625.626: Total time for which application threads were stopped: 0.0002926 seconds, Stopping threads took: 0.0000926 seconds
2020-01-10T13:19:54.797+0000: 625.626: Total time for which application threads were stopped: 0.0001077 seconds, Stopping threads took: 0.0000323 seconds
2020-01-10T13:19:55.797+0000: 626.627: Total time for which application threads were stopped: 0.0003853 seconds, Stopping threads took: 0.0001563 seconds
2020-01-10T13:19:59.797+0000: 630.626: Total time for which application threads were stopped: 0.0003629 seconds, Stopping threads took: 0.0001069 seconds
2020-01-10T13:19:59.797+0000: 630.627: Total time for which application threads were stopped: 0.0001946 seconds, Stopping threads took: 0.0000786 seconds
2020-01-10T13:20:00.660+0000: 631.490: Total time for which application threads were stopped: 0.0009117 seconds, Stopping threads took: 0.0001457 seconds
2020-01-10T13:20:04.797+0000: 635.627: Total time for which application threads were stopped: 0.0003686 seconds, Stopping threads took: 0.0001391 seconds
2020-01-10T13:20:04.797+0000: 635.627: Total time for which application threads were stopped: 0.0002211 seconds, Stopping threads took: 0.0001197 seconds
2020-01-10T13:20:09.797+0000: 640.627: Total time for which application threads were stopped: 0.0002846 seconds, Stopping threads took: 0.0000989 seconds
2020-01-10T13:20:09.797+0000: 640.627: Total time for which application threads were stopped: 0.0000967 seconds, Stopping threads took: 0.0000217 seconds
2020-01-10T13:20:14.797+0000: 645.627: Total time for which application threads were stopped: 0.0003254 seconds, Stopping threads took: 0.0001120 seconds
2020-01-10T13:20:14.798+0000: 645.627: Total time for which application threads were stopped: 0.0001113 seconds, Stopping threads took: 0.0000334 seconds
2020-01-10T13:20:19.798+0000: 650.627: Total time for which application threads were stopped: 0.0003990 seconds, Stopping threads took: 0.0001952 seconds
2020-01-10T13:20:19.798+0000: 650.627: Total time for which application threads were stopped: 0.0000976 seconds, Stopping threads took: 0.0000148 seconds
2020-01-10T13:20:20.798+0000: 651.628: Total time for which application threads were stopped: 0.0002454 seconds, Stopping threads took: 0.0000819 seconds
2020-01-10T13:20:24.800+0000: 655.630: Total time for which application threads were stopped: 0.0002409 seconds, Stopping threads took: 0.0000930 seconds
2020-01-10T13:20:24.800+0000: 655.630: Total time for which application threads were stopped: 0.0002329 seconds, Stopping threads took: 0.0001380 seconds
2020-01-10T13:20:25.801+0000: 656.630: Total time for which application threads were stopped: 0.0002868 seconds, Stopping threads took: 0.0001031 seconds
2020-01-10T13:20:29.800+0000: 660.629: Total time for which application threads were stopped: 0.0004278 seconds, Stopping threads took: 0.0002059 seconds
2020-01-10T13:20:29.800+0000: 660.630: Total time for which application threads were stopped: 0.0001413 seconds, Stopping threads took: 0.0000539 seconds
2020-01-10T13:20:30.800+0000: 661.630: Total time for which application threads were stopped: 0.0002767 seconds, Stopping threads took: 0.0000897 seconds
2020-01-10T13:20:34.800+0000: 665.629: Total time for which application threads were stopped: 0.0003574 seconds, Stopping threads took: 0.0001821 seconds
2020-01-10T13:20:34.800+0000: 665.629: Total time for which application threads were stopped: 0.0001680 seconds, Stopping threads took: 0.0000696 seconds
2020-01-10T13:20:39.800+0000: 670.629: Total time for which application threads were stopped: 0.0002274 seconds, Stopping threads took: 0.0000801 seconds
2020-01-10T13:20:39.800+0000: 670.630: Total time for which application threads were stopped: 0.0001042 seconds, Stopping threads took: 0.0000293 seconds
2020-01-10T13:20:40.800+0000: 671.630: Total time for which application threads were stopped: 0.0002804 seconds, Stopping threads took: 0.0001052 seconds
2020-01-10T13:20:44.800+0000: 675.630: Total time for which application threads were stopped: 0.0003224 seconds, Stopping threads took: 0.0001022 seconds
2020-01-10T13:20:44.801+0000: 675.630: Total time for which application threads were stopped: 0.0001146 seconds, Stopping threads took: 0.0000387 seconds
2020-01-10T13:20:49.801+0000: 680.630: Total time for which application threads were stopped: 0.0004024 seconds, Stopping threads took: 0.0002171 seconds
2020-01-10T13:20:49.801+0000: 680.630: Total time for which application threads were stopped: 0.0000910 seconds, Stopping threads took: 0.0000180 seconds
2020-01-10T13:20:54.801+0000: 685.630: Total time for which application threads were stopped: 0.0002721 seconds, Stopping threads took: 0.0000886 seconds
2020-01-10T13:20:54.801+0000: 685.631: Total time for which application threads were stopped: 0.0004688 seconds, Stopping threads took: 0.0000297 seconds
2020-01-10T13:20:55.802+0000: 686.631: Total time for which application threads were stopped: 0.0002480 seconds, Stopping threads took: 0.0000933 seconds
2020-01-10T13:20:59.801+0000: 690.631: Total time for which application threads were stopped: 0.0003174 seconds, Stopping threads took: 0.0001290 seconds
2020-01-10T13:20:59.801+0000: 690.631: Total time for which application threads were stopped: 0.0000902 seconds, Stopping threads took: 0.0000150 seconds
2020-01-10T13:21:00.942+0000: 691.772: Total time for which application threads were stopped: 0.0002562 seconds, Stopping threads took: 0.0000853 seconds
2020-01-10T13:21:00.944+0000: 691.773: Total time for which application threads were stopped: 0.0002908 seconds, Stopping threads took: 0.0001272 seconds
2020-01-10T13:21:01.944+0000: 692.774: Total time for which application threads were stopped: 0.0002581 seconds, Stopping threads took: 0.0000846 seconds
2020-01-10T13:21:03.944+0000: 694.774: Total time for which application threads were stopped: 0.0002820 seconds, Stopping threads took: 0.0000921 seconds
2020-01-10T13:21:04.802+0000: 695.631: Total time for which application threads were stopped: 0.0003054 seconds, Stopping threads took: 0.0000954 seconds
2020-01-10T13:21:04.802+0000: 695.631: Total time for which application threads were stopped: 0.0001053 seconds, Stopping threads took: 0.0000289 seconds
2020-01-10T13:21:09.802+0000: 700.631: Total time for which application threads were stopped: 0.0003041 seconds, Stopping threads took: 0.0001189 seconds
2020-01-10T13:21:09.802+0000: 700.632: Total time for which application threads were stopped: 0.0000876 seconds, Stopping threads took: 0.0000149 seconds
2020-01-10T13:21:13.803+0000: 704.632: Total time for which application threads were stopped: 0.0002527 seconds, Stopping threads took: 0.0001073 seconds
2020-01-10T13:21:14.802+0000: 705.632: Total time for which application threads were stopped: 0.0002400 seconds, Stopping threads took: 0.0000863 seconds
2020-01-10T13:21:14.802+0000: 705.632: Total time for which application threads were stopped: 0.0000968 seconds, Stopping threads took: 0.0000228 seconds
2020-01-10T13:21:19.803+0000: 710.632: Total time for which application threads were stopped: 0.0003560 seconds, Stopping threads took: 0.0001514 seconds
2020-01-10T13:21:19.803+0000: 710.632: Total time for which application threads were stopped: 0.0001550 seconds, Stopping threads took: 0.0000591 seconds
2020-01-10T13:21:21.803+0000: 712.633: Total time for which application threads were stopped: 0.0002735 seconds, Stopping threads took: 0.0000813 seconds
2020-01-10T13:21:22.804+0000: 713.633: Total time for which application threads were stopped: 0.0002360 seconds, Stopping threads took: 0.0000699 seconds
2020-01-10T13:21:23.804+0000: 714.634: Total time for which application threads were stopped: 0.0002502 seconds, Stopping threads took: 0.0000810 seconds
2020-01-10T13:21:24.803+0000: 715.633: Total time for which application threads were stopped: 0.0002952 seconds, Stopping threads took: 0.0000923 seconds
2020-01-10T13:21:24.803+0000: 715.633: Total time for which application threads were stopped: 0.0001129 seconds, Stopping threads took: 0.0000357 seconds
2020-01-10T13:21:25.804+0000: 716.633: Total time for which application threads were stopped: 0.0002683 seconds, Stopping threads took: 0.0001003 seconds
2020-01-10T13:21:29.803+0000: 720.633: Total time for which application threads were stopped: 0.0002763 seconds, Stopping threads took: 0.0000873 seconds
2020-01-10T13:21:29.803+0000: 720.633: Total time for which application threads were stopped: 0.0000903 seconds, Stopping threads took: 0.0000149 seconds
2020-01-10T13:21:31.804+0000: 722.634: Total time for which application threads were stopped: 0.0003081 seconds, Stopping threads took: 0.0001053 seconds
2020-01-10T13:21:34.809+0000: 725.638: Total time for which application threads were stopped: 0.0053717 seconds, Stopping threads took: 0.0052085 seconds
2020-01-10T13:21:34.809+0000: 725.638: Total time for which application threads were stopped: 0.0001093 seconds, Stopping threads took: 0.0000348 seconds
2020-01-10T13:21:39.804+0000: 730.633: Total time for which application threads were stopped: 0.0002467 seconds, Stopping threads took: 0.0000901 seconds
2020-01-10T13:21:39.804+0000: 730.633: Total time for which application threads were stopped: 0.0000903 seconds, Stopping threads took: 0.0000143 seconds
2020-01-10T13:21:44.804+0000: 735.634: Total time for which application threads were stopped: 0.0003218 seconds, Stopping threads took: 0.0001140 seconds
2020-01-10T13:21:44.805+0000: 735.634: Total time for which application threads were stopped: 0.0001059 seconds, Stopping threads took: 0.0000294 seconds
2020-01-10T13:21:49.805+0000: 740.634: Total time for which application threads were stopped: 0.0002870 seconds, Stopping threads took: 0.0000923 seconds
2020-01-10T13:21:49.805+0000: 740.634: Total time for which application threads were stopped: 0.0000886 seconds, Stopping threads took: 0.0000146 seconds
2020-01-10T13:21:54.805+0000: 745.634: Total time for which application threads were stopped: 0.0002568 seconds, Stopping threads took: 0.0000862 seconds
2020-01-10T13:21:54.805+0000: 745.634: Total time for which application threads were stopped: 0.0002010 seconds, Stopping threads took: 0.0001071 seconds
2020-01-10T13:21:59.806+0000: 750.636: Total time for which application threads were stopped: 0.0010700 seconds, Stopping threads took: 0.0008594 seconds
2020-01-10T13:21:59.806+0000: 750.636: Total time for which application threads were stopped: 0.0000911 seconds, Stopping threads took: 0.0000150 seconds
2020-01-10T13:22:01.807+0000: 752.636: Total time for which application threads were stopped: 0.0002618 seconds, Stopping threads took: 0.0000943 seconds
2020-01-10T13:22:04.806+0000: 755.635: Total time for which application threads were stopped: 0.0002818 seconds, Stopping threads took: 0.0000920 seconds
2020-01-10T13:22:04.806+0000: 755.636: Total time for which application threads were stopped: 0.0003934 seconds, Stopping threads took: 0.0000284 seconds
2020-01-10T13:22:09.806+0000: 760.636: Total time for which application threads were stopped: 0.0003039 seconds, Stopping threads took: 0.0001177 seconds
2020-01-10T13:22:09.806+0000: 760.636: Total time for which application threads were stopped: 0.0000876 seconds, Stopping threads took: 0.0000145 seconds
2020-01-10T13:22:13.807+0000: 764.636: Total time for which application threads were stopped: 0.0003270 seconds, Stopping threads took: 0.0001332 seconds
2020-01-10T13:22:14.807+0000: 765.636: Total time for which application threads were stopped: 0.0003310 seconds, Stopping threads took: 0.0001089 seconds
2020-01-10T13:22:14.807+0000: 765.636: Total time for which application threads were stopped: 0.0001063 seconds, Stopping threads took: 0.0000291 seconds
2020-01-10T13:22:19.807+0000: 770.636: Total time for which application threads were stopped: 0.0003252 seconds, Stopping threads took: 0.0001106 seconds
2020-01-10T13:22:19.807+0000: 770.636: Total time for which application threads were stopped: 0.0000937 seconds, Stopping threads took: 0.0000154 seconds
2020-01-10T13:22:24.807+0000: 775.637: Total time for which application threads were stopped: 0.0002697 seconds, Stopping threads took: 0.0000854 seconds
2020-01-10T13:22:24.807+0000: 775.637: Total time for which application threads were stopped: 0.0001056 seconds, Stopping threads took: 0.0000294 seconds
2020-01-10T13:22:29.807+0000: 780.637: Total time for which application threads were stopped: 0.0003442 seconds, Stopping threads took: 0.0001269 seconds
2020-01-10T13:22:29.808+0000: 780.637: Total time for which application threads were stopped: 0.0001312 seconds, Stopping threads took: 0.0000552 seconds
2020-01-10T13:22:31.808+0000: 782.638: Total time for which application threads were stopped: 0.0002794 seconds, Stopping threads took: 0.0001002 seconds
2020-01-10T13:22:34.808+0000: 785.637: Total time for which application threads were stopped: 0.0002710 seconds, Stopping threads took: 0.0000846 seconds
2020-01-10T13:22:34.808+0000: 785.638: Total time for which application threads were stopped: 0.0001083 seconds, Stopping threads took: 0.0000292 seconds
2020-01-10T13:22:39.808+0000: 790.637: Total time for which application threads were stopped: 0.0003314 seconds, Stopping threads took: 0.0001272 seconds
2020-01-10T13:22:39.808+0000: 790.638: Total time for which application threads were stopped: 0.0000872 seconds, Stopping threads took: 0.0000144 seconds
2020-01-10T13:22:44.808+0000: 795.638: Total time for which application threads were stopped: 0.0003345 seconds, Stopping threads took: 0.0001106 seconds
2020-01-10T13:22:44.809+0000: 795.638: Total time for which application threads were stopped: 0.0001082 seconds, Stopping threads took: 0.0000305 seconds
2020-01-10T13:22:49.809+0000: 800.638: Total time for which application threads were stopped: 0.0003104 seconds, Stopping threads took: 0.0001141 seconds
2020-01-10T13:22:49.809+0000: 800.638: Total time for which application threads were stopped: 0.0000877 seconds, Stopping threads took: 0.0000147 seconds
2020-01-10T13:22:54.809+0000: 805.639: Total time for which application threads were stopped: 0.0002737 seconds, Stopping threads took: 0.0000892 seconds
2020-01-10T13:22:54.809+0000: 805.639: Total time for which application threads were stopped: 0.0001254 seconds, Stopping threads took: 0.0000338 seconds
2020-01-10T13:22:57.810+0000: 808.639: Total time for which application threads were stopped: 0.0002484 seconds, Stopping threads took: 0.0001010 seconds
2020-01-10T13:22:59.809+0000: 810.639: Total time for which application threads were stopped: 0.0003246 seconds, Stopping threads took: 0.0000952 seconds
2020-01-10T13:22:59.809+0000: 810.639: Total time for which application threads were stopped: 0.0001056 seconds, Stopping threads took: 0.0000148 seconds
2020-01-10T13:23:01.810+0000: 812.639: Total time for which application threads were stopped: 0.0002489 seconds, Stopping threads took: 0.0000850 seconds
2020-01-10T13:23:04.810+0000: 815.639: Total time for which application threads were stopped: 0.0002790 seconds, Stopping threads took: 0.0000935 seconds
2020-01-10T13:23:04.810+0000: 815.639: Total time for which application threads were stopped: 0.0001044 seconds, Stopping threads took: 0.0000284 seconds
2020-01-10T13:23:09.810+0000: 820.639: Total time for which application threads were stopped: 0.0002741 seconds, Stopping threads took: 0.0000951 seconds
2020-01-10T13:23:09.810+0000: 820.640: Total time for which application threads were stopped: 0.0000867 seconds, Stopping threads took: 0.0000142 seconds
2020-01-10T13:23:14.810+0000: 825.640: Total time for which application threads were stopped: 0.0002989 seconds, Stopping threads took: 0.0000963 seconds
2020-01-10T13:23:14.811+0000: 825.640: Total time for which application threads were stopped: 0.0004017 seconds, Stopping threads took: 0.0000290 seconds
2020-01-10T13:23:19.811+0000: 830.640: Total time for which application threads were stopped: 0.0003202 seconds, Stopping threads took: 0.0001343 seconds
2020-01-10T13:23:19.811+0000: 830.640: Total time for which application threads were stopped: 0.0000872 seconds, Stopping threads took: 0.0000144 seconds
2020-01-10T13:23:24.811+0000: 835.641: Total time for which application threads were stopped: 0.0002811 seconds, Stopping threads took: 0.0000949 seconds
2020-01-10T13:23:24.811+0000: 835.641: Total time for which application threads were stopped: 0.0001069 seconds, Stopping threads took: 0.0000287 seconds
2020-01-10T13:23:29.811+0000: 840.641: Total time for which application threads were stopped: 0.0003140 seconds, Stopping threads took: 0.0001179 seconds
2020-01-10T13:23:29.811+0000: 840.641: Total time for which application threads were stopped: 0.0000995 seconds, Stopping threads took: 0.0000145 seconds
2020-01-10T13:23:31.812+0000: 842.641: Total time for which application threads were stopped: 0.0002377 seconds, Stopping threads took: 0.0000904 seconds
2020-01-10T13:23:34.821+0000: 845.651: Total time for which application threads were stopped: 0.0002700 seconds, Stopping threads took: 0.0000877 seconds
2020-01-10T13:23:34.821+0000: 845.651: Total time for which application threads were stopped: 0.0001187 seconds, Stopping threads took: 0.0000294 seconds
2020-01-10T13:23:35.822+0000: 846.651: Total time for which application threads were stopped: 0.0002831 seconds, Stopping threads took: 0.0001012 seconds
2020-01-10T13:23:39.812+0000: 850.641: Total time for which application threads were stopped: 0.0003085 seconds, Stopping threads took: 0.0001185 seconds
2020-01-10T13:23:39.812+0000: 850.641: Total time for which application threads were stopped: 0.0000873 seconds, Stopping threads took: 0.0000142 seconds
2020-01-10T13:23:44.812+0000: 855.642: Total time for which application threads were stopped: 0.0002692 seconds, Stopping threads took: 0.0000916 seconds
2020-01-10T13:23:44.812+0000: 855.642: Total time for which application threads were stopped: 0.0001067 seconds, Stopping threads took: 0.0000297 seconds
2020-01-10T13:23:49.813+0000: 860.642: Total time for which application threads were stopped: 0.0003494 seconds, Stopping threads took: 0.0001381 seconds
2020-01-10T13:23:49.813+0000: 860.642: Total time for which application threads were stopped: 0.0000894 seconds, Stopping threads took: 0.0000145 seconds
2020-01-10T13:23:54.813+0000: 865.643: Total time for which application threads were stopped: 0.0002786 seconds, Stopping threads took: 0.0000846 seconds
2020-01-10T13:23:54.813+0000: 865.643: Total time for which application threads were stopped: 0.0001373 seconds, Stopping threads took: 0.0000296 seconds
2020-01-10T13:23:59.813+0000: 870.643: Total time for which application threads were stopped: 0.0003085 seconds, Stopping threads took: 0.0001236 seconds
2020-01-10T13:23:59.813+0000: 870.643: Total time for which application threads were stopped: 0.0000895 seconds, Stopping threads took: 0.0000152 seconds
2020-01-10T13:24:01.814+0000: 872.643: Total time for which application threads were stopped: 0.0002553 seconds, Stopping threads took: 0.0000968 seconds
2020-01-10T13:24:04.814+0000: 875.644: Total time for which application threads were stopped: 0.0003073 seconds, Stopping threads took: 0.0001207 seconds
2020-01-10T13:24:04.815+0000: 875.645: Total time for which application threads were stopped: 0.0001557 seconds, Stopping threads took: 0.0000605 seconds
2020-01-10T13:24:04.816+0000: 875.645: Total time for which application threads were stopped: 0.0000969 seconds, Stopping threads took: 0.0000200 seconds
2020-01-10T13:24:09.814+0000: 880.644: Total time for which application threads were stopped: 0.0003214 seconds, Stopping threads took: 0.0001113 seconds
2020-01-10T13:24:09.814+0000: 880.644: Total time for which application threads were stopped: 0.0000907 seconds, Stopping threads took: 0.0000145 seconds
2020-01-10T13:24:13.815+0000: 884.644: Total time for which application threads were stopped: 0.0002593 seconds, Stopping threads took: 0.0000925 seconds
2020-01-10T13:24:14.814+0000: 885.644: Total time for which application threads were stopped: 0.0002795 seconds, Stopping threads took: 0.0000892 seconds
2020-01-10T13:24:14.814+0000: 885.644: Total time for which application threads were stopped: 0.0001236 seconds, Stopping threads took: 0.0000396 seconds
2020-01-10T13:24:19.815+0000: 890.644: Total time for which application threads were stopped: 0.0003518 seconds, Stopping threads took: 0.0001399 seconds
2020-01-10T13:24:19.815+0000: 890.644: Total time for which application threads were stopped: 0.0000906 seconds, Stopping threads took: 0.0000149 seconds
2020-01-10T13:24:20.815+0000: 891.645: Total time for which application threads were stopped: 0.0002554 seconds, Stopping threads took: 0.0000841 seconds
2020-01-10T13:24:24.822+0000: 895.651: Total time for which application threads were stopped: 0.0002685 seconds, Stopping threads took: 0.0000911 seconds
2020-01-10T13:24:24.822+0000: 895.652: Total time for which application threads were stopped: 0.0003948 seconds, Stopping threads took: 0.0000214 seconds
2020-01-10T13:24:29.815+0000: 900.645: Total time for which application threads were stopped: 0.0003180 seconds, Stopping threads took: 0.0001059 seconds
2020-01-10T13:24:29.816+0000: 900.645: Total time for which application threads were stopped: 0.0000897 seconds, Stopping threads took: 0.0000144 seconds
2020-01-10T13:24:31.816+0000: 902.646: Total time for which application threads were stopped: 0.0002707 seconds, Stopping threads took: 0.0000989 seconds
2020-01-10T13:24:34.816+0000: 905.645: Total time for which application threads were stopped: 0.0002665 seconds, Stopping threads took: 0.0001018 seconds
2020-01-10T13:24:34.816+0000: 905.645: Total time for which application threads were stopped: 0.0001106 seconds, Stopping threads took: 0.0000317 seconds
2020-01-10T13:24:39.816+0000: 910.645: Total time for which application threads were stopped: 0.0002799 seconds, Stopping threads took: 0.0000997 seconds
2020-01-10T13:24:39.816+0000: 910.646: Total time for which application threads were stopped: 0.0000890 seconds, Stopping threads took: 0.0000142 seconds
2020-01-10T13:24:44.816+0000: 915.646: Total time for which application threads were stopped: 0.0002936 seconds, Stopping threads took: 0.0000930 seconds
2020-01-10T13:24:44.817+0000: 915.646: Total time for which application threads were stopped: 0.0001081 seconds, Stopping threads took: 0.0000316 seconds
2020-01-10T13:24:49.816+0000: 920.646: Total time for which application threads were stopped: 0.0003285 seconds, Stopping threads took: 0.0001411 seconds
2020-01-10T13:24:49.817+0000: 920.646: Total time for which application threads were stopped: 0.0000873 seconds, Stopping threads took: 0.0000146 seconds
2020-01-10T13:24:54.817+0000: 925.646: Total time for which application threads were stopped: 0.0002768 seconds, Stopping threads took: 0.0000957 seconds
2020-01-10T13:24:54.817+0000: 925.647: Total time for which application threads were stopped: 0.0001037 seconds, Stopping threads took: 0.0000289 seconds
2020-01-10T13:24:56.818+0000: 927.647: Total time for which application threads were stopped: 0.0003823 seconds, Stopping threads took: 0.0001443 seconds
2020-01-10T13:24:59.819+0000: 930.649: Total time for which application threads were stopped: 0.0002632 seconds, Stopping threads took: 0.0001185 seconds
2020-01-10T13:24:59.819+0000: 930.649: Total time for which application threads were stopped: 0.0000866 seconds, Stopping threads took: 0.0000139 seconds
2020-01-10T13:25:01.736+0000: 932.566: Total time for which application threads were stopped: 0.0005471 seconds, Stopping threads took: 0.0002559 seconds
2020-01-10T13:25:02.737+0000: 933.566: Total time for which application threads were stopped: 0.0003185 seconds, Stopping threads took: 0.0001175 seconds
2020-01-10T13:25:03.737+0000: 934.567: Total time for which application threads were stopped: 0.0003519 seconds, Stopping threads took: 0.0001157 seconds
2020-01-10T13:25:04.818+0000: 935.647: Total time for which application threads were stopped: 0.0003491 seconds, Stopping threads took: 0.0001503 seconds
2020-01-10T13:25:04.818+0000: 935.648: Total time for which application threads were stopped: 0.0001390 seconds, Stopping threads took: 0.0000560 seconds
2020-01-10T13:25:09.818+0000: 940.648: Total time for which application threads were stopped: 0.0004141 seconds, Stopping threads took: 0.0001652 seconds
2020-01-10T13:25:09.819+0000: 940.648: Total time for which application threads were stopped: 0.0001254 seconds, Stopping threads took: 0.0000474 seconds
2020-01-10T13:25:14.819+0000: 945.648: Total time for which application threads were stopped: 0.0003574 seconds, Stopping threads took: 0.0001076 seconds
2020-01-10T13:25:14.819+0000: 945.649: Total time for which application threads were stopped: 0.0001064 seconds, Stopping threads took: 0.0000289 seconds
2020-01-10T13:25:19.825+0000: 950.655: Total time for which application threads were stopped: 0.0003375 seconds, Stopping threads took: 0.0001633 seconds
2020-01-10T13:25:19.826+0000: 950.655: Total time for which application threads were stopped: 0.0001946 seconds, Stopping threads took: 0.0000970 seconds
2020-01-10T13:25:24.820+0000: 955.649: Total time for which application threads were stopped: 0.0002608 seconds, Stopping threads took: 0.0000967 seconds
2020-01-10T13:25:24.820+0000: 955.650: Total time for which application threads were stopped: 0.0001159 seconds, Stopping threads took: 0.0000278 seconds
2020-01-10T13:25:29.819+0000: 960.649: Total time for which application threads were stopped: 0.0002558 seconds, Stopping threads took: 0.0001007 seconds
2020-01-10T13:25:29.819+0000: 960.649: Total time for which application threads were stopped: 0.0001183 seconds, Stopping threads took: 0.0000279 seconds
2020-01-10T13:25:32.820+0000: 963.649: Total time for which application threads were stopped: 0.0002462 seconds, Stopping threads took: 0.0001004 seconds
2020-01-10T13:25:34.819+0000: 965.649: Total time for which application threads were stopped: 0.0002785 seconds, Stopping threads took: 0.0001118 seconds
2020-01-10T13:25:34.820+0000: 965.649: Total time for which application threads were stopped: 0.0001052 seconds, Stopping threads took: 0.0000316 seconds
2020-01-10T13:25:39.820+0000: 970.650: Total time for which application threads were stopped: 0.0002529 seconds, Stopping threads took: 0.0001057 seconds
2020-01-10T13:25:39.821+0000: 970.650: Total time for which application threads were stopped: 0.0003505 seconds, Stopping threads took: 0.0000281 seconds
2020-01-10T13:25:44.828+0000: 975.658: Total time for which application threads were stopped: 0.0082689 seconds, Stopping threads took: 0.0081038 seconds
2020-01-10T13:25:44.828+0000: 975.658: Total time for which application threads were stopped: 0.0001607 seconds, Stopping threads took: 0.0000685 seconds
2020-01-10T13:25:49.850+0000: 980.680: Total time for which application threads were stopped: 0.0002488 seconds, Stopping threads took: 0.0000887 seconds
2020-01-10T13:25:49.850+0000: 980.680: Total time for which application threads were stopped: 0.0001155 seconds, Stopping threads took: 0.0000257 seconds
2020-01-10T13:25:54.822+0000: 985.652: Total time for which application threads were stopped: 0.0003478 seconds, Stopping threads took: 0.0001042 seconds
2020-01-10T13:25:54.822+0000: 985.652: Total time for which application threads were stopped: 0.0001651 seconds, Stopping threads took: 0.0000586 seconds
2020-01-10T13:25:59.821+0000: 990.651: Total time for which application threads were stopped: 0.0003054 seconds, Stopping threads took: 0.0001062 seconds
2020-01-10T13:25:59.822+0000: 990.651: Total time for which application threads were stopped: 0.0001016 seconds, Stopping threads took: 0.0000252 seconds
2020-01-10T13:26:04.822+0000: 995.651: Total time for which application threads were stopped: 0.0002870 seconds, Stopping threads took: 0.0000930 seconds
2020-01-10T13:26:04.822+0000: 995.652: Total time for which application threads were stopped: 0.0001108 seconds, Stopping threads took: 0.0000327 seconds
2020-01-10T13:26:09.822+0000: 1000.652: Total time for which application threads were stopped: 0.0003455 seconds, Stopping threads took: 0.0001424 seconds
2020-01-10T13:26:09.822+0000: 1000.652: Total time for which application threads were stopped: 0.0001235 seconds, Stopping threads took: 0.0000342 seconds
2020-01-10T13:26:14.822+0000: 1005.652: Total time for which application threads were stopped: 0.0002450 seconds, Stopping threads took: 0.0000919 seconds
2020-01-10T13:26:14.822+0000: 1005.652: Total time for which application threads were stopped: 0.0001022 seconds, Stopping threads took: 0.0000277 seconds
2020-01-10T13:26:19.823+0000: 1010.652: Total time for which application threads were stopped: 0.0002834 seconds, Stopping threads took: 0.0001024 seconds
2020-01-10T13:26:19.823+0000: 1010.652: Total time for which application threads were stopped: 0.0001062 seconds, Stopping threads took: 0.0000296 seconds
2020-01-10T13:26:24.823+0000: 1015.652: Total time for which application threads were stopped: 0.0002518 seconds, Stopping threads took: 0.0000943 seconds
2020-01-10T13:26:24.823+0000: 1015.652: Total time for which application threads were stopped: 0.0001079 seconds, Stopping threads took: 0.0000285 seconds
2020-01-10T13:26:29.823+0000: 1020.653: Total time for which application threads were stopped: 0.0002578 seconds, Stopping threads took: 0.0001014 seconds
2020-01-10T13:26:29.823+0000: 1020.653: Total time for which application threads were stopped: 0.0001052 seconds, Stopping threads took: 0.0000283 seconds
2020-01-10T13:26:34.824+0000: 1025.654: Total time for which application threads were stopped: 0.0002472 seconds, Stopping threads took: 0.0000974 seconds
2020-01-10T13:26:34.824+0000: 1025.654: Total time for which application threads were stopped: 0.0001156 seconds, Stopping threads took: 0.0000334 seconds
2020-01-10T13:26:39.824+0000: 1030.653: Total time for which application threads were stopped: 0.0004886 seconds, Stopping threads took: 0.0003245 seconds
2020-01-10T13:26:39.824+0000: 1030.653: Total time for which application threads were stopped: 0.0001048 seconds, Stopping threads took: 0.0000281 seconds
2020-01-10T13:26:44.824+0000: 1035.654: Total time for which application threads were stopped: 0.0002815 seconds, Stopping threads took: 0.0000893 seconds
2020-01-10T13:26:44.824+0000: 1035.654: Total time for which application threads were stopped: 0.0001128 seconds, Stopping threads took: 0.0000352 seconds
2020-01-10T13:26:49.824+0000: 1040.654: Total time for which application threads were stopped: 0.0002857 seconds, Stopping threads took: 0.0000902 seconds
2020-01-10T13:26:49.825+0000: 1040.655: Total time for which application threads were stopped: 0.0005499 seconds, Stopping threads took: 0.0000328 seconds
2020-01-10T13:26:54.825+0000: 1045.654: Total time for which application threads were stopped: 0.0002971 seconds, Stopping threads took: 0.0000932 seconds
2020-01-10T13:26:54.825+0000: 1045.655: Total time for which application threads were stopped: 0.0001123 seconds, Stopping threads took: 0.0000343 seconds
2020-01-10T13:26:59.825+0000: 1050.655: Total time for which application threads were stopped: 0.0003148 seconds, Stopping threads took: 0.0001072 seconds
2020-01-10T13:26:59.825+0000: 1050.655: Total time for which application threads were stopped: 0.0002307 seconds, Stopping threads took: 0.0001210 seconds
2020-01-10T13:27:04.825+0000: 1055.655: Total time for which application threads were stopped: 0.0003029 seconds, Stopping threads took: 0.0000905 seconds
2020-01-10T13:27:04.826+0000: 1055.655: Total time for which application threads were stopped: 0.0001097 seconds, Stopping threads took: 0.0000333 seconds
2020-01-10T13:27:09.826+0000: 1060.656: Total time for which application threads were stopped: 0.0002963 seconds, Stopping threads took: 0.0001233 seconds
2020-01-10T13:27:09.826+0000: 1060.656: Total time for which application threads were stopped: 0.0000915 seconds, Stopping threads took: 0.0000145 seconds
2020-01-10T13:27:14.826+0000: 1065.656: Total time for which application threads were stopped: 0.0003232 seconds, Stopping threads took: 0.0001278 seconds
2020-01-10T13:27:14.826+0000: 1065.656: Total time for which application threads were stopped: 0.0001064 seconds, Stopping threads took: 0.0000293 seconds
2020-01-10T13:27:19.826+0000: 1070.656: Total time for which application threads were stopped: 0.0003107 seconds, Stopping threads took: 0.0001256 seconds
2020-01-10T13:27:19.826+0000: 1070.656: Total time for which application threads were stopped: 0.0001008 seconds, Stopping threads took: 0.0000139 seconds
2020-01-10T13:27:24.826+0000: 1075.656: Total time for which application threads were stopped: 0.0002711 seconds, Stopping threads took: 0.0001028 seconds
2020-01-10T13:27:24.826+0000: 1075.656: Total time for which application threads were stopped: 0.0001251 seconds, Stopping threads took: 0.0000246 seconds
2020-01-10T13:27:29.827+0000: 1080.656: Total time for which application threads were stopped: 0.0002997 seconds, Stopping threads took: 0.0001414 seconds
2020-01-10T13:27:29.827+0000: 1080.657: Total time for which application threads were stopped: 0.0001342 seconds, Stopping threads took: 0.0000442 seconds
2020-01-10T13:27:34.827+0000: 1085.657: Total time for which application threads were stopped: 0.0003312 seconds, Stopping threads took: 0.0001136 seconds
2020-01-10T13:27:34.827+0000: 1085.657: Total time for which application threads were stopped: 0.0001108 seconds, Stopping threads took: 0.0000149 seconds
2020-01-10T13:27:35.828+0000: 1086.657: Total time for which application threads were stopped: 0.0002899 seconds, Stopping threads took: 0.0001018 seconds
2020-01-10T13:27:39.828+0000: 1090.657: Total time for which application threads were stopped: 0.0003777 seconds, Stopping threads took: 0.0001818 seconds
2020-01-10T13:27:39.828+0000: 1090.657: Total time for which application threads were stopped: 0.0001439 seconds, Stopping threads took: 0.0000508 seconds
2020-01-10T13:27:44.828+0000: 1095.657: Total time for which application threads were stopped: 0.0003422 seconds, Stopping threads took: 0.0001471 seconds
2020-01-10T13:27:44.828+0000: 1095.658: Total time for which application threads were stopped: 0.0000899 seconds, Stopping threads took: 0.0000142 seconds
2020-01-10T13:27:49.828+0000: 1100.658: Total time for which application threads were stopped: 0.0003275 seconds, Stopping threads took: 0.0001384 seconds
2020-01-10T13:27:49.828+0000: 1100.658: Total time for which application threads were stopped: 0.0000876 seconds, Stopping threads took: 0.0000142 seconds
2020-01-10T13:27:54.829+0000: 1105.658: Total time for which application threads were stopped: 0.0003483 seconds, Stopping threads took: 0.0001511 seconds
2020-01-10T13:27:54.829+0000: 1105.659: Total time for which application threads were stopped: 0.0001042 seconds, Stopping threads took: 0.0000259 seconds
2020-01-10T13:27:59.829+0000: 1110.658: Total time for which application threads were stopped: 0.0003653 seconds, Stopping threads took: 0.0001441 seconds
2020-01-10T13:27:59.829+0000: 1110.659: Total time for which application threads were stopped: 0.0004592 seconds, Stopping threads took: 0.0000148 seconds
2020-01-10T13:28:04.829+0000: 1115.659: Total time for which application threads were stopped: 0.0003671 seconds, Stopping threads took: 0.0001271 seconds
2020-01-10T13:28:04.829+0000: 1115.659: Total time for which application threads were stopped: 0.0000908 seconds, Stopping threads took: 0.0000148 seconds
2020-01-10T13:28:05.830+0000: 1116.659: Total time for which application threads were stopped: 0.0002791 seconds, Stopping threads took: 0.0001032 seconds
2020-01-10T13:28:09.829+0000: 1120.659: Total time for which application threads were stopped: 0.0004061 seconds, Stopping threads took: 0.0001515 seconds
2020-01-10T13:28:09.829+0000: 1120.659: Total time for which application threads were stopped: 0.0000995 seconds, Stopping threads took: 0.0000219 seconds
2020-01-10T13:28:14.829+0000: 1125.658: Total time for which application threads were stopped: 0.0003584 seconds, Stopping threads took: 0.0001623 seconds
2020-01-10T13:28:14.829+0000: 1125.658: Total time for which application threads were stopped: 0.0000894 seconds, Stopping threads took: 0.0000151 seconds
2020-01-10T13:28:19.829+0000: 1130.659: Total time for which application threads were stopped: 0.0003691 seconds, Stopping threads took: 0.0001202 seconds
2020-01-10T13:28:19.829+0000: 1130.659: Total time for which application threads were stopped: 0.0001298 seconds, Stopping threads took: 0.0000189 seconds
2020-01-10T13:28:24.830+0000: 1135.659: Total time for which application threads were stopped: 0.0002670 seconds, Stopping threads took: 0.0001085 seconds
2020-01-10T13:28:24.830+0000: 1135.659: Total time for which application threads were stopped: 0.0000931 seconds, Stopping threads took: 0.0000140 seconds
2020-01-10T13:28:29.829+0000: 1140.659: Total time for which application threads were stopped: 0.0003206 seconds, Stopping threads took: 0.0001194 seconds
2020-01-10T13:28:29.829+0000: 1140.659: Total time for which application threads were stopped: 0.0001044 seconds, Stopping threads took: 0.0000283 seconds
2020-01-10T13:28:33.830+0000: 1144.660: Total time for which application threads were stopped: 0.0002335 seconds, Stopping threads took: 0.0000882 seconds
2020-01-10T13:28:34.830+0000: 1145.659: Total time for which application threads were stopped: 0.0003115 seconds, Stopping threads took: 0.0001371 seconds
2020-01-10T13:28:34.830+0000: 1145.660: Total time for which application threads were stopped: 0.0001541 seconds, Stopping threads took: 0.0000582 seconds
2020-01-10T13:28:39.830+0000: 1150.660: Total time for which application threads were stopped: 0.0003566 seconds, Stopping threads took: 0.0001409 seconds
2020-01-10T13:28:39.831+0000: 1150.660: Total time for which application threads were stopped: 0.0000942 seconds, Stopping threads took: 0.0000144 seconds
2020-01-10T13:28:40.831+0000: 1151.660: Total time for which application threads were stopped: 0.0002401 seconds, Stopping threads took: 0.0000834 seconds
2020-01-10T13:28:44.831+0000: 1155.660: Total time for which application threads were stopped: 0.0003249 seconds, Stopping threads took: 0.0001306 seconds
2020-01-10T13:28:44.831+0000: 1155.660: Total time for which application threads were stopped: 0.0000896 seconds, Stopping threads took: 0.0000143 seconds
2020-01-10T13:28:49.836+0000: 1160.666: Total time for which application threads were stopped: 0.0002689 seconds, Stopping threads took: 0.0000881 seconds
2020-01-10T13:28:49.836+0000: 1160.666: Total time for which application threads were stopped: 0.0001082 seconds, Stopping threads took: 0.0000146 seconds
2020-01-10T13:28:54.831+0000: 1165.661: Total time for which application threads were stopped: 0.0003011 seconds, Stopping threads took: 0.0001152 seconds
2020-01-10T13:28:54.831+0000: 1165.661: Total time for which application threads were stopped: 0.0000899 seconds, Stopping threads took: 0.0000145 seconds
2020-01-10T13:28:59.831+0000: 1170.661: Total time for which application threads were stopped: 0.0003082 seconds, Stopping threads took: 0.0001130 seconds
2020-01-10T13:28:59.832+0000: 1170.661: Total time for which application threads were stopped: 0.0000878 seconds, Stopping threads took: 0.0000146 seconds
2020-01-10T13:29:00.832+0000: 1171.661: Total time for which application threads were stopped: 0.0002400 seconds, Stopping threads took: 0.0000824 seconds
2020-01-10T13:29:04.847+0000: 1175.677: Total time for which application threads were stopped: 0.0002562 seconds, Stopping threads took: 0.0000783 seconds
2020-01-10T13:29:04.847+0000: 1175.677: Total time for which application threads were stopped: 0.0000877 seconds, Stopping threads took: 0.0000142 seconds
2020-01-10T13:29:09.832+0000: 1180.662: Total time for which application threads were stopped: 0.0002893 seconds, Stopping threads took: 0.0000946 seconds
2020-01-10T13:29:09.833+0000: 1180.662: Total time for which application threads were stopped: 0.0003910 seconds, Stopping threads took: 0.0000151 seconds
2020-01-10T13:29:14.832+0000: 1185.662: Total time for which application threads were stopped: 0.0002963 seconds, Stopping threads took: 0.0000916 seconds
2020-01-10T13:29:14.833+0000: 1185.662: Total time for which application threads were stopped: 0.0001319 seconds, Stopping threads took: 0.0000525 seconds
2020-01-10T13:29:19.833+0000: 1190.662: Total time for which application threads were stopped: 0.0002968 seconds, Stopping threads took: 0.0001018 seconds
2020-01-10T13:29:19.833+0000: 1190.662: Total time for which application threads were stopped: 0.0000906 seconds, Stopping threads took: 0.0000144 seconds
2020-01-10T13:29:23.834+0000: 1194.663: Total time for which application threads were stopped: 0.0003040 seconds, Stopping threads took: 0.0000961 seconds
2020-01-10T13:29:24.833+0000: 1195.662: Total time for which application threads were stopped: 0.0002644 seconds, Stopping threads took: 0.0000919 seconds
2020-01-10T13:29:24.833+0000: 1195.663: Total time for which application threads were stopped: 0.0001029 seconds, Stopping threads took: 0.0000279 seconds
2020-01-10T13:29:29.834+0000: 1200.663: Total time for which application threads were stopped: 0.0003611 seconds, Stopping threads took: 0.0002085 seconds
2020-01-10T13:29:29.834+0000: 1200.663: Total time for which application threads were stopped: 0.0001084 seconds, Stopping threads took: 0.0000297 seconds
2020-01-10T13:29:33.834+0000: 1204.664: Total time for which application threads were stopped: 0.0002578 seconds, Stopping threads took: 0.0001019 seconds
2020-01-10T13:29:34.834+0000: 1205.663: Total time for which application threads were stopped: 0.0002940 seconds, Stopping threads took: 0.0001125 seconds
2020-01-10T13:29:34.834+0000: 1205.664: Total time for which application threads were stopped: 0.0001080 seconds, Stopping threads took: 0.0000303 seconds
2020-01-10T13:29:39.834+0000: 1210.663: Total time for which application threads were stopped: 0.0002912 seconds, Stopping threads took: 0.0000946 seconds
2020-01-10T13:29:39.834+0000: 1210.664: Total time for which application threads were stopped: 0.0001162 seconds, Stopping threads took: 0.0000209 seconds
2020-01-10T13:29:44.834+0000: 1215.664: Total time for which application threads were stopped: 0.0003414 seconds, Stopping threads took: 0.0001203 seconds
2020-01-10T13:29:44.834+0000: 1215.664: Total time for which application threads were stopped: 0.0001018 seconds, Stopping threads took: 0.0000210 seconds
2020-01-10T13:29:49.834+0000: 1220.664: Total time for which application threads were stopped: 0.0002903 seconds, Stopping threads took: 0.0000947 seconds
2020-01-10T13:29:49.835+0000: 1220.664: Total time for which application threads were stopped: 0.0001052 seconds, Stopping threads took: 0.0000281 seconds
2020-01-10T13:29:54.835+0000: 1225.665: Total time for which application threads were stopped: 0.0002837 seconds, Stopping threads took: 0.0000891 seconds
2020-01-10T13:29:54.836+0000: 1225.665: Total time for which application threads were stopped: 0.0001101 seconds, Stopping threads took: 0.0000331 seconds
2020-01-10T13:29:59.835+0000: 1230.664: Total time for which application threads were stopped: 0.0002761 seconds, Stopping threads took: 0.0000974 seconds
2020-01-10T13:29:59.835+0000: 1230.665: Total time for which application threads were stopped: 0.0000962 seconds, Stopping threads took: 0.0000211 seconds
2020-01-10T13:30:04.835+0000: 1235.665: Total time for which application threads were stopped: 0.0002683 seconds, Stopping threads took: 0.0000849 seconds
2020-01-10T13:30:04.835+0000: 1235.665: Total time for which application threads were stopped: 0.0001151 seconds, Stopping threads took: 0.0000372 seconds
2020-01-10T13:30:09.835+0000: 1240.665: Total time for which application threads were stopped: 0.0002935 seconds, Stopping threads took: 0.0001099 seconds
2020-01-10T13:30:09.836+0000: 1240.665: Total time for which application threads were stopped: 0.0001243 seconds, Stopping threads took: 0.0000485 seconds
2020-01-10T13:30:13.836+0000: 1244.666: Total time for which application threads were stopped: 0.0002561 seconds, Stopping threads took: 0.0000955 seconds
2020-01-10T13:30:14.836+0000: 1245.665: Total time for which application threads were stopped: 0.0002705 seconds, Stopping threads took: 0.0000854 seconds
2020-01-10T13:30:14.836+0000: 1245.666: Total time for which application threads were stopped: 0.0001050 seconds, Stopping threads took: 0.0000274 seconds
2020-01-10T13:30:19.836+0000: 1250.666: Total time for which application threads were stopped: 0.0002711 seconds, Stopping threads took: 0.0000796 seconds
2020-01-10T13:30:19.837+0000: 1250.666: Total time for which application threads were stopped: 0.0004141 seconds, Stopping threads took: 0.0000280 seconds
2020-01-10T13:30:24.837+0000: 1255.666: Total time for which application threads were stopped: 0.0003290 seconds, Stopping threads took: 0.0001119 seconds
2020-01-10T13:30:24.837+0000: 1255.667: Total time for which application threads were stopped: 0.0003142 seconds, Stopping threads took: 0.0001810 seconds
2020-01-10T13:30:29.838+0000: 1260.667: Total time for which application threads were stopped: 0.0003280 seconds, Stopping threads took: 0.0001285 seconds
2020-01-10T13:30:29.838+0000: 1260.668: Total time for which application threads were stopped: 0.0001377 seconds, Stopping threads took: 0.0000593 seconds
2020-01-10T13:30:30.838+0000: 1261.668: Total time for which application threads were stopped: 0.0002702 seconds, Stopping threads took: 0.0000920 seconds
2020-01-10T13:30:34.838+0000: 1265.668: Total time for which application threads were stopped: 0.0002523 seconds, Stopping threads took: 0.0000955 seconds
2020-01-10T13:30:34.838+0000: 1265.668: Total time for which application threads were stopped: 0.0001109 seconds, Stopping threads took: 0.0000226 seconds
2020-01-10T13:30:39.837+0000: 1270.667: Total time for which application threads were stopped: 0.0002486 seconds, Stopping threads took: 0.0000944 seconds
2020-01-10T13:30:39.837+0000: 1270.667: Total time for which application threads were stopped: 0.0001260 seconds, Stopping threads took: 0.0000482 seconds
2020-01-10T13:30:44.837+0000: 1275.667: Total time for which application threads were stopped: 0.0002688 seconds, Stopping threads took: 0.0001024 seconds
2020-01-10T13:30:44.838+0000: 1275.667: Total time for which application threads were stopped: 0.0001573 seconds, Stopping threads took: 0.0000666 seconds
2020-01-10T13:30:49.838+0000: 1280.667: Total time for which application threads were stopped: 0.0002401 seconds, Stopping threads took: 0.0000870 seconds
2020-01-10T13:30:49.838+0000: 1280.667: Total time for which application threads were stopped: 0.0001000 seconds, Stopping threads took: 0.0000236 seconds
2020-01-10T13:30:54.842+0000: 1285.671: Total time for which application threads were stopped: 0.0033130 seconds, Stopping threads took: 0.0031134 seconds
2020-01-10T13:30:54.842+0000: 1285.672: Total time for which application threads were stopped: 0.0002165 seconds, Stopping threads took: 0.0001195 seconds
2020-01-10T13:30:59.839+0000: 1290.668: Total time for which application threads were stopped: 0.0003460 seconds, Stopping threads took: 0.0000950 seconds
2020-01-10T13:30:59.839+0000: 1290.668: Total time for which application threads were stopped: 0.0000995 seconds, Stopping threads took: 0.0000207 seconds
2020-01-10T13:31:04.839+0000: 1295.669: Total time for which application threads were stopped: 0.0002780 seconds, Stopping threads took: 0.0000977 seconds
2020-01-10T13:31:04.839+0000: 1295.669: Total time for which application threads were stopped: 0.0001063 seconds, Stopping threads took: 0.0000285 seconds
2020-01-10T13:31:09.841+0000: 1300.670: Total time for which application threads were stopped: 0.0003423 seconds, Stopping threads took: 0.0001390 seconds
2020-01-10T13:31:09.841+0000: 1300.670: Total time for which application threads were stopped: 0.0001553 seconds, Stopping threads took: 0.0000587 seconds
2020-01-10T13:31:14.840+0000: 1305.670: Total time for which application threads were stopped: 0.0003385 seconds, Stopping threads took: 0.0001479 seconds
2020-01-10T13:31:14.840+0000: 1305.670: Total time for which application threads were stopped: 0.0001493 seconds, Stopping threads took: 0.0000700 seconds
2020-01-10T13:31:19.840+0000: 1310.669: Total time for which application threads were stopped: 0.0002695 seconds, Stopping threads took: 0.0000867 seconds
2020-01-10T13:31:19.840+0000: 1310.669: Total time for which application threads were stopped: 0.0001089 seconds, Stopping threads took: 0.0000295 seconds
2020-01-10T13:31:24.840+0000: 1315.670: Total time for which application threads were stopped: 0.0003381 seconds, Stopping threads took: 0.0001067 seconds
2020-01-10T13:31:24.841+0000: 1315.670: Total time for which application threads were stopped: 0.0001068 seconds, Stopping threads took: 0.0000289 seconds
2020-01-10T13:31:29.841+0000: 1320.670: Total time for which application threads were stopped: 0.0002895 seconds, Stopping threads took: 0.0000969 seconds
2020-01-10T13:31:29.841+0000: 1320.671: Total time for which application threads were stopped: 0.0003996 seconds, Stopping threads took: 0.0000325 seconds
2020-01-10T13:31:34.841+0000: 1325.670: Total time for which application threads were stopped: 0.0003006 seconds, Stopping threads took: 0.0000836 seconds
2020-01-10T13:31:34.841+0000: 1325.671: Total time for which application threads were stopped: 0.0001089 seconds, Stopping threads took: 0.0000319 seconds
2020-01-10T13:31:39.841+0000: 1330.671: Total time for which application threads were stopped: 0.0003443 seconds, Stopping threads took: 0.0000982 seconds
2020-01-10T13:31:39.841+0000: 1330.671: Total time for which application threads were stopped: 0.0000966 seconds, Stopping threads took: 0.0000208 seconds
2020-01-10T13:31:44.843+0000: 1335.672: Total time for which application threads were stopped: 0.0002795 seconds, Stopping threads took: 0.0000865 seconds
2020-01-10T13:31:44.843+0000: 1335.672: Total time for which application threads were stopped: 0.0001044 seconds, Stopping threads took: 0.0000283 seconds
2020-01-10T13:31:49.843+0000: 1340.673: Total time for which application threads were stopped: 0.0002855 seconds, Stopping threads took: 0.0000877 seconds
2020-01-10T13:31:49.843+0000: 1340.673: Total time for which application threads were stopped: 0.0001089 seconds, Stopping threads took: 0.0000289 seconds
2020-01-10T13:31:54.843+0000: 1345.673: Total time for which application threads were stopped: 0.0003125 seconds, Stopping threads took: 0.0001124 seconds
2020-01-10T13:31:54.843+0000: 1345.673: Total time for which application threads were stopped: 0.0001146 seconds, Stopping threads took: 0.0000284 seconds
2020-01-10T13:31:59.844+0000: 1350.673: Total time for which application threads were stopped: 0.0002974 seconds, Stopping threads took: 0.0001012 seconds
2020-01-10T13:31:59.844+0000: 1350.673: Total time for which application threads were stopped: 0.0001066 seconds, Stopping threads took: 0.0000285 seconds
2020-01-10T13:32:04.844+0000: 1355.673: Total time for which application threads were stopped: 0.0002963 seconds, Stopping threads took: 0.0000989 seconds
2020-01-10T13:32:04.844+0000: 1355.673: Total time for which application threads were stopped: 0.0001068 seconds, Stopping threads took: 0.0000293 seconds
2020-01-10T13:32:09.844+0000: 1360.673: Total time for which application threads were stopped: 0.0003170 seconds, Stopping threads took: 0.0001146 seconds
2020-01-10T13:32:09.844+0000: 1360.674: Total time for which application threads were stopped: 0.0001131 seconds, Stopping threads took: 0.0000327 seconds
2020-01-10T13:32:14.844+0000: 1365.673: Total time for which application threads were stopped: 0.0002399 seconds, Stopping threads took: 0.0000861 seconds
2020-01-10T13:32:14.844+0000: 1365.674: Total time for which application threads were stopped: 0.0000947 seconds, Stopping threads took: 0.0000200 seconds
2020-01-10T13:32:19.844+0000: 1370.674: Total time for which application threads were stopped: 0.0003313 seconds, Stopping threads took: 0.0001087 seconds
2020-01-10T13:32:19.845+0000: 1370.674: Total time for which application threads were stopped: 0.0001632 seconds, Stopping threads took: 0.0000340 seconds
2020-01-10T13:32:24.845+0000: 1375.675: Total time for which application threads were stopped: 0.0002894 seconds, Stopping threads took: 0.0001285 seconds
2020-01-10T13:32:24.845+0000: 1375.675: Total time for which application threads were stopped: 0.0001029 seconds, Stopping threads took: 0.0000252 seconds
2020-01-10T13:32:29.845+0000: 1380.675: Total time for which application threads were stopped: 0.0002887 seconds, Stopping threads took: 0.0001073 seconds
2020-01-10T13:32:29.846+0000: 1380.675: Total time for which application threads were stopped: 0.0001090 seconds, Stopping threads took: 0.0000326 seconds
2020-01-10T13:32:34.845+0000: 1385.674: Total time for which application threads were stopped: 0.0003314 seconds, Stopping threads took: 0.0001267 seconds
2020-01-10T13:32:34.845+0000: 1385.674: Total time for which application threads were stopped: 0.0001090 seconds, Stopping threads took: 0.0000291 seconds
2020-01-10T13:32:39.845+0000: 1390.675: Total time for which application threads were stopped: 0.0003062 seconds, Stopping threads took: 0.0001104 seconds
2020-01-10T13:32:39.846+0000: 1390.675: Total time for which application threads were stopped: 0.0004783 seconds, Stopping threads took: 0.0000288 seconds
2020-01-10T13:32:44.845+0000: 1395.675: Total time for which application threads were stopped: 0.0003436 seconds, Stopping threads took: 0.0001196 seconds
2020-01-10T13:32:44.845+0000: 1395.675: Total time for which application threads were stopped: 0.0000968 seconds, Stopping threads took: 0.0000210 seconds
2020-01-10T13:32:49.846+0000: 1400.675: Total time for which application threads were stopped: 0.0003116 seconds, Stopping threads took: 0.0001002 seconds
2020-01-10T13:32:49.846+0000: 1400.675: Total time for which application threads were stopped: 0.0001086 seconds, Stopping threads took: 0.0000295 seconds
2020-01-10T13:32:54.846+0000: 1405.675: Total time for which application threads were stopped: 0.0003357 seconds, Stopping threads took: 0.0001371 seconds
2020-01-10T13:32:54.846+0000: 1405.676: Total time for which application threads were stopped: 0.0001093 seconds, Stopping threads took: 0.0000288 seconds
2020-01-10T13:32:59.846+0000: 1410.676: Total time for which application threads were stopped: 0.0003067 seconds, Stopping threads took: 0.0001131 seconds
2020-01-10T13:32:59.846+0000: 1410.676: Total time for which application threads were stopped: 0.0001205 seconds, Stopping threads took: 0.0000286 seconds
2020-01-10T13:33:04.846+0000: 1415.676: Total time for which application threads were stopped: 0.0003662 seconds, Stopping threads took: 0.0001317 seconds
2020-01-10T13:33:04.847+0000: 1415.676: Total time for which application threads were stopped: 0.0001142 seconds, Stopping threads took: 0.0000340 seconds
2020-01-10T13:33:09.847+0000: 1420.676: Total time for which application threads were stopped: 0.0002736 seconds, Stopping threads took: 0.0001003 seconds
2020-01-10T13:33:09.847+0000: 1420.676: Total time for which application threads were stopped: 0.0001077 seconds, Stopping threads took: 0.0000309 seconds
2020-01-10T13:33:13.847+0000: 1424.677: Total time for which application threads were stopped: 0.0002724 seconds, Stopping threads took: 0.0000957 seconds
2020-01-10T13:33:14.847+0000: 1425.677: Total time for which application threads were stopped: 0.0003103 seconds, Stopping threads took: 0.0001139 seconds
2020-01-10T13:33:14.847+0000: 1425.677: Total time for which application threads were stopped: 0.0001051 seconds, Stopping threads took: 0.0000286 seconds
2020-01-10T13:33:19.847+0000: 1430.677: Total time for which application threads were stopped: 0.0002951 seconds, Stopping threads took: 0.0001098 seconds
2020-01-10T13:33:19.847+0000: 1430.677: Total time for which application threads were stopped: 0.0001069 seconds, Stopping threads took: 0.0000292 seconds
2020-01-10T13:33:24.848+0000: 1435.677: Total time for which application threads were stopped: 0.0003997 seconds, Stopping threads took: 0.0001900 seconds
2020-01-10T13:33:24.848+0000: 1435.678: Total time for which application threads were stopped: 0.0001103 seconds, Stopping threads took: 0.0000316 seconds
2020-01-10T13:33:29.848+0000: 1440.677: Total time for which application threads were stopped: 0.0003071 seconds, Stopping threads took: 0.0001070 seconds
2020-01-10T13:33:29.848+0000: 1440.678: Total time for which application threads were stopped: 0.0001064 seconds, Stopping threads took: 0.0000286 seconds
2020-01-10T13:33:34.848+0000: 1445.678: Total time for which application threads were stopped: 0.0002880 seconds, Stopping threads took: 0.0000907 seconds
2020-01-10T13:33:34.848+0000: 1445.678: Total time for which application threads were stopped: 0.0001062 seconds, Stopping threads took: 0.0000150 seconds
2020-01-10T13:33:39.848+0000: 1450.678: Total time for which application threads were stopped: 0.0003251 seconds, Stopping threads took: 0.0001154 seconds
2020-01-10T13:33:39.849+0000: 1450.678: Total time for which application threads were stopped: 0.0001053 seconds, Stopping threads took: 0.0000282 seconds
2020-01-10T13:33:44.857+0000: 1455.687: Total time for which application threads were stopped: 0.0003704 seconds, Stopping threads took: 0.0001262 seconds
2020-01-10T13:33:44.864+0000: 1455.693: Total time for which application threads were stopped: 0.0061341 seconds, Stopping threads took: 0.0060366 seconds
2020-01-10T13:33:49.849+0000: 1460.679: Total time for which application threads were stopped: 0.0002896 seconds, Stopping threads took: 0.0000932 seconds
2020-01-10T13:33:49.850+0000: 1460.679: Total time for which application threads were stopped: 0.0004407 seconds, Stopping threads took: 0.0000284 seconds
2020-01-10T13:33:54.849+0000: 1465.679: Total time for which application threads were stopped: 0.0003652 seconds, Stopping threads took: 0.0001070 seconds
2020-01-10T13:33:54.850+0000: 1465.679: Total time for which application threads were stopped: 0.0001050 seconds, Stopping threads took: 0.0000268 seconds
2020-01-10T13:33:59.853+0000: 1470.683: Total time for which application threads were stopped: 0.0003076 seconds, Stopping threads took: 0.0001064 seconds
2020-01-10T13:33:59.854+0000: 1470.683: Total time for which application threads were stopped: 0.0001204 seconds, Stopping threads took: 0.0000367 seconds
2020-01-10T13:34:04.850+0000: 1475.680: Total time for which application threads were stopped: 0.0003078 seconds, Stopping threads took: 0.0001128 seconds
2020-01-10T13:34:04.850+0000: 1475.680: Total time for which application threads were stopped: 0.0001041 seconds, Stopping threads took: 0.0000285 seconds
2020-01-10T13:34:09.850+0000: 1480.680: Total time for which application threads were stopped: 0.0003083 seconds, Stopping threads took: 0.0001117 seconds
2020-01-10T13:34:09.850+0000: 1480.680: Total time for which application threads were stopped: 0.0001248 seconds, Stopping threads took: 0.0000293 seconds
2020-01-10T13:34:14.851+0000: 1485.680: Total time for which application threads were stopped: 0.0003281 seconds, Stopping threads took: 0.0001284 seconds
2020-01-10T13:34:14.851+0000: 1485.680: Total time for which application threads were stopped: 0.0001060 seconds, Stopping threads took: 0.0000288 seconds
2020-01-10T13:34:15.851+0000: 1486.681: Total time for which application threads were stopped: 0.0002637 seconds, Stopping threads took: 0.0000927 seconds
2020-01-10T13:34:19.852+0000: 1490.682: Total time for which application threads were stopped: 0.0003026 seconds, Stopping threads took: 0.0001131 seconds
2020-01-10T13:34:19.853+0000: 1490.683: Total time for which application threads were stopped: 0.0001402 seconds, Stopping threads took: 0.0000327 seconds
2020-01-10T13:34:19.853+0000: 1490.683: Total time for which application threads were stopped: 0.0000984 seconds, Stopping threads took: 0.0000205 seconds
2020-01-10T13:34:24.851+0000: 1495.681: Total time for which application threads were stopped: 0.0003200 seconds, Stopping threads took: 0.0001225 seconds
2020-01-10T13:34:24.851+0000: 1495.681: Total time for which application threads were stopped: 0.0001075 seconds, Stopping threads took: 0.0000293 seconds
2020-01-10T13:34:29.851+0000: 1500.681: Total time for which application threads were stopped: 0.0003170 seconds, Stopping threads took: 0.0001044 seconds
2020-01-10T13:34:29.852+0000: 1500.681: Total time for which application threads were stopped: 0.0001070 seconds, Stopping threads took: 0.0000300 seconds
2020-01-10T13:34:34.852+0000: 1505.681: Total time for which application threads were stopped: 0.0003142 seconds, Stopping threads took: 0.0001137 seconds
2020-01-10T13:34:34.852+0000: 1505.681: Total time for which application threads were stopped: 0.0001065 seconds, Stopping threads took: 0.0000281 seconds
2020-01-10T13:34:39.852+0000: 1510.682: Total time for which application threads were stopped: 0.0002860 seconds, Stopping threads took: 0.0000947 seconds
2020-01-10T13:34:39.852+0000: 1510.682: Total time for which application threads were stopped: 0.0001080 seconds, Stopping threads took: 0.0000290 seconds
2020-01-10T13:34:44.852+0000: 1515.682: Total time for which application threads were stopped: 0.0003077 seconds, Stopping threads took: 0.0000864 seconds
2020-01-10T13:34:44.853+0000: 1515.682: Total time for which application threads were stopped: 0.0001067 seconds, Stopping threads took: 0.0000288 seconds
2020-01-10T13:34:49.853+0000: 1520.682: Total time for which application threads were stopped: 0.0002871 seconds, Stopping threads took: 0.0000875 seconds
2020-01-10T13:34:49.853+0000: 1520.682: Total time for which application threads were stopped: 0.0001062 seconds, Stopping threads took: 0.0000284 seconds
2020-01-10T13:34:54.853+0000: 1525.682: Total time for which application threads were stopped: 0.0003045 seconds, Stopping threads took: 0.0000974 seconds
2020-01-10T13:34:54.853+0000: 1525.683: Total time for which application threads were stopped: 0.0001060 seconds, Stopping threads took: 0.0000282 seconds
2020-01-10T13:34:59.860+0000: 1530.690: Total time for which application threads were stopped: 0.0003298 seconds, Stopping threads took: 0.0001436 seconds
2020-01-10T13:34:59.861+0000: 1530.690: Total time for which application threads were stopped: 0.0003409 seconds, Stopping threads took: 0.0000507 seconds
2020-01-10T13:35:00.861+0000: 1531.691: Total time for which application threads were stopped: 0.0002689 seconds, Stopping threads took: 0.0000929 seconds
2020-01-10T13:35:04.854+0000: 1535.683: Total time for which application threads were stopped: 0.0002921 seconds, Stopping threads took: 0.0001013 seconds
2020-01-10T13:35:04.854+0000: 1535.683: Total time for which application threads were stopped: 0.0001052 seconds, Stopping threads took: 0.0000279 seconds
2020-01-10T13:35:09.854+0000: 1540.683: Total time for which application threads were stopped: 0.0003131 seconds, Stopping threads took: 0.0001133 seconds
2020-01-10T13:35:09.854+0000: 1540.684: Total time for which application threads were stopped: 0.0001069 seconds, Stopping threads took: 0.0000291 seconds
2020-01-10T13:35:14.854+0000: 1545.684: Total time for which application threads were stopped: 0.0002924 seconds, Stopping threads took: 0.0000917 seconds
2020-01-10T13:35:14.854+0000: 1545.684: Total time for which application threads were stopped: 0.0001228 seconds, Stopping threads took: 0.0000284 seconds
2020-01-10T13:35:19.855+0000: 1550.684: Total time for which application threads were stopped: 0.0002940 seconds, Stopping threads took: 0.0001065 seconds
2020-01-10T13:35:19.855+0000: 1550.684: Total time for which application threads were stopped: 0.0001171 seconds, Stopping threads took: 0.0000292 seconds
2020-01-10T13:35:24.855+0000: 1555.684: Total time for which application threads were stopped: 0.0002838 seconds, Stopping threads took: 0.0000868 seconds
2020-01-10T13:35:24.855+0000: 1555.685: Total time for which application threads were stopped: 0.0001067 seconds, Stopping threads took: 0.0000287 seconds
2020-01-10T13:35:29.855+0000: 1560.685: Total time for which application threads were stopped: 0.0002844 seconds, Stopping threads took: 0.0000864 seconds
2020-01-10T13:35:29.855+0000: 1560.685: Total time for which application threads were stopped: 0.0001269 seconds, Stopping threads took: 0.0000297 seconds
2020-01-10T13:35:34.855+0000: 1565.685: Total time for which application threads were stopped: 0.0003086 seconds, Stopping threads took: 0.0001010 seconds
2020-01-10T13:35:34.856+0000: 1565.685: Total time for which application threads were stopped: 0.0001087 seconds, Stopping threads took: 0.0000290 seconds
2020-01-10T13:35:39.856+0000: 1570.685: Total time for which application threads were stopped: 0.0003210 seconds, Stopping threads took: 0.0001110 seconds
2020-01-10T13:35:39.856+0000: 1570.685: Total time for which application threads were stopped: 0.0001071 seconds, Stopping threads took: 0.0000294 seconds
2020-01-10T13:35:44.856+0000: 1575.686: Total time for which application threads were stopped: 0.0003037 seconds, Stopping threads took: 0.0001011 seconds
2020-01-10T13:35:44.856+0000: 1575.686: Total time for which application threads were stopped: 0.0001063 seconds, Stopping threads took: 0.0000286 seconds
2020-01-10T13:35:49.857+0000: 1580.687: Total time for which application threads were stopped: 0.0003547 seconds, Stopping threads took: 0.0001437 seconds
2020-01-10T13:35:49.857+0000: 1580.687: Total time for which application threads were stopped: 0.0001886 seconds, Stopping threads took: 0.0000535 seconds
2020-01-10T13:35:54.857+0000: 1585.687: Total time for which application threads were stopped: 0.0003429 seconds, Stopping threads took: 0.0001081 seconds
2020-01-10T13:35:54.857+0000: 1585.687: Total time for which application threads were stopped: 0.0001833 seconds, Stopping threads took: 0.0000562 seconds
2020-01-10T13:35:59.857+0000: 1590.686: Total time for which application threads were stopped: 0.0002659 seconds, Stopping threads took: 0.0000774 seconds
2020-01-10T13:35:59.857+0000: 1590.687: Total time for which application threads were stopped: 0.0001059 seconds, Stopping threads took: 0.0000285 seconds
2020-01-10T13:36:04.857+0000: 1595.687: Total time for which application threads were stopped: 0.0003468 seconds, Stopping threads took: 0.0001007 seconds
2020-01-10T13:36:04.858+0000: 1595.687: Total time for which application threads were stopped: 0.0001132 seconds, Stopping threads took: 0.0000362 seconds
2020-01-10T13:36:09.857+0000: 1600.687: Total time for which application threads were stopped: 0.0003548 seconds, Stopping threads took: 0.0001410 seconds
2020-01-10T13:36:09.858+0000: 1600.687: Total time for which application threads were stopped: 0.0001096 seconds, Stopping threads took: 0.0000334 seconds
2020-01-10T13:36:14.858+0000: 1605.687: Total time for which application threads were stopped: 0.0002739 seconds, Stopping threads took: 0.0000863 seconds
2020-01-10T13:36:14.858+0000: 1605.688: Total time for which application threads were stopped: 0.0003952 seconds, Stopping threads took: 0.0000282 seconds
2020-01-10T13:36:19.859+0000: 1610.688: Total time for which application threads were stopped: 0.0002672 seconds, Stopping threads took: 0.0000791 seconds
2020-01-10T13:36:19.859+0000: 1610.688: Total time for which application threads were stopped: 0.0001294 seconds, Stopping threads took: 0.0000368 seconds
2020-01-10T13:36:24.859+0000: 1615.688: Total time for which application threads were stopped: 0.0003088 seconds, Stopping threads took: 0.0000968 seconds
2020-01-10T13:36:24.859+0000: 1615.689: Total time for which application threads were stopped: 0.0001295 seconds, Stopping threads took: 0.0000337 seconds
2020-01-10T13:36:25.860+0000: 1616.689: Total time for which application threads were stopped: 0.0003224 seconds, Stopping threads took: 0.0000920 seconds
2020-01-10T13:36:29.859+0000: 1620.688: Total time for which application threads were stopped: 0.0002931 seconds, Stopping threads took: 0.0000813 seconds
2020-01-10T13:36:29.859+0000: 1620.689: Total time for which application threads were stopped: 0.0001344 seconds, Stopping threads took: 0.0000537 seconds
2020-01-10T13:36:30.859+0000: 1621.689: Total time for which application threads were stopped: 0.0002803 seconds, Stopping threads took: 0.0001105 seconds
2020-01-10T13:36:34.860+0000: 1625.689: Total time for which application threads were stopped: 0.0004210 seconds, Stopping threads took: 0.0002064 seconds
2020-01-10T13:36:34.860+0000: 1625.689: Total time for which application threads were stopped: 0.0001442 seconds, Stopping threads took: 0.0000417 seconds
2020-01-10T13:36:39.859+0000: 1630.689: Total time for which application threads were stopped: 0.0003044 seconds, Stopping threads took: 0.0000887 seconds
2020-01-10T13:36:39.859+0000: 1630.689: Total time for which application threads were stopped: 0.0001110 seconds, Stopping threads took: 0.0000298 seconds
2020-01-10T13:36:44.860+0000: 1635.689: Total time for which application threads were stopped: 0.0004880 seconds, Stopping threads took: 0.0002721 seconds
2020-01-10T13:36:44.860+0000: 1635.690: Total time for which application threads were stopped: 0.0002143 seconds, Stopping threads took: 0.0001124 seconds
2020-01-10T13:36:49.860+0000: 1640.689: Total time for which application threads were stopped: 0.0002732 seconds, Stopping threads took: 0.0000830 seconds
2020-01-10T13:36:49.860+0000: 1640.690: Total time for which application threads were stopped: 0.0001266 seconds, Stopping threads took: 0.0000312 seconds
2020-01-10T13:36:54.860+0000: 1645.690: Total time for which application threads were stopped: 0.0003541 seconds, Stopping threads took: 0.0001211 seconds
2020-01-10T13:36:54.860+0000: 1645.690: Total time for which application threads were stopped: 0.0001834 seconds, Stopping threads took: 0.0000653 seconds
2020-01-10T13:36:59.860+0000: 1650.690: Total time for which application threads were stopped: 0.0003019 seconds, Stopping threads took: 0.0000854 seconds
2020-01-10T13:36:59.861+0000: 1650.690: Total time for which application threads were stopped: 0.0001304 seconds, Stopping threads took: 0.0000401 seconds
2020-01-10T13:37:04.861+0000: 1655.690: Total time for which application threads were stopped: 0.0002729 seconds, Stopping threads took: 0.0000985 seconds
2020-01-10T13:37:04.861+0000: 1655.690: Total time for which application threads were stopped: 0.0001043 seconds, Stopping threads took: 0.0000281 seconds
2020-01-10T13:37:09.861+0000: 1660.691: Total time for which application threads were stopped: 0.0003176 seconds, Stopping threads took: 0.0000994 seconds
2020-01-10T13:37:09.861+0000: 1660.691: Total time for which application threads were stopped: 0.0001025 seconds, Stopping threads took: 0.0000246 seconds
2020-01-10T13:37:14.862+0000: 1665.691: Total time for which application threads were stopped: 0.0002621 seconds, Stopping threads took: 0.0000947 seconds
2020-01-10T13:37:14.862+0000: 1665.692: Total time for which application threads were stopped: 0.0001095 seconds, Stopping threads took: 0.0000321 seconds
2020-01-10T13:37:19.862+0000: 1670.691: Total time for which application threads were stopped: 0.0002292 seconds, Stopping threads took: 0.0000699 seconds
2020-01-10T13:37:19.862+0000: 1670.691: Total time for which application threads were stopped: 0.0000985 seconds, Stopping threads took: 0.0000211 seconds
2020-01-10T13:37:24.862+0000: 1675.692: Total time for which application threads were stopped: 0.0002707 seconds, Stopping threads took: 0.0000929 seconds
2020-01-10T13:37:24.863+0000: 1675.692: Total time for which application threads were stopped: 0.0003936 seconds, Stopping threads took: 0.0000281 seconds
2020-01-10T13:37:29.862+0000: 1680.692: Total time for which application threads were stopped: 0.0002793 seconds, Stopping threads took: 0.0000813 seconds
2020-01-10T13:37:29.862+0000: 1680.692: Total time for which application threads were stopped: 0.0001057 seconds, Stopping threads took: 0.0000289 seconds
2020-01-10T13:37:34.862+0000: 1685.692: Total time for which application threads were stopped: 0.0003521 seconds, Stopping threads took: 0.0001579 seconds
2020-01-10T13:37:34.864+0000: 1685.693: Total time for which application threads were stopped: 0.0001584 seconds, Stopping threads took: 0.0000298 seconds
2020-01-10T13:37:39.862+0000: 1690.691: Total time for which application threads were stopped: 0.0002916 seconds, Stopping threads took: 0.0000932 seconds
2020-01-10T13:37:39.862+0000: 1690.692: Total time for which application threads were stopped: 0.0001121 seconds, Stopping threads took: 0.0000320 seconds
2020-01-10T13:37:44.862+0000: 1695.692: Total time for which application threads were stopped: 0.0003158 seconds, Stopping threads took: 0.0001141 seconds
2020-01-10T13:37:44.862+0000: 1695.692: Total time for which application threads were stopped: 0.0001069 seconds, Stopping threads took: 0.0000300 seconds
2020-01-10T13:37:49.863+0000: 1700.692: Total time for which application threads were stopped: 0.0002603 seconds, Stopping threads took: 0.0000888 seconds
2020-01-10T13:37:49.863+0000: 1700.692: Total time for which application threads were stopped: 0.0001141 seconds, Stopping threads took: 0.0000286 seconds
2020-01-10T13:37:54.863+0000: 1705.693: Total time for which application threads were stopped: 0.0002570 seconds, Stopping threads took: 0.0000800 seconds
2020-01-10T13:37:54.863+0000: 1705.693: Total time for which application threads were stopped: 0.0001051 seconds, Stopping threads took: 0.0000283 seconds
2020-01-10T13:37:59.863+0000: 1710.693: Total time for which application threads were stopped: 0.0002647 seconds, Stopping threads took: 0.0000877 seconds
2020-01-10T13:37:59.864+0000: 1710.693: Total time for which application threads were stopped: 0.0001124 seconds, Stopping threads took: 0.0000317 seconds
2020-01-10T13:38:04.864+0000: 1715.694: Total time for which application threads were stopped: 0.0002891 seconds, Stopping threads took: 0.0000983 seconds
2020-01-10T13:38:04.864+0000: 1715.694: Total time for which application threads were stopped: 0.0001050 seconds, Stopping threads took: 0.0000288 seconds
2020-01-10T13:38:09.865+0000: 1720.695: Total time for which application threads were stopped: 0.0003443 seconds, Stopping threads took: 0.0001516 seconds
2020-01-10T13:38:09.865+0000: 1720.695: Total time for which application threads were stopped: 0.0001818 seconds, Stopping threads took: 0.0000550 seconds
2020-01-10T13:38:14.865+0000: 1725.694: Total time for which application threads were stopped: 0.0003106 seconds, Stopping threads took: 0.0001119 seconds
2020-01-10T13:38:14.865+0000: 1725.694: Total time for which application threads were stopped: 0.0001072 seconds, Stopping threads took: 0.0000287 seconds
2020-01-10T13:38:19.866+0000: 1730.695: Total time for which application threads were stopped: 0.0003211 seconds, Stopping threads took: 0.0001216 seconds
2020-01-10T13:38:19.866+0000: 1730.695: Total time for which application threads were stopped: 0.0001099 seconds, Stopping threads took: 0.0000297 seconds
2020-01-10T13:38:24.865+0000: 1735.695: Total time for which application threads were stopped: 0.0003518 seconds, Stopping threads took: 0.0001055 seconds
2020-01-10T13:38:24.866+0000: 1735.695: Total time for which application threads were stopped: 0.0001092 seconds, Stopping threads took: 0.0000295 seconds
2020-01-10T13:38:29.866+0000: 1740.696: Total time for which application threads were stopped: 0.0003356 seconds, Stopping threads took: 0.0001298 seconds
2020-01-10T13:38:29.866+0000: 1740.696: Total time for which application threads were stopped: 0.0001105 seconds, Stopping threads took: 0.0000324 seconds
2020-01-10T13:38:30.867+0000: 1741.696: Total time for which application threads were stopped: 0.0002953 seconds, Stopping threads took: 0.0001080 seconds
2020-01-10T13:38:34.865+0000: 1745.695: Total time for which application threads were stopped: 0.0003099 seconds, Stopping threads took: 0.0001136 seconds
2020-01-10T13:38:34.866+0000: 1745.695: Total time for which application threads were stopped: 0.0003916 seconds, Stopping threads took: 0.0000222 seconds
2020-01-10T13:38:39.866+0000: 1750.696: Total time for which application threads were stopped: 0.0002753 seconds, Stopping threads took: 0.0001091 seconds
2020-01-10T13:38:39.866+0000: 1750.696: Total time for which application threads were stopped: 0.0001121 seconds, Stopping threads took: 0.0000321 seconds
2020-01-10T13:38:44.866+0000: 1755.696: Total time for which application threads were stopped: 0.0002863 seconds, Stopping threads took: 0.0001044 seconds
2020-01-10T13:38:44.866+0000: 1755.696: Total time for which application threads were stopped: 0.0001181 seconds, Stopping threads took: 0.0000292 seconds
2020-01-10T13:38:49.867+0000: 1760.696: Total time for which application threads were stopped: 0.0002751 seconds, Stopping threads took: 0.0000966 seconds
2020-01-10T13:38:49.867+0000: 1760.696: Total time for which application threads were stopped: 0.0001149 seconds, Stopping threads took: 0.0000359 seconds
2020-01-10T13:38:54.867+0000: 1765.696: Total time for which application threads were stopped: 0.0002603 seconds, Stopping threads took: 0.0000908 seconds
2020-01-10T13:38:54.867+0000: 1765.696: Total time for which application threads were stopped: 0.0001095 seconds, Stopping threads took: 0.0000320 seconds
2020-01-10T13:38:59.867+0000: 1770.697: Total time for which application threads were stopped: 0.0002764 seconds, Stopping threads took: 0.0001082 seconds
2020-01-10T13:38:59.867+0000: 1770.697: Total time for which application threads were stopped: 0.0001105 seconds, Stopping threads took: 0.0000318 seconds
2020-01-10T13:39:04.867+0000: 1775.697: Total time for which application threads were stopped: 0.0003011 seconds, Stopping threads took: 0.0001170 seconds
2020-01-10T13:39:04.867+0000: 1775.697: Total time for which application threads were stopped: 0.0001105 seconds, Stopping threads took: 0.0000322 seconds
2020-01-10T13:39:09.868+0000: 1780.697: Total time for which application threads were stopped: 0.0002609 seconds, Stopping threads took: 0.0001020 seconds
2020-01-10T13:39:09.868+0000: 1780.697: Total time for which application threads were stopped: 0.0001089 seconds, Stopping threads took: 0.0000317 seconds
2020-01-10T13:39:14.868+0000: 1785.697: Total time for which application threads were stopped: 0.0002707 seconds, Stopping threads took: 0.0001084 seconds
2020-01-10T13:39:14.868+0000: 1785.698: Total time for which application threads were stopped: 0.0001072 seconds, Stopping threads took: 0.0000317 seconds
2020-01-10T13:39:15.868+0000: 1786.698: Total time for which application threads were stopped: 0.0002405 seconds, Stopping threads took: 0.0000831 seconds
2020-01-10T13:39:19.868+0000: 1790.698: Total time for which application threads were stopped: 0.0002712 seconds, Stopping threads took: 0.0001077 seconds
2020-01-10T13:39:19.868+0000: 1790.698: Total time for which application threads were stopped: 0.0001104 seconds, Stopping threads took: 0.0000318 seconds
2020-01-10T13:39:24.867+0000: 1795.697: Total time for which application threads were stopped: 0.0003785 seconds, Stopping threads took: 0.0001795 seconds
2020-01-10T13:39:24.868+0000: 1795.697: Total time for which application threads were stopped: 0.0001648 seconds, Stopping threads took: 0.0000658 seconds
2020-01-10T13:39:29.868+0000: 1800.698: Total time for which application threads were stopped: 0.0003742 seconds, Stopping threads took: 0.0001255 seconds
2020-01-10T13:39:29.868+0000: 1800.698: Total time for which application threads were stopped: 0.0001098 seconds, Stopping threads took: 0.0000297 seconds
2020-01-10T13:39:34.868+0000: 1805.698: Total time for which application threads were stopped: 0.0002999 seconds, Stopping threads took: 0.0001088 seconds
2020-01-10T13:39:34.868+0000: 1805.698: Total time for which application threads were stopped: 0.0001209 seconds, Stopping threads took: 0.0000421 seconds
2020-01-10T13:39:39.868+0000: 1810.698: Total time for which application threads were stopped: 0.0002981 seconds, Stopping threads took: 0.0000996 seconds
2020-01-10T13:39:39.869+0000: 1810.698: Total time for which application threads were stopped: 0.0001031 seconds, Stopping threads took: 0.0000279 seconds
2020-01-10T13:39:44.870+0000: 1815.700: Total time for which application threads were stopped: 0.0009867 seconds, Stopping threads took: 0.0001775 seconds
2020-01-10T13:39:44.871+0000: 1815.701: Total time for which application threads were stopped: 0.0001377 seconds, Stopping threads took: 0.0000387 seconds
2020-01-10T13:39:44.872+0000: 1815.701: Total time for which application threads were stopped: 0.0004274 seconds, Stopping threads took: 0.0000303 seconds
2020-01-10T13:39:49.869+0000: 1820.699: Total time for which application threads were stopped: 0.0004378 seconds, Stopping threads took: 0.0001988 seconds
2020-01-10T13:39:49.870+0000: 1820.699: Total time for which application threads were stopped: 0.0001087 seconds, Stopping threads took: 0.0000299 seconds
2020-01-10T13:39:54.869+0000: 1825.699: Total time for which application threads were stopped: 0.0003409 seconds, Stopping threads took: 0.0001324 seconds
2020-01-10T13:39:54.870+0000: 1825.699: Total time for which application threads were stopped: 0.0001098 seconds, Stopping threads took: 0.0000324 seconds
2020-01-10T13:39:59.870+0000: 1830.700: Total time for which application threads were stopped: 0.0013212 seconds, Stopping threads took: 0.0011240 seconds
2020-01-10T13:39:59.871+0000: 1830.700: Total time for which application threads were stopped: 0.0001095 seconds, Stopping threads took: 0.0000293 seconds
2020-01-10T13:40:04.870+0000: 1835.699: Total time for which application threads were stopped: 0.0003008 seconds, Stopping threads took: 0.0001166 seconds
2020-01-10T13:40:04.870+0000: 1835.700: Total time for which application threads were stopped: 0.0001085 seconds, Stopping threads took: 0.0000287 seconds
2020-01-10T13:40:09.870+0000: 1840.700: Total time for which application threads were stopped: 0.0002949 seconds, Stopping threads took: 0.0001007 seconds
2020-01-10T13:40:09.870+0000: 1840.700: Total time for which application threads were stopped: 0.0001160 seconds, Stopping threads took: 0.0000352 seconds
2020-01-10T13:40:14.871+0000: 1845.701: Total time for which application threads were stopped: 0.0002983 seconds, Stopping threads took: 0.0001046 seconds
2020-01-10T13:40:14.872+0000: 1845.701: Total time for which application threads were stopped: 0.0001317 seconds, Stopping threads took: 0.0000377 seconds
2020-01-10T13:40:14.872+0000: 1845.701: Total time for which application threads were stopped: 0.0000969 seconds, Stopping threads took: 0.0000205 seconds
2020-01-10T13:40:19.871+0000: 1850.700: Total time for which application threads were stopped: 0.0002883 seconds, Stopping threads took: 0.0001033 seconds
2020-01-10T13:40:19.871+0000: 1850.700: Total time for which application threads were stopped: 0.0001095 seconds, Stopping threads took: 0.0000286 seconds
2020-01-10T13:40:24.872+0000: 1855.701: Total time for which application threads were stopped: 0.0010931 seconds, Stopping threads took: 0.0009011 seconds
2020-01-10T13:40:24.872+0000: 1855.702: Total time for which application threads were stopped: 0.0001082 seconds, Stopping threads took: 0.0000308 seconds
2020-01-10T13:40:29.871+0000: 1860.701: Total time for which application threads were stopped: 0.0003171 seconds, Stopping threads took: 0.0001012 seconds
2020-01-10T13:40:29.872+0000: 1860.701: Total time for which application threads were stopped: 0.0001063 seconds, Stopping threads took: 0.0000286 seconds
2020-01-10T13:40:34.872+0000: 1865.701: Total time for which application threads were stopped: 0.0002586 seconds, Stopping threads took: 0.0000803 seconds
2020-01-10T13:40:34.872+0000: 1865.702: Total time for which application threads were stopped: 0.0001111 seconds, Stopping threads took: 0.0000327 seconds
2020-01-10T13:40:39.872+0000: 1870.701: Total time for which application threads were stopped: 0.0002754 seconds, Stopping threads took: 0.0000952 seconds
2020-01-10T13:40:39.872+0000: 1870.702: Total time for which application threads were stopped: 0.0001059 seconds, Stopping threads took: 0.0000282 seconds
2020-01-10T13:40:44.872+0000: 1875.702: Total time for which application threads were stopped: 0.0002706 seconds, Stopping threads took: 0.0000896 seconds
2020-01-10T13:40:44.872+0000: 1875.702: Total time for which application threads were stopped: 0.0001075 seconds, Stopping threads took: 0.0000292 seconds
2020-01-10T13:40:49.872+0000: 1880.702: Total time for which application threads were stopped: 0.0002724 seconds, Stopping threads took: 0.0000875 seconds
2020-01-10T13:40:49.872+0000: 1880.702: Total time for which application threads were stopped: 0.0001081 seconds, Stopping threads took: 0.0000289 seconds
2020-01-10T13:40:54.873+0000: 1885.702: Total time for which application threads were stopped: 0.0002753 seconds, Stopping threads took: 0.0000905 seconds
2020-01-10T13:40:54.873+0000: 1885.702: Total time for which application threads were stopped: 0.0001064 seconds, Stopping threads took: 0.0000288 seconds
2020-01-10T13:40:59.873+0000: 1890.702: Total time for which application threads were stopped: 0.0002676 seconds, Stopping threads took: 0.0000832 seconds
2020-01-10T13:40:59.873+0000: 1890.703: Total time for which application threads were stopped: 0.0004532 seconds, Stopping threads took: 0.0000280 seconds
2020-01-10T13:41:04.873+0000: 1895.703: Total time for which application threads were stopped: 0.0003245 seconds, Stopping threads took: 0.0000898 seconds
2020-01-10T13:41:04.873+0000: 1895.703: Total time for which application threads were stopped: 0.0001098 seconds, Stopping threads took: 0.0000299 seconds
2020-01-10T13:41:09.873+0000: 1900.703: Total time for which application threads were stopped: 0.0003187 seconds, Stopping threads took: 0.0001050 seconds
2020-01-10T13:41:09.874+0000: 1900.703: Total time for which application threads were stopped: 0.0001090 seconds, Stopping threads took: 0.0000287 seconds
2020-01-10T13:41:14.885+0000: 1905.715: Total time for which application threads were stopped: 0.0002806 seconds, Stopping threads took: 0.0001104 seconds
2020-01-10T13:41:14.889+0000: 1905.719: Total time for which application threads were stopped: 0.0001692 seconds, Stopping threads took: 0.0000720 seconds
2020-01-10T13:41:19.874+0000: 1910.704: Total time for which application threads were stopped: 0.0002795 seconds, Stopping threads took: 0.0000988 seconds
2020-01-10T13:41:19.875+0000: 1910.704: Total time for which application threads were stopped: 0.0001081 seconds, Stopping threads took: 0.0000317 seconds
2020-01-10T13:41:24.874+0000: 1915.704: Total time for which application threads were stopped: 0.0002328 seconds, Stopping threads took: 0.0000815 seconds
2020-01-10T13:41:24.874+0000: 1915.704: Total time for which application threads were stopped: 0.0001556 seconds, Stopping threads took: 0.0000666 seconds
2020-01-10T13:41:29.874+0000: 1920.704: Total time for which application threads were stopped: 0.0003064 seconds, Stopping threads took: 0.0001286 seconds
2020-01-10T13:41:29.875+0000: 1920.704: Total time for which application threads were stopped: 0.0001115 seconds, Stopping threads took: 0.0000357 seconds
2020-01-10T13:41:34.874+0000: 1925.704: Total time for which application threads were stopped: 0.0002397 seconds, Stopping threads took: 0.0000905 seconds
2020-01-10T13:41:34.875+0000: 1925.704: Total time for which application threads were stopped: 0.0001080 seconds, Stopping threads took: 0.0000323 seconds
2020-01-10T13:41:36.875+0000: 1927.705: Total time for which application threads were stopped: 0.0002366 seconds, Stopping threads took: 0.0000959 seconds
2020-01-10T13:41:39.875+0000: 1930.705: Total time for which application threads were stopped: 0.0002505 seconds, Stopping threads took: 0.0000913 seconds
2020-01-10T13:41:39.875+0000: 1930.705: Total time for which application threads were stopped: 0.0001200 seconds, Stopping threads took: 0.0000415 seconds
2020-01-10T13:41:44.875+0000: 1935.705: Total time for which application threads were stopped: 0.0002528 seconds, Stopping threads took: 0.0000965 seconds
2020-01-10T13:41:44.875+0000: 1935.705: Total time for which application threads were stopped: 0.0001055 seconds, Stopping threads took: 0.0000280 seconds
2020-01-10T13:41:49.879+0000: 1940.709: Total time for which application threads were stopped: 0.0004762 seconds, Stopping threads took: 0.0002614 seconds
2020-01-10T13:41:49.880+0000: 1940.709: Total time for which application threads were stopped: 0.0001304 seconds, Stopping threads took: 0.0000479 seconds
2020-01-10T13:41:54.877+0000: 1945.706: Total time for which application threads were stopped: 0.0003516 seconds, Stopping threads took: 0.0001233 seconds
2020-01-10T13:41:54.877+0000: 1945.706: Total time for which application threads were stopped: 0.0001308 seconds, Stopping threads took: 0.0000412 seconds
2020-01-10T13:41:55.940+0000: 1946.769: Total time for which application threads were stopped: 0.0003096 seconds, Stopping threads took: 0.0001114 seconds
2020-01-10T13:41:55.941+0000: 1946.771: Total time for which application threads were stopped: 0.0002022 seconds, Stopping threads took: 0.0000445 seconds
2020-01-10T13:41:56.169+0000: 1946.998: Total time for which application threads were stopped: 0.0003154 seconds, Stopping threads took: 0.0000954 seconds
2020-01-10T13:41:56.170+0000: 1947.000: Total time for which application threads were stopped: 0.0003170 seconds, Stopping threads took: 0.0001237 seconds
2020-01-10T13:41:56.172+0000: 1947.002: Total time for which application threads were stopped: 0.0001660 seconds, Stopping threads took: 0.0000496 seconds
2020-01-10T13:41:56.173+0000: 1947.003: Total time for which application threads were stopped: 0.0001513 seconds, Stopping threads took: 0.0000466 seconds
2020-01-10T13:41:57.174+0000: 1948.003: Total time for which application threads were stopped: 0.0003257 seconds, Stopping threads took: 0.0001056 seconds
2020-01-10T13:41:57.910+0000: 1948.740: Total time for which application threads were stopped: 0.0004402 seconds, Stopping threads took: 0.0000828 seconds
2020-01-10T13:41:57.911+0000: 1948.740: Total time for which application threads were stopped: 0.0002784 seconds, Stopping threads took: 0.0001162 seconds
2020-01-10T13:41:57.912+0000: 1948.741: Total time for which application threads were stopped: 0.0002205 seconds, Stopping threads took: 0.0000787 seconds
2020-01-10T13:41:57.912+0000: 1948.742: Total time for which application threads were stopped: 0.0001942 seconds, Stopping threads took: 0.0000550 seconds
2020-01-10T13:41:57.914+0000: 1948.743: Total time for which application threads were stopped: 0.0004803 seconds, Stopping threads took: 0.0000408 seconds
2020-01-10T13:41:57.980+0000: 1948.809: Total time for which application threads were stopped: 0.0001964 seconds, Stopping threads took: 0.0000720 seconds
2020-01-10T13:41:57.980+0000: 1948.810: Total time for which application threads were stopped: 0.0002343 seconds, Stopping threads took: 0.0001242 seconds
2020-01-10T13:41:57.982+0000: 1948.812: Total time for which application threads were stopped: 0.0001725 seconds, Stopping threads took: 0.0000726 seconds
2020-01-10T13:41:58.058+0000: 1948.888: Total time for which application threads were stopped: 0.0005629 seconds, Stopping threads took: 0.0000915 seconds
2020-01-10T13:41:59.059+0000: 1949.888: Total time for which application threads were stopped: 0.0003296 seconds, Stopping threads took: 0.0001239 seconds
2020-01-10T13:41:59.876+0000: 1950.706: Total time for which application threads were stopped: 0.0002576 seconds, Stopping threads took: 0.0000818 seconds
2020-01-10T13:41:59.877+0000: 1950.706: Total time for which application threads were stopped: 0.0000997 seconds, Stopping threads took: 0.0000167 seconds
2020-01-10T13:42:04.877+0000: 1955.706: Total time for which application threads were stopped: 0.0002956 seconds, Stopping threads took: 0.0001030 seconds
2020-01-10T13:42:04.877+0000: 1955.706: Total time for which application threads were stopped: 0.0001167 seconds, Stopping threads took: 0.0000364 seconds
2020-01-10T13:42:05.877+0000: 1956.707: Total time for which application threads were stopped: 0.0002919 seconds, Stopping threads took: 0.0001147 seconds
2020-01-10T13:42:09.877+0000: 1960.707: Total time for which application threads were stopped: 0.0004601 seconds, Stopping threads took: 0.0001114 seconds
2020-01-10T13:42:09.878+0000: 1960.707: Total time for which application threads were stopped: 0.0005817 seconds, Stopping threads took: 0.0000245 seconds
2020-01-10T13:42:13.879+0000: 1964.708: Total time for which application threads were stopped: 0.0002577 seconds, Stopping threads took: 0.0000928 seconds
2020-01-10T13:42:14.877+0000: 1965.707: Total time for which application threads were stopped: 0.0002703 seconds, Stopping threads took: 0.0000917 seconds
2020-01-10T13:42:14.877+0000: 1965.707: Total time for which application threads were stopped: 0.0001224 seconds, Stopping threads took: 0.0000408 seconds
2020-01-10T13:42:16.878+0000: 1967.707: Total time for which application threads were stopped: 0.0002320 seconds, Stopping threads took: 0.0000952 seconds
2020-01-10T13:42:18.878+0000: 1969.708: Total time for which application threads were stopped: 0.0002761 seconds, Stopping threads took: 0.0000939 seconds
2020-01-10T13:42:19.878+0000: 1970.707: Total time for which application threads were stopped: 0.0002735 seconds, Stopping threads took: 0.0001083 seconds
2020-01-10T13:42:19.878+0000: 1970.707: Total time for which application threads were stopped: 0.0000917 seconds, Stopping threads took: 0.0000140 seconds
2020-01-10T13:42:24.878+0000: 1975.707: Total time for which application threads were stopped: 0.0002822 seconds, Stopping threads took: 0.0000959 seconds
2020-01-10T13:42:24.878+0000: 1975.708: Total time for which application threads were stopped: 0.0001070 seconds, Stopping threads took: 0.0000290 seconds
2020-01-10T13:42:29.878+0000: 1980.708: Total time for which application threads were stopped: 0.0003282 seconds, Stopping threads took: 0.0001298 seconds
2020-01-10T13:42:29.878+0000: 1980.708: Total time for which application threads were stopped: 0.0000927 seconds, Stopping threads took: 0.0000147 seconds
2020-01-10T13:42:34.878+0000: 1985.708: Total time for which application threads were stopped: 0.0002507 seconds, Stopping threads took: 0.0000876 seconds
2020-01-10T13:42:34.879+0000: 1985.708: Total time for which application threads were stopped: 0.0001099 seconds, Stopping threads took: 0.0000318 seconds
2020-01-10T13:42:39.879+0000: 1990.708: Total time for which application threads were stopped: 0.0002914 seconds, Stopping threads took: 0.0001001 seconds
2020-01-10T13:42:39.879+0000: 1990.708: Total time for which application threads were stopped: 0.0000945 seconds, Stopping threads took: 0.0000145 seconds
2020-01-10T13:42:44.879+0000: 1995.709: Total time for which application threads were stopped: 0.0003296 seconds, Stopping threads took: 0.0001241 seconds
2020-01-10T13:42:44.881+0000: 1995.711: Total time for which application threads were stopped: 0.0001303 seconds, Stopping threads took: 0.0000407 seconds
2020-01-10T13:42:49.879+0000: 2000.709: Total time for which application threads were stopped: 0.0002907 seconds, Stopping threads took: 0.0000906 seconds
2020-01-10T13:42:49.879+0000: 2000.709: Total time for which application threads were stopped: 0.0001098 seconds, Stopping threads took: 0.0000307 seconds
2020-01-10T13:42:50.355+0000: 2001.185: Total time for which application threads were stopped: 0.0002261 seconds, Stopping threads took: 0.0000851 seconds
2020-01-10T13:42:50.357+0000: 2001.186: Total time for which application threads were stopped: 0.0002282 seconds, Stopping threads took: 0.0000661 seconds
2020-01-10T13:42:54.846+0000: 2005.675: Total time for which application threads were stopped: 0.0003139 seconds, Stopping threads took: 0.0001100 seconds
2020-01-10T13:42:54.846+0000: 2005.675: Total time for which application threads were stopped: 0.0001883 seconds, Stopping threads took: 0.0000914 seconds
2020-01-10T13:42:54.847+0000: 2005.677: Total time for which application threads were stopped: 0.0002117 seconds, Stopping threads took: 0.0000612 seconds
2020-01-10T13:42:54.849+0000: 2005.678: Total time for which application threads were stopped: 0.0002268 seconds, Stopping threads took: 0.0000988 seconds
2020-01-10T13:42:54.879+0000: 2005.709: Total time for which application threads were stopped: 0.0004259 seconds, Stopping threads took: 0.0001900 seconds
2020-01-10T13:42:54.880+0000: 2005.709: Total time for which application threads were stopped: 0.0001464 seconds, Stopping threads took: 0.0000350 seconds
2020-01-10T13:42:55.162+0000: 2005.992: Total time for which application threads were stopped: 0.0015729 seconds, Stopping threads took: 0.0001221 seconds
2020-01-10T13:42:55.163+0000: 2005.993: Total time for which application threads were stopped: 0.0006481 seconds, Stopping threads took: 0.0000497 seconds
2020-01-10T13:42:55.368+0000: 2006.197: Total time for which application threads were stopped: 0.0005409 seconds, Stopping threads took: 0.0001317 seconds
2020-01-10T13:42:55.372+0000: 2006.201: Total time for which application threads were stopped: 0.0003393 seconds, Stopping threads took: 0.0001395 seconds
2020-01-10T13:42:55.372+0000: 2006.201: Total time for which application threads were stopped: 0.0002579 seconds, Stopping threads took: 0.0000747 seconds
2020-01-10T13:42:55.372+0000: 2006.202: Total time for which application threads were stopped: 0.0002669 seconds, Stopping threads took: 0.0000850 seconds
2020-01-10T13:42:55.373+0000: 2006.202: Total time for which application threads were stopped: 0.0002890 seconds, Stopping threads took: 0.0001172 seconds
2020-01-10T13:42:55.390+0000: 2006.219: Total time for which application threads were stopped: 0.0002296 seconds, Stopping threads took: 0.0000712 seconds
2020-01-10T13:42:55.390+0000: 2006.220: Total time for which application threads were stopped: 0.0001761 seconds, Stopping threads took: 0.0000492 seconds
2020-01-10T13:42:55.390+0000: 2006.220: Total time for which application threads were stopped: 0.0001677 seconds, Stopping threads took: 0.0000408 seconds
2020-01-10T13:42:55.391+0000: 2006.220: Total time for which application threads were stopped: 0.0001777 seconds, Stopping threads took: 0.0000418 seconds
2020-01-10T13:42:55.428+0000: 2006.258: Total time for which application threads were stopped: 0.0002551 seconds, Stopping threads took: 0.0000592 seconds
2020-01-10T13:42:55.441+0000: 2006.271: Total time for which application threads were stopped: 0.0013863 seconds, Stopping threads took: 0.0000613 seconds
2020-01-10T13:42:55.514+0000: 2006.344: Total time for which application threads were stopped: 0.0003149 seconds, Stopping threads took: 0.0000843 seconds
2020-01-10T13:42:55.621+0000: 2006.451: Total time for which application threads were stopped: 0.0017972 seconds, Stopping threads took: 0.0000996 seconds
2020-01-10T13:42:55.624+0000: 2006.454: Total time for which application threads were stopped: 0.0002094 seconds, Stopping threads took: 0.0000654 seconds
2020-01-10T13:42:55.640+0000: 2006.470: Total time for which application threads were stopped: 0.0001650 seconds, Stopping threads took: 0.0000535 seconds
2020-01-10T13:42:55.644+0000: 2006.473: Total time for which application threads were stopped: 0.0001393 seconds, Stopping threads took: 0.0000338 seconds
2020-01-10T13:42:55.645+0000: 2006.475: Total time for which application threads were stopped: 0.0001551 seconds, Stopping threads took: 0.0000489 seconds
2020-01-10T13:42:55.661+0000: 2006.491: Total time for which application threads were stopped: 0.0001409 seconds, Stopping threads took: 0.0000323 seconds
2020-01-10T13:42:55.669+0000: 2006.499: Total time for which application threads were stopped: 0.0003879 seconds, Stopping threads took: 0.0000437 seconds
2020-01-10T13:42:55.672+0000: 2006.502: Total time for which application threads were stopped: 0.0001605 seconds, Stopping threads took: 0.0000437 seconds
2020-01-10T13:42:56.018+0000: 2006.847: Total time for which application threads were stopped: 0.0005562 seconds, Stopping threads took: 0.0002065 seconds
2020-01-10T13:42:56.018+0000: 2006.848: Total time for which application threads were stopped: 0.0002321 seconds, Stopping threads took: 0.0000906 seconds
2020-01-10T13:42:56.019+0000: 2006.848: Total time for which application threads were stopped: 0.0003294 seconds, Stopping threads took: 0.0000985 seconds
2020-01-10T13:42:56.025+0000: 2006.855: Total time for which application threads were stopped: 0.0003679 seconds, Stopping threads took: 0.0001875 seconds
2020-01-10T13:42:56.029+0000: 2006.859: Total time for which application threads were stopped: 0.0036035 seconds, Stopping threads took: 0.0034728 seconds
2020-01-10T13:42:56.030+0000: 2006.859: Total time for which application threads were stopped: 0.0003512 seconds, Stopping threads took: 0.0001084 seconds
2020-01-10T13:42:56.030+0000: 2006.860: Total time for which application threads were stopped: 0.0002567 seconds, Stopping threads took: 0.0001192 seconds
2020-01-10T13:42:56.031+0000: 2006.860: Total time for which application threads were stopped: 0.0002693 seconds, Stopping threads took: 0.0001280 seconds
2020-01-10T13:42:56.031+0000: 2006.861: Total time for which application threads were stopped: 0.0003628 seconds, Stopping threads took: 0.0001671 seconds
2020-01-10T13:42:56.144+0000: 2006.973: Total time for which application threads were stopped: 0.0001932 seconds, Stopping threads took: 0.0000667 seconds
2020-01-10T13:42:56.147+0000: 2006.977: Total time for which application threads were stopped: 0.0001904 seconds, Stopping threads took: 0.0000807 seconds
2020-01-10T13:42:56.185+0000: 2007.014: Total time for which application threads were stopped: 0.0008107 seconds, Stopping threads took: 0.0000609 seconds
2020-01-10T13:42:56.193+0000: 2007.023: Total time for which application threads were stopped: 0.0005483 seconds, Stopping threads took: 0.0000629 seconds
2020-01-10T13:42:56.195+0000: 2007.024: Total time for which application threads were stopped: 0.0005583 seconds, Stopping threads took: 0.0000573 seconds
2020-01-10T13:42:56.258+0000: 2007.087: Total time for which application threads were stopped: 0.0038779 seconds, Stopping threads took: 0.0033668 seconds
2020-01-10T13:42:56.261+0000: 2007.091: Total time for which application threads were stopped: 0.0003139 seconds, Stopping threads took: 0.0001409 seconds
2020-01-10T13:42:56.262+0000: 2007.091: Total time for which application threads were stopped: 0.0001587 seconds, Stopping threads took: 0.0000474 seconds
2020-01-10T13:42:56.274+0000: 2007.104: Total time for which application threads were stopped: 0.0002557 seconds, Stopping threads took: 0.0001019 seconds
2020-01-10T13:42:56.275+0000: 2007.104: Total time for which application threads were stopped: 0.0002039 seconds, Stopping threads took: 0.0000709 seconds
2020-01-10T13:42:56.275+0000: 2007.105: Total time for which application threads were stopped: 0.0002796 seconds, Stopping threads took: 0.0000724 seconds
2020-01-10T13:42:56.276+0000: 2007.105: Total time for which application threads were stopped: 0.0002111 seconds, Stopping threads took: 0.0000729 seconds
2020-01-10T13:42:56.346+0000: 2007.176: Total time for which application threads were stopped: 0.0004086 seconds, Stopping threads took: 0.0001742 seconds
2020-01-10T13:42:56.347+0000: 2007.177: Total time for which application threads were stopped: 0.0003050 seconds, Stopping threads took: 0.0001544 seconds
2020-01-10T13:42:56.355+0000: 2007.185: Total time for which application threads were stopped: 0.0078904 seconds, Stopping threads took: 0.0077278 seconds
2020-01-10T13:42:56.357+0000: 2007.186: Total time for which application threads were stopped: 0.0002417 seconds, Stopping threads took: 0.0000812 seconds
2020-01-10T13:42:56.357+0000: 2007.187: Total time for which application threads were stopped: 0.0003304 seconds, Stopping threads took: 0.0001733 seconds
2020-01-10T13:42:56.358+0000: 2007.188: Total time for which application threads were stopped: 0.0003703 seconds, Stopping threads took: 0.0001313 seconds
2020-01-10T13:42:56.369+0000: 2007.198: Total time for which application threads were stopped: 0.0002172 seconds, Stopping threads took: 0.0000696 seconds
2020-01-10T13:42:56.370+0000: 2007.199: Total time for which application threads were stopped: 0.0001733 seconds, Stopping threads took: 0.0000674 seconds
2020-01-10T13:42:56.389+0000: 2007.218: Total time for which application threads were stopped: 0.0003031 seconds, Stopping threads took: 0.0001004 seconds
2020-01-10T13:42:56.389+0000: 2007.219: Total time for which application threads were stopped: 0.0002237 seconds, Stopping threads took: 0.0000971 seconds
2020-01-10T13:42:57.124+0000: 2007.954: Total time for which application threads were stopped: 0.0004612 seconds, Stopping threads took: 0.0001443 seconds
2020-01-10T13:42:57.128+0000: 2007.958: Total time for which application threads were stopped: 0.0003886 seconds, Stopping threads took: 0.0001220 seconds
2020-01-10T13:42:57.133+0000: 2007.962: Total time for which application threads were stopped: 0.0003282 seconds, Stopping threads took: 0.0001825 seconds
2020-01-10T13:42:57.296+0000: 2008.125: Total time for which application threads were stopped: 0.0002466 seconds, Stopping threads took: 0.0000669 seconds
2020-01-10T13:42:57.296+0000: 2008.126: Total time for which application threads were stopped: 0.0001748 seconds, Stopping threads took: 0.0000361 seconds
2020-01-10T13:42:58.155+0000: 2008.985: Total time for which application threads were stopped: 0.0005046 seconds, Stopping threads took: 0.0001977 seconds
2020-01-10T13:42:58.158+0000: 2008.987: Total time for which application threads were stopped: 0.0005072 seconds, Stopping threads took: 0.0002047 seconds
2020-01-10T13:42:58.164+0000: 2008.994: Total time for which application threads were stopped: 0.0017424 seconds, Stopping threads took: 0.0015868 seconds
2020-01-10T13:42:59.115+0000: 2009.945: Total time for which application threads were stopped: 0.0005168 seconds, Stopping threads took: 0.0001753 seconds
2020-01-10T13:42:59.119+0000: 2009.948: Total time for which application threads were stopped: 0.0003845 seconds, Stopping threads took: 0.0001156 seconds
2020-01-10T13:42:59.123+0000: 2009.953: Total time for which application threads were stopped: 0.0002322 seconds, Stopping threads took: 0.0000962 seconds
2020-01-10T13:42:59.423+0000: 2010.253: Total time for which application threads were stopped: 0.0002559 seconds, Stopping threads took: 0.0000797 seconds
2020-01-10T13:42:59.424+0000: 2010.254: Total time for which application threads were stopped: 0.0002511 seconds, Stopping threads took: 0.0000628 seconds
2020-01-10T13:42:59.433+0000: 2010.262: Total time for which application threads were stopped: 0.0002543 seconds, Stopping threads took: 0.0000611 seconds
2020-01-10T13:42:59.433+0000: 2010.263: Total time for which application threads were stopped: 0.0003636 seconds, Stopping threads took: 0.0000928 seconds
2020-01-10T13:42:59.434+0000: 2010.264: Total time for which application threads were stopped: 0.0002347 seconds, Stopping threads took: 0.0000928 seconds
2020-01-10T13:42:59.435+0000: 2010.264: Total time for which application threads were stopped: 0.0002334 seconds, Stopping threads took: 0.0000884 seconds
2020-01-10T13:42:59.437+0000: 2010.266: Total time for which application threads were stopped: 0.0002456 seconds, Stopping threads took: 0.0000624 seconds
2020-01-10T13:42:59.514+0000: 2010.344: Total time for which application threads were stopped: 0.0008384 seconds, Stopping threads took: 0.0001117 seconds
2020-01-10T13:42:59.518+0000: 2010.348: Total time for which application threads were stopped: 0.0003928 seconds, Stopping threads took: 0.0001272 seconds
2020-01-10T13:42:59.519+0000: 2010.348: Total time for which application threads were stopped: 0.0001722 seconds, Stopping threads took: 0.0000470 seconds
2020-01-10T13:42:59.521+0000: 2010.350: Total time for which application threads were stopped: 0.0002403 seconds, Stopping threads took: 0.0001101 seconds
2020-01-10T13:42:59.521+0000: 2010.351: Total time for which application threads were stopped: 0.0002155 seconds, Stopping threads took: 0.0000712 seconds
2020-01-10T13:42:59.659+0000: 2010.489: Total time for which application threads were stopped: 0.0002159 seconds, Stopping threads took: 0.0000700 seconds
2020-01-10T13:42:59.660+0000: 2010.490: Total time for which application threads were stopped: 0.0002219 seconds, Stopping threads took: 0.0000256 seconds
2020-01-10T13:42:59.880+0000: 2010.709: Total time for which application threads were stopped: 0.0002364 seconds, Stopping threads took: 0.0000838 seconds
2020-01-10T13:42:59.880+0000: 2010.710: Total time for which application threads were stopped: 0.0001353 seconds, Stopping threads took: 0.0000187 seconds
2020-01-10T13:43:00.309+0000: 2011.139: Total time for which application threads were stopped: 0.0003901 seconds, Stopping threads took: 0.0001029 seconds
2020-01-10T13:43:00.312+0000: 2011.141: Total time for which application threads were stopped: 0.0003006 seconds, Stopping threads took: 0.0000761 seconds
2020-01-10T13:43:00.316+0000: 2011.145: Total time for which application threads were stopped: 0.0002077 seconds, Stopping threads took: 0.0000871 seconds
2020-01-10T13:43:01.209+0000: 2012.038: Total time for which application threads were stopped: 0.0004272 seconds, Stopping threads took: 0.0001637 seconds
2020-01-10T13:43:01.212+0000: 2012.042: Total time for which application threads were stopped: 0.0007886 seconds, Stopping threads took: 0.0001297 seconds
2020-01-10T13:43:01.217+0000: 2012.046: Total time for which application threads were stopped: 0.0002117 seconds, Stopping threads took: 0.0000862 seconds
2020-01-10T13:43:02.217+0000: 2013.047: Total time for which application threads were stopped: 0.0004099 seconds, Stopping threads took: 0.0001131 seconds
2020-01-10T13:43:02.362+0000: 2013.192: Total time for which application threads were stopped: 0.0003899 seconds, Stopping threads took: 0.0001715 seconds
2020-01-10T13:43:03.363+0000: 2014.192: Total time for which application threads were stopped: 0.0003943 seconds, Stopping threads took: 0.0001457 seconds
2020-01-10T13:43:04.363+0000: 2015.193: Total time for which application threads were stopped: 0.0004664 seconds, Stopping threads took: 0.0001997 seconds
2020-01-10T13:43:04.880+0000: 2015.710: Total time for which application threads were stopped: 0.0003495 seconds, Stopping threads took: 0.0000916 seconds
2020-01-10T13:43:04.880+0000: 2015.710: Total time for which application threads were stopped: 0.0001513 seconds, Stopping threads took: 0.0000330 seconds
2020-01-10T13:43:05.881+0000: 2016.710: Total time for which application threads were stopped: 0.0003208 seconds, Stopping threads took: 0.0000911 seconds
2020-01-10T13:43:06.881+0000: 2017.711: Total time for which application threads were stopped: 0.0003655 seconds, Stopping threads took: 0.0000939 seconds
2020-01-10T13:43:07.882+0000: 2018.711: Total time for which application threads were stopped: 0.0003434 seconds, Stopping threads took: 0.0000875 seconds
2020-01-10T13:43:08.882+0000: 2019.712: Total time for which application threads were stopped: 0.0003348 seconds, Stopping threads took: 0.0000962 seconds
2020-01-10T13:43:09.251+0000: 2020.081: Total time for which application threads were stopped: 0.0003612 seconds, Stopping threads took: 0.0000881 seconds
2020-01-10T13:43:09.258+0000: 2020.087: Total time for which application threads were stopped: 0.0017265 seconds, Stopping threads took: 0.0000534 seconds
2020-01-10T13:43:09.302+0000: 2020.132: Total time for which application threads were stopped: 0.0003079 seconds, Stopping threads took: 0.0001115 seconds
2020-01-10T13:43:09.316+0000: 2020.145: Total time for which application threads were stopped: 0.0008838 seconds, Stopping threads took: 0.0000780 seconds
2020-01-10T13:43:09.363+0000: 2020.193: Total time for which application threads were stopped: 0.0005108 seconds, Stopping threads took: 0.0002195 seconds
2020-01-10T13:43:09.370+0000: 2020.200: Total time for which application threads were stopped: 0.0004203 seconds, Stopping threads took: 0.0002087 seconds
2020-01-10T13:43:09.375+0000: 2020.205: Total time for which application threads were stopped: 0.0041720 seconds, Stopping threads took: 0.0039609 seconds
2020-01-10T13:43:09.491+0000: 2020.321: Total time for which application threads were stopped: 0.0050954 seconds, Stopping threads took: 0.0031091 seconds
2020-01-10T13:43:09.499+0000: 2020.329: Total time for which application threads were stopped: 0.0017210 seconds, Stopping threads took: 0.0001401 seconds
2020-01-10T13:43:09.527+0000: 2020.356: Total time for which application threads were stopped: 0.0007037 seconds, Stopping threads took: 0.0002374 seconds
2020-01-10T13:43:09.528+0000: 2020.357: Total time for which application threads were stopped: 0.0006606 seconds, Stopping threads took: 0.0002049 seconds
2020-01-10T13:43:09.537+0000: 2020.367: Total time for which application threads were stopped: 0.0083404 seconds, Stopping threads took: 0.0078945 seconds
2020-01-10T13:43:09.672+0000: 2020.501: Total time for which application threads were stopped: 0.0010120 seconds, Stopping threads took: 0.0001313 seconds
2020-01-10T13:43:09.678+0000: 2020.507: Total time for which application threads were stopped: 0.0009416 seconds, Stopping threads took: 0.0001063 seconds
2020-01-10T13:43:09.741+0000: 2020.571: Total time for which application threads were stopped: 0.0085675 seconds, Stopping threads took: 0.0080929 seconds
2020-01-10T13:43:09.881+0000: 2020.710: Total time for which application threads were stopped: 0.0006010 seconds, Stopping threads took: 0.0001942 seconds
2020-01-10T13:43:09.881+0000: 2020.711: Total time for which application threads were stopped: 0.0002795 seconds, Stopping threads took: 0.0000987 seconds
2020-01-10T13:43:10.129+0000: 2020.959: Total time for which application threads were stopped: 0.0005615 seconds, Stopping threads took: 0.0000876 seconds
2020-01-10T13:43:10.293+0000: 2021.123: [GC pause (G1 Evacuation Pause) (young)
Desired survivor size 40370176 bytes, new threshold 6 (max 15)
- age   1:    9025296 bytes,    9025296 total
- age   2:    8834568 bytes,   17859864 total
- age   3:    3332352 bytes,   21192216 total
- age   4:   13912760 bytes,   35104976 total
- age   5:    1647432 bytes,   36752408 total
- age   6:    4425304 bytes,   41177712 total
, 0.1563175 secs]
   [Parallel Time: 52.0 ms, GC Workers: 4]
      [GC Worker Start (ms): Min: 2021122.8, Avg: 2021122.9, Max: 2021122.9, Diff: 0.1]
      [Ext Root Scanning (ms): Min: 2.1, Avg: 4.1, Max: 8.6, Diff: 6.5, Sum: 16.3]
      [Update RS (ms): Min: 0.0, Avg: 0.8, Max: 1.0, Diff: 1.0, Sum: 3.1]
         [Processed Buffers: Min: 0, Avg: 11.0, Max: 18, Diff: 18, Sum: 44]
      [Scan RS (ms): Min: 0.1, Avg: 1.4, Max: 2.4, Diff: 2.3, Sum: 5.7]
      [Code Root Scanning (ms): Min: 0.0, Avg: 2.2, Max: 3.5, Diff: 3.5, Sum: 8.9]
      [Object Copy (ms): Min: 42.0, Avg: 43.3, Max: 45.0, Diff: 3.1, Sum: 173.0]
      [Termination (ms): Min: 0.0, Avg: 0.0, Max: 0.0, Diff: 0.0, Sum: 0.0]
         [Termination Attempts: Min: 1, Avg: 1.0, Max: 1, Diff: 0, Sum: 4]
      [GC Worker Other (ms): Min: 0.0, Avg: 0.1, Max: 0.1, Diff: 0.0, Sum: 0.2]
      [GC Worker Total (ms): Min: 51.8, Avg: 51.8, Max: 51.9, Diff: 0.1, Sum: 207.3]
      [GC Worker End (ms): Min: 2021174.7, Avg: 2021174.7, Max: 2021174.7, Diff: 0.1]
   [Code Root Fixup: 0.2 ms]
   [Code Root Purge: 0.1 ms]
   [Clear CT: 0.3 ms]
   [Other: 103.8 ms]
      [Choose CSet: 0.0 ms]
      [Ref Proc: 102.1 ms]
      [Ref Enq: 0.4 ms]
      [Redirty Cards: 0.1 ms]
      [Humongous Register: 0.1 ms]
      [Humongous Reclaim: 0.0 ms]
      [Free CSet: 0.7 ms]
   [Eden: 556.0M(556.0M)->0.0B(537.0M) Survivors: 59392.0K->78848.0K Heap: 665.6M(1024.0M)->136.6M(1024.0M)]
 [Times: user=0.35 sys=0.02, real=0.16 secs] 
2020-01-10T13:43:10.450+0000: 2021.279: Total time for which application threads were stopped: 0.1569925 seconds, Stopping threads took: 0.0001467 seconds
2020-01-10T13:43:10.453+0000: 2021.283: Total time for which application threads were stopped: 0.0005375 seconds, Stopping threads took: 0.0002404 seconds
2020-01-10T13:43:10.456+0000: 2021.286: Total time for which application threads were stopped: 0.0005116 seconds, Stopping threads took: 0.0001540 seconds
2020-01-10T13:43:10.456+0000: 2021.286: Total time for which application threads were stopped: 0.0003964 seconds, Stopping threads took: 0.0001262 seconds
2020-01-10T13:43:10.462+0000: 2021.292: Total time for which application threads were stopped: 0.0003540 seconds, Stopping threads took: 0.0000874 seconds
2020-01-10T13:43:10.468+0000: 2021.297: Total time for which application threads were stopped: 0.0003146 seconds, Stopping threads took: 0.0001202 seconds
2020-01-10T13:43:10.468+0000: 2021.298: Total time for which application threads were stopped: 0.0002690 seconds, Stopping threads took: 0.0000893 seconds
2020-01-10T13:43:10.469+0000: 2021.298: Total time for which application threads were stopped: 0.0002274 seconds, Stopping threads took: 0.0000530 seconds
2020-01-10T13:43:10.469+0000: 2021.299: Total time for which application threads were stopped: 0.0002177 seconds, Stopping threads took: 0.0000578 seconds
2020-01-10T13:43:10.469+0000: 2021.299: Total time for which application threads were stopped: 0.0002481 seconds, Stopping threads took: 0.0000574 seconds
2020-01-10T13:43:10.470+0000: 2021.299: Total time for which application threads were stopped: 0.0003644 seconds, Stopping threads took: 0.0001078 seconds
2020-01-10T13:43:10.470+0000: 2021.300: Total time for which application threads were stopped: 0.0002543 seconds, Stopping threads took: 0.0000888 seconds
2020-01-10T13:43:10.472+0000: 2021.302: Total time for which application threads were stopped: 0.0005245 seconds, Stopping threads took: 0.0001501 seconds
2020-01-10T13:43:10.473+0000: 2021.302: Total time for which application threads were stopped: 0.0002071 seconds, Stopping threads took: 0.0000537 seconds
2020-01-10T13:43:10.473+0000: 2021.303: Total time for which application threads were stopped: 0.0003311 seconds, Stopping threads took: 0.0001035 seconds
2020-01-10T13:43:10.474+0000: 2021.303: Total time for which application threads were stopped: 0.0002830 seconds, Stopping threads took: 0.0001037 seconds
2020-01-10T13:43:10.474+0000: 2021.303: Total time for which application threads were stopped: 0.0002665 seconds, Stopping threads took: 0.0000887 seconds
2020-01-10T13:43:10.474+0000: 2021.304: Total time for which application threads were stopped: 0.0002612 seconds, Stopping threads took: 0.0000760 seconds
2020-01-10T13:43:10.475+0000: 2021.304: Total time for which application threads were stopped: 0.0002861 seconds, Stopping threads took: 0.0000946 seconds
2020-01-10T13:43:10.475+0000: 2021.305: Total time for which application threads were stopped: 0.0002786 seconds, Stopping threads took: 0.0001093 seconds
2020-01-10T13:43:10.476+0000: 2021.305: Total time for which application threads were stopped: 0.0003073 seconds, Stopping threads took: 0.0001251 seconds
2020-01-10T13:43:10.476+0000: 2021.306: Total time for which application threads were stopped: 0.0002799 seconds, Stopping threads took: 0.0000963 seconds
2020-01-10T13:43:10.477+0000: 2021.306: Total time for which application threads were stopped: 0.0002204 seconds, Stopping threads took: 0.0000507 seconds
2020-01-10T13:43:10.477+0000: 2021.307: Total time for which application threads were stopped: 0.0002749 seconds, Stopping threads took: 0.0000953 seconds
2020-01-10T13:43:10.477+0000: 2021.307: Total time for which application threads were stopped: 0.0002496 seconds, Stopping threads took: 0.0000822 seconds
2020-01-10T13:43:10.479+0000: 2021.309: Total time for which application threads were stopped: 0.0003519 seconds, Stopping threads took: 0.0001776 seconds
2020-01-10T13:43:10.480+0000: 2021.309: Total time for which application threads were stopped: 0.0002872 seconds, Stopping threads took: 0.0001151 seconds
2020-01-10T13:43:10.480+0000: 2021.310: Total time for which application threads were stopped: 0.0002690 seconds, Stopping threads took: 0.0000908 seconds
2020-01-10T13:43:10.481+0000: 2021.310: Total time for which application threads were stopped: 0.0002552 seconds, Stopping threads took: 0.0000904 seconds
2020-01-10T13:43:10.481+0000: 2021.310: Total time for which application threads were stopped: 0.0002701 seconds, Stopping threads took: 0.0001178 seconds
2020-01-10T13:43:10.481+0000: 2021.311: Total time for which application threads were stopped: 0.0002720 seconds, Stopping threads took: 0.0001317 seconds
2020-01-10T13:43:10.482+0000: 2021.312: Total time for which application threads were stopped: 0.0003252 seconds, Stopping threads took: 0.0001663 seconds
2020-01-10T13:43:10.483+0000: 2021.312: Total time for which application threads were stopped: 0.0002649 seconds, Stopping threads took: 0.0000854 seconds
2020-01-10T13:43:10.483+0000: 2021.313: Total time for which application threads were stopped: 0.0003090 seconds, Stopping threads took: 0.0001231 seconds
2020-01-10T13:43:10.484+0000: 2021.314: Total time for which application threads were stopped: 0.0009747 seconds, Stopping threads took: 0.0001061 seconds
2020-01-10T13:43:10.490+0000: 2021.319: Total time for which application threads were stopped: 0.0003966 seconds, Stopping threads took: 0.0001620 seconds
2020-01-10T13:43:10.496+0000: 2021.326: Total time for which application threads were stopped: 0.0008116 seconds, Stopping threads took: 0.0001466 seconds
2020-01-10T13:43:10.504+0000: 2021.334: Total time for which application threads were stopped: 0.0004360 seconds, Stopping threads took: 0.0001974 seconds
2020-01-10T13:43:10.531+0000: 2021.360: Total time for which application threads were stopped: 0.0008158 seconds, Stopping threads took: 0.0002087 seconds
2020-01-10T13:43:10.754+0000: 2021.584: [GC pause (G1 Evacuation Pause) (young)
Desired survivor size 5242880 bytes, new threshold 1 (max 15)
- age   1:   15926360 bytes,   15926360 total
- age   2:    8516640 bytes,   24443000 total
- age   3:    8804296 bytes,   33247296 total
- age   4:    3329920 bytes,   36577216 total
- age   5:   13896592 bytes,   50473808 total
- age   6:    1643656 bytes,   52117464 total
, 0.0883032 secs]
   [Parallel Time: 63.8 ms, GC Workers: 4]
      [GC Worker Start (ms): Min: 2021583.8, Avg: 2021583.8, Max: 2021583.9, Diff: 0.1]
      [Ext Root Scanning (ms): Min: 1.8, Avg: 4.0, Max: 9.3, Diff: 7.5, Sum: 15.8]
      [Update RS (ms): Min: 0.0, Avg: 1.5, Max: 2.1, Diff: 2.1, Sum: 6.1]
         [Processed Buffers: Min: 0, Avg: 7.8, Max: 16, Diff: 16, Sum: 31]
      [Scan RS (ms): Min: 1.3, Avg: 4.3, Max: 5.6, Diff: 4.3, Sum: 17.3]
      [Code Root Scanning (ms): Min: 0.3, Avg: 2.1, Max: 4.0, Diff: 3.6, Sum: 8.5]
      [Object Copy (ms): Min: 50.6, Avg: 51.7, Max: 53.1, Diff: 2.5, Sum: 206.9]
      [Termination (ms): Min: 0.0, Avg: 0.0, Max: 0.0, Diff: 0.0, Sum: 0.0]
         [Termination Attempts: Min: 1, Avg: 1.0, Max: 1, Diff: 0, Sum: 4]
      [GC Worker Other (ms): Min: 0.0, Avg: 0.0, Max: 0.0, Diff: 0.0, Sum: 0.1]
      [GC Worker Total (ms): Min: 63.6, Avg: 63.7, Max: 63.7, Diff: 0.1, Sum: 254.7]
      [GC Worker End (ms): Min: 2021647.5, Avg: 2021647.5, Max: 2021647.5, Diff: 0.0]
   [Code Root Fixup: 0.3 ms]
   [Code Root Purge: 0.0 ms]
   [Clear CT: 0.2 ms]
   [Other: 24.0 ms]
      [Choose CSet: 0.0 ms]
      [Ref Proc: 22.8 ms]
      [Ref Enq: 0.1 ms]
      [Redirty Cards: 0.3 ms]
      [Humongous Register: 0.1 ms]
      [Humongous Reclaim: 0.0 ms]
      [Free CSet: 0.4 ms]
   [Eden: 50176.0K(1024.0K)->0.0B(604.0M) Survivors: 78848.0K->10240.0K Heap: 185.6M(1024.0M)->119.1M(1024.0M)]
 [Times: user=0.33 sys=0.06, real=0.09 secs] 
2020-01-10T13:43:10.843+0000: 2021.672: Total time for which application threads were stopped: 0.0890495 seconds, Stopping threads took: 0.0001079 seconds
2020-01-10T13:43:10.861+0000: 2021.691: Total time for which application threads were stopped: 0.0012676 seconds, Stopping threads took: 0.0009339 seconds
2020-01-10T13:43:10.977+0000: 2021.807: Total time for which application threads were stopped: 0.0006999 seconds, Stopping threads took: 0.0002233 seconds
2020-01-10T13:43:10.982+0000: 2021.812: Total time for which application threads were stopped: 0.0003387 seconds, Stopping threads took: 0.0001288 seconds
2020-01-10T13:43:10.987+0000: 2021.816: Total time for which application threads were stopped: 0.0003386 seconds, Stopping threads took: 0.0001275 seconds
2020-01-10T13:43:10.991+0000: 2021.821: [Full GC (System.gc())  134M->95512K(1024M), 0.4788527 secs]
   [Eden: 16384.0K(604.0M)->0.0B(614.0M) Survivors: 10240.0K->0.0B Heap: 134.4M(1024.0M)->95512.3K(1024.0M)], [Metaspace: 130781K->129853K(1169408K)]
 [Times: user=0.64 sys=0.00, real=0.48 secs] 
2020-01-10T13:43:11.470+0000: 2022.300: Total time for which application threads were stopped: 0.4793437 seconds, Stopping threads took: 0.0000656 seconds
2020-01-10T13:43:11.483+0000: 2022.313: Total time for which application threads were stopped: 0.0005854 seconds, Stopping threads took: 0.0001448 seconds
2020-01-10T13:43:11.721+0000: 2022.550: Total time for which application threads were stopped: 0.0006289 seconds, Stopping threads took: 0.0001036 seconds
2020-01-10T13:43:11.989+0000: 2022.818: Total time for which application threads were stopped: 0.0005965 seconds, Stopping threads took: 0.0001010 seconds
2020-01-10T13:43:12.198+0000: 2023.028: Total time for which application threads were stopped: 0.0020762 seconds, Stopping threads took: 0.0000616 seconds
2020-01-10T13:43:12.218+0000: 2023.048: Total time for which application threads were stopped: 0.0007701 seconds, Stopping threads took: 0.0000606 seconds
2020-01-10T13:43:12.797+0000: 2023.627: Total time for which application threads were stopped: 0.0007152 seconds, Stopping threads took: 0.0002114 seconds
2020-01-10T13:43:12.819+0000: 2023.649: Total time for which application threads were stopped: 0.0010722 seconds, Stopping threads took: 0.0000804 seconds
2020-01-10T13:43:12.823+0000: 2023.653: Total time for which application threads were stopped: 0.0008275 seconds, Stopping threads took: 0.0000619 seconds
2020-01-10T13:43:13.823+0000: 2024.653: Total time for which application threads were stopped: 0.0004215 seconds, Stopping threads took: 0.0001108 seconds
2020-01-10T13:43:14.882+0000: 2025.712: Total time for which application threads were stopped: 0.0004100 seconds, Stopping threads took: 0.0001079 seconds
2020-01-10T13:43:14.882+0000: 2025.712: Total time for which application threads were stopped: 0.0001591 seconds, Stopping threads took: 0.0000343 seconds
2020-01-10T13:43:17.883+0000: 2028.713: Total time for which application threads were stopped: 0.0004074 seconds, Stopping threads took: 0.0001085 seconds
2020-01-10T13:43:18.884+0000: 2029.713: Total time for which application threads were stopped: 0.0004556 seconds, Stopping threads took: 0.0001394 seconds
2020-01-10T13:43:19.881+0000: 2030.711: Total time for which application threads were stopped: 0.0004386 seconds, Stopping threads took: 0.0000938 seconds
2020-01-10T13:43:19.882+0000: 2030.712: Total time for which application threads were stopped: 0.0007436 seconds, Stopping threads took: 0.0000210 seconds
2020-01-10T13:43:22.883+0000: 2033.712: Total time for which application threads were stopped: 0.0004181 seconds, Stopping threads took: 0.0001146 seconds
2020-01-10T13:43:23.883+0000: 2034.713: Total time for which application threads were stopped: 0.0004222 seconds, Stopping threads took: 0.0001238 seconds
2020-01-10T13:43:24.881+0000: 2035.711: Total time for which application threads were stopped: 0.0004186 seconds, Stopping threads took: 0.0001215 seconds
2020-01-10T13:43:24.882+0000: 2035.711: Total time for which application threads were stopped: 0.0001664 seconds, Stopping threads took: 0.0000380 seconds
2020-01-10T13:43:25.882+0000: 2036.712: Total time for which application threads were stopped: 0.0003376 seconds, Stopping threads took: 0.0001023 seconds
2020-01-10T13:43:26.883+0000: 2037.712: Total time for which application threads were stopped: 0.0004022 seconds, Stopping threads took: 0.0001141 seconds
2020-01-10T13:43:29.882+0000: 2040.712: Total time for which application threads were stopped: 0.0004339 seconds, Stopping threads took: 0.0001200 seconds
2020-01-10T13:43:29.882+0000: 2040.712: Total time for which application threads were stopped: 0.0001676 seconds, Stopping threads took: 0.0000307 seconds
2020-01-10T13:43:30.883+0000: 2041.713: Total time for which application threads were stopped: 0.0005866 seconds, Stopping threads took: 0.0001246 seconds
2020-01-10T13:43:34.882+0000: 2045.712: Total time for which application threads were stopped: 0.0004841 seconds, Stopping threads took: 0.0001504 seconds
2020-01-10T13:43:34.882+0000: 2045.712: Total time for which application threads were stopped: 0.0001696 seconds, Stopping threads took: 0.0000481 seconds
2020-01-10T13:43:38.883+0000: 2049.713: Total time for which application threads were stopped: 0.0003748 seconds, Stopping threads took: 0.0001184 seconds
2020-01-10T13:43:39.882+0000: 2050.712: Total time for which application threads were stopped: 0.0004047 seconds, Stopping threads took: 0.0000942 seconds
2020-01-10T13:43:39.882+0000: 2050.712: Total time for which application threads were stopped: 0.0001422 seconds, Stopping threads took: 0.0000199 seconds
2020-01-10T13:43:41.883+0000: 2052.713: Total time for which application threads were stopped: 0.0003700 seconds, Stopping threads took: 0.0001117 seconds
2020-01-10T13:43:43.884+0000: 2054.713: Total time for which application threads were stopped: 0.0003452 seconds, Stopping threads took: 0.0001089 seconds
2020-01-10T13:43:44.883+0000: 2055.712: Total time for which application threads were stopped: 0.0003740 seconds, Stopping threads took: 0.0001004 seconds
2020-01-10T13:43:44.883+0000: 2055.712: Total time for which application threads were stopped: 0.0001469 seconds, Stopping threads took: 0.0000334 seconds
2020-01-10T13:43:49.883+0000: 2060.712: Total time for which application threads were stopped: 0.0003589 seconds, Stopping threads took: 0.0001009 seconds
2020-01-10T13:43:49.883+0000: 2060.713: Total time for which application threads were stopped: 0.0001309 seconds, Stopping threads took: 0.0000186 seconds
2020-01-10T13:43:50.883+0000: 2061.713: Total time for which application threads were stopped: 0.0003420 seconds, Stopping threads took: 0.0001152 seconds
2020-01-10T13:43:51.917+0000: 2062.746: Total time for which application threads were stopped: 0.0004247 seconds, Stopping threads took: 0.0001609 seconds
2020-01-10T13:43:51.918+0000: 2062.747: Total time for which application threads were stopped: 0.0001728 seconds, Stopping threads took: 0.0000450 seconds
2020-01-10T13:43:51.919+0000: 2062.749: Total time for which application threads were stopped: 0.0002289 seconds, Stopping threads took: 0.0000459 seconds
2020-01-10T13:43:51.920+0000: 2062.750: Total time for which application threads were stopped: 0.0001947 seconds, Stopping threads took: 0.0000433 seconds
2020-01-10T13:43:52.921+0000: 2063.751: Total time for which application threads were stopped: 0.0003982 seconds, Stopping threads took: 0.0001015 seconds
2020-01-10T13:43:54.007+0000: 2064.837: Total time for which application threads were stopped: 0.0005898 seconds, Stopping threads took: 0.0002412 seconds
2020-01-10T13:43:54.162+0000: 2064.991: Total time for which application threads were stopped: 0.0006452 seconds, Stopping threads took: 0.0000969 seconds
2020-01-10T13:43:54.884+0000: 2065.713: Total time for which application threads were stopped: 0.0007322 seconds, Stopping threads took: 0.0001722 seconds
2020-01-10T13:43:54.884+0000: 2065.714: Total time for which application threads were stopped: 0.0002480 seconds, Stopping threads took: 0.0000820 seconds
2020-01-10T13:43:55.078+0000: 2065.908: Total time for which application threads were stopped: 0.0004586 seconds, Stopping threads took: 0.0001027 seconds
2020-01-10T13:43:55.103+0000: 2065.933: Total time for which application threads were stopped: 0.0003819 seconds, Stopping threads took: 0.0000801 seconds
2020-01-10T13:43:55.126+0000: 2065.955: Total time for which application threads were stopped: 0.0020376 seconds, Stopping threads took: 0.0000614 seconds
2020-01-10T13:43:55.142+0000: 2065.971: Total time for which application threads were stopped: 0.0002421 seconds, Stopping threads took: 0.0000669 seconds
2020-01-10T13:43:55.154+0000: 2065.983: Total time for which application threads were stopped: 0.0002263 seconds, Stopping threads took: 0.0000636 seconds
2020-01-10T13:43:55.161+0000: 2065.991: Total time for which application threads were stopped: 0.0002776 seconds, Stopping threads took: 0.0001025 seconds
2020-01-10T13:43:55.161+0000: 2065.991: Total time for which application threads were stopped: 0.0001554 seconds, Stopping threads took: 0.0000367 seconds
2020-01-10T13:43:55.163+0000: 2065.993: Total time for which application threads were stopped: 0.0001666 seconds, Stopping threads took: 0.0000460 seconds
2020-01-10T13:43:55.163+0000: 2065.993: Total time for which application threads were stopped: 0.0001567 seconds, Stopping threads took: 0.0000361 seconds
2020-01-10T13:43:55.164+0000: 2065.993: Total time for which application threads were stopped: 0.0001440 seconds, Stopping threads took: 0.0000253 seconds
2020-01-10T13:43:55.169+0000: 2065.998: Total time for which application threads were stopped: 0.0001906 seconds, Stopping threads took: 0.0000591 seconds
2020-01-10T13:43:55.174+0000: 2066.003: Total time for which application threads were stopped: 0.0002442 seconds, Stopping threads took: 0.0001033 seconds
2020-01-10T13:43:55.179+0000: 2066.008: Total time for which application threads were stopped: 0.0001800 seconds, Stopping threads took: 0.0000519 seconds
2020-01-10T13:43:55.179+0000: 2066.008: Total time for which application threads were stopped: 0.0001447 seconds, Stopping threads took: 0.0000287 seconds
2020-01-10T13:43:55.181+0000: 2066.010: Total time for which application threads were stopped: 0.0006290 seconds, Stopping threads took: 0.0000416 seconds
2020-01-10T13:43:55.186+0000: 2066.016: Total time for which application threads were stopped: 0.0002066 seconds, Stopping threads took: 0.0000621 seconds
2020-01-10T13:43:55.192+0000: 2066.021: Total time for which application threads were stopped: 0.0002510 seconds, Stopping threads took: 0.0001133 seconds
2020-01-10T13:43:55.195+0000: 2066.024: Total time for which application threads were stopped: 0.0002562 seconds, Stopping threads took: 0.0001001 seconds
2020-01-10T13:43:55.200+0000: 2066.029: Total time for which application threads were stopped: 0.0002494 seconds, Stopping threads took: 0.0000939 seconds
2020-01-10T13:43:55.202+0000: 2066.032: Total time for which application threads were stopped: 0.0002937 seconds, Stopping threads took: 0.0001469 seconds
2020-01-10T13:43:55.207+0000: 2066.037: Total time for which application threads were stopped: 0.0003115 seconds, Stopping threads took: 0.0001397 seconds
2020-01-10T13:43:55.219+0000: 2066.048: Total time for which application threads were stopped: 0.0004212 seconds, Stopping threads took: 0.0001579 seconds
2020-01-10T13:43:55.231+0000: 2066.061: Total time for which application threads were stopped: 0.0002524 seconds, Stopping threads took: 0.0000769 seconds
2020-01-10T13:43:55.236+0000: 2066.065: Total time for which application threads were stopped: 0.0002295 seconds, Stopping threads took: 0.0000621 seconds
2020-01-10T13:43:55.236+0000: 2066.065: Total time for which application threads were stopped: 0.0002213 seconds, Stopping threads took: 0.0000815 seconds
2020-01-10T13:43:55.237+0000: 2066.067: Total time for which application threads were stopped: 0.0002266 seconds, Stopping threads took: 0.0000781 seconds
2020-01-10T13:43:55.238+0000: 2066.067: Total time for which application threads were stopped: 0.0002569 seconds, Stopping threads took: 0.0001144 seconds
2020-01-10T13:43:55.239+0000: 2066.068: Total time for which application threads were stopped: 0.0001890 seconds, Stopping threads took: 0.0000579 seconds
2020-01-10T13:43:55.239+0000: 2066.068: Total time for which application threads were stopped: 0.0002229 seconds, Stopping threads took: 0.0000752 seconds
2020-01-10T13:43:55.239+0000: 2066.069: Total time for which application threads were stopped: 0.0001916 seconds, Stopping threads took: 0.0000511 seconds
2020-01-10T13:43:55.242+0000: 2066.071: Total time for which application threads were stopped: 0.0002618 seconds, Stopping threads took: 0.0001209 seconds
2020-01-10T13:43:55.246+0000: 2066.076: Total time for which application threads were stopped: 0.0002680 seconds, Stopping threads took: 0.0000696 seconds
2020-01-10T13:43:55.247+0000: 2066.077: Total time for which application threads were stopped: 0.0001669 seconds, Stopping threads took: 0.0000443 seconds
2020-01-10T13:43:55.247+0000: 2066.077: Total time for which application threads were stopped: 0.0001812 seconds, Stopping threads took: 0.0000535 seconds
2020-01-10T13:43:55.248+0000: 2066.077: Total time for which application threads were stopped: 0.0001763 seconds, Stopping threads took: 0.0000440 seconds
2020-01-10T13:43:55.248+0000: 2066.077: Total time for which application threads were stopped: 0.0001647 seconds, Stopping threads took: 0.0000419 seconds
2020-01-10T13:43:55.249+0000: 2066.078: Total time for which application threads were stopped: 0.0007036 seconds, Stopping threads took: 0.0000423 seconds
2020-01-10T13:43:55.261+0000: 2066.090: Total time for which application threads were stopped: 0.0004589 seconds, Stopping threads took: 0.0002169 seconds
2020-01-10T13:43:55.311+0000: 2066.141: Total time for which application threads were stopped: 0.0081148 seconds, Stopping threads took: 0.0076039 seconds
2020-01-10T13:43:55.322+0000: 2066.152: Total time for which application threads were stopped: 0.0005130 seconds, Stopping threads took: 0.0001588 seconds
2020-01-10T13:43:55.643+0000: 2066.473: Total time for which application threads were stopped: 0.0004677 seconds, Stopping threads took: 0.0000951 seconds
2020-01-10T13:43:55.644+0000: 2066.474: Total time for which application threads were stopped: 0.0002448 seconds, Stopping threads took: 0.0000456 seconds
2020-01-10T13:43:56.645+0000: 2067.474: Total time for which application threads were stopped: 0.0004422 seconds, Stopping threads took: 0.0001309 seconds
2020-01-10T13:43:57.645+0000: 2068.475: Total time for which application threads were stopped: 0.0003832 seconds, Stopping threads took: 0.0001057 seconds
2020-01-10T13:43:58.646+0000: 2069.475: Total time for which application threads were stopped: 0.0003603 seconds, Stopping threads took: 0.0001071 seconds
2020-01-10T13:44:00.014+0000: 2070.843: Total time for which application threads were stopped: 0.0006380 seconds, Stopping threads took: 0.0001684 seconds
2020-01-10T13:44:00.055+0000: 2070.884: Total time for which application threads were stopped: 0.0002894 seconds, Stopping threads took: 0.0000746 seconds
2020-01-10T13:44:00.057+0000: 2070.887: Total time for which application threads were stopped: 0.0019314 seconds, Stopping threads took: 0.0000611 seconds
2020-01-10T13:44:00.078+0000: 2070.907: Total time for which application threads were stopped: 0.0012430 seconds, Stopping threads took: 0.0000645 seconds
2020-01-10T13:44:00.110+0000: 2070.939: Total time for which application threads were stopped: 0.0003119 seconds, Stopping threads took: 0.0000952 seconds
2020-01-10T13:44:00.120+0000: 2070.949: Total time for which application threads were stopped: 0.0002624 seconds, Stopping threads took: 0.0000593 seconds
2020-01-10T13:44:00.144+0000: 2070.974: Total time for which application threads were stopped: 0.0002702 seconds, Stopping threads took: 0.0000599 seconds
2020-01-10T13:44:00.304+0000: 2071.134: Total time for which application threads were stopped: 0.0004284 seconds, Stopping threads took: 0.0001715 seconds
2020-01-10T13:44:00.313+0000: 2071.142: Total time for which application threads were stopped: 0.0004422 seconds, Stopping threads took: 0.0002173 seconds
2020-01-10T13:44:00.444+0000: 2071.274: Total time for which application threads were stopped: 0.0003311 seconds, Stopping threads took: 0.0001143 seconds
2020-01-10T13:44:00.445+0000: 2071.274: Total time for which application threads were stopped: 0.0002312 seconds, Stopping threads took: 0.0001001 seconds
2020-01-10T13:44:00.494+0000: 2071.324: Total time for which application threads were stopped: 0.0002794 seconds, Stopping threads took: 0.0000791 seconds
2020-01-10T13:44:00.508+0000: 2071.337: Total time for which application threads were stopped: 0.0002234 seconds, Stopping threads took: 0.0000734 seconds
2020-01-10T13:44:00.508+0000: 2071.338: Total time for which application threads were stopped: 0.0001797 seconds, Stopping threads took: 0.0000510 seconds
2020-01-10T13:44:00.593+0000: 2071.423: Total time for which application threads were stopped: 0.0011772 seconds, Stopping threads took: 0.0010263 seconds
2020-01-10T13:44:00.594+0000: 2071.424: Total time for which application threads were stopped: 0.0002560 seconds, Stopping threads took: 0.0001279 seconds
2020-01-10T13:44:00.777+0000: 2071.607: Total time for which application threads were stopped: 0.0002251 seconds, Stopping threads took: 0.0000662 seconds
2020-01-10T13:44:00.777+0000: 2071.607: Total time for which application threads were stopped: 0.0001659 seconds, Stopping threads took: 0.0000390 seconds
2020-01-10T13:44:00.891+0000: 2071.721: Total time for which application threads were stopped: 0.0002852 seconds, Stopping threads took: 0.0000921 seconds
2020-01-10T13:44:00.891+0000: 2071.721: Total time for which application threads were stopped: 0.0001549 seconds, Stopping threads took: 0.0000383 seconds
2020-01-10T13:44:00.892+0000: 2071.722: Total time for which application threads were stopped: 0.0001706 seconds, Stopping threads took: 0.0000482 seconds
2020-01-10T13:44:00.894+0000: 2071.723: Total time for which application threads were stopped: 0.0002211 seconds, Stopping threads took: 0.0000408 seconds
2020-01-10T13:44:00.919+0000: 2071.748: Total time for which application threads were stopped: 0.0021968 seconds, Stopping threads took: 0.0019125 seconds
2020-01-10T13:44:01.020+0000: 2071.850: Total time for which application threads were stopped: 0.0004748 seconds, Stopping threads took: 0.0000967 seconds
2020-01-10T13:44:01.021+0000: 2071.850: Total time for which application threads were stopped: 0.0002790 seconds, Stopping threads took: 0.0000729 seconds
2020-01-10T13:44:01.022+0000: 2071.852: Total time for which application threads were stopped: 0.0008576 seconds, Stopping threads took: 0.0000958 seconds
2020-01-10T13:44:01.024+0000: 2071.853: Total time for which application threads were stopped: 0.0003310 seconds, Stopping threads took: 0.0001098 seconds
2020-01-10T13:44:01.024+0000: 2071.854: Total time for which application threads were stopped: 0.0003440 seconds, Stopping threads took: 0.0001223 seconds
2020-01-10T13:44:01.025+0000: 2071.855: Total time for which application threads were stopped: 0.0003480 seconds, Stopping threads took: 0.0001711 seconds
2020-01-10T13:44:01.067+0000: 2071.896: Total time for which application threads were stopped: 0.0005974 seconds, Stopping threads took: 0.0001937 seconds
2020-01-10T13:44:01.103+0000: 2071.932: Total time for which application threads were stopped: 0.0006203 seconds, Stopping threads took: 0.0001971 seconds
2020-01-10T13:44:01.104+0000: 2071.934: Total time for which application threads were stopped: 0.0003409 seconds, Stopping threads took: 0.0001254 seconds
2020-01-10T13:44:01.109+0000: 2071.939: Total time for which application threads were stopped: 0.0004077 seconds, Stopping threads took: 0.0001715 seconds
2020-01-10T13:44:01.121+0000: 2071.951: Total time for which application threads were stopped: 0.0005263 seconds, Stopping threads took: 0.0002531 seconds
2020-01-10T13:44:01.121+0000: 2071.951: Total time for which application threads were stopped: 0.0003022 seconds, Stopping threads took: 0.0001235 seconds
2020-01-10T13:44:01.122+0000: 2071.952: Total time for which application threads were stopped: 0.0003671 seconds, Stopping threads took: 0.0001208 seconds
2020-01-10T13:44:01.123+0000: 2071.953: Total time for which application threads were stopped: 0.0004025 seconds, Stopping threads took: 0.0001389 seconds
2020-01-10T13:44:01.130+0000: 2071.959: Total time for which application threads were stopped: 0.0004045 seconds, Stopping threads took: 0.0001971 seconds
2020-01-10T13:44:01.131+0000: 2071.960: Total time for which application threads were stopped: 0.0002851 seconds, Stopping threads took: 0.0000734 seconds
2020-01-10T13:44:01.136+0000: 2071.965: Total time for which application threads were stopped: 0.0004009 seconds, Stopping threads took: 0.0001712 seconds
2020-01-10T13:44:01.174+0000: 2072.003: Total time for which application threads were stopped: 0.0022869 seconds, Stopping threads took: 0.0019371 seconds
2020-01-10T13:44:01.187+0000: 2072.017: Total time for which application threads were stopped: 0.0004478 seconds, Stopping threads took: 0.0001821 seconds
2020-01-10T13:44:01.188+0000: 2072.018: Total time for which application threads were stopped: 0.0002797 seconds, Stopping threads took: 0.0000639 seconds
2020-01-10T13:44:01.194+0000: 2072.023: Total time for which application threads were stopped: 0.0003894 seconds, Stopping threads took: 0.0001946 seconds
2020-01-10T13:44:01.194+0000: 2072.024: Total time for which application threads were stopped: 0.0002861 seconds, Stopping threads took: 0.0000561 seconds
2020-01-10T13:44:01.195+0000: 2072.025: Total time for which application threads were stopped: 0.0004068 seconds, Stopping threads took: 0.0001541 seconds
2020-01-10T13:44:01.200+0000: 2072.030: Total time for which application threads were stopped: 0.0003820 seconds, Stopping threads took: 0.0001296 seconds
2020-01-10T13:44:01.212+0000: 2072.042: Total time for which application threads were stopped: 0.0004385 seconds, Stopping threads took: 0.0001390 seconds
2020-01-10T13:44:01.213+0000: 2072.043: Total time for which application threads were stopped: 0.0004085 seconds, Stopping threads took: 0.0001508 seconds
2020-01-10T13:44:01.222+0000: 2072.051: Total time for which application threads were stopped: 0.0041103 seconds, Stopping threads took: 0.0037822 seconds
2020-01-10T13:44:01.225+0000: 2072.055: Total time for which application threads were stopped: 0.0004982 seconds, Stopping threads took: 0.0002121 seconds
2020-01-10T13:44:01.226+0000: 2072.056: Total time for which application threads were stopped: 0.0003950 seconds, Stopping threads took: 0.0001450 seconds
2020-01-10T13:44:01.255+0000: 2072.085: Total time for which application threads were stopped: 0.0008259 seconds, Stopping threads took: 0.0002397 seconds
2020-01-10T13:44:01.256+0000: 2072.085: Total time for which application threads were stopped: 0.0003765 seconds, Stopping threads took: 0.0000882 seconds
2020-01-10T13:44:01.265+0000: 2072.095: Total time for which application threads were stopped: 0.0033479 seconds, Stopping threads took: 0.0031183 seconds
2020-01-10T13:44:01.268+0000: 2072.098: Total time for which application threads were stopped: 0.0003868 seconds, Stopping threads took: 0.0001854 seconds
2020-01-10T13:44:01.270+0000: 2072.100: Total time for which application threads were stopped: 0.0010066 seconds, Stopping threads took: 0.0000709 seconds
2020-01-10T13:44:01.276+0000: 2072.106: Total time for which application threads were stopped: 0.0003757 seconds, Stopping threads took: 0.0001308 seconds
2020-01-10T13:44:01.283+0000: 2072.113: Total time for which application threads were stopped: 0.0004746 seconds, Stopping threads took: 0.0002506 seconds
2020-01-10T13:44:01.285+0000: 2072.114: Total time for which application threads were stopped: 0.0003716 seconds, Stopping threads took: 0.0001411 seconds
2020-01-10T13:44:01.290+0000: 2072.119: Total time for which application threads were stopped: 0.0006424 seconds, Stopping threads took: 0.0002222 seconds
2020-01-10T13:44:01.305+0000: 2072.135: Total time for which application threads were stopped: 0.0003978 seconds, Stopping threads took: 0.0000799 seconds
2020-01-10T13:44:01.307+0000: 2072.137: Total time for which application threads were stopped: 0.0003935 seconds, Stopping threads took: 0.0001219 seconds
2020-01-10T13:44:01.308+0000: 2072.138: Total time for which application threads were stopped: 0.0003096 seconds, Stopping threads took: 0.0000871 seconds
2020-01-10T13:44:01.328+0000: 2072.158: [GC pause (G1 Evacuation Pause) (young)
Desired survivor size 40370176 bytes, new threshold 15 (max 15)
- age   1:     466016 bytes,     466016 total
, 0.0540480 secs]
   [Parallel Time: 24.4 ms, GC Workers: 4]
      [GC Worker Start (ms): Min: 2072158.3, Avg: 2072158.3, Max: 2072158.3, Diff: 0.1]
      [Ext Root Scanning (ms): Min: 3.6, Avg: 3.9, Max: 4.1, Diff: 0.5, Sum: 15.6]
      [Update RS (ms): Min: 1.9, Avg: 2.0, Max: 2.2, Diff: 0.3, Sum: 8.1]
         [Processed Buffers: Min: 14, Avg: 22.2, Max: 31, Diff: 17, Sum: 89]
      [Scan RS (ms): Min: 0.3, Avg: 0.6, Max: 0.7, Diff: 0.4, Sum: 2.3]
      [Code Root Scanning (ms): Min: 0.0, Avg: 0.2, Max: 0.5, Diff: 0.4, Sum: 0.7]
      [Object Copy (ms): Min: 17.2, Avg: 17.6, Max: 17.9, Diff: 0.8, Sum: 70.4]
      [Termination (ms): Min: 0.0, Avg: 0.0, Max: 0.0, Diff: 0.0, Sum: 0.0]
         [Termination Attempts: Min: 1, Avg: 1.0, Max: 1, Diff: 0, Sum: 4]
      [GC Worker Other (ms): Min: 0.0, Avg: 0.0, Max: 0.1, Diff: 0.1, Sum: 0.2]
      [GC Worker Total (ms): Min: 24.2, Avg: 24.3, Max: 24.4, Diff: 0.1, Sum: 97.2]
      [GC Worker End (ms): Min: 2072182.6, Avg: 2072182.6, Max: 2072182.6, Diff: 0.1]
   [Code Root Fixup: 0.0 ms]
   [Code Root Purge: 0.0 ms]
   [Clear CT: 0.3 ms]
   [Other: 29.2 ms]
      [Choose CSet: 0.0 ms]
      [Ref Proc: 27.8 ms]
      [Ref Enq: 0.1 ms]
      [Redirty Cards: 0.2 ms]
      [Humongous Register: 0.1 ms]
      [Humongous Reclaim: 0.0 ms]
      [Free CSet: 0.7 ms]
   [Eden: 614.0M(614.0M)->0.0B(587.0M) Survivors: 0.0B->27648.0K Heap: 712.3M(1024.0M)->120.3M(1024.0M)]
 [Times: user=0.16 sys=0.01, real=0.06 secs] 
2020-01-10T13:44:01.383+0000: 2072.212: Total time for which application threads were stopped: 0.0546310 seconds, Stopping threads took: 0.0001019 seconds
2020-01-10T13:44:01.388+0000: 2072.218: Total time for which application threads were stopped: 0.0007784 seconds, Stopping threads took: 0.0003834 seconds
2020-01-10T13:44:01.391+0000: 2072.220: Total time for which application threads were stopped: 0.0021834 seconds, Stopping threads took: 0.0019742 seconds
2020-01-10T13:44:01.392+0000: 2072.221: Total time for which application threads were stopped: 0.0002232 seconds, Stopping threads took: 0.0000578 seconds
2020-01-10T13:44:01.392+0000: 2072.221: Total time for which application threads were stopped: 0.0002464 seconds, Stopping threads took: 0.0000825 seconds
2020-01-10T13:44:01.392+0000: 2072.222: Total time for which application threads were stopped: 0.0002829 seconds, Stopping threads took: 0.0001065 seconds
2020-01-10T13:44:01.393+0000: 2072.222: Total time for which application threads were stopped: 0.0002767 seconds, Stopping threads took: 0.0001186 seconds
2020-01-10T13:44:01.393+0000: 2072.223: Total time for which application threads were stopped: 0.0002707 seconds, Stopping threads took: 0.0001067 seconds
2020-01-10T13:44:01.393+0000: 2072.223: Total time for which application threads were stopped: 0.0002819 seconds, Stopping threads took: 0.0001210 seconds
2020-01-10T13:44:01.394+0000: 2072.223: Total time for which application threads were stopped: 0.0001961 seconds, Stopping threads took: 0.0000440 seconds
2020-01-10T13:44:01.394+0000: 2072.224: Total time for which application threads were stopped: 0.0002983 seconds, Stopping threads took: 0.0001411 seconds
2020-01-10T13:44:01.394+0000: 2072.224: Total time for which application threads were stopped: 0.0002413 seconds, Stopping threads took: 0.0000781 seconds
2020-01-10T13:44:01.395+0000: 2072.224: Total time for which application threads were stopped: 0.0002325 seconds, Stopping threads took: 0.0000843 seconds
2020-01-10T13:44:01.395+0000: 2072.224: Total time for which application threads were stopped: 0.0001952 seconds, Stopping threads took: 0.0000446 seconds
2020-01-10T13:44:01.395+0000: 2072.225: Total time for which application threads were stopped: 0.0002302 seconds, Stopping threads took: 0.0000728 seconds
2020-01-10T13:44:01.396+0000: 2072.225: Total time for which application threads were stopped: 0.0002521 seconds, Stopping threads took: 0.0001011 seconds
2020-01-10T13:44:01.396+0000: 2072.225: Total time for which application threads were stopped: 0.0002585 seconds, Stopping threads took: 0.0001076 seconds
2020-01-10T13:44:01.396+0000: 2072.226: Total time for which application threads were stopped: 0.0002118 seconds, Stopping threads took: 0.0000634 seconds
2020-01-10T13:44:01.396+0000: 2072.226: Total time for which application threads were stopped: 0.0002879 seconds, Stopping threads took: 0.0001318 seconds
2020-01-10T13:44:01.397+0000: 2072.226: Total time for which application threads were stopped: 0.0001955 seconds, Stopping threads took: 0.0000556 seconds
2020-01-10T13:44:01.397+0000: 2072.227: Total time for which application threads were stopped: 0.0002301 seconds, Stopping threads took: 0.0000809 seconds
2020-01-10T13:44:01.397+0000: 2072.227: Total time for which application threads were stopped: 0.0002873 seconds, Stopping threads took: 0.0001304 seconds
2020-01-10T13:44:01.398+0000: 2072.227: Total time for which application threads were stopped: 0.0001765 seconds, Stopping threads took: 0.0000415 seconds
2020-01-10T13:44:01.398+0000: 2072.228: Total time for which application threads were stopped: 0.0008113 seconds, Stopping threads took: 0.0000831 seconds
2020-01-10T13:44:01.399+0000: 2072.229: Total time for which application threads were stopped: 0.0003542 seconds, Stopping threads took: 0.0001953 seconds
2020-01-10T13:44:01.400+0000: 2072.229: Total time for which application threads were stopped: 0.0002566 seconds, Stopping threads took: 0.0000919 seconds
2020-01-10T13:44:01.400+0000: 2072.230: Total time for which application threads were stopped: 0.0002363 seconds, Stopping threads took: 0.0000834 seconds
2020-01-10T13:44:01.401+0000: 2072.230: Total time for which application threads were stopped: 0.0002368 seconds, Stopping threads took: 0.0000955 seconds
2020-01-10T13:44:01.401+0000: 2072.231: Total time for which application threads were stopped: 0.0003629 seconds, Stopping threads took: 0.0001616 seconds
2020-01-10T13:44:01.402+0000: 2072.231: Total time for which application threads were stopped: 0.0002481 seconds, Stopping threads took: 0.0000973 seconds
2020-01-10T13:44:01.402+0000: 2072.232: Total time for which application threads were stopped: 0.0002058 seconds, Stopping threads took: 0.0000584 seconds
2020-01-10T13:44:01.403+0000: 2072.232: Total time for which application threads were stopped: 0.0002662 seconds, Stopping threads took: 0.0001049 seconds
2020-01-10T13:44:01.403+0000: 2072.233: Total time for which application threads were stopped: 0.0002344 seconds, Stopping threads took: 0.0000925 seconds
2020-01-10T13:44:01.411+0000: 2072.240: Total time for which application threads were stopped: 0.0003507 seconds, Stopping threads took: 0.0000815 seconds
2020-01-10T13:44:01.411+0000: 2072.241: Total time for which application threads were stopped: 0.0002566 seconds, Stopping threads took: 0.0000683 seconds
2020-01-10T13:44:01.412+0000: 2072.241: Total time for which application threads were stopped: 0.0002718 seconds, Stopping threads took: 0.0000896 seconds
2020-01-10T13:44:01.412+0000: 2072.242: Total time for which application threads were stopped: 0.0002835 seconds, Stopping threads took: 0.0000997 seconds
2020-01-10T13:44:01.413+0000: 2072.242: Total time for which application threads were stopped: 0.0002611 seconds, Stopping threads took: 0.0001001 seconds
2020-01-10T13:44:01.413+0000: 2072.243: Total time for which application threads were stopped: 0.0003038 seconds, Stopping threads took: 0.0001023 seconds
2020-01-10T13:44:01.414+0000: 2072.243: Total time for which application threads were stopped: 0.0003934 seconds, Stopping threads took: 0.0002197 seconds
2020-01-10T13:44:01.414+0000: 2072.244: Total time for which application threads were stopped: 0.0003124 seconds, Stopping threads took: 0.0001374 seconds
2020-01-10T13:44:01.414+0000: 2072.244: Total time for which application threads were stopped: 0.0002462 seconds, Stopping threads took: 0.0000808 seconds
2020-01-10T13:44:01.415+0000: 2072.244: Total time for which application threads were stopped: 0.0002654 seconds, Stopping threads took: 0.0000998 seconds
2020-01-10T13:44:01.415+0000: 2072.245: Total time for which application threads were stopped: 0.0002859 seconds, Stopping threads took: 0.0001004 seconds
2020-01-10T13:44:01.416+0000: 2072.246: Total time for which application threads were stopped: 0.0003161 seconds, Stopping threads took: 0.0001337 seconds
2020-01-10T13:44:01.417+0000: 2072.246: Total time for which application threads were stopped: 0.0002928 seconds, Stopping threads took: 0.0001060 seconds
2020-01-10T13:44:01.417+0000: 2072.247: Total time for which application threads were stopped: 0.0002601 seconds, Stopping threads took: 0.0000843 seconds
2020-01-10T13:44:01.418+0000: 2072.248: Total time for which application threads were stopped: 0.0008887 seconds, Stopping threads took: 0.0001164 seconds
2020-01-10T13:44:01.420+0000: 2072.249: Total time for which application threads were stopped: 0.0002319 seconds, Stopping threads took: 0.0000542 seconds
2020-01-10T13:44:01.422+0000: 2072.252: Total time for which application threads were stopped: 0.0003434 seconds, Stopping threads took: 0.0001465 seconds
2020-01-10T13:44:01.426+0000: 2072.256: Total time for which application threads were stopped: 0.0003553 seconds, Stopping threads took: 0.0001733 seconds
2020-01-10T13:44:01.429+0000: 2072.259: Total time for which application threads were stopped: 0.0003218 seconds, Stopping threads took: 0.0001268 seconds
2020-01-10T13:44:01.431+0000: 2072.260: Total time for which application threads were stopped: 0.0004376 seconds, Stopping threads took: 0.0001617 seconds
2020-01-10T13:44:01.436+0000: 2072.265: Total time for which application threads were stopped: 0.0010639 seconds, Stopping threads took: 0.0001433 seconds
2020-01-10T13:44:01.456+0000: 2072.286: Total time for which application threads were stopped: 0.0004324 seconds, Stopping threads took: 0.0001532 seconds
2020-01-10T13:44:01.457+0000: 2072.286: Total time for which application threads were stopped: 0.0004350 seconds, Stopping threads took: 0.0001483 seconds
2020-01-10T13:44:01.461+0000: 2072.291: Total time for which application threads were stopped: 0.0029721 seconds, Stopping threads took: 0.0027722 seconds
2020-01-10T13:44:01.465+0000: 2072.294: Total time for which application threads were stopped: 0.0003435 seconds, Stopping threads took: 0.0001225 seconds
2020-01-10T13:44:01.497+0000: 2072.327: Total time for which application threads were stopped: 0.0085208 seconds, Stopping threads took: 0.0081123 seconds
2020-01-10T13:44:01.503+0000: 2072.333: Total time for which application threads were stopped: 0.0003541 seconds, Stopping threads took: 0.0001183 seconds
2020-01-10T13:44:01.508+0000: 2072.337: Total time for which application threads were stopped: 0.0002489 seconds, Stopping threads took: 0.0000684 seconds
2020-01-10T13:44:01.510+0000: 2072.339: Total time for which application threads were stopped: 0.0002485 seconds, Stopping threads took: 0.0000700 seconds
2020-01-10T13:44:01.518+0000: 2072.347: Total time for which application threads were stopped: 0.0019564 seconds, Stopping threads took: 0.0016906 seconds
2020-01-10T13:44:01.520+0000: 2072.349: Total time for which application threads were stopped: 0.0008438 seconds, Stopping threads took: 0.0005896 seconds
2020-01-10T13:44:01.522+0000: 2072.351: Total time for which application threads were stopped: 0.0003691 seconds, Stopping threads took: 0.0001268 seconds
2020-01-10T13:44:01.547+0000: 2072.377: Total time for which application threads were stopped: 0.0003202 seconds, Stopping threads took: 0.0000968 seconds
2020-01-10T13:44:01.549+0000: 2072.378: Total time for which application threads were stopped: 0.0002883 seconds, Stopping threads took: 0.0000637 seconds
2020-01-10T13:44:01.556+0000: 2072.386: Total time for which application threads were stopped: 0.0003264 seconds, Stopping threads took: 0.0001173 seconds
2020-01-10T13:44:01.558+0000: 2072.387: Total time for which application threads were stopped: 0.0002939 seconds, Stopping threads took: 0.0000958 seconds
2020-01-10T13:44:01.561+0000: 2072.391: Total time for which application threads were stopped: 0.0002664 seconds, Stopping threads took: 0.0001046 seconds
2020-01-10T13:44:01.563+0000: 2072.393: Total time for which application threads were stopped: 0.0003807 seconds, Stopping threads took: 0.0001703 seconds
2020-01-10T13:44:01.597+0000: 2072.427: Total time for which application threads were stopped: 0.0004526 seconds, Stopping threads took: 0.0001253 seconds
2020-01-10T13:44:01.598+0000: 2072.427: Total time for which application threads were stopped: 0.0003817 seconds, Stopping threads took: 0.0001379 seconds
2020-01-10T13:44:01.610+0000: 2072.439: Total time for which application threads were stopped: 0.0034891 seconds, Stopping threads took: 0.0031250 seconds
2020-01-10T13:44:01.653+0000: 2072.483: Total time for which application threads were stopped: 0.0009778 seconds, Stopping threads took: 0.0002367 seconds
2020-01-10T13:44:01.657+0000: 2072.487: Total time for which application threads were stopped: 0.0003104 seconds, Stopping threads took: 0.0000698 seconds
2020-01-10T13:44:01.660+0000: 2072.489: Total time for which application threads were stopped: 0.0003357 seconds, Stopping threads took: 0.0001184 seconds
2020-01-10T13:44:01.664+0000: 2072.494: Total time for which application threads were stopped: 0.0004641 seconds, Stopping threads took: 0.0001792 seconds
2020-01-10T13:44:01.717+0000: 2072.547: Total time for which application threads were stopped: 0.0034585 seconds, Stopping threads took: 0.0030540 seconds
2020-01-10T13:44:01.740+0000: 2072.570: Total time for which application threads were stopped: 0.0004112 seconds, Stopping threads took: 0.0001226 seconds
2020-01-10T13:44:01.748+0000: 2072.577: Total time for which application threads were stopped: 0.0018546 seconds, Stopping threads took: 0.0002021 seconds
2020-01-10T13:44:01.757+0000: 2072.587: Total time for which application threads were stopped: 0.0004528 seconds, Stopping threads took: 0.0001959 seconds
2020-01-10T13:44:01.902+0000: 2072.732: Total time for which application threads were stopped: 0.0008226 seconds, Stopping threads took: 0.0003450 seconds
2020-01-10T13:44:02.059+0000: 2072.888: Total time for which application threads were stopped: 0.0013303 seconds, Stopping threads took: 0.0008019 seconds
2020-01-10T13:44:02.061+0000: 2072.891: Total time for which application threads were stopped: 0.0003901 seconds, Stopping threads took: 0.0001141 seconds
2020-01-10T13:44:02.064+0000: 2072.894: Total time for which application threads were stopped: 0.0003568 seconds, Stopping threads took: 0.0000689 seconds
2020-01-10T13:44:02.105+0000: 2072.934: Total time for which application threads were stopped: 0.0004548 seconds, Stopping threads took: 0.0001713 seconds
2020-01-10T13:44:02.109+0000: 2072.938: Total time for which application threads were stopped: 0.0002702 seconds, Stopping threads took: 0.0000721 seconds
2020-01-10T13:44:02.111+0000: 2072.941: Total time for which application threads were stopped: 0.0009269 seconds, Stopping threads took: 0.0007020 seconds
2020-01-10T13:44:02.639+0000: 2073.469: [GC pause (G1 Evacuation Pause) (young)
Desired survivor size 40370176 bytes, new threshold 15 (max 15)
- age   1:   17163176 bytes,   17163176 total
, 0.0323325 secs]
   [Parallel Time: 19.0 ms, GC Workers: 4]
      [GC Worker Start (ms): Min: 2073469.2, Avg: 2073469.3, Max: 2073469.3, Diff: 0.1]
      [Ext Root Scanning (ms): Min: 2.0, Avg: 2.4, Max: 3.1, Diff: 1.1, Sum: 9.5]
      [Update RS (ms): Min: 0.7, Avg: 0.7, Max: 0.8, Diff: 0.0, Sum: 3.0]
         [Processed Buffers: Min: 1, Avg: 17.5, Max: 29, Diff: 28, Sum: 70]
      [Scan RS (ms): Min: 1.1, Avg: 1.3, Max: 1.5, Diff: 0.4, Sum: 5.3]
      [Code Root Scanning (ms): Min: 0.1, Avg: 0.2, Max: 0.6, Diff: 0.5, Sum: 0.9]
      [Object Copy (ms): Min: 13.8, Avg: 14.1, Max: 14.4, Diff: 0.7, Sum: 56.6]
      [Termination (ms): Min: 0.0, Avg: 0.0, Max: 0.0, Diff: 0.0, Sum: 0.0]
         [Termination Attempts: Min: 1, Avg: 1.2, Max: 2, Diff: 1, Sum: 5]
      [GC Worker Other (ms): Min: 0.0, Avg: 0.0, Max: 0.1, Diff: 0.1, Sum: 0.2]
      [GC Worker Total (ms): Min: 18.8, Avg: 18.9, Max: 18.9, Diff: 0.1, Sum: 75.5]
      [GC Worker End (ms): Min: 2073488.1, Avg: 2073488.2, Max: 2073488.2, Diff: 0.1]
   [Code Root Fixup: 0.0 ms]
   [Code Root Purge: 0.0 ms]
   [Clear CT: 0.4 ms]
   [Other: 12.9 ms]
      [Choose CSet: 0.0 ms]
      [Ref Proc: 11.6 ms]
      [Ref Enq: 0.0 ms]
      [Redirty Cards: 0.1 ms]
      [Humongous Register: 0.1 ms]
      [Humongous Reclaim: 0.1 ms]
      [Free CSet: 0.8 ms]
   [Eden: 587.0M(587.0M)->0.0B(582.0M) Survivors: 27648.0K->32768.0K Heap: 723.8M(1024.0M)->124.8M(1024.0M)]
 [Times: user=0.09 sys=0.00, real=0.04 secs] 
2020-01-10T13:44:02.672+0000: 2073.502: Total time for which application threads were stopped: 0.0330670 seconds, Stopping threads took: 0.0001137 seconds
2020-01-10T13:44:02.673+0000: 2073.502: Total time for which application threads were stopped: 0.0004710 seconds, Stopping threads took: 0.0001559 seconds
2020-01-10T13:44:02.673+0000: 2073.503: Total time for which application threads were stopped: 0.0002672 seconds, Stopping threads took: 0.0000745 seconds
2020-01-10T13:44:02.674+0000: 2073.503: Total time for which application threads were stopped: 0.0003075 seconds, Stopping threads took: 0.0001601 seconds
2020-01-10T13:44:02.674+0000: 2073.504: Total time for which application threads were stopped: 0.0002090 seconds, Stopping threads took: 0.0000451 seconds
2020-01-10T13:44:02.675+0000: 2073.504: Total time for which application threads were stopped: 0.0002026 seconds, Stopping threads took: 0.0000642 seconds
2020-01-10T13:44:02.675+0000: 2073.504: Total time for which application threads were stopped: 0.0002034 seconds, Stopping threads took: 0.0000606 seconds
2020-01-10T13:44:02.675+0000: 2073.505: Total time for which application threads were stopped: 0.0001996 seconds, Stopping threads took: 0.0000585 seconds
2020-01-10T13:44:02.675+0000: 2073.505: Total time for which application threads were stopped: 0.0001884 seconds, Stopping threads took: 0.0000514 seconds
2020-01-10T13:44:02.676+0000: 2073.505: Total time for which application threads were stopped: 0.0001894 seconds, Stopping threads took: 0.0000505 seconds
2020-01-10T13:44:02.676+0000: 2073.505: Total time for which application threads were stopped: 0.0001921 seconds, Stopping threads took: 0.0000581 seconds
2020-01-10T13:44:02.676+0000: 2073.506: Total time for which application threads were stopped: 0.0001945 seconds, Stopping threads took: 0.0000583 seconds
2020-01-10T13:44:02.676+0000: 2073.506: Total time for which application threads were stopped: 0.0001990 seconds, Stopping threads took: 0.0000581 seconds
2020-01-10T13:44:02.677+0000: 2073.506: Total time for which application threads were stopped: 0.0001873 seconds, Stopping threads took: 0.0000502 seconds
2020-01-10T13:44:02.677+0000: 2073.507: Total time for which application threads were stopped: 0.0001928 seconds, Stopping threads took: 0.0000572 seconds
2020-01-10T13:44:02.677+0000: 2073.507: Total time for which application threads were stopped: 0.0002399 seconds, Stopping threads took: 0.0000722 seconds
2020-01-10T13:44:02.678+0000: 2073.507: Total time for which application threads were stopped: 0.0001934 seconds, Stopping threads took: 0.0000578 seconds
2020-01-10T13:44:02.678+0000: 2073.507: Total time for which application threads were stopped: 0.0001958 seconds, Stopping threads took: 0.0000593 seconds
2020-01-10T13:44:02.678+0000: 2073.508: Total time for which application threads were stopped: 0.0001633 seconds, Stopping threads took: 0.0000368 seconds
2020-01-10T13:44:02.678+0000: 2073.508: Total time for which application threads were stopped: 0.0002181 seconds, Stopping threads took: 0.0000727 seconds
2020-01-10T13:44:02.679+0000: 2073.508: Total time for which application threads were stopped: 0.0001823 seconds, Stopping threads took: 0.0000495 seconds
2020-01-10T13:44:02.679+0000: 2073.508: Total time for which application threads were stopped: 0.0001834 seconds, Stopping threads took: 0.0000500 seconds
2020-01-10T13:44:02.679+0000: 2073.509: Total time for which application threads were stopped: 0.0001768 seconds, Stopping threads took: 0.0000385 seconds
2020-01-10T13:44:02.680+0000: 2073.510: Total time for which application threads were stopped: 0.0008246 seconds, Stopping threads took: 0.0000574 seconds
2020-01-10T13:44:02.680+0000: 2073.510: Total time for which application threads were stopped: 0.0002147 seconds, Stopping threads took: 0.0000613 seconds
2020-01-10T13:44:02.682+0000: 2073.511: Total time for which application threads were stopped: 0.0002490 seconds, Stopping threads took: 0.0000847 seconds
2020-01-10T13:44:02.689+0000: 2073.519: Total time for which application threads were stopped: 0.0003992 seconds, Stopping threads took: 0.0001947 seconds
2020-01-10T13:44:02.692+0000: 2073.521: Total time for which application threads were stopped: 0.0007252 seconds, Stopping threads took: 0.0005370 seconds
2020-01-10T13:44:02.692+0000: 2073.522: Total time for which application threads were stopped: 0.0002586 seconds, Stopping threads took: 0.0000983 seconds
2020-01-10T13:44:02.693+0000: 2073.523: Total time for which application threads were stopped: 0.0003500 seconds, Stopping threads took: 0.0001422 seconds
2020-01-10T13:44:02.694+0000: 2073.523: Total time for which application threads were stopped: 0.0002525 seconds, Stopping threads took: 0.0000945 seconds
2020-01-10T13:44:02.694+0000: 2073.524: Total time for which application threads were stopped: 0.0002748 seconds, Stopping threads took: 0.0001069 seconds
2020-01-10T13:44:03.696+0000: 2074.525: Total time for which application threads were stopped: 0.0017901 seconds, Stopping threads took: 0.0014701 seconds
2020-01-10T13:44:03.779+0000: 2074.608: [GC pause (G1 Evacuation Pause) (young)
Desired survivor size 40370176 bytes, new threshold 15 (max 15)
- age   1:    3858528 bytes,    3858528 total
- age   2:   15923816 bytes,   19782344 total
, 0.0219929 secs]
   [Parallel Time: 17.2 ms, GC Workers: 4]
      [GC Worker Start (ms): Min: 2074608.5, Avg: 2074608.6, Max: 2074608.6, Diff: 0.1]
      [Ext Root Scanning (ms): Min: 2.0, Avg: 2.3, Max: 2.5, Diff: 0.5, Sum: 9.1]
      [Update RS (ms): Min: 0.5, Avg: 0.6, Max: 0.6, Diff: 0.0, Sum: 2.3]
         [Processed Buffers: Min: 6, Avg: 12.2, Max: 19, Diff: 13, Sum: 49]
      [Scan RS (ms): Min: 0.9, Avg: 1.2, Max: 1.4, Diff: 0.4, Sum: 4.9]
      [Code Root Scanning (ms): Min: 0.0, Avg: 0.2, Max: 0.7, Diff: 0.7, Sum: 0.9]
      [Object Copy (ms): Min: 12.2, Avg: 12.6, Max: 12.9, Diff: 0.7, Sum: 50.5]
      [Termination (ms): Min: 0.0, Avg: 0.0, Max: 0.0, Diff: 0.0, Sum: 0.0]
         [Termination Attempts: Min: 1, Avg: 1.0, Max: 1, Diff: 0, Sum: 4]
      [GC Worker Other (ms): Min: 0.0, Avg: 0.1, Max: 0.1, Diff: 0.1, Sum: 0.2]
      [GC Worker Total (ms): Min: 17.0, Avg: 17.0, Max: 17.0, Diff: 0.1, Sum: 68.0]
      [GC Worker End (ms): Min: 2074625.5, Avg: 2074625.6, Max: 2074625.6, Diff: 0.1]
   [Code Root Fixup: 0.0 ms]
   [Code Root Purge: 0.0 ms]
   [Clear CT: 0.2 ms]
   [Other: 4.5 ms]
      [Choose CSet: 0.0 ms]
      [Ref Proc: 3.5 ms]
      [Ref Enq: 0.0 ms]
      [Redirty Cards: 0.1 ms]
      [Humongous Register: 0.1 ms]
      [Humongous Reclaim: 0.1 ms]
      [Free CSet: 0.5 ms]
   [Eden: 582.0M(582.0M)->0.0B(595.0M) Survivors: 32768.0K->19456.0K Heap: 742.8M(1024.0M)->111.8M(1024.0M)]
 [Times: user=0.10 sys=0.00, real=0.02 secs] 
2020-01-10T13:44:03.801+0000: 2074.631: Total time for which application threads were stopped: 0.0229070 seconds, Stopping threads took: 0.0004665 seconds
2020-01-10T13:44:04.809+0000: 2075.639: Total time for which application threads were stopped: 0.0083773 seconds, Stopping threads took: 0.0080388 seconds
2020-01-10T13:44:04.882+0000: 2075.711: [GC pause (G1 Evacuation Pause) (young)
Desired survivor size 40370176 bytes, new threshold 15 (max 15)
- age   1:     216680 bytes,     216680 total
- age   2:    1345088 bytes,    1561768 total
- age   3:   15435488 bytes,   16997256 total
, 0.0235469 secs]
   [Parallel Time: 18.7 ms, GC Workers: 4]
      [GC Worker Start (ms): Min: 2075711.3, Avg: 2075711.4, Max: 2075711.4, Diff: 0.1]
      [Ext Root Scanning (ms): Min: 2.6, Avg: 2.8, Max: 3.0, Diff: 0.4, Sum: 11.4]
      [Update RS (ms): Min: 0.6, Avg: 0.7, Max: 0.7, Diff: 0.1, Sum: 2.7]
         [Processed Buffers: Min: 7, Avg: 11.8, Max: 17, Diff: 10, Sum: 47]
      [Scan RS (ms): Min: 1.2, Avg: 1.3, Max: 1.3, Diff: 0.1, Sum: 5.2]
      [Code Root Scanning (ms): Min: 0.0, Avg: 0.3, Max: 0.5, Diff: 0.5, Sum: 1.0]
      [Object Copy (ms): Min: 13.0, Avg: 13.4, Max: 13.8, Diff: 0.8, Sum: 53.8]
      [Termination (ms): Min: 0.0, Avg: 0.0, Max: 0.0, Diff: 0.0, Sum: 0.0]
         [Termination Attempts: Min: 1, Avg: 1.0, Max: 1, Diff: 0, Sum: 4]
      [GC Worker Other (ms): Min: 0.0, Avg: 0.0, Max: 0.1, Diff: 0.1, Sum: 0.2]
      [GC Worker Total (ms): Min: 18.5, Avg: 18.5, Max: 18.6, Diff: 0.1, Sum: 74.2]
      [GC Worker End (ms): Min: 2075729.9, Avg: 2075729.9, Max: 2075730.0, Diff: 0.1]
   [Code Root Fixup: 0.0 ms]
   [Code Root Purge: 0.0 ms]
   [Clear CT: 0.3 ms]
   [Other: 4.5 ms]
      [Choose CSet: 0.0 ms]
      [Ref Proc: 3.3 ms]
      [Ref Enq: 0.0 ms]
      [Redirty Cards: 0.2 ms]
      [Humongous Register: 0.1 ms]
      [Humongous Reclaim: 0.2 ms]
      [Free CSet: 0.6 ms]
   [Eden: 595.0M(595.0M)->0.0B(594.0M) Survivors: 19456.0K->20480.0K Heap: 744.3M(1024.0M)->113.3M(1024.0M)]
 [Times: user=0.09 sys=0.01, real=0.02 secs] 
2020-01-10T13:44:04.905+0000: 2075.735: Total time for which application threads were stopped: 0.0244541 seconds, Stopping threads took: 0.0002812 seconds
2020-01-10T13:44:05.307+0000: 2076.137: Total time for which application threads were stopped: 0.0005925 seconds, Stopping threads took: 0.0001378 seconds
2020-01-10T13:44:05.316+0000: 2076.145: Total time for which application threads were stopped: 0.0004062 seconds, Stopping threads took: 0.0000932 seconds
2020-01-10T13:44:05.976+0000: 2076.806: [GC pause (G1 Evacuation Pause) (young)
Desired survivor size 40370176 bytes, new threshold 15 (max 15)
- age   1:     468256 bytes,     468256 total
- age   2:      17432 bytes,     485688 total
- age   3:    1344432 bytes,    1830120 total
- age   4:   15434560 bytes,   17264680 total
, 0.0226268 secs]
   [Parallel Time: 17.8 ms, GC Workers: 4]
      [GC Worker Start (ms): Min: 2076806.0, Avg: 2076806.1, Max: 2076806.1, Diff: 0.1]
      [Ext Root Scanning (ms): Min: 2.0, Avg: 2.3, Max: 2.5, Diff: 0.5, Sum: 9.1]
      [Update RS (ms): Min: 0.9, Avg: 0.9, Max: 1.0, Diff: 0.1, Sum: 3.7]
         [Processed Buffers: Min: 9, Avg: 13.5, Max: 17, Diff: 8, Sum: 54]
      [Scan RS (ms): Min: 0.8, Avg: 1.0, Max: 1.1, Diff: 0.3, Sum: 3.9]
      [Code Root Scanning (ms): Min: 0.0, Avg: 0.2, Max: 0.6, Diff: 0.6, Sum: 1.0]
      [Object Copy (ms): Min: 12.9, Avg: 13.2, Max: 13.6, Diff: 0.7, Sum: 52.8]
      [Termination (ms): Min: 0.0, Avg: 0.0, Max: 0.0, Diff: 0.0, Sum: 0.0]
         [Termination Attempts: Min: 1, Avg: 1.0, Max: 1, Diff: 0, Sum: 4]
      [GC Worker Other (ms): Min: 0.0, Avg: 0.1, Max: 0.1, Diff: 0.1, Sum: 0.3]
      [GC Worker Total (ms): Min: 17.6, Avg: 17.7, Max: 17.7, Diff: 0.1, Sum: 70.7]
      [GC Worker End (ms): Min: 2076823.7, Avg: 2076823.7, Max: 2076823.8, Diff: 0.1]
   [Code Root Fixup: 0.0 ms]
   [Code Root Purge: 0.0 ms]
   [Clear CT: 0.3 ms]
   [Other: 4.5 ms]
      [Choose CSet: 0.0 ms]
      [Ref Proc: 3.4 ms]
      [Ref Enq: 0.0 ms]
      [Redirty Cards: 0.2 ms]
      [Humongous Register: 0.1 ms]
      [Humongous Reclaim: 0.1 ms]
      [Free CSet: 0.5 ms]
   [Eden: 594.0M(594.0M)->0.0B(596.0M) Survivors: 20480.0K->18432.0K Heap: 743.3M(1024.0M)->111.3M(1024.0M)]
 [Times: user=0.09 sys=0.00, real=0.02 secs] 
2020-01-10T13:44:05.999+0000: 2076.829: Total time for which application threads were stopped: 0.0232359 seconds, Stopping threads took: 0.0001121 seconds
2020-01-10T13:44:07.000+0000: 2077.829: Total time for which application threads were stopped: 0.0004141 seconds, Stopping threads took: 0.0001503 seconds
2020-01-10T13:44:07.069+0000: 2077.898: [GC pause (G1 Evacuation Pause) (young)
Desired survivor size 40370176 bytes, new threshold 15 (max 15)
- age   1:     296208 bytes,     296208 total
- age   2:       9696 bytes,     305904 total
- age   3:      16176 bytes,     322080 total
- age   4:     368736 bytes,     690816 total
- age   5:   15431392 bytes,   16122208 total
, 0.0234018 secs]
   [Parallel Time: 18.5 ms, GC Workers: 4]
      [GC Worker Start (ms): Min: 2077898.6, Avg: 2077898.7, Max: 2077898.8, Diff: 0.1]
      [Ext Root Scanning (ms): Min: 2.1, Avg: 2.5, Max: 3.3, Diff: 1.1, Sum: 10.0]
      [Update RS (ms): Min: 0.8, Avg: 1.2, Max: 1.4, Diff: 0.6, Sum: 4.9]
         [Processed Buffers: Min: 5, Avg: 11.8, Max: 18, Diff: 13, Sum: 47]
      [Scan RS (ms): Min: 0.8, Avg: 0.9, Max: 1.1, Diff: 0.3, Sum: 3.7]
      [Code Root Scanning (ms): Min: 0.0, Avg: 0.2, Max: 0.7, Diff: 0.7, Sum: 0.9]
      [Object Copy (ms): Min: 13.1, Avg: 13.4, Max: 13.8, Diff: 0.7, Sum: 53.4]
      [Termination (ms): Min: 0.0, Avg: 0.0, Max: 0.0, Diff: 0.0, Sum: 0.0]
         [Termination Attempts: Min: 1, Avg: 1.2, Max: 2, Diff: 1, Sum: 5]
      [GC Worker Other (ms): Min: 0.0, Avg: 0.0, Max: 0.1, Diff: 0.1, Sum: 0.2]
      [GC Worker Total (ms): Min: 18.2, Avg: 18.3, Max: 18.3, Diff: 0.1, Sum: 73.1]
      [GC Worker End (ms): Min: 2077916.9, Avg: 2077917.0, Max: 2077917.0, Diff: 0.1]
   [Code Root Fixup: 0.0 ms]
   [Code Root Purge: 0.0 ms]
   [Clear CT: 0.4 ms]
   [Other: 4.5 ms]
      [Choose CSet: 0.0 ms]
      [Ref Proc: 3.3 ms]
      [Ref Enq: 0.0 ms]
      [Redirty Cards: 0.2 ms]
      [Humongous Register: 0.1 ms]
      [Humongous Reclaim: 0.1 ms]
      [Free CSet: 0.6 ms]
   [Eden: 596.0M(596.0M)->0.0B(595.0M) Survivors: 18432.0K->19456.0K Heap: 744.8M(1024.0M)->111.8M(1024.0M)]
 [Times: user=0.08 sys=0.00, real=0.03 secs] 
2020-01-10T13:44:07.092+0000: 2077.922: Total time for which application threads were stopped: 0.0239590 seconds, Stopping threads took: 0.0000982 seconds
2020-01-10T13:44:08.093+0000: 2078.923: Total time for which application threads were stopped: 0.0004229 seconds, Stopping threads took: 0.0001391 seconds
2020-01-10T13:44:08.166+0000: 2078.995: [GC pause (G1 Evacuation Pause) (young)
Desired survivor size 40370176 bytes, new threshold 15 (max 15)
- age   1:     830536 bytes,     830536 total
- age   2:      27328 bytes,     857864 total
- age   3:       9616 bytes,     867480 total
- age   4:      15336 bytes,     882816 total
- age   5:     368512 bytes,    1251328 total
- age   6:   15431360 bytes,   16682688 total
, 0.0294179 secs]
   [Parallel Time: 24.6 ms, GC Workers: 4]
      [GC Worker Start (ms): Min: 2078995.4, Avg: 2078995.4, Max: 2078995.4, Diff: 0.1]
      [Ext Root Scanning (ms): Min: 2.5, Avg: 2.7, Max: 3.0, Diff: 0.5, Sum: 10.9]
      [Update RS (ms): Min: 1.4, Avg: 1.4, Max: 1.4, Diff: 0.0, Sum: 5.6]
         [Processed Buffers: Min: 6, Avg: 12.5, Max: 20, Diff: 14, Sum: 50]
      [Scan RS (ms): Min: 0.8, Avg: 0.9, Max: 1.0, Diff: 0.2, Sum: 3.8]
      [Code Root Scanning (ms): Min: 0.0, Avg: 0.2, Max: 0.5, Diff: 0.5, Sum: 0.9]
      [Object Copy (ms): Min: 13.1, Avg: 13.5, Max: 13.9, Diff: 0.8, Sum: 54.0]
      [Termination (ms): Min: 0.0, Avg: 0.0, Max: 0.0, Diff: 0.0, Sum: 0.0]
         [Termination Attempts: Min: 1, Avg: 1.0, Max: 1, Diff: 0, Sum: 4]
      [GC Worker Other (ms): Min: 0.0, Avg: 2.8, Max: 5.7, Diff: 5.6, Sum: 11.3]
      [GC Worker Total (ms): Min: 18.8, Avg: 21.6, Max: 24.5, Diff: 5.7, Sum: 86.6]
      [GC Worker End (ms): Min: 2079014.2, Avg: 2079017.0, Max: 2079019.9, Diff: 5.6]
   [Code Root Fixup: 0.0 ms]
   [Code Root Purge: 0.0 ms]
   [Clear CT: 0.3 ms]
   [Other: 4.5 ms]
      [Choose CSet: 0.0 ms]
      [Ref Proc: 3.3 ms]
      [Ref Enq: 0.0 ms]
      [Redirty Cards: 0.2 ms]
      [Humongous Register: 0.1 ms]
      [Humongous Reclaim: 0.1 ms]
      [Free CSet: 0.6 ms]
   [Eden: 595.0M(595.0M)->0.0B(596.0M) Survivors: 19456.0K->18432.0K Heap: 742.8M(1024.0M)->111.3M(1024.0M)]
 [Times: user=0.09 sys=0.00, real=0.03 secs] 
2020-01-10T13:44:08.195+0000: 2079.025: Total time for which application threads were stopped: 0.0299900 seconds, Stopping threads took: 0.0000940 seconds
2020-01-10T13:44:09.196+0000: 2080.025: Total time for which application threads were stopped: 0.0004498 seconds, Stopping threads took: 0.0001553 seconds
2020-01-10T13:44:09.290+0000: 2080.120: [GC pause (G1 Evacuation Pause) (young)
Desired survivor size 40370176 bytes, new threshold 15 (max 15)
- age   1:     322792 bytes,     322792 total
- age   2:       7456 bytes,     330248 total
- age   3:      27248 bytes,     357496 total
- age   4:       9616 bytes,     367112 total
- age   5:      15336 bytes,     382448 total
- age   6:     368512 bytes,     750960 total
- age   7:   15431360 bytes,   16182320 total
, 0.0249488 secs]
   [Parallel Time: 20.1 ms, GC Workers: 4]
      [GC Worker Start (ms): Min: 2080120.2, Avg: 2080120.3, Max: 2080120.3, Diff: 0.1]
      [Ext Root Scanning (ms): Min: 2.5, Avg: 2.7, Max: 3.0, Diff: 0.4, Sum: 11.0]
      [Update RS (ms): Min: 2.0, Avg: 2.0, Max: 2.0, Diff: 0.1, Sum: 8.1]
         [Processed Buffers: Min: 11, Avg: 14.5, Max: 21, Diff: 10, Sum: 58]
      [Scan RS (ms): Min: 0.9, Avg: 1.0, Max: 1.0, Diff: 0.1, Sum: 3.9]
      [Code Root Scanning (ms): Min: 0.0, Avg: 0.3, Max: 0.6, Diff: 0.6, Sum: 1.1]
      [Object Copy (ms): Min: 13.5, Avg: 14.0, Max: 14.4, Diff: 0.9, Sum: 55.9]
      [Termination (ms): Min: 0.0, Avg: 0.0, Max: 0.0, Diff: 0.0, Sum: 0.0]
         [Termination Attempts: Min: 1, Avg: 1.0, Max: 1, Diff: 0, Sum: 4]
      [GC Worker Other (ms): Min: 0.0, Avg: 0.0, Max: 0.1, Diff: 0.0, Sum: 0.1]
      [GC Worker Total (ms): Min: 20.0, Avg: 20.0, Max: 20.0, Diff: 0.1, Sum: 80.0]
      [GC Worker End (ms): Min: 2080140.3, Avg: 2080140.3, Max: 2080140.3, Diff: 0.0]
   [Code Root Fixup: 0.0 ms]
   [Code Root Purge: 0.0 ms]
   [Clear CT: 0.3 ms]
   [Other: 4.5 ms]
      [Choose CSet: 0.0 ms]
      [Ref Proc: 3.3 ms]
      [Ref Enq: 0.0 ms]
      [Redirty Cards: 0.2 ms]
      [Humongous Register: 0.1 ms]
      [Humongous Reclaim: 0.1 ms]
      [Free CSet: 0.6 ms]
   [Eden: 596.0M(596.0M)->0.0B(595.0M) Survivors: 18432.0K->19456.0K Heap: 744.8M(1024.0M)->111.8M(1024.0M)]
 [Times: user=0.09 sys=0.00, real=0.02 secs] 
2020-01-10T13:44:09.316+0000: 2080.145: Total time for which application threads were stopped: 0.0254878 seconds, Stopping threads took: 0.0001180 seconds
2020-01-10T13:44:09.506+0000: 2080.335: Total time for which application threads were stopped: 0.0004586 seconds, Stopping threads took: 0.0001838 seconds
2020-01-10T13:44:09.506+0000: 2080.336: Total time for which application threads were stopped: 0.0003937 seconds, Stopping threads took: 0.0001865 seconds
2020-01-10T13:44:09.509+0000: 2080.338: Total time for which application threads were stopped: 0.0004023 seconds, Stopping threads took: 0.0002116 seconds
2020-01-10T13:44:10.307+0000: 2081.136: Total time for which application threads were stopped: 0.0006215 seconds, Stopping threads took: 0.0001511 seconds
2020-01-10T13:44:10.315+0000: 2081.145: Total time for which application threads were stopped: 0.0007123 seconds, Stopping threads took: 0.0001903 seconds
2020-01-10T13:44:10.403+0000: 2081.233: [GC pause (G1 Evacuation Pause) (young)
Desired survivor size 40370176 bytes, new threshold 15 (max 15)
- age   1:     368480 bytes,     368480 total
- age   2:       7560 bytes,     376040 total
- age   3:       7456 bytes,     383496 total
- age   4:      27248 bytes,     410744 total
- age   5:       9616 bytes,     420360 total
- age   6:      15336 bytes,     435696 total
- age   7:     368512 bytes,     804208 total
- age   8:   15430872 bytes,   16235080 total
, 0.0224401 secs]
   [Parallel Time: 17.4 ms, GC Workers: 4]
      [GC Worker Start (ms): Min: 2081233.2, Avg: 2081233.3, Max: 2081233.3, Diff: 0.1]
      [Ext Root Scanning (ms): Min: 1.9, Avg: 2.2, Max: 2.5, Diff: 0.6, Sum: 8.7]
      [Update RS (ms): Min: 1.1, Avg: 1.1, Max: 1.1, Diff: 0.0, Sum: 4.4]
         [Processed Buffers: Min: 13, Avg: 15.5, Max: 20, Diff: 7, Sum: 62]
      [Scan RS (ms): Min: 0.5, Avg: 0.9, Max: 1.0, Diff: 0.5, Sum: 3.5]
      [Code Root Scanning (ms): Min: 0.0, Avg: 0.2, Max: 0.5, Diff: 0.5, Sum: 0.9]
      [Object Copy (ms): Min: 12.3, Avg: 12.7, Max: 13.1, Diff: 0.8, Sum: 50.9]
      [Termination (ms): Min: 0.0, Avg: 0.0, Max: 0.0, Diff: 0.0, Sum: 0.0]
         [Termination Attempts: Min: 1, Avg: 1.0, Max: 1, Diff: 0, Sum: 4]
      [GC Worker Other (ms): Min: 0.0, Avg: 0.0, Max: 0.1, Diff: 0.1, Sum: 0.2]
      [GC Worker Total (ms): Min: 17.1, Avg: 17.1, Max: 17.2, Diff: 0.1, Sum: 68.5]
      [GC Worker End (ms): Min: 2081250.4, Avg: 2081250.4, Max: 2081250.5, Diff: 0.1]
   [Code Root Fixup: 0.0 ms]
   [Code Root Purge: 0.0 ms]
   [Clear CT: 0.2 ms]
   [Other: 4.9 ms]
      [Choose CSet: 0.0 ms]
      [Ref Proc: 3.7 ms]
      [Ref Enq: 0.0 ms]
      [Redirty Cards: 0.2 ms]
      [Humongous Register: 0.1 ms]
      [Humongous Reclaim: 0.1 ms]
      [Free CSet: 0.6 ms]
   [Eden: 595.0M(595.0M)->0.0B(595.0M) Survivors: 19456.0K->19456.0K Heap: 742.8M(1024.0M)->111.8M(1024.0M)]
 [Times: user=0.08 sys=0.00, real=0.02 secs] 
2020-01-10T13:44:10.426+0000: 2081.256: Total time for which application threads were stopped: 0.0230537 seconds, Stopping threads took: 0.0001235 seconds
2020-01-10T13:44:11.427+0000: 2082.256: Total time for which application threads were stopped: 0.0004376 seconds, Stopping threads took: 0.0001666 seconds
2020-01-10T13:44:11.472+0000: 2082.301: [GC pause (G1 Evacuation Pause) (young)
Desired survivor size 40370176 bytes, new threshold 15 (max 15)
- age   1:     389384 bytes,     389384 total
- age   2:       5792 bytes,     395176 total
- age   3:       7560 bytes,     402736 total
- age   4:       6456 bytes,     409192 total
- age   5:      11392 bytes,     420584 total
- age   6:       8448 bytes,     429032 total
- age   7:      14856 bytes,     443888 total
- age   8:     366608 bytes,     810496 total
- age   9:   15408560 bytes,   16219056 total
, 0.0224122 secs]
   [Parallel Time: 17.7 ms, GC Workers: 4]
      [GC Worker Start (ms): Min: 2082301.4, Avg: 2082301.4, Max: 2082301.5, Diff: 0.1]
      [Ext Root Scanning (ms): Min: 2.0, Avg: 2.3, Max: 2.6, Diff: 0.5, Sum: 9.2]
      [Update RS (ms): Min: 1.2, Avg: 1.3, Max: 1.3, Diff: 0.1, Sum: 5.0]
         [Processed Buffers: Min: 10, Avg: 14.2, Max: 20, Diff: 10, Sum: 57]
      [Scan RS (ms): Min: 0.7, Avg: 0.9, Max: 0.9, Diff: 0.2, Sum: 3.4]
      [Code Root Scanning (ms): Min: 0.0, Avg: 0.2, Max: 0.5, Diff: 0.5, Sum: 0.9]
      [Object Copy (ms): Min: 12.5, Avg: 12.8, Max: 13.2, Diff: 0.7, Sum: 51.2]
      [Termination (ms): Min: 0.0, Avg: 0.0, Max: 0.0, Diff: 0.0, Sum: 0.0]
         [Termination Attempts: Min: 1, Avg: 1.0, Max: 1, Diff: 0, Sum: 4]
      [GC Worker Other (ms): Min: 0.0, Avg: 0.0, Max: 0.1, Diff: 0.0, Sum: 0.1]
      [GC Worker Total (ms): Min: 17.4, Avg: 17.5, Max: 17.5, Diff: 0.1, Sum: 69.9]
      [GC Worker End (ms): Min: 2082318.9, Avg: 2082318.9, Max: 2082318.9, Diff: 0.0]
   [Code Root Fixup: 0.0 ms]
   [Code Root Purge: 0.0 ms]
   [Clear CT: 0.2 ms]
   [Other: 4.4 ms]
      [Choose CSet: 0.0 ms]
      [Ref Proc: 3.4 ms]
      [Ref Enq: 0.0 ms]
      [Redirty Cards: 0.1 ms]
      [Humongous Register: 0.1 ms]
      [Humongous Reclaim: 0.1 ms]
      [Free CSet: 0.5 ms]
   [Eden: 595.0M(595.0M)->0.0B(596.0M) Survivors: 19456.0K->18432.0K Heap: 743.8M(1024.0M)->111.3M(1024.0M)]
 [Times: user=0.08 sys=0.00, real=0.02 secs] 
2020-01-10T13:44:11.494+0000: 2082.324: Total time for which application threads were stopped: 0.0230145 seconds, Stopping threads took: 0.0000959 seconds
2020-01-10T13:44:12.495+0000: 2083.324: Total time for which application threads were stopped: 0.0004245 seconds, Stopping threads took: 0.0001520 seconds
2020-01-10T13:44:12.583+0000: 2083.412: [GC pause (G1 Evacuation Pause) (young)
Desired survivor size 40370176 bytes, new threshold 15 (max 15)
- age   1:     557472 bytes,     557472 total
- age   2:      58112 bytes,     615584 total
- age   3:       5792 bytes,     621376 total
- age   4:       7560 bytes,     628936 total
- age   5:       6456 bytes,     635392 total
- age   6:      11320 bytes,     646712 total
- age   7:       8448 bytes,     655160 total
- age   8:      13704 bytes,     668864 total
- age   9:     366264 bytes,    1035128 total
- age  10:   15395080 bytes,   16430208 total
, 0.0256799 secs]
   [Parallel Time: 20.4 ms, GC Workers: 4]
      [GC Worker Start (ms): Min: 2083412.3, Avg: 2083412.3, Max: 2083412.4, Diff: 0.1]
      [Ext Root Scanning (ms): Min: 2.1, Avg: 3.2, Max: 6.0, Diff: 3.8, Sum: 13.0]
      [Update RS (ms): Min: 0.3, Avg: 2.9, Max: 3.8, Diff: 3.5, Sum: 11.8]
         [Processed Buffers: Min: 10, Avg: 13.0, Max: 20, Diff: 10, Sum: 52]
      [Scan RS (ms): Min: 0.8, Avg: 0.9, Max: 1.0, Diff: 0.2, Sum: 3.6]
      [Code Root Scanning (ms): Min: 0.0, Avg: 0.3, Max: 0.5, Diff: 0.5, Sum: 1.0]
      [Object Copy (ms): Min: 12.4, Avg: 12.8, Max: 13.1, Diff: 0.7, Sum: 51.1]
      [Termination (ms): Min: 0.0, Avg: 0.0, Max: 0.0, Diff: 0.0, Sum: 0.0]
         [Termination Attempts: Min: 1, Avg: 1.0, Max: 1, Diff: 0, Sum: 4]
      [GC Worker Other (ms): Min: 0.0, Avg: 0.1, Max: 0.1, Diff: 0.1, Sum: 0.3]
      [GC Worker Total (ms): Min: 20.1, Avg: 20.2, Max: 20.2, Diff: 0.1, Sum: 80.7]
      [GC Worker End (ms): Min: 2083432.5, Avg: 2083432.5, Max: 2083432.5, Diff: 0.1]
   [Code Root Fixup: 0.0 ms]
   [Code Root Purge: 0.0 ms]
   [Clear CT: 0.3 ms]
   [Other: 5.0 ms]
      [Choose CSet: 0.0 ms]
      [Ref Proc: 3.9 ms]
      [Ref Enq: 0.0 ms]
      [Redirty Cards: 0.2 ms]
      [Humongous Register: 0.1 ms]
      [Humongous Reclaim: 0.1 ms]
      [Free CSet: 0.5 ms]
   [Eden: 596.0M(596.0M)->0.0B(595.0M) Survivors: 18432.0K->19456.0K Heap: 743.3M(1024.0M)->111.8M(1024.0M)]
 [Times: user=0.11 sys=0.00, real=0.02 secs] 
2020-01-10T13:44:12.608+0000: 2083.438: Total time for which application threads were stopped: 0.0262568 seconds, Stopping threads took: 0.0001060 seconds
2020-01-10T13:44:13.620+0000: 2084.450: [GC pause (G1 Evacuation Pause) (young)
Desired survivor size 40370176 bytes, new threshold 15 (max 15)
- age   1:     717184 bytes,     717184 total
- age   2:      10288 bytes,     727472 total
- age   3:      55680 bytes,     783152 total
- age   4:       5792 bytes,     788944 total
- age   5:       7560 bytes,     796504 total
- age   6:       6456 bytes,     802960 total
- age   7:      11248 bytes,     814208 total
- age   8:       8448 bytes,     822656 total
- age   9:      13560 bytes,     836216 total
- age  10:     365768 bytes,    1201984 total
- age  11:   15362248 bytes,   16564232 total
, 0.0218535 secs]
   [Parallel Time: 17.3 ms, GC Workers: 4]
      [GC Worker Start (ms): Min: 2084449.9, Avg: 2084449.9, Max: 2084450.0, Diff: 0.1]
      [Ext Root Scanning (ms): Min: 2.0, Avg: 2.2, Max: 2.5, Diff: 0.5, Sum: 8.8]
      [Update RS (ms): Min: 1.3, Avg: 1.3, Max: 1.3, Diff: 0.0, Sum: 5.2]
         [Processed Buffers: Min: 9, Avg: 15.2, Max: 23, Diff: 14, Sum: 61]
      [Scan RS (ms): Min: 0.7, Avg: 0.8, Max: 0.9, Diff: 0.1, Sum: 3.3]
      [Code Root Scanning (ms): Min: 0.0, Avg: 0.2, Max: 0.6, Diff: 0.6, Sum: 1.0]
      [Object Copy (ms): Min: 12.0, Avg: 12.5, Max: 12.9, Diff: 0.9, Sum: 50.0]
      [Termination (ms): Min: 0.0, Avg: 0.0, Max: 0.0, Diff: 0.0, Sum: 0.0]
         [Termination Attempts: Min: 1, Avg: 1.0, Max: 1, Diff: 0, Sum: 4]
      [GC Worker Other (ms): Min: 0.0, Avg: 0.0, Max: 0.1, Diff: 0.1, Sum: 0.2]
      [GC Worker Total (ms): Min: 17.0, Avg: 17.1, Max: 17.1, Diff: 0.1, Sum: 68.4]
      [GC Worker End (ms): Min: 2084467.0, Avg: 2084467.0, Max: 2084467.1, Diff: 0.0]
   [Code Root Fixup: 0.0 ms]
   [Code Root Purge: 0.0 ms]
   [Clear CT: 0.2 ms]
   [Other: 4.3 ms]
      [Choose CSet: 0.0 ms]
      [Ref Proc: 3.2 ms]
      [Ref Enq: 0.0 ms]
      [Redirty Cards: 0.2 ms]
      [Humongous Register: 0.1 ms]
      [Humongous Reclaim: 0.1 ms]
      [Free CSet: 0.5 ms]
   [Eden: 595.0M(595.0M)->0.0B(595.0M) Survivors: 19456.0K->19456.0K Heap: 743.3M(1024.0M)->111.8M(1024.0M)]
 [Times: user=0.07 sys=0.01, real=0.03 secs] 
2020-01-10T13:44:13.642+0000: 2084.472: Total time for which application threads were stopped: 0.0224271 seconds, Stopping threads took: 0.0001075 seconds
2020-01-10T13:44:14.656+0000: 2085.485: [GC pause (G1 Evacuation Pause) (young)
Desired survivor size 40370176 bytes, new threshold 15 (max 15)
- age   1:     368776 bytes,     368776 total
- age   2:      53832 bytes,     422608 total
- age   3:      10288 bytes,     432896 total
- age   4:      55512 bytes,     488408 total
- age   5:       5792 bytes,     494200 total
- age   6:       7560 bytes,     501760 total
- age   7:       6456 bytes,     508216 total
- age   8:      11104 bytes,     519320 total
- age   9:       8448 bytes,     527768 total
- age  10:      12648 bytes,     540416 total
- age  11:     365768 bytes,     906184 total
- age  12:   15361216 bytes,   16267400 total
, 0.0238082 secs]
   [Parallel Time: 19.2 ms, GC Workers: 4]
      [GC Worker Start (ms): Min: 2085485.4, Avg: 2085485.4, Max: 2085485.5, Diff: 0.1]
      [Ext Root Scanning (ms): Min: 2.1, Avg: 2.3, Max: 2.6, Diff: 0.5, Sum: 9.3]
      [Update RS (ms): Min: 1.3, Avg: 1.4, Max: 1.4, Diff: 0.1, Sum: 5.5]
         [Processed Buffers: Min: 7, Avg: 13.8, Max: 28, Diff: 21, Sum: 55]
      [Scan RS (ms): Min: 0.7, Avg: 0.9, Max: 1.0, Diff: 0.4, Sum: 3.7]
      [Code Root Scanning (ms): Min: 0.0, Avg: 0.2, Max: 0.7, Diff: 0.7, Sum: 0.9]
      [Object Copy (ms): Min: 13.8, Avg: 14.1, Max: 14.4, Diff: 0.7, Sum: 56.3]
      [Termination (ms): Min: 0.0, Avg: 0.0, Max: 0.0, Diff: 0.0, Sum: 0.0]
         [Termination Attempts: Min: 1, Avg: 1.0, Max: 1, Diff: 0, Sum: 4]
      [GC Worker Other (ms): Min: 0.0, Avg: 0.0, Max: 0.1, Diff: 0.1, Sum: 0.2]
      [GC Worker Total (ms): Min: 18.9, Avg: 19.0, Max: 19.0, Diff: 0.1, Sum: 75.9]
      [GC Worker End (ms): Min: 2085504.4, Avg: 2085504.4, Max: 2085504.4, Diff: 0.1]
   [Code Root Fixup: 0.0 ms]
   [Code Root Purge: 0.0 ms]
   [Clear CT: 0.3 ms]
   [Other: 4.4 ms]
      [Choose CSet: 0.0 ms]
      [Ref Proc: 3.3 ms]
      [Ref Enq: 0.0 ms]
      [Redirty Cards: 0.2 ms]
      [Humongous Register: 0.1 ms]
      [Humongous Reclaim: 0.1 ms]
      [Free CSet: 0.5 ms]
   [Eden: 595.0M(595.0M)->0.0B(596.0M) Survivors: 19456.0K->18432.0K Heap: 742.8M(1024.0M)->111.3M(1024.0M)]
 [Times: user=0.08 sys=0.00, real=0.02 secs] 
2020-01-10T13:44:14.680+0000: 2085.509: Total time for which application threads were stopped: 0.0244181 seconds, Stopping threads took: 0.0001363 seconds
2020-01-10T13:44:15.305+0000: 2086.135: Total time for which application threads were stopped: 0.0006158 seconds, Stopping threads took: 0.0002113 seconds
2020-01-10T13:44:15.319+0000: 2086.149: Total time for which application threads were stopped: 0.0005608 seconds, Stopping threads took: 0.0001615 seconds
2020-01-10T13:44:15.703+0000: 2086.532: [GC pause (G1 Evacuation Pause) (young)
Desired survivor size 40370176 bytes, new threshold 15 (max 15)
- age   1:     171992 bytes,     171992 total
- age   2:       6192 bytes,     178184 total
- age   3:      53832 bytes,     232016 total
- age   4:      10288 bytes,     242304 total
- age   5:      55512 bytes,     297816 total
- age   6:       5792 bytes,     303608 total
- age   7:       7560 bytes,     311168 total
- age   8:       6456 bytes,     317624 total
- age   9:      11104 bytes,     328728 total
- age  10:       8448 bytes,     337176 total
- age  11:      12648 bytes,     349824 total
- age  12:     365768 bytes,     715592 total
- age  13:   15361144 bytes,   16076736 total
, 0.0226735 secs]
   [Parallel Time: 17.8 ms, GC Workers: 4]
      [GC Worker Start (ms): Min: 2086532.5, Avg: 2086532.5, Max: 2086532.6, Diff: 0.1]
      [Ext Root Scanning (ms): Min: 2.0, Avg: 2.3, Max: 2.5, Diff: 0.5, Sum: 9.1]
      [Update RS (ms): Min: 1.5, Avg: 1.5, Max: 1.5, Diff: 0.0, Sum: 6.1]
         [Processed Buffers: Min: 13, Avg: 18.8, Max: 30, Diff: 17, Sum: 75]
      [Scan RS (ms): Min: 0.7, Avg: 0.8, Max: 0.9, Diff: 0.3, Sum: 3.4]
      [Code Root Scanning (ms): Min: 0.0, Avg: 0.2, Max: 0.7, Diff: 0.7, Sum: 0.9]
      [Object Copy (ms): Min: 12.6, Avg: 12.7, Max: 12.7, Diff: 0.1, Sum: 50.6]
      [Termination (ms): Min: 0.0, Avg: 0.0, Max: 0.0, Diff: 0.0, Sum: 0.0]
         [Termination Attempts: Min: 1, Avg: 1.0, Max: 1, Diff: 0, Sum: 4]
      [GC Worker Other (ms): Min: 0.0, Avg: 0.1, Max: 0.1, Diff: 0.1, Sum: 0.3]
      [GC Worker Total (ms): Min: 17.6, Avg: 17.6, Max: 17.7, Diff: 0.2, Sum: 70.5]
      [GC Worker End (ms): Min: 2086550.1, Avg: 2086550.2, Max: 2086550.2, Diff: 0.1]
   [Code Root Fixup: 0.0 ms]
   [Code Root Purge: 0.0 ms]
   [Clear CT: 0.2 ms]
   [Other: 4.6 ms]
      [Choose CSet: 0.0 ms]
      [Ref Proc: 3.5 ms]
      [Ref Enq: 0.0 ms]
      [Redirty Cards: 0.2 ms]
      [Humongous Register: 0.1 ms]
      [Humongous Reclaim: 0.1 ms]
      [Free CSet: 0.5 ms]
   [Eden: 596.0M(596.0M)->0.0B(594.0M) Survivors: 18432.0K->20480.0K Heap: 744.3M(1024.0M)->112.8M(1024.0M)]
 [Times: user=0.08 sys=0.00, real=0.02 secs] 
2020-01-10T13:44:15.726+0000: 2086.555: Total time for which application threads were stopped: 0.0232929 seconds, Stopping threads took: 0.0001102 seconds
2020-01-10T13:44:16.726+0000: 2087.556: Total time for which application threads were stopped: 0.0006552 seconds, Stopping threads took: 0.0002332 seconds
2020-01-10T13:44:16.781+0000: 2087.610: [GC pause (G1 Evacuation Pause) (young)
Desired survivor size 40370176 bytes, new threshold 15 (max 15)
- age   1:     720328 bytes,     720328 total
- age   2:       4472 bytes,     724800 total
- age   3:       5688 bytes,     730488 total
- age   4:      18800 bytes,     749288 total
- age   5:      10216 bytes,     759504 total
- age   6:      49624 bytes,     809128 total
- age   7:       5792 bytes,     814920 total
- age   8:       7560 bytes,     822480 total
- age   9:       6456 bytes,     828936 total
- age  10:       7552 bytes,     836488 total
- age  11:       8448 bytes,     844936 total
- age  12:      12648 bytes,     857584 total
- age  13:     365224 bytes,    1222808 total
- age  14:   15360968 bytes,   16583776 total
, 0.0225521 secs]
   [Parallel Time: 17.9 ms, GC Workers: 4]
      [GC Worker Start (ms): Min: 2087610.4, Avg: 2087610.5, Max: 2087610.5, Diff: 0.1]
      [Ext Root Scanning (ms): Min: 2.1, Avg: 2.3, Max: 2.5, Diff: 0.5, Sum: 9.1]
      [Update RS (ms): Min: 1.3, Avg: 1.3, Max: 1.4, Diff: 0.1, Sum: 5.4]
         [Processed Buffers: Min: 8, Avg: 15.0, Max: 22, Diff: 14, Sum: 60]
      [Scan RS (ms): Min: 0.6, Avg: 0.9, Max: 1.0, Diff: 0.4, Sum: 3.5]
      [Code Root Scanning (ms): Min: 0.0, Avg: 0.2, Max: 0.7, Diff: 0.7, Sum: 0.9]
      [Object Copy (ms): Min: 12.5, Avg: 12.9, Max: 13.2, Diff: 0.7, Sum: 51.8]
      [Termination (ms): Min: 0.0, Avg: 0.0, Max: 0.0, Diff: 0.0, Sum: 0.0]
         [Termination Attempts: Min: 1, Avg: 1.0, Max: 1, Diff: 0, Sum: 4]
      [GC Worker Other (ms): Min: 0.0, Avg: 0.0, Max: 0.1, Diff: 0.1, Sum: 0.2]
      [GC Worker Total (ms): Min: 17.6, Avg: 17.7, Max: 17.8, Diff: 0.1, Sum: 70.8]
      [GC Worker End (ms): Min: 2087628.1, Avg: 2087628.2, Max: 2087628.2, Diff: 0.1]
   [Code Root Fixup: 0.0 ms]
   [Code Root Purge: 0.0 ms]
   [Clear CT: 0.2 ms]
   [Other: 4.4 ms]
      [Choose CSet: 0.0 ms]
      [Ref Proc: 3.3 ms]
      [Ref Enq: 0.0 ms]
      [Redirty Cards: 0.2 ms]
      [Humongous Register: 0.1 ms]
      [Humongous Reclaim: 0.1 ms]
      [Free CSet: 0.5 ms]
   [Eden: 594.0M(594.0M)->0.0B(595.0M) Survivors: 20480.0K->19456.0K Heap: 743.3M(1024.0M)->112.3M(1024.0M)]
 [Times: user=0.08 sys=0.00, real=0.03 secs] 
2020-01-10T13:44:16.803+0000: 2087.633: Total time for which application threads were stopped: 0.0231897 seconds, Stopping threads took: 0.0001169 seconds
2020-01-10T13:44:17.846+0000: 2088.675: [GC pause (G1 Evacuation Pause) (young)
Desired survivor size 40370176 bytes, new threshold 15 (max 15)
- age   1:     517016 bytes,     517016 total
- age   2:      58488 bytes,     575504 total
- age   3:       4312 bytes,     579816 total
- age   4:       5688 bytes,     585504 total
- age   5:      18296 bytes,     603800 total
- age   6:       9264 bytes,     613064 total
- age   7:      49624 bytes,     662688 total
- age   8:       5792 bytes,     668480 total
- age   9:       7560 bytes,     676040 total
- age  10:       6456 bytes,     682496 total
- age  11:       7552 bytes,     690048 total
- age  12:       8448 bytes,     698496 total
- age  13:      12648 bytes,     711144 total
- age  14:     365224 bytes,    1076368 total
- age  15:   15360936 bytes,   16437304 total
, 0.0319428 secs]
   [Parallel Time: 27.1 ms, GC Workers: 4]
      [GC Worker Start (ms): Min: 2088675.6, Avg: 2088675.6, Max: 2088675.7, Diff: 0.1]
      [Ext Root Scanning (ms): Min: 2.0, Avg: 2.2, Max: 2.5, Diff: 0.5, Sum: 9.0]
      [Update RS (ms): Min: 1.5, Avg: 1.5, Max: 1.5, Diff: 0.0, Sum: 6.1]
         [Processed Buffers: Min: 10, Avg: 16.8, Max: 23, Diff: 13, Sum: 67]
      [Scan RS (ms): Min: 0.7, Avg: 0.8, Max: 0.9, Diff: 0.2, Sum: 3.4]
      [Code Root Scanning (ms): Min: 0.0, Avg: 0.2, Max: 0.6, Diff: 0.6, Sum: 0.9]
      [Object Copy (ms): Min: 21.7, Avg: 22.0, Max: 22.4, Diff: 0.7, Sum: 87.9]
      [Termination (ms): Min: 0.0, Avg: 0.0, Max: 0.0, Diff: 0.0, Sum: 0.0]
         [Termination Attempts: Min: 1, Avg: 1.0, Max: 1, Diff: 0, Sum: 4]
      [GC Worker Other (ms): Min: 0.0, Avg: 0.1, Max: 0.1, Diff: 0.1, Sum: 0.3]
      [GC Worker Total (ms): Min: 26.8, Avg: 26.9, Max: 26.9, Diff: 0.1, Sum: 107.5]
      [GC Worker End (ms): Min: 2088702.5, Avg: 2088702.5, Max: 2088702.5, Diff: 0.1]
   [Code Root Fixup: 0.0 ms]
   [Code Root Purge: 0.0 ms]
   [Clear CT: 0.3 ms]
   [Other: 4.5 ms]
      [Choose CSet: 0.0 ms]
      [Ref Proc: 3.4 ms]
      [Ref Enq: 0.0 ms]
      [Redirty Cards: 0.2 ms]
      [Humongous Register: 0.1 ms]
      [Humongous Reclaim: 0.1 ms]
      [Free CSet: 0.6 ms]
   [Eden: 595.0M(595.0M)->0.0B(610.0M) Survivors: 19456.0K->4096.0K Heap: 744.3M(1024.0M)->111.8M(1024.0M)]
 [Times: user=0.11 sys=0.00, real=0.03 secs] 
2020-01-10T13:44:17.878+0000: 2088.708: Total time for which application threads were stopped: 0.0325068 seconds, Stopping threads took: 0.0001060 seconds
2020-01-10T13:44:18.879+0000: 2089.708: Total time for which application threads were stopped: 0.0004232 seconds, Stopping threads took: 0.0001600 seconds
2020-01-10T13:44:18.923+0000: 2089.752: [GC pause (G1 Evacuation Pause) (young)
Desired survivor size 40370176 bytes, new threshold 15 (max 15)
- age   1:     549280 bytes,     549280 total
- age   2:       5696 bytes,     554976 total
- age   3:      58488 bytes,     613464 total
- age   4:       4312 bytes,     617776 total
- age   5:       5688 bytes,     623464 total
- age   6:      18296 bytes,     641760 total
- age   7:       9264 bytes,     651024 total
- age   8:      49624 bytes,     700648 total
- age   9:       5792 bytes,     706440 total
- age  10:       7560 bytes,     714000 total
- age  11:       6456 bytes,     720456 total
- age  12:       7552 bytes,     728008 total
- age  13:       8448 bytes,     736456 total
- age  14:      12648 bytes,     749104 total
- age  15:     365224 bytes,    1114328 total
, 0.0118024 secs]
   [Parallel Time: 7.0 ms, GC Workers: 4]
      [GC Worker Start (ms): Min: 2089752.5, Avg: 2089752.5, Max: 2089752.6, Diff: 0.1]
      [Ext Root Scanning (ms): Min: 2.0, Avg: 2.4, Max: 3.0, Diff: 1.0, Sum: 9.6]
      [Update RS (ms): Min: 2.3, Avg: 2.7, Max: 2.8, Diff: 0.5, Sum: 10.6]
         [Processed Buffers: Min: 15, Avg: 20.2, Max: 26, Diff: 11, Sum: 81]
      [Scan RS (ms): Min: 0.5, Avg: 0.5, Max: 0.6, Diff: 0.1, Sum: 2.2]
      [Code Root Scanning (ms): Min: 0.0, Avg: 0.1, Max: 0.1, Diff: 0.1, Sum: 0.2]
      [Object Copy (ms): Min: 0.9, Avg: 1.1, Max: 1.3, Diff: 0.4, Sum: 4.4]
      [Termination (ms): Min: 0.0, Avg: 0.0, Max: 0.0, Diff: 0.0, Sum: 0.0]
         [Termination Attempts: Min: 1, Avg: 1.2, Max: 2, Diff: 1, Sum: 5]
      [GC Worker Other (ms): Min: 0.0, Avg: 0.0, Max: 0.1, Diff: 0.0, Sum: 0.2]
      [GC Worker Total (ms): Min: 6.8, Avg: 6.8, Max: 6.9, Diff: 0.1, Sum: 27.2]
      [GC Worker End (ms): Min: 2089759.3, Avg: 2089759.3, Max: 2089759.3, Diff: 0.0]
   [Code Root Fixup: 0.0 ms]
   [Code Root Purge: 0.0 ms]
   [Clear CT: 0.3 ms]
   [Other: 4.5 ms]
      [Choose CSet: 0.0 ms]
      [Ref Proc: 3.3 ms]
      [Ref Enq: 0.0 ms]
      [Redirty Cards: 0.2 ms]
      [Humongous Register: 0.1 ms]
      [Humongous Reclaim: 0.1 ms]
      [Free CSet: 0.6 ms]
   [Eden: 610.0M(610.0M)->0.0B(611.0M) Survivors: 4096.0K->3072.0K Heap: 759.8M(1024.0M)->113.3M(1024.0M)]
 [Times: user=0.03 sys=0.00, real=0.01 secs] 
2020-01-10T13:44:18.935+0000: 2089.764: Total time for which application threads were stopped: 0.0123812 seconds, Stopping threads took: 0.0001011 seconds
2020-01-10T13:44:19.935+0000: 2090.765: Total time for which application threads were stopped: 0.0004960 seconds, Stopping threads took: 0.0001881 seconds
2020-01-10T13:44:19.973+0000: 2090.802: [GC pause (G1 Evacuation Pause) (young)
Desired survivor size 40370176 bytes, new threshold 15 (max 15)
- age   1:     485344 bytes,     485344 total
- age   2:       4360 bytes,     489704 total
- age   3:       5696 bytes,     495400 total
- age   4:      57720 bytes,     553120 total
- age   5:       4312 bytes,     557432 total
- age   6:       5688 bytes,     563120 total
- age   7:      18296 bytes,     581416 total
- age   8:       9264 bytes,     590680 total
- age   9:      49624 bytes,     640304 total
- age  10:       5792 bytes,     646096 total
- age  11:       7560 bytes,     653656 total
- age  12:       6456 bytes,     660112 total
- age  13:       7552 bytes,     667664 total
- age  14:       8448 bytes,     676112 total
- age  15:      12648 bytes,     688760 total
, 0.0105838 secs]
   [Parallel Time: 6.0 ms, GC Workers: 4]
      [GC Worker Start (ms): Min: 2090802.4, Avg: 2090802.4, Max: 2090802.5, Diff: 0.1]
      [Ext Root Scanning (ms): Min: 2.1, Avg: 2.4, Max: 3.1, Diff: 1.0, Sum: 9.7]
      [Update RS (ms): Min: 2.0, Avg: 2.4, Max: 2.5, Diff: 0.5, Sum: 9.6]
         [Processed Buffers: Min: 13, Avg: 20.2, Max: 27, Diff: 14, Sum: 81]
      [Scan RS (ms): Min: 0.2, Avg: 0.2, Max: 0.3, Diff: 0.0, Sum: 1.0]
      [Code Root Scanning (ms): Min: 0.0, Avg: 0.0, Max: 0.1, Diff: 0.1, Sum: 0.1]
      [Object Copy (ms): Min: 0.5, Avg: 0.7, Max: 0.9, Diff: 0.4, Sum: 2.8]
      [Termination (ms): Min: 0.0, Avg: 0.0, Max: 0.0, Diff: 0.0, Sum: 0.0]
         [Termination Attempts: Min: 1, Avg: 1.2, Max: 2, Diff: 1, Sum: 5]
      [GC Worker Other (ms): Min: 0.0, Avg: 0.0, Max: 0.0, Diff: 0.0, Sum: 0.1]
      [GC Worker Total (ms): Min: 5.8, Avg: 5.8, Max: 5.9, Diff: 0.1, Sum: 23.3]
      [GC Worker End (ms): Min: 2090808.3, Avg: 2090808.3, Max: 2090808.3, Diff: 0.0]
   [Code Root Fixup: 0.0 ms]
   [Code Root Purge: 0.0 ms]
   [Clear CT: 0.2 ms]
   [Other: 4.4 ms]
      [Choose CSet: 0.0 ms]
      [Ref Proc: 3.2 ms]
      [Ref Enq: 0.0 ms]
      [Redirty Cards: 0.2 ms]
      [Humongous Register: 0.1 ms]
      [Humongous Reclaim: 0.1 ms]
      [Free CSet: 0.6 ms]
   [Eden: 611.0M(611.0M)->0.0B(611.0M) Survivors: 3072.0K->3072.0K Heap: 761.8M(1024.0M)->115.2M(1024.0M)]
 [Times: user=0.03 sys=0.00, real=0.01 secs] 
2020-01-10T13:44:19.983+0000: 2090.813: Total time for which application threads were stopped: 0.0110926 seconds, Stopping threads took: 0.0000691 seconds
2020-01-10T13:44:20.307+0000: 2091.137: Total time for which application threads were stopped: 0.0005687 seconds, Stopping threads took: 0.0001532 seconds
2020-01-10T13:44:20.325+0000: 2091.155: Total time for which application threads were stopped: 0.0005425 seconds, Stopping threads took: 0.0001259 seconds
2020-01-10T13:44:21.058+0000: 2091.888: [GC pause (G1 Evacuation Pause) (young)
Desired survivor size 40370176 bytes, new threshold 15 (max 15)
- age   1:     406432 bytes,     406432 total
- age   2:       5288 bytes,     411720 total
- age   3:       4360 bytes,     416080 total
- age   4:       5696 bytes,     421776 total
- age   5:      54032 bytes,     475808 total
- age   6:       4312 bytes,     480120 total
- age   7:       5688 bytes,     485808 total
- age   8:      18296 bytes,     504104 total
- age   9:       9264 bytes,     513368 total
- age  10:      49560 bytes,     562928 total
- age  11:       5792 bytes,     568720 total
- age  12:       7560 bytes,     576280 total
- age  13:       6456 bytes,     582736 total
- age  14:       7552 bytes,     590288 total
- age  15:       8448 bytes,     598736 total
, 0.0104988 secs]
   [Parallel Time: 5.8 ms, GC Workers: 4]
      [GC Worker Start (ms): Min: 2091887.7, Avg: 2091887.8, Max: 2091887.8, Diff: 0.1]
      [Ext Root Scanning (ms): Min: 2.0, Avg: 2.3, Max: 2.5, Diff: 0.5, Sum: 9.1]
      [Update RS (ms): Min: 2.4, Avg: 2.5, Max: 2.5, Diff: 0.1, Sum: 10.0]
         [Processed Buffers: Min: 18, Avg: 23.5, Max: 28, Diff: 10, Sum: 94]
      [Scan RS (ms): Min: 0.2, Avg: 0.2, Max: 0.3, Diff: 0.0, Sum: 1.0]
      [Code Root Scanning (ms): Min: 0.0, Avg: 0.0, Max: 0.0, Diff: 0.0, Sum: 0.0]
      [Object Copy (ms): Min: 0.4, Avg: 0.6, Max: 0.8, Diff: 0.4, Sum: 2.4]
      [Termination (ms): Min: 0.0, Avg: 0.0, Max: 0.0, Diff: 0.0, Sum: 0.0]
         [Termination Attempts: Min: 1, Avg: 1.0, Max: 1, Diff: 0, Sum: 4]
      [GC Worker Other (ms): Min: 0.0, Avg: 0.1, Max: 0.1, Diff: 0.1, Sum: 0.3]
      [GC Worker Total (ms): Min: 5.6, Avg: 5.7, Max: 5.8, Diff: 0.1, Sum: 22.7]
      [GC Worker End (ms): Min: 2091893.4, Avg: 2091893.4, Max: 2091893.5, Diff: 0.1]
   [Code Root Fixup: 0.0 ms]
   [Code Root Purge: 0.0 ms]
   [Clear CT: 0.2 ms]
   [Other: 4.4 ms]
      [Choose CSet: 0.0 ms]
      [Ref Proc: 3.3 ms]
      [Ref Enq: 0.0 ms]
      [Redirty Cards: 0.1 ms]
      [Humongous Register: 0.1 ms]
      [Humongous Reclaim: 0.1 ms]
      [Free CSet: 0.6 ms]
   [Eden: 611.0M(611.0M)->0.0B(612.0M) Survivors: 3072.0K->2048.0K Heap: 763.2M(1024.0M)->114.9M(1024.0M)]
 [Times: user=0.02 sys=0.00, real=0.01 secs] 
2020-01-10T13:44:21.069+0000: 2091.898: Total time for which application threads were stopped: 0.0110605 seconds, Stopping threads took: 0.0001078 seconds
2020-01-10T13:44:22.121+0000: 2092.951: [GC pause (G1 Evacuation Pause) (young)
Desired survivor size 40370176 bytes, new threshold 15 (max 15)
- age   1:     438320 bytes,     438320 total
- age   2:       6256 bytes,     444576 total
- age   3:       5288 bytes,     449864 total
- age   4:       4360 bytes,     454224 total
- age   5:       5408 bytes,     459632 total
- age   6:      39264 bytes,     498896 total
- age   7:       4312 bytes,     503208 total
- age   8:       5688 bytes,     508896 total
- age   9:      18272 bytes,     527168 total
- age  10:       9264 bytes,     536432 total
- age  11:      48952 bytes,     585384 total
- age  12:       5792 bytes,     591176 total
- age  13:       7560 bytes,     598736 total
- age  14:       6456 bytes,     605192 total
- age  15:       7496 bytes,     612688 total
, 0.0106103 secs]
   [Parallel Time: 6.0 ms, GC Workers: 4]
      [GC Worker Start (ms): Min: 2092950.8, Avg: 2092950.8, Max: 2092950.9, Diff: 0.1]
      [Ext Root Scanning (ms): Min: 2.1, Avg: 2.3, Max: 2.5, Diff: 0.4, Sum: 9.1]
      [Update RS (ms): Min: 2.7, Avg: 2.7, Max: 2.7, Diff: 0.0, Sum: 10.8]
         [Processed Buffers: Min: 21, Avg: 24.5, Max: 30, Diff: 9, Sum: 98]
      [Scan RS (ms): Min: 0.2, Avg: 0.2, Max: 0.2, Diff: 0.0, Sum: 0.9]
      [Code Root Scanning (ms): Min: 0.0, Avg: 0.0, Max: 0.0, Diff: 0.0, Sum: 0.0]
      [Object Copy (ms): Min: 0.3, Avg: 0.5, Max: 0.8, Diff: 0.4, Sum: 2.2]
      [Termination (ms): Min: 0.0, Avg: 0.0, Max: 0.0, Diff: 0.0, Sum: 0.0]
         [Termination Attempts: Min: 1, Avg: 1.0, Max: 1, Diff: 0, Sum: 4]
      [GC Worker Other (ms): Min: 0.0, Avg: 0.0, Max: 0.1, Diff: 0.1, Sum: 0.2]
      [GC Worker Total (ms): Min: 5.8, Avg: 5.8, Max: 5.8, Diff: 0.1, Sum: 23.2]
      [GC Worker End (ms): Min: 2092956.6, Avg: 2092956.6, Max: 2092956.7, Diff: 0.1]
   [Code Root Fixup: 0.0 ms]
   [Code Root Purge: 0.0 ms]
   [Clear CT: 0.2 ms]
   [Other: 4.3 ms]
      [Choose CSet: 0.0 ms]
      [Ref Proc: 3.1 ms]
      [Ref Enq: 0.0 ms]
      [Redirty Cards: 0.2 ms]
      [Humongous Register: 0.1 ms]
      [Humongous Reclaim: 0.1 ms]
      [Free CSet: 0.6 ms]
   [Eden: 612.0M(612.0M)->0.0B(610.0M) Survivors: 2048.0K->4096.0K Heap: 764.9M(1024.0M)->116.4M(1024.0M)]
 [Times: user=0.03 sys=0.00, real=0.02 secs] 
2020-01-10T13:44:22.132+0000: 2092.961: Total time for which application threads were stopped: 0.0111505 seconds, Stopping threads took: 0.0001123 seconds
2020-01-10T13:44:23.183+0000: 2094.012: [GC pause (G1 Evacuation Pause) (young)
Desired survivor size 40370176 bytes, new threshold 15 (max 15)
- age   1:     585560 bytes,     585560 total
- age   2:      22568 bytes,     608128 total
- age   3:       6216 bytes,     614344 total
- age   4:       4520 bytes,     618864 total
- age   5:       4360 bytes,     623224 total
- age   6:       4456 bytes,     627680 total
- age   7:      39264 bytes,     666944 total
- age   8:       4312 bytes,     671256 total
- age   9:       5528 bytes,     676784 total
- age  10:      18272 bytes,     695056 total
- age  11:       9264 bytes,     704320 total
- age  12:      48952 bytes,     753272 total
- age  13:       5792 bytes,     759064 total
- age  14:       7560 bytes,     766624 total
- age  15:       6456 bytes,     773080 total
, 0.0103782 secs]
   [Parallel Time: 5.7 ms, GC Workers: 4]
      [GC Worker Start (ms): Min: 2094012.6, Avg: 2094012.7, Max: 2094012.7, Diff: 0.1]
      [Ext Root Scanning (ms): Min: 2.1, Avg: 2.4, Max: 3.0, Diff: 0.9, Sum: 9.6]
      [Update RS (ms): Min: 2.0, Avg: 2.3, Max: 2.5, Diff: 0.5, Sum: 9.3]
         [Processed Buffers: Min: 13, Avg: 20.8, Max: 35, Diff: 22, Sum: 83]
      [Scan RS (ms): Min: 0.2, Avg: 0.2, Max: 0.2, Diff: 0.0, Sum: 0.9]
      [Code Root Scanning (ms): Min: 0.0, Avg: 0.0, Max: 0.0, Diff: 0.0, Sum: 0.0]
      [Object Copy (ms): Min: 0.4, Avg: 0.6, Max: 0.8, Diff: 0.4, Sum: 2.4]
      [Termination (ms): Min: 0.0, Avg: 0.0, Max: 0.0, Diff: 0.0, Sum: 0.0]
         [Termination Attempts: Min: 1, Avg: 1.0, Max: 1, Diff: 0, Sum: 4]
      [GC Worker Other (ms): Min: 0.0, Avg: 0.0, Max: 0.0, Diff: 0.0, Sum: 0.1]
      [GC Worker Total (ms): Min: 5.5, Avg: 5.6, Max: 5.6, Diff: 0.1, Sum: 22.4]
      [GC Worker End (ms): Min: 2094018.3, Avg: 2094018.3, Max: 2094018.3, Diff: 0.0]
   [Code Root Fixup: 0.0 ms]
   [Code Root Purge: 0.0 ms]
   [Clear CT: 0.3 ms]
   [Other: 4.4 ms]
      [Choose CSet: 0.0 ms]
      [Ref Proc: 3.2 ms]
      [Ref Enq: 0.0 ms]
      [Redirty Cards: 0.2 ms]
      [Humongous Register: 0.1 ms]
      [Humongous Reclaim: 0.2 ms]
      [Free CSet: 0.6 ms]
   [Eden: 610.0M(610.0M)->0.0B(610.0M) Survivors: 4096.0K->4096.0K Heap: 763.9M(1024.0M)->116.5M(1024.0M)]
 [Times: user=0.02 sys=0.00, real=0.01 secs] 
2020-01-10T13:44:23.193+0000: 2094.023: Total time for which application threads were stopped: 0.0109176 seconds, Stopping threads took: 0.0000980 seconds
2020-01-10T13:44:24.194+0000: 2095.024: Total time for which application threads were stopped: 0.0004197 seconds, Stopping threads took: 0.0001540 seconds
2020-01-10T13:44:24.253+0000: 2095.083: [GC pause (G1 Evacuation Pause) (young)
Desired survivor size 40370176 bytes, new threshold 15 (max 15)
- age   1:     500920 bytes,     500920 total
- age   2:       7192 bytes,     508112 total
- age   3:      22568 bytes,     530680 total
- age   4:       6216 bytes,     536896 total
- age   5:       4520 bytes,     541416 total
- age   6:       4360 bytes,     545776 total
- age   7:       4456 bytes,     550232 total
- age   8:      39264 bytes,     589496 total
- age   9:       4312 bytes,     593808 total
- age  10:       5528 bytes,     599336 total
- age  11:      18272 bytes,     617608 total
- age  12:       9264 bytes,     626872 total
- age  13:      48952 bytes,     675824 total
- age  14:       5792 bytes,     681616 total
- age  15:       7560 bytes,     689176 total
, 0.0096191 secs]
   [Parallel Time: 5.2 ms, GC Workers: 4]
      [GC Worker Start (ms): Min: 2095082.8, Avg: 2095082.9, Max: 2095082.9, Diff: 0.1]
      [Ext Root Scanning (ms): Min: 2.0, Avg: 2.2, Max: 2.4, Diff: 0.5, Sum: 8.8]
      [Update RS (ms): Min: 2.1, Avg: 2.1, Max: 2.2, Diff: 0.0, Sum: 8.6]
         [Processed Buffers: Min: 21, Avg: 27.2, Max: 34, Diff: 13, Sum: 109]
      [Scan RS (ms): Min: 0.1, Avg: 0.2, Max: 0.2, Diff: 0.0, Sum: 0.6]
      [Code Root Scanning (ms): Min: 0.0, Avg: 0.0, Max: 0.0, Diff: 0.0, Sum: 0.0]
      [Object Copy (ms): Min: 0.3, Avg: 0.5, Max: 0.7, Diff: 0.4, Sum: 2.1]
      [Termination (ms): Min: 0.0, Avg: 0.0, Max: 0.0, Diff: 0.0, Sum: 0.0]
         [Termination Attempts: Min: 1, Avg: 1.0, Max: 1, Diff: 0, Sum: 4]
      [GC Worker Other (ms): Min: 0.0, Avg: 0.0, Max: 0.1, Diff: 0.1, Sum: 0.2]
      [GC Worker Total (ms): Min: 5.0, Avg: 5.1, Max: 5.1, Diff: 0.1, Sum: 20.3]
      [GC Worker End (ms): Min: 2095087.9, Avg: 2095088.0, Max: 2095088.0, Diff: 0.1]
   [Code Root Fixup: 0.0 ms]
   [Code Root Purge: 0.0 ms]
   [Clear CT: 0.2 ms]
   [Other: 4.2 ms]
      [Choose CSet: 0.0 ms]
      [Ref Proc: 3.1 ms]
      [Ref Enq: 0.0 ms]
      [Redirty Cards: 0.2 ms]
      [Humongous Register: 0.1 ms]
      [Humongous Reclaim: 0.1 ms]
      [Free CSet: 0.5 ms]
   [Eden: 610.0M(610.0M)->0.0B(612.0M) Survivors: 4096.0K->2048.0K Heap: 764.0M(1024.0M)->115.0M(1024.0M)]
 [Times: user=0.03 sys=0.00, real=0.01 secs] 
2020-01-10T13:44:24.265+0000: 2095.094: Total time for which application threads were stopped: 0.0122696 seconds, Stopping threads took: 0.0001186 seconds
2020-01-10T13:44:25.266+0000: 2096.095: Total time for which application threads were stopped: 0.0005531 seconds, Stopping threads took: 0.0002745 seconds
2020-01-10T13:44:25.306+0000: 2096.136: Total time for which application threads were stopped: 0.0005461 seconds, Stopping threads took: 0.0001253 seconds
2020-01-10T13:44:25.317+0000: 2096.147: Total time for which application threads were stopped: 0.0005805 seconds, Stopping threads took: 0.0001973 seconds
2020-01-10T13:44:25.329+0000: 2096.159: [GC pause (G1 Evacuation Pause) (young)
Desired survivor size 40370176 bytes, new threshold 15 (max 15)
- age   1:     387720 bytes,     387720 total
- age   2:       4472 bytes,     392192 total
- age   3:       7192 bytes,     399384 total
- age   4:      19056 bytes,     418440 total
- age   5:       6216 bytes,     424656 total
- age   6:       4520 bytes,     429176 total
- age   7:       4360 bytes,     433536 total
- age   8:       4456 bytes,     437992 total
- age   9:      38952 bytes,     476944 total
- age  10:       4312 bytes,     481256 total
- age  11:       4760 bytes,     486016 total
- age  12:      18272 bytes,     504288 total
- age  13:       9264 bytes,     513552 total
- age  14:      48952 bytes,     562504 total
- age  15:       5792 bytes,     568296 total
, 0.0096429 secs]
   [Parallel Time: 5.3 ms, GC Workers: 4]
      [GC Worker Start (ms): Min: 2096159.2, Avg: 2096159.3, Max: 2096159.3, Diff: 0.1]
      [Ext Root Scanning (ms): Min: 1.9, Avg: 2.1, Max: 2.3, Diff: 0.4, Sum: 8.5]
      [Update RS (ms): Min: 2.2, Avg: 2.3, Max: 2.3, Diff: 0.1, Sum: 9.0]
         [Processed Buffers: Min: 25, Avg: 28.8, Max: 36, Diff: 11, Sum: 115]
      [Scan RS (ms): Min: 0.1, Avg: 0.1, Max: 0.2, Diff: 0.1, Sum: 0.6]
      [Code Root Scanning (ms): Min: 0.0, Avg: 0.0, Max: 0.0, Diff: 0.0, Sum: 0.0]
      [Object Copy (ms): Min: 0.4, Avg: 0.6, Max: 0.7, Diff: 0.3, Sum: 2.2]
      [Termination (ms): Min: 0.0, Avg: 0.0, Max: 0.0, Diff: 0.0, Sum: 0.0]
         [Termination Attempts: Min: 1, Avg: 1.0, Max: 1, Diff: 0, Sum: 4]
      [GC Worker Other (ms): Min: 0.0, Avg: 0.0, Max: 0.1, Diff: 0.1, Sum: 0.2]
      [GC Worker Total (ms): Min: 5.1, Avg: 5.2, Max: 5.2, Diff: 0.1, Sum: 20.6]
      [GC Worker End (ms): Min: 2096164.4, Avg: 2096164.4, Max: 2096164.5, Diff: 0.1]
   [Code Root Fixup: 0.0 ms]
   [Code Root Purge: 0.0 ms]
   [Clear CT: 0.2 ms]
   [Other: 4.2 ms]
      [Choose CSet: 0.0 ms]
      [Ref Proc: 3.2 ms]
      [Ref Enq: 0.0 ms]
      [Redirty Cards: 0.1 ms]
      [Humongous Register: 0.1 ms]
      [Humongous Reclaim: 0.1 ms]
      [Free CSet: 0.5 ms]
   [Eden: 612.0M(612.0M)->0.0B(611.0M) Survivors: 2048.0K->3072.0K Heap: 764.5M(1024.0M)->116.1M(1024.0M)]
 [Times: user=0.03 sys=0.00, real=0.00 secs] 
2020-01-10T13:44:25.339+0000: 2096.169: Total time for which application threads were stopped: 0.0101350 seconds, Stopping threads took: 0.0000918 seconds
2020-01-10T13:44:26.340+0000: 2097.169: Total time for which application threads were stopped: 0.0004535 seconds, Stopping threads took: 0.0001469 seconds
2020-01-10T13:44:26.454+0000: 2097.283: [GC pause (G1 Evacuation Pause) (young)
Desired survivor size 40370176 bytes, new threshold 15 (max 15)
- age   1:     766120 bytes,     766120 total
- age   2:       5264 bytes,     771384 total
- age   3:       4472 bytes,     775856 total
- age   4:       6064 bytes,     781920 total
- age   5:       5792 bytes,     787712 total
- age   6:       4504 bytes,     792216 total
- age   7:       4520 bytes,     796736 total
- age   8:       4360 bytes,     801096 total
- age   9:       4456 bytes,     805552 total
- age  10:      38888 bytes,     844440 total
- age  11:       4312 bytes,     848752 total
- age  12:       4760 bytes,     853512 total
- age  13:      18200 bytes,     871712 total
- age  14:       9264 bytes,     880976 total
- age  15:      48720 bytes,     929696 total
, 0.0110731 secs]
   [Parallel Time: 5.8 ms, GC Workers: 4]
      [GC Worker Start (ms): Min: 2097283.7, Avg: 2097283.7, Max: 2097283.8, Diff: 0.1]
      [Ext Root Scanning (ms): Min: 1.9, Avg: 2.2, Max: 2.4, Diff: 0.4, Sum: 8.7]
      [Update RS (ms): Min: 2.6, Avg: 2.7, Max: 2.7, Diff: 0.0, Sum: 10.6]
         [Processed Buffers: Min: 29, Avg: 33.0, Max: 39, Diff: 10, Sum: 132]
      [Scan RS (ms): Min: 0.2, Avg: 0.2, Max: 0.2, Diff: 0.0, Sum: 0.6]
      [Code Root Scanning (ms): Min: 0.0, Avg: 0.0, Max: 0.0, Diff: 0.0, Sum: 0.0]
      [Object Copy (ms): Min: 0.4, Avg: 0.6, Max: 0.7, Diff: 0.4, Sum: 2.3]
      [Termination (ms): Min: 0.0, Avg: 0.0, Max: 0.0, Diff: 0.0, Sum: 0.0]
         [Termination Attempts: Min: 1, Avg: 1.0, Max: 1, Diff: 0, Sum: 4]
      [GC Worker Other (ms): Min: 0.0, Avg: 0.0, Max: 0.1, Diff: 0.1, Sum: 0.2]
      [GC Worker Total (ms): Min: 5.6, Avg: 5.6, Max: 5.7, Diff: 0.1, Sum: 22.5]
      [GC Worker End (ms): Min: 2097289.3, Avg: 2097289.3, Max: 2097289.4, Diff: 0.1]
   [Code Root Fixup: 0.0 ms]
   [Code Root Purge: 0.0 ms]
   [Clear CT: 0.2 ms]
   [Other: 5.1 ms]
      [Choose CSet: 0.0 ms]
      [Ref Proc: 4.0 ms]
      [Ref Enq: 0.0 ms]
      [Redirty Cards: 0.2 ms]
      [Humongous Register: 0.1 ms]
      [Humongous Reclaim: 0.1 ms]
      [Free CSet: 0.5 ms]
   [Eden: 611.0M(611.0M)->0.0B(610.0M) Survivors: 3072.0K->4096.0K Heap: 764.6M(1024.0M)->116.8M(1024.0M)]
 [Times: user=0.03 sys=0.00, real=0.01 secs] 
2020-01-10T13:44:26.465+0000: 2097.295: Total time for which application threads were stopped: 0.0116271 seconds, Stopping threads took: 0.0001084 seconds
2020-01-10T13:44:27.466+0000: 2098.295: Total time for which application threads were stopped: 0.0004351 seconds, Stopping threads took: 0.0001746 seconds
2020-01-10T13:44:27.516+0000: 2098.346: [GC pause (G1 Evacuation Pause) (young)
Desired survivor size 40370176 bytes, new threshold 15 (max 15)
- age   1:     589944 bytes,     589944 total
- age   2:      15720 bytes,     605664 total
- age   3:       5128 bytes,     610792 total
- age   4:       4472 bytes,     615264 total
- age   5:       5024 bytes,     620288 total
- age   6:       5608 bytes,     625896 total
- age   7:       4504 bytes,     630400 total
- age   8:       4520 bytes,     634920 total
- age   9:       4360 bytes,     639280 total
- age  10:       4456 bytes,     643736 total
- age  11:      38368 bytes,     682104 total
- age  12:       4312 bytes,     686416 total
- age  13:       4456 bytes,     690872 total
- age  14:      15576 bytes,     706448 total
- age  15:       8976 bytes,     715424 total
, 0.0099018 secs]
   [Parallel Time: 5.6 ms, GC Workers: 4]
      [GC Worker Start (ms): Min: 2098345.8, Avg: 2098345.9, Max: 2098345.9, Diff: 0.1]
      [Ext Root Scanning (ms): Min: 2.0, Avg: 2.2, Max: 2.4, Diff: 0.4, Sum: 8.9]
      [Update RS (ms): Min: 2.5, Avg: 2.5, Max: 2.5, Diff: 0.1, Sum: 10.0]
         [Processed Buffers: Min: 24, Avg: 29.5, Max: 34, Diff: 10, Sum: 118]
      [Scan RS (ms): Min: 0.2, Avg: 0.2, Max: 0.2, Diff: 0.0, Sum: 0.7]
      [Code Root Scanning (ms): Min: 0.0, Avg: 0.0, Max: 0.0, Diff: 0.0, Sum: 0.0]
      [Object Copy (ms): Min: 0.3, Avg: 0.5, Max: 0.7, Diff: 0.4, Sum: 1.9]
      [Termination (ms): Min: 0.0, Avg: 0.0, Max: 0.0, Diff: 0.0, Sum: 0.0]
         [Termination Attempts: Min: 1, Avg: 1.0, Max: 1, Diff: 0, Sum: 4]
      [GC Worker Other (ms): Min: 0.0, Avg: 0.0, Max: 0.1, Diff: 0.0, Sum: 0.1]
      [GC Worker Total (ms): Min: 5.3, Avg: 5.4, Max: 5.5, Diff: 0.1, Sum: 21.7]
      [GC Worker End (ms): Min: 2098351.3, Avg: 2098351.3, Max: 2098351.3, Diff: 0.0]
   [Code Root Fixup: 0.0 ms]
   [Code Root Purge: 0.0 ms]
   [Clear CT: 0.2 ms]
   [Other: 4.1 ms]
      [Choose CSet: 0.0 ms]
      [Ref Proc: 3.0 ms]
      [Ref Enq: 0.0 ms]
      [Redirty Cards: 0.2 ms]
      [Humongous Register: 0.1 ms]
      [Humongous Reclaim: 0.1 ms]
      [Free CSet: 0.5 ms]
   [Eden: 610.0M(610.0M)->0.0B(610.0M) Survivors: 4096.0K->4096.0K Heap: 764.3M(1024.0M)->116.6M(1024.0M)]
 [Times: user=0.03 sys=0.01, real=0.01 secs] 
2020-01-10T13:44:27.526+0000: 2098.356: Total time for which application threads were stopped: 0.0104139 seconds, Stopping threads took: 0.0000906 seconds
2020-01-10T13:44:28.527+0000: 2099.356: Total time for which application threads were stopped: 0.0004202 seconds, Stopping threads took: 0.0001578 seconds
2020-01-10T13:44:28.569+0000: 2099.399: [GC pause (G1 Evacuation Pause) (young)
Desired survivor size 40370176 bytes, new threshold 15 (max 15)
- age   1:     517336 bytes,     517336 total
- age   2:      64952 bytes,     582288 total
- age   3:      14872 bytes,     597160 total
- age   4:       5128 bytes,     602288 total
- age   5:       4472 bytes,     606760 total
- age   6:       5024 bytes,     611784 total
- age   7:       5608 bytes,     617392 total
- age   8:       4504 bytes,     621896 total
- age   9:       4520 bytes,     626416 total
- age  10:       4360 bytes,     630776 total
- age  11:       4456 bytes,     635232 total
- age  12:      38368 bytes,     673600 total
- age  13:       4312 bytes,     677912 total
- age  14:       4456 bytes,     682368 total
- age  15:      15576 bytes,     697944 total
, 0.0102041 secs]
   [Parallel Time: 5.8 ms, GC Workers: 4]
      [GC Worker Start (ms): Min: 2099398.9, Avg: 2099398.9, Max: 2099399.0, Diff: 0.1]
      [Ext Root Scanning (ms): Min: 1.9, Avg: 2.2, Max: 2.4, Diff: 0.4, Sum: 8.7]
      [Update RS (ms): Min: 2.7, Avg: 2.7, Max: 2.8, Diff: 0.0, Sum: 11.0]
         [Processed Buffers: Min: 27, Avg: 33.2, Max: 46, Diff: 19, Sum: 133]
      [Scan RS (ms): Min: 0.1, Avg: 0.2, Max: 0.2, Diff: 0.1, Sum: 0.7]
      [Code Root Scanning (ms): Min: 0.0, Avg: 0.0, Max: 0.0, Diff: 0.0, Sum: 0.0]
      [Object Copy (ms): Min: 0.3, Avg: 0.5, Max: 0.7, Diff: 0.4, Sum: 1.9]
      [Termination (ms): Min: 0.0, Avg: 0.0, Max: 0.0, Diff: 0.0, Sum: 0.0]
         [Termination Attempts: Min: 1, Avg: 1.0, Max: 1, Diff: 0, Sum: 4]
      [GC Worker Other (ms): Min: 0.0, Avg: 0.0, Max: 0.1, Diff: 0.1, Sum: 0.1]
      [GC Worker Total (ms): Min: 5.6, Avg: 5.6, Max: 5.7, Diff: 0.0, Sum: 22.5]
      [GC Worker End (ms): Min: 2099404.5, Avg: 2099404.5, Max: 2099404.6, Diff: 0.1]
   [Code Root Fixup: 0.0 ms]
   [Code Root Purge: 0.0 ms]
   [Clear CT: 0.2 ms]
   [Other: 4.2 ms]
      [Choose CSet: 0.0 ms]
      [Ref Proc: 3.1 ms]
      [Ref Enq: 0.0 ms]
      [Redirty Cards: 0.2 ms]
      [Humongous Register: 0.1 ms]
      [Humongous Reclaim: 0.1 ms]
      [Free CSet: 0.5 ms]
   [Eden: 610.0M(610.0M)->0.0B(612.0M) Survivors: 4096.0K->2048.0K Heap: 764.1M(1024.0M)->115.2M(1024.0M)]
 [Times: user=0.02 sys=0.00, real=0.01 secs] 
2020-01-10T13:44:28.579+0000: 2099.409: Total time for which application threads were stopped: 0.0107423 seconds, Stopping threads took: 0.0000971 seconds
2020-01-10T13:44:29.626+0000: 2100.456: [GC pause (G1 Evacuation Pause) (young)
Desired survivor size 40370176 bytes, new threshold 15 (max 15)
- age   1:     436184 bytes,     436184 total
- age   2:       4720 bytes,     440904 total
- age   3:      64880 bytes,     505784 total
- age   4:      14032 bytes,     519816 total
- age   5:       5128 bytes,     524944 total
- age   6:       4472 bytes,     529416 total
- age   7:       5024 bytes,     534440 total
- age   8:       5608 bytes,     540048 total
- age   9:       4504 bytes,     544552 total
- age  10:       4520 bytes,     549072 total
- age  11:       4360 bytes,     553432 total
- age  12:       4456 bytes,     557888 total
- age  13:      38368 bytes,     596256 total
- age  14:       4312 bytes,     600568 total
- age  15:       4456 bytes,     605024 total
, 0.0103235 secs]
   [Parallel Time: 6.0 ms, GC Workers: 4]
      [GC Worker Start (ms): Min: 2100456.1, Avg: 2100456.1, Max: 2100456.1, Diff: 0.1]
      [Ext Root Scanning (ms): Min: 2.0, Avg: 2.2, Max: 2.4, Diff: 0.4, Sum: 8.8]
      [Update RS (ms): Min: 2.9, Avg: 2.9, Max: 2.9, Diff: 0.0, Sum: 11.7]
         [Processed Buffers: Min: 31, Avg: 36.0, Max: 47, Diff: 16, Sum: 144]
      [Scan RS (ms): Min: 0.1, Avg: 0.2, Max: 0.2, Diff: 0.1, Sum: 0.6]
      [Code Root Scanning (ms): Min: 0.0, Avg: 0.0, Max: 0.0, Diff: 0.0, Sum: 0.0]
      [Object Copy (ms): Min: 0.3, Avg: 0.5, Max: 0.6, Diff: 0.3, Sum: 1.9]
      [Termination (ms): Min: 0.0, Avg: 0.0, Max: 0.0, Diff: 0.0, Sum: 0.0]
         [Termination Attempts: Min: 1, Avg: 1.0, Max: 1, Diff: 0, Sum: 4]
      [GC Worker Other (ms): Min: 0.0, Avg: 0.0, Max: 0.1, Diff: 0.1, Sum: 0.2]
      [GC Worker Total (ms): Min: 5.7, Avg: 5.8, Max: 5.8, Diff: 0.1, Sum: 23.2]
      [GC Worker End (ms): Min: 2100461.9, Avg: 2100461.9, Max: 2100461.9, Diff: 0.1]
   [Code Root Fixup: 0.0 ms]
   [Code Root Purge: 0.0 ms]
   [Clear CT: 0.2 ms]
   [Other: 4.1 ms]
      [Choose CSet: 0.0 ms]
      [Ref Proc: 3.1 ms]
      [Ref Enq: 0.0 ms]
      [Redirty Cards: 0.2 ms]
      [Humongous Register: 0.1 ms]
      [Humongous Reclaim: 0.1 ms]
      [Free CSet: 0.5 ms]
   [Eden: 612.0M(612.0M)->0.0B(611.0M) Survivors: 2048.0K->3072.0K Heap: 764.7M(1024.0M)->115.6M(1024.0M)]
 [Times: user=0.03 sys=0.00, real=0.01 secs] 
2020-01-10T13:44:29.637+0000: 2100.466: Total time for which application threads were stopped: 0.0108882 seconds, Stopping threads took: 0.0001147 seconds
2020-01-10T13:44:30.307+0000: 2101.136: Total time for which application threads were stopped: 0.0006171 seconds, Stopping threads took: 0.0001742 seconds
2020-01-10T13:44:30.316+0000: 2101.145: Total time for which application threads were stopped: 0.0004901 seconds, Stopping threads took: 0.0001558 seconds
2020-01-10T13:44:30.699+0000: 2101.529: [GC pause (G1 Evacuation Pause) (young)
Desired survivor size 40370176 bytes, new threshold 15 (max 15)
- age   1:     337192 bytes,     337192 total
- age   2:       5272 bytes,     342464 total
- age   3:       4720 bytes,     347184 total
- age   4:      64880 bytes,     412064 total
- age   5:      14032 bytes,     426096 total
- age   6:       5128 bytes,     431224 total
- age   7:       4472 bytes,     435696 total
- age   8:       5024 bytes,     440720 total
- age   9:       5608 bytes,     446328 total
- age  10:       4504 bytes,     450832 total
- age  11:       4520 bytes,     455352 total
- age  12:       4360 bytes,     459712 total
- age  13:       4456 bytes,     464168 total
- age  14:      38368 bytes,     502536 total
- age  15:       4312 bytes,     506848 total
, 0.0125162 secs]
   [Parallel Time: 7.9 ms, GC Workers: 4]
      [GC Worker Start (ms): Min: 2101529.2, Avg: 2101529.3, Max: 2101529.3, Diff: 0.1]
      [Ext Root Scanning (ms): Min: 2.0, Avg: 2.4, Max: 3.0, Diff: 1.0, Sum: 9.4]
      [Update RS (ms): Min: 4.1, Avg: 4.5, Max: 4.6, Diff: 0.5, Sum: 18.0]
         [Processed Buffers: Min: 32, Avg: 36.2, Max: 39, Diff: 7, Sum: 145]
      [Scan RS (ms): Min: 0.2, Avg: 0.2, Max: 0.2, Diff: 0.0, Sum: 0.9]
      [Code Root Scanning (ms): Min: 0.0, Avg: 0.0, Max: 0.0, Diff: 0.0, Sum: 0.0]
      [Object Copy (ms): Min: 0.4, Avg: 0.6, Max: 0.7, Diff: 0.4, Sum: 2.3]
      [Termination (ms): Min: 0.0, Avg: 0.0, Max: 0.0, Diff: 0.0, Sum: 0.0]
         [Termination Attempts: Min: 1, Avg: 1.0, Max: 1, Diff: 0, Sum: 4]
      [GC Worker Other (ms): Min: 0.0, Avg: 0.0, Max: 0.1, Diff: 0.1, Sum: 0.2]
      [GC Worker Total (ms): Min: 7.7, Avg: 7.7, Max: 7.7, Diff: 0.0, Sum: 30.7]
      [GC Worker End (ms): Min: 2101536.9, Avg: 2101536.9, Max: 2101537.0, Diff: 0.1]
   [Code Root Fixup: 0.0 ms]
   [Code Root Purge: 0.0 ms]
   [Clear CT: 0.2 ms]
   [Other: 4.4 ms]
      [Choose CSet: 0.0 ms]
      [Ref Proc: 3.3 ms]
      [Ref Enq: 0.0 ms]
      [Redirty Cards: 0.2 ms]
      [Humongous Register: 0.1 ms]
      [Humongous Reclaim: 0.1 ms]
      [Free CSet: 0.6 ms]
   [Eden: 611.0M(611.0M)->0.0B(611.0M) Survivors: 3072.0K->3072.0K Heap: 764.1M(1024.0M)->115.7M(1024.0M)]
 [Times: user=0.03 sys=0.00, real=0.02 secs] 
2020-01-10T13:44:30.712+0000: 2101.542: Total time for which application threads were stopped: 0.0130586 seconds, Stopping threads took: 0.0001019 seconds
2020-01-10T13:44:31.773+0000: 2102.602: [GC pause (G1 Evacuation Pause) (young)
Desired survivor size 40370176 bytes, new threshold 15 (max 15)
- age   1:     460248 bytes,     460248 total
- age   2:       4584 bytes,     464832 total
- age   3:       4432 bytes,     469264 total
- age   4:       4648 bytes,     473912 total
- age   5:      51752 bytes,     525664 total
- age   6:       6680 bytes,     532344 total
- age   7:       5128 bytes,     537472 total
- age   8:       4472 bytes,     541944 total
- age   9:       5024 bytes,     546968 total
- age  10:       5544 bytes,     552512 total
- age  11:       4504 bytes,     557016 total
- age  12:       4520 bytes,     561536 total
- age  13:       4360 bytes,     565896 total
- age  14:       4456 bytes,     570352 total
- age  15:      38344 bytes,     608696 total
, 0.0123015 secs]
   [Parallel Time: 6.7 ms, GC Workers: 4]
      [GC Worker Start (ms): Min: 2102602.4, Avg: 2102602.5, Max: 2102602.5, Diff: 0.1]
      [Ext Root Scanning (ms): Min: 2.1, Avg: 2.2, Max: 2.4, Diff: 0.4, Sum: 9.0]
      [Update RS (ms): Min: 3.6, Avg: 3.7, Max: 3.7, Diff: 0.1, Sum: 14.6]
         [Processed Buffers: Min: 37, Avg: 43.2, Max: 47, Diff: 10, Sum: 173]
      [Scan RS (ms): Min: 0.1, Avg: 0.2, Max: 0.2, Diff: 0.0, Sum: 0.6]
      [Code Root Scanning (ms): Min: 0.0, Avg: 0.0, Max: 0.0, Diff: 0.0, Sum: 0.0]
      [Object Copy (ms): Min: 0.3, Avg: 0.5, Max: 0.6, Diff: 0.3, Sum: 1.9]
      [Termination (ms): Min: 0.0, Avg: 0.0, Max: 0.0, Diff: 0.0, Sum: 0.0]
         [Termination Attempts: Min: 1, Avg: 1.0, Max: 1, Diff: 0, Sum: 4]
      [GC Worker Other (ms): Min: 0.0, Avg: 0.0, Max: 0.0, Diff: 0.0, Sum: 0.1]
      [GC Worker Total (ms): Min: 6.5, Avg: 6.6, Max: 6.6, Diff: 0.1, Sum: 26.2]
      [GC Worker End (ms): Min: 2102609.0, Avg: 2102609.0, Max: 2102609.0, Diff: 0.0]
   [Code Root Fixup: 0.0 ms]
   [Code Root Purge: 0.0 ms]
   [Clear CT: 0.2 ms]
   [Other: 5.4 ms]
      [Choose CSet: 0.0 ms]
      [Ref Proc: 3.7 ms]
      [Ref Enq: 0.0 ms]
      [Redirty Cards: 0.2 ms]
      [Humongous Register: 0.1 ms]
      [Humongous Reclaim: 0.2 ms]
      [Free CSet: 1.0 ms]
   [Eden: 611.0M(611.0M)->0.0B(611.0M) Survivors: 3072.0K->3072.0K Heap: 764.2M(1024.0M)->115.6M(1024.0M)]
 [Times: user=0.03 sys=0.00, real=0.01 secs] 
2020-01-10T13:44:31.785+0000: 2102.615: Total time for which application threads were stopped: 0.0129765 seconds, Stopping threads took: 0.0001564 seconds
2020-01-10T13:44:32.786+0000: 2103.615: Total time for which application threads were stopped: 0.0005312 seconds, Stopping threads took: 0.0001753 seconds
2020-01-10T13:44:32.844+0000: 2103.674: [GC pause (G1 Evacuation Pause) (young)
Desired survivor size 40370176 bytes, new threshold 15 (max 15)
- age   1:     305656 bytes,     305656 total
- age   2:      26448 bytes,     332104 total
- age   3:       4584 bytes,     336688 total
- age   4:       4432 bytes,     341120 total
- age   5:       4648 bytes,     345768 total
- age   6:      50800 bytes,     396568 total
- age   7:       6680 bytes,     403248 total
- age   8:       5128 bytes,     408376 total
- age   9:       4472 bytes,     412848 total
- age  10:       5024 bytes,     417872 total
- age  11:       5544 bytes,     423416 total
- age  12:       4504 bytes,     427920 total
- age  13:       4520 bytes,     432440 total
- age  14:       4360 bytes,     436800 total
- age  15:       4456 bytes,     441256 total
, 0.0118110 secs]
   [Parallel Time: 6.4 ms, GC Workers: 4]
      [GC Worker Start (ms): Min: 2103673.8, Avg: 2103673.8, Max: 2103673.9, Diff: 0.1]
      [Ext Root Scanning (ms): Min: 2.0, Avg: 2.2, Max: 2.5, Diff: 0.4, Sum: 9.0]
      [Update RS (ms): Min: 3.4, Avg: 3.4, Max: 3.4, Diff: 0.1, Sum: 13.5]
         [Processed Buffers: Min: 33, Avg: 39.5, Max: 44, Diff: 11, Sum: 158]
      [Scan RS (ms): Min: 0.1, Avg: 0.2, Max: 0.2, Diff: 0.0, Sum: 0.6]
      [Code Root Scanning (ms): Min: 0.0, Avg: 0.0, Max: 0.0, Diff: 0.0, Sum: 0.0]
      [Object Copy (ms): Min: 0.3, Avg: 0.4, Max: 0.6, Diff: 0.3, Sum: 1.7]
      [Termination (ms): Min: 0.0, Avg: 0.0, Max: 0.0, Diff: 0.0, Sum: 0.0]
         [Termination Attempts: Min: 1, Avg: 1.0, Max: 1, Diff: 0, Sum: 4]
      [GC Worker Other (ms): Min: 0.0, Avg: 0.0, Max: 0.1, Diff: 0.1, Sum: 0.2]
      [GC Worker Total (ms): Min: 6.2, Avg: 6.3, Max: 6.3, Diff: 0.1, Sum: 25.0]
      [GC Worker End (ms): Min: 2103680.1, Avg: 2103680.1, Max: 2103680.1, Diff: 0.1]
   [Code Root Fixup: 0.0 ms]
   [Code Root Purge: 0.0 ms]
   [Clear CT: 0.2 ms]
   [Other: 5.2 ms]
      [Choose CSet: 0.0 ms]
      [Ref Proc: 3.6 ms]
      [Ref Enq: 0.0 ms]
      [Redirty Cards: 0.2 ms]
      [Humongous Register: 0.1 ms]
      [Humongous Reclaim: 0.2 ms]
      [Free CSet: 1.0 ms]
   [Eden: 611.0M(611.0M)->0.0B(611.0M) Survivors: 3072.0K->3072.0K Heap: 764.1M(1024.0M)->115.5M(1024.0M)]
 [Times: user=0.03 sys=0.00, real=0.01 secs] 
2020-01-10T13:44:32.856+0000: 2103.686: Total time for which application threads were stopped: 0.0122680 seconds, Stopping threads took: 0.0000718 seconds
2020-01-10T13:44:33.914+0000: 2104.743: [GC pause (G1 Evacuation Pause) (young)
Desired survivor size 40370176 bytes, new threshold 15 (max 15)
- age   1:     352960 bytes,     352960 total
- age   2:       5824 bytes,     358784 total
- age   3:      26448 bytes,     385232 total
- age   4:       4584 bytes,     389816 total
- age   5:       4432 bytes,     394248 total
- age   6:       4648 bytes,     398896 total
- age   7:      50800 bytes,     449696 total
- age   8:       6680 bytes,     456376 total
- age   9:       5128 bytes,     461504 total
- age  10:       4472 bytes,     465976 total
- age  11:       5024 bytes,     471000 total
- age  12:       5544 bytes,     476544 total
- age  13:       4504 bytes,     481048 total
- age  14:       4520 bytes,     485568 total
- age  15:       4360 bytes,     489928 total
, 0.0155609 secs]
   [Parallel Time: 10.2 ms, GC Workers: 4]
      [GC Worker Start (ms): Min: 2104743.5, Avg: 2104743.6, Max: 2104743.6, Diff: 0.1]
      [Ext Root Scanning (ms): Min: 2.4, Avg: 2.6, Max: 2.8, Diff: 0.4, Sum: 10.3]
      [Update RS (ms): Min: 6.6, Avg: 6.6, Max: 6.7, Diff: 0.1, Sum: 26.5]
         [Processed Buffers: Min: 42, Avg: 50.5, Max: 56, Diff: 14, Sum: 202]
      [Scan RS (ms): Min: 0.2, Avg: 0.2, Max: 0.2, Diff: 0.1, Sum: 0.8]
      [Code Root Scanning (ms): Min: 0.0, Avg: 0.0, Max: 0.0, Diff: 0.0, Sum: 0.0]
      [Object Copy (ms): Min: 0.3, Avg: 0.5, Max: 0.6, Diff: 0.3, Sum: 1.9]
      [Termination (ms): Min: 0.0, Avg: 0.0, Max: 0.0, Diff: 0.0, Sum: 0.0]
         [Termination Attempts: Min: 1, Avg: 1.0, Max: 1, Diff: 0, Sum: 4]
      [GC Worker Other (ms): Min: 0.0, Avg: 0.0, Max: 0.1, Diff: 0.1, Sum: 0.2]
      [GC Worker Total (ms): Min: 9.9, Avg: 10.0, Max: 10.0, Diff: 0.1, Sum: 39.8]
      [GC Worker End (ms): Min: 2104753.5, Avg: 2104753.5, Max: 2104753.6, Diff: 0.1]
   [Code Root Fixup: 0.0 ms]
   [Code Root Purge: 0.0 ms]
   [Clear CT: 0.3 ms]
   [Other: 5.1 ms]
      [Choose CSet: 0.0 ms]
      [Ref Proc: 3.5 ms]
      [Ref Enq: 0.0 ms]
      [Redirty Cards: 0.2 ms]
      [Humongous Register: 0.1 ms]
      [Humongous Reclaim: 0.2 ms]
      [Free CSet: 1.0 ms]
   [Eden: 611.0M(611.0M)->0.0B(611.0M) Survivors: 3072.0K->3072.0K Heap: 764.0M(1024.0M)->115.6M(1024.0M)]
 [Times: user=0.04 sys=0.00, real=0.02 secs] 
2020-01-10T13:44:33.929+0000: 2104.759: Total time for which application threads were stopped: 0.0162120 seconds, Stopping threads took: 0.0001225 seconds
2020-01-10T13:44:34.930+0000: 2105.760: Total time for which application threads were stopped: 0.0005453 seconds, Stopping threads took: 0.0002412 seconds
2020-01-10T13:44:34.999+0000: 2105.828: [GC pause (G1 Evacuation Pause) (young)
Desired survivor size 40370176 bytes, new threshold 15 (max 15)
- age   1:     355568 bytes,     355568 total
- age   2:       4184 bytes,     359752 total
- age   3:       5824 bytes,     365576 total
- age   4:      15880 bytes,     381456 total
- age   5:       4584 bytes,     386040 total
- age   6:       4432 bytes,     390472 total
- age   7:       4648 bytes,     395120 total
- age   8:      50776 bytes,     445896 total
- age   9:       6392 bytes,     452288 total
- age  10:       4360 bytes,     456648 total
- age  11:       4472 bytes,     461120 total
- age  12:       5024 bytes,     466144 total
- age  13:       5544 bytes,     471688 total
- age  14:       4504 bytes,     476192 total
- age  15:       4520 bytes,     480712 total
, 0.0125332 secs]
   [Parallel Time: 7.1 ms, GC Workers: 4]
      [GC Worker Start (ms): Min: 2105828.4, Avg: 2105828.5, Max: 2105828.5, Diff: 0.1]
      [Ext Root Scanning (ms): Min: 2.0, Avg: 2.2, Max: 2.4, Diff: 0.4, Sum: 8.9]
      [Update RS (ms): Min: 4.0, Avg: 4.1, Max: 4.1, Diff: 0.1, Sum: 16.2]
         [Processed Buffers: Min: 45, Avg: 49.2, Max: 57, Diff: 12, Sum: 197]
      [Scan RS (ms): Min: 0.1, Avg: 0.1, Max: 0.2, Diff: 0.0, Sum: 0.6]
      [Code Root Scanning (ms): Min: 0.0, Avg: 0.0, Max: 0.0, Diff: 0.0, Sum: 0.0]
      [Object Copy (ms): Min: 0.3, Avg: 0.4, Max: 0.6, Diff: 0.3, Sum: 1.7]
      [Termination (ms): Min: 0.0, Avg: 0.0, Max: 0.0, Diff: 0.0, Sum: 0.1]
         [Termination Attempts: Min: 1, Avg: 1.2, Max: 2, Diff: 1, Sum: 5]
      [GC Worker Other (ms): Min: 0.0, Avg: 0.0, Max: 0.0, Diff: 0.0, Sum: 0.1]
      [GC Worker Total (ms): Min: 6.8, Avg: 6.9, Max: 7.0, Diff: 0.1, Sum: 27.7]
      [GC Worker End (ms): Min: 2105835.4, Avg: 2105835.4, Max: 2105835.4, Diff: 0.0]
   [Code Root Fixup: 0.0 ms]
   [Code Root Purge: 0.0 ms]
   [Clear CT: 0.2 ms]
   [Other: 5.3 ms]
      [Choose CSet: 0.0 ms]
      [Ref Proc: 3.6 ms]
      [Ref Enq: 0.0 ms]
      [Redirty Cards: 0.2 ms]
      [Humongous Register: 0.1 ms]
      [Humongous Reclaim: 0.2 ms]
      [Free CSet: 1.0 ms]
   [Eden: 611.0M(611.0M)->0.0B(611.0M) Survivors: 3072.0K->3072.0K Heap: 764.1M(1024.0M)->115.6M(1024.0M)]
 [Times: user=0.03 sys=0.00, real=0.02 secs] 
2020-01-10T13:44:35.011+0000: 2105.841: Total time for which application threads were stopped: 0.0129387 seconds, Stopping threads took: 0.0000691 seconds
2020-01-10T13:44:35.307+0000: 2106.136: Total time for which application threads were stopped: 0.0004912 seconds, Stopping threads took: 0.0001285 seconds
2020-01-10T13:44:35.329+0000: 2106.159: Total time for which application threads were stopped: 0.0003305 seconds, Stopping threads took: 0.0000950 seconds
2020-01-10T13:44:36.074+0000: 2106.903: [GC pause (G1 Evacuation Pause) (young)
Desired survivor size 40370176 bytes, new threshold 15 (max 15)
- age   1:     488568 bytes,     488568 total
- age   2:       6624 bytes,     495192 total
- age   3:       4184 bytes,     499376 total
- age   4:       5824 bytes,     505200 total
- age   5:      12264 bytes,     517464 total
- age   6:       4584 bytes,     522048 total
- age   7:       4432 bytes,     526480 total
- age   8:       4648 bytes,     531128 total
- age   9:      50776 bytes,     581904 total
- age  10:       6328 bytes,     588232 total
- age  11:       4360 bytes,     592592 total
- age  12:       4472 bytes,     597064 total
- age  13:       5024 bytes,     602088 total
- age  14:       5544 bytes,     607632 total
- age  15:       4504 bytes,     612136 total
, 0.0125857 secs]
   [Parallel Time: 6.9 ms, GC Workers: 4]
      [GC Worker Start (ms): Min: 2106903.5, Avg: 2106903.6, Max: 2106903.6, Diff: 0.1]
      [Ext Root Scanning (ms): Min: 2.0, Avg: 2.2, Max: 2.4, Diff: 0.4, Sum: 8.8]
      [Update RS (ms): Min: 3.9, Avg: 3.9, Max: 4.0, Diff: 0.1, Sum: 15.7]
         [Processed Buffers: Min: 41, Avg: 45.8, Max: 53, Diff: 12, Sum: 183]
      [Scan RS (ms): Min: 0.1, Avg: 0.2, Max: 0.2, Diff: 0.0, Sum: 0.6]
      [Code Root Scanning (ms): Min: 0.0, Avg: 0.0, Max: 0.0, Diff: 0.0, Sum: 0.0]
      [Object Copy (ms): Min: 0.3, Avg: 0.4, Max: 0.6, Diff: 0.4, Sum: 1.7]
      [Termination (ms): Min: 0.0, Avg: 0.0, Max: 0.0, Diff: 0.0, Sum: 0.0]
         [Termination Attempts: Min: 1, Avg: 1.0, Max: 1, Diff: 0, Sum: 4]
      [GC Worker Other (ms): Min: 0.0, Avg: 0.0, Max: 0.1, Diff: 0.1, Sum: 0.2]
      [GC Worker Total (ms): Min: 6.7, Avg: 6.7, Max: 6.8, Diff: 0.1, Sum: 27.0]
      [GC Worker End (ms): Min: 2106910.3, Avg: 2106910.3, Max: 2106910.4, Diff: 0.1]
   [Code Root Fixup: 0.0 ms]
   [Code Root Purge: 0.0 ms]
   [Clear CT: 0.2 ms]
   [Other: 5.4 ms]
      [Choose CSet: 0.0 ms]
      [Ref Proc: 3.8 ms]
      [Ref Enq: 0.0 ms]
      [Redirty Cards: 0.2 ms]
      [Humongous Register: 0.1 ms]
      [Humongous Reclaim: 0.2 ms]
      [Free CSet: 1.1 ms]
   [Eden: 611.0M(611.0M)->0.0B(610.0M) Survivors: 3072.0K->4096.0K Heap: 764.1M(1024.0M)->116.7M(1024.0M)]
 [Times: user=0.03 sys=0.00, real=0.01 secs] 
2020-01-10T13:44:36.086+0000: 2106.916: Total time for which application threads were stopped: 0.0132117 seconds, Stopping threads took: 0.0001331 seconds
2020-01-10T13:44:37.144+0000: 2107.974: [GC pause (G1 Evacuation Pause) (young)
Desired survivor size 40370176 bytes, new threshold 15 (max 15)
- age   1:     195496 bytes,     195496 total
- age   2:       6384 bytes,     201880 total
- age   3:       6120 bytes,     208000 total
- age   4:       4184 bytes,     212184 total
- age   5:       5536 bytes,     217720 total
- age   6:      10680 bytes,     228400 total
- age   7:       4584 bytes,     232984 total
- age   8:       4432 bytes,     237416 total
- age   9:       4648 bytes,     242064 total
- age  10:      49568 bytes,     291632 total
- age  11:       6328 bytes,     297960 total
- age  12:       4360 bytes,     302320 total
- age  13:       4472 bytes,     306792 total
- age  14:       5024 bytes,     311816 total
- age  15:       5544 bytes,     317360 total
, 0.0139467 secs]
   [Parallel Time: 8.5 ms, GC Workers: 4]
      [GC Worker Start (ms): Min: 2107973.9, Avg: 2107974.0, Max: 2107974.0, Diff: 0.1]
      [Ext Root Scanning (ms): Min: 2.0, Avg: 2.2, Max: 2.4, Diff: 0.4, Sum: 8.9]
      [Update RS (ms): Min: 5.4, Avg: 5.4, Max: 5.5, Diff: 0.1, Sum: 21.7]
         [Processed Buffers: Min: 56, Avg: 63.2, Max: 71, Diff: 15, Sum: 253]
      [Scan RS (ms): Min: 0.1, Avg: 0.1, Max: 0.2, Diff: 0.1, Sum: 0.6]
      [Code Root Scanning (ms): Min: 0.0, Avg: 0.0, Max: 0.0, Diff: 0.0, Sum: 0.0]
      [Object Copy (ms): Min: 0.2, Avg: 0.4, Max: 0.6, Diff: 0.4, Sum: 1.7]
      [Termination (ms): Min: 0.0, Avg: 0.0, Max: 0.0, Diff: 0.0, Sum: 0.0]
         [Termination Attempts: Min: 1, Avg: 1.0, Max: 1, Diff: 0, Sum: 4]
      [GC Worker Other (ms): Min: 0.0, Avg: 0.0, Max: 0.1, Diff: 0.1, Sum: 0.2]
      [GC Worker Total (ms): Min: 8.2, Avg: 8.3, Max: 8.3, Diff: 0.1, Sum: 33.0]
      [GC Worker End (ms): Min: 2107982.2, Avg: 2107982.2, Max: 2107982.3, Diff: 0.1]
   [Code Root Fixup: 0.0 ms]
   [Code Root Purge: 0.0 ms]
   [Clear CT: 0.2 ms]
   [Other: 5.3 ms]
      [Choose CSet: 0.0 ms]
      [Ref Proc: 3.6 ms]
      [Ref Enq: 0.0 ms]
      [Redirty Cards: 0.2 ms]
      [Humongous Register: 0.1 ms]
      [Humongous Reclaim: 0.1 ms]
      [Free CSet: 1.1 ms]
   [Eden: 610.0M(610.0M)->0.0B(612.0M) Survivors: 4096.0K->2048.0K Heap: 764.2M(1024.0M)->115.1M(1024.0M)]
 [Times: user=0.04 sys=0.00, real=0.01 secs] 
2020-01-10T13:44:37.158+0000: 2107.988: Total time for which application threads were stopped: 0.0145504 seconds, Stopping threads took: 0.0000946 seconds
2020-01-10T13:44:38.159+0000: 2108.988: Total time for which application threads were stopped: 0.0004711 seconds, Stopping threads took: 0.0001509 seconds
2020-01-10T13:44:38.226+0000: 2109.055: [GC pause (G1 Evacuation Pause) (young)
Desired survivor size 40370176 bytes, new threshold 15 (max 15)
- age   1:     289688 bytes,     289688 total
- age   2:      24080 bytes,     313768 total
- age   3:       6264 bytes,     320032 total
- age   4:       5352 bytes,     325384 total
- age   5:       4184 bytes,     329568 total
- age   6:       4584 bytes,     334152 total
- age   7:      10680 bytes,     344832 total
- age   8:       4584 bytes,     349416 total
- age   9:       4432 bytes,     353848 total
- age  10:       4648 bytes,     358496 total
- age  11:      49568 bytes,     408064 total
- age  12:       6328 bytes,     414392 total
- age  13:       4360 bytes,     418752 total
- age  14:       4472 bytes,     423224 total
- age  15:       5024 bytes,     428248 total
, 0.0138648 secs]
   [Parallel Time: 8.4 ms, GC Workers: 4]
      [GC Worker Start (ms): Min: 2109055.3, Avg: 2109055.3, Max: 2109055.4, Diff: 0.1]
      [Ext Root Scanning (ms): Min: 2.0, Avg: 2.2, Max: 2.4, Diff: 0.4, Sum: 8.8]
      [Update RS (ms): Min: 5.4, Avg: 5.4, Max: 5.4, Diff: 0.1, Sum: 21.7]
         [Processed Buffers: Min: 59, Avg: 63.2, Max: 70, Diff: 11, Sum: 253]
      [Scan RS (ms): Min: 0.1, Avg: 0.1, Max: 0.2, Diff: 0.1, Sum: 0.6]
      [Code Root Scanning (ms): Min: 0.0, Avg: 0.0, Max: 0.0, Diff: 0.0, Sum: 0.0]
      [Object Copy (ms): Min: 0.3, Avg: 0.4, Max: 0.6, Diff: 0.4, Sum: 1.7]
      [Termination (ms): Min: 0.0, Avg: 0.0, Max: 0.0, Diff: 0.0, Sum: 0.0]
         [Termination Attempts: Min: 1, Avg: 1.0, Max: 1, Diff: 0, Sum: 4]
      [GC Worker Other (ms): Min: 0.0, Avg: 0.1, Max: 0.1, Diff: 0.1, Sum: 0.2]
      [GC Worker Total (ms): Min: 8.2, Avg: 8.3, Max: 8.3, Diff: 0.1, Sum: 33.0]
      [GC Worker End (ms): Min: 2109063.6, Avg: 2109063.6, Max: 2109063.6, Diff: 0.1]
   [Code Root Fixup: 0.0 ms]
   [Code Root Purge: 0.0 ms]
   [Clear CT: 0.2 ms]
   [Other: 5.2 ms]
      [Choose CSet: 0.0 ms]
      [Ref Proc: 3.6 ms]
      [Ref Enq: 0.0 ms]
      [Redirty Cards: 0.2 ms]
      [Humongous Register: 0.1 ms]
      [Humongous Reclaim: 0.2 ms]
      [Free CSet: 1.0 ms]
   [Eden: 612.0M(612.0M)->0.0B(611.0M) Survivors: 2048.0K->3072.0K Heap: 765.6M(1024.0M)->115.9M(1024.0M)]
 [Times: user=0.04 sys=0.00, real=0.01 secs] 
2020-01-10T13:44:38.240+0000: 2109.069: Total time for which application threads were stopped: 0.0142462 seconds, Stopping threads took: 0.0000693 seconds
2020-01-10T13:44:39.301+0000: 2110.131: [GC pause (G1 Evacuation Pause) (young)
Desired survivor size 40370176 bytes, new threshold 15 (max 15)
- age   1:     468504 bytes,     468504 total
- age   2:       6472 bytes,     474976 total
- age   3:      24080 bytes,     499056 total
- age   4:       6264 bytes,     505320 total
- age   5:       5352 bytes,     510672 total
- age   6:       4184 bytes,     514856 total
- age   7:       4584 bytes,     519440 total
- age   8:      10680 bytes,     530120 total
- age   9:       4584 bytes,     534704 total
- age  10:       4432 bytes,     539136 total
- age  11:       4648 bytes,     543784 total
- age  12:      49568 bytes,     593352 total
- age  13:       6328 bytes,     599680 total
- age  14:       4360 bytes,     604040 total
- age  15:       4472 bytes,     608512 total
, 0.0123860 secs]
   [Parallel Time: 8.1 ms, GC Workers: 4]
      [GC Worker Start (ms): Min: 2110131.2, Avg: 2110131.2, Max: 2110131.3, Diff: 0.1]
      [Ext Root Scanning (ms): Min: 2.0, Avg: 2.2, Max: 2.4, Diff: 0.4, Sum: 8.8]
      [Update RS (ms): Min: 5.0, Avg: 5.0, Max: 5.1, Diff: 0.1, Sum: 20.1]
         [Processed Buffers: Min: 55, Avg: 59.8, Max: 63, Diff: 8, Sum: 239]
      [Scan RS (ms): Min: 0.1, Avg: 0.2, Max: 0.2, Diff: 0.1, Sum: 0.7]
      [Code Root Scanning (ms): Min: 0.0, Avg: 0.0, Max: 0.0, Diff: 0.0, Sum: 0.0]
      [Object Copy (ms): Min: 0.3, Avg: 0.4, Max: 0.6, Diff: 0.4, Sum: 1.7]
      [Termination (ms): Min: 0.0, Avg: 0.0, Max: 0.0, Diff: 0.0, Sum: 0.0]
         [Termination Attempts: Min: 1, Avg: 1.0, Max: 1, Diff: 0, Sum: 4]
      [GC Worker Other (ms): Min: 0.0, Avg: 0.0, Max: 0.1, Diff: 0.1, Sum: 0.1]
      [GC Worker Total (ms): Min: 7.8, Avg: 7.9, Max: 7.9, Diff: 0.1, Sum: 31.4]
      [GC Worker End (ms): Min: 2110139.1, Avg: 2110139.1, Max: 2110139.1, Diff: 0.1]
   [Code Root Fixup: 0.0 ms]
   [Code Root Purge: 0.0 ms]
   [Clear CT: 0.2 ms]
   [Other: 4.1 ms]
      [Choose CSet: 0.0 ms]
      [Ref Proc: 3.1 ms]
      [Ref Enq: 0.0 ms]
      [Redirty Cards: 0.1 ms]
      [Humongous Register: 0.1 ms]
      [Humongous Reclaim: 0.1 ms]
      [Free CSet: 0.5 ms]
   [Eden: 611.0M(611.0M)->0.0B(610.0M) Survivors: 3072.0K->4096.0K Heap: 764.9M(1024.0M)->116.7M(1024.0M)]
 [Times: user=0.04 sys=0.00, real=0.01 secs] 
2020-01-10T13:44:39.314+0000: 2110.144: Total time for which application threads were stopped: 0.0130516 seconds, Stopping threads took: 0.0000965 seconds
2020-01-10T13:44:40.308+0000: 2111.138: Total time for which application threads were stopped: 0.0005609 seconds, Stopping threads took: 0.0001541 seconds
2020-01-10T13:44:40.317+0000: 2111.147: Total time for which application threads were stopped: 0.0005312 seconds, Stopping threads took: 0.0001379 seconds
2020-01-10T13:44:40.357+0000: 2111.186: [GC pause (G1 Evacuation Pause) (young)
Desired survivor size 40370176 bytes, new threshold 15 (max 15)
- age   1:     403440 bytes,     403440 total
- age   2:       4408 bytes,     407848 total
- age   3:       6472 bytes,     414320 total
- age   4:      24080 bytes,     438400 total
- age   5:       6264 bytes,     444664 total
- age   6:       5352 bytes,     450016 total
- age   7:       4184 bytes,     454200 total
- age   8:       4584 bytes,     458784 total
- age   9:      10680 bytes,     469464 total
- age  10:       4584 bytes,     474048 total
- age  11:       4432 bytes,     478480 total
- age  12:       4648 bytes,     483128 total
- age  13:      49568 bytes,     532696 total
- age  14:       6328 bytes,     539024 total
- age  15:       4360 bytes,     543384 total
, 0.0147475 secs]
   [Parallel Time: 10.0 ms, GC Workers: 4]
      [GC Worker Start (ms): Min: 2111186.5, Avg: 2111186.5, Max: 2111186.6, Diff: 0.1]
      [Ext Root Scanning (ms): Min: 2.0, Avg: 2.2, Max: 2.4, Diff: 0.4, Sum: 8.8]
      [Update RS (ms): Min: 7.0, Avg: 7.0, Max: 7.0, Diff: 0.1, Sum: 28.0]
         [Processed Buffers: Min: 77, Avg: 84.2, Max: 92, Diff: 15, Sum: 337]
      [Scan RS (ms): Min: 0.1, Avg: 0.1, Max: 0.2, Diff: 0.0, Sum: 0.6]
      [Code Root Scanning (ms): Min: 0.0, Avg: 0.0, Max: 0.0, Diff: 0.0, Sum: 0.0]
      [Object Copy (ms): Min: 0.3, Avg: 0.5, Max: 0.6, Diff: 0.3, Sum: 1.8]
      [Termination (ms): Min: 0.0, Avg: 0.0, Max: 0.0, Diff: 0.0, Sum: 0.0]
         [Termination Attempts: Min: 1, Avg: 1.0, Max: 1, Diff: 0, Sum: 4]
      [GC Worker Other (ms): Min: 0.0, Avg: 0.0, Max: 0.1, Diff: 0.1, Sum: 0.1]
      [GC Worker Total (ms): Min: 9.8, Avg: 9.8, Max: 9.9, Diff: 0.1, Sum: 39.4]
      [GC Worker End (ms): Min: 2111196.3, Avg: 2111196.4, Max: 2111196.4, Diff: 0.1]
   [Code Root Fixup: 0.0 ms]
   [Code Root Purge: 0.0 ms]
   [Clear CT: 0.2 ms]
   [Other: 4.5 ms]
      [Choose CSet: 0.0 ms]
      [Ref Proc: 3.5 ms]
      [Ref Enq: 0.0 ms]
      [Redirty Cards: 0.2 ms]
      [Humongous Register: 0.1 ms]
      [Humongous Reclaim: 0.1 ms]
      [Free CSet: 0.5 ms]
   [Eden: 610.0M(610.0M)->0.0B(611.0M) Survivors: 4096.0K->3072.0K Heap: 763.7M(1024.0M)->116.2M(1024.0M)]
 [Times: user=0.05 sys=0.00, real=0.02 secs] 
2020-01-10T13:44:40.374+0000: 2111.203: Total time for which application threads were stopped: 0.0174650 seconds, Stopping threads took: 0.0001003 seconds
2020-01-10T13:44:41.374+0000: 2112.204: Total time for which application threads were stopped: 0.0004275 seconds, Stopping threads took: 0.0001480 seconds
2020-01-10T13:44:41.423+0000: 2112.253: [GC pause (G1 Evacuation Pause) (young)
Desired survivor size 40370176 bytes, new threshold 15 (max 15)
- age   1:     920888 bytes,     920888 total
- age   2:       5320 bytes,     926208 total
- age   3:       4408 bytes,     930616 total
- age   4:       5344 bytes,     935960 total
- age   5:       7384 bytes,     943344 total
- age   6:       4504 bytes,     947848 total
- age   7:       5352 bytes,     953200 total
- age   8:       4184 bytes,     957384 total
- age   9:       4584 bytes,     961968 total
- age  10:      10520 bytes,     972488 total
- age  11:       4584 bytes,     977072 total
- age  12:       4432 bytes,     981504 total
- age  13:       4576 bytes,     986080 total
- age  14:      49040 bytes,    1035120 total
- age  15:       6296 bytes,    1041416 total
, 0.0197572 secs]
   [Parallel Time: 15.2 ms, GC Workers: 4]
      [GC Worker Start (ms): Min: 2112253.0, Avg: 2112253.1, Max: 2112253.1, Diff: 0.1]
      [Ext Root Scanning (ms): Min: 2.4, Avg: 2.6, Max: 2.8, Diff: 0.4, Sum: 10.5]
      [Update RS (ms): Min: 11.5, Avg: 11.6, Max: 11.6, Diff: 0.1, Sum: 46.2]
         [Processed Buffers: Min: 74, Avg: 84.5, Max: 104, Diff: 30, Sum: 338]
      [Scan RS (ms): Min: 0.2, Avg: 0.2, Max: 0.3, Diff: 0.1, Sum: 0.9]
      [Code Root Scanning (ms): Min: 0.0, Avg: 0.0, Max: 0.0, Diff: 0.0, Sum: 0.0]
      [Object Copy (ms): Min: 0.4, Avg: 0.5, Max: 0.7, Diff: 0.4, Sum: 2.1]
      [Termination (ms): Min: 0.0, Avg: 0.0, Max: 0.0, Diff: 0.0, Sum: 0.0]
         [Termination Attempts: Min: 1, Avg: 1.0, Max: 1, Diff: 0, Sum: 4]
      [GC Worker Other (ms): Min: 0.0, Avg: 0.0, Max: 0.1, Diff: 0.1, Sum: 0.2]
      [GC Worker Total (ms): Min: 14.9, Avg: 15.0, Max: 15.0, Diff: 0.1, Sum: 59.9]
      [GC Worker End (ms): Min: 2112268.0, Avg: 2112268.1, Max: 2112268.1, Diff: 0.1]
   [Code Root Fixup: 0.0 ms]
   [Code Root Purge: 0.0 ms]
   [Clear CT: 0.2 ms]
   [Other: 4.4 ms]
      [Choose CSet: 0.0 ms]
      [Ref Proc: 3.2 ms]
      [Ref Enq: 0.0 ms]
      [Redirty Cards: 0.2 ms]
      [Humongous Register: 0.1 ms]
      [Humongous Reclaim: 0.1 ms]
      [Free CSet: 0.6 ms]
   [Eden: 611.0M(611.0M)->0.0B(611.0M) Survivors: 3072.0K->3072.0K Heap: 765.2M(1024.0M)->115.9M(1024.0M)]
 [Times: user=0.06 sys=0.00, real=0.02 secs] 
2020-01-10T13:44:41.443+0000: 2112.273: Total time for which application threads were stopped: 0.0202866 seconds, Stopping threads took: 0.0000880 seconds
2020-01-10T13:44:42.502+0000: 2113.331: [GC pause (G1 Evacuation Pause) (young)
Desired survivor size 40370176 bytes, new threshold 15 (max 15)
- age   1:     804168 bytes,     804168 total
- age   2:      40176 bytes,     844344 total
- age   3:       5320 bytes,     849664 total
- age   4:       4408 bytes,     854072 total
- age   5:       4392 bytes,     858464 total
- age   6:       7360 bytes,     865824 total
- age   7:       4504 bytes,     870328 total
- age   8:       5352 bytes,     875680 total
- age   9:       4184 bytes,     879864 total
- age  10:       4584 bytes,     884448 total
- age  11:      10424 bytes,     894872 total
- age  12:       4584 bytes,     899456 total
- age  13:       4432 bytes,     903888 total
- age  14:       4576 bytes,     908464 total
- age  15:      47496 bytes,     955960 total
, 0.0197197 secs]
   [Parallel Time: 14.9 ms, GC Workers: 4]
      [GC Worker Start (ms): Min: 2113331.4, Avg: 2113331.4, Max: 2113331.5, Diff: 0.1]
      [Ext Root Scanning (ms): Min: 2.1, Avg: 2.3, Max: 2.9, Diff: 0.9, Sum: 9.3]
      [Update RS (ms): Min: 11.3, Avg: 11.7, Max: 11.8, Diff: 0.5, Sum: 46.7]
         [Processed Buffers: Min: 73, Avg: 83.8, Max: 98, Diff: 25, Sum: 335]
      [Scan RS (ms): Min: 0.2, Avg: 0.2, Max: 0.2, Diff: 0.0, Sum: 0.9]
      [Code Root Scanning (ms): Min: 0.0, Avg: 0.0, Max: 0.0, Diff: 0.0, Sum: 0.0]
      [Object Copy (ms): Min: 0.3, Avg: 0.5, Max: 0.6, Diff: 0.4, Sum: 1.8]
      [Termination (ms): Min: 0.0, Avg: 0.0, Max: 0.0, Diff: 0.0, Sum: 0.0]
         [Termination Attempts: Min: 1, Avg: 1.0, Max: 1, Diff: 0, Sum: 4]
      [GC Worker Other (ms): Min: 0.0, Avg: 0.0, Max: 0.1, Diff: 0.1, Sum: 0.2]
      [GC Worker Total (ms): Min: 14.7, Avg: 14.7, Max: 14.7, Diff: 0.0, Sum: 58.9]
      [GC Worker End (ms): Min: 2113346.1, Avg: 2113346.2, Max: 2113346.2, Diff: 0.1]
   [Code Root Fixup: 0.0 ms]
   [Code Root Purge: 0.0 ms]
   [Clear CT: 0.2 ms]
   [Other: 4.6 ms]
      [Choose CSet: 0.0 ms]
      [Ref Proc: 3.2 ms]
      [Ref Enq: 0.0 ms]
      [Redirty Cards: 0.2 ms]
      [Humongous Register: 0.1 ms]
      [Humongous Reclaim: 0.2 ms]
      [Free CSet: 0.8 ms]
   [Eden: 611.0M(611.0M)->0.0B(610.0M) Survivors: 3072.0K->4096.0K Heap: 764.5M(1024.0M)->116.8M(1024.0M)]
 [Times: user=0.06 sys=0.00, real=0.02 secs] 
2020-01-10T13:44:42.522+0000: 2113.351: Total time for which application threads were stopped: 0.0202591 seconds, Stopping threads took: 0.0001123 seconds
2020-01-10T13:44:43.522+0000: 2114.352: Total time for which application threads were stopped: 0.0005330 seconds, Stopping threads took: 0.0002053 seconds
2020-01-10T13:44:43.588+0000: 2114.418: [GC pause (G1 Evacuation Pause) (young)
Desired survivor size 40370176 bytes, new threshold 15 (max 15)
- age   1:     582544 bytes,     582544 total
- age   2:      11960 bytes,     594504 total
- age   3:      40176 bytes,     634680 total
- age   4:       5320 bytes,     640000 total
- age   5:       4408 bytes,     644408 total
- age   6:       4392 bytes,     648800 total
- age   7:       7360 bytes,     656160 total
- age   8:       4504 bytes,     660664 total
- age   9:       5352 bytes,     666016 total
- age  10:       4184 bytes,     670200 total
- age  11:       4584 bytes,     674784 total
- age  12:      10424 bytes,     685208 total
- age  13:       4584 bytes,     689792 total
- age  14:       4432 bytes,     694224 total
- age  15:       4576 bytes,     698800 total
, 0.0203823 secs]
   [Parallel Time: 15.1 ms, GC Workers: 4]
      [GC Worker Start (ms): Min: 2114418.1, Avg: 2114418.2, Max: 2114418.2, Diff: 0.1]
      [Ext Root Scanning (ms): Min: 2.4, Avg: 2.6, Max: 2.8, Diff: 0.4, Sum: 10.6]
      [Update RS (ms): Min: 11.4, Avg: 11.4, Max: 11.5, Diff: 0.1, Sum: 45.6]
         [Processed Buffers: Min: 75, Avg: 83.8, Max: 93, Diff: 18, Sum: 335]
      [Scan RS (ms): Min: 0.2, Avg: 0.2, Max: 0.2, Diff: 0.0, Sum: 0.8]
      [Code Root Scanning (ms): Min: 0.0, Avg: 0.0, Max: 0.0, Diff: 0.0, Sum: 0.0]
      [Object Copy (ms): Min: 0.4, Avg: 0.6, Max: 0.7, Diff: 0.3, Sum: 2.3]
      [Termination (ms): Min: 0.0, Avg: 0.0, Max: 0.0, Diff: 0.0, Sum: 0.0]
         [Termination Attempts: Min: 2, Avg: 3.8, Max: 5, Diff: 3, Sum: 15]
      [GC Worker Other (ms): Min: 0.0, Avg: 0.0, Max: 0.1, Diff: 0.1, Sum: 0.2]
      [GC Worker Total (ms): Min: 14.8, Avg: 14.9, Max: 14.9, Diff: 0.1, Sum: 59.5]
      [GC Worker End (ms): Min: 2114433.0, Avg: 2114433.0, Max: 2114433.1, Diff: 0.1]
   [Code Root Fixup: 0.0 ms]
   [Code Root Purge: 0.0 ms]
   [Clear CT: 0.2 ms]
   [Other: 5.1 ms]
      [Choose CSet: 0.0 ms]
      [Ref Proc: 3.5 ms]
      [Ref Enq: 0.0 ms]
      [Redirty Cards: 0.2 ms]
      [Humongous Register: 0.1 ms]
      [Humongous Reclaim: 0.2 ms]
      [Free CSet: 0.9 ms]
   [Eden: 610.0M(610.0M)->0.0B(610.0M) Survivors: 4096.0K->4096.0K Heap: 764.3M(1024.0M)->116.8M(1024.0M)]
 [Times: user=0.06 sys=0.00, real=0.02 secs] 
2020-01-10T13:44:43.609+0000: 2114.438: Total time for which application threads were stopped: 0.0208018 seconds, Stopping threads took: 0.0000659 seconds
2020-01-10T13:44:44.674+0000: 2115.503: [GC pause (G1 Evacuation Pause) (young)
Desired survivor size 40370176 bytes, new threshold 15 (max 15)
- age   1:     519880 bytes,     519880 total
- age   2:       4304 bytes,     524184 total
- age   3:      11912 bytes,     536096 total
- age   4:      29416 bytes,     565512 total
- age   5:       5320 bytes,     570832 total
- age   6:       4408 bytes,     575240 total
- age   7:       4392 bytes,     579632 total
- age   8:       7072 bytes,     586704 total
- age   9:       4504 bytes,     591208 total
- age  10:       4584 bytes,     595792 total
- age  11:       4184 bytes,     599976 total
- age  12:       4584 bytes,     604560 total
- age  13:      10200 bytes,     614760 total
- age  14:       4584 bytes,     619344 total
- age  15:       4432 bytes,     623776 total
, 0.0202855 secs]
   [Parallel Time: 14.9 ms, GC Workers: 4]
      [GC Worker Start (ms): Min: 2115503.6, Avg: 2115503.6, Max: 2115503.6, Diff: 0.1]
      [Ext Root Scanning (ms): Min: 2.4, Avg: 2.6, Max: 2.8, Diff: 0.4, Sum: 10.3]
      [Update RS (ms): Min: 11.4, Avg: 11.4, Max: 11.5, Diff: 0.1, Sum: 45.7]
         [Processed Buffers: Min: 76, Avg: 83.2, Max: 99, Diff: 23, Sum: 333]
      [Scan RS (ms): Min: 0.2, Avg: 0.2, Max: 0.2, Diff: 0.0, Sum: 0.8]
      [Code Root Scanning (ms): Min: 0.0, Avg: 0.0, Max: 0.0, Diff: 0.0, Sum: 0.0]
      [Object Copy (ms): Min: 0.3, Avg: 0.5, Max: 0.7, Diff: 0.3, Sum: 1.9]
      [Termination (ms): Min: 0.0, Avg: 0.0, Max: 0.0, Diff: 0.0, Sum: 0.0]
         [Termination Attempts: Min: 1, Avg: 2.0, Max: 3, Diff: 2, Sum: 8]
      [GC Worker Other (ms): Min: 0.0, Avg: 0.0, Max: 0.1, Diff: 0.0, Sum: 0.2]
      [GC Worker Total (ms): Min: 14.7, Avg: 14.7, Max: 14.8, Diff: 0.1, Sum: 58.9]
      [GC Worker End (ms): Min: 2115518.3, Avg: 2115518.3, Max: 2115518.3, Diff: 0.0]
   [Code Root Fixup: 0.0 ms]
   [Code Root Purge: 0.0 ms]
   [Clear CT: 0.3 ms]
   [Other: 5.0 ms]
      [Choose CSet: 0.0 ms]
      [Ref Proc: 3.5 ms]
      [Ref Enq: 0.0 ms]
      [Redirty Cards: 0.2 ms]
      [Humongous Register: 0.1 ms]
      [Humongous Reclaim: 0.2 ms]
      [Free CSet: 1.0 ms]
   [Eden: 610.0M(610.0M)->0.0B(612.0M) Survivors: 4096.0K->2048.0K Heap: 764.3M(1024.0M)->115.4M(1024.0M)]
 [Times: user=0.06 sys=0.00, real=0.02 secs] 
2020-01-10T13:44:44.694+0000: 2115.524: Total time for which application threads were stopped: 0.0208399 seconds, Stopping threads took: 0.0000932 seconds
2020-01-10T13:44:45.305+0000: 2116.134: Total time for which application threads were stopped: 0.0004909 seconds, Stopping threads took: 0.0000884 seconds
2020-01-10T13:44:45.319+0000: 2116.148: Total time for which application threads were stopped: 0.0011569 seconds, Stopping threads took: 0.0008297 seconds
2020-01-10T13:44:45.761+0000: 2116.591: [GC pause (G1 Evacuation Pause) (young)
Desired survivor size 40370176 bytes, new threshold 15 (max 15)
- age   1:     337232 bytes,     337232 total
- age   2:       6880 bytes,     344112 total
- age   3:       4304 bytes,     348416 total
- age   4:      11912 bytes,     360328 total
- age   5:      29416 bytes,     389744 total
- age   6:       5320 bytes,     395064 total
- age   7:       4408 bytes,     399472 total
- age   8:       4392 bytes,     403864 total
- age   9:       7072 bytes,     410936 total
- age  10:       4504 bytes,     415440 total
- age  11:       4584 bytes,     420024 total
- age  12:       4184 bytes,     424208 total
- age  13:       4584 bytes,     428792 total
- age  14:      10200 bytes,     438992 total
- age  15:       4584 bytes,     443576 total
, 0.0161957 secs]
   [Parallel Time: 10.4 ms, GC Workers: 4]
      [GC Worker Start (ms): Min: 2116591.0, Avg: 2116591.1, Max: 2116591.2, Diff: 0.1]
      [Ext Root Scanning (ms): Min: 2.0, Avg: 2.2, Max: 2.4, Diff: 0.4, Sum: 8.8]
      [Update RS (ms): Min: 7.4, Avg: 7.4, Max: 7.4, Diff: 0.1, Sum: 29.6]
         [Processed Buffers: Min: 79, Avg: 85.8, Max: 94, Diff: 15, Sum: 343]
      [Scan RS (ms): Min: 0.1, Avg: 0.1, Max: 0.2, Diff: 0.0, Sum: 0.6]
      [Code Root Scanning (ms): Min: 0.0, Avg: 0.0, Max: 0.0, Diff: 0.0, Sum: 0.1]
      [Object Copy (ms): Min: 0.3, Avg: 0.4, Max: 0.6, Diff: 0.3, Sum: 1.7]
      [Termination (ms): Min: 0.0, Avg: 0.0, Max: 0.0, Diff: 0.0, Sum: 0.0]
         [Termination Attempts: Min: 1, Avg: 1.0, Max: 1, Diff: 0, Sum: 4]
      [GC Worker Other (ms): Min: 0.0, Avg: 0.0, Max: 0.1, Diff: 0.0, Sum: 0.1]
      [GC Worker Total (ms): Min: 10.2, Avg: 10.2, Max: 10.3, Diff: 0.1, Sum: 40.9]
      [GC Worker End (ms): Min: 2116601.3, Avg: 2116601.3, Max: 2116601.3, Diff: 0.0]
   [Code Root Fixup: 0.0 ms]
   [Code Root Purge: 0.0 ms]
   [Clear CT: 0.3 ms]
   [Other: 5.5 ms]
      [Choose CSet: 0.0 ms]
      [Ref Proc: 3.7 ms]
      [Ref Enq: 0.0 ms]
      [Redirty Cards: 0.2 ms]
      [Humongous Register: 0.1 ms]
      [Humongous Reclaim: 0.2 ms]
      [Free CSet: 1.1 ms]
   [Eden: 612.0M(612.0M)->0.0B(611.0M) Survivors: 2048.0K->3072.0K Heap: 764.9M(1024.0M)->116.3M(1024.0M)]
 [Times: user=0.04 sys=0.00, real=0.01 secs] 
2020-01-10T13:44:45.778+0000: 2116.607: Total time for which application threads were stopped: 0.0168520 seconds, Stopping threads took: 0.0001191 seconds
2020-01-10T13:44:46.778+0000: 2117.608: Total time for which application threads were stopped: 0.0004367 seconds, Stopping threads took: 0.0001355 seconds
2020-01-10T13:44:46.838+0000: 2117.668: [GC pause (G1 Evacuation Pause) (young)
Desired survivor size 40370176 bytes, new threshold 15 (max 15)
- age   1:     459912 bytes,     459912 total
- age   2:       4408 bytes,     464320 total
- age   3:       5536 bytes,     469856 total
- age   4:       4304 bytes,     474160 total
- age   5:      11288 bytes,     485448 total
- age   6:      24384 bytes,     509832 total
- age   7:       5320 bytes,     515152 total
- age   8:       4408 bytes,     519560 total
- age   9:       4392 bytes,     523952 total
- age  10:       7008 bytes,     530960 total
- age  11:       4504 bytes,     535464 total
- age  12:       4584 bytes,     540048 total
- age  13:       4184 bytes,     544232 total
- age  14:       4584 bytes,     548816 total
- age  15:       6592 bytes,     555408 total
, 0.0144697 secs]
   [Parallel Time: 10.1 ms, GC Workers: 4]
      [GC Worker Start (ms): Min: 2117668.1, Avg: 2117668.2, Max: 2117668.3, Diff: 0.1]
      [Ext Root Scanning (ms): Min: 2.0, Avg: 2.2, Max: 2.4, Diff: 0.4, Sum: 8.8]
      [Update RS (ms): Min: 7.1, Avg: 7.1, Max: 7.1, Diff: 0.0, Sum: 28.4]
         [Processed Buffers: Min: 77, Avg: 83.5, Max: 97, Diff: 20, Sum: 334]
      [Scan RS (ms): Min: 0.1, Avg: 0.1, Max: 0.2, Diff: 0.1, Sum: 0.6]
      [Code Root Scanning (ms): Min: 0.0, Avg: 0.0, Max: 0.0, Diff: 0.0, Sum: 0.0]
      [Object Copy (ms): Min: 0.2, Avg: 0.4, Max: 0.6, Diff: 0.3, Sum: 1.7]
      [Termination (ms): Min: 0.0, Avg: 0.0, Max: 0.0, Diff: 0.0, Sum: 0.0]
         [Termination Attempts: Min: 1, Avg: 1.0, Max: 1, Diff: 0, Sum: 4]
      [GC Worker Other (ms): Min: 0.0, Avg: 0.0, Max: 0.1, Diff: 0.1, Sum: 0.2]
      [GC Worker Total (ms): Min: 9.9, Avg: 9.9, Max: 10.0, Diff: 0.1, Sum: 39.7]
      [GC Worker End (ms): Min: 2117678.1, Avg: 2117678.1, Max: 2117678.1, Diff: 0.1]
   [Code Root Fixup: 0.0 ms]
   [Code Root Purge: 0.0 ms]
   [Clear CT: 0.2 ms]
   [Other: 4.1 ms]
      [Choose CSet: 0.0 ms]
      [Ref Proc: 3.1 ms]
      [Ref Enq: 0.0 ms]
      [Redirty Cards: 0.2 ms]
      [Humongous Register: 0.1 ms]
      [Humongous Reclaim: 0.1 ms]
      [Free CSet: 0.5 ms]
   [Eden: 611.0M(611.0M)->0.0B(612.0M) Survivors: 3072.0K->2048.0K Heap: 764.8M(1024.0M)->115.2M(1024.0M)]
 [Times: user=0.05 sys=0.00, real=0.02 secs] 
2020-01-10T13:44:46.853+0000: 2117.683: Total time for which application threads were stopped: 0.0149962 seconds, Stopping threads took: 0.0000646 seconds
2020-01-10T13:44:47.890+0000: 2118.719: [GC pause (G1 Evacuation Pause) (young)
Desired survivor size 40370176 bytes, new threshold 15 (max 15)
- age   1:     256696 bytes,     256696 total
- age   2:      26272 bytes,     282968 total
- age   3:       4408 bytes,     287376 total
- age   4:       5536 bytes,     292912 total
- age   5:       4304 bytes,     297216 total
- age   6:       9816 bytes,     307032 total
- age   7:      24384 bytes,     331416 total
- age   8:       5320 bytes,     336736 total
- age   9:       4408 bytes,     341144 total
- age  10:       4392 bytes,     345536 total
- age  11:       7008 bytes,     352544 total
- age  12:       4504 bytes,     357048 total
- age  13:       4584 bytes,     361632 total
- age  14:       4184 bytes,     365816 total
- age  15:       4584 bytes,     370400 total
, 0.0142869 secs]
   [Parallel Time: 10.0 ms, GC Workers: 4]
      [GC Worker Start (ms): Min: 2118719.3, Avg: 2118719.3, Max: 2118719.4, Diff: 0.1]
      [Ext Root Scanning (ms): Min: 1.9, Avg: 2.2, Max: 2.4, Diff: 0.4, Sum: 8.7]
      [Update RS (ms): Min: 7.0, Avg: 7.0, Max: 7.1, Diff: 0.1, Sum: 28.1]
         [Processed Buffers: Min: 77, Avg: 83.5, Max: 91, Diff: 14, Sum: 334]
      [Scan RS (ms): Min: 0.1, Avg: 0.1, Max: 0.2, Diff: 0.0, Sum: 0.5]
      [Code Root Scanning (ms): Min: 0.0, Avg: 0.0, Max: 0.0, Diff: 0.0, Sum: 0.0]
      [Object Copy (ms): Min: 0.2, Avg: 0.4, Max: 0.6, Diff: 0.4, Sum: 1.6]
      [Termination (ms): Min: 0.0, Avg: 0.0, Max: 0.0, Diff: 0.0, Sum: 0.0]
         [Termination Attempts: Min: 1, Avg: 1.0, Max: 1, Diff: 0, Sum: 4]
      [GC Worker Other (ms): Min: 0.0, Avg: 0.0, Max: 0.1, Diff: 0.1, Sum: 0.2]
      [GC Worker Total (ms): Min: 9.8, Avg: 9.8, Max: 9.8, Diff: 0.1, Sum: 39.2]
      [GC Worker End (ms): Min: 2118729.1, Avg: 2118729.1, Max: 2118729.1, Diff: 0.1]
   [Code Root Fixup: 0.0 ms]
   [Code Root Purge: 0.0 ms]
   [Clear CT: 0.2 ms]
   [Other: 4.1 ms]
      [Choose CSet: 0.0 ms]
      [Ref Proc: 3.1 ms]
      [Ref Enq: 0.0 ms]
      [Redirty Cards: 0.2 ms]
      [Humongous Register: 0.1 ms]
      [Humongous Reclaim: 0.1 ms]
      [Free CSet: 0.5 ms]
   [Eden: 612.0M(612.0M)->0.0B(611.0M) Survivors: 2048.0K->3072.0K Heap: 764.7M(1024.0M)->116.3M(1024.0M)]
 [Times: user=0.06 sys=0.00, real=0.01 secs] 
2020-01-10T13:44:47.904+0000: 2118.734: Total time for which application threads were stopped: 0.0148453 seconds, Stopping threads took: 0.0001249 seconds
2020-01-10T13:44:48.302+0000: 2119.131: Total time for which application threads were stopped: 0.0007411 seconds, Stopping threads took: 0.0002337 seconds
2020-01-10T13:44:48.304+0000: 2119.133: Total time for which application threads were stopped: 0.0004233 seconds, Stopping threads took: 0.0001182 seconds
2020-01-10T13:44:48.307+0000: 2119.137: Total time for which application threads were stopped: 0.0003132 seconds, Stopping threads took: 0.0000709 seconds
2020-01-10T13:44:48.337+0000: 2119.167: Total time for which application threads were stopped: 0.0010963 seconds, Stopping threads took: 0.0006893 seconds
2020-01-10T13:44:48.342+0000: 2119.172: Total time for which application threads were stopped: 0.0005121 seconds, Stopping threads took: 0.0001489 seconds
2020-01-10T13:44:48.345+0000: 2119.175: Total time for which application threads were stopped: 0.0003544 seconds, Stopping threads took: 0.0000703 seconds
2020-01-10T13:44:48.346+0000: 2119.176: Total time for which application threads were stopped: 0.0003192 seconds, Stopping threads took: 0.0001047 seconds
2020-01-10T13:44:48.351+0000: 2119.181: Total time for which application threads were stopped: 0.0004892 seconds, Stopping threads took: 0.0001359 seconds
2020-01-10T13:44:49.352+0000: 2120.182: Total time for which application threads were stopped: 0.0003485 seconds, Stopping threads took: 0.0001062 seconds
2020-01-10T13:44:50.305+0000: 2121.135: Total time for which application threads were stopped: 0.0007536 seconds, Stopping threads took: 0.0002254 seconds
2020-01-10T13:44:50.312+0000: 2121.142: Total time for which application threads were stopped: 0.0003906 seconds, Stopping threads took: 0.0001459 seconds
2020-01-10T13:44:55.304+0000: 2126.133: Total time for which application threads were stopped: 0.0004846 seconds, Stopping threads took: 0.0001036 seconds
2020-01-10T13:44:55.310+0000: 2126.140: Total time for which application threads were stopped: 0.0003033 seconds, Stopping threads took: 0.0001023 seconds
2020-01-10T13:44:56.951+0000: 2127.781: Total time for which application threads were stopped: 0.0005538 seconds, Stopping threads took: 0.0001464 seconds
2020-01-10T13:44:56.956+0000: 2127.785: Total time for which application threads were stopped: 0.0004326 seconds, Stopping threads took: 0.0001264 seconds
2020-01-10T13:44:56.976+0000: 2127.806: Total time for which application threads were stopped: 0.0004116 seconds, Stopping threads took: 0.0001069 seconds
2020-01-10T13:44:56.979+0000: 2127.809: Total time for which application threads were stopped: 0.0002180 seconds, Stopping threads took: 0.0000531 seconds
2020-01-10T13:44:56.983+0000: 2127.813: Total time for which application threads were stopped: 0.0008221 seconds, Stopping threads took: 0.0001199 seconds
2020-01-10T13:44:57.004+0000: 2127.834: Total time for which application threads were stopped: 0.0004116 seconds, Stopping threads took: 0.0001303 seconds
2020-01-10T13:44:57.009+0000: 2127.838: Total time for which application threads were stopped: 0.0002628 seconds, Stopping threads took: 0.0000628 seconds
2020-01-10T13:44:57.093+0000: 2127.922: Total time for which application threads were stopped: 0.0003583 seconds, Stopping threads took: 0.0000856 seconds
2020-01-10T13:44:57.097+0000: 2127.926: Total time for which application threads were stopped: 0.0002327 seconds, Stopping threads took: 0.0000492 seconds
2020-01-10T13:44:57.111+0000: 2127.941: Total time for which application threads were stopped: 0.0003893 seconds, Stopping threads took: 0.0001363 seconds
2020-01-10T13:44:57.115+0000: 2127.945: Total time for which application threads were stopped: 0.0003048 seconds, Stopping threads took: 0.0001153 seconds
2020-01-10T13:44:57.116+0000: 2127.945: Total time for which application threads were stopped: 0.0003241 seconds, Stopping threads took: 0.0000873 seconds
2020-01-10T13:44:57.119+0000: 2127.949: Total time for which application threads were stopped: 0.0002767 seconds, Stopping threads took: 0.0000615 seconds
2020-01-10T13:44:57.134+0000: 2127.964: Total time for which application threads were stopped: 0.0004039 seconds, Stopping threads took: 0.0001559 seconds
2020-01-10T13:44:57.139+0000: 2127.968: Total time for which application threads were stopped: 0.0005094 seconds, Stopping threads took: 0.0001371 seconds
2020-01-10T13:44:57.143+0000: 2127.972: Total time for which application threads were stopped: 0.0003864 seconds, Stopping threads took: 0.0001242 seconds
2020-01-10T13:44:57.148+0000: 2127.977: Total time for which application threads were stopped: 0.0003961 seconds, Stopping threads took: 0.0001332 seconds
2020-01-10T13:44:57.162+0000: 2127.991: Total time for which application threads were stopped: 0.0050038 seconds, Stopping threads took: 0.0046894 seconds
2020-01-10T13:44:57.166+0000: 2127.996: Total time for which application threads were stopped: 0.0004232 seconds, Stopping threads took: 0.0001581 seconds
2020-01-10T13:44:57.171+0000: 2128.001: Total time for which application threads were stopped: 0.0004548 seconds, Stopping threads took: 0.0001759 seconds
2020-01-10T13:44:57.175+0000: 2128.004: Total time for which application threads were stopped: 0.0003546 seconds, Stopping threads took: 0.0001191 seconds
2020-01-10T13:44:57.184+0000: 2128.014: Total time for which application threads were stopped: 0.0003333 seconds, Stopping threads took: 0.0000735 seconds
2020-01-10T13:44:57.189+0000: 2128.018: Total time for which application threads were stopped: 0.0002813 seconds, Stopping threads took: 0.0000701 seconds
2020-01-10T13:44:57.193+0000: 2128.023: Total time for which application threads were stopped: 0.0004106 seconds, Stopping threads took: 0.0001791 seconds
2020-01-10T13:44:57.197+0000: 2128.026: Total time for which application threads were stopped: 0.0003332 seconds, Stopping threads took: 0.0001039 seconds
2020-01-10T13:44:57.213+0000: 2128.042: Total time for which application threads were stopped: 0.0004053 seconds, Stopping threads took: 0.0001626 seconds
2020-01-10T13:44:57.217+0000: 2128.047: Total time for which application threads were stopped: 0.0002895 seconds, Stopping threads took: 0.0000685 seconds
2020-01-10T13:44:57.219+0000: 2128.048: Total time for which application threads were stopped: 0.0003051 seconds, Stopping threads took: 0.0001071 seconds
2020-01-10T13:44:57.222+0000: 2128.052: Total time for which application threads were stopped: 0.0002871 seconds, Stopping threads took: 0.0000708 seconds
2020-01-10T13:44:57.246+0000: 2128.076: Total time for which application threads were stopped: 0.0083201 seconds, Stopping threads took: 0.0080460 seconds
2020-01-10T13:44:57.250+0000: 2128.080: Total time for which application threads were stopped: 0.0003605 seconds, Stopping threads took: 0.0001275 seconds
2020-01-10T13:44:57.252+0000: 2128.082: Total time for which application threads were stopped: 0.0010527 seconds, Stopping threads took: 0.0000922 seconds
2020-01-10T13:44:57.258+0000: 2128.087: Total time for which application threads were stopped: 0.0019026 seconds, Stopping threads took: 0.0014960 seconds
2020-01-10T13:44:57.279+0000: 2128.109: Total time for which application threads were stopped: 0.0005075 seconds, Stopping threads took: 0.0002022 seconds
2020-01-10T13:44:57.284+0000: 2128.113: Total time for which application threads were stopped: 0.0004466 seconds, Stopping threads took: 0.0001780 seconds
2020-01-10T13:44:57.287+0000: 2128.116: Total time for which application threads were stopped: 0.0003209 seconds, Stopping threads took: 0.0001004 seconds
2020-01-10T13:44:57.288+0000: 2128.118: Total time for which application threads were stopped: 0.0003694 seconds, Stopping threads took: 0.0001147 seconds
2020-01-10T13:44:57.293+0000: 2128.122: Total time for which application threads were stopped: 0.0005817 seconds, Stopping threads took: 0.0001751 seconds
2020-01-10T13:44:57.311+0000: 2128.140: Total time for which application threads were stopped: 0.0003602 seconds, Stopping threads took: 0.0000942 seconds
2020-01-10T13:44:57.313+0000: 2128.143: Total time for which application threads were stopped: 0.0003489 seconds, Stopping threads took: 0.0001095 seconds
2020-01-10T13:44:57.315+0000: 2128.145: Total time for which application threads were stopped: 0.0004123 seconds, Stopping threads took: 0.0001260 seconds
2020-01-10T13:44:57.317+0000: 2128.146: Total time for which application threads were stopped: 0.0003133 seconds, Stopping threads took: 0.0000769 seconds
2020-01-10T13:44:57.322+0000: 2128.151: Total time for which application threads were stopped: 0.0009185 seconds, Stopping threads took: 0.0006482 seconds
2020-01-10T13:44:57.325+0000: 2128.154: Total time for which application threads were stopped: 0.0005090 seconds, Stopping threads took: 0.0002546 seconds
2020-01-10T13:44:57.344+0000: 2128.173: Total time for which application threads were stopped: 0.0003552 seconds, Stopping threads took: 0.0000894 seconds
2020-01-10T13:44:57.347+0000: 2128.177: Total time for which application threads were stopped: 0.0002717 seconds, Stopping threads took: 0.0000741 seconds
2020-01-10T13:44:57.352+0000: 2128.181: Total time for which application threads were stopped: 0.0008239 seconds, Stopping threads took: 0.0001214 seconds
2020-01-10T13:44:57.355+0000: 2128.185: Total time for which application threads were stopped: 0.0004570 seconds, Stopping threads took: 0.0001921 seconds
2020-01-10T13:44:57.380+0000: 2128.210: Total time for which application threads were stopped: 0.0003551 seconds, Stopping threads took: 0.0000953 seconds
2020-01-10T13:44:57.381+0000: 2128.211: Total time for which application threads were stopped: 0.0001981 seconds, Stopping threads took: 0.0000406 seconds
2020-01-10T13:44:57.406+0000: 2128.236: Total time for which application threads were stopped: 0.0005587 seconds, Stopping threads took: 0.0001218 seconds
2020-01-10T13:44:57.409+0000: 2128.239: Total time for which application threads were stopped: 0.0004003 seconds, Stopping threads took: 0.0001188 seconds
2020-01-10T13:44:57.439+0000: 2128.269: Total time for which application threads were stopped: 0.0004996 seconds, Stopping threads took: 0.0001110 seconds
2020-01-10T13:44:57.440+0000: 2128.270: Total time for which application threads were stopped: 0.0002240 seconds, Stopping threads took: 0.0000514 seconds
2020-01-10T13:44:57.464+0000: 2128.294: Total time for which application threads were stopped: 0.0005867 seconds, Stopping threads took: 0.0001448 seconds
2020-01-10T13:44:57.469+0000: 2128.299: Total time for which application threads were stopped: 0.0005509 seconds, Stopping threads took: 0.0001428 seconds
2020-01-10T13:44:57.471+0000: 2128.300: Total time for which application threads were stopped: 0.0003244 seconds, Stopping threads took: 0.0000834 seconds
2020-01-10T13:44:57.512+0000: 2128.341: Total time for which application threads were stopped: 0.0005468 seconds, Stopping threads took: 0.0001115 seconds
2020-01-10T13:44:57.528+0000: 2128.358: Total time for which application threads were stopped: 0.0014688 seconds, Stopping threads took: 0.0003041 seconds
2020-01-10T13:44:57.903+0000: 2128.732: Total time for which application threads were stopped: 0.0007926 seconds, Stopping threads took: 0.0003223 seconds
2020-01-10T13:44:57.952+0000: 2128.781: Total time for which application threads were stopped: 0.0005242 seconds, Stopping threads took: 0.0001691 seconds
2020-01-10T13:44:58.025+0000: 2128.855: Total time for which application threads were stopped: 0.0004596 seconds, Stopping threads took: 0.0001602 seconds
2020-01-10T13:44:58.118+0000: 2128.948: Total time for which application threads were stopped: 0.0004496 seconds, Stopping threads took: 0.0001770 seconds
2020-01-10T13:44:58.118+0000: 2128.948: Total time for which application threads were stopped: 0.0002809 seconds, Stopping threads took: 0.0001041 seconds
2020-01-10T13:44:58.119+0000: 2128.948: Total time for which application threads were stopped: 0.0002626 seconds, Stopping threads took: 0.0000975 seconds
2020-01-10T13:44:58.119+0000: 2128.948: Total time for which application threads were stopped: 0.0002449 seconds, Stopping threads took: 0.0000896 seconds
2020-01-10T13:44:58.120+0000: 2128.949: Total time for which application threads were stopped: 0.0002812 seconds, Stopping threads took: 0.0001300 seconds
2020-01-10T13:44:58.193+0000: 2129.022: Total time for which application threads were stopped: 0.0005189 seconds, Stopping threads took: 0.0001969 seconds
2020-01-10T13:44:58.891+0000: 2129.721: Total time for which application threads were stopped: 0.0004661 seconds, Stopping threads took: 0.0001936 seconds
2020-01-10T13:44:59.891+0000: 2130.721: Total time for which application threads were stopped: 0.0003313 seconds, Stopping threads took: 0.0001035 seconds
2020-01-10T13:45:00.892+0000: 2131.721: Total time for which application threads were stopped: 0.0003852 seconds, Stopping threads took: 0.0001149 seconds
2020-01-10T13:45:03.411+0000: 2134.241: [GC pause (G1 Evacuation Pause) (young)
Desired survivor size 40370176 bytes, new threshold 15 (max 15)
- age   1:     486552 bytes,     486552 total
- age   2:       5832 bytes,     492384 total
- age   3:      26112 bytes,     518496 total
- age   4:       4408 bytes,     522904 total
- age   5:       5536 bytes,     528440 total
- age   6:       4304 bytes,     532744 total
- age   7:       9816 bytes,     542560 total
- age   8:      24384 bytes,     566944 total
- age   9:       5320 bytes,     572264 total
- age  10:       4408 bytes,     576672 total
- age  11:       4392 bytes,     581064 total
- age  12:       7008 bytes,     588072 total
- age  13:       4504 bytes,     592576 total
- age  14:       4584 bytes,     597160 total
- age  15:       4184 bytes,     601344 total
, 0.0338507 secs]
   [Parallel Time: 9.3 ms, GC Workers: 4]
      [GC Worker Start (ms): Min: 2134240.8, Avg: 2134240.8, Max: 2134240.9, Diff: 0.1]
      [Ext Root Scanning (ms): Min: 2.1, Avg: 2.3, Max: 2.5, Diff: 0.4, Sum: 9.2]
      [Update RS (ms): Min: 3.0, Avg: 3.1, Max: 3.3, Diff: 0.4, Sum: 12.5]
         [Processed Buffers: Min: 35, Avg: 48.2, Max: 57, Diff: 22, Sum: 193]
      [Scan RS (ms): Min: 0.0, Avg: 0.1, Max: 0.2, Diff: 0.1, Sum: 0.5]
      [Code Root Scanning (ms): Min: 0.0, Avg: 0.1, Max: 0.3, Diff: 0.3, Sum: 0.3]
      [Object Copy (ms): Min: 1.4, Avg: 1.7, Max: 1.9, Diff: 0.5, Sum: 6.7]
      [Termination (ms): Min: 0.0, Avg: 0.0, Max: 0.0, Diff: 0.0, Sum: 0.0]
         [Termination Attempts: Min: 1, Avg: 2.2, Max: 4, Diff: 3, Sum: 9]
      [GC Worker Other (ms): Min: 0.0, Avg: 0.5, Max: 1.9, Diff: 1.9, Sum: 2.0]
      [GC Worker Total (ms): Min: 7.3, Avg: 7.8, Max: 9.2, Diff: 1.9, Sum: 31.2]
      [GC Worker End (ms): Min: 2134248.1, Avg: 2134248.6, Max: 2134250.0, Diff: 1.9]
   [Code Root Fixup: 0.0 ms]
   [Code Root Purge: 0.0 ms]
   [Clear CT: 0.3 ms]
   [Other: 24.3 ms]
      [Choose CSet: 0.0 ms]
      [Ref Proc: 23.2 ms]
      [Ref Enq: 0.1 ms]
      [Redirty Cards: 0.2 ms]
      [Humongous Register: 0.1 ms]
      [Humongous Reclaim: 0.1 ms]
      [Free CSet: 0.5 ms]
   [Eden: 611.0M(611.0M)->0.0B(604.0M) Survivors: 3072.0K->10240.0K Heap: 740.8M(1024.0M)->122.9M(1024.0M)]
 [Times: user=0.06 sys=0.00, real=0.03 secs] 
2020-01-10T13:45:03.445+0000: 2134.275: Total time for which application threads were stopped: 0.0357867 seconds, Stopping threads took: 0.0014705 seconds
2020-01-10T13:45:03.447+0000: 2134.276: Total time for which application threads were stopped: 0.0005574 seconds, Stopping threads took: 0.0002505 seconds
2020-01-10T13:45:03.451+0000: 2134.281: Total time for which application threads were stopped: 0.0004338 seconds, Stopping threads took: 0.0002484 seconds
2020-01-10T13:45:03.452+0000: 2134.282: Total time for which application threads were stopped: 0.0004306 seconds, Stopping threads took: 0.0002470 seconds
2020-01-10T13:45:03.452+0000: 2134.282: Total time for which application threads were stopped: 0.0003671 seconds, Stopping threads took: 0.0002147 seconds
2020-01-10T13:45:03.453+0000: 2134.283: Total time for which application threads were stopped: 0.0003752 seconds, Stopping threads took: 0.0002092 seconds
2020-01-10T13:45:03.454+0000: 2134.284: Total time for which application threads were stopped: 0.0003914 seconds, Stopping threads took: 0.0002168 seconds
2020-01-10T13:45:03.455+0000: 2134.284: Total time for which application threads were stopped: 0.0003162 seconds, Stopping threads took: 0.0001478 seconds
2020-01-10T13:45:03.455+0000: 2134.285: Total time for which application threads were stopped: 0.0003457 seconds, Stopping threads took: 0.0001714 seconds
2020-01-10T13:45:03.456+0000: 2134.286: Total time for which application threads were stopped: 0.0003805 seconds, Stopping threads took: 0.0001899 seconds
2020-01-10T13:45:03.457+0000: 2134.287: Total time for which application threads were stopped: 0.0004258 seconds, Stopping threads took: 0.0002265 seconds
2020-01-10T13:45:03.458+0000: 2134.287: Total time for which application threads were stopped: 0.0003158 seconds, Stopping threads took: 0.0001419 seconds
2020-01-10T13:45:03.458+0000: 2134.288: Total time for which application threads were stopped: 0.0002554 seconds, Stopping threads took: 0.0000941 seconds
2020-01-10T13:45:03.459+0000: 2134.288: Total time for which application threads were stopped: 0.0003954 seconds, Stopping threads took: 0.0002129 seconds
2020-01-10T13:45:03.459+0000: 2134.289: Total time for which application threads were stopped: 0.0003950 seconds, Stopping threads took: 0.0002089 seconds
2020-01-10T13:45:03.460+0000: 2134.290: Total time for which application threads were stopped: 0.0003201 seconds, Stopping threads took: 0.0001461 seconds
2020-01-10T13:45:03.461+0000: 2134.290: Total time for which application threads were stopped: 0.0003403 seconds, Stopping threads took: 0.0001807 seconds
2020-01-10T13:45:03.461+0000: 2134.291: Total time for which application threads were stopped: 0.0003569 seconds, Stopping threads took: 0.0001528 seconds
2020-01-10T13:45:03.462+0000: 2134.292: Total time for which application threads were stopped: 0.0003278 seconds, Stopping threads took: 0.0001626 seconds
2020-01-10T13:45:03.462+0000: 2134.292: Total time for which application threads were stopped: 0.0002866 seconds, Stopping threads took: 0.0001344 seconds
2020-01-10T13:45:03.464+0000: 2134.293: Total time for which application threads were stopped: 0.0008820 seconds, Stopping threads took: 0.0001577 seconds
2020-01-10T13:45:04.464+0000: 2135.294: Total time for which application threads were stopped: 0.0004137 seconds, Stopping threads took: 0.0001637 seconds
2020-01-10T13:45:05.465+0000: 2136.294: Total time for which application threads were stopped: 0.0003356 seconds, Stopping threads took: 0.0000911 seconds
2020-01-10T13:45:09.506+0000: 2140.335: Total time for which application threads were stopped: 0.0004304 seconds, Stopping threads took: 0.0001517 seconds
2020-01-10T13:45:09.507+0000: 2140.336: Total time for which application threads were stopped: 0.0004388 seconds, Stopping threads took: 0.0002715 seconds
2020-01-10T13:45:10.507+0000: 2141.337: Total time for which application threads were stopped: 0.0003569 seconds, Stopping threads took: 0.0001073 seconds
2020-01-10T13:45:15.508+0000: 2146.338: Total time for which application threads were stopped: 0.0003585 seconds, Stopping threads took: 0.0001314 seconds
2020-01-10T13:45:25.509+0000: 2156.339: Total time for which application threads were stopped: 0.0004205 seconds, Stopping threads took: 0.0001438 seconds
2020-01-10T13:45:30.510+0000: 2161.340: Total time for which application threads were stopped: 0.0003571 seconds, Stopping threads took: 0.0001062 seconds
2020-01-10T13:45:33.403+0000: 2164.233: Total time for which application threads were stopped: 0.0004215 seconds, Stopping threads took: 0.0001318 seconds
2020-01-10T13:45:33.404+0000: 2164.233: Total time for which application threads were stopped: 0.0002547 seconds, Stopping threads took: 0.0001209 seconds
2020-01-10T13:45:33.404+0000: 2164.234: Total time for which application threads were stopped: 0.0001972 seconds, Stopping threads took: 0.0000551 seconds
2020-01-10T13:45:33.405+0000: 2164.234: Total time for which application threads were stopped: 0.0001654 seconds, Stopping threads took: 0.0000446 seconds
2020-01-10T13:45:34.406+0000: 2165.235: Total time for which application threads were stopped: 0.0005408 seconds, Stopping threads took: 0.0002206 seconds
2020-01-10T13:45:40.406+0000: 2171.236: Total time for which application threads were stopped: 0.0003546 seconds, Stopping threads took: 0.0001278 seconds
2020-01-10T13:45:41.407+0000: 2172.236: Total time for which application threads were stopped: 0.0003491 seconds, Stopping threads took: 0.0000955 seconds
2020-01-10T13:45:42.407+0000: 2173.237: Total time for which application threads were stopped: 0.0004162 seconds, Stopping threads took: 0.0001076 seconds
2020-01-10T13:45:42.728+0000: 2173.558: Total time for which application threads were stopped: 0.0004013 seconds, Stopping threads took: 0.0001288 seconds
2020-01-10T13:45:42.729+0000: 2173.559: Total time for which application threads were stopped: 0.0002974 seconds, Stopping threads took: 0.0001097 seconds
2020-01-10T13:45:42.810+0000: 2173.640: Total time for which application threads were stopped: 0.0003245 seconds, Stopping threads took: 0.0001695 seconds
2020-01-10T13:45:42.811+0000: 2173.641: Total time for which application threads were stopped: 0.0001809 seconds, Stopping threads took: 0.0000456 seconds
2020-01-10T13:45:42.813+0000: 2173.642: Total time for which application threads were stopped: 0.0002247 seconds, Stopping threads took: 0.0000751 seconds
2020-01-10T13:45:42.915+0000: 2173.744: Total time for which application threads were stopped: 0.0003717 seconds, Stopping threads took: 0.0002003 seconds
2020-01-10T13:45:45.915+0000: 2176.745: Total time for which application threads were stopped: 0.0004013 seconds, Stopping threads took: 0.0001189 seconds
2020-01-10T13:45:47.508+0000: 2178.338: Total time for which application threads were stopped: 0.0004622 seconds, Stopping threads took: 0.0001079 seconds
2020-01-10T13:45:47.509+0000: 2178.339: Total time for which application threads were stopped: 0.0002484 seconds, Stopping threads took: 0.0000852 seconds
2020-01-10T13:45:47.671+0000: 2178.501: Total time for which application threads were stopped: 0.0004613 seconds, Stopping threads took: 0.0001616 seconds
2020-01-10T13:45:47.672+0000: 2178.501: Total time for which application threads were stopped: 0.0001904 seconds, Stopping threads took: 0.0000478 seconds
2020-01-10T13:45:47.674+0000: 2178.503: Total time for which application threads were stopped: 0.0004142 seconds, Stopping threads took: 0.0001415 seconds
2020-01-10T13:45:47.861+0000: 2178.690: Total time for which application threads were stopped: 0.0004289 seconds, Stopping threads took: 0.0001639 seconds
2020-01-10T13:45:48.861+0000: 2179.691: Total time for which application threads were stopped: 0.0004101 seconds, Stopping threads took: 0.0000862 seconds
2020-01-10T13:45:49.862+0000: 2180.691: Total time for which application threads were stopped: 0.0003567 seconds, Stopping threads took: 0.0001189 seconds
2020-01-10T13:45:50.862+0000: 2181.692: Total time for which application threads were stopped: 0.0003600 seconds, Stopping threads took: 0.0001043 seconds
2020-01-10T13:45:55.310+0000: 2186.140: Total time for which application threads were stopped: 0.0006184 seconds, Stopping threads took: 0.0002619 seconds
2020-01-10T13:45:57.899+0000: 2188.729: Total time for which application threads were stopped: 0.0003751 seconds, Stopping threads took: 0.0001218 seconds
2020-01-10T13:45:58.004+0000: 2188.833: Total time for which application threads were stopped: 0.0003306 seconds, Stopping threads took: 0.0000927 seconds
2020-01-10T13:45:58.027+0000: 2188.857: Total time for which application threads were stopped: 0.0001719 seconds, Stopping threads took: 0.0000450 seconds
2020-01-10T13:45:58.107+0000: 2188.936: Total time for which application threads were stopped: 0.0001987 seconds, Stopping threads took: 0.0000621 seconds
2020-01-10T13:45:58.120+0000: 2188.950: Total time for which application threads were stopped: 0.0007037 seconds, Stopping threads took: 0.0000503 seconds
2020-01-10T13:46:01.121+0000: 2191.950: Total time for which application threads were stopped: 0.0003422 seconds, Stopping threads took: 0.0000942 seconds
2020-01-10T13:46:06.122+0000: 2196.951: Total time for which application threads were stopped: 0.0003335 seconds, Stopping threads took: 0.0001004 seconds
2020-01-10T13:46:10.122+0000: 2200.952: Total time for which application threads were stopped: 0.0003466 seconds, Stopping threads took: 0.0001090 seconds
2020-01-10T13:46:18.123+0000: 2208.953: Total time for which application threads were stopped: 0.0003685 seconds, Stopping threads took: 0.0001254 seconds
2020-01-10T13:46:19.124+0000: 2209.954: Total time for which application threads were stopped: 0.0004076 seconds, Stopping threads took: 0.0001108 seconds
2020-01-10T13:46:20.124+0000: 2210.954: Total time for which application threads were stopped: 0.0003440 seconds, Stopping threads took: 0.0001194 seconds
2020-01-10T13:46:21.125+0000: 2211.954: Total time for which application threads were stopped: 0.0003257 seconds, Stopping threads took: 0.0000972 seconds
2020-01-10T13:46:26.126+0000: 2216.955: Total time for which application threads were stopped: 0.0003421 seconds, Stopping threads took: 0.0001124 seconds
2020-01-10T13:46:36.127+0000: 2226.957: Total time for which application threads were stopped: 0.0004515 seconds, Stopping threads took: 0.0001434 seconds
2020-01-10T13:46:40.128+0000: 2230.958: Total time for which application threads were stopped: 0.0004573 seconds, Stopping threads took: 0.0001569 seconds
2020-01-10T13:46:41.129+0000: 2231.958: Total time for which application threads were stopped: 0.0004740 seconds, Stopping threads took: 0.0001458 seconds
2020-01-10T13:46:43.129+0000: 2233.959: Total time for which application threads were stopped: 0.0004058 seconds, Stopping threads took: 0.0001040 seconds
2020-01-10T13:46:48.130+0000: 2238.960: Total time for which application threads were stopped: 0.0005161 seconds, Stopping threads took: 0.0002076 seconds
2020-01-10T13:46:50.131+0000: 2240.960: Total time for which application threads were stopped: 0.0003623 seconds, Stopping threads took: 0.0001016 seconds
2020-01-10T13:46:51.131+0000: 2241.961: Total time for which application threads were stopped: 0.0003874 seconds, Stopping threads took: 0.0001031 seconds
2020-01-10T13:47:01.132+0000: 2251.962: Total time for which application threads were stopped: 0.0004335 seconds, Stopping threads took: 0.0001381 seconds
2020-01-10T13:47:10.134+0000: 2260.963: Total time for which application threads were stopped: 0.0003581 seconds, Stopping threads took: 0.0001048 seconds
2020-01-10T13:47:19.135+0000: 2269.964: Total time for which application threads were stopped: 0.0003931 seconds, Stopping threads took: 0.0001199 seconds
2020-01-10T13:47:20.135+0000: 2270.965: Total time for which application threads were stopped: 0.0003256 seconds, Stopping threads took: 0.0000831 seconds
2020-01-10T13:47:40.137+0000: 2290.967: Total time for which application threads were stopped: 0.0004054 seconds, Stopping threads took: 0.0001193 seconds
2020-01-10T13:47:43.138+0000: 2293.968: Total time for which application threads were stopped: 0.0003776 seconds, Stopping threads took: 0.0001092 seconds
2020-01-10T13:47:49.139+0000: 2299.969: Total time for which application threads were stopped: 0.0004442 seconds, Stopping threads took: 0.0001177 seconds
2020-01-10T13:47:50.139+0000: 2300.969: Total time for which application threads were stopped: 0.0003706 seconds, Stopping threads took: 0.0001190 seconds
2020-01-10T13:48:09.141+0000: 2319.971: Total time for which application threads were stopped: 0.0004050 seconds, Stopping threads took: 0.0001369 seconds
2020-01-10T13:48:09.708+0000: 2320.538: Total time for which application threads were stopped: 0.0004826 seconds, Stopping threads took: 0.0001169 seconds
2020-01-10T13:48:10.152+0000: 2320.981: Total time for which application threads were stopped: 0.0006634 seconds, Stopping threads took: 0.0002216 seconds
2020-01-10T13:48:11.152+0000: 2321.982: Total time for which application threads were stopped: 0.0004030 seconds, Stopping threads took: 0.0001053 seconds
2020-01-10T13:48:18.363+0000: 2329.192: Total time for which application threads were stopped: 0.0011156 seconds, Stopping threads took: 0.0001166 seconds
2020-01-10T13:48:19.363+0000: 2330.193: Total time for which application threads were stopped: 0.0004312 seconds, Stopping threads took: 0.0001201 seconds
2020-01-10T13:48:49.367+0000: 2360.196: Total time for which application threads were stopped: 0.0004403 seconds, Stopping threads took: 0.0001286 seconds
2020-01-10T13:48:50.367+0000: 2361.197: Total time for which application threads were stopped: 0.0003581 seconds, Stopping threads took: 0.0001011 seconds
2020-01-10T13:49:48.373+0000: 2419.202: Total time for which application threads were stopped: 0.0003634 seconds, Stopping threads took: 0.0001028 seconds
2020-01-10T13:49:50.373+0000: 2421.203: Total time for which application threads were stopped: 0.0003955 seconds, Stopping threads took: 0.0001463 seconds
2020-01-10T13:50:10.376+0000: 2441.205: Total time for which application threads were stopped: 0.0004273 seconds, Stopping threads took: 0.0001259 seconds
2020-01-10T13:50:11.376+0000: 2442.206: Total time for which application threads were stopped: 0.0004143 seconds, Stopping threads took: 0.0001323 seconds
2020-01-10T13:50:15.377+0000: 2446.207: Total time for which application threads were stopped: 0.0004121 seconds, Stopping threads took: 0.0001224 seconds
2020-01-10T13:50:19.378+0000: 2450.207: Total time for which application threads were stopped: 0.0004053 seconds, Stopping threads took: 0.0001160 seconds
2020-01-10T13:50:39.380+0000: 2470.209: Total time for which application threads were stopped: 0.0003706 seconds, Stopping threads took: 0.0001121 seconds
2020-01-10T13:50:40.380+0000: 2471.210: Total time for which application threads were stopped: 0.0003743 seconds, Stopping threads took: 0.0001037 seconds
2020-01-10T13:50:44.381+0000: 2475.211: Total time for which application threads were stopped: 0.0004114 seconds, Stopping threads took: 0.0001407 seconds
2020-01-10T13:50:54.382+0000: 2485.212: Total time for which application threads were stopped: 0.0004484 seconds, Stopping threads took: 0.0001234 seconds
2020-01-10T13:51:10.384+0000: 2501.214: Total time for which application threads were stopped: 0.0003583 seconds, Stopping threads took: 0.0001222 seconds
2020-01-10T13:52:04.389+0000: 2555.219: Total time for which application threads were stopped: 0.0004296 seconds, Stopping threads took: 0.0001347 seconds
2020-01-10T13:52:09.390+0000: 2560.219: Total time for which application threads were stopped: 0.0003947 seconds, Stopping threads took: 0.0001164 seconds
2020-01-10T13:52:10.390+0000: 2561.220: Total time for which application threads were stopped: 0.0003958 seconds, Stopping threads took: 0.0001039 seconds
2020-01-10T13:52:27.392+0000: 2578.222: Total time for which application threads were stopped: 0.0004597 seconds, Stopping threads took: 0.0001445 seconds
2020-01-10T13:52:33.402+0000: 2584.231: Total time for which application threads were stopped: 0.0004689 seconds, Stopping threads took: 0.0001227 seconds
2020-01-10T13:52:33.403+0000: 2584.232: Total time for which application threads were stopped: 0.0009286 seconds, Stopping threads took: 0.0001784 seconds
2020-01-10T13:52:35.403+0000: 2586.233: Total time for which application threads were stopped: 0.0003723 seconds, Stopping threads took: 0.0001023 seconds
2020-01-10T13:52:40.404+0000: 2591.234: Total time for which application threads were stopped: 0.0004031 seconds, Stopping threads took: 0.0001071 seconds
2020-01-10T13:53:04.407+0000: 2615.236: Total time for which application threads were stopped: 0.0003984 seconds, Stopping threads took: 0.0001373 seconds
2020-01-10T13:53:10.408+0000: 2621.237: Total time for which application threads were stopped: 0.0003975 seconds, Stopping threads took: 0.0001174 seconds
2020-01-10T13:53:22.409+0000: 2633.239: Total time for which application threads were stopped: 0.0004477 seconds, Stopping threads took: 0.0001244 seconds
2020-01-10T13:53:40.411+0000: 2651.241: Total time for which application threads were stopped: 0.0004261 seconds, Stopping threads took: 0.0001420 seconds
2020-01-10T13:54:15.415+0000: 2686.244: Total time for which application threads were stopped: 0.0003947 seconds, Stopping threads took: 0.0001427 seconds
2020-01-10T13:54:23.416+0000: 2694.245: Total time for which application threads were stopped: 0.0003592 seconds, Stopping threads took: 0.0001029 seconds
2020-01-10T13:54:24.915+0000: 2695.744: [GC pause (G1 Evacuation Pause) (young)
Desired survivor size 40370176 bytes, new threshold 15 (max 15)
- age   1:     622168 bytes,     622168 total
- age   2:       7424 bytes,     629592 total
- age   3:       5352 bytes,     634944 total
- age   4:       6472 bytes,     641416 total
- age   5:       4408 bytes,     645824 total
- age   6:       5312 bytes,     651136 total
- age   7:       4304 bytes,     655440 total
- age   8:       7920 bytes,     663360 total
- age   9:      23008 bytes,     686368 total
- age  10:       5232 bytes,     691600 total
- age  11:       4408 bytes,     696008 total
- age  12:       4360 bytes,     700368 total
- age  13:       6528 bytes,     706896 total
- age  14:       4504 bytes,     711400 total
- age  15:       4496 bytes,     715896 total
, 0.0965305 secs]
   [Parallel Time: 11.4 ms, GC Workers: 4]
      [GC Worker Start (ms): Min: 2695744.6, Avg: 2695744.7, Max: 2695744.7, Diff: 0.1]
      [Ext Root Scanning (ms): Min: 2.6, Avg: 2.9, Max: 3.3, Diff: 0.6, Sum: 11.6]
      [Update RS (ms): Min: 3.2, Avg: 3.3, Max: 3.6, Diff: 0.4, Sum: 13.2]
         [Processed Buffers: Min: 29, Avg: 39.8, Max: 49, Diff: 20, Sum: 159]
      [Scan RS (ms): Min: 0.0, Avg: 0.1, Max: 0.2, Diff: 0.2, Sum: 0.5]
      [Code Root Scanning (ms): Min: 0.0, Avg: 0.4, Max: 0.7, Diff: 0.7, Sum: 1.4]
      [Object Copy (ms): Min: 4.3, Avg: 4.5, Max: 4.7, Diff: 0.3, Sum: 18.0]
      [Termination (ms): Min: 0.0, Avg: 0.0, Max: 0.0, Diff: 0.0, Sum: 0.0]
         [Termination Attempts: Min: 1, Avg: 28.0, Max: 44, Diff: 43, Sum: 112]
      [GC Worker Other (ms): Min: 0.0, Avg: 0.0, Max: 0.1, Diff: 0.1, Sum: 0.2]
      [GC Worker Total (ms): Min: 11.2, Avg: 11.2, Max: 11.3, Diff: 0.1, Sum: 45.0]
      [GC Worker End (ms): Min: 2695755.9, Avg: 2695755.9, Max: 2695755.9, Diff: 0.0]
   [Code Root Fixup: 0.0 ms]
   [Code Root Purge: 0.0 ms]
   [Clear CT: 0.3 ms]
   [Other: 84.7 ms]
      [Choose CSet: 0.0 ms]
      [Ref Proc: 83.2 ms]
      [Ref Enq: 0.3 ms]
      [Redirty Cards: 0.2 ms]
      [Humongous Register: 0.1 ms]
      [Humongous Reclaim: 0.1 ms]
      [Free CSet: 0.6 ms]
   [Eden: 604.0M(604.0M)->0.0B(586.0M) Survivors: 10240.0K->28672.0K Heap: 735.9M(1024.0M)->141.0M(1024.0M)]
 [Times: user=0.13 sys=0.00, real=0.10 secs] 
2020-01-10T13:54:25.012+0000: 2695.841: Total time for which application threads were stopped: 0.0972419 seconds, Stopping threads took: 0.0001311 seconds
2020-01-10T13:54:25.022+0000: 2695.851: Total time for which application threads were stopped: 0.0003928 seconds, Stopping threads took: 0.0000700 seconds
2020-01-10T13:54:25.022+0000: 2695.852: Total time for which application threads were stopped: 0.0002432 seconds, Stopping threads took: 0.0000922 seconds
2020-01-10T13:54:40.024+0000: 2710.853: Total time for which application threads were stopped: 0.0003748 seconds, Stopping threads took: 0.0001131 seconds
2020-01-10T13:54:57.026+0000: 2727.855: Total time for which application threads were stopped: 0.0003647 seconds, Stopping threads took: 0.0001144 seconds
2020-01-10T13:55:09.512+0000: 2740.342: Total time for which application threads were stopped: 0.0005633 seconds, Stopping threads took: 0.0002477 seconds
2020-01-10T13:55:10.513+0000: 2741.342: Total time for which application threads were stopped: 0.0003661 seconds, Stopping threads took: 0.0001093 seconds
2020-01-10T13:55:36.516+0000: 2767.345: Total time for which application threads were stopped: 0.0003799 seconds, Stopping threads took: 0.0001347 seconds
2020-01-10T13:56:50.522+0000: 2841.352: Total time for which application threads were stopped: 0.0004192 seconds, Stopping threads took: 0.0001270 seconds
2020-01-10T13:57:27.526+0000: 2878.356: Total time for which application threads were stopped: 0.0003835 seconds, Stopping threads took: 0.0001245 seconds
2020-01-10T13:57:34.527+0000: 2885.357: Total time for which application threads were stopped: 0.0004021 seconds, Stopping threads took: 0.0001203 seconds
2020-01-10T13:57:35.528+0000: 2886.357: Total time for which application threads were stopped: 0.0003325 seconds, Stopping threads took: 0.0000919 seconds
2020-01-10T13:57:50.529+0000: 2901.359: Total time for which application threads were stopped: 0.0004363 seconds, Stopping threads took: 0.0001222 seconds
2020-01-10T13:58:10.531+0000: 2921.361: Total time for which application threads were stopped: 0.0003547 seconds, Stopping threads took: 0.0001074 seconds
2020-01-10T13:58:25.533+0000: 2936.363: Total time for which application threads were stopped: 0.0004594 seconds, Stopping threads took: 0.0001527 seconds
2020-01-10T13:58:27.534+0000: 2938.363: Total time for which application threads were stopped: 0.0003652 seconds, Stopping threads took: 0.0001120 seconds
2020-01-10T13:58:34.535+0000: 2945.364: Total time for which application threads were stopped: 0.0003726 seconds, Stopping threads took: 0.0001153 seconds
2020-01-10T13:58:55.537+0000: 2966.367: Total time for which application threads were stopped: 0.0004775 seconds, Stopping threads took: 0.0001683 seconds
2020-01-10T13:58:57.538+0000: 2968.368: Total time for which application threads were stopped: 0.0003738 seconds, Stopping threads took: 0.0001144 seconds
2020-01-10T13:59:03.539+0000: 2974.369: Total time for which application threads were stopped: 0.0003566 seconds, Stopping threads took: 0.0000961 seconds
2020-01-10T13:59:09.540+0000: 2980.370: Total time for which application threads were stopped: 0.0004226 seconds, Stopping threads took: 0.0001890 seconds
2020-01-10T13:59:13.541+0000: 2984.370: Total time for which application threads were stopped: 0.0003254 seconds, Stopping threads took: 0.0001072 seconds
2020-01-10T13:59:33.401+0000: 3004.231: Total time for which application threads were stopped: 0.0004117 seconds, Stopping threads took: 0.0001351 seconds
2020-01-10T13:59:33.402+0000: 3004.232: Total time for which application threads were stopped: 0.0001595 seconds, Stopping threads took: 0.0000431 seconds
2020-01-10T13:59:33.402+0000: 3004.232: Total time for which application threads were stopped: 0.0001647 seconds, Stopping threads took: 0.0000520 seconds
2020-01-10T13:59:33.403+0000: 3004.233: Total time for which application threads were stopped: 0.0001619 seconds, Stopping threads took: 0.0000511 seconds
2020-01-10T13:59:33.405+0000: 3004.235: Total time for which application threads were stopped: 0.0001494 seconds, Stopping threads took: 0.0000398 seconds
2020-01-10T13:59:33.406+0000: 3004.236: Total time for which application threads were stopped: 0.0001839 seconds, Stopping threads took: 0.0000609 seconds
2020-01-10T13:59:36.407+0000: 3007.237: Total time for which application threads were stopped: 0.0003961 seconds, Stopping threads took: 0.0001225 seconds
2020-01-10T14:00:10.411+0000: 3041.240: Total time for which application threads were stopped: 0.0003442 seconds, Stopping threads took: 0.0001378 seconds
2020-01-10T14:00:27.412+0000: 3058.242: Total time for which application threads were stopped: 0.0003503 seconds, Stopping threads took: 0.0001354 seconds
2020-01-10T14:00:40.414+0000: 3071.243: Total time for which application threads were stopped: 0.0003288 seconds, Stopping threads took: 0.0001110 seconds
2020-01-10T14:00:57.416+0000: 3088.245: Total time for which application threads were stopped: 0.0003396 seconds, Stopping threads took: 0.0001246 seconds
2020-01-10T14:01:10.417+0000: 3101.247: Total time for which application threads were stopped: 0.0003994 seconds, Stopping threads took: 0.0001128 seconds
2020-01-10T14:01:35.421+0000: 3126.251: Total time for which application threads were stopped: 0.0004648 seconds, Stopping threads took: 0.0001614 seconds
2020-01-10T14:01:39.422+0000: 3130.252: Total time for which application threads were stopped: 0.0003918 seconds, Stopping threads took: 0.0001283 seconds
2020-01-10T14:01:50.424+0000: 3141.254: Total time for which application threads were stopped: 0.0003764 seconds, Stopping threads took: 0.0001026 seconds
2020-01-10T14:02:10.427+0000: 3161.257: Total time for which application threads were stopped: 0.0004226 seconds, Stopping threads took: 0.0001427 seconds
2020-01-10T14:03:10.436+0000: 3221.265: Total time for which application threads were stopped: 0.0003287 seconds, Stopping threads took: 0.0001092 seconds
2020-01-10T14:03:15.437+0000: 3226.266: Total time for which application threads were stopped: 0.0003563 seconds, Stopping threads took: 0.0001396 seconds
2020-01-10T14:03:26.118+0000: 3236.947: Total time for which application threads were stopped: 0.0003814 seconds, Stopping threads took: 0.0001186 seconds
2020-01-10T14:03:26.118+0000: 3236.948: Total time for which application threads were stopped: 0.0002146 seconds, Stopping threads took: 0.0000401 seconds
2020-01-10T14:03:26.119+0000: 3236.949: Total time for which application threads were stopped: 0.0002641 seconds, Stopping threads took: 0.0001141 seconds
2020-01-10T14:03:26.183+0000: 3237.013: Total time for which application threads were stopped: 0.0002948 seconds, Stopping threads took: 0.0001490 seconds
2020-01-10T14:03:26.185+0000: 3237.015: Total time for which application threads were stopped: 0.0002144 seconds, Stopping threads took: 0.0000778 seconds
2020-01-10T14:03:26.185+0000: 3237.015: Total time for which application threads were stopped: 0.0001893 seconds, Stopping threads took: 0.0000674 seconds
2020-01-10T14:03:27.186+0000: 3238.015: Total time for which application threads were stopped: 0.0003829 seconds, Stopping threads took: 0.0001073 seconds
2020-01-10T14:03:28.401+0000: 3239.231: Total time for which application threads were stopped: 0.0003740 seconds, Stopping threads took: 0.0000883 seconds
2020-01-10T14:03:28.771+0000: 3239.600: Total time for which application threads were stopped: 0.0003285 seconds, Stopping threads took: 0.0000943 seconds
2020-01-10T14:03:28.771+0000: 3239.601: Total time for which application threads were stopped: 0.0002997 seconds, Stopping threads took: 0.0001387 seconds
2020-01-10T14:03:29.204+0000: 3240.034: Total time for which application threads were stopped: 0.0004824 seconds, Stopping threads took: 0.0001722 seconds
2020-01-10T14:03:29.767+0000: 3240.597: Total time for which application threads were stopped: 0.0004851 seconds, Stopping threads took: 0.0001588 seconds
2020-01-10T14:03:30.088+0000: 3240.917: Total time for which application threads were stopped: 0.0007447 seconds, Stopping threads took: 0.0001161 seconds
2020-01-10T14:03:31.088+0000: 3241.918: Total time for which application threads were stopped: 0.0004563 seconds, Stopping threads took: 0.0001658 seconds
2020-01-10T14:03:34.089+0000: 3244.919: Total time for which application threads were stopped: 0.0003653 seconds, Stopping threads took: 0.0001223 seconds
2020-01-10T14:03:40.090+0000: 3250.920: Total time for which application threads were stopped: 0.0003645 seconds, Stopping threads took: 0.0001122 seconds
2020-01-10T14:03:42.866+0000: 3253.696: Total time for which application threads were stopped: 0.0004203 seconds, Stopping threads took: 0.0001701 seconds
2020-01-10T14:03:43.099+0000: 3253.928: Total time for which application threads were stopped: 0.0007311 seconds, Stopping threads took: 0.0000910 seconds
2020-01-10T14:03:43.264+0000: 3254.093: Total time for which application threads were stopped: 0.0003479 seconds, Stopping threads took: 0.0001712 seconds
2020-01-10T14:03:44.264+0000: 3255.094: Total time for which application threads were stopped: 0.0005832 seconds, Stopping threads took: 0.0001812 seconds
2020-01-10T14:03:50.265+0000: 3261.095: Total time for which application threads were stopped: 0.0003434 seconds, Stopping threads took: 0.0001044 seconds
2020-01-10T14:04:17.269+0000: 3288.098: Total time for which application threads were stopped: 0.0003396 seconds, Stopping threads took: 0.0001189 seconds
2020-01-10T14:04:27.270+0000: 3298.099: Total time for which application threads were stopped: 0.0003310 seconds, Stopping threads took: 0.0001039 seconds
2020-01-10T14:04:40.272+0000: 3311.101: Total time for which application threads were stopped: 0.0003990 seconds, Stopping threads took: 0.0001191 seconds
2020-01-10T14:04:53.622+0000: 3324.451: [GC pause (G1 Evacuation Pause) (young)
Desired survivor size 40370176 bytes, new threshold 15 (max 15)
- age   1:    2318760 bytes,    2318760 total
- age   2:      90024 bytes,    2408784 total
- age   3:       7424 bytes,    2416208 total
- age   4:       5232 bytes,    2421440 total
- age   5:       6296 bytes,    2427736 total
- age   6:       4408 bytes,    2432144 total
- age   7:       5240 bytes,    2437384 total
- age   8:       4272 bytes,    2441656 total
- age   9:       6936 bytes,    2448592 total
- age  10:       7072 bytes,    2455664 total
- age  11:       4592 bytes,    2460256 total
- age  12:       4320 bytes,    2464576 total
- age  13:       4360 bytes,    2468936 total
- age  14:       6384 bytes,    2475320 total
- age  15:       4504 bytes,    2479824 total
, 0.0964823 secs]
   [Parallel Time: 15.4 ms, GC Workers: 4]
      [GC Worker Start (ms): Min: 3324451.4, Avg: 3324451.5, Max: 3324451.5, Diff: 0.1]
      [Ext Root Scanning (ms): Min: 2.5, Avg: 2.8, Max: 3.0, Diff: 0.5, Sum: 11.2]
      [Update RS (ms): Min: 7.6, Avg: 7.6, Max: 7.6, Diff: 0.1, Sum: 30.4]
         [Processed Buffers: Min: 41, Avg: 57.2, Max: 66, Diff: 25, Sum: 229]
      [Scan RS (ms): Min: 0.1, Avg: 0.2, Max: 0.3, Diff: 0.1, Sum: 0.8]
      [Code Root Scanning (ms): Min: 0.0, Avg: 0.4, Max: 0.9, Diff: 0.9, Sum: 1.5]
      [Object Copy (ms): Min: 3.8, Avg: 4.2, Max: 4.7, Diff: 0.9, Sum: 16.7]
      [Termination (ms): Min: 0.0, Avg: 0.0, Max: 0.0, Diff: 0.0, Sum: 0.0]
         [Termination Attempts: Min: 1, Avg: 1.8, Max: 3, Diff: 2, Sum: 7]
      [GC Worker Other (ms): Min: 0.0, Avg: 0.0, Max: 0.1, Diff: 0.0, Sum: 0.2]
      [GC Worker Total (ms): Min: 15.1, Avg: 15.2, Max: 15.2, Diff: 0.1, Sum: 60.7]
      [GC Worker End (ms): Min: 3324466.6, Avg: 3324466.6, Max: 3324466.7, Diff: 0.0]
   [Code Root Fixup: 0.0 ms]
   [Code Root Purge: 0.0 ms]
   [Clear CT: 0.3 ms]
   [Other: 80.7 ms]
      [Choose CSet: 0.0 ms]
      [Ref Proc: 79.0 ms]
      [Ref Enq: 0.2 ms]
      [Redirty Cards: 0.2 ms]
      [Humongous Register: 0.1 ms]
      [Humongous Reclaim: 0.1 ms]
      [Free CSet: 0.9 ms]
   [Eden: 586.0M(586.0M)->0.0B(582.0M) Survivors: 28672.0K->32768.0K Heap: 745.0M(1024.0M)->145.0M(1024.0M)]
 [Times: user=0.13 sys=0.01, real=0.09 secs] 
2020-01-10T14:04:53.718+0000: 3324.548: Total time for which application threads were stopped: 0.0970509 seconds, Stopping threads took: 0.0001096 seconds
2020-01-10T14:04:53.726+0000: 3324.556: Total time for which application threads were stopped: 0.0003414 seconds, Stopping threads took: 0.0000790 seconds
2020-01-10T14:04:53.727+0000: 3324.556: Total time for which application threads were stopped: 0.0001902 seconds, Stopping threads took: 0.0000426 seconds
2020-01-10T14:04:53.731+0000: 3324.561: Total time for which application threads were stopped: 0.0006809 seconds, Stopping threads took: 0.0000366 seconds
2020-01-10T14:04:54.732+0000: 3325.561: Total time for which application threads were stopped: 0.0003340 seconds, Stopping threads took: 0.0001157 seconds
2020-01-10T14:05:09.514+0000: 3340.343: Total time for which application threads were stopped: 0.0004937 seconds, Stopping threads took: 0.0001821 seconds
2020-01-10T14:05:13.515+0000: 3344.344: Total time for which application threads were stopped: 0.0003321 seconds, Stopping threads took: 0.0001060 seconds
2020-01-10T14:05:14.515+0000: 3345.345: Total time for which application threads were stopped: 0.0003778 seconds, Stopping threads took: 0.0001176 seconds
2020-01-10T14:05:14.607+0000: 3345.437: Total time for which application threads were stopped: 0.0004371 seconds, Stopping threads took: 0.0001442 seconds
2020-01-10T14:05:14.674+0000: 3345.504: Total time for which application threads were stopped: 0.0049883 seconds, Stopping threads took: 0.0046778 seconds
2020-01-10T14:05:14.763+0000: 3345.592: Total time for which application threads were stopped: 0.0012135 seconds, Stopping threads took: 0.0009555 seconds
2020-01-10T14:05:14.835+0000: 3345.665: Total time for which application threads were stopped: 0.0004480 seconds, Stopping threads took: 0.0001580 seconds
2020-01-10T14:05:14.843+0000: 3345.672: Total time for which application threads were stopped: 0.0002591 seconds, Stopping threads took: 0.0001111 seconds
2020-01-10T14:05:14.851+0000: 3345.680: Total time for which application threads were stopped: 0.0002604 seconds, Stopping threads took: 0.0001112 seconds
2020-01-10T14:05:15.851+0000: 3346.681: Total time for which application threads were stopped: 0.0003689 seconds, Stopping threads took: 0.0001379 seconds
2020-01-10T14:05:18.852+0000: 3349.681: Total time for which application threads were stopped: 0.0003190 seconds, Stopping threads took: 0.0000961 seconds
2020-01-10T14:05:20.852+0000: 3351.682: Total time for which application threads were stopped: 0.0003227 seconds, Stopping threads took: 0.0000932 seconds
2020-01-10T14:05:21.617+0000: 3352.446: Total time for which application threads were stopped: 0.0003917 seconds, Stopping threads took: 0.0001299 seconds
2020-01-10T14:05:21.826+0000: 3352.655: Total time for which application threads were stopped: 0.0009480 seconds, Stopping threads took: 0.0001968 seconds
2020-01-10T14:05:22.061+0000: 3352.890: Total time for which application threads were stopped: 0.0005554 seconds, Stopping threads took: 0.0002543 seconds
2020-01-10T14:05:23.061+0000: 3353.891: Total time for which application threads were stopped: 0.0003756 seconds, Stopping threads took: 0.0001390 seconds
2020-01-10T14:05:24.062+0000: 3354.891: Total time for which application threads were stopped: 0.0003566 seconds, Stopping threads took: 0.0001285 seconds
2020-01-10T14:05:31.063+0000: 3361.893: Total time for which application threads were stopped: 0.0003710 seconds, Stopping threads took: 0.0001283 seconds
2020-01-10T14:05:50.065+0000: 3380.895: Total time for which application threads were stopped: 0.0004950 seconds, Stopping threads took: 0.0001306 seconds
2020-01-10T14:05:51.066+0000: 3381.895: Total time for which application threads were stopped: 0.0004164 seconds, Stopping threads took: 0.0001239 seconds
2020-01-10T14:05:53.066+0000: 3383.896: Total time for which application threads were stopped: 0.0003941 seconds, Stopping threads took: 0.0001179 seconds
2020-01-10T14:06:04.068+0000: 3394.897: Total time for which application threads were stopped: 0.0004250 seconds, Stopping threads took: 0.0001243 seconds
2020-01-10T14:06:10.069+0000: 3400.898: Total time for which application threads were stopped: 0.0003850 seconds, Stopping threads took: 0.0001151 seconds
2020-01-10T14:06:15.070+0000: 3405.899: Total time for which application threads were stopped: 0.0003813 seconds, Stopping threads took: 0.0001089 seconds
2020-01-10T14:06:15.158+0000: 3405.988: Total time for which application threads were stopped: 0.0009331 seconds, Stopping threads took: 0.0001774 seconds
2020-01-10T14:06:24.159+0000: 3414.989: Total time for which application threads were stopped: 0.0004514 seconds, Stopping threads took: 0.0001565 seconds
2020-01-10T14:06:30.160+0000: 3420.990: Total time for which application threads were stopped: 0.0003971 seconds, Stopping threads took: 0.0001140 seconds
2020-01-10T14:06:33.401+0000: 3424.231: Total time for which application threads were stopped: 0.0003875 seconds, Stopping threads took: 0.0001160 seconds
2020-01-10T14:06:33.402+0000: 3424.231: Total time for which application threads were stopped: 0.0001968 seconds, Stopping threads took: 0.0000679 seconds
2020-01-10T14:06:33.402+0000: 3424.232: Total time for which application threads were stopped: 0.0001621 seconds, Stopping threads took: 0.0000385 seconds
2020-01-10T14:06:33.403+0000: 3424.232: Total time for which application threads were stopped: 0.0001626 seconds, Stopping threads took: 0.0000442 seconds
2020-01-10T14:06:33.406+0000: 3424.236: Total time for which application threads were stopped: 0.0001609 seconds, Stopping threads took: 0.0000431 seconds
2020-01-10T14:06:40.407+0000: 3431.237: Total time for which application threads were stopped: 0.0003978 seconds, Stopping threads took: 0.0001287 seconds
2020-01-10T14:07:29.935+0000: 3480.765: Total time for which application threads were stopped: 0.0005502 seconds, Stopping threads took: 0.0001715 seconds
2020-01-10T14:07:30.936+0000: 3481.765: Total time for which application threads were stopped: 0.0003358 seconds, Stopping threads took: 0.0001140 seconds
2020-01-10T14:07:50.938+0000: 3501.768: Total time for which application threads were stopped: 0.0003895 seconds, Stopping threads took: 0.0001179 seconds
2020-01-10T14:08:01.939+0000: 3512.769: Total time for which application threads were stopped: 0.0003686 seconds, Stopping threads took: 0.0001189 seconds
2020-01-10T14:08:02.230+0000: 3513.059: Total time for which application threads were stopped: 0.0009971 seconds, Stopping threads took: 0.0001044 seconds
2020-01-10T14:08:03.230+0000: 3514.060: Total time for which application threads were stopped: 0.0003203 seconds, Stopping threads took: 0.0000780 seconds
2020-01-10T14:08:04.231+0000: 3515.060: Total time for which application threads were stopped: 0.0003316 seconds, Stopping threads took: 0.0001057 seconds
2020-01-10T14:08:05.231+0000: 3516.061: Total time for which application threads were stopped: 0.0003289 seconds, Stopping threads took: 0.0000906 seconds
2020-01-10T14:08:05.403+0000: 3516.232: Total time for which application threads were stopped: 0.0004614 seconds, Stopping threads took: 0.0002122 seconds
2020-01-10T14:08:05.407+0000: 3516.236: Total time for which application threads were stopped: 0.0002714 seconds, Stopping threads took: 0.0001164 seconds
2020-01-10T14:08:06.407+0000: 3517.237: Total time for which application threads were stopped: 0.0003930 seconds, Stopping threads took: 0.0001614 seconds
2020-01-10T14:08:06.587+0000: 3517.417: [GC pause (G1 Evacuation Pause) (young)
Desired survivor size 40370176 bytes, new threshold 15 (max 15)
- age   1:    2124416 bytes,    2124416 total
- age   2:    1233128 bytes,    3357544 total
- age   3:      87016 bytes,    3444560 total
- age   4:       7424 bytes,    3451984 total
- age   5:       5232 bytes,    3457216 total
- age   6:       6224 bytes,    3463440 total
- age   7:       4408 bytes,    3467848 total
- age   8:       5240 bytes,    3473088 total
- age   9:       4272 bytes,    3477360 total
- age  10:       6936 bytes,    3484296 total
- age  11:       6912 bytes,    3491208 total
- age  12:       4592 bytes,    3495800 total
- age  13:       4320 bytes,    3500120 total
- age  14:       4360 bytes,    3504480 total
- age  15:       6384 bytes,    3510864 total
, 0.0861758 secs]
   [Parallel Time: 14.8 ms, GC Workers: 4]
      [GC Worker Start (ms): Min: 3517417.2, Avg: 3517417.2, Max: 3517417.3, Diff: 0.1]
      [Ext Root Scanning (ms): Min: 2.7, Avg: 3.0, Max: 3.3, Diff: 0.6, Sum: 12.1]
      [Update RS (ms): Min: 6.6, Avg: 6.6, Max: 6.7, Diff: 0.0, Sum: 26.5]
         [Processed Buffers: Min: 51, Avg: 56.8, Max: 62, Diff: 11, Sum: 227]
      [Scan RS (ms): Min: 0.2, Avg: 0.2, Max: 0.3, Diff: 0.1, Sum: 0.9]
      [Code Root Scanning (ms): Min: 0.1, Avg: 0.4, Max: 0.8, Diff: 0.7, Sum: 1.8]
      [Object Copy (ms): Min: 3.5, Avg: 4.2, Max: 4.5, Diff: 1.0, Sum: 16.6]
      [Termination (ms): Min: 0.0, Avg: 0.1, Max: 0.2, Diff: 0.1, Sum: 0.3]
         [Termination Attempts: Min: 24, Avg: 59.2, Max: 77, Diff: 53, Sum: 237]
      [GC Worker Other (ms): Min: 0.0, Avg: 0.1, Max: 0.1, Diff: 0.1, Sum: 0.2]
      [GC Worker Total (ms): Min: 14.5, Avg: 14.6, Max: 14.7, Diff: 0.1, Sum: 58.4]
      [GC Worker End (ms): Min: 3517431.8, Avg: 3517431.8, Max: 3517431.9, Diff: 0.1]
   [Code Root Fixup: 0.0 ms]
   [Code Root Purge: 0.0 ms]
   [Clear CT: 0.4 ms]
   [Other: 70.9 ms]
      [Choose CSet: 0.0 ms]
      [Ref Proc: 69.2 ms]
      [Ref Enq: 0.2 ms]
      [Redirty Cards: 0.2 ms]
      [Humongous Register: 0.1 ms]
      [Humongous Reclaim: 0.1 ms]
      [Free CSet: 0.9 ms]
   [Eden: 582.0M(582.0M)->0.0B(583.0M) Survivors: 32768.0K->31744.0K Heap: 745.0M(1024.0M)->144.5M(1024.0M)]
 [Times: user=0.13 sys=0.00, real=0.09 secs] 
2020-01-10T14:08:06.674+0000: 3517.503: Total time for which application threads were stopped: 0.0867214 seconds, Stopping threads took: 0.0000813 seconds
2020-01-10T14:08:06.675+0000: 3517.505: Total time for which application threads were stopped: 0.0003214 seconds, Stopping threads took: 0.0000556 seconds
2020-01-10T14:08:06.675+0000: 3517.505: Total time for which application threads were stopped: 0.0001811 seconds, Stopping threads took: 0.0000446 seconds
2020-01-10T14:08:06.682+0000: 3517.512: Total time for which application threads were stopped: 0.0005550 seconds, Stopping threads took: 0.0001924 seconds
2020-01-10T14:08:06.683+0000: 3517.513: Total time for which application threads were stopped: 0.0003392 seconds, Stopping threads took: 0.0001311 seconds
2020-01-10T14:08:06.686+0000: 3517.516: Total time for which application threads were stopped: 0.0003611 seconds, Stopping threads took: 0.0000860 seconds
2020-01-10T14:08:06.687+0000: 3517.516: Total time for which application threads were stopped: 0.0004286 seconds, Stopping threads took: 0.0001334 seconds
2020-01-10T14:08:09.511+0000: 3520.340: Total time for which application threads were stopped: 0.0004874 seconds, Stopping threads took: 0.0001933 seconds
2020-01-10T14:08:10.512+0000: 3521.341: Total time for which application threads were stopped: 0.0005258 seconds, Stopping threads took: 0.0001847 seconds
2020-01-10T14:08:43.515+0000: 3554.345: Total time for which application threads were stopped: 0.0004054 seconds, Stopping threads took: 0.0001671 seconds
2020-01-10T14:08:57.517+0000: 3568.347: Total time for which application threads were stopped: 0.0004357 seconds, Stopping threads took: 0.0001155 seconds
2020-01-10T14:08:58.518+0000: 3569.347: Total time for which application threads were stopped: 0.0004215 seconds, Stopping threads took: 0.0001391 seconds
2020-01-10T14:09:00.518+0000: 3571.348: Total time for which application threads were stopped: 0.0003638 seconds, Stopping threads took: 0.0001151 seconds
2020-01-10T14:09:01.519+0000: 3572.348: Total time for which application threads were stopped: 0.0003533 seconds, Stopping threads took: 0.0001007 seconds
2020-01-10T14:09:02.519+0000: 3573.349: Total time for which application threads were stopped: 0.0003655 seconds, Stopping threads took: 0.0000730 seconds
2020-01-10T14:09:10.520+0000: 3581.350: Total time for which application threads were stopped: 0.0003813 seconds, Stopping threads took: 0.0001277 seconds
2020-01-10T14:10:03.309+0000: 3634.139: Total time for which application threads were stopped: 0.0005488 seconds, Stopping threads took: 0.0001134 seconds
2020-01-10T14:10:04.310+0000: 3635.139: Total time for which application threads were stopped: 0.0004603 seconds, Stopping threads took: 0.0001129 seconds
2020-01-10T14:10:10.311+0000: 3641.140: Total time for which application threads were stopped: 0.0003527 seconds, Stopping threads took: 0.0001170 seconds
2020-01-10T14:10:14.312+0000: 3645.141: Total time for which application threads were stopped: 0.0004644 seconds, Stopping threads took: 0.0001377 seconds
2020-01-10T14:10:15.078+0000: 3645.907: Total time for which application threads were stopped: 0.0003498 seconds, Stopping threads took: 0.0001075 seconds
2020-01-10T14:10:15.079+0000: 3645.908: Total time for which application threads were stopped: 0.0002098 seconds, Stopping threads took: 0.0000449 seconds
2020-01-10T14:10:15.082+0000: 3645.912: Total time for which application threads were stopped: 0.0002450 seconds, Stopping threads took: 0.0000806 seconds
2020-01-10T14:10:15.133+0000: 3645.962: Total time for which application threads were stopped: 0.0004084 seconds, Stopping threads took: 0.0001928 seconds
2020-01-10T14:10:15.463+0000: 3646.292: Total time for which application threads were stopped: 0.0004012 seconds, Stopping threads took: 0.0001285 seconds
2020-01-10T14:10:16.463+0000: 3647.293: Total time for which application threads were stopped: 0.0004063 seconds, Stopping threads took: 0.0001305 seconds
2020-01-10T14:10:17.441+0000: 3648.271: Total time for which application threads were stopped: 0.0004320 seconds, Stopping threads took: 0.0001243 seconds
2020-01-10T14:10:17.514+0000: 3648.343: Total time for which application threads were stopped: 0.0002689 seconds, Stopping threads took: 0.0000692 seconds
2020-01-10T14:10:18.514+0000: 3649.344: Total time for which application threads were stopped: 0.0003716 seconds, Stopping threads took: 0.0001297 seconds
2020-01-10T14:10:40.517+0000: 3671.346: Total time for which application threads were stopped: 0.0004553 seconds, Stopping threads took: 0.0001675 seconds
2020-01-10T14:10:45.181+0000: 3676.011: Total time for which application threads were stopped: 0.0004763 seconds, Stopping threads took: 0.0001336 seconds
2020-01-10T14:10:45.182+0000: 3676.011: Total time for which application threads were stopped: 0.0001781 seconds, Stopping threads took: 0.0000400 seconds
2020-01-10T14:10:45.565+0000: 3676.394: Total time for which application threads were stopped: 0.0002548 seconds, Stopping threads took: 0.0000869 seconds
2020-01-10T14:10:45.565+0000: 3676.395: Total time for which application threads were stopped: 0.0002225 seconds, Stopping threads took: 0.0000381 seconds
2020-01-10T14:10:46.566+0000: 3677.395: Total time for which application threads were stopped: 0.0003883 seconds, Stopping threads took: 0.0001236 seconds
2020-01-10T14:10:47.573+0000: 3678.403: Total time for which application threads were stopped: 0.0004780 seconds, Stopping threads took: 0.0001534 seconds
2020-01-10T14:10:47.573+0000: 3678.403: Total time for which application threads were stopped: 0.0001970 seconds, Stopping threads took: 0.0000582 seconds
2020-01-10T14:10:49.574+0000: 3680.403: Total time for which application threads were stopped: 0.0004163 seconds, Stopping threads took: 0.0001257 seconds
2020-01-10T14:11:12.576+0000: 3703.406: Total time for which application threads were stopped: 0.0004371 seconds, Stopping threads took: 0.0001352 seconds
2020-01-10T14:11:14.577+0000: 3705.407: Total time for which application threads were stopped: 0.0004131 seconds, Stopping threads took: 0.0001135 seconds
2020-01-10T14:11:19.578+0000: 3710.408: Total time for which application threads were stopped: 0.0004942 seconds, Stopping threads took: 0.0001233 seconds
2020-01-10T14:11:20.581+0000: 3711.411: Total time for which application threads were stopped: 0.0003860 seconds, Stopping threads took: 0.0001040 seconds
2020-01-10T14:11:21.628+0000: 3712.458: [GC pause (G1 Evacuation Pause) (young)
Desired survivor size 40370176 bytes, new threshold 15 (max 15)
- age   1:    1880256 bytes,    1880256 total
- age   2:    1120384 bytes,    3000640 total
- age   3:    1229616 bytes,    4230256 total
- age   4:      85848 bytes,    4316104 total
- age   5:       7424 bytes,    4323528 total
- age   6:       5232 bytes,    4328760 total
- age   7:       6224 bytes,    4334984 total
- age   8:       4408 bytes,    4339392 total
- age   9:       5240 bytes,    4344632 total
- age  10:       4272 bytes,    4348904 total
- age  11:       6936 bytes,    4355840 total
- age  12:       6912 bytes,    4362752 total
- age  13:       4592 bytes,    4367344 total
- age  14:       4320 bytes,    4371664 total
- age  15:       4360 bytes,    4376024 total
, 0.0745577 secs]
   [Parallel Time: 12.2 ms, GC Workers: 4]
      [GC Worker Start (ms): Min: 3712457.9, Avg: 3712458.0, Max: 3712458.0, Diff: 0.1]
      [Ext Root Scanning (ms): Min: 2.5, Avg: 2.8, Max: 3.2, Diff: 0.7, Sum: 11.2]
      [Update RS (ms): Min: 3.6, Avg: 3.6, Max: 3.7, Diff: 0.1, Sum: 14.6]
         [Processed Buffers: Min: 43, Avg: 46.8, Max: 52, Diff: 9, Sum: 187]
      [Scan RS (ms): Min: 0.1, Avg: 0.2, Max: 0.2, Diff: 0.1, Sum: 0.7]
      [Code Root Scanning (ms): Min: 0.0, Avg: 0.5, Max: 0.9, Diff: 0.9, Sum: 1.9]
      [Object Copy (ms): Min: 4.6, Avg: 4.8, Max: 5.0, Diff: 0.4, Sum: 19.3]
      [Termination (ms): Min: 0.1, Avg: 0.1, Max: 0.1, Diff: 0.1, Sum: 0.4]
         [Termination Attempts: Min: 74, Avg: 78.8, Max: 83, Diff: 9, Sum: 315]
      [GC Worker Other (ms): Min: 0.0, Avg: 0.1, Max: 0.1, Diff: 0.1, Sum: 0.2]
      [GC Worker Total (ms): Min: 12.0, Avg: 12.1, Max: 12.1, Diff: 0.2, Sum: 48.3]
      [GC Worker End (ms): Min: 3712470.0, Avg: 3712470.0, Max: 3712470.1, Diff: 0.1]
   [Code Root Fixup: 0.0 ms]
   [Code Root Purge: 0.0 ms]
   [Clear CT: 0.3 ms]
   [Other: 62.0 ms]
      [Choose CSet: 0.0 ms]
      [Ref Proc: 60.5 ms]
      [Ref Enq: 0.3 ms]
      [Redirty Cards: 0.1 ms]
      [Humongous Register: 0.1 ms]
      [Humongous Reclaim: 0.1 ms]
      [Free CSet: 0.6 ms]
   [Eden: 583.0M(583.0M)->0.0B(587.0M) Survivors: 31744.0K->27648.0K Heap: 739.5M(1024.0M)->140.0M(1024.0M)]
 [Times: user=0.10 sys=0.00, real=0.08 secs] 
2020-01-10T14:11:21.703+0000: 3712.532: Total time for which application threads were stopped: 0.0752813 seconds, Stopping threads took: 0.0001071 seconds
2020-01-10T14:11:21.707+0000: 3712.536: Total time for which application threads were stopped: 0.0005497 seconds, Stopping threads took: 0.0000959 seconds
2020-01-10T14:11:21.714+0000: 3712.544: Total time for which application threads were stopped: 0.0002575 seconds, Stopping threads took: 0.0000616 seconds
2020-01-10T14:11:21.717+0000: 3712.547: Total time for which application threads were stopped: 0.0002748 seconds, Stopping threads took: 0.0001074 seconds
2020-01-10T14:11:22.718+0000: 3713.547: Total time for which application threads were stopped: 0.0003687 seconds, Stopping threads took: 0.0000936 seconds
2020-01-10T14:11:23.718+0000: 3714.548: Total time for which application threads were stopped: 0.0003849 seconds, Stopping threads took: 0.0001043 seconds
2020-01-10T14:11:23.897+0000: 3714.726: Total time for which application threads were stopped: 0.0011424 seconds, Stopping threads took: 0.0001117 seconds
2020-01-10T14:11:24.676+0000: 3715.506: Total time for which application threads were stopped: 0.0010831 seconds, Stopping threads took: 0.0000989 seconds
2020-01-10T14:11:24.677+0000: 3715.507: Total time for which application threads were stopped: 0.0002228 seconds, Stopping threads took: 0.0000449 seconds
2020-01-10T14:11:25.678+0000: 3716.507: Total time for which application threads were stopped: 0.0004290 seconds, Stopping threads took: 0.0000992 seconds
2020-01-10T14:11:27.916+0000: 3718.746: Total time for which application threads were stopped: 0.0004043 seconds, Stopping threads took: 0.0000966 seconds
2020-01-10T14:11:27.921+0000: 3718.751: Total time for which application threads were stopped: 0.0016219 seconds, Stopping threads took: 0.0014261 seconds
2020-01-10T14:11:28.624+0000: 3719.454: Total time for which application threads were stopped: 0.0005516 seconds, Stopping threads took: 0.0001912 seconds
2020-01-10T14:11:29.625+0000: 3720.454: Total time for which application threads were stopped: 0.0004181 seconds, Stopping threads took: 0.0001273 seconds
2020-01-10T14:11:33.617+0000: 3724.446: Total time for which application threads were stopped: 0.0006124 seconds, Stopping threads took: 0.0002696 seconds
2020-01-10T14:11:34.282+0000: 3725.112: Total time for which application threads were stopped: 0.0005283 seconds, Stopping threads took: 0.0001901 seconds
2020-01-10T14:11:35.283+0000: 3726.112: Total time for which application threads were stopped: 0.0004632 seconds, Stopping threads took: 0.0001480 seconds
2020-01-10T14:11:40.283+0000: 3731.113: Total time for which application threads were stopped: 0.0003978 seconds, Stopping threads took: 0.0001091 seconds
2020-01-10T14:11:41.102+0000: 3731.932: Total time for which application threads were stopped: 0.0005734 seconds, Stopping threads took: 0.0002454 seconds
2020-01-10T14:11:42.103+0000: 3732.932: Total time for which application threads were stopped: 0.0004206 seconds, Stopping threads took: 0.0001142 seconds
2020-01-10T14:11:50.105+0000: 3740.934: Total time for which application threads were stopped: 0.0012626 seconds, Stopping threads took: 0.0008562 seconds
2020-01-10T14:11:50.935+0000: 3741.765: Total time for which application threads were stopped: 0.0004286 seconds, Stopping threads took: 0.0001253 seconds
2020-01-10T14:11:51.936+0000: 3742.765: Total time for which application threads were stopped: 0.0004312 seconds, Stopping threads took: 0.0001292 seconds
2020-01-10T14:11:53.343+0000: 3744.172: Total time for which application threads were stopped: 0.0005260 seconds, Stopping threads took: 0.0001895 seconds
2020-01-10T14:11:53.508+0000: 3744.337: [GC pause (G1 Evacuation Pause) (young)
Desired survivor size 40370176 bytes, new threshold 15 (max 15)
- age   1:    3480000 bytes,    3480000 total
- age   2:     835328 bytes,    4315328 total
- age   3:    1104392 bytes,    5419720 total
- age   4:    1211192 bytes,    6630912 total
- age   5:      83760 bytes,    6714672 total
- age   6:       7424 bytes,    6722096 total
- age   7:       5232 bytes,    6727328 total
- age   8:       5920 bytes,    6733248 total
- age   9:       4408 bytes,    6737656 total
- age  10:       5240 bytes,    6742896 total
- age  11:       4272 bytes,    6747168 total
- age  12:       6936 bytes,    6754104 total
- age  13:       6680 bytes,    6760784 total
- age  14:       4592 bytes,    6765376 total
- age  15:       4320 bytes,    6769696 total
, 0.0929705 secs]
   [Parallel Time: 16.2 ms, GC Workers: 4]
      [GC Worker Start (ms): Min: 3744337.5, Avg: 3744337.6, Max: 3744337.6, Diff: 0.1]
      [Ext Root Scanning (ms): Min: 2.8, Avg: 3.2, Max: 3.5, Diff: 0.7, Sum: 12.7]
      [Update RS (ms): Min: 6.7, Avg: 6.7, Max: 6.7, Diff: 0.0, Sum: 26.7]
         [Processed Buffers: Min: 49, Avg: 58.8, Max: 66, Diff: 17, Sum: 235]
      [Scan RS (ms): Min: 0.2, Avg: 0.2, Max: 0.2, Diff: 0.0, Sum: 0.8]
      [Code Root Scanning (ms): Min: 0.0, Avg: 0.4, Max: 0.9, Diff: 0.9, Sum: 1.8]
      [Object Copy (ms): Min: 4.7, Avg: 5.4, Max: 5.8, Diff: 1.1, Sum: 21.4]
      [Termination (ms): Min: 0.0, Avg: 0.0, Max: 0.0, Diff: 0.0, Sum: 0.0]
         [Termination Attempts: Min: 1, Avg: 3.2, Max: 7, Diff: 6, Sum: 13]
      [GC Worker Other (ms): Min: 0.0, Avg: 0.1, Max: 0.1, Diff: 0.1, Sum: 0.3]
      [GC Worker Total (ms): Min: 15.9, Avg: 15.9, Max: 16.0, Diff: 0.2, Sum: 63.8]
      [GC Worker End (ms): Min: 3744353.5, Avg: 3744353.5, Max: 3744353.5, Diff: 0.1]
   [Code Root Fixup: 0.0 ms]
   [Code Root Purge: 0.0 ms]
   [Clear CT: 0.5 ms]
   [Other: 76.2 ms]
      [Choose CSet: 0.0 ms]
      [Ref Proc: 74.5 ms]
      [Ref Enq: 0.3 ms]
      [Redirty Cards: 0.2 ms]
      [Humongous Register: 0.1 ms]
      [Humongous Reclaim: 0.1 ms]
      [Free CSet: 0.6 ms]
   [Eden: 587.0M(587.0M)->0.0B(580.0M) Survivors: 27648.0K->34816.0K Heap: 746.0M(1024.0M)->147.5M(1024.0M)]
 [Times: user=0.14 sys=0.00, real=0.09 secs] 
2020-01-10T14:11:53.601+0000: 3744.430: Total time for which application threads were stopped: 0.0937557 seconds, Stopping threads took: 0.0001128 seconds
2020-01-10T14:11:53.602+0000: 3744.432: Total time for which application threads were stopped: 0.0007245 seconds, Stopping threads took: 0.0000978 seconds
2020-01-10T14:11:53.608+0000: 3744.438: Total time for which application threads were stopped: 0.0003074 seconds, Stopping threads took: 0.0001008 seconds
2020-01-10T14:11:53.609+0000: 3744.439: Total time for which application threads were stopped: 0.0002957 seconds, Stopping threads took: 0.0000517 seconds
2020-01-10T14:11:53.610+0000: 3744.439: Total time for which application threads were stopped: 0.0002396 seconds, Stopping threads took: 0.0000529 seconds
2020-01-10T14:11:53.610+0000: 3744.440: Total time for which application threads were stopped: 0.0002412 seconds, Stopping threads took: 0.0000523 seconds
2020-01-10T14:11:53.612+0000: 3744.442: Total time for which application threads were stopped: 0.0003251 seconds, Stopping threads took: 0.0001132 seconds
2020-01-10T14:11:53.613+0000: 3744.442: Total time for which application threads were stopped: 0.0004351 seconds, Stopping threads took: 0.0001009 seconds
2020-01-10T14:11:54.613+0000: 3745.443: Total time for which application threads were stopped: 0.0003653 seconds, Stopping threads took: 0.0001125 seconds
2020-01-10T14:11:54.694+0000: 3745.524: Total time for which application threads were stopped: 0.0004237 seconds, Stopping threads took: 0.0001138 seconds
2020-01-10T14:11:55.695+0000: 3746.524: Total time for which application threads were stopped: 0.0005104 seconds, Stopping threads took: 0.0001515 seconds
2020-01-10T14:11:56.118+0000: 3746.947: Total time for which application threads were stopped: 0.0083912 seconds, Stopping threads took: 0.0080459 seconds
2020-01-10T14:11:58.031+0000: 3748.860: Total time for which application threads were stopped: 0.0004308 seconds, Stopping threads took: 0.0001280 seconds
2020-01-10T14:11:58.032+0000: 3748.862: Total time for which application threads were stopped: 0.0007585 seconds, Stopping threads took: 0.0000482 seconds
2020-01-10T14:12:04.033+0000: 3754.863: Total time for which application threads were stopped: 0.0004409 seconds, Stopping threads took: 0.0001401 seconds
2020-01-10T14:12:08.734+0000: 3759.563: Total time for which application threads were stopped: 0.0076527 seconds, Stopping threads took: 0.0073206 seconds
2020-01-10T14:12:13.734+0000: 3764.564: Total time for which application threads were stopped: 0.0004007 seconds, Stopping threads took: 0.0001210 seconds
2020-01-10T14:12:14.735+0000: 3765.564: Total time for which application threads were stopped: 0.0004230 seconds, Stopping threads took: 0.0001378 seconds
2020-01-10T14:12:15.735+0000: 3766.565: Total time for which application threads were stopped: 0.0004289 seconds, Stopping threads took: 0.0001169 seconds
2020-01-10T14:12:16.736+0000: 3767.565: Total time for which application threads were stopped: 0.0003831 seconds, Stopping threads took: 0.0001114 seconds
2020-01-10T14:12:19.757+0000: 3770.586: Total time for which application threads were stopped: 0.0029358 seconds, Stopping threads took: 0.0026389 seconds
2020-01-10T14:12:20.757+0000: 3771.587: Total time for which application threads were stopped: 0.0004176 seconds, Stopping threads took: 0.0001157 seconds
2020-01-10T14:12:24.758+0000: 3775.587: Total time for which application threads were stopped: 0.0004234 seconds, Stopping threads took: 0.0001312 seconds
2020-01-10T14:12:26.134+0000: 3776.964: Total time for which application threads were stopped: 0.0004485 seconds, Stopping threads took: 0.0001275 seconds
2020-01-10T14:12:34.725+0000: 3785.555: Total time for which application threads were stopped: 0.0083942 seconds, Stopping threads took: 0.0080475 seconds
2020-01-10T14:12:39.726+0000: 3790.556: Total time for which application threads were stopped: 0.0004050 seconds, Stopping threads took: 0.0001242 seconds
2020-01-10T14:12:40.727+0000: 3791.556: Total time for which application threads were stopped: 0.0004149 seconds, Stopping threads took: 0.0001279 seconds
2020-01-10T14:13:03.729+0000: 3814.559: Total time for which application threads were stopped: 0.0004661 seconds, Stopping threads took: 0.0001595 seconds
2020-01-10T14:13:04.808+0000: 3815.637: Total time for which application threads were stopped: 0.0004035 seconds, Stopping threads took: 0.0001291 seconds
2020-01-10T14:13:05.808+0000: 3816.638: Total time for which application threads were stopped: 0.0004645 seconds, Stopping threads took: 0.0001480 seconds
2020-01-10T14:13:10.810+0000: 3821.639: Total time for which application threads were stopped: 0.0004982 seconds, Stopping threads took: 0.0001704 seconds
2020-01-10T14:13:15.810+0000: 3826.640: Total time for which application threads were stopped: 0.0005003 seconds, Stopping threads took: 0.0001533 seconds
2020-01-10T14:13:16.811+0000: 3827.641: Total time for which application threads were stopped: 0.0004223 seconds, Stopping threads took: 0.0001189 seconds
2020-01-10T14:13:31.813+0000: 3842.642: Total time for which application threads were stopped: 0.0004007 seconds, Stopping threads took: 0.0001050 seconds
2020-01-10T14:13:33.401+0000: 3844.231: Total time for which application threads were stopped: 0.0004613 seconds, Stopping threads took: 0.0001230 seconds
2020-01-10T14:13:33.402+0000: 3844.231: Total time for which application threads were stopped: 0.0001633 seconds, Stopping threads took: 0.0000354 seconds
2020-01-10T14:13:33.403+0000: 3844.232: Total time for which application threads were stopped: 0.0001706 seconds, Stopping threads took: 0.0000460 seconds
2020-01-10T14:13:33.403+0000: 3844.233: Total time for which application threads were stopped: 0.0001824 seconds, Stopping threads took: 0.0000426 seconds
2020-01-10T14:13:33.404+0000: 3844.234: Total time for which application threads were stopped: 0.0001887 seconds, Stopping threads took: 0.0000527 seconds
2020-01-10T14:13:33.404+0000: 3844.234: Total time for which application threads were stopped: 0.0001916 seconds, Stopping threads took: 0.0000713 seconds
2020-01-10T14:13:34.405+0000: 3845.234: Total time for which application threads were stopped: 0.0004052 seconds, Stopping threads took: 0.0001247 seconds
2020-01-10T14:13:52.407+0000: 3863.236: Total time for which application threads were stopped: 0.0004109 seconds, Stopping threads took: 0.0001362 seconds
2020-01-10T14:13:54.407+0000: 3865.237: Total time for which application threads were stopped: 0.0004512 seconds, Stopping threads took: 0.0001343 seconds
2020-01-10T14:14:30.998+0000: 3901.828: Total time for which application threads were stopped: 0.0084434 seconds, Stopping threads took: 0.0080792 seconds
2020-01-10T14:14:33.620+0000: 3904.449: Total time for which application threads were stopped: 0.0012113 seconds, Stopping threads took: 0.0008503 seconds
2020-01-10T14:15:15.624+0000: 3946.453: Total time for which application threads were stopped: 0.0004145 seconds, Stopping threads took: 0.0001249 seconds
2020-01-10T14:15:31.626+0000: 3962.455: Total time for which application threads were stopped: 0.0004720 seconds, Stopping threads took: 0.0001436 seconds
2020-01-10T14:15:40.627+0000: 3971.457: Total time for which application threads were stopped: 0.0005292 seconds, Stopping threads took: 0.0001604 seconds
2020-01-10T14:15:54.516+0000: 3985.345: Total time for which application threads were stopped: 0.0005863 seconds, Stopping threads took: 0.0001984 seconds
2020-01-10T14:15:59.955+0000: 3990.785: [GC pause (G1 Evacuation Pause) (young)
Desired survivor size 40370176 bytes, new threshold 15 (max 15)
- age   1:    3531624 bytes,    3531624 total
- age   2:    1083104 bytes,    4614728 total
- age   3:     832056 bytes,    5446784 total
- age   4:    1102040 bytes,    6548824 total
- age   5:    1208528 bytes,    7757352 total
- age   6:      83688 bytes,    7841040 total
- age   7:       7424 bytes,    7848464 total
- age   8:       5232 bytes,    7853696 total
- age   9:       5920 bytes,    7859616 total
- age  10:       4408 bytes,    7864024 total
- age  11:       5240 bytes,    7869264 total
- age  12:       4272 bytes,    7873536 total
- age  13:       6936 bytes,    7880472 total
- age  14:       6680 bytes,    7887152 total
- age  15:       4592 bytes,    7891744 total
, 0.0773324 secs]
   [Parallel Time: 10.8 ms, GC Workers: 4]
      [GC Worker Start (ms): Min: 3990785.1, Avg: 3990785.1, Max: 3990785.2, Diff: 0.1]
      [Ext Root Scanning (ms): Min: 2.0, Avg: 2.3, Max: 2.5, Diff: 0.5, Sum: 9.0]
      [Update RS (ms): Min: 2.7, Avg: 2.7, Max: 2.8, Diff: 0.1, Sum: 10.9]
         [Processed Buffers: Min: 34, Avg: 37.2, Max: 42, Diff: 8, Sum: 149]
      [Scan RS (ms): Min: 0.1, Avg: 0.2, Max: 0.2, Diff: 0.1, Sum: 0.6]
      [Code Root Scanning (ms): Min: 0.0, Avg: 0.6, Max: 1.5, Diff: 1.5, Sum: 2.2]
      [Object Copy (ms): Min: 4.0, Avg: 4.8, Max: 5.5, Diff: 1.5, Sum: 19.1]
      [Termination (ms): Min: 0.0, Avg: 0.0, Max: 0.0, Diff: 0.0, Sum: 0.0]
         [Termination Attempts: Min: 1, Avg: 2.0, Max: 3, Diff: 2, Sum: 8]
      [GC Worker Other (ms): Min: 0.0, Avg: 0.0, Max: 0.1, Diff: 0.1, Sum: 0.2]
      [GC Worker Total (ms): Min: 10.4, Avg: 10.5, Max: 10.5, Diff: 0.1, Sum: 42.0]
      [GC Worker End (ms): Min: 3990795.6, Avg: 3990795.6, Max: 3990795.7, Diff: 0.1]
   [Code Root Fixup: 0.0 ms]
   [Code Root Purge: 0.0 ms]
   [Clear CT: 0.3 ms]
   [Other: 66.3 ms]
      [Choose CSet: 0.0 ms]
      [Ref Proc: 64.9 ms]
      [Ref Enq: 0.2 ms]
      [Redirty Cards: 0.2 ms]
      [Humongous Register: 0.1 ms]
      [Humongous Reclaim: 0.0 ms]
      [Free CSet: 0.5 ms]
   [Eden: 580.0M(580.0M)->0.0B(586.0M) Survivors: 34816.0K->28672.0K Heap: 734.0M(1024.0M)->141.5M(1024.0M)]
 [Times: user=0.11 sys=0.00, real=0.08 secs] 
2020-01-10T14:16:00.033+0000: 3990.862: Total time for which application threads were stopped: 0.0779809 seconds, Stopping threads took: 0.0001607 seconds
2020-01-10T14:16:00.034+0000: 3990.863: Total time for which application threads were stopped: 0.0004211 seconds, Stopping threads took: 0.0001139 seconds
2020-01-10T14:16:00.041+0000: 3990.871: Total time for which application threads were stopped: 0.0002814 seconds, Stopping threads took: 0.0000660 seconds
2020-01-10T14:16:00.047+0000: 3990.876: Total time for which application threads were stopped: 0.0004303 seconds, Stopping threads took: 0.0001662 seconds
2020-01-10T14:16:05.048+0000: 3995.877: Total time for which application threads were stopped: 0.0003760 seconds, Stopping threads took: 0.0001157 seconds
2020-01-10T14:16:09.510+0000: 4000.340: Total time for which application threads were stopped: 0.0005837 seconds, Stopping threads took: 0.0002041 seconds
2020-01-10T14:16:24.513+0000: 4015.342: Total time for which application threads were stopped: 0.0005779 seconds, Stopping threads took: 0.0001475 seconds
2020-01-10T14:16:24.513+0000: 4015.343: Total time for which application threads were stopped: 0.0003656 seconds, Stopping threads took: 0.0001062 seconds
2020-01-10T14:16:42.516+0000: 4033.345: Total time for which application threads were stopped: 0.0004105 seconds, Stopping threads took: 0.0001549 seconds
2020-01-10T14:17:01.518+0000: 4052.348: Total time for which application threads were stopped: 0.0003739 seconds, Stopping threads took: 0.0001236 seconds
2020-01-10T14:17:40.523+0000: 4091.352: Total time for which application threads were stopped: 0.0004339 seconds, Stopping threads took: 0.0001646 seconds
2020-01-10T14:17:41.795+0000: 4092.625: Total time for which application threads were stopped: 0.0004474 seconds, Stopping threads took: 0.0001441 seconds
2020-01-10T14:17:42.798+0000: 4093.627: Total time for which application threads were stopped: 0.0003905 seconds, Stopping threads took: 0.0001083 seconds
2020-01-10T14:17:45.799+0000: 4096.628: Total time for which application threads were stopped: 0.0003929 seconds, Stopping threads took: 0.0001244 seconds
2020-01-10T14:17:50.800+0000: 4101.629: Total time for which application threads were stopped: 0.0003844 seconds, Stopping threads took: 0.0001243 seconds
2020-01-10T14:17:57.801+0000: 4108.630: Total time for which application threads were stopped: 0.0003842 seconds, Stopping threads took: 0.0001248 seconds
2020-01-10T14:18:00.801+0000: 4111.631: Total time for which application threads were stopped: 0.0004221 seconds, Stopping threads took: 0.0001666 seconds
2020-01-10T14:18:03.802+0000: 4114.632: Total time for which application threads were stopped: 0.0005050 seconds, Stopping threads took: 0.0001747 seconds
2020-01-10T14:18:10.803+0000: 4121.633: Total time for which application threads were stopped: 0.0004337 seconds, Stopping threads took: 0.0001218 seconds
2020-01-10T14:18:11.798+0000: 4122.628: Total time for which application threads were stopped: 0.0004729 seconds, Stopping threads took: 0.0001320 seconds
2020-01-10T14:18:16.799+0000: 4127.629: Total time for which application threads were stopped: 0.0004960 seconds, Stopping threads took: 0.0001536 seconds
2020-01-10T14:18:20.800+0000: 4131.630: Total time for which application threads were stopped: 0.0005010 seconds, Stopping threads took: 0.0001438 seconds
2020-01-10T14:18:25.801+0000: 4136.631: Total time for which application threads were stopped: 0.0005129 seconds, Stopping threads took: 0.0001490 seconds
2020-01-10T14:18:29.802+0000: 4140.632: Total time for which application threads were stopped: 0.0005158 seconds, Stopping threads took: 0.0001610 seconds
2020-01-10T14:18:54.805+0000: 4165.635: Total time for which application threads were stopped: 0.0004210 seconds, Stopping threads took: 0.0001321 seconds
2020-01-10T14:18:57.806+0000: 4168.635: Total time for which application threads were stopped: 0.0004136 seconds, Stopping threads took: 0.0001079 seconds
2020-01-10T14:18:59.806+0000: 4170.636: Total time for which application threads were stopped: 0.0004167 seconds, Stopping threads took: 0.0001154 seconds
2020-01-10T14:19:05.807+0000: 4176.637: Total time for which application threads were stopped: 0.0004028 seconds, Stopping threads took: 0.0001029 seconds
2020-01-10T14:19:09.378+0000: 4180.207: Total time for which application threads were stopped: 0.0030721 seconds, Stopping threads took: 0.0027040 seconds
2020-01-10T14:19:09.380+0000: 4180.210: Total time for which application threads were stopped: 0.0021703 seconds, Stopping threads took: 0.0019791 seconds
2020-01-10T14:19:09.380+0000: 4180.210: Total time for which application threads were stopped: 0.0002686 seconds, Stopping threads took: 0.0001088 seconds
2020-01-10T14:19:09.388+0000: 4180.217: Total time for which application threads were stopped: 0.0004323 seconds, Stopping threads took: 0.0001718 seconds
2020-01-10T14:19:09.390+0000: 4180.219: Total time for which application threads were stopped: 0.0009705 seconds, Stopping threads took: 0.0001701 seconds
2020-01-10T14:19:09.395+0000: 4180.225: Total time for which application threads were stopped: 0.0004582 seconds, Stopping threads took: 0.0002768 seconds
2020-01-10T14:19:09.404+0000: 4180.233: Total time for which application threads were stopped: 0.0082731 seconds, Stopping threads took: 0.0081015 seconds
2020-01-10T14:19:10.404+0000: 4181.234: Total time for which application threads were stopped: 0.0004311 seconds, Stopping threads took: 0.0001177 seconds
2020-01-10T14:19:11.405+0000: 4182.234: Total time for which application threads were stopped: 0.0004079 seconds, Stopping threads took: 0.0001120 seconds
2020-01-10T14:19:11.598+0000: 4182.428: Total time for which application threads were stopped: 0.0005270 seconds, Stopping threads took: 0.0001984 seconds
2020-01-10T14:19:11.599+0000: 4182.429: Total time for which application threads were stopped: 0.0003417 seconds, Stopping threads took: 0.0001631 seconds
2020-01-10T14:19:11.599+0000: 4182.429: Total time for which application threads were stopped: 0.0002728 seconds, Stopping threads took: 0.0001179 seconds
2020-01-10T14:19:11.600+0000: 4182.429: Total time for which application threads were stopped: 0.0002825 seconds, Stopping threads took: 0.0001354 seconds
2020-01-10T14:19:11.600+0000: 4182.430: Total time for which application threads were stopped: 0.0002993 seconds, Stopping threads took: 0.0001362 seconds
2020-01-10T14:19:11.600+0000: 4182.430: Total time for which application threads were stopped: 0.0002477 seconds, Stopping threads took: 0.0001042 seconds
2020-01-10T14:19:11.601+0000: 4182.430: Total time for which application threads were stopped: 0.0002476 seconds, Stopping threads took: 0.0000994 seconds
2020-01-10T14:19:11.601+0000: 4182.431: Total time for which application threads were stopped: 0.0002269 seconds, Stopping threads took: 0.0000748 seconds
2020-01-10T14:19:11.601+0000: 4182.431: Total time for which application threads were stopped: 0.0002565 seconds, Stopping threads took: 0.0001068 seconds
2020-01-10T14:19:11.606+0000: 4182.435: Total time for which application threads were stopped: 0.0003025 seconds, Stopping threads took: 0.0001222 seconds
2020-01-10T14:19:11.606+0000: 4182.436: Total time for which application threads were stopped: 0.0002873 seconds, Stopping threads took: 0.0001453 seconds
2020-01-10T14:19:11.607+0000: 4182.436: Total time for which application threads were stopped: 0.0003292 seconds, Stopping threads took: 0.0001738 seconds
2020-01-10T14:19:11.607+0000: 4182.437: Total time for which application threads were stopped: 0.0002941 seconds, Stopping threads took: 0.0001325 seconds
2020-01-10T14:19:11.608+0000: 4182.437: Total time for which application threads were stopped: 0.0002436 seconds, Stopping threads took: 0.0000994 seconds
2020-01-10T14:19:11.608+0000: 4182.437: Total time for which application threads were stopped: 0.0001987 seconds, Stopping threads took: 0.0000635 seconds
2020-01-10T14:19:11.608+0000: 4182.438: Total time for which application threads were stopped: 0.0001947 seconds, Stopping threads took: 0.0000595 seconds
2020-01-10T14:19:11.612+0000: 4182.441: Total time for which application threads were stopped: 0.0007496 seconds, Stopping threads took: 0.0000454 seconds
2020-01-10T14:19:11.612+0000: 4182.442: Total time for which application threads were stopped: 0.0003472 seconds, Stopping threads took: 0.0002175 seconds
2020-01-10T14:19:11.613+0000: 4182.442: Total time for which application threads were stopped: 0.0001443 seconds, Stopping threads took: 0.0000208 seconds
2020-01-10T14:19:11.613+0000: 4182.442: Total time for which application threads were stopped: 0.0001562 seconds, Stopping threads took: 0.0000350 seconds
2020-01-10T14:19:11.613+0000: 4182.443: Total time for which application threads were stopped: 0.0001473 seconds, Stopping threads took: 0.0000260 seconds
2020-01-10T14:19:11.614+0000: 4182.444: Total time for which application threads were stopped: 0.0002889 seconds, Stopping threads took: 0.0001528 seconds
2020-01-10T14:19:12.614+0000: 4183.444: Total time for which application threads were stopped: 0.0003065 seconds, Stopping threads took: 0.0000724 seconds
2020-01-10T14:19:13.615+0000: 4184.444: Total time for which application threads were stopped: 0.0003535 seconds, Stopping threads took: 0.0001009 seconds
2020-01-10T14:19:28.617+0000: 4199.446: Total time for which application threads were stopped: 0.0003572 seconds, Stopping threads took: 0.0001176 seconds
2020-01-10T14:19:31.618+0000: 4202.447: Total time for which application threads were stopped: 0.0003617 seconds, Stopping threads took: 0.0001067 seconds
2020-01-10T14:19:39.619+0000: 4210.449: Total time for which application threads were stopped: 0.0003709 seconds, Stopping threads took: 0.0001203 seconds
2020-01-10T14:19:43.620+0000: 4214.450: Total time for which application threads were stopped: 0.0003491 seconds, Stopping threads took: 0.0000985 seconds
2020-01-10T14:20:12.625+0000: 4243.454: Total time for which application threads were stopped: 0.0003660 seconds, Stopping threads took: 0.0001127 seconds
2020-01-10T14:20:28.627+0000: 4259.457: Total time for which application threads were stopped: 0.0004379 seconds, Stopping threads took: 0.0001362 seconds
2020-01-10T14:20:55.631+0000: 4286.461: Total time for which application threads were stopped: 0.0004472 seconds, Stopping threads took: 0.0001500 seconds
2020-01-10T14:24:23.334+0000: 4494.163: Total time for which application threads were stopped: 0.0005124 seconds, Stopping threads took: 0.0001909 seconds
2020-01-10T14:24:23.338+0000: 4494.168: Total time for which application threads were stopped: 0.0003418 seconds, Stopping threads took: 0.0001654 seconds
2020-01-10T14:24:23.339+0000: 4494.169: Total time for which application threads were stopped: 0.0002580 seconds, Stopping threads took: 0.0000999 seconds
2020-01-10T14:24:23.340+0000: 4494.169: Total time for which application threads were stopped: 0.0002510 seconds, Stopping threads took: 0.0000856 seconds
2020-01-10T14:24:23.341+0000: 4494.170: Total time for which application threads were stopped: 0.0002467 seconds, Stopping threads took: 0.0000902 seconds
2020-01-10T14:24:23.341+0000: 4494.171: Total time for which application threads were stopped: 0.0002354 seconds, Stopping threads took: 0.0000725 seconds
2020-01-10T14:24:23.342+0000: 4494.172: Total time for which application threads were stopped: 0.0001780 seconds, Stopping threads took: 0.0000491 seconds
2020-01-10T14:24:23.343+0000: 4494.172: Total time for which application threads were stopped: 0.0001603 seconds, Stopping threads took: 0.0000292 seconds
2020-01-10T14:24:23.346+0000: 4494.175: Total time for which application threads were stopped: 0.0001786 seconds, Stopping threads took: 0.0000452 seconds
2020-01-10T14:24:23.348+0000: 4494.177: Total time for which application threads were stopped: 0.0001638 seconds, Stopping threads took: 0.0000384 seconds
2020-01-10T14:24:23.348+0000: 4494.178: Total time for which application threads were stopped: 0.0001605 seconds, Stopping threads took: 0.0000284 seconds
2020-01-10T14:24:23.349+0000: 4494.178: Total time for which application threads were stopped: 0.0002214 seconds, Stopping threads took: 0.0000779 seconds
2020-01-10T14:24:24.339+0000: 4495.169: Total time for which application threads were stopped: 0.0003971 seconds, Stopping threads took: 0.0001003 seconds
2020-01-10T14:24:24.340+0000: 4495.169: Total time for which application threads were stopped: 0.0001675 seconds, Stopping threads took: 0.0000348 seconds
2020-01-10T14:24:24.340+0000: 4495.170: Total time for which application threads were stopped: 0.0001549 seconds, Stopping threads took: 0.0000250 seconds
2020-01-10T14:24:25.341+0000: 4496.170: Total time for which application threads were stopped: 0.0003779 seconds, Stopping threads took: 0.0001197 seconds
2020-01-10T14:24:26.344+0000: 4497.173: Total time for which application threads were stopped: 0.0004482 seconds, Stopping threads took: 0.0001282 seconds
2020-01-10T14:24:26.344+0000: 4497.174: Total time for which application threads were stopped: 0.0001884 seconds, Stopping threads took: 0.0000492 seconds
2020-01-10T14:24:26.344+0000: 4497.174: Total time for which application threads were stopped: 0.0002079 seconds, Stopping threads took: 0.0000482 seconds
2020-01-10T14:24:28.345+0000: 4499.175: Total time for which application threads were stopped: 0.0003888 seconds, Stopping threads took: 0.0001196 seconds
2020-01-10T14:24:30.347+0000: 4501.177: Total time for which application threads were stopped: 0.0003821 seconds, Stopping threads took: 0.0001074 seconds
2020-01-10T14:24:30.348+0000: 4501.177: Total time for which application threads were stopped: 0.0001888 seconds, Stopping threads took: 0.0000371 seconds
2020-01-10T14:24:30.348+0000: 4501.178: Total time for which application threads were stopped: 0.0001683 seconds, Stopping threads took: 0.0000279 seconds
2020-01-10T14:24:33.349+0000: 4504.179: Total time for which application threads were stopped: 0.0004860 seconds, Stopping threads took: 0.0001453 seconds
2020-01-10T14:24:36.350+0000: 4507.179: Total time for which application threads were stopped: 0.0004547 seconds, Stopping threads took: 0.0001313 seconds
2020-01-10T14:24:38.351+0000: 4509.181: Total time for which application threads were stopped: 0.0005631 seconds, Stopping threads took: 0.0001942 seconds
2020-01-10T14:24:38.352+0000: 4509.181: Total time for which application threads were stopped: 0.0002099 seconds, Stopping threads took: 0.0000382 seconds
2020-01-10T14:24:38.352+0000: 4509.182: Total time for which application threads were stopped: 0.0002306 seconds, Stopping threads took: 0.0000670 seconds
2020-01-10T14:24:38.353+0000: 4509.182: Total time for which application threads were stopped: 0.0002981 seconds, Stopping threads took: 0.0000896 seconds
2020-01-10T14:24:40.252+0000: 4511.082: Total time for which application threads were stopped: 0.0005026 seconds, Stopping threads took: 0.0001336 seconds
2020-01-10T14:24:40.254+0000: 4511.083: Total time for which application threads were stopped: 0.0007280 seconds, Stopping threads took: 0.0005168 seconds
2020-01-10T14:24:40.255+0000: 4511.085: Total time for which application threads were stopped: 0.0005021 seconds, Stopping threads took: 0.0001879 seconds
2020-01-10T14:24:40.256+0000: 4511.085: Total time for which application threads were stopped: 0.0003084 seconds, Stopping threads took: 0.0001078 seconds
2020-01-10T14:24:40.257+0000: 4511.086: Total time for which application threads were stopped: 0.0001998 seconds, Stopping threads took: 0.0000477 seconds
2020-01-10T14:24:40.257+0000: 4511.087: Total time for which application threads were stopped: 0.0001935 seconds, Stopping threads took: 0.0000266 seconds
2020-01-10T14:24:40.258+0000: 4511.087: Total time for which application threads were stopped: 0.0002491 seconds, Stopping threads took: 0.0000757 seconds
2020-01-10T14:24:40.260+0000: 4511.090: Total time for which application threads were stopped: 0.0001831 seconds, Stopping threads took: 0.0000426 seconds
2020-01-10T14:24:40.261+0000: 4511.090: Total time for which application threads were stopped: 0.0001648 seconds, Stopping threads took: 0.0000264 seconds
2020-01-10T14:24:40.269+0000: 4511.099: Total time for which application threads were stopped: 0.0002011 seconds, Stopping threads took: 0.0000591 seconds
2020-01-10T14:24:40.276+0000: 4511.105: Total time for which application threads were stopped: 0.0001828 seconds, Stopping threads took: 0.0000355 seconds
2020-01-10T14:24:40.276+0000: 4511.106: Total time for which application threads were stopped: 0.0001701 seconds, Stopping threads took: 0.0000261 seconds
2020-01-10T14:24:40.276+0000: 4511.106: Total time for which application threads were stopped: 0.0001653 seconds, Stopping threads took: 0.0000261 seconds
2020-01-10T14:24:41.254+0000: 4512.084: Total time for which application threads were stopped: 0.0004436 seconds, Stopping threads took: 0.0001164 seconds
2020-01-10T14:24:41.255+0000: 4512.084: Total time for which application threads were stopped: 0.0001890 seconds, Stopping threads took: 0.0000306 seconds
2020-01-10T14:24:41.255+0000: 4512.085: Total time for which application threads were stopped: 0.0002840 seconds, Stopping threads took: 0.0001128 seconds
2020-01-10T14:24:42.256+0000: 4513.085: Total time for which application threads were stopped: 0.0004095 seconds, Stopping threads took: 0.0001128 seconds
2020-01-10T14:24:43.258+0000: 4514.088: Total time for which application threads were stopped: 0.0004329 seconds, Stopping threads took: 0.0001245 seconds
2020-01-10T14:24:43.258+0000: 4514.088: Total time for which application threads were stopped: 0.0002080 seconds, Stopping threads took: 0.0000429 seconds
2020-01-10T14:24:43.259+0000: 4514.088: Total time for which application threads were stopped: 0.0001861 seconds, Stopping threads took: 0.0000275 seconds
2020-01-10T14:24:46.228+0000: 4517.058: Total time for which application threads were stopped: 0.0004971 seconds, Stopping threads took: 0.0001422 seconds
2020-01-10T14:24:46.229+0000: 4517.059: Total time for which application threads were stopped: 0.0004870 seconds, Stopping threads took: 0.0002623 seconds
2020-01-10T14:24:47.231+0000: 4518.061: Total time for which application threads were stopped: 0.0005129 seconds, Stopping threads took: 0.0001299 seconds
2020-01-10T14:24:47.231+0000: 4518.061: Total time for which application threads were stopped: 0.0001964 seconds, Stopping threads took: 0.0000418 seconds
2020-01-10T14:24:47.233+0000: 4518.062: Total time for which application threads were stopped: 0.0008661 seconds, Stopping threads took: 0.0000302 seconds
2020-01-10T14:24:47.260+0000: 4518.090: Total time for which application threads were stopped: 0.0002261 seconds, Stopping threads took: 0.0000615 seconds
2020-01-10T14:24:47.261+0000: 4518.090: Total time for which application threads were stopped: 0.0002023 seconds, Stopping threads took: 0.0000363 seconds
2020-01-10T14:24:47.261+0000: 4518.091: Total time for which application threads were stopped: 0.0001867 seconds, Stopping threads took: 0.0000376 seconds
2020-01-10T14:24:49.235+0000: 4520.064: Total time for which application threads were stopped: 0.0004795 seconds, Stopping threads took: 0.0001399 seconds
2020-01-10T14:24:49.235+0000: 4520.065: Total time for which application threads were stopped: 0.0001938 seconds, Stopping threads took: 0.0000379 seconds
2020-01-10T14:24:49.236+0000: 4520.065: Total time for which application threads were stopped: 0.0001921 seconds, Stopping threads took: 0.0000396 seconds
2020-01-10T14:24:50.236+0000: 4521.066: Total time for which application threads were stopped: 0.0004793 seconds, Stopping threads took: 0.0001459 seconds
2020-01-10T14:24:53.238+0000: 4524.068: Total time for which application threads were stopped: 0.0011720 seconds, Stopping threads took: 0.0001446 seconds
2020-01-10T14:24:53.239+0000: 4524.068: Total time for which application threads were stopped: 0.0001942 seconds, Stopping threads took: 0.0000378 seconds
2020-01-10T14:24:53.239+0000: 4524.069: Total time for which application threads were stopped: 0.0001756 seconds, Stopping threads took: 0.0000271 seconds
2020-01-10T14:24:54.355+0000: 4525.185: Total time for which application threads were stopped: 0.0004663 seconds, Stopping threads took: 0.0001311 seconds
2020-01-10T14:24:54.356+0000: 4525.185: Total time for which application threads were stopped: 0.0002919 seconds, Stopping threads took: 0.0001050 seconds
2020-01-10T14:24:54.358+0000: 4525.187: Total time for which application threads were stopped: 0.0003371 seconds, Stopping threads took: 0.0001132 seconds
2020-01-10T14:24:55.263+0000: 4526.092: Total time for which application threads were stopped: 0.0005223 seconds, Stopping threads took: 0.0002048 seconds
2020-01-10T14:24:55.263+0000: 4526.093: Total time for which application threads were stopped: 0.0002677 seconds, Stopping threads took: 0.0000942 seconds
2020-01-10T14:24:55.264+0000: 4526.093: Total time for which application threads were stopped: 0.0002488 seconds, Stopping threads took: 0.0000882 seconds
2020-01-10T14:25:01.241+0000: 4532.071: Total time for which application threads were stopped: 0.0005419 seconds, Stopping threads took: 0.0001311 seconds
2020-01-10T14:25:01.242+0000: 4532.071: Total time for which application threads were stopped: 0.0001995 seconds, Stopping threads took: 0.0000384 seconds
2020-01-10T14:25:01.242+0000: 4532.072: Total time for which application threads were stopped: 0.0001830 seconds, Stopping threads took: 0.0000286 seconds
2020-01-10T14:25:11.266+0000: 4542.095: Total time for which application threads were stopped: 0.0005077 seconds, Stopping threads took: 0.0001338 seconds
2020-01-10T14:25:11.266+0000: 4542.096: Total time for which application threads were stopped: 0.0003454 seconds, Stopping threads took: 0.0001645 seconds
2020-01-10T14:25:11.268+0000: 4542.097: Total time for which application threads were stopped: 0.0003689 seconds, Stopping threads took: 0.0001506 seconds
2020-01-10T14:25:17.234+0000: 4548.063: Total time for which application threads were stopped: 0.0005389 seconds, Stopping threads took: 0.0001556 seconds
2020-01-10T14:25:17.244+0000: 4548.073: Total time for which application threads were stopped: 0.0002265 seconds, Stopping threads took: 0.0000588 seconds
2020-01-10T14:25:17.244+0000: 4548.074: Total time for which application threads were stopped: 0.0002795 seconds, Stopping threads took: 0.0001037 seconds
2020-01-10T14:25:17.245+0000: 4548.074: Total time for which application threads were stopped: 0.0002113 seconds, Stopping threads took: 0.0000489 seconds
2020-01-10T14:25:17.262+0000: 4548.092: Total time for which application threads were stopped: 0.0002882 seconds, Stopping threads took: 0.0000972 seconds
2020-01-10T14:25:19.237+0000: 4550.066: Total time for which application threads were stopped: 0.0004649 seconds, Stopping threads took: 0.0001258 seconds
2020-01-10T14:25:23.240+0000: 4554.070: Total time for which application threads were stopped: 0.0004259 seconds, Stopping threads took: 0.0001360 seconds
2020-01-10T14:25:24.359+0000: 4555.188: Total time for which application threads were stopped: 0.0004151 seconds, Stopping threads took: 0.0001256 seconds
2020-01-10T14:25:25.265+0000: 4556.095: Total time for which application threads were stopped: 0.0004572 seconds, Stopping threads took: 0.0001269 seconds
2020-01-10T14:25:26.359+0000: 4557.189: Total time for which application threads were stopped: 0.0003977 seconds, Stopping threads took: 0.0001111 seconds
2020-01-10T14:25:26.360+0000: 4557.189: Total time for which application threads were stopped: 0.0001863 seconds, Stopping threads took: 0.0000359 seconds
2020-01-10T14:25:26.360+0000: 4557.190: Total time for which application threads were stopped: 0.0001821 seconds, Stopping threads took: 0.0000297 seconds
2020-01-10T14:25:31.243+0000: 4562.073: Total time for which application threads were stopped: 0.0004878 seconds, Stopping threads took: 0.0001291 seconds
2020-01-10T14:25:41.269+0000: 4572.099: Total time for which application threads were stopped: 0.0004188 seconds, Stopping threads took: 0.0001160 seconds
2020-01-10T14:25:43.270+0000: 4574.099: Total time for which application threads were stopped: 0.0004359 seconds, Stopping threads took: 0.0001427 seconds
2020-01-10T14:25:43.270+0000: 4574.099: Total time for which application threads were stopped: 0.0002008 seconds, Stopping threads took: 0.0000376 seconds
2020-01-10T14:25:43.270+0000: 4574.100: Total time for which application threads were stopped: 0.0001795 seconds, Stopping threads took: 0.0000358 seconds
2020-01-10T14:25:47.246+0000: 4578.076: Total time for which application threads were stopped: 0.0005338 seconds, Stopping threads took: 0.0001435 seconds
2020-01-10T14:25:49.247+0000: 4580.076: Total time for which application threads were stopped: 0.0005114 seconds, Stopping threads took: 0.0001305 seconds
2020-01-10T14:25:49.247+0000: 4580.077: Total time for which application threads were stopped: 0.0001898 seconds, Stopping threads took: 0.0000373 seconds
2020-01-10T14:25:49.248+0000: 4580.077: Total time for which application threads were stopped: 0.0002210 seconds, Stopping threads took: 0.0000285 seconds
2020-01-10T14:25:56.362+0000: 4587.192: Total time for which application threads were stopped: 0.0006557 seconds, Stopping threads took: 0.0002712 seconds
2020-01-10T14:26:13.272+0000: 4604.102: Total time for which application threads were stopped: 0.0006230 seconds, Stopping threads took: 0.0002458 seconds
2020-01-10T14:26:19.249+0000: 4610.079: Total time for which application threads were stopped: 0.0005851 seconds, Stopping threads took: 0.0001997 seconds
2020-01-10T14:26:26.362+0000: 4617.192: Total time for which application threads were stopped: 0.0004353 seconds, Stopping threads took: 0.0001152 seconds
2020-01-10T14:26:26.363+0000: 4617.192: Total time for which application threads were stopped: 0.0002379 seconds, Stopping threads took: 0.0000793 seconds
2020-01-10T14:26:26.363+0000: 4617.193: Total time for which application threads were stopped: 0.0002274 seconds, Stopping threads took: 0.0000687 seconds
2020-01-10T14:26:43.286+0000: 4634.116: Total time for which application threads were stopped: 0.0005216 seconds, Stopping threads took: 0.0001989 seconds
2020-01-10T14:26:43.287+0000: 4634.116: Total time for which application threads were stopped: 0.0002448 seconds, Stopping threads took: 0.0000850 seconds
2020-01-10T14:26:43.287+0000: 4634.117: Total time for which application threads were stopped: 0.0002359 seconds, Stopping threads took: 0.0000740 seconds
2020-01-10T14:26:49.250+0000: 4640.080: Total time for which application threads were stopped: 0.0007991 seconds, Stopping threads took: 0.0001692 seconds
2020-01-10T14:26:49.250+0000: 4640.080: Total time for which application threads were stopped: 0.0003036 seconds, Stopping threads took: 0.0000529 seconds
2020-01-10T14:26:49.251+0000: 4640.081: Total time for which application threads were stopped: 0.0002829 seconds, Stopping threads took: 0.0000420 seconds
2020-01-10T14:26:56.365+0000: 4647.194: Total time for which application threads were stopped: 0.0004778 seconds, Stopping threads took: 0.0001294 seconds
2020-01-10T14:27:13.289+0000: 4664.118: Total time for which application threads were stopped: 0.0005054 seconds, Stopping threads took: 0.0001368 seconds
2020-01-10T14:27:19.253+0000: 4670.082: Total time for which application threads were stopped: 0.0004925 seconds, Stopping threads took: 0.0001519 seconds
2020-01-10T14:27:26.365+0000: 4677.195: Total time for which application threads were stopped: 0.0005216 seconds, Stopping threads took: 0.0001429 seconds
2020-01-10T14:27:26.366+0000: 4677.195: Total time for which application threads were stopped: 0.0001939 seconds, Stopping threads took: 0.0000490 seconds
2020-01-10T14:27:26.366+0000: 4677.196: Total time for which application threads were stopped: 0.0001934 seconds, Stopping threads took: 0.0000382 seconds
2020-01-10T14:27:43.289+0000: 4694.119: Total time for which application threads were stopped: 0.0005241 seconds, Stopping threads took: 0.0002000 seconds
2020-01-10T14:27:43.290+0000: 4694.119: Total time for which application threads were stopped: 0.0002854 seconds, Stopping threads took: 0.0001181 seconds
2020-01-10T14:27:43.291+0000: 4694.120: Total time for which application threads were stopped: 0.0004502 seconds, Stopping threads took: 0.0002429 seconds
2020-01-10T14:27:49.253+0000: 4700.083: Total time for which application threads were stopped: 0.0004484 seconds, Stopping threads took: 0.0001457 seconds
2020-01-10T14:27:49.253+0000: 4700.083: Total time for which application threads were stopped: 0.0001652 seconds, Stopping threads took: 0.0000221 seconds
2020-01-10T14:27:49.254+0000: 4700.084: Total time for which application threads were stopped: 0.0007766 seconds, Stopping threads took: 0.0000220 seconds
2020-01-10T14:27:56.368+0000: 4707.197: Total time for which application threads were stopped: 0.0004283 seconds, Stopping threads took: 0.0001277 seconds
2020-01-10T14:28:13.292+0000: 4724.122: Total time for which application threads were stopped: 0.0004848 seconds, Stopping threads took: 0.0001257 seconds
2020-01-10T14:28:19.256+0000: 4730.086: Total time for which application threads were stopped: 0.0005060 seconds, Stopping threads took: 0.0001527 seconds
2020-01-10T14:28:26.368+0000: 4737.198: Total time for which application threads were stopped: 0.0005616 seconds, Stopping threads took: 0.0001976 seconds
2020-01-10T14:28:26.369+0000: 4737.198: Total time for which application threads were stopped: 0.0002647 seconds, Stopping threads took: 0.0000985 seconds
2020-01-10T14:28:26.369+0000: 4737.199: Total time for which application threads were stopped: 0.0002648 seconds, Stopping threads took: 0.0000758 seconds
2020-01-10T14:28:43.293+0000: 4754.122: Total time for which application threads were stopped: 0.0005558 seconds, Stopping threads took: 0.0001744 seconds
2020-01-10T14:28:43.293+0000: 4754.123: Total time for which application threads were stopped: 0.0002617 seconds, Stopping threads took: 0.0000942 seconds
2020-01-10T14:28:43.294+0000: 4754.123: Total time for which application threads were stopped: 0.0002111 seconds, Stopping threads took: 0.0000494 seconds
2020-01-10T14:28:49.257+0000: 4760.086: Total time for which application threads were stopped: 0.0005855 seconds, Stopping threads took: 0.0002253 seconds
2020-01-10T14:28:49.258+0000: 4760.088: Total time for which application threads were stopped: 0.0003961 seconds, Stopping threads took: 0.0001049 seconds
2020-01-10T14:28:49.260+0000: 4760.089: Total time for which application threads were stopped: 0.0002112 seconds, Stopping threads took: 0.0000613 seconds
2020-01-10T14:28:56.371+0000: 4767.200: Total time for which application threads were stopped: 0.0004128 seconds, Stopping threads took: 0.0001367 seconds
2020-01-10T14:29:00.372+0000: 4771.201: Total time for which application threads were stopped: 0.0004999 seconds, Stopping threads took: 0.0001560 seconds
2020-01-10T14:29:10.374+0000: 4781.203: Total time for which application threads were stopped: 0.0004968 seconds, Stopping threads took: 0.0001445 seconds
2020-01-10T14:29:13.296+0000: 4784.125: Total time for which application threads were stopped: 0.0012468 seconds, Stopping threads took: 0.0001695 seconds
2020-01-10T14:29:26.371+0000: 4797.201: Total time for which application threads were stopped: 0.0005109 seconds, Stopping threads took: 0.0001363 seconds
2020-01-10T14:29:26.372+0000: 4797.201: Total time for which application threads were stopped: 0.0001847 seconds, Stopping threads took: 0.0000387 seconds
2020-01-10T14:29:26.372+0000: 4797.202: Total time for which application threads were stopped: 0.0001762 seconds, Stopping threads took: 0.0000277 seconds
2020-01-10T14:29:27.373+0000: 4798.202: Total time for which application threads were stopped: 0.0005166 seconds, Stopping threads took: 0.0001462 seconds
2020-01-10T14:29:43.296+0000: 4814.125: Total time for which application threads were stopped: 0.0004116 seconds, Stopping threads took: 0.0001242 seconds
2020-01-10T14:29:43.296+0000: 4814.126: Total time for which application threads were stopped: 0.0001855 seconds, Stopping threads took: 0.0000396 seconds
2020-01-10T14:29:43.296+0000: 4814.126: Total time for which application threads were stopped: 0.0001709 seconds, Stopping threads took: 0.0000284 seconds
2020-01-10T14:29:49.262+0000: 4820.091: Total time for which application threads were stopped: 0.0004777 seconds, Stopping threads took: 0.0001319 seconds
2020-01-10T14:29:49.264+0000: 4820.093: Total time for which application threads were stopped: 0.0002221 seconds, Stopping threads took: 0.0000577 seconds
2020-01-10T14:29:49.264+0000: 4820.094: Total time for which application threads were stopped: 0.0001864 seconds, Stopping threads took: 0.0000417 seconds
2020-01-10T14:29:56.374+0000: 4827.203: Total time for which application threads were stopped: 0.0004073 seconds, Stopping threads took: 0.0001294 seconds
2020-01-10T14:30:13.298+0000: 4844.128: Total time for which application threads were stopped: 0.0005086 seconds, Stopping threads took: 0.0001388 seconds
2020-01-10T14:30:19.266+0000: 4850.096: Total time for which application threads were stopped: 0.0005245 seconds, Stopping threads took: 0.0001402 seconds
2020-01-10T14:30:26.374+0000: 4857.204: Total time for which application threads were stopped: 0.0004705 seconds, Stopping threads took: 0.0001249 seconds
2020-01-10T14:30:26.375+0000: 4857.204: Total time for which application threads were stopped: 0.0001775 seconds, Stopping threads took: 0.0000367 seconds
2020-01-10T14:30:26.375+0000: 4857.205: Total time for which application threads were stopped: 0.0002324 seconds, Stopping threads took: 0.0000494 seconds
2020-01-10T14:30:43.299+0000: 4874.128: Total time for which application threads were stopped: 0.0004799 seconds, Stopping threads took: 0.0001315 seconds
2020-01-10T14:30:43.299+0000: 4874.128: Total time for which application threads were stopped: 0.0001978 seconds, Stopping threads took: 0.0000407 seconds
2020-01-10T14:30:43.299+0000: 4874.129: Total time for which application threads were stopped: 0.0001730 seconds, Stopping threads took: 0.0000296 seconds
2020-01-10T14:30:49.266+0000: 4880.096: Total time for which application threads were stopped: 0.0005066 seconds, Stopping threads took: 0.0001440 seconds
2020-01-10T14:30:49.267+0000: 4880.097: Total time for which application threads were stopped: 0.0002761 seconds, Stopping threads took: 0.0000807 seconds
2020-01-10T14:30:49.270+0000: 4880.099: Total time for which application threads were stopped: 0.0003549 seconds, Stopping threads took: 0.0001442 seconds
2020-01-10T14:30:50.270+0000: 4881.100: Total time for which application threads were stopped: 0.0004959 seconds, Stopping threads took: 0.0001502 seconds
2020-01-10T14:30:56.377+0000: 4887.206: Total time for which application threads were stopped: 0.0004197 seconds, Stopping threads took: 0.0001279 seconds
2020-01-10T14:31:13.301+0000: 4904.131: Total time for which application threads were stopped: 0.0006516 seconds, Stopping threads took: 0.0001376 seconds
2020-01-10T14:31:19.271+0000: 4910.101: Total time for which application threads were stopped: 0.0005018 seconds, Stopping threads took: 0.0001351 seconds
2020-01-10T14:31:25.272+0000: 4916.102: Total time for which application threads were stopped: 0.0005542 seconds, Stopping threads took: 0.0001963 seconds
2020-01-10T14:31:26.377+0000: 4917.207: Total time for which application threads were stopped: 0.0005434 seconds, Stopping threads took: 0.0001209 seconds
2020-01-10T14:31:26.378+0000: 4917.208: Total time for which application threads were stopped: 0.0002036 seconds, Stopping threads took: 0.0000388 seconds
2020-01-10T14:31:26.379+0000: 4917.209: Total time for which application threads were stopped: 0.0008232 seconds, Stopping threads took: 0.0000273 seconds
2020-01-10T14:31:27.380+0000: 4918.209: Total time for which application threads were stopped: 0.0003987 seconds, Stopping threads took: 0.0001160 seconds
2020-01-10T14:31:43.302+0000: 4934.132: Total time for which application threads were stopped: 0.0010961 seconds, Stopping threads took: 0.0001767 seconds
2020-01-10T14:31:43.303+0000: 4934.132: Total time for which application threads were stopped: 0.0003232 seconds, Stopping threads took: 0.0001559 seconds
2020-01-10T14:31:43.303+0000: 4934.133: Total time for which application threads were stopped: 0.0003073 seconds, Stopping threads took: 0.0001354 seconds
2020-01-10T14:31:49.272+0000: 4940.101: Total time for which application threads were stopped: 0.0004340 seconds, Stopping threads took: 0.0001128 seconds
2020-01-10T14:31:49.272+0000: 4940.102: Total time for which application threads were stopped: 0.0002053 seconds, Stopping threads took: 0.0000406 seconds
2020-01-10T14:31:49.272+0000: 4940.102: Total time for which application threads were stopped: 0.0001812 seconds, Stopping threads took: 0.0000403 seconds
2020-01-10T14:31:56.381+0000: 4947.210: Total time for which application threads were stopped: 0.0004994 seconds, Stopping threads took: 0.0001587 seconds
2020-01-10T14:32:00.382+0000: 4951.211: Total time for which application threads were stopped: 0.0004600 seconds, Stopping threads took: 0.0001344 seconds
2020-01-10T14:32:13.305+0000: 4964.134: Total time for which application threads were stopped: 0.0004823 seconds, Stopping threads took: 0.0001201 seconds
2020-01-10T14:32:19.274+0000: 4970.104: Total time for which application threads were stopped: 0.0004237 seconds, Stopping threads took: 0.0001187 seconds
2020-01-10T14:32:26.381+0000: 4977.211: Total time for which application threads were stopped: 0.0004330 seconds, Stopping threads took: 0.0001383 seconds
2020-01-10T14:32:26.381+0000: 4977.211: Total time for which application threads were stopped: 0.0001897 seconds, Stopping threads took: 0.0000489 seconds
2020-01-10T14:32:26.385+0000: 4977.214: Total time for which application threads were stopped: 0.0002023 seconds, Stopping threads took: 0.0000530 seconds
2020-01-10T14:32:41.386+0000: 4992.216: Total time for which application threads were stopped: 0.0003854 seconds, Stopping threads took: 0.0001219 seconds
2020-01-10T14:32:43.306+0000: 4994.136: Total time for which application threads were stopped: 0.0005066 seconds, Stopping threads took: 0.0001288 seconds
2020-01-10T14:32:43.306+0000: 4994.136: Total time for which application threads were stopped: 0.0003008 seconds, Stopping threads took: 0.0001308 seconds
2020-01-10T14:32:43.307+0000: 4994.136: Total time for which application threads were stopped: 0.0002514 seconds, Stopping threads took: 0.0000709 seconds
2020-01-10T14:32:49.274+0000: 5000.104: Total time for which application threads were stopped: 0.0004707 seconds, Stopping threads took: 0.0001194 seconds
2020-01-10T14:32:49.275+0000: 5000.104: Total time for which application threads were stopped: 0.0001711 seconds, Stopping threads took: 0.0000229 seconds
2020-01-10T14:32:49.275+0000: 5000.105: Total time for which application threads were stopped: 0.0001712 seconds, Stopping threads took: 0.0000233 seconds
2020-01-10T14:32:55.276+0000: 5006.106: Total time for which application threads were stopped: 0.0004552 seconds, Stopping threads took: 0.0001554 seconds
2020-01-10T14:32:56.386+0000: 5007.216: Total time for which application threads were stopped: 0.0004986 seconds, Stopping threads took: 0.0001480 seconds
2020-01-10T14:33:13.308+0000: 5024.138: Total time for which application threads were stopped: 0.0004712 seconds, Stopping threads took: 0.0001230 seconds
2020-01-10T14:33:19.277+0000: 5030.106: Total time for which application threads were stopped: 0.0004722 seconds, Stopping threads took: 0.0001317 seconds
2020-01-10T14:33:25.278+0000: 5036.107: Total time for which application threads were stopped: 0.0003987 seconds, Stopping threads took: 0.0001415 seconds
2020-01-10T14:33:26.389+0000: 5037.218: Total time for which application threads were stopped: 0.0003848 seconds, Stopping threads took: 0.0001098 seconds
2020-01-10T14:33:26.389+0000: 5037.219: Total time for which application threads were stopped: 0.0001906 seconds, Stopping threads took: 0.0000418 seconds
2020-01-10T14:33:26.390+0000: 5037.219: Total time for which application threads were stopped: 0.0001721 seconds, Stopping threads took: 0.0000301 seconds
2020-01-10T14:33:43.309+0000: 5054.138: Total time for which application threads were stopped: 0.0003984 seconds, Stopping threads took: 0.0001113 seconds
2020-01-10T14:33:43.309+0000: 5054.139: Total time for which application threads were stopped: 0.0002257 seconds, Stopping threads took: 0.0000411 seconds
2020-01-10T14:33:43.310+0000: 5054.139: Total time for which application threads were stopped: 0.0001815 seconds, Stopping threads took: 0.0000391 seconds
2020-01-10T14:33:49.277+0000: 5060.107: Total time for which application threads were stopped: 0.0005081 seconds, Stopping threads took: 0.0001889 seconds
2020-01-10T14:33:49.278+0000: 5060.107: Total time for which application threads were stopped: 0.0001921 seconds, Stopping threads took: 0.0000456 seconds
2020-01-10T14:33:49.278+0000: 5060.108: Total time for which application threads were stopped: 0.0002152 seconds, Stopping threads took: 0.0000388 seconds
2020-01-10T14:33:56.391+0000: 5067.221: Total time for which application threads were stopped: 0.0005368 seconds, Stopping threads took: 0.0001552 seconds
2020-01-10T14:34:13.311+0000: 5084.141: Total time for which application threads were stopped: 0.0004798 seconds, Stopping threads took: 0.0001330 seconds
2020-01-10T14:34:19.279+0000: 5090.109: Total time for which application threads were stopped: 0.0005119 seconds, Stopping threads took: 0.0001615 seconds
2020-01-10T14:34:26.392+0000: 5097.221: Total time for which application threads were stopped: 0.0006406 seconds, Stopping threads took: 0.0002660 seconds
2020-01-10T14:34:26.392+0000: 5097.222: Total time for which application threads were stopped: 0.0001967 seconds, Stopping threads took: 0.0000484 seconds
2020-01-10T14:34:26.393+0000: 5097.222: Total time for which application threads were stopped: 0.0002129 seconds, Stopping threads took: 0.0000535 seconds
2020-01-10T14:34:40.394+0000: 5111.224: Total time for which application threads were stopped: 0.0004543 seconds, Stopping threads took: 0.0001331 seconds
2020-01-10T14:34:43.312+0000: 5114.142: Total time for which application threads were stopped: 0.0004901 seconds, Stopping threads took: 0.0001224 seconds
2020-01-10T14:34:43.312+0000: 5114.142: Total time for which application threads were stopped: 0.0002062 seconds, Stopping threads took: 0.0000431 seconds
2020-01-10T14:34:43.313+0000: 5114.142: Total time for which application threads were stopped: 0.0001901 seconds, Stopping threads took: 0.0000297 seconds
2020-01-10T14:34:49.280+0000: 5120.109: Total time for which application threads were stopped: 0.0004568 seconds, Stopping threads took: 0.0001196 seconds
2020-01-10T14:34:49.280+0000: 5120.110: Total time for which application threads were stopped: 0.0001832 seconds, Stopping threads took: 0.0000359 seconds
2020-01-10T14:34:49.281+0000: 5120.110: Total time for which application threads were stopped: 0.0001706 seconds, Stopping threads took: 0.0000275 seconds
2020-01-10T14:34:56.394+0000: 5127.224: Total time for which application threads were stopped: 0.0004955 seconds, Stopping threads took: 0.0001626 seconds
2020-01-10T14:35:13.322+0000: 5144.152: Total time for which application threads were stopped: 0.0004733 seconds, Stopping threads took: 0.0001145 seconds
2020-01-10T14:35:19.283+0000: 5150.112: Total time for which application threads were stopped: 0.0004483 seconds, Stopping threads took: 0.0001199 seconds
2020-01-10T14:35:26.395+0000: 5157.224: Total time for which application threads were stopped: 0.0004574 seconds, Stopping threads took: 0.0001220 seconds
2020-01-10T14:35:26.395+0000: 5157.225: Total time for which application threads were stopped: 0.0001805 seconds, Stopping threads took: 0.0000364 seconds
2020-01-10T14:35:26.396+0000: 5157.226: Total time for which application threads were stopped: 0.0008069 seconds, Stopping threads took: 0.0000267 seconds
2020-01-10T14:35:43.315+0000: 5174.145: Total time for which application threads were stopped: 0.0004941 seconds, Stopping threads took: 0.0001248 seconds
2020-01-10T14:35:43.315+0000: 5174.145: Total time for which application threads were stopped: 0.0001820 seconds, Stopping threads took: 0.0000366 seconds
2020-01-10T14:35:43.316+0000: 5174.145: Total time for which application threads were stopped: 0.0001800 seconds, Stopping threads took: 0.0000370 seconds
2020-01-10T14:35:49.283+0000: 5180.113: Total time for which application threads were stopped: 0.0004520 seconds, Stopping threads took: 0.0001207 seconds
2020-01-10T14:35:49.283+0000: 5180.113: Total time for which application threads were stopped: 0.0002368 seconds, Stopping threads took: 0.0000696 seconds
2020-01-10T14:35:49.284+0000: 5180.113: Total time for which application threads were stopped: 0.0002639 seconds, Stopping threads took: 0.0000872 seconds
2020-01-10T14:35:56.398+0000: 5187.227: Total time for which application threads were stopped: 0.0004705 seconds, Stopping threads took: 0.0001450 seconds
2020-01-10T14:36:13.318+0000: 5204.148: Total time for which application threads were stopped: 0.0011888 seconds, Stopping threads took: 0.0001728 seconds
2020-01-10T14:36:26.398+0000: 5217.228: Total time for which application threads were stopped: 0.0004678 seconds, Stopping threads took: 0.0001203 seconds
2020-01-10T14:36:26.398+0000: 5217.228: Total time for which application threads were stopped: 0.0001893 seconds, Stopping threads took: 0.0000358 seconds
2020-01-10T14:36:26.399+0000: 5217.228: Total time for which application threads were stopped: 0.0001662 seconds, Stopping threads took: 0.0000268 seconds
2020-01-10T14:36:27.399+0000: 5218.229: Total time for which application threads were stopped: 0.0004026 seconds, Stopping threads took: 0.0001337 seconds
2020-01-10T14:36:43.318+0000: 5234.148: Total time for which application threads were stopped: 0.0005606 seconds, Stopping threads took: 0.0002302 seconds
2020-01-10T14:36:43.318+0000: 5234.148: Total time for which application threads were stopped: 0.0002454 seconds, Stopping threads took: 0.0000796 seconds
2020-01-10T14:36:43.319+0000: 5234.148: Total time for which application threads were stopped: 0.0002401 seconds, Stopping threads took: 0.0000692 seconds
2020-01-10T14:36:49.286+0000: 5240.115: Total time for which application threads were stopped: 0.0004054 seconds, Stopping threads took: 0.0001082 seconds
2020-01-10T14:36:49.286+0000: 5240.116: Total time for which application threads were stopped: 0.0001829 seconds, Stopping threads took: 0.0000398 seconds
2020-01-10T14:36:49.287+0000: 5240.116: Total time for which application threads were stopped: 0.0001679 seconds, Stopping threads took: 0.0000284 seconds
2020-01-10T14:36:56.400+0000: 5247.230: Total time for which application threads were stopped: 0.0003991 seconds, Stopping threads took: 0.0001204 seconds
2020-01-10T14:37:00.401+0000: 5251.231: Total time for which application threads were stopped: 0.0004441 seconds, Stopping threads took: 0.0001517 seconds
2020-01-10T14:37:05.402+0000: 5256.232: Total time for which application threads were stopped: 0.0004056 seconds, Stopping threads took: 0.0001229 seconds
2020-01-10T14:37:13.327+0000: 5264.156: Total time for which application threads were stopped: 0.0004884 seconds, Stopping threads took: 0.0001338 seconds
2020-01-10T14:37:15.327+0000: 5266.157: Total time for which application threads were stopped: 0.0004271 seconds, Stopping threads took: 0.0001193 seconds
2020-01-10T14:37:19.288+0000: 5270.118: Total time for which application threads were stopped: 0.0004942 seconds, Stopping threads took: 0.0001365 seconds
2020-01-10T14:37:26.401+0000: 5277.231: Total time for which application threads were stopped: 0.0004785 seconds, Stopping threads took: 0.0001173 seconds
2020-01-10T14:37:26.402+0000: 5277.231: Total time for which application threads were stopped: 0.0001927 seconds, Stopping threads took: 0.0000372 seconds
2020-01-10T14:37:26.402+0000: 5277.232: Total time for which application threads were stopped: 0.0001816 seconds, Stopping threads took: 0.0000275 seconds
2020-01-10T14:37:43.327+0000: 5294.157: Total time for which application threads were stopped: 0.0005319 seconds, Stopping threads took: 0.0001658 seconds
2020-01-10T14:37:43.328+0000: 5294.157: Total time for which application threads were stopped: 0.0002207 seconds, Stopping threads took: 0.0000412 seconds
2020-01-10T14:37:43.328+0000: 5294.158: Total time for which application threads were stopped: 0.0001858 seconds, Stopping threads took: 0.0000413 seconds
2020-01-10T14:37:49.289+0000: 5300.118: Total time for which application threads were stopped: 0.0005311 seconds, Stopping threads took: 0.0001993 seconds
2020-01-10T14:37:49.289+0000: 5300.119: Total time for which application threads were stopped: 0.0004281 seconds, Stopping threads took: 0.0002273 seconds
2020-01-10T14:37:49.290+0000: 5300.119: Total time for which application threads were stopped: 0.0002749 seconds, Stopping threads took: 0.0001101 seconds
2020-01-10T14:37:56.403+0000: 5307.233: Total time for which application threads were stopped: 0.0004750 seconds, Stopping threads took: 0.0001251 seconds
2020-01-10T14:38:13.330+0000: 5324.159: Total time for which application threads were stopped: 0.0004182 seconds, Stopping threads took: 0.0001440 seconds
2020-01-10T14:38:19.292+0000: 5330.122: Total time for which application threads were stopped: 0.0004109 seconds, Stopping threads took: 0.0001371 seconds
2020-01-10T14:38:26.404+0000: 5337.233: Total time for which application threads were stopped: 0.0003860 seconds, Stopping threads took: 0.0001126 seconds
2020-01-10T14:38:26.404+0000: 5337.234: Total time for which application threads were stopped: 0.0001676 seconds, Stopping threads took: 0.0000224 seconds
2020-01-10T14:38:26.404+0000: 5337.234: Total time for which application threads were stopped: 0.0001671 seconds, Stopping threads took: 0.0000231 seconds
2020-01-10T14:38:43.331+0000: 5354.160: Total time for which application threads were stopped: 0.0010220 seconds, Stopping threads took: 0.0001423 seconds
2020-01-10T14:38:43.331+0000: 5354.161: Total time for which application threads were stopped: 0.0001915 seconds, Stopping threads took: 0.0000404 seconds
2020-01-10T14:38:43.332+0000: 5354.161: Total time for which application threads were stopped: 0.0001717 seconds, Stopping threads took: 0.0000290 seconds
2020-01-10T14:38:49.293+0000: 5360.122: Total time for which application threads were stopped: 0.0003907 seconds, Stopping threads took: 0.0001122 seconds
2020-01-10T14:38:49.293+0000: 5360.122: Total time for which application threads were stopped: 0.0001977 seconds, Stopping threads took: 0.0000406 seconds
2020-01-10T14:38:49.293+0000: 5360.123: Total time for which application threads were stopped: 0.0001719 seconds, Stopping threads took: 0.0000293 seconds
2020-01-10T14:38:56.406+0000: 5367.235: Total time for which application threads were stopped: 0.0004006 seconds, Stopping threads took: 0.0001142 seconds
2020-01-10T14:39:13.333+0000: 5384.163: Total time for which application threads were stopped: 0.0004609 seconds, Stopping threads took: 0.0001418 seconds
2020-01-10T14:39:19.295+0000: 5390.124: Total time for which application threads were stopped: 0.0004026 seconds, Stopping threads took: 0.0001263 seconds
2020-01-10T14:39:26.406+0000: 5397.236: Total time for which application threads were stopped: 0.0003850 seconds, Stopping threads took: 0.0001105 seconds
2020-01-10T14:39:26.407+0000: 5397.236: Total time for which application threads were stopped: 0.0001760 seconds, Stopping threads took: 0.0000360 seconds
2020-01-10T14:39:26.408+0000: 5397.237: Total time for which application threads were stopped: 0.0007426 seconds, Stopping threads took: 0.0000264 seconds
2020-01-10T14:39:27.408+0000: 5398.238: Total time for which application threads were stopped: 0.0003960 seconds, Stopping threads took: 0.0001406 seconds
2020-01-10T14:39:43.334+0000: 5414.163: Total time for which application threads were stopped: 0.0004409 seconds, Stopping threads took: 0.0001422 seconds
2020-01-10T14:39:43.334+0000: 5414.164: Total time for which application threads were stopped: 0.0001821 seconds, Stopping threads took: 0.0000362 seconds
2020-01-10T14:39:43.335+0000: 5414.164: Total time for which application threads were stopped: 0.0001683 seconds, Stopping threads took: 0.0000270 seconds
2020-01-10T14:39:44.335+0000: 5415.165: Total time for which application threads were stopped: 0.0004129 seconds, Stopping threads took: 0.0001489 seconds
2020-01-10T14:39:49.295+0000: 5420.125: Total time for which application threads were stopped: 0.0004082 seconds, Stopping threads took: 0.0001214 seconds
2020-01-10T14:39:49.296+0000: 5420.125: Total time for which application threads were stopped: 0.0001901 seconds, Stopping threads took: 0.0000413 seconds
2020-01-10T14:39:49.296+0000: 5420.126: Total time for which application threads were stopped: 0.0001760 seconds, Stopping threads took: 0.0000303 seconds
2020-01-10T14:39:56.409+0000: 5427.239: Total time for which application threads were stopped: 0.0005046 seconds, Stopping threads took: 0.0001282 seconds
2020-01-10T14:40:13.336+0000: 5444.166: Total time for which application threads were stopped: 0.0004618 seconds, Stopping threads took: 0.0001812 seconds
2020-01-10T14:40:19.298+0000: 5450.127: Total time for which application threads were stopped: 0.0004116 seconds, Stopping threads took: 0.0001205 seconds
2020-01-10T14:40:26.410+0000: 5457.239: Total time for which application threads were stopped: 0.0004790 seconds, Stopping threads took: 0.0001868 seconds
2020-01-10T14:40:26.411+0000: 5457.240: Total time for which application threads were stopped: 0.0003216 seconds, Stopping threads took: 0.0001081 seconds
2020-01-10T14:40:26.411+0000: 5457.241: Total time for which application threads were stopped: 0.0002544 seconds, Stopping threads took: 0.0000640 seconds
2020-01-10T14:40:27.412+0000: 5458.242: Total time for which application threads were stopped: 0.0004697 seconds, Stopping threads took: 0.0001469 seconds
2020-01-10T14:40:43.337+0000: 5474.166: Total time for which application threads were stopped: 0.0005025 seconds, Stopping threads took: 0.0001597 seconds
2020-01-10T14:40:43.337+0000: 5474.167: Total time for which application threads were stopped: 0.0002023 seconds, Stopping threads took: 0.0000407 seconds
2020-01-10T14:40:43.337+0000: 5474.167: Total time for which application threads were stopped: 0.0002164 seconds, Stopping threads took: 0.0000295 seconds
2020-01-10T14:40:49.298+0000: 5480.128: Total time for which application threads were stopped: 0.0005174 seconds, Stopping threads took: 0.0001500 seconds
2020-01-10T14:40:49.299+0000: 5480.128: Total time for which application threads were stopped: 0.0001819 seconds, Stopping threads took: 0.0000375 seconds
2020-01-10T14:40:49.299+0000: 5480.129: Total time for which application threads were stopped: 0.0001685 seconds, Stopping threads took: 0.0000281 seconds
2020-01-10T14:40:56.413+0000: 5487.242: Total time for which application threads were stopped: 0.0004880 seconds, Stopping threads took: 0.0001391 seconds
2020-01-10T14:41:13.345+0000: 5504.175: Total time for which application threads were stopped: 0.0005348 seconds, Stopping threads took: 0.0001652 seconds
2020-01-10T14:41:19.301+0000: 5510.130: Total time for which application threads were stopped: 0.0004396 seconds, Stopping threads took: 0.0001207 seconds
2020-01-10T14:41:26.414+0000: 5517.243: Total time for which application threads were stopped: 0.0006840 seconds, Stopping threads took: 0.0002792 seconds
2020-01-10T14:41:26.414+0000: 5517.244: Total time for which application threads were stopped: 0.0002827 seconds, Stopping threads took: 0.0001004 seconds
2020-01-10T14:41:26.415+0000: 5517.244: Total time for which application threads were stopped: 0.0002969 seconds, Stopping threads took: 0.0000848 seconds
2020-01-10T14:41:43.346+0000: 5534.176: Total time for which application threads were stopped: 0.0004897 seconds, Stopping threads took: 0.0001360 seconds
2020-01-10T14:41:43.346+0000: 5534.176: Total time for which application threads were stopped: 0.0001881 seconds, Stopping threads took: 0.0000410 seconds
2020-01-10T14:41:43.347+0000: 5534.176: Total time for which application threads were stopped: 0.0001716 seconds, Stopping threads took: 0.0000290 seconds
2020-01-10T14:41:49.301+0000: 5540.131: Total time for which application threads were stopped: 0.0005421 seconds, Stopping threads took: 0.0001185 seconds
2020-01-10T14:41:49.302+0000: 5540.131: Total time for which application threads were stopped: 0.0001834 seconds, Stopping threads took: 0.0000368 seconds
2020-01-10T14:41:49.302+0000: 5540.132: Total time for which application threads were stopped: 0.0001826 seconds, Stopping threads took: 0.0000274 seconds
2020-01-10T14:41:56.416+0000: 5547.246: Total time for which application threads were stopped: 0.0005016 seconds, Stopping threads took: 0.0001265 seconds
2020-01-10T14:42:13.348+0000: 5564.178: Total time for which application threads were stopped: 0.0004755 seconds, Stopping threads took: 0.0001498 seconds
2020-01-10T14:42:19.304+0000: 5570.133: Total time for which application threads were stopped: 0.0004334 seconds, Stopping threads took: 0.0001124 seconds
2020-01-10T14:42:26.417+0000: 5577.246: Total time for which application threads were stopped: 0.0004710 seconds, Stopping threads took: 0.0001233 seconds
2020-01-10T14:42:26.417+0000: 5577.246: Total time for which application threads were stopped: 0.0001861 seconds, Stopping threads took: 0.0000413 seconds
2020-01-10T14:42:26.417+0000: 5577.247: Total time for which application threads were stopped: 0.0002866 seconds, Stopping threads took: 0.0001327 seconds
2020-01-10T14:42:27.418+0000: 5578.248: Total time for which application threads were stopped: 0.0004238 seconds, Stopping threads took: 0.0001123 seconds
2020-01-10T14:42:43.349+0000: 5594.178: Total time for which application threads were stopped: 0.0004103 seconds, Stopping threads took: 0.0001282 seconds
2020-01-10T14:42:43.349+0000: 5594.179: Total time for which application threads were stopped: 0.0002111 seconds, Stopping threads took: 0.0000393 seconds
2020-01-10T14:42:43.350+0000: 5594.179: Total time for which application threads were stopped: 0.0002211 seconds, Stopping threads took: 0.0000394 seconds
2020-01-10T14:42:49.304+0000: 5600.134: Total time for which application threads were stopped: 0.0004828 seconds, Stopping threads took: 0.0001359 seconds
2020-01-10T14:42:49.304+0000: 5600.134: Total time for which application threads were stopped: 0.0001880 seconds, Stopping threads took: 0.0000404 seconds
2020-01-10T14:42:49.305+0000: 5600.134: Total time for which application threads were stopped: 0.0001755 seconds, Stopping threads took: 0.0000295 seconds
2020-01-10T14:42:56.419+0000: 5607.249: Total time for which application threads were stopped: 0.0004957 seconds, Stopping threads took: 0.0001353 seconds
2020-01-10T14:43:13.352+0000: 5624.182: Total time for which application threads were stopped: 0.0011663 seconds, Stopping threads took: 0.0001705 seconds
2020-01-10T14:43:26.420+0000: 5637.249: Total time for which application threads were stopped: 0.0004800 seconds, Stopping threads took: 0.0001288 seconds
2020-01-10T14:43:26.420+0000: 5637.250: Total time for which application threads were stopped: 0.0001886 seconds, Stopping threads took: 0.0000419 seconds
2020-01-10T14:43:26.421+0000: 5637.251: Total time for which application threads were stopped: 0.0009337 seconds, Stopping threads took: 0.0000287 seconds
2020-01-10T14:43:43.352+0000: 5654.181: Total time for which application threads were stopped: 0.0005008 seconds, Stopping threads took: 0.0001497 seconds
2020-01-10T14:43:43.352+0000: 5654.182: Total time for which application threads were stopped: 0.0001855 seconds, Stopping threads took: 0.0000381 seconds
2020-01-10T14:43:43.353+0000: 5654.182: Total time for which application threads were stopped: 0.0002506 seconds, Stopping threads took: 0.0000282 seconds
2020-01-10T14:43:49.307+0000: 5660.136: Total time for which application threads were stopped: 0.0004651 seconds, Stopping threads took: 0.0001244 seconds
2020-01-10T14:43:49.307+0000: 5660.137: Total time for which application threads were stopped: 0.0001895 seconds, Stopping threads took: 0.0000414 seconds
2020-01-10T14:43:49.308+0000: 5660.137: Total time for which application threads were stopped: 0.0001752 seconds, Stopping threads took: 0.0000305 seconds
2020-01-10T14:43:56.423+0000: 5667.252: Total time for which application threads were stopped: 0.0004518 seconds, Stopping threads took: 0.0001268 seconds
2020-01-10T14:44:13.355+0000: 5684.184: Total time for which application threads were stopped: 0.0004946 seconds, Stopping threads took: 0.0001465 seconds
2020-01-10T14:44:15.355+0000: 5686.185: Total time for which application threads were stopped: 0.0004395 seconds, Stopping threads took: 0.0001214 seconds
2020-01-10T14:44:19.309+0000: 5690.139: Total time for which application threads were stopped: 0.0005637 seconds, Stopping threads took: 0.0001623 seconds
2020-01-10T14:44:26.423+0000: 5697.253: Total time for which application threads were stopped: 0.0004162 seconds, Stopping threads took: 0.0001262 seconds
2020-01-10T14:44:26.423+0000: 5697.253: Total time for which application threads were stopped: 0.0001648 seconds, Stopping threads took: 0.0000220 seconds
2020-01-10T14:44:26.424+0000: 5697.253: Total time for which application threads were stopped: 0.0001669 seconds, Stopping threads took: 0.0000225 seconds
2020-01-10T14:44:43.355+0000: 5714.184: Total time for which application threads were stopped: 0.0004818 seconds, Stopping threads took: 0.0001460 seconds
2020-01-10T14:44:43.355+0000: 5714.185: Total time for which application threads were stopped: 0.0003039 seconds, Stopping threads took: 0.0001355 seconds
2020-01-10T14:44:43.356+0000: 5714.185: Total time for which application threads were stopped: 0.0003188 seconds, Stopping threads took: 0.0001066 seconds
2020-01-10T14:44:49.310+0000: 5720.139: Total time for which application threads were stopped: 0.0005046 seconds, Stopping threads took: 0.0001445 seconds
2020-01-10T14:44:49.310+0000: 5720.140: Total time for which application threads were stopped: 0.0001886 seconds, Stopping threads took: 0.0000382 seconds
2020-01-10T14:44:49.311+0000: 5720.140: Total time for which application threads were stopped: 0.0002119 seconds, Stopping threads took: 0.0000280 seconds
2020-01-10T14:44:56.425+0000: 5727.255: Total time for which application threads were stopped: 0.0005667 seconds, Stopping threads took: 0.0001528 seconds
2020-01-10T14:45:13.358+0000: 5744.187: Total time for which application threads were stopped: 0.0005912 seconds, Stopping threads took: 0.0002135 seconds
2020-01-10T14:45:19.312+0000: 5750.142: Total time for which application threads were stopped: 0.0004932 seconds, Stopping threads took: 0.0001391 seconds
2020-01-10T14:45:20.313+0000: 5751.142: Total time for which application threads were stopped: 0.0004845 seconds, Stopping threads took: 0.0001452 seconds
2020-01-10T14:45:26.426+0000: 5757.255: Total time for which application threads were stopped: 0.0006134 seconds, Stopping threads took: 0.0002274 seconds
2020-01-10T14:45:26.426+0000: 5757.256: Total time for which application threads were stopped: 0.0002862 seconds, Stopping threads took: 0.0001181 seconds
2020-01-10T14:45:26.427+0000: 5757.256: Total time for which application threads were stopped: 0.0002851 seconds, Stopping threads took: 0.0000794 seconds
2020-01-10T14:45:43.359+0000: 5774.188: Total time for which application threads were stopped: 0.0010028 seconds, Stopping threads took: 0.0001328 seconds
2020-01-10T14:45:43.359+0000: 5774.188: Total time for which application threads were stopped: 0.0001712 seconds, Stopping threads took: 0.0000221 seconds
2020-01-10T14:45:43.359+0000: 5774.189: Total time for which application threads were stopped: 0.0002710 seconds, Stopping threads took: 0.0000753 seconds
2020-01-10T14:45:44.360+0000: 5775.189: Total time for which application threads were stopped: 0.0004775 seconds, Stopping threads took: 0.0001480 seconds
2020-01-10T14:45:49.313+0000: 5780.142: Total time for which application threads were stopped: 0.0004665 seconds, Stopping threads took: 0.0001237 seconds
2020-01-10T14:45:49.313+0000: 5780.143: Total time for which application threads were stopped: 0.0002208 seconds, Stopping threads took: 0.0000461 seconds
2020-01-10T14:45:49.314+0000: 5780.143: Total time for which application threads were stopped: 0.0001831 seconds, Stopping threads took: 0.0000369 seconds
2020-01-10T14:45:50.314+0000: 5781.144: Total time for which application threads were stopped: 0.0004570 seconds, Stopping threads took: 0.0001239 seconds
2020-01-10T14:45:56.428+0000: 5787.258: Total time for which application threads were stopped: 0.0005015 seconds, Stopping threads took: 0.0001375 seconds
2020-01-10T14:46:13.363+0000: 5804.192: Total time for which application threads were stopped: 0.0005281 seconds, Stopping threads took: 0.0001630 seconds
2020-01-10T14:46:19.315+0000: 5810.145: Total time for which application threads were stopped: 0.0004244 seconds, Stopping threads took: 0.0001327 seconds
2020-01-10T14:46:26.430+0000: 5817.260: Total time for which application threads were stopped: 0.0004715 seconds, Stopping threads took: 0.0001291 seconds
2020-01-10T14:46:26.430+0000: 5817.260: Total time for which application threads were stopped: 0.0001825 seconds, Stopping threads took: 0.0000369 seconds
2020-01-10T14:46:26.431+0000: 5817.260: Total time for which application threads were stopped: 0.0001703 seconds, Stopping threads took: 0.0000269 seconds
2020-01-10T14:46:43.363+0000: 5834.192: Total time for which application threads were stopped: 0.0004887 seconds, Stopping threads took: 0.0001482 seconds
2020-01-10T14:46:43.363+0000: 5834.193: Total time for which application threads were stopped: 0.0001876 seconds, Stopping threads took: 0.0000405 seconds
2020-01-10T14:46:43.364+0000: 5834.193: Total time for which application threads were stopped: 0.0001743 seconds, Stopping threads took: 0.0000292 seconds
2020-01-10T14:46:49.316+0000: 5840.145: Total time for which application threads were stopped: 0.0004859 seconds, Stopping threads took: 0.0001299 seconds
2020-01-10T14:46:49.316+0000: 5840.146: Total time for which application threads were stopped: 0.0002047 seconds, Stopping threads took: 0.0000553 seconds
2020-01-10T14:46:49.317+0000: 5840.146: Total time for which application threads were stopped: 0.0001912 seconds, Stopping threads took: 0.0000439 seconds
2020-01-10T14:46:50.317+0000: 5841.147: Total time for which application threads were stopped: 0.0005172 seconds, Stopping threads took: 0.0001487 seconds
2020-01-10T14:46:55.318+0000: 5846.148: Total time for which application threads were stopped: 0.0004855 seconds, Stopping threads took: 0.0001425 seconds
2020-01-10T14:46:56.432+0000: 5847.262: Total time for which application threads were stopped: 0.0004891 seconds, Stopping threads took: 0.0001482 seconds
2020-01-10T14:47:13.365+0000: 5864.195: Total time for which application threads were stopped: 0.0005607 seconds, Stopping threads took: 0.0001444 seconds
2020-01-10T14:47:19.320+0000: 5870.150: Total time for which application threads were stopped: 0.0004712 seconds, Stopping threads took: 0.0001341 seconds
2020-01-10T14:47:26.433+0000: 5877.262: Total time for which application threads were stopped: 0.0004678 seconds, Stopping threads took: 0.0001191 seconds
2020-01-10T14:47:26.433+0000: 5877.263: Total time for which application threads were stopped: 0.0002055 seconds, Stopping threads took: 0.0000365 seconds
2020-01-10T14:47:26.434+0000: 5877.264: Total time for which application threads were stopped: 0.0008804 seconds, Stopping threads took: 0.0000427 seconds
2020-01-10T14:47:43.366+0000: 5894.196: Total time for which application threads were stopped: 0.0012868 seconds, Stopping threads took: 0.0010113 seconds
2020-01-10T14:47:43.367+0000: 5894.196: Total time for which application threads were stopped: 0.0001878 seconds, Stopping threads took: 0.0000423 seconds
2020-01-10T14:47:43.367+0000: 5894.197: Total time for which application threads were stopped: 0.0001901 seconds, Stopping threads took: 0.0000326 seconds
2020-01-10T14:47:49.319+0000: 5900.148: Total time for which application threads were stopped: 0.0005421 seconds, Stopping threads took: 0.0001674 seconds
2020-01-10T14:47:49.319+0000: 5900.149: Total time for which application threads were stopped: 0.0002235 seconds, Stopping threads took: 0.0000284 seconds
2020-01-10T14:47:49.319+0000: 5900.149: Total time for which application threads were stopped: 0.0001848 seconds, Stopping threads took: 0.0000373 seconds
2020-01-10T14:47:56.436+0000: 5907.266: Total time for which application threads were stopped: 0.0005273 seconds, Stopping threads took: 0.0001557 seconds
2020-01-10T14:48:13.369+0000: 5924.198: Total time for which application threads were stopped: 0.0004397 seconds, Stopping threads took: 0.0001396 seconds
2020-01-10T14:48:19.321+0000: 5930.151: Total time for which application threads were stopped: 0.0006062 seconds, Stopping threads took: 0.0001955 seconds
2020-01-10T14:48:26.436+0000: 5937.266: Total time for which application threads were stopped: 0.0005043 seconds, Stopping threads took: 0.0001480 seconds
2020-01-10T14:48:26.437+0000: 5937.266: Total time for which application threads were stopped: 0.0001891 seconds, Stopping threads took: 0.0000415 seconds
2020-01-10T14:48:26.437+0000: 5937.267: Total time for which application threads were stopped: 0.0002513 seconds, Stopping threads took: 0.0000420 seconds
2020-01-10T14:48:43.369+0000: 5954.199: Total time for which application threads were stopped: 0.0005054 seconds, Stopping threads took: 0.0001388 seconds
2020-01-10T14:48:43.370+0000: 5954.199: Total time for which application threads were stopped: 0.0001919 seconds, Stopping threads took: 0.0000429 seconds
2020-01-10T14:48:43.370+0000: 5954.199: Total time for which application threads were stopped: 0.0001767 seconds, Stopping threads took: 0.0000298 seconds
2020-01-10T14:48:49.322+0000: 5960.151: Total time for which application threads were stopped: 0.0005382 seconds, Stopping threads took: 0.0001730 seconds
2020-01-10T14:48:49.322+0000: 5960.152: Total time for which application threads were stopped: 0.0001911 seconds, Stopping threads took: 0.0000415 seconds
2020-01-10T14:48:49.323+0000: 5960.152: Total time for which application threads were stopped: 0.0002493 seconds, Stopping threads took: 0.0000298 seconds
2020-01-10T14:48:56.439+0000: 5967.268: Total time for which application threads were stopped: 0.0004771 seconds, Stopping threads took: 0.0001387 seconds
2020-01-10T14:49:13.371+0000: 5984.201: Total time for which application threads were stopped: 0.0004720 seconds, Stopping threads took: 0.0001351 seconds
2020-01-10T14:49:19.324+0000: 5990.154: Total time for which application threads were stopped: 0.0005322 seconds, Stopping threads took: 0.0001632 seconds
2020-01-10T14:49:26.440+0000: 5997.269: Total time for which application threads were stopped: 0.0005312 seconds, Stopping threads took: 0.0001464 seconds
2020-01-10T14:49:26.440+0000: 5997.270: Total time for which application threads were stopped: 0.0001911 seconds, Stopping threads took: 0.0000418 seconds
2020-01-10T14:49:26.440+0000: 5997.270: Total time for which application threads were stopped: 0.0001766 seconds, Stopping threads took: 0.0000298 seconds
2020-01-10T14:49:43.372+0000: 6014.201: Total time for which application threads were stopped: 0.0004884 seconds, Stopping threads took: 0.0001331 seconds
2020-01-10T14:49:43.372+0000: 6014.202: Total time for which application threads were stopped: 0.0001922 seconds, Stopping threads took: 0.0000231 seconds
2020-01-10T14:49:43.373+0000: 6014.202: Total time for which application threads were stopped: 0.0001710 seconds, Stopping threads took: 0.0000227 seconds
2020-01-10T14:49:49.325+0000: 6020.154: Total time for which application threads were stopped: 0.0005106 seconds, Stopping threads took: 0.0001551 seconds
2020-01-10T14:49:49.325+0000: 6020.155: Total time for which application threads were stopped: 0.0002303 seconds, Stopping threads took: 0.0000364 seconds
2020-01-10T14:49:49.326+0000: 6020.155: Total time for which application threads were stopped: 0.0002130 seconds, Stopping threads took: 0.0000361 seconds
2020-01-10T14:49:56.442+0000: 6027.272: Total time for which application threads were stopped: 0.0005964 seconds, Stopping threads took: 0.0001695 seconds
2020-01-10T14:50:13.375+0000: 6044.204: Total time for which application threads were stopped: 0.0011255 seconds, Stopping threads took: 0.0001391 seconds
2020-01-10T14:50:26.443+0000: 6057.272: Total time for which application threads were stopped: 0.0005589 seconds, Stopping threads took: 0.0001567 seconds
2020-01-10T14:50:26.443+0000: 6057.273: Total time for which application threads were stopped: 0.0002777 seconds, Stopping threads took: 0.0000448 seconds
2020-01-10T14:50:26.444+0000: 6057.273: Total time for which application threads were stopped: 0.0003172 seconds, Stopping threads took: 0.0000470 seconds
2020-01-10T14:50:27.444+0000: 6058.274: Total time for which application threads were stopped: 0.0005393 seconds, Stopping threads took: 0.0001776 seconds
2020-01-10T14:50:40.446+0000: 6071.275: Total time for which application threads were stopped: 0.0004798 seconds, Stopping threads took: 0.0001408 seconds
2020-01-10T14:50:43.375+0000: 6074.204: Total time for which application threads were stopped: 0.0005953 seconds, Stopping threads took: 0.0002266 seconds
2020-01-10T14:50:43.375+0000: 6074.205: Total time for which application threads were stopped: 0.0002116 seconds, Stopping threads took: 0.0000458 seconds
2020-01-10T14:50:43.376+0000: 6074.205: Total time for which application threads were stopped: 0.0003658 seconds, Stopping threads took: 0.0001546 seconds
2020-01-10T14:50:49.328+0000: 6080.157: Total time for which application threads were stopped: 0.0005958 seconds, Stopping threads took: 0.0001819 seconds
2020-01-10T14:50:49.328+0000: 6080.158: Total time for which application threads were stopped: 0.0002181 seconds, Stopping threads took: 0.0000442 seconds
2020-01-10T14:50:49.329+0000: 6080.158: Total time for which application threads were stopped: 0.0002449 seconds, Stopping threads took: 0.0000518 seconds
2020-01-10T14:50:56.445+0000: 6087.275: Total time for which application threads were stopped: 0.0005512 seconds, Stopping threads took: 0.0001361 seconds
2020-01-10T14:51:13.378+0000: 6104.207: Total time for which application threads were stopped: 0.0007235 seconds, Stopping threads took: 0.0001796 seconds
2020-01-10T14:51:19.330+0000: 6110.160: Total time for which application threads were stopped: 0.0005284 seconds, Stopping threads took: 0.0001486 seconds
2020-01-10T14:51:26.445+0000: 6117.275: Total time for which application threads were stopped: 0.0005084 seconds, Stopping threads took: 0.0001368 seconds
2020-01-10T14:51:26.446+0000: 6117.275: Total time for which application threads were stopped: 0.0001886 seconds, Stopping threads took: 0.0000413 seconds
2020-01-10T14:51:26.447+0000: 6117.277: Total time for which application threads were stopped: 0.0008826 seconds, Stopping threads took: 0.0000395 seconds
2020-01-10T14:51:43.378+0000: 6134.207: Total time for which application threads were stopped: 0.0005028 seconds, Stopping threads took: 0.0001428 seconds
2020-01-10T14:51:43.378+0000: 6134.208: Total time for which application threads were stopped: 0.0003941 seconds, Stopping threads took: 0.0000741 seconds
2020-01-10T14:51:43.379+0000: 6134.208: Total time for which application threads were stopped: 0.0002199 seconds, Stopping threads took: 0.0000376 seconds
2020-01-10T14:51:45.380+0000: 6136.209: Total time for which application threads were stopped: 0.0005066 seconds, Stopping threads took: 0.0001585 seconds
2020-01-10T14:51:49.331+0000: 6140.160: Total time for which application threads were stopped: 0.0004908 seconds, Stopping threads took: 0.0001379 seconds
2020-01-10T14:51:49.331+0000: 6140.161: Total time for which application threads were stopped: 0.0001969 seconds, Stopping threads took: 0.0000363 seconds
2020-01-10T14:51:49.332+0000: 6140.161: Total time for which application threads were stopped: 0.0001769 seconds, Stopping threads took: 0.0000303 seconds
2020-01-10T14:51:54.151+0000: 6144.980: Total time for which application threads were stopped: 0.0013376 seconds, Stopping threads took: 0.0002086 seconds
2020-01-10T14:51:54.804+0000: 6145.633: Total time for which application threads were stopped: 0.0027425 seconds, Stopping threads took: 0.0023286 seconds
2020-01-10T14:51:56.449+0000: 6147.278: Total time for which application threads were stopped: 0.0004932 seconds, Stopping threads took: 0.0001478 seconds
2020-01-10T14:52:06.542+0000: 6157.372: [GC pause (G1 Evacuation Pause) (young)
Desired survivor size 40370176 bytes, new threshold 15 (max 15)
- age   1:    2779408 bytes,    2779408 total
- age   2:     611920 bytes,    3391328 total
- age   3:    1029272 bytes,    4420600 total
- age   4:     830144 bytes,    5250744 total
- age   5:    1099648 bytes,    6350392 total
- age   6:    1207616 bytes,    7558008 total
- age   7:      83192 bytes,    7641200 total
- age   8:       7424 bytes,    7648624 total
- age   9:       5232 bytes,    7653856 total
- age  10:       5920 bytes,    7659776 total
- age  11:       4408 bytes,    7664184 total
- age  12:       5240 bytes,    7669424 total
- age  13:       4272 bytes,    7673696 total
- age  14:       6936 bytes,    7680632 total
- age  15:       6680 bytes,    7687312 total
, 0.1113456 secs]
   [Parallel Time: 13.6 ms, GC Workers: 4]
      [GC Worker Start (ms): Min: 6157372.2, Avg: 6157372.2, Max: 6157372.3, Diff: 0.1]
      [Ext Root Scanning (ms): Min: 2.6, Avg: 2.7, Max: 3.0, Diff: 0.4, Sum: 10.9]
      [Update RS (ms): Min: 1.9, Avg: 2.0, Max: 2.2, Diff: 0.3, Sum: 7.8]
         [Processed Buffers: Min: 9, Avg: 30.8, Max: 58, Diff: 49, Sum: 123]
      [Scan RS (ms): Min: 0.1, Avg: 0.2, Max: 0.2, Diff: 0.2, Sum: 0.8]
      [Code Root Scanning (ms): Min: 0.0, Avg: 0.6, Max: 1.1, Diff: 1.1, Sum: 2.2]
      [Object Copy (ms): Min: 7.4, Avg: 8.0, Max: 8.6, Diff: 1.2, Sum: 31.9]
      [Termination (ms): Min: 0.0, Avg: 0.0, Max: 0.0, Diff: 0.0, Sum: 0.0]
         [Termination Attempts: Min: 1, Avg: 1.5, Max: 2, Diff: 1, Sum: 6]
      [GC Worker Other (ms): Min: 0.0, Avg: 0.1, Max: 0.1, Diff: 0.1, Sum: 0.3]
      [GC Worker Total (ms): Min: 13.4, Avg: 13.5, Max: 13.5, Diff: 0.1, Sum: 53.9]
      [GC Worker End (ms): Min: 6157385.7, Avg: 6157385.7, Max: 6157385.7, Diff: 0.0]
   [Code Root Fixup: 0.0 ms]
   [Code Root Purge: 0.0 ms]
   [Clear CT: 0.4 ms]
   [Other: 97.3 ms]
      [Choose CSet: 0.0 ms]
      [Ref Proc: 95.7 ms]
      [Ref Enq: 0.4 ms]
      [Redirty Cards: 0.2 ms]
      [Humongous Register: 0.1 ms]
      [Humongous Reclaim: 0.0 ms]
      [Free CSet: 0.6 ms]
   [Eden: 586.0M(586.0M)->0.0B(577.0M) Survivors: 28672.0K->37888.0K Heap: 727.5M(1024.0M)->150.0M(1024.0M)]
 [Times: user=0.15 sys=0.00, real=0.11 secs] 
2020-01-10T14:52:06.654+0000: 6157.483: Total time for which application threads were stopped: 0.1120847 seconds, Stopping threads took: 0.0001343 seconds
2020-01-10T14:52:06.654+0000: 6157.484: Total time for which application threads were stopped: 0.0004042 seconds, Stopping threads took: 0.0001281 seconds
2020-01-10T14:52:06.655+0000: 6157.484: Total time for which application threads were stopped: 0.0002082 seconds, Stopping threads took: 0.0000636 seconds
2020-01-10T14:52:06.656+0000: 6157.485: Total time for which application threads were stopped: 0.0008437 seconds, Stopping threads took: 0.0000439 seconds
2020-01-10T14:52:13.380+0000: 6164.210: Total time for which application threads were stopped: 0.0005043 seconds, Stopping threads took: 0.0001405 seconds
2020-01-10T14:52:14.381+0000: 6165.211: Total time for which application threads were stopped: 0.0005143 seconds, Stopping threads took: 0.0001538 seconds
2020-01-10T14:52:19.334+0000: 6170.163: Total time for which application threads were stopped: 0.0006633 seconds, Stopping threads took: 0.0002020 seconds
2020-01-10T14:52:26.449+0000: 6177.279: Total time for which application threads were stopped: 0.0005566 seconds, Stopping threads took: 0.0001470 seconds
2020-01-10T14:52:26.449+0000: 6177.279: Total time for which application threads were stopped: 0.0002027 seconds, Stopping threads took: 0.0000453 seconds
2020-01-10T14:52:26.450+0000: 6177.279: Total time for which application threads were stopped: 0.0001749 seconds, Stopping threads took: 0.0000288 seconds
2020-01-10T14:52:27.451+0000: 6178.280: Total time for which application threads were stopped: 0.0006383 seconds, Stopping threads took: 0.0001837 seconds
2020-01-10T14:52:43.382+0000: 6194.211: Total time for which application threads were stopped: 0.0016119 seconds, Stopping threads took: 0.0001562 seconds
2020-01-10T14:52:43.382+0000: 6194.212: Total time for which application threads were stopped: 0.0002929 seconds, Stopping threads took: 0.0000627 seconds
2020-01-10T14:52:43.383+0000: 6194.213: Total time for which application threads were stopped: 0.0003577 seconds, Stopping threads took: 0.0000523 seconds
2020-01-10T14:52:49.334+0000: 6200.163: Total time for which application threads were stopped: 0.0005243 seconds, Stopping threads took: 0.0001648 seconds
2020-01-10T14:52:49.334+0000: 6200.164: Total time for which application threads were stopped: 0.0002042 seconds, Stopping threads took: 0.0000370 seconds
2020-01-10T14:52:49.335+0000: 6200.164: Total time for which application threads were stopped: 0.0001839 seconds, Stopping threads took: 0.0000366 seconds
2020-01-10T14:52:56.451+0000: 6207.281: Total time for which application threads were stopped: 0.0005338 seconds, Stopping threads took: 0.0001333 seconds
2020-01-10T14:53:13.385+0000: 6224.214: Total time for which application threads were stopped: 0.0004835 seconds, Stopping threads took: 0.0002036 seconds
2020-01-10T14:53:19.336+0000: 6230.166: Total time for which application threads were stopped: 0.0004363 seconds, Stopping threads took: 0.0001393 seconds
2020-01-10T14:53:26.452+0000: 6237.281: Total time for which application threads were stopped: 0.0005253 seconds, Stopping threads took: 0.0001667 seconds
2020-01-10T14:53:26.452+0000: 6237.282: Total time for which application threads were stopped: 0.0001860 seconds, Stopping threads took: 0.0000415 seconds
2020-01-10T14:53:26.453+0000: 6237.282: Total time for which application threads were stopped: 0.0002293 seconds, Stopping threads took: 0.0000310 seconds
2020-01-10T14:53:43.386+0000: 6254.215: Total time for which application threads were stopped: 0.0006449 seconds, Stopping threads took: 0.0002638 seconds
2020-01-10T14:53:43.386+0000: 6254.216: Total time for which application threads were stopped: 0.0002722 seconds, Stopping threads took: 0.0001019 seconds
2020-01-10T14:53:43.387+0000: 6254.216: Total time for which application threads were stopped: 0.0003053 seconds, Stopping threads took: 0.0000750 seconds
2020-01-10T14:53:49.337+0000: 6260.166: Total time for which application threads were stopped: 0.0005282 seconds, Stopping threads took: 0.0001472 seconds
2020-01-10T14:53:49.337+0000: 6260.167: Total time for which application threads were stopped: 0.0001890 seconds, Stopping threads took: 0.0000412 seconds
2020-01-10T14:53:49.337+0000: 6260.167: Total time for which application threads were stopped: 0.0001760 seconds, Stopping threads took: 0.0000296 seconds
2020-01-10T14:53:56.455+0000: 6267.284: Total time for which application threads were stopped: 0.0005446 seconds, Stopping threads took: 0.0001689 seconds
2020-01-10T14:54:13.388+0000: 6284.218: Total time for which application threads were stopped: 0.0005136 seconds, Stopping threads took: 0.0001544 seconds
2020-01-10T14:54:19.339+0000: 6290.169: Total time for which application threads were stopped: 0.0005114 seconds, Stopping threads took: 0.0001513 seconds
2020-01-10T14:54:26.455+0000: 6297.285: Total time for which application threads were stopped: 0.0005227 seconds, Stopping threads took: 0.0001594 seconds
2020-01-10T14:54:26.456+0000: 6297.285: Total time for which application threads were stopped: 0.0002046 seconds, Stopping threads took: 0.0000365 seconds
2020-01-10T14:54:26.456+0000: 6297.286: Total time for which application threads were stopped: 0.0001809 seconds, Stopping threads took: 0.0000366 seconds
2020-01-10T14:54:43.389+0000: 6314.218: Total time for which application threads were stopped: 0.0005222 seconds, Stopping threads took: 0.0001613 seconds
2020-01-10T14:54:43.389+0000: 6314.218: Total time for which application threads were stopped: 0.0001878 seconds, Stopping threads took: 0.0000424 seconds
2020-01-10T14:54:43.389+0000: 6314.219: Total time for which application threads were stopped: 0.0002057 seconds, Stopping threads took: 0.0000543 seconds
2020-01-10T14:54:49.339+0000: 6320.169: Total time for which application threads were stopped: 0.0005357 seconds, Stopping threads took: 0.0001444 seconds
2020-01-10T14:54:49.340+0000: 6320.169: Total time for which application threads were stopped: 0.0001898 seconds, Stopping threads took: 0.0000231 seconds
2020-01-10T14:54:49.340+0000: 6320.170: Total time for which application threads were stopped: 0.0001907 seconds, Stopping threads took: 0.0000242 seconds
2020-01-10T14:54:56.458+0000: 6327.287: Total time for which application threads were stopped: 0.0005406 seconds, Stopping threads took: 0.0001773 seconds
2020-01-10T14:55:13.391+0000: 6344.221: Total time for which application threads were stopped: 0.0005838 seconds, Stopping threads took: 0.0001985 seconds
2020-01-10T14:55:19.342+0000: 6350.172: Total time for which application threads were stopped: 0.0004290 seconds, Stopping threads took: 0.0001498 seconds
2020-01-10T14:55:26.458+0000: 6357.288: Total time for which application threads were stopped: 0.0005159 seconds, Stopping threads took: 0.0001464 seconds
2020-01-10T14:55:26.459+0000: 6357.288: Total time for which application threads were stopped: 0.0001983 seconds, Stopping threads took: 0.0000409 seconds
2020-01-10T14:55:26.460+0000: 6357.289: Total time for which application threads were stopped: 0.0009132 seconds, Stopping threads took: 0.0000413 seconds
2020-01-10T14:55:43.391+0000: 6374.221: Total time for which application threads were stopped: 0.0004178 seconds, Stopping threads took: 0.0001114 seconds
2020-01-10T14:55:43.392+0000: 6374.221: Total time for which application threads were stopped: 0.0001870 seconds, Stopping threads took: 0.0000384 seconds
2020-01-10T14:55:43.392+0000: 6374.222: Total time for which application threads were stopped: 0.0002085 seconds, Stopping threads took: 0.0000427 seconds
2020-01-10T14:55:49.342+0000: 6380.172: Total time for which application threads were stopped: 0.0004103 seconds, Stopping threads took: 0.0001159 seconds
2020-01-10T14:55:49.343+0000: 6380.172: Total time for which application threads were stopped: 0.0001689 seconds, Stopping threads took: 0.0000222 seconds
2020-01-10T14:55:49.343+0000: 6380.172: Total time for which application threads were stopped: 0.0001710 seconds, Stopping threads took: 0.0000223 seconds
2020-01-10T14:55:56.461+0000: 6387.291: Total time for which application threads were stopped: 0.0004485 seconds, Stopping threads took: 0.0001510 seconds
2020-01-10T14:56:13.394+0000: 6404.223: Total time for which application threads were stopped: 0.0005644 seconds, Stopping threads took: 0.0002064 seconds
2020-01-10T14:56:19.344+0000: 6410.174: Total time for which application threads were stopped: 0.0005067 seconds, Stopping threads took: 0.0001458 seconds
2020-01-10T14:56:26.462+0000: 6417.291: Total time for which application threads were stopped: 0.0005643 seconds, Stopping threads took: 0.0002037 seconds
2020-01-10T14:56:26.462+0000: 6417.292: Total time for which application threads were stopped: 0.0002406 seconds, Stopping threads took: 0.0000627 seconds
2020-01-10T14:56:26.463+0000: 6417.292: Total time for which application threads were stopped: 0.0003654 seconds, Stopping threads took: 0.0001610 seconds
2020-01-10T14:56:43.394+0000: 6434.224: Total time for which application threads were stopped: 0.0004858 seconds, Stopping threads took: 0.0001328 seconds
2020-01-10T14:56:43.394+0000: 6434.224: Total time for which application threads were stopped: 0.0001879 seconds, Stopping threads took: 0.0000403 seconds
2020-01-10T14:56:43.395+0000: 6434.224: Total time for which application threads were stopped: 0.0001770 seconds, Stopping threads took: 0.0000292 seconds
2020-01-10T14:56:44.395+0000: 6435.225: Total time for which application threads were stopped: 0.0004047 seconds, Stopping threads took: 0.0001206 seconds
2020-01-10T14:56:49.345+0000: 6440.174: Total time for which application threads were stopped: 0.0005108 seconds, Stopping threads took: 0.0001535 seconds
2020-01-10T14:56:49.345+0000: 6440.175: Total time for which application threads were stopped: 0.0002345 seconds, Stopping threads took: 0.0000372 seconds
2020-01-10T14:56:49.346+0000: 6440.175: Total time for which application threads were stopped: 0.0002302 seconds, Stopping threads took: 0.0000377 seconds
2020-01-10T14:56:50.346+0000: 6441.176: Total time for which application threads were stopped: 0.0005131 seconds, Stopping threads took: 0.0001461 seconds
2020-01-10T14:56:56.464+0000: 6447.294: Total time for which application threads were stopped: 0.0005068 seconds, Stopping threads took: 0.0001319 seconds
2020-01-10T14:57:13.398+0000: 6464.228: Total time for which application threads were stopped: 0.0017798 seconds, Stopping threads took: 0.0002061 seconds
2020-01-10T14:57:26.465+0000: 6477.295: Total time for which application threads were stopped: 0.0006679 seconds, Stopping threads took: 0.0001834 seconds
2020-01-10T14:57:26.466+0000: 6477.295: Total time for which application threads were stopped: 0.0002522 seconds, Stopping threads took: 0.0000717 seconds
2020-01-10T14:57:26.466+0000: 6477.296: Total time for which application threads were stopped: 0.0003348 seconds, Stopping threads took: 0.0001107 seconds
2020-01-10T14:57:43.397+0000: 6494.227: Total time for which application threads were stopped: 0.0008291 seconds, Stopping threads took: 0.0002016 seconds
2020-01-10T14:57:43.398+0000: 6494.227: Total time for which application threads were stopped: 0.0003002 seconds, Stopping threads took: 0.0000539 seconds
2020-01-10T14:57:43.399+0000: 6494.228: Total time for which application threads were stopped: 0.0005249 seconds, Stopping threads took: 0.0001326 seconds
2020-01-10T14:57:49.350+0000: 6500.179: Total time for which application threads were stopped: 0.0004788 seconds, Stopping threads took: 0.0001358 seconds
2020-01-10T14:57:49.350+0000: 6500.180: Total time for which application threads were stopped: 0.0001897 seconds, Stopping threads took: 0.0000409 seconds
2020-01-10T14:57:49.350+0000: 6500.180: Total time for which application threads were stopped: 0.0001772 seconds, Stopping threads took: 0.0000296 seconds
2020-01-10T14:57:56.468+0000: 6507.297: Total time for which application threads were stopped: 0.0004018 seconds, Stopping threads took: 0.0001315 seconds
2020-01-10T14:58:05.469+0000: 6516.299: Total time for which application threads were stopped: 0.0004380 seconds, Stopping threads took: 0.0001593 seconds
2020-01-10T14:58:13.400+0000: 6524.230: Total time for which application threads were stopped: 0.0004974 seconds, Stopping threads took: 0.0001466 seconds
2020-01-10T14:58:19.352+0000: 6530.182: Total time for which application threads were stopped: 0.0005065 seconds, Stopping threads took: 0.0001418 seconds
2020-01-10T14:58:26.468+0000: 6537.298: Total time for which application threads were stopped: 0.0006231 seconds, Stopping threads took: 0.0001593 seconds
2020-01-10T14:58:26.469+0000: 6537.298: Total time for which application threads were stopped: 0.0003350 seconds, Stopping threads took: 0.0000444 seconds
2020-01-10T14:58:26.469+0000: 6537.299: Total time for which application threads were stopped: 0.0003142 seconds, Stopping threads took: 0.0000709 seconds
2020-01-10T14:58:43.401+0000: 6554.230: Total time for which application threads were stopped: 0.0005098 seconds, Stopping threads took: 0.0002227 seconds
2020-01-10T14:58:43.401+0000: 6554.231: Total time for which application threads were stopped: 0.0001838 seconds, Stopping threads took: 0.0000377 seconds
2020-01-10T14:58:43.401+0000: 6554.231: Total time for which application threads were stopped: 0.0002208 seconds, Stopping threads took: 0.0000373 seconds
2020-01-10T14:58:49.353+0000: 6560.182: Total time for which application threads were stopped: 0.0005095 seconds, Stopping threads took: 0.0001482 seconds
2020-01-10T14:58:49.353+0000: 6560.183: Total time for which application threads were stopped: 0.0001894 seconds, Stopping threads took: 0.0000416 seconds
2020-01-10T14:58:49.353+0000: 6560.183: Total time for which application threads were stopped: 0.0002374 seconds, Stopping threads took: 0.0000373 seconds
2020-01-10T14:58:56.471+0000: 6567.300: Total time for which application threads were stopped: 0.0005028 seconds, Stopping threads took: 0.0001387 seconds
2020-01-10T14:59:13.403+0000: 6584.233: Total time for which application threads were stopped: 0.0005334 seconds, Stopping threads took: 0.0001742 seconds
2020-01-10T14:59:19.355+0000: 6590.184: Total time for which application threads were stopped: 0.0004115 seconds, Stopping threads took: 0.0001311 seconds
2020-01-10T14:59:26.486+0000: 6597.315: Total time for which application threads were stopped: 0.0004193 seconds, Stopping threads took: 0.0001680 seconds
2020-01-10T14:59:26.486+0000: 6597.316: Total time for which application threads were stopped: 0.0002293 seconds, Stopping threads took: 0.0000742 seconds
2020-01-10T14:59:26.487+0000: 6597.317: Total time for which application threads were stopped: 0.0008359 seconds, Stopping threads took: 0.0000863 seconds
2020-01-10T14:59:43.404+0000: 6614.234: Total time for which application threads were stopped: 0.0012362 seconds, Stopping threads took: 0.0001811 seconds
2020-01-10T14:59:43.404+0000: 6614.234: Total time for which application threads were stopped: 0.0002096 seconds, Stopping threads took: 0.0000437 seconds
2020-01-10T14:59:43.405+0000: 6614.235: Total time for which application threads were stopped: 0.0005271 seconds, Stopping threads took: 0.0003270 seconds
2020-01-10T14:59:49.355+0000: 6620.185: Total time for which application threads were stopped: 0.0005224 seconds, Stopping threads took: 0.0001466 seconds
2020-01-10T14:59:49.356+0000: 6620.185: Total time for which application threads were stopped: 0.0001870 seconds, Stopping threads took: 0.0000376 seconds
2020-01-10T14:59:49.356+0000: 6620.186: Total time for which application threads were stopped: 0.0001770 seconds, Stopping threads took: 0.0000280 seconds
2020-01-10T14:59:56.488+0000: 6627.318: Total time for which application threads were stopped: 0.0004158 seconds, Stopping threads took: 0.0001291 seconds
2020-01-10T15:00:13.407+0000: 6644.236: Total time for which application threads were stopped: 0.0005207 seconds, Stopping threads took: 0.0001680 seconds
2020-01-10T15:00:19.358+0000: 6650.187: Total time for which application threads were stopped: 0.0003896 seconds, Stopping threads took: 0.0001231 seconds
2020-01-10T15:00:26.489+0000: 6657.319: Total time for which application threads were stopped: 0.0004801 seconds, Stopping threads took: 0.0001303 seconds
2020-01-10T15:00:26.489+0000: 6657.319: Total time for which application threads were stopped: 0.0002075 seconds, Stopping threads took: 0.0000218 seconds
2020-01-10T15:00:26.490+0000: 6657.319: Total time for which application threads were stopped: 0.0001712 seconds, Stopping threads took: 0.0000232 seconds
2020-01-10T15:00:43.408+0000: 6674.237: Total time for which application threads were stopped: 0.0004960 seconds, Stopping threads took: 0.0001473 seconds
2020-01-10T15:00:43.408+0000: 6674.238: Total time for which application threads were stopped: 0.0002062 seconds, Stopping threads took: 0.0000569 seconds
2020-01-10T15:00:43.409+0000: 6674.238: Total time for which application threads were stopped: 0.0001803 seconds, Stopping threads took: 0.0000302 seconds
2020-01-10T15:00:49.358+0000: 6680.188: Total time for which application threads were stopped: 0.0005397 seconds, Stopping threads took: 0.0001400 seconds
2020-01-10T15:00:49.359+0000: 6680.188: Total time for which application threads were stopped: 0.0001932 seconds, Stopping threads took: 0.0000419 seconds
2020-01-10T15:00:49.359+0000: 6680.189: Total time for which application threads were stopped: 0.0001795 seconds, Stopping threads took: 0.0000296 seconds
2020-01-10T15:00:56.491+0000: 6687.321: Total time for which application threads were stopped: 0.0005462 seconds, Stopping threads took: 0.0001707 seconds
2020-01-10T15:01:13.414+0000: 6704.243: Total time for which application threads were stopped: 0.0040390 seconds, Stopping threads took: 0.0036594 seconds
2020-01-10T15:01:19.361+0000: 6710.191: Total time for which application threads were stopped: 0.0004867 seconds, Stopping threads took: 0.0001389 seconds
2020-01-10T15:01:26.492+0000: 6717.321: Total time for which application threads were stopped: 0.0005119 seconds, Stopping threads took: 0.0001535 seconds
2020-01-10T15:01:26.492+0000: 6717.322: Total time for which application threads were stopped: 0.0001696 seconds, Stopping threads took: 0.0000230 seconds
2020-01-10T15:01:26.492+0000: 6717.322: Total time for which application threads were stopped: 0.0001809 seconds, Stopping threads took: 0.0000239 seconds
2020-01-10T15:01:43.411+0000: 6734.240: Total time for which application threads were stopped: 0.0005510 seconds, Stopping threads took: 0.0001736 seconds
2020-01-10T15:01:43.411+0000: 6734.240: Total time for which application threads were stopped: 0.0001708 seconds, Stopping threads took: 0.0000226 seconds
2020-01-10T15:01:43.411+0000: 6734.241: Total time for which application threads were stopped: 0.0001854 seconds, Stopping threads took: 0.0000230 seconds
2020-01-10T15:01:49.361+0000: 6740.191: Total time for which application threads were stopped: 0.0005377 seconds, Stopping threads took: 0.0001329 seconds
2020-01-10T15:01:49.362+0000: 6740.191: Total time for which application threads were stopped: 0.0001901 seconds, Stopping threads took: 0.0000416 seconds
2020-01-10T15:01:49.362+0000: 6740.192: Total time for which application threads were stopped: 0.0001781 seconds, Stopping threads took: 0.0000297 seconds
2020-01-10T15:01:56.494+0000: 6747.324: Total time for which application threads were stopped: 0.0005190 seconds, Stopping threads took: 0.0001483 seconds
2020-01-10T15:02:05.496+0000: 6756.325: Total time for which application threads were stopped: 0.0005376 seconds, Stopping threads took: 0.0001968 seconds
2020-01-10T15:02:13.413+0000: 6764.242: Total time for which application threads were stopped: 0.0005333 seconds, Stopping threads took: 0.0001518 seconds
2020-01-10T15:02:19.364+0000: 6770.193: Total time for which application threads were stopped: 0.0004970 seconds, Stopping threads took: 0.0001482 seconds
2020-01-10T15:02:26.495+0000: 6777.324: Total time for which application threads were stopped: 0.0005565 seconds, Stopping threads took: 0.0001746 seconds
2020-01-10T15:02:26.495+0000: 6777.325: Total time for which application threads were stopped: 0.0002332 seconds, Stopping threads took: 0.0000380 seconds
2020-01-10T15:02:26.496+0000: 6777.325: Total time for which application threads were stopped: 0.0001970 seconds, Stopping threads took: 0.0000399 seconds
2020-01-10T15:02:43.413+0000: 6794.243: Total time for which application threads were stopped: 0.0004929 seconds, Stopping threads took: 0.0001585 seconds
2020-01-10T15:02:43.414+0000: 6794.243: Total time for which application threads were stopped: 0.0001828 seconds, Stopping threads took: 0.0000367 seconds
2020-01-10T15:02:43.416+0000: 6794.246: Total time for which application threads were stopped: 0.0002025 seconds, Stopping threads took: 0.0000479 seconds
2020-01-10T15:02:49.364+0000: 6800.194: Total time for which application threads were stopped: 0.0005084 seconds, Stopping threads took: 0.0001467 seconds
2020-01-10T15:02:49.365+0000: 6800.194: Total time for which application threads were stopped: 0.0001994 seconds, Stopping threads took: 0.0000383 seconds
2020-01-10T15:02:49.365+0000: 6800.195: Total time for which application threads were stopped: 0.0002240 seconds, Stopping threads took: 0.0000309 seconds
2020-01-10T15:02:56.497+0000: 6807.327: Total time for which application threads were stopped: 0.0004968 seconds, Stopping threads took: 0.0001414 seconds
2020-01-10T15:03:13.418+0000: 6824.247: Total time for which application threads were stopped: 0.0006353 seconds, Stopping threads took: 0.0001750 seconds
2020-01-10T15:03:19.367+0000: 6830.196: Total time for which application threads were stopped: 0.0005044 seconds, Stopping threads took: 0.0001509 seconds
2020-01-10T15:03:26.498+0000: 6837.327: Total time for which application threads were stopped: 0.0005542 seconds, Stopping threads took: 0.0001732 seconds
2020-01-10T15:03:26.498+0000: 6837.327: Total time for which application threads were stopped: 0.0001891 seconds, Stopping threads took: 0.0000416 seconds
2020-01-10T15:03:26.499+0000: 6837.329: Total time for which application threads were stopped: 0.0009234 seconds, Stopping threads took: 0.0000292 seconds
2020-01-10T15:03:43.418+0000: 6854.248: Total time for which application threads were stopped: 0.0006547 seconds, Stopping threads took: 0.0001715 seconds
2020-01-10T15:03:43.419+0000: 6854.248: Total time for which application threads were stopped: 0.0002605 seconds, Stopping threads took: 0.0000568 seconds
2020-01-10T15:03:43.419+0000: 6854.249: Total time for which application threads were stopped: 0.0001846 seconds, Stopping threads took: 0.0000376 seconds
2020-01-10T15:03:49.367+0000: 6860.197: Total time for which application threads were stopped: 0.0004212 seconds, Stopping threads took: 0.0001218 seconds
2020-01-10T15:03:49.367+0000: 6860.197: Total time for which application threads were stopped: 0.0001969 seconds, Stopping threads took: 0.0000360 seconds
2020-01-10T15:03:49.368+0000: 6860.197: Total time for which application threads were stopped: 0.0001697 seconds, Stopping threads took: 0.0000264 seconds
2020-01-10T15:03:56.501+0000: 6867.330: Total time for which application threads were stopped: 0.0005231 seconds, Stopping threads took: 0.0001473 seconds
2020-01-10T15:04:13.421+0000: 6884.251: Total time for which application threads were stopped: 0.0012354 seconds, Stopping threads took: 0.0001792 seconds
2020-01-10T15:04:26.501+0000: 6897.331: Total time for which application threads were stopped: 0.0004823 seconds, Stopping threads took: 0.0001373 seconds
2020-01-10T15:04:26.501+0000: 6897.331: Total time for which application threads were stopped: 0.0002053 seconds, Stopping threads took: 0.0000387 seconds
2020-01-10T15:04:26.502+0000: 6897.331: Total time for which application threads were stopped: 0.0001720 seconds, Stopping threads took: 0.0000275 seconds
2020-01-10T15:04:43.421+0000: 6914.251: Total time for which application threads were stopped: 0.0006821 seconds, Stopping threads took: 0.0002559 seconds
2020-01-10T15:04:43.422+0000: 6914.251: Total time for which application threads were stopped: 0.0002483 seconds, Stopping threads took: 0.0000795 seconds
2020-01-10T15:04:43.423+0000: 6914.252: Total time for which application threads were stopped: 0.0003088 seconds, Stopping threads took: 0.0000846 seconds
2020-01-10T15:04:49.370+0000: 6920.200: Total time for which application threads were stopped: 0.0006391 seconds, Stopping threads took: 0.0001588 seconds
2020-01-10T15:04:49.371+0000: 6920.200: Total time for which application threads were stopped: 0.0003085 seconds, Stopping threads took: 0.0000520 seconds
2020-01-10T15:04:49.371+0000: 6920.201: Total time for which application threads were stopped: 0.0003622 seconds, Stopping threads took: 0.0000586 seconds
2020-01-10T15:04:56.503+0000: 6927.333: Total time for which application threads were stopped: 0.0005050 seconds, Stopping threads took: 0.0001329 seconds
2020-01-10T15:05:13.424+0000: 6944.254: Total time for which application threads were stopped: 0.0004771 seconds, Stopping threads took: 0.0001971 seconds
2020-01-10T15:05:19.373+0000: 6950.202: Total time for which application threads were stopped: 0.0004966 seconds, Stopping threads took: 0.0001431 seconds
2020-01-10T15:05:26.504+0000: 6957.334: Total time for which application threads were stopped: 0.0005253 seconds, Stopping threads took: 0.0001456 seconds
2020-01-10T15:05:26.504+0000: 6957.334: Total time for which application threads were stopped: 0.0001905 seconds, Stopping threads took: 0.0000422 seconds
2020-01-10T15:05:26.505+0000: 6957.334: Total time for which application threads were stopped: 0.0001784 seconds, Stopping threads took: 0.0000298 seconds
2020-01-10T15:05:43.425+0000: 6974.254: Total time for which application threads were stopped: 0.0005491 seconds, Stopping threads took: 0.0001703 seconds
2020-01-10T15:05:43.425+0000: 6974.255: Total time for which application threads were stopped: 0.0001668 seconds, Stopping threads took: 0.0000225 seconds
2020-01-10T15:05:43.425+0000: 6974.255: Total time for which application threads were stopped: 0.0002365 seconds, Stopping threads took: 0.0000222 seconds
2020-01-10T15:05:49.373+0000: 6980.203: Total time for which application threads were stopped: 0.0004407 seconds, Stopping threads took: 0.0001175 seconds
2020-01-10T15:05:49.374+0000: 6980.203: Total time for which application threads were stopped: 0.0001873 seconds, Stopping threads took: 0.0000386 seconds
2020-01-10T15:05:49.374+0000: 6980.204: Total time for which application threads were stopped: 0.0001804 seconds, Stopping threads took: 0.0000269 seconds
2020-01-10T15:05:56.506+0000: 6987.336: Total time for which application threads were stopped: 0.0005409 seconds, Stopping threads took: 0.0001519 seconds
2020-01-10T15:06:13.427+0000: 7004.257: Total time for which application threads were stopped: 0.0005126 seconds, Stopping threads took: 0.0001579 seconds
2020-01-10T15:06:19.376+0000: 7010.205: Total time for which application threads were stopped: 0.0004120 seconds, Stopping threads took: 0.0001160 seconds
2020-01-10T15:06:26.507+0000: 7017.336: Total time for which application threads were stopped: 0.0004954 seconds, Stopping threads took: 0.0001483 seconds
2020-01-10T15:06:26.507+0000: 7017.337: Total time for which application threads were stopped: 0.0001777 seconds, Stopping threads took: 0.0000357 seconds
2020-01-10T15:06:26.507+0000: 7017.337: Total time for which application threads were stopped: 0.0001792 seconds, Stopping threads took: 0.0000264 seconds
2020-01-10T15:06:27.508+0000: 7018.338: Total time for which application threads were stopped: 0.0004733 seconds, Stopping threads took: 0.0001368 seconds
2020-01-10T15:06:43.428+0000: 7034.258: Total time for which application threads were stopped: 0.0012044 seconds, Stopping threads took: 0.0001754 seconds
2020-01-10T15:06:43.429+0000: 7034.258: Total time for which application threads were stopped: 0.0001754 seconds, Stopping threads took: 0.0000225 seconds
2020-01-10T15:06:43.429+0000: 7034.259: Total time for which application threads were stopped: 0.0001744 seconds, Stopping threads took: 0.0000230 seconds
2020-01-10T15:06:49.376+0000: 7040.206: Total time for which application threads were stopped: 0.0005033 seconds, Stopping threads took: 0.0001364 seconds
2020-01-10T15:06:49.376+0000: 7040.206: Total time for which application threads were stopped: 0.0002412 seconds, Stopping threads took: 0.0000226 seconds
2020-01-10T15:06:49.377+0000: 7040.206: Total time for which application threads were stopped: 0.0001967 seconds, Stopping threads took: 0.0000453 seconds
2020-01-10T15:06:55.379+0000: 7046.208: Total time for which application threads were stopped: 0.0003960 seconds, Stopping threads took: 0.0001216 seconds
2020-01-10T15:06:56.509+0000: 7047.339: Total time for which application threads were stopped: 0.0005205 seconds, Stopping threads took: 0.0001418 seconds
2020-01-10T15:07:13.431+0000: 7064.260: Total time for which application threads were stopped: 0.0005241 seconds, Stopping threads took: 0.0001769 seconds
2020-01-10T15:07:19.378+0000: 7070.208: Total time for which application threads were stopped: 0.0004709 seconds, Stopping threads took: 0.0001286 seconds
2020-01-10T15:07:20.379+0000: 7071.209: Total time for which application threads were stopped: 0.0004466 seconds, Stopping threads took: 0.0001303 seconds
2020-01-10T15:07:26.510+0000: 7077.339: Total time for which application threads were stopped: 0.0005019 seconds, Stopping threads took: 0.0001408 seconds
2020-01-10T15:07:26.510+0000: 7077.340: Total time for which application threads were stopped: 0.0002921 seconds, Stopping threads took: 0.0000582 seconds
2020-01-10T15:07:26.511+0000: 7077.341: Total time for which application threads were stopped: 0.0009472 seconds, Stopping threads took: 0.0000449 seconds
2020-01-10T15:07:43.431+0000: 7094.261: Total time for which application threads were stopped: 0.0005164 seconds, Stopping threads took: 0.0001628 seconds
2020-01-10T15:07:43.432+0000: 7094.261: Total time for which application threads were stopped: 0.0001868 seconds, Stopping threads took: 0.0000369 seconds
2020-01-10T15:07:43.432+0000: 7094.262: Total time for which application threads were stopped: 0.0001739 seconds, Stopping threads took: 0.0000273 seconds
2020-01-10T15:07:49.379+0000: 7100.209: Total time for which application threads were stopped: 0.0004749 seconds, Stopping threads took: 0.0001290 seconds
2020-01-10T15:07:49.379+0000: 7100.209: Total time for which application threads were stopped: 0.0001856 seconds, Stopping threads took: 0.0000368 seconds
2020-01-10T15:07:49.380+0000: 7100.209: Total time for which application threads were stopped: 0.0002893 seconds, Stopping threads took: 0.0000611 seconds
2020-01-10T15:07:56.513+0000: 7107.343: Total time for which application threads were stopped: 0.0004696 seconds, Stopping threads took: 0.0001316 seconds
2020-01-10T15:08:13.434+0000: 7124.263: Total time for which application threads were stopped: 0.0005923 seconds, Stopping threads took: 0.0002268 seconds
2020-01-10T15:08:19.381+0000: 7130.211: Total time for which application threads were stopped: 0.0005247 seconds, Stopping threads took: 0.0001400 seconds
2020-01-10T15:08:26.514+0000: 7137.343: Total time for which application threads were stopped: 0.0005091 seconds, Stopping threads took: 0.0001365 seconds
2020-01-10T15:08:26.514+0000: 7137.343: Total time for which application threads were stopped: 0.0001874 seconds, Stopping threads took: 0.0000409 seconds
2020-01-10T15:08:26.514+0000: 7137.344: Total time for which application threads were stopped: 0.0002187 seconds, Stopping threads took: 0.0000294 seconds
2020-01-10T15:08:43.434+0000: 7154.264: Total time for which application threads were stopped: 0.0005510 seconds, Stopping threads took: 0.0001881 seconds
2020-01-10T15:08:43.437+0000: 7154.266: Total time for which application threads were stopped: 0.0003821 seconds, Stopping threads took: 0.0000856 seconds
2020-01-10T15:08:43.437+0000: 7154.267: Total time for which application threads were stopped: 0.0001901 seconds, Stopping threads took: 0.0000409 seconds
2020-01-10T15:08:49.382+0000: 7160.211: Total time for which application threads were stopped: 0.0004130 seconds, Stopping threads took: 0.0001402 seconds
2020-01-10T15:08:49.382+0000: 7160.212: Total time for which application threads were stopped: 0.0002170 seconds, Stopping threads took: 0.0000375 seconds
2020-01-10T15:08:49.382+0000: 7160.212: Total time for which application threads were stopped: 0.0002386 seconds, Stopping threads took: 0.0000469 seconds
2020-01-10T15:08:56.516+0000: 7167.345: Total time for which application threads were stopped: 0.0005229 seconds, Stopping threads took: 0.0001488 seconds
2020-01-10T15:09:13.438+0000: 7184.268: Total time for which application threads were stopped: 0.0003945 seconds, Stopping threads took: 0.0001165 seconds
2020-01-10T15:09:19.384+0000: 7190.214: Total time for which application threads were stopped: 0.0005018 seconds, Stopping threads took: 0.0001515 seconds
2020-01-10T15:09:26.517+0000: 7197.346: Total time for which application threads were stopped: 0.0004939 seconds, Stopping threads took: 0.0001704 seconds
2020-01-10T15:09:26.517+0000: 7197.346: Total time for which application threads were stopped: 0.0001894 seconds, Stopping threads took: 0.0000419 seconds
2020-01-10T15:09:26.517+0000: 7197.347: Total time for which application threads were stopped: 0.0001885 seconds, Stopping threads took: 0.0000304 seconds
2020-01-10T15:09:43.439+0000: 7214.268: Total time for which application threads were stopped: 0.0004384 seconds, Stopping threads took: 0.0001250 seconds
2020-01-10T15:09:43.439+0000: 7214.269: Total time for which application threads were stopped: 0.0001864 seconds, Stopping threads took: 0.0000406 seconds
2020-01-10T15:09:43.440+0000: 7214.269: Total time for which application threads were stopped: 0.0001744 seconds, Stopping threads took: 0.0000290 seconds
2020-01-10T15:09:49.384+0000: 7220.214: Total time for which application threads were stopped: 0.0004197 seconds, Stopping threads took: 0.0001353 seconds
2020-01-10T15:09:49.385+0000: 7220.214: Total time for which application threads were stopped: 0.0001950 seconds, Stopping threads took: 0.0000365 seconds
2020-01-10T15:09:49.385+0000: 7220.214: Total time for which application threads were stopped: 0.0001738 seconds, Stopping threads took: 0.0000274 seconds
2020-01-10T15:09:56.519+0000: 7227.349: Total time for which application threads were stopped: 0.0004195 seconds, Stopping threads took: 0.0001309 seconds
2020-01-10T15:10:00.520+0000: 7231.349: Total time for which application threads were stopped: 0.0003949 seconds, Stopping threads took: 0.0001353 seconds
2020-01-10T15:10:03.272+0000: 7234.101: Total time for which application threads were stopped: 0.0004625 seconds, Stopping threads took: 0.0001923 seconds
2020-01-10T15:10:03.308+0000: 7234.137: Total time for which application threads were stopped: 0.0005778 seconds, Stopping threads took: 0.0001816 seconds
2020-01-10T15:10:03.348+0000: 7234.177: Total time for which application threads were stopped: 0.0003835 seconds, Stopping threads took: 0.0000955 seconds
2020-01-10T15:10:03.348+0000: 7234.178: Total time for which application threads were stopped: 0.0002288 seconds, Stopping threads took: 0.0000574 seconds
2020-01-10T15:10:04.349+0000: 7235.178: Total time for which application threads were stopped: 0.0004191 seconds, Stopping threads took: 0.0001380 seconds
2020-01-10T15:10:13.441+0000: 7244.271: Total time for which application threads were stopped: 0.0004564 seconds, Stopping threads took: 0.0001211 seconds
2020-01-10T15:10:19.386+0000: 7250.216: Total time for which application threads were stopped: 0.0004314 seconds, Stopping threads took: 0.0001468 seconds
2020-01-10T15:10:26.519+0000: 7257.349: Total time for which application threads were stopped: 0.0004046 seconds, Stopping threads took: 0.0001225 seconds
2020-01-10T15:10:26.520+0000: 7257.349: Total time for which application threads were stopped: 0.0001846 seconds, Stopping threads took: 0.0000405 seconds
2020-01-10T15:10:26.520+0000: 7257.350: Total time for which application threads were stopped: 0.0001736 seconds, Stopping threads took: 0.0000286 seconds
2020-01-10T15:10:43.442+0000: 7274.271: Total time for which application threads were stopped: 0.0004084 seconds, Stopping threads took: 0.0001288 seconds
2020-01-10T15:10:43.442+0000: 7274.271: Total time for which application threads were stopped: 0.0001820 seconds, Stopping threads took: 0.0000389 seconds
2020-01-10T15:10:43.442+0000: 7274.272: Total time for which application threads were stopped: 0.0001959 seconds, Stopping threads took: 0.0000414 seconds
2020-01-10T15:10:49.387+0000: 7280.216: Total time for which application threads were stopped: 0.0004411 seconds, Stopping threads took: 0.0001437 seconds
2020-01-10T15:10:49.387+0000: 7280.217: Total time for which application threads were stopped: 0.0001861 seconds, Stopping threads took: 0.0000398 seconds
2020-01-10T15:10:49.387+0000: 7280.217: Total time for which application threads were stopped: 0.0001868 seconds, Stopping threads took: 0.0000293 seconds
2020-01-10T15:10:56.522+0000: 7287.351: Total time for which application threads were stopped: 0.0004146 seconds, Stopping threads took: 0.0001190 seconds
2020-01-10T15:11:13.445+0000: 7304.274: Total time for which application threads were stopped: 0.0010585 seconds, Stopping threads took: 0.0001881 seconds
2020-01-10T15:11:19.445+0000: 7310.275: Total time for which application threads were stopped: 0.0003693 seconds, Stopping threads took: 0.0001144 seconds
2020-01-10T15:11:26.522+0000: 7317.352: Total time for which application threads were stopped: 0.0003790 seconds, Stopping threads took: 0.0001045 seconds
2020-01-10T15:11:26.522+0000: 7317.352: Total time for which application threads were stopped: 0.0001798 seconds, Stopping threads took: 0.0000361 seconds
2020-01-10T15:11:26.523+0000: 7317.353: Total time for which application threads were stopped: 0.0007520 seconds, Stopping threads took: 0.0000269 seconds
2020-01-10T15:11:43.444+0000: 7334.274: Total time for which application threads were stopped: 0.0003839 seconds, Stopping threads took: 0.0001197 seconds
2020-01-10T15:11:43.445+0000: 7334.274: Total time for which application threads were stopped: 0.0001901 seconds, Stopping threads took: 0.0000356 seconds
2020-01-10T15:11:43.445+0000: 7334.274: Total time for which application threads were stopped: 0.0001715 seconds, Stopping threads took: 0.0000290 seconds
2020-01-10T15:11:49.389+0000: 7340.219: Total time for which application threads were stopped: 0.0004447 seconds, Stopping threads took: 0.0001349 seconds
2020-01-10T15:11:49.390+0000: 7340.219: Total time for which application threads were stopped: 0.0001873 seconds, Stopping threads took: 0.0000400 seconds
2020-01-10T15:11:49.390+0000: 7340.220: Total time for which application threads were stopped: 0.0001734 seconds, Stopping threads took: 0.0000271 seconds
2020-01-10T15:11:56.525+0000: 7347.354: Total time for which application threads were stopped: 0.0003953 seconds, Stopping threads took: 0.0001143 seconds
2020-01-10T15:12:13.447+0000: 7364.276: Total time for which application threads were stopped: 0.0005130 seconds, Stopping threads took: 0.0001571 seconds
2020-01-10T15:12:19.392+0000: 7370.221: Total time for which application threads were stopped: 0.0005459 seconds, Stopping threads took: 0.0001870 seconds
2020-01-10T15:12:26.526+0000: 7377.355: Total time for which application threads were stopped: 0.0005409 seconds, Stopping threads took: 0.0001932 seconds
2020-01-10T15:12:26.526+0000: 7377.356: Total time for which application threads were stopped: 0.0002402 seconds, Stopping threads took: 0.0000771 seconds
2020-01-10T15:12:26.527+0000: 7377.356: Total time for which application threads were stopped: 0.0002403 seconds, Stopping threads took: 0.0000709 seconds
2020-01-10T15:12:43.447+0000: 7394.276: Total time for which application threads were stopped: 0.0004564 seconds, Stopping threads took: 0.0001306 seconds
2020-01-10T15:12:43.447+0000: 7394.277: Total time for which application threads were stopped: 0.0001846 seconds, Stopping threads took: 0.0000404 seconds
2020-01-10T15:12:43.448+0000: 7394.277: Total time for which application threads were stopped: 0.0003688 seconds, Stopping threads took: 0.0000732 seconds
2020-01-10T15:12:49.392+0000: 7400.222: Total time for which application threads were stopped: 0.0005112 seconds, Stopping threads took: 0.0001540 seconds
2020-01-10T15:12:49.393+0000: 7400.222: Total time for which application threads were stopped: 0.0001762 seconds, Stopping threads took: 0.0000307 seconds
2020-01-10T15:12:49.393+0000: 7400.223: Total time for which application threads were stopped: 0.0001736 seconds, Stopping threads took: 0.0000287 seconds
2020-01-10T15:12:50.394+0000: 7401.223: Total time for which application threads were stopped: 0.0004779 seconds, Stopping threads took: 0.0001276 seconds
2020-01-10T15:12:56.528+0000: 7407.358: Total time for which application threads were stopped: 0.0004695 seconds, Stopping threads took: 0.0001304 seconds
2020-01-10T15:13:13.449+0000: 7424.279: Total time for which application threads were stopped: 0.0005548 seconds, Stopping threads took: 0.0001445 seconds
2020-01-10T15:13:19.395+0000: 7430.225: Total time for which application threads were stopped: 0.0006517 seconds, Stopping threads took: 0.0001765 seconds
2020-01-10T15:13:26.529+0000: 7437.358: Total time for which application threads were stopped: 0.0005911 seconds, Stopping threads took: 0.0002141 seconds
2020-01-10T15:13:26.529+0000: 7437.359: Total time for which application threads were stopped: 0.0002386 seconds, Stopping threads took: 0.0000687 seconds
2020-01-10T15:13:26.530+0000: 7437.359: Total time for which application threads were stopped: 0.0002145 seconds, Stopping threads took: 0.0000542 seconds
2020-01-10T15:13:27.530+0000: 7438.360: Total time for which application threads were stopped: 0.0004576 seconds, Stopping threads took: 0.0001352 seconds
2020-01-10T15:13:35.531+0000: 7446.361: Total time for which application threads were stopped: 0.0004618 seconds, Stopping threads took: 0.0001421 seconds
2020-01-10T15:13:43.451+0000: 7454.280: Total time for which application threads were stopped: 0.0012367 seconds, Stopping threads took: 0.0002243 seconds
2020-01-10T15:13:43.451+0000: 7454.281: Total time for which application threads were stopped: 0.0002457 seconds, Stopping threads took: 0.0000810 seconds
2020-01-10T15:13:43.451+0000: 7454.281: Total time for which application threads were stopped: 0.0002058 seconds, Stopping threads took: 0.0000475 seconds
2020-01-10T15:13:49.396+0000: 7460.225: Total time for which application threads were stopped: 0.0005549 seconds, Stopping threads took: 0.0001550 seconds
2020-01-10T15:13:49.396+0000: 7460.226: Total time for which application threads were stopped: 0.0001918 seconds, Stopping threads took: 0.0000412 seconds
2020-01-10T15:13:49.396+0000: 7460.226: Total time for which application threads were stopped: 0.0002013 seconds, Stopping threads took: 0.0000299 seconds
2020-01-10T15:13:56.531+0000: 7467.361: Total time for which application threads were stopped: 0.0004771 seconds, Stopping threads took: 0.0001604 seconds
2020-01-10T15:14:13.453+0000: 7484.282: Total time for which application threads were stopped: 0.0003995 seconds, Stopping threads took: 0.0001338 seconds
2020-01-10T15:14:19.398+0000: 7490.228: Total time for which application threads were stopped: 0.0005804 seconds, Stopping threads took: 0.0002008 seconds
2020-01-10T15:14:26.532+0000: 7497.361: Total time for which application threads were stopped: 0.0004250 seconds, Stopping threads took: 0.0001426 seconds
2020-01-10T15:14:26.532+0000: 7497.362: Total time for which application threads were stopped: 0.0001779 seconds, Stopping threads took: 0.0000359 seconds
2020-01-10T15:14:26.532+0000: 7497.362: Total time for which application threads were stopped: 0.0001669 seconds, Stopping threads took: 0.0000266 seconds
2020-01-10T15:14:43.453+0000: 7514.283: Total time for which application threads were stopped: 0.0004840 seconds, Stopping threads took: 0.0001444 seconds
2020-01-10T15:14:43.454+0000: 7514.283: Total time for which application threads were stopped: 0.0001823 seconds, Stopping threads took: 0.0000365 seconds
2020-01-10T15:14:43.454+0000: 7514.284: Total time for which application threads were stopped: 0.0001805 seconds, Stopping threads took: 0.0000317 seconds
2020-01-10T15:14:44.455+0000: 7515.284: Total time for which application threads were stopped: 0.0004545 seconds, Stopping threads took: 0.0001419 seconds
2020-01-10T15:14:49.398+0000: 7520.228: Total time for which application threads were stopped: 0.0004068 seconds, Stopping threads took: 0.0001287 seconds
2020-01-10T15:14:49.399+0000: 7520.228: Total time for which application threads were stopped: 0.0001966 seconds, Stopping threads took: 0.0000433 seconds
2020-01-10T15:14:49.399+0000: 7520.229: Total time for which application threads were stopped: 0.0001975 seconds, Stopping threads took: 0.0000466 seconds
2020-01-10T15:14:56.534+0000: 7527.363: Total time for which application threads were stopped: 0.0004126 seconds, Stopping threads took: 0.0001401 seconds
2020-01-10T15:15:13.456+0000: 7544.285: Total time for which application threads were stopped: 0.0005134 seconds, Stopping threads took: 0.0001568 seconds
2020-01-10T15:15:19.401+0000: 7550.230: Total time for which application threads were stopped: 0.0004308 seconds, Stopping threads took: 0.0001343 seconds
2020-01-10T15:15:26.534+0000: 7557.364: Total time for which application threads were stopped: 0.0004747 seconds, Stopping threads took: 0.0001839 seconds
2020-01-10T15:15:26.535+0000: 7557.364: Total time for which application threads were stopped: 0.0001780 seconds, Stopping threads took: 0.0000364 seconds
2020-01-10T15:15:26.536+0000: 7557.365: Total time for which application threads were stopped: 0.0007772 seconds, Stopping threads took: 0.0000271 seconds
2020-01-10T15:15:43.456+0000: 7574.286: Total time for which application threads were stopped: 0.0004081 seconds, Stopping threads took: 0.0001202 seconds
2020-01-10T15:15:43.456+0000: 7574.286: Total time for which application threads were stopped: 0.0002194 seconds, Stopping threads took: 0.0000731 seconds
2020-01-10T15:15:43.457+0000: 7574.286: Total time for which application threads were stopped: 0.0002426 seconds, Stopping threads took: 0.0000819 seconds
2020-01-10T15:15:49.401+0000: 7580.230: Total time for which application threads were stopped: 0.0004183 seconds, Stopping threads took: 0.0001275 seconds
2020-01-10T15:15:49.401+0000: 7580.231: Total time for which application threads were stopped: 0.0002174 seconds, Stopping threads took: 0.0000362 seconds
2020-01-10T15:15:49.402+0000: 7580.231: Total time for which application threads were stopped: 0.0002000 seconds, Stopping threads took: 0.0000506 seconds
2020-01-10T15:15:56.537+0000: 7587.367: Total time for which application threads were stopped: 0.0004869 seconds, Stopping threads took: 0.0001653 seconds
2020-01-10T15:16:13.458+0000: 7604.288: Total time for which application threads were stopped: 0.0003798 seconds, Stopping threads took: 0.0001155 seconds
2020-01-10T15:16:19.403+0000: 7610.233: Total time for which application threads were stopped: 0.0004753 seconds, Stopping threads took: 0.0001849 seconds
2020-01-10T15:16:26.538+0000: 7617.367: Total time for which application threads were stopped: 0.0005489 seconds, Stopping threads took: 0.0001817 seconds
2020-01-10T15:16:26.538+0000: 7617.368: Total time for which application threads were stopped: 0.0001806 seconds, Stopping threads took: 0.0000374 seconds
2020-01-10T15:16:26.539+0000: 7617.368: Total time for which application threads were stopped: 0.0001788 seconds, Stopping threads took: 0.0000352 seconds
2020-01-10T15:16:43.459+0000: 7634.288: Total time for which application threads were stopped: 0.0004509 seconds, Stopping threads took: 0.0001454 seconds
2020-01-10T15:16:43.459+0000: 7634.289: Total time for which application threads were stopped: 0.0001832 seconds, Stopping threads took: 0.0000365 seconds
2020-01-10T15:16:43.460+0000: 7634.289: Total time for which application threads were stopped: 0.0001836 seconds, Stopping threads took: 0.0000267 seconds
2020-01-10T15:16:49.403+0000: 7640.233: Total time for which application threads were stopped: 0.0004686 seconds, Stopping threads took: 0.0001241 seconds
2020-01-10T15:16:49.404+0000: 7640.233: Total time for which application threads were stopped: 0.0001880 seconds, Stopping threads took: 0.0000381 seconds
2020-01-10T15:16:49.404+0000: 7640.234: Total time for which application threads were stopped: 0.0001748 seconds, Stopping threads took: 0.0000273 seconds
2020-01-10T15:16:56.540+0000: 7647.370: Total time for which application threads were stopped: 0.0004334 seconds, Stopping threads took: 0.0001472 seconds
2020-01-10T15:17:13.461+0000: 7664.291: Total time for which application threads were stopped: 0.0004600 seconds, Stopping threads took: 0.0001368 seconds
2020-01-10T15:17:19.406+0000: 7670.235: Total time for which application threads were stopped: 0.0005615 seconds, Stopping threads took: 0.0001982 seconds
2020-01-10T15:17:26.542+0000: 7677.371: Total time for which application threads were stopped: 0.0005068 seconds, Stopping threads took: 0.0002191 seconds
2020-01-10T15:17:26.542+0000: 7677.372: Total time for which application threads were stopped: 0.0002476 seconds, Stopping threads took: 0.0000870 seconds
2020-01-10T15:17:26.543+0000: 7677.373: Total time for which application threads were stopped: 0.0001962 seconds, Stopping threads took: 0.0000366 seconds
2020-01-10T15:17:43.461+0000: 7694.291: Total time for which application threads were stopped: 0.0004628 seconds, Stopping threads took: 0.0001280 seconds
2020-01-10T15:17:43.462+0000: 7694.291: Total time for which application threads were stopped: 0.0001970 seconds, Stopping threads took: 0.0000487 seconds
2020-01-10T15:17:43.462+0000: 7694.292: Total time for which application threads were stopped: 0.0001842 seconds, Stopping threads took: 0.0000230 seconds
2020-01-10T15:17:49.408+0000: 7700.238: Total time for which application threads were stopped: 0.0003860 seconds, Stopping threads took: 0.0001177 seconds
2020-01-10T15:17:49.409+0000: 7700.238: Total time for which application threads were stopped: 0.0002571 seconds, Stopping threads took: 0.0000931 seconds
2020-01-10T15:17:49.409+0000: 7700.239: Total time for which application threads were stopped: 0.0003347 seconds, Stopping threads took: 0.0001409 seconds
2020-01-10T15:17:56.545+0000: 7707.374: Total time for which application threads were stopped: 0.0004394 seconds, Stopping threads took: 0.0001455 seconds
2020-01-10T15:18:00.545+0000: 7711.375: Total time for which application threads were stopped: 0.0004265 seconds, Stopping threads took: 0.0001475 seconds
2020-01-10T15:18:13.464+0000: 7724.294: Total time for which application threads were stopped: 0.0009846 seconds, Stopping threads took: 0.0001216 seconds
2020-01-10T15:18:26.545+0000: 7737.375: Total time for which application threads were stopped: 0.0003935 seconds, Stopping threads took: 0.0001235 seconds
2020-01-10T15:18:26.545+0000: 7737.375: Total time for which application threads were stopped: 0.0001865 seconds, Stopping threads took: 0.0000400 seconds
2020-01-10T15:18:26.546+0000: 7737.376: Total time for which application threads were stopped: 0.0002890 seconds, Stopping threads took: 0.0000966 seconds
2020-01-10T15:18:43.464+0000: 7754.293: Total time for which application threads were stopped: 0.0004596 seconds, Stopping threads took: 0.0001574 seconds
2020-01-10T15:18:43.464+0000: 7754.294: Total time for which application threads were stopped: 0.0001832 seconds, Stopping threads took: 0.0000369 seconds
2020-01-10T15:18:43.465+0000: 7754.294: Total time for which application threads were stopped: 0.0001719 seconds, Stopping threads took: 0.0000266 seconds
2020-01-10T15:18:49.411+0000: 7760.241: Total time for which application threads were stopped: 0.0005420 seconds, Stopping threads took: 0.0001576 seconds
2020-01-10T15:18:49.412+0000: 7760.241: Total time for which application threads were stopped: 0.0001879 seconds, Stopping threads took: 0.0000377 seconds
2020-01-10T15:18:49.412+0000: 7760.242: Total time for which application threads were stopped: 0.0002652 seconds, Stopping threads took: 0.0000649 seconds
2020-01-10T15:18:56.547+0000: 7767.377: Total time for which application threads were stopped: 0.0005043 seconds, Stopping threads took: 0.0001502 seconds
2020-01-10T15:19:13.466+0000: 7784.296: Total time for which application threads were stopped: 0.0004469 seconds, Stopping threads took: 0.0001484 seconds
2020-01-10T15:19:19.414+0000: 7790.244: Total time for which application threads were stopped: 0.0005064 seconds, Stopping threads took: 0.0001454 seconds
2020-01-10T15:19:26.548+0000: 7797.378: Total time for which application threads were stopped: 0.0005009 seconds, Stopping threads took: 0.0001514 seconds
2020-01-10T15:19:26.549+0000: 7797.378: Total time for which application threads were stopped: 0.0002062 seconds, Stopping threads took: 0.0000448 seconds
2020-01-10T15:19:26.550+0000: 7797.379: Total time for which application threads were stopped: 0.0009269 seconds, Stopping threads took: 0.0000382 seconds
2020-01-10T15:19:43.467+0000: 7814.296: Total time for which application threads were stopped: 0.0005520 seconds, Stopping threads took: 0.0001754 seconds
2020-01-10T15:19:43.467+0000: 7814.297: Total time for which application threads were stopped: 0.0001951 seconds, Stopping threads took: 0.0000483 seconds
2020-01-10T15:19:43.468+0000: 7814.297: Total time for which application threads were stopped: 0.0001853 seconds, Stopping threads took: 0.0000266 seconds
2020-01-10T15:19:49.414+0000: 7820.244: Total time for which application threads were stopped: 0.0005278 seconds, Stopping threads took: 0.0001514 seconds
2020-01-10T15:19:49.415+0000: 7820.244: Total time for which application threads were stopped: 0.0001834 seconds, Stopping threads took: 0.0000365 seconds
2020-01-10T15:19:49.415+0000: 7820.245: Total time for which application threads were stopped: 0.0001743 seconds, Stopping threads took: 0.0000274 seconds
2020-01-10T15:19:56.552+0000: 7827.381: Total time for which application threads were stopped: 0.0005948 seconds, Stopping threads took: 0.0002189 seconds
2020-01-10T15:20:13.469+0000: 7844.299: Total time for which application threads were stopped: 0.0005014 seconds, Stopping threads took: 0.0001640 seconds
2020-01-10T15:20:19.417+0000: 7850.247: Total time for which application threads were stopped: 0.0005501 seconds, Stopping threads took: 0.0001841 seconds
2020-01-10T15:20:26.552+0000: 7857.382: Total time for which application threads were stopped: 0.0004338 seconds, Stopping threads took: 0.0001204 seconds
2020-01-10T15:20:26.553+0000: 7857.382: Total time for which application threads were stopped: 0.0001884 seconds, Stopping threads took: 0.0000453 seconds
2020-01-10T15:20:26.553+0000: 7857.383: Total time for which application threads were stopped: 0.0002159 seconds, Stopping threads took: 0.0000291 seconds
2020-01-10T15:20:43.470+0000: 7874.300: Total time for which application threads were stopped: 0.0010547 seconds, Stopping threads took: 0.0001640 seconds
2020-01-10T15:20:43.471+0000: 7874.300: Total time for which application threads were stopped: 0.0002854 seconds, Stopping threads took: 0.0001112 seconds
2020-01-10T15:20:43.471+0000: 7874.301: Total time for which application threads were stopped: 0.0003487 seconds, Stopping threads took: 0.0001823 seconds
2020-01-10T15:20:49.417+0000: 7880.247: Total time for which application threads were stopped: 0.0004206 seconds, Stopping threads took: 0.0001198 seconds
2020-01-10T15:20:49.418+0000: 7880.247: Total time for which application threads were stopped: 0.0002122 seconds, Stopping threads took: 0.0000518 seconds
2020-01-10T15:20:49.418+0000: 7880.248: Total time for which application threads were stopped: 0.0001704 seconds, Stopping threads took: 0.0000264 seconds
2020-01-10T15:20:56.555+0000: 7887.384: Total time for which application threads were stopped: 0.0004091 seconds, Stopping threads took: 0.0001196 seconds
2020-01-10T15:21:13.473+0000: 7904.302: Total time for which application threads were stopped: 0.0004254 seconds, Stopping threads took: 0.0001541 seconds
2020-01-10T15:21:19.419+0000: 7910.249: Total time for which application threads were stopped: 0.0004492 seconds, Stopping threads took: 0.0001515 seconds
2020-01-10T15:21:26.555+0000: 7917.385: Total time for which application threads were stopped: 0.0004004 seconds, Stopping threads took: 0.0001363 seconds
2020-01-10T15:21:26.556+0000: 7917.385: Total time for which application threads were stopped: 0.0002063 seconds, Stopping threads took: 0.0000468 seconds
2020-01-10T15:21:26.556+0000: 7917.386: Total time for which application threads were stopped: 0.0001819 seconds, Stopping threads took: 0.0000377 seconds
2020-01-10T15:21:30.557+0000: 7921.386: Total time for which application threads were stopped: 0.0003992 seconds, Stopping threads took: 0.0001456 seconds
2020-01-10T15:21:35.558+0000: 7926.387: Total time for which application threads were stopped: 0.0004389 seconds, Stopping threads took: 0.0001368 seconds
2020-01-10T15:21:43.473+0000: 7934.303: Total time for which application threads were stopped: 0.0004656 seconds, Stopping threads took: 0.0001321 seconds
2020-01-10T15:21:43.474+0000: 7934.303: Total time for which application threads were stopped: 0.0001843 seconds, Stopping threads took: 0.0000366 seconds
2020-01-10T15:21:43.474+0000: 7934.304: Total time for which application threads were stopped: 0.0001820 seconds, Stopping threads took: 0.0000359 seconds
2020-01-10T15:21:49.420+0000: 7940.249: Total time for which application threads were stopped: 0.0004145 seconds, Stopping threads took: 0.0001308 seconds
2020-01-10T15:21:49.420+0000: 7940.250: Total time for which application threads were stopped: 0.0001853 seconds, Stopping threads took: 0.0000366 seconds
2020-01-10T15:21:49.421+0000: 7940.250: Total time for which application threads were stopped: 0.0001853 seconds, Stopping threads took: 0.0000268 seconds
2020-01-10T15:21:56.557+0000: 7947.387: Total time for which application threads were stopped: 0.0004277 seconds, Stopping threads took: 0.0001315 seconds
2020-01-10T15:22:13.476+0000: 7964.305: Total time for which application threads were stopped: 0.0005576 seconds, Stopping threads took: 0.0002121 seconds
2020-01-10T15:22:19.422+0000: 7970.252: Total time for which application threads were stopped: 0.0004493 seconds, Stopping threads took: 0.0001686 seconds
2020-01-10T15:22:20.423+0000: 7971.252: Total time for which application threads were stopped: 0.0004194 seconds, Stopping threads took: 0.0001461 seconds
2020-01-10T15:22:25.424+0000: 7976.253: Total time for which application threads were stopped: 0.0004039 seconds, Stopping threads took: 0.0001328 seconds
2020-01-10T15:22:26.558+0000: 7977.387: Total time for which application threads were stopped: 0.0004047 seconds, Stopping threads took: 0.0001364 seconds
2020-01-10T15:22:26.558+0000: 7977.388: Total time for which application threads were stopped: 0.0001774 seconds, Stopping threads took: 0.0000359 seconds
2020-01-10T15:22:26.559+0000: 7977.388: Total time for which application threads were stopped: 0.0001678 seconds, Stopping threads took: 0.0000266 seconds
2020-01-10T15:22:43.476+0000: 7994.306: Total time for which application threads were stopped: 0.0005260 seconds, Stopping threads took: 0.0002185 seconds
2020-01-10T15:22:43.476+0000: 7994.306: Total time for which application threads were stopped: 0.0002422 seconds, Stopping threads took: 0.0000761 seconds
2020-01-10T15:22:43.477+0000: 7994.306: Total time for which application threads were stopped: 0.0003013 seconds, Stopping threads took: 0.0001316 seconds
2020-01-10T15:22:45.478+0000: 7996.307: Total time for which application threads were stopped: 0.0004833 seconds, Stopping threads took: 0.0001839 seconds
2020-01-10T15:22:49.422+0000: 8000.252: Total time for which application threads were stopped: 0.0005317 seconds, Stopping threads took: 0.0002176 seconds
2020-01-10T15:22:49.423+0000: 8000.252: Total time for which application threads were stopped: 0.0001727 seconds, Stopping threads took: 0.0000231 seconds
2020-01-10T15:22:49.423+0000: 8000.253: Total time for which application threads were stopped: 0.0001719 seconds, Stopping threads took: 0.0000222 seconds
2020-01-10T15:22:50.424+0000: 8001.253: Total time for which application threads were stopped: 0.0004425 seconds, Stopping threads took: 0.0001336 seconds
2020-01-10T15:22:56.560+0000: 8007.390: Total time for which application threads were stopped: 0.0004150 seconds, Stopping threads took: 0.0001324 seconds
2020-01-10T15:23:13.478+0000: 8024.308: Total time for which application threads were stopped: 0.0005463 seconds, Stopping threads took: 0.0001859 seconds
2020-01-10T15:23:19.425+0000: 8030.254: Total time for which application threads were stopped: 0.0005079 seconds, Stopping threads took: 0.0001434 seconds
2020-01-10T15:23:26.561+0000: 8037.390: Total time for which application threads were stopped: 0.0004927 seconds, Stopping threads took: 0.0001568 seconds
2020-01-10T15:23:26.561+0000: 8037.391: Total time for which application threads were stopped: 0.0002299 seconds, Stopping threads took: 0.0000412 seconds
2020-01-10T15:23:26.562+0000: 8037.392: Total time for which application threads were stopped: 0.0008925 seconds, Stopping threads took: 0.0000486 seconds
2020-01-10T15:23:43.479+0000: 8054.309: Total time for which application threads were stopped: 0.0005709 seconds, Stopping threads took: 0.0001746 seconds
2020-01-10T15:23:43.480+0000: 8054.309: Total time for which application threads were stopped: 0.0002918 seconds, Stopping threads took: 0.0000435 seconds
2020-01-10T15:23:43.480+0000: 8054.310: Total time for which application threads were stopped: 0.0002821 seconds, Stopping threads took: 0.0000422 seconds
2020-01-10T15:23:44.481+0000: 8055.310: Total time for which application threads were stopped: 0.0005624 seconds, Stopping threads took: 0.0001606 seconds
2020-01-10T15:23:49.425+0000: 8060.255: Total time for which application threads were stopped: 0.0005946 seconds, Stopping threads took: 0.0001424 seconds
2020-01-10T15:23:49.426+0000: 8060.255: Total time for which application threads were stopped: 0.0002877 seconds, Stopping threads took: 0.0000454 seconds
2020-01-10T15:23:49.426+0000: 8060.256: Total time for which application threads were stopped: 0.0002805 seconds, Stopping threads took: 0.0000465 seconds
2020-01-10T15:23:50.427+0000: 8061.257: Total time for which application threads were stopped: 0.0005356 seconds, Stopping threads took: 0.0001613 seconds
2020-01-10T15:23:56.564+0000: 8067.393: Total time for which application threads were stopped: 0.0004281 seconds, Stopping threads took: 0.0001473 seconds
2020-01-10T15:24:13.482+0000: 8084.311: Total time for which application threads were stopped: 0.0004990 seconds, Stopping threads took: 0.0001867 seconds
2020-01-10T15:24:19.434+0000: 8090.264: Total time for which application threads were stopped: 0.0004404 seconds, Stopping threads took: 0.0001433 seconds
2020-01-10T15:24:26.565+0000: 8097.395: Total time for which application threads were stopped: 0.0004653 seconds, Stopping threads took: 0.0001191 seconds
2020-01-10T15:24:26.566+0000: 8097.395: Total time for which application threads were stopped: 0.0002280 seconds, Stopping threads took: 0.0000526 seconds
2020-01-10T15:24:26.566+0000: 8097.396: Total time for which application threads were stopped: 0.0003496 seconds, Stopping threads took: 0.0001741 seconds
2020-01-10T15:24:43.482+0000: 8114.311: Total time for which application threads were stopped: 0.0004382 seconds, Stopping threads took: 0.0001590 seconds
2020-01-10T15:24:43.482+0000: 8114.312: Total time for which application threads were stopped: 0.0001893 seconds, Stopping threads took: 0.0000403 seconds
2020-01-10T15:24:43.483+0000: 8114.312: Total time for which application threads were stopped: 0.0001868 seconds, Stopping threads took: 0.0000382 seconds
2020-01-10T15:24:49.428+0000: 8120.258: Total time for which application threads were stopped: 0.0004164 seconds, Stopping threads took: 0.0001299 seconds
2020-01-10T15:24:49.429+0000: 8120.258: Total time for which application threads were stopped: 0.0001993 seconds, Stopping threads took: 0.0000370 seconds
2020-01-10T15:24:49.429+0000: 8120.259: Total time for which application threads were stopped: 0.0001916 seconds, Stopping threads took: 0.0000404 seconds
2020-01-10T15:24:56.568+0000: 8127.398: Total time for which application threads were stopped: 0.0005082 seconds, Stopping threads took: 0.0001471 seconds
2020-01-10T15:25:13.485+0000: 8144.315: Total time for which application threads were stopped: 0.0012957 seconds, Stopping threads took: 0.0001831 seconds
2020-01-10T15:25:26.569+0000: 8157.398: Total time for which application threads were stopped: 0.0005777 seconds, Stopping threads took: 0.0002076 seconds
2020-01-10T15:25:26.569+0000: 8157.399: Total time for which application threads were stopped: 0.0001931 seconds, Stopping threads took: 0.0000408 seconds
2020-01-10T15:25:26.570+0000: 8157.399: Total time for which application threads were stopped: 0.0001935 seconds, Stopping threads took: 0.0000279 seconds
2020-01-10T15:25:27.570+0000: 8158.400: Total time for which application threads were stopped: 0.0004888 seconds, Stopping threads took: 0.0001523 seconds
2020-01-10T15:25:43.485+0000: 8174.314: Total time for which application threads were stopped: 0.0005974 seconds, Stopping threads took: 0.0002172 seconds
2020-01-10T15:25:43.485+0000: 8174.315: Total time for which application threads were stopped: 0.0003719 seconds, Stopping threads took: 0.0000863 seconds
2020-01-10T15:25:43.486+0000: 8174.316: Total time for which application threads were stopped: 0.0004009 seconds, Stopping threads took: 0.0001319 seconds
2020-01-10T15:25:49.247+0000: 8180.077: Total time for which application threads were stopped: 0.0006130 seconds, Stopping threads took: 0.0001410 seconds
2020-01-10T15:25:49.248+0000: 8180.077: Total time for which application threads were stopped: 0.0002869 seconds, Stopping threads took: 0.0000483 seconds
2020-01-10T15:25:49.248+0000: 8180.078: Total time for which application threads were stopped: 0.0002667 seconds, Stopping threads took: 0.0000324 seconds
2020-01-10T15:25:49.249+0000: 8180.079: Total time for which application threads were stopped: 0.0003031 seconds, Stopping threads took: 0.0000343 seconds
2020-01-10T15:25:49.250+0000: 8180.079: Total time for which application threads were stopped: 0.0002594 seconds, Stopping threads took: 0.0000260 seconds
2020-01-10T15:25:49.252+0000: 8180.082: Total time for which application threads were stopped: 0.0002537 seconds, Stopping threads took: 0.0000328 seconds
2020-01-10T15:25:49.253+0000: 8180.082: Total time for which application threads were stopped: 0.0002470 seconds, Stopping threads took: 0.0000274 seconds
2020-01-10T15:25:49.259+0000: 8180.088: Total time for which application threads were stopped: 0.0002832 seconds, Stopping threads took: 0.0000486 seconds
2020-01-10T15:25:49.266+0000: 8180.095: Total time for which application threads were stopped: 0.0002587 seconds, Stopping threads took: 0.0000273 seconds
2020-01-10T15:25:49.267+0000: 8180.097: Total time for which application threads were stopped: 0.0011759 seconds, Stopping threads took: 0.0000303 seconds
2020-01-10T15:25:49.431+0000: 8180.261: Total time for which application threads were stopped: 0.0005746 seconds, Stopping threads took: 0.0001386 seconds
2020-01-10T15:25:49.431+0000: 8180.261: Total time for which application threads were stopped: 0.0002767 seconds, Stopping threads took: 0.0000443 seconds
2020-01-10T15:25:49.432+0000: 8180.262: Total time for which application threads were stopped: 0.0002799 seconds, Stopping threads took: 0.0000459 seconds
2020-01-10T15:26:13.488+0000: 8204.318: Total time for which application threads were stopped: 0.0006796 seconds, Stopping threads took: 0.0002539 seconds
2020-01-10T15:26:19.269+0000: 8210.099: Total time for which application threads were stopped: 0.0006687 seconds, Stopping threads took: 0.0002314 seconds
2020-01-10T15:26:19.270+0000: 8210.099: Total time for which application threads were stopped: 0.0003198 seconds, Stopping threads took: 0.0001048 seconds
2020-01-10T15:26:43.488+0000: 8234.318: Total time for which application threads were stopped: 0.0005019 seconds, Stopping threads took: 0.0001737 seconds
2020-01-10T15:26:43.489+0000: 8234.318: Total time for which application threads were stopped: 0.0001824 seconds, Stopping threads took: 0.0000373 seconds
2020-01-10T15:26:43.489+0000: 8234.319: Total time for which application threads were stopped: 0.0001696 seconds, Stopping threads took: 0.0000270 seconds
2020-01-10T15:26:48.774+0000: 8239.604: Total time for which application threads were stopped: 0.0003967 seconds, Stopping threads took: 0.0001021 seconds
2020-01-10T15:26:48.775+0000: 8239.604: Total time for which application threads were stopped: 0.0001813 seconds, Stopping threads took: 0.0000370 seconds
2020-01-10T15:26:48.775+0000: 8239.605: Total time for which application threads were stopped: 0.0001769 seconds, Stopping threads took: 0.0000297 seconds
2020-01-10T15:26:49.436+0000: 8240.265: Total time for which application threads were stopped: 0.0025867 seconds, Stopping threads took: 0.0023041 seconds
2020-01-10T15:26:49.436+0000: 8240.266: Total time for which application threads were stopped: 0.0001943 seconds, Stopping threads took: 0.0000432 seconds
2020-01-10T15:26:49.437+0000: 8240.267: Total time for which application threads were stopped: 0.0008455 seconds, Stopping threads took: 0.0000480 seconds
2020-01-10T15:26:50.778+0000: 8241.607: Total time for which application threads were stopped: 0.0014997 seconds, Stopping threads took: 0.0001712 seconds
2020-01-10T15:26:50.778+0000: 8241.608: Total time for which application threads were stopped: 0.0002978 seconds, Stopping threads took: 0.0000555 seconds
2020-01-10T15:26:50.779+0000: 8241.608: Total time for which application threads were stopped: 0.0002762 seconds, Stopping threads took: 0.0000444 seconds
2020-01-10T15:26:54.781+0000: 8245.610: Total time for which application threads were stopped: 0.0005355 seconds, Stopping threads took: 0.0001355 seconds
2020-01-10T15:26:54.781+0000: 8245.611: Total time for which application threads were stopped: 0.0003236 seconds, Stopping threads took: 0.0000494 seconds
2020-01-10T15:26:54.782+0000: 8245.611: Total time for which application threads were stopped: 0.0002828 seconds, Stopping threads took: 0.0000506 seconds
2020-01-10T15:26:55.782+0000: 8246.612: Total time for which application threads were stopped: 0.0005489 seconds, Stopping threads took: 0.0001821 seconds
2020-01-10T15:27:02.784+0000: 8253.613: Total time for which application threads were stopped: 0.0005476 seconds, Stopping threads took: 0.0001582 seconds
2020-01-10T15:27:02.784+0000: 8253.614: Total time for which application threads were stopped: 0.0002623 seconds, Stopping threads took: 0.0000299 seconds
2020-01-10T15:27:02.785+0000: 8253.614: Total time for which application threads were stopped: 0.0002678 seconds, Stopping threads took: 0.0000328 seconds
2020-01-10T15:27:03.785+0000: 8254.615: Total time for which application threads were stopped: 0.0004504 seconds, Stopping threads took: 0.0001303 seconds
2020-01-10T15:27:17.774+0000: 8268.604: Total time for which application threads were stopped: 0.0005839 seconds, Stopping threads took: 0.0001816 seconds
2020-01-10T15:27:18.777+0000: 8269.606: Total time for which application threads were stopped: 0.0004354 seconds, Stopping threads took: 0.0001229 seconds
2020-01-10T15:27:18.787+0000: 8269.616: Total time for which application threads were stopped: 0.0002783 seconds, Stopping threads took: 0.0000625 seconds
2020-01-10T15:27:18.787+0000: 8269.617: Total time for which application threads were stopped: 0.0001907 seconds, Stopping threads took: 0.0000401 seconds
2020-01-10T15:27:18.787+0000: 8269.617: Total time for which application threads were stopped: 0.0001752 seconds, Stopping threads took: 0.0000277 seconds
2020-01-10T15:27:20.780+0000: 8271.610: Total time for which application threads were stopped: 0.0004150 seconds, Stopping threads took: 0.0001226 seconds
2020-01-10T15:27:24.784+0000: 8275.613: Total time for which application threads were stopped: 0.0003956 seconds, Stopping threads took: 0.0001202 seconds
2020-01-10T15:27:32.787+0000: 8283.616: Total time for which application threads were stopped: 0.0006591 seconds, Stopping threads took: 0.0001763 seconds
2020-01-10T15:27:43.491+0000: 8294.320: Total time for which application threads were stopped: 0.0005048 seconds, Stopping threads took: 0.0001808 seconds
2020-01-10T15:27:43.491+0000: 8294.321: Total time for which application threads were stopped: 0.0001977 seconds, Stopping threads took: 0.0000412 seconds
2020-01-10T15:27:43.492+0000: 8294.321: Total time for which application threads were stopped: 0.0001751 seconds, Stopping threads took: 0.0000285 seconds
2020-01-10T15:27:48.789+0000: 8299.618: Total time for which application threads were stopped: 0.0004470 seconds, Stopping threads took: 0.0001694 seconds
2020-01-10T15:27:49.439+0000: 8300.268: Total time for which application threads were stopped: 0.0004229 seconds, Stopping threads took: 0.0001405 seconds
2020-01-10T15:27:49.439+0000: 8300.269: Total time for which application threads were stopped: 0.0002210 seconds, Stopping threads took: 0.0000561 seconds
2020-01-10T15:27:49.440+0000: 8300.269: Total time for which application threads were stopped: 0.0001845 seconds, Stopping threads took: 0.0000400 seconds
2020-01-10T15:27:50.789+0000: 8301.619: Total time for which application threads were stopped: 0.0004400 seconds, Stopping threads took: 0.0001240 seconds
2020-01-10T15:27:50.790+0000: 8301.619: Total time for which application threads were stopped: 0.0001944 seconds, Stopping threads took: 0.0000363 seconds
2020-01-10T15:27:50.790+0000: 8301.620: Total time for which application threads were stopped: 0.0001719 seconds, Stopping threads took: 0.0000271 seconds
2020-01-10T15:28:15.793+0000: 8326.623: Total time for which application threads were stopped: 0.0005803 seconds, Stopping threads took: 0.0001972 seconds
2020-01-10T15:28:20.791+0000: 8331.621: Total time for which application threads were stopped: 0.0004273 seconds, Stopping threads took: 0.0001271 seconds
2020-01-10T15:28:43.493+0000: 8354.323: Total time for which application threads were stopped: 0.0004512 seconds, Stopping threads took: 0.0001665 seconds
2020-01-10T15:28:43.494+0000: 8354.323: Total time for which application threads were stopped: 0.0001799 seconds, Stopping threads took: 0.0000361 seconds
2020-01-10T15:28:43.494+0000: 8354.324: Total time for which application threads were stopped: 0.0001854 seconds, Stopping threads took: 0.0000282 seconds
2020-01-10T15:28:49.442+0000: 8360.271: Total time for which application threads were stopped: 0.0005670 seconds, Stopping threads took: 0.0001649 seconds
2020-01-10T15:28:49.442+0000: 8360.272: Total time for which application threads were stopped: 0.0002687 seconds, Stopping threads took: 0.0000503 seconds
2020-01-10T15:28:49.443+0000: 8360.272: Total time for which application threads were stopped: 0.0002906 seconds, Stopping threads took: 0.0000463 seconds
2020-01-10T15:28:50.792+0000: 8361.621: Total time for which application threads were stopped: 0.0004197 seconds, Stopping threads took: 0.0001105 seconds
2020-01-10T15:28:50.792+0000: 8361.622: Total time for which application threads were stopped: 0.0001786 seconds, Stopping threads took: 0.0000364 seconds
2020-01-10T15:28:50.792+0000: 8361.622: Total time for which application threads were stopped: 0.0001837 seconds, Stopping threads took: 0.0000349 seconds
2020-01-10T15:29:20.794+0000: 8391.623: Total time for which application threads were stopped: 0.0005395 seconds, Stopping threads took: 0.0001930 seconds
2020-01-10T15:29:43.496+0000: 8414.325: Total time for which application threads were stopped: 0.0005298 seconds, Stopping threads took: 0.0001696 seconds
2020-01-10T15:29:43.496+0000: 8414.326: Total time for which application threads were stopped: 0.0001669 seconds, Stopping threads took: 0.0000226 seconds
2020-01-10T15:29:43.497+0000: 8414.326: Total time for which application threads were stopped: 0.0001828 seconds, Stopping threads took: 0.0000223 seconds
2020-01-10T15:29:49.444+0000: 8420.274: Total time for which application threads were stopped: 0.0004395 seconds, Stopping threads took: 0.0001181 seconds
2020-01-10T15:29:49.445+0000: 8420.274: Total time for which application threads were stopped: 0.0001845 seconds, Stopping threads took: 0.0000224 seconds
2020-01-10T15:29:49.445+0000: 8420.275: Total time for which application threads were stopped: 0.0001979 seconds, Stopping threads took: 0.0000300 seconds
2020-01-10T15:29:50.446+0000: 8421.275: Total time for which application threads were stopped: 0.0004197 seconds, Stopping threads took: 0.0001451 seconds
2020-01-10T15:29:50.794+0000: 8421.624: Total time for which application threads were stopped: 0.0003972 seconds, Stopping threads took: 0.0001182 seconds
2020-01-10T15:29:50.794+0000: 8421.624: Total time for which application threads were stopped: 0.0001872 seconds, Stopping threads took: 0.0000395 seconds
2020-01-10T15:29:50.795+0000: 8421.625: Total time for which application threads were stopped: 0.0007894 seconds, Stopping threads took: 0.0000274 seconds
2020-01-10T15:30:43.498+0000: 8474.328: Total time for which application threads were stopped: 0.0004794 seconds, Stopping threads took: 0.0001383 seconds
2020-01-10T15:30:43.499+0000: 8474.328: Total time for which application threads were stopped: 0.0001793 seconds, Stopping threads took: 0.0000364 seconds
2020-01-10T15:30:43.499+0000: 8474.329: Total time for which application threads were stopped: 0.0001705 seconds, Stopping threads took: 0.0000269 seconds
2020-01-10T15:30:49.447+0000: 8480.276: Total time for which application threads were stopped: 0.0004597 seconds, Stopping threads took: 0.0001425 seconds
2020-01-10T15:30:49.447+0000: 8480.277: Total time for which application threads were stopped: 0.0001799 seconds, Stopping threads took: 0.0000364 seconds
2020-01-10T15:30:49.447+0000: 8480.277: Total time for which application threads were stopped: 0.0001706 seconds, Stopping threads took: 0.0000272 seconds
2020-01-10T15:30:50.776+0000: 8481.606: Total time for which application threads were stopped: 0.0004078 seconds, Stopping threads took: 0.0001281 seconds
2020-01-10T15:30:50.777+0000: 8481.606: Total time for which application threads were stopped: 0.0001946 seconds, Stopping threads took: 0.0000365 seconds
2020-01-10T15:30:50.777+0000: 8481.606: Total time for which application threads were stopped: 0.0001721 seconds, Stopping threads took: 0.0000270 seconds
2020-01-10T15:30:51.777+0000: 8482.607: Total time for which application threads were stopped: 0.0004451 seconds, Stopping threads took: 0.0001511 seconds
2020-01-10T15:31:43.501+0000: 8534.330: Total time for which application threads were stopped: 0.0004831 seconds, Stopping threads took: 0.0001402 seconds
2020-01-10T15:31:43.501+0000: 8534.331: Total time for which application threads were stopped: 0.0001819 seconds, Stopping threads took: 0.0000376 seconds
2020-01-10T15:31:43.501+0000: 8534.331: Total time for which application threads were stopped: 0.0001704 seconds, Stopping threads took: 0.0000284 seconds
2020-01-10T15:31:49.449+0000: 8540.279: Total time for which application threads were stopped: 0.0004157 seconds, Stopping threads took: 0.0001407 seconds
2020-01-10T15:31:49.449+0000: 8540.279: Total time for which application threads were stopped: 0.0001957 seconds, Stopping threads took: 0.0000490 seconds
2020-01-10T15:31:49.450+0000: 8540.279: Total time for which application threads were stopped: 0.0001820 seconds, Stopping threads took: 0.0000340 seconds
2020-01-10T15:31:50.450+0000: 8541.280: Total time for which application threads were stopped: 0.0003887 seconds, Stopping threads took: 0.0001175 seconds
2020-01-10T15:32:43.504+0000: 8594.333: Total time for which application threads were stopped: 0.0004526 seconds, Stopping threads took: 0.0001453 seconds
2020-01-10T15:32:43.504+0000: 8594.333: Total time for which application threads were stopped: 0.0001999 seconds, Stopping threads took: 0.0000455 seconds
2020-01-10T15:32:43.504+0000: 8594.334: Total time for which application threads were stopped: 0.0001773 seconds, Stopping threads took: 0.0000377 seconds
2020-01-10T15:32:49.452+0000: 8600.281: Total time for which application threads were stopped: 0.0004313 seconds, Stopping threads took: 0.0001426 seconds
2020-01-10T15:32:49.452+0000: 8600.281: Total time for which application threads were stopped: 0.0001789 seconds, Stopping threads took: 0.0000355 seconds
2020-01-10T15:32:49.452+0000: 8600.282: Total time for which application threads were stopped: 0.0001689 seconds, Stopping threads took: 0.0000268 seconds
2020-01-10T15:32:50.453+0000: 8601.282: Total time for which application threads were stopped: 0.0004074 seconds, Stopping threads took: 0.0001425 seconds
2020-01-10T15:33:43.506+0000: 8654.336: Total time for which application threads were stopped: 0.0004419 seconds, Stopping threads took: 0.0001581 seconds
2020-01-10T15:33:43.506+0000: 8654.336: Total time for which application threads were stopped: 0.0001797 seconds, Stopping threads took: 0.0000363 seconds
2020-01-10T15:33:43.507+0000: 8654.336: Total time for which application threads were stopped: 0.0001695 seconds, Stopping threads took: 0.0000266 seconds
2020-01-10T15:33:49.454+0000: 8660.284: Total time for which application threads were stopped: 0.0005524 seconds, Stopping threads took: 0.0001626 seconds
2020-01-10T15:33:49.455+0000: 8660.284: Total time for which application threads were stopped: 0.0003779 seconds, Stopping threads took: 0.0001106 seconds
2020-01-10T15:33:49.455+0000: 8660.285: Total time for which application threads were stopped: 0.0002801 seconds, Stopping threads took: 0.0000508 seconds
2020-01-10T15:34:21.459+0000: 8692.289: Total time for which application threads were stopped: 0.0004418 seconds, Stopping threads took: 0.0001894 seconds
2020-01-10T15:34:43.510+0000: 8714.340: Total time for which application threads were stopped: 0.0020710 seconds, Stopping threads took: 0.0012159 seconds
2020-01-10T15:34:43.511+0000: 8714.340: Total time for which application threads were stopped: 0.0001981 seconds, Stopping threads took: 0.0000380 seconds
2020-01-10T15:34:43.511+0000: 8714.341: Total time for which application threads were stopped: 0.0005937 seconds, Stopping threads took: 0.0000379 seconds
2020-01-10T15:34:49.457+0000: 8720.286: Total time for which application threads were stopped: 0.0004104 seconds, Stopping threads took: 0.0001329 seconds
2020-01-10T15:34:49.457+0000: 8720.287: Total time for which application threads were stopped: 0.0002142 seconds, Stopping threads took: 0.0000364 seconds
2020-01-10T15:34:49.458+0000: 8720.287: Total time for which application threads were stopped: 0.0002007 seconds, Stopping threads took: 0.0000482 seconds
2020-01-10T15:34:51.458+0000: 8722.288: Total time for which application threads were stopped: 0.0004187 seconds, Stopping threads took: 0.0001516 seconds
2020-01-10T15:35:43.513+0000: 8774.343: Total time for which application threads were stopped: 0.0004703 seconds, Stopping threads took: 0.0001458 seconds
2020-01-10T15:35:43.514+0000: 8774.343: Total time for which application threads were stopped: 0.0002156 seconds, Stopping threads took: 0.0000406 seconds
2020-01-10T15:35:43.514+0000: 8774.344: Total time for which application threads were stopped: 0.0001889 seconds, Stopping threads took: 0.0000418 seconds
2020-01-10T15:35:49.459+0000: 8780.289: Total time for which application threads were stopped: 0.0004827 seconds, Stopping threads took: 0.0001868 seconds
2020-01-10T15:35:49.460+0000: 8780.289: Total time for which application threads were stopped: 0.0002563 seconds, Stopping threads took: 0.0000921 seconds
2020-01-10T15:35:49.460+0000: 8780.290: Total time for which application threads were stopped: 0.0002151 seconds, Stopping threads took: 0.0000468 seconds
2020-01-10T15:36:43.516+0000: 8834.345: Total time for which application threads were stopped: 0.0004368 seconds, Stopping threads took: 0.0001407 seconds
2020-01-10T15:36:43.516+0000: 8834.345: Total time for which application threads were stopped: 0.0001671 seconds, Stopping threads took: 0.0000223 seconds
2020-01-10T15:36:43.516+0000: 8834.346: Total time for which application threads were stopped: 0.0001704 seconds, Stopping threads took: 0.0000226 seconds
2020-01-10T15:36:49.462+0000: 8840.291: Total time for which application threads were stopped: 0.0004183 seconds, Stopping threads took: 0.0001284 seconds
2020-01-10T15:36:49.462+0000: 8840.292: Total time for which application threads were stopped: 0.0001968 seconds, Stopping threads took: 0.0000395 seconds
2020-01-10T15:36:49.463+0000: 8840.292: Total time for which application threads were stopped: 0.0001835 seconds, Stopping threads took: 0.0000291 seconds
2020-01-10T15:37:43.518+0000: 8894.348: Total time for which application threads were stopped: 0.0004660 seconds, Stopping threads took: 0.0001332 seconds
2020-01-10T15:37:43.518+0000: 8894.348: Total time for which application threads were stopped: 0.0001788 seconds, Stopping threads took: 0.0000367 seconds
2020-01-10T15:37:43.519+0000: 8894.349: Total time for which application threads were stopped: 0.0001909 seconds, Stopping threads took: 0.0000446 seconds
2020-01-10T15:37:49.464+0000: 8900.294: Total time for which application threads were stopped: 0.0003918 seconds, Stopping threads took: 0.0001000 seconds
2020-01-10T15:37:49.465+0000: 8900.294: Total time for which application threads were stopped: 0.0001794 seconds, Stopping threads took: 0.0000367 seconds
2020-01-10T15:37:49.465+0000: 8900.295: Total time for which application threads were stopped: 0.0002091 seconds, Stopping threads took: 0.0000399 seconds
2020-01-10T15:37:55.466+0000: 8906.296: Total time for which application threads were stopped: 0.0004376 seconds, Stopping threads took: 0.0001616 seconds
2020-01-10T15:38:00.467+0000: 8911.297: Total time for which application threads were stopped: 0.0004040 seconds, Stopping threads took: 0.0001101 seconds
2020-01-10T15:38:05.468+0000: 8916.298: Total time for which application threads were stopped: 0.0004990 seconds, Stopping threads took: 0.0001450 seconds
2020-01-10T15:38:43.521+0000: 8954.351: Total time for which application threads were stopped: 0.0005070 seconds, Stopping threads took: 0.0001631 seconds
2020-01-10T15:38:43.522+0000: 8954.351: Total time for which application threads were stopped: 0.0003739 seconds, Stopping threads took: 0.0001980 seconds
2020-01-10T15:38:43.522+0000: 8954.352: Total time for which application threads were stopped: 0.0003003 seconds, Stopping threads took: 0.0001099 seconds
2020-01-10T15:38:49.467+0000: 8960.297: Total time for which application threads were stopped: 0.0005547 seconds, Stopping threads took: 0.0001729 seconds
2020-01-10T15:38:49.468+0000: 8960.297: Total time for which application threads were stopped: 0.0005243 seconds, Stopping threads took: 0.0002583 seconds
2020-01-10T15:38:49.468+0000: 8960.298: Total time for which application threads were stopped: 0.0003412 seconds, Stopping threads took: 0.0000939 seconds
2020-01-10T15:38:50.469+0000: 8961.298: Total time for which application threads were stopped: 0.0004292 seconds, Stopping threads took: 0.0001287 seconds
2020-01-10T15:38:51.469+0000: 8962.299: Total time for which application threads were stopped: 0.0005858 seconds, Stopping threads took: 0.0001682 seconds
2020-01-10T15:39:43.524+0000: 9014.354: Total time for which application threads were stopped: 0.0004681 seconds, Stopping threads took: 0.0001584 seconds
2020-01-10T15:39:43.525+0000: 9014.354: Total time for which application threads were stopped: 0.0001851 seconds, Stopping threads took: 0.0000380 seconds
2020-01-10T15:39:43.525+0000: 9014.354: Total time for which application threads were stopped: 0.0001743 seconds, Stopping threads took: 0.0000278 seconds
2020-01-10T15:39:49.470+0000: 9020.300: Total time for which application threads were stopped: 0.0003903 seconds, Stopping threads took: 0.0001146 seconds
2020-01-10T15:39:49.470+0000: 9020.300: Total time for which application threads were stopped: 0.0001698 seconds, Stopping threads took: 0.0000230 seconds
2020-01-10T15:39:49.471+0000: 9020.301: Total time for which application threads were stopped: 0.0007579 seconds, Stopping threads took: 0.0000233 seconds
2020-01-10T15:40:43.527+0000: 9074.356: Total time for which application threads were stopped: 0.0005986 seconds, Stopping threads took: 0.0002702 seconds
2020-01-10T15:40:43.527+0000: 9074.357: Total time for which application threads were stopped: 0.0002459 seconds, Stopping threads took: 0.0000749 seconds
2020-01-10T15:40:43.528+0000: 9074.357: Total time for which application threads were stopped: 0.0002915 seconds, Stopping threads took: 0.0001059 seconds
2020-01-10T15:40:49.473+0000: 9080.303: Total time for which application threads were stopped: 0.0004778 seconds, Stopping threads took: 0.0001821 seconds
2020-01-10T15:40:49.473+0000: 9080.303: Total time for which application threads were stopped: 0.0001978 seconds, Stopping threads took: 0.0000488 seconds
2020-01-10T15:40:49.474+0000: 9080.303: Total time for which application threads were stopped: 0.0002368 seconds, Stopping threads took: 0.0000652 seconds
2020-01-10T15:41:43.530+0000: 9134.360: Total time for which application threads were stopped: 0.0004756 seconds, Stopping threads took: 0.0001487 seconds
2020-01-10T15:41:43.531+0000: 9134.360: Total time for which application threads were stopped: 0.0001921 seconds, Stopping threads took: 0.0000461 seconds
2020-01-10T15:41:43.531+0000: 9134.361: Total time for which application threads were stopped: 0.0001732 seconds, Stopping threads took: 0.0000293 seconds
2020-01-10T15:41:49.476+0000: 9140.305: Total time for which application threads were stopped: 0.0005767 seconds, Stopping threads took: 0.0002233 seconds
2020-01-10T15:41:49.476+0000: 9140.306: Total time for which application threads were stopped: 0.0001932 seconds, Stopping threads took: 0.0000427 seconds
2020-01-10T15:41:49.476+0000: 9140.306: Total time for which application threads were stopped: 0.0002040 seconds, Stopping threads took: 0.0000378 seconds
2020-01-10T15:41:50.477+0000: 9141.306: Total time for which application threads were stopped: 0.0002783 seconds, Stopping threads took: 0.0000967 seconds
2020-01-10T15:41:55.478+0000: 9146.307: Total time for which application threads were stopped: 0.0004167 seconds, Stopping threads took: 0.0001175 seconds
2020-01-10T15:42:43.533+0000: 9194.363: Total time for which application threads were stopped: 0.0005150 seconds, Stopping threads took: 0.0001745 seconds
2020-01-10T15:42:43.534+0000: 9194.363: Total time for which application threads were stopped: 0.0003979 seconds, Stopping threads took: 0.0000887 seconds
2020-01-10T15:42:43.534+0000: 9194.364: Total time for which application threads were stopped: 0.0001902 seconds, Stopping threads took: 0.0000419 seconds
2020-01-10T15:42:44.535+0000: 9195.364: Total time for which application threads were stopped: 0.0004028 seconds, Stopping threads took: 0.0001323 seconds
2020-01-10T15:42:49.478+0000: 9200.308: Total time for which application threads were stopped: 0.0004031 seconds, Stopping threads took: 0.0001283 seconds
2020-01-10T15:42:49.479+0000: 9200.308: Total time for which application threads were stopped: 0.0001950 seconds, Stopping threads took: 0.0000393 seconds
2020-01-10T15:42:49.479+0000: 9200.309: Total time for which application threads were stopped: 0.0001842 seconds, Stopping threads took: 0.0000317 seconds
2020-01-10T15:43:40.484+0000: 9251.314: Total time for which application threads were stopped: 0.0006220 seconds, Stopping threads took: 0.0001821 seconds
2020-01-10T15:43:43.537+0000: 9254.366: Total time for which application threads were stopped: 0.0004245 seconds, Stopping threads took: 0.0001120 seconds
2020-01-10T15:43:43.537+0000: 9254.367: Total time for which application threads were stopped: 0.0001862 seconds, Stopping threads took: 0.0000432 seconds
2020-01-10T15:43:43.537+0000: 9254.367: Total time for which application threads were stopped: 0.0002018 seconds, Stopping threads took: 0.0000580 seconds
2020-01-10T15:43:49.481+0000: 9260.311: Total time for which application threads were stopped: 0.0006651 seconds, Stopping threads took: 0.0002319 seconds
2020-01-10T15:43:49.482+0000: 9260.311: Total time for which application threads were stopped: 0.0002401 seconds, Stopping threads took: 0.0000667 seconds
2020-01-10T15:43:49.482+0000: 9260.312: Total time for which application threads were stopped: 0.0001944 seconds, Stopping threads took: 0.0000393 seconds
2020-01-10T15:44:20.485+0000: 9291.315: Total time for which application threads were stopped: 0.0004450 seconds, Stopping threads took: 0.0001430 seconds
2020-01-10T15:44:25.486+0000: 9296.315: Total time for which application threads were stopped: 0.0004837 seconds, Stopping threads took: 0.0001401 seconds
2020-01-10T15:44:36.487+0000: 9307.317: Total time for which application threads were stopped: 0.0004535 seconds, Stopping threads took: 0.0001518 seconds
2020-01-10T15:44:43.539+0000: 9314.369: Total time for which application threads were stopped: 0.0005500 seconds, Stopping threads took: 0.0001874 seconds
2020-01-10T15:44:43.540+0000: 9314.369: Total time for which application threads were stopped: 0.0002208 seconds, Stopping threads took: 0.0000360 seconds
2020-01-10T15:44:43.540+0000: 9314.370: Total time for which application threads were stopped: 0.0002319 seconds, Stopping threads took: 0.0000609 seconds
2020-01-10T15:44:44.541+0000: 9315.370: Total time for which application threads were stopped: 0.0004393 seconds, Stopping threads took: 0.0001181 seconds
2020-01-10T15:44:49.485+0000: 9320.314: Total time for which application threads were stopped: 0.0011980 seconds, Stopping threads took: 0.0001713 seconds
2020-01-10T15:44:49.485+0000: 9320.314: Total time for which application threads were stopped: 0.0001879 seconds, Stopping threads took: 0.0000389 seconds
2020-01-10T15:44:49.486+0000: 9320.315: Total time for which application threads were stopped: 0.0006397 seconds, Stopping threads took: 0.0000505 seconds
2020-01-10T15:45:43.542+0000: 9374.372: Total time for which application threads were stopped: 0.0005616 seconds, Stopping threads took: 0.0001961 seconds
2020-01-10T15:45:43.543+0000: 9374.372: Total time for which application threads were stopped: 0.0003503 seconds, Stopping threads took: 0.0001194 seconds
2020-01-10T15:45:43.543+0000: 9374.373: Total time for which application threads were stopped: 0.0003540 seconds, Stopping threads took: 0.0001694 seconds
2020-01-10T15:45:49.488+0000: 9380.317: Total time for which application threads were stopped: 0.0004691 seconds, Stopping threads took: 0.0001133 seconds
2020-01-10T15:45:49.488+0000: 9380.318: Total time for which application threads were stopped: 0.0001853 seconds, Stopping threads took: 0.0000373 seconds
2020-01-10T15:45:49.488+0000: 9380.318: Total time for which application threads were stopped: 0.0001740 seconds, Stopping threads took: 0.0000274 seconds
2020-01-10T15:46:43.547+0000: 9434.377: Total time for which application threads were stopped: 0.0022182 seconds, Stopping threads took: 0.0001543 seconds
2020-01-10T15:46:43.547+0000: 9434.377: Total time for which application threads were stopped: 0.0001828 seconds, Stopping threads took: 0.0000355 seconds
2020-01-10T15:46:43.548+0000: 9434.377: Total time for which application threads were stopped: 0.0002443 seconds, Stopping threads took: 0.0000594 seconds
2020-01-10T15:46:49.490+0000: 9440.320: Total time for which application threads were stopped: 0.0004689 seconds, Stopping threads took: 0.0001220 seconds
2020-01-10T15:46:49.490+0000: 9440.320: Total time for which application threads were stopped: 0.0001825 seconds, Stopping threads took: 0.0000362 seconds
2020-01-10T15:46:49.491+0000: 9440.320: Total time for which application threads were stopped: 0.0001749 seconds, Stopping threads took: 0.0000277 seconds
2020-01-10T15:47:15.493+0000: 9466.323: Total time for which application threads were stopped: 0.0004917 seconds, Stopping threads took: 0.0001748 seconds
2020-01-10T15:47:43.550+0000: 9494.379: Total time for which application threads were stopped: 0.0005049 seconds, Stopping threads took: 0.0001651 seconds
2020-01-10T15:47:43.550+0000: 9494.379: Total time for which application threads were stopped: 0.0002154 seconds, Stopping threads took: 0.0000408 seconds
2020-01-10T15:47:43.550+0000: 9494.380: Total time for which application threads were stopped: 0.0001869 seconds, Stopping threads took: 0.0000416 seconds
2020-01-10T15:47:49.493+0000: 9500.322: Total time for which application threads were stopped: 0.0005381 seconds, Stopping threads took: 0.0002283 seconds
2020-01-10T15:47:49.493+0000: 9500.323: Total time for which application threads were stopped: 0.0002525 seconds, Stopping threads took: 0.0000891 seconds
2020-01-10T15:47:49.493+0000: 9500.323: Total time for which application threads were stopped: 0.0002267 seconds, Stopping threads took: 0.0000641 seconds
2020-01-10T15:48:43.552+0000: 9554.382: Total time for which application threads were stopped: 0.0004964 seconds, Stopping threads took: 0.0001589 seconds
2020-01-10T15:48:43.552+0000: 9554.382: Total time for which application threads were stopped: 0.0001840 seconds, Stopping threads took: 0.0000393 seconds
2020-01-10T15:48:43.553+0000: 9554.383: Total time for which application threads were stopped: 0.0003504 seconds, Stopping threads took: 0.0000711 seconds
2020-01-10T15:48:49.495+0000: 9560.325: Total time for which application threads were stopped: 0.0007077 seconds, Stopping threads took: 0.0003351 seconds
2020-01-10T15:48:49.496+0000: 9560.325: Total time for which application threads were stopped: 0.0002738 seconds, Stopping threads took: 0.0001058 seconds
2020-01-10T15:48:49.496+0000: 9560.326: Total time for which application threads were stopped: 0.0002360 seconds, Stopping threads took: 0.0000754 seconds
2020-01-10T15:49:43.555+0000: 9614.384: Total time for which application threads were stopped: 0.0005927 seconds, Stopping threads took: 0.0001511 seconds
2020-01-10T15:49:43.555+0000: 9614.385: Total time for which application threads were stopped: 0.0002508 seconds, Stopping threads took: 0.0000497 seconds
2020-01-10T15:49:43.556+0000: 9614.385: Total time for which application threads were stopped: 0.0002086 seconds, Stopping threads took: 0.0000588 seconds
2020-01-10T15:49:44.556+0000: 9615.386: Total time for which application threads were stopped: 0.0004032 seconds, Stopping threads took: 0.0001325 seconds
2020-01-10T15:49:49.498+0000: 9620.327: Total time for which application threads were stopped: 0.0004083 seconds, Stopping threads took: 0.0001128 seconds
2020-01-10T15:49:49.498+0000: 9620.328: Total time for which application threads were stopped: 0.0001917 seconds, Stopping threads took: 0.0000360 seconds
2020-01-10T15:49:49.499+0000: 9620.329: Total time for which application threads were stopped: 0.0007595 seconds, Stopping threads took: 0.0000407 seconds
2020-01-10T15:50:03.501+0000: 9634.331: Total time for which application threads were stopped: 0.0004693 seconds, Stopping threads took: 0.0001452 seconds
2020-01-10T15:50:43.558+0000: 9674.387: Total time for which application threads were stopped: 0.0004998 seconds, Stopping threads took: 0.0001494 seconds
2020-01-10T15:50:43.558+0000: 9674.388: Total time for which application threads were stopped: 0.0001841 seconds, Stopping threads took: 0.0000369 seconds
2020-01-10T15:50:43.558+0000: 9674.388: Total time for which application threads were stopped: 0.0001724 seconds, Stopping threads took: 0.0000267 seconds
2020-01-10T15:50:49.501+0000: 9680.330: Total time for which application threads were stopped: 0.0005198 seconds, Stopping threads took: 0.0001995 seconds
2020-01-10T15:50:49.501+0000: 9680.331: Total time for which application threads were stopped: 0.0002863 seconds, Stopping threads took: 0.0000968 seconds
2020-01-10T15:50:49.502+0000: 9680.331: Total time for which application threads were stopped: 0.0002491 seconds, Stopping threads took: 0.0000977 seconds
2020-01-10T15:51:43.560+0000: 9734.390: Total time for which application threads were stopped: 0.0005052 seconds, Stopping threads took: 0.0001638 seconds
2020-01-10T15:51:43.561+0000: 9734.390: Total time for which application threads were stopped: 0.0001900 seconds, Stopping threads took: 0.0000420 seconds
2020-01-10T15:51:43.561+0000: 9734.391: Total time for which application threads were stopped: 0.0001905 seconds, Stopping threads took: 0.0000402 seconds
2020-01-10T15:51:49.503+0000: 9740.333: Total time for which application threads were stopped: 0.0005233 seconds, Stopping threads took: 0.0001655 seconds
2020-01-10T15:51:49.503+0000: 9740.333: Total time for which application threads were stopped: 0.0001711 seconds, Stopping threads took: 0.0000221 seconds
2020-01-10T15:51:49.504+0000: 9740.333: Total time for which application threads were stopped: 0.0001841 seconds, Stopping threads took: 0.0000337 seconds
2020-01-10T15:52:43.563+0000: 9794.392: Total time for which application threads were stopped: 0.0004602 seconds, Stopping threads took: 0.0001509 seconds
2020-01-10T15:52:43.563+0000: 9794.393: Total time for which application threads were stopped: 0.0001662 seconds, Stopping threads took: 0.0000221 seconds
2020-01-10T15:52:43.563+0000: 9794.393: Total time for which application threads were stopped: 0.0001678 seconds, Stopping threads took: 0.0000220 seconds
2020-01-10T15:52:44.564+0000: 9795.393: Total time for which application threads were stopped: 0.0004804 seconds, Stopping threads took: 0.0001342 seconds
2020-01-10T15:52:49.506+0000: 9800.335: Total time for which application threads were stopped: 0.0006324 seconds, Stopping threads took: 0.0002557 seconds
2020-01-10T15:52:49.506+0000: 9800.336: Total time for which application threads were stopped: 0.0002166 seconds, Stopping threads took: 0.0000441 seconds
2020-01-10T15:52:49.507+0000: 9800.336: Total time for which application threads were stopped: 0.0002760 seconds, Stopping threads took: 0.0000919 seconds
2020-01-10T15:53:43.565+0000: 9854.395: Total time for which application threads were stopped: 0.0005466 seconds, Stopping threads took: 0.0001672 seconds
2020-01-10T15:53:43.566+0000: 9854.395: Total time for which application threads were stopped: 0.0001975 seconds, Stopping threads took: 0.0000372 seconds
2020-01-10T15:53:43.566+0000: 9854.396: Total time for which application threads were stopped: 0.0002439 seconds, Stopping threads took: 0.0000496 seconds
2020-01-10T15:53:49.508+0000: 9860.338: Total time for which application threads were stopped: 0.0004720 seconds, Stopping threads took: 0.0001572 seconds
2020-01-10T15:53:49.509+0000: 9860.338: Total time for which application threads were stopped: 0.0002070 seconds, Stopping threads took: 0.0000370 seconds
2020-01-10T15:53:49.509+0000: 9860.339: Total time for which application threads were stopped: 0.0002380 seconds, Stopping threads took: 0.0000365 seconds
2020-01-10T15:54:43.568+0000: 9914.398: Total time for which application threads were stopped: 0.0006455 seconds, Stopping threads took: 0.0001725 seconds
2020-01-10T15:54:43.568+0000: 9914.398: Total time for which application threads were stopped: 0.0002165 seconds, Stopping threads took: 0.0000479 seconds
2020-01-10T15:54:43.569+0000: 9914.399: Total time for which application threads were stopped: 0.0001962 seconds, Stopping threads took: 0.0000485 seconds
2020-01-10T15:54:49.511+0000: 9920.341: Total time for which application threads were stopped: 0.0009853 seconds, Stopping threads took: 0.0001376 seconds
2020-01-10T15:54:49.512+0000: 9920.341: Total time for which application threads were stopped: 0.0001831 seconds, Stopping threads took: 0.0000364 seconds
2020-01-10T15:54:49.512+0000: 9920.342: Total time for which application threads were stopped: 0.0005195 seconds, Stopping threads took: 0.0000263 seconds
2020-01-10T15:55:43.571+0000: 9974.400: Total time for which application threads were stopped: 0.0004703 seconds, Stopping threads took: 0.0001495 seconds
2020-01-10T15:55:43.571+0000: 9974.401: Total time for which application threads were stopped: 0.0001909 seconds, Stopping threads took: 0.0000453 seconds
2020-01-10T15:55:43.571+0000: 9974.401: Total time for which application threads were stopped: 0.0001693 seconds, Stopping threads took: 0.0000260 seconds
2020-01-10T15:55:49.514+0000: 9980.343: Total time for which application threads were stopped: 0.0004572 seconds, Stopping threads took: 0.0001312 seconds
2020-01-10T15:55:49.514+0000: 9980.344: Total time for which application threads were stopped: 0.0001709 seconds, Stopping threads took: 0.0000224 seconds
2020-01-10T15:55:49.515+0000: 9980.344: Total time for which application threads were stopped: 0.0001712 seconds, Stopping threads took: 0.0000224 seconds
2020-01-10T15:56:35.520+0000: 10026.349: Total time for which application threads were stopped: 0.0004192 seconds, Stopping threads took: 0.0001551 seconds
2020-01-10T15:56:43.573+0000: 10034.403: Total time for which application threads were stopped: 0.0005221 seconds, Stopping threads took: 0.0001385 seconds
2020-01-10T15:56:43.573+0000: 10034.403: Total time for which application threads were stopped: 0.0001877 seconds, Stopping threads took: 0.0000404 seconds
2020-01-10T15:56:43.574+0000: 10034.403: Total time for which application threads were stopped: 0.0001889 seconds, Stopping threads took: 0.0000394 seconds
2020-01-10T15:56:49.516+0000: 10040.346: Total time for which application threads were stopped: 0.0004990 seconds, Stopping threads took: 0.0001464 seconds
2020-01-10T15:56:49.517+0000: 10040.346: Total time for which application threads were stopped: 0.0001858 seconds, Stopping threads took: 0.0000373 seconds
2020-01-10T15:56:49.517+0000: 10040.347: Total time for which application threads were stopped: 0.0001769 seconds, Stopping threads took: 0.0000277 seconds
2020-01-10T15:57:43.575+0000: 10094.405: Total time for which application threads were stopped: 0.0005040 seconds, Stopping threads took: 0.0001588 seconds
2020-01-10T15:57:43.576+0000: 10094.405: Total time for which application threads were stopped: 0.0002009 seconds, Stopping threads took: 0.0000414 seconds
2020-01-10T15:57:43.576+0000: 10094.406: Total time for which application threads were stopped: 0.0002211 seconds, Stopping threads took: 0.0000448 seconds
2020-01-10T15:57:49.519+0000: 10100.348: Total time for which application threads were stopped: 0.0004406 seconds, Stopping threads took: 0.0001101 seconds
2020-01-10T15:57:49.519+0000: 10100.349: Total time for which application threads were stopped: 0.0001912 seconds, Stopping threads took: 0.0000423 seconds
2020-01-10T15:57:49.519+0000: 10100.349: Total time for which application threads were stopped: 0.0001794 seconds, Stopping threads took: 0.0000298 seconds
2020-01-10T15:57:52.520+0000: 10103.350: Total time for which application threads were stopped: 0.0004420 seconds, Stopping threads took: 0.0001306 seconds
2020-01-10T15:58:43.578+0000: 10154.408: Total time for which application threads were stopped: 0.0005043 seconds, Stopping threads took: 0.0001560 seconds
2020-01-10T15:58:43.578+0000: 10154.408: Total time for which application threads were stopped: 0.0001883 seconds, Stopping threads took: 0.0000404 seconds
2020-01-10T15:58:43.579+0000: 10154.408: Total time for which application threads were stopped: 0.0001860 seconds, Stopping threads took: 0.0000276 seconds
2020-01-10T15:58:49.521+0000: 10160.351: Total time for which application threads were stopped: 0.0004923 seconds, Stopping threads took: 0.0001378 seconds
2020-01-10T15:58:49.521+0000: 10160.351: Total time for which application threads were stopped: 0.0001822 seconds, Stopping threads took: 0.0000367 seconds
2020-01-10T15:58:49.522+0000: 10160.351: Total time for which application threads were stopped: 0.0001841 seconds, Stopping threads took: 0.0000376 seconds
2020-01-10T15:59:15.360+0000: 10186.189: [GC pause (G1 Evacuation Pause) (young)
Desired survivor size 40370176 bytes, new threshold 15 (max 15)
- age   1:    3205480 bytes,    3205480 total
- age   2:     279056 bytes,    3484536 total
- age   3:     593624 bytes,    4078160 total
- age   4:    1006368 bytes,    5084528 total
- age   5:     827624 bytes,    5912152 total
- age   6:    1096032 bytes,    7008184 total
- age   7:    1199528 bytes,    8207712 total
- age   8:      83032 bytes,    8290744 total
- age   9:       7424 bytes,    8298168 total
- age  10:       5232 bytes,    8303400 total
- age  11:       5920 bytes,    8309320 total
- age  12:       4408 bytes,    8313728 total
- age  13:       5240 bytes,    8318968 total
- age  14:       4272 bytes,    8323240 total
- age  15:       6848 bytes,    8330088 total
, 0.1508690 secs]
   [Parallel Time: 16.7 ms, GC Workers: 4]
      [GC Worker Start (ms): Min: 10186189.7, Avg: 10186189.8, Max: 10186189.8, Diff: 0.1]
      [Ext Root Scanning (ms): Min: 2.6, Avg: 2.9, Max: 3.2, Diff: 0.6, Sum: 11.4]
      [Update RS (ms): Min: 1.6, Avg: 1.7, Max: 1.9, Diff: 0.3, Sum: 6.8]
         [Processed Buffers: Min: 12, Avg: 18.2, Max: 25, Diff: 13, Sum: 73]
      [Scan RS (ms): Min: 0.1, Avg: 0.2, Max: 0.3, Diff: 0.2, Sum: 0.8]
      [Code Root Scanning (ms): Min: 0.0, Avg: 0.7, Max: 1.4, Diff: 1.4, Sum: 2.7]
      [Object Copy (ms): Min: 10.2, Avg: 11.0, Max: 11.8, Diff: 1.6, Sum: 43.9]
      [Termination (ms): Min: 0.0, Avg: 0.0, Max: 0.0, Diff: 0.0, Sum: 0.0]
         [Termination Attempts: Min: 1, Avg: 8.8, Max: 14, Diff: 13, Sum: 35]
      [GC Worker Other (ms): Min: 0.1, Avg: 0.1, Max: 0.1, Diff: 0.1, Sum: 0.4]
      [GC Worker Total (ms): Min: 16.5, Avg: 16.5, Max: 16.6, Diff: 0.1, Sum: 66.1]
      [GC Worker End (ms): Min: 10186206.3, Avg: 10186206.3, Max: 10186206.3, Diff: 0.1]
   [Code Root Fixup: 0.1 ms]
   [Code Root Purge: 0.0 ms]
   [Clear CT: 0.3 ms]
   [Other: 133.8 ms]
      [Choose CSet: 0.0 ms]
      [Ref Proc: 131.9 ms]
      [Ref Enq: 0.6 ms]
      [Redirty Cards: 0.1 ms]
      [Humongous Register: 0.1 ms]
      [Humongous Reclaim: 0.0 ms]
      [Free CSet: 0.6 ms]
   [Eden: 577.0M(577.0M)->0.0B(567.0M) Survivors: 37888.0K->48128.0K Heap: 727.0M(1024.0M)->160.0M(1024.0M)]
 [Times: user=0.20 sys=0.01, real=0.16 secs] 
2020-01-10T15:59:15.511+0000: 10186.341: Total time for which application threads were stopped: 0.1516709 seconds, Stopping threads took: 0.0001608 seconds
2020-01-10T15:59:15.512+0000: 10186.341: Total time for which application threads were stopped: 0.0004626 seconds, Stopping threads took: 0.0001098 seconds
2020-01-10T15:59:15.512+0000: 10186.341: Total time for which application threads were stopped: 0.0001924 seconds, Stopping threads took: 0.0000380 seconds
2020-01-10T15:59:15.512+0000: 10186.342: Total time for which application threads were stopped: 0.0001783 seconds, Stopping threads took: 0.0000376 seconds
2020-01-10T15:59:15.588+0000: 10186.417: Total time for which application threads were stopped: 0.0004785 seconds, Stopping threads took: 0.0001158 seconds
2020-01-10T15:59:43.581+0000: 10214.410: Total time for which application threads were stopped: 0.0005609 seconds, Stopping threads took: 0.0001993 seconds
2020-01-10T15:59:43.581+0000: 10214.411: Total time for which application threads were stopped: 0.0002038 seconds, Stopping threads took: 0.0000512 seconds
2020-01-10T15:59:43.582+0000: 10214.411: Total time for which application threads were stopped: 0.0002644 seconds, Stopping threads took: 0.0000919 seconds
2020-01-10T15:59:44.582+0000: 10215.412: Total time for which application threads were stopped: 0.0005279 seconds, Stopping threads took: 0.0001395 seconds
2020-01-10T15:59:49.524+0000: 10220.353: Total time for which application threads were stopped: 0.0005311 seconds, Stopping threads took: 0.0001322 seconds
2020-01-10T15:59:49.524+0000: 10220.354: Total time for which application threads were stopped: 0.0001928 seconds, Stopping threads took: 0.0000371 seconds
2020-01-10T15:59:49.525+0000: 10220.355: Total time for which application threads were stopped: 0.0009459 seconds, Stopping threads took: 0.0000268 seconds
2020-01-10T16:00:43.583+0000: 10274.413: Total time for which application threads were stopped: 0.0004577 seconds, Stopping threads took: 0.0001464 seconds
2020-01-10T16:00:43.584+0000: 10274.413: Total time for which application threads were stopped: 0.0001832 seconds, Stopping threads took: 0.0000370 seconds
2020-01-10T16:00:43.584+0000: 10274.414: Total time for which application threads were stopped: 0.0001980 seconds, Stopping threads took: 0.0000525 seconds
2020-01-10T16:00:49.527+0000: 10280.357: Total time for which application threads were stopped: 0.0004223 seconds, Stopping threads took: 0.0001332 seconds
2020-01-10T16:00:49.527+0000: 10280.357: Total time for which application threads were stopped: 0.0001823 seconds, Stopping threads took: 0.0000364 seconds
2020-01-10T16:00:49.528+0000: 10280.357: Total time for which application threads were stopped: 0.0002510 seconds, Stopping threads took: 0.0000687 seconds
2020-01-10T16:01:35.532+0000: 10326.362: Total time for which application threads were stopped: 0.0004013 seconds, Stopping threads took: 0.0001377 seconds
2020-01-10T16:01:43.586+0000: 10334.415: Total time for which application threads were stopped: 0.0004067 seconds, Stopping threads took: 0.0001230 seconds
2020-01-10T16:01:43.586+0000: 10334.416: Total time for which application threads were stopped: 0.0002537 seconds, Stopping threads took: 0.0000612 seconds
2020-01-10T16:01:43.586+0000: 10334.416: Total time for which application threads were stopped: 0.0001934 seconds, Stopping threads took: 0.0000399 seconds
2020-01-10T16:01:49.529+0000: 10340.359: Total time for which application threads were stopped: 0.0004179 seconds, Stopping threads took: 0.0001397 seconds
2020-01-10T16:01:49.530+0000: 10340.359: Total time for which application threads were stopped: 0.0001915 seconds, Stopping threads took: 0.0000357 seconds
2020-01-10T16:01:49.530+0000: 10340.360: Total time for which application threads were stopped: 0.0001704 seconds, Stopping threads took: 0.0000270 seconds
2020-01-10T16:02:43.588+0000: 10394.418: Total time for which application threads were stopped: 0.0004982 seconds, Stopping threads took: 0.0001432 seconds
2020-01-10T16:02:43.588+0000: 10394.418: Total time for which application threads were stopped: 0.0002167 seconds, Stopping threads took: 0.0000370 seconds
2020-01-10T16:02:43.589+0000: 10394.418: Total time for which application threads were stopped: 0.0001998 seconds, Stopping threads took: 0.0000378 seconds
2020-01-10T16:02:49.532+0000: 10400.361: Total time for which application threads were stopped: 0.0004321 seconds, Stopping threads took: 0.0001103 seconds
2020-01-10T16:02:49.532+0000: 10400.362: Total time for which application threads were stopped: 0.0001688 seconds, Stopping threads took: 0.0000222 seconds
2020-01-10T16:02:49.532+0000: 10400.362: Total time for which application threads were stopped: 0.0001707 seconds, Stopping threads took: 0.0000222 seconds
2020-01-10T16:03:43.590+0000: 10454.420: Total time for which application threads were stopped: 0.0004640 seconds, Stopping threads took: 0.0001410 seconds
2020-01-10T16:03:43.591+0000: 10454.420: Total time for which application threads were stopped: 0.0001673 seconds, Stopping threads took: 0.0000221 seconds
2020-01-10T16:03:43.591+0000: 10454.421: Total time for which application threads were stopped: 0.0001716 seconds, Stopping threads took: 0.0000233 seconds
2020-01-10T16:03:49.534+0000: 10460.364: Total time for which application threads were stopped: 0.0004770 seconds, Stopping threads took: 0.0001206 seconds
2020-01-10T16:03:49.534+0000: 10460.364: Total time for which application threads were stopped: 0.0001859 seconds, Stopping threads took: 0.0000368 seconds
2020-01-10T16:03:49.535+0000: 10460.364: Total time for which application threads were stopped: 0.0001771 seconds, Stopping threads took: 0.0000274 seconds
2020-01-10T16:04:43.593+0000: 10514.422: Total time for which application threads were stopped: 0.0004799 seconds, Stopping threads took: 0.0001443 seconds
2020-01-10T16:04:43.593+0000: 10514.422: Total time for which application threads were stopped: 0.0001950 seconds, Stopping threads took: 0.0000364 seconds
2020-01-10T16:04:43.593+0000: 10514.423: Total time for which application threads were stopped: 0.0001935 seconds, Stopping threads took: 0.0000419 seconds
2020-01-10T16:04:49.537+0000: 10520.367: Total time for which application threads were stopped: 0.0009776 seconds, Stopping threads took: 0.0001311 seconds
2020-01-10T16:04:49.537+0000: 10520.367: Total time for which application threads were stopped: 0.0002216 seconds, Stopping threads took: 0.0000744 seconds
2020-01-10T16:04:49.538+0000: 10520.368: Total time for which application threads were stopped: 0.0005463 seconds, Stopping threads took: 0.0000382 seconds
2020-01-10T16:04:53.539+0000: 10524.368: Total time for which application threads were stopped: 0.0004035 seconds, Stopping threads took: 0.0001238 seconds
2020-01-10T16:05:00.540+0000: 10531.370: Total time for which application threads were stopped: 0.0003851 seconds, Stopping threads took: 0.0001088 seconds
2020-01-10T16:05:22.542+0000: 10553.372: Total time for which application threads were stopped: 0.0003959 seconds, Stopping threads took: 0.0001391 seconds
2020-01-10T16:05:43.595+0000: 10574.424: Total time for which application threads were stopped: 0.0004159 seconds, Stopping threads took: 0.0001301 seconds
2020-01-10T16:05:43.595+0000: 10574.425: Total time for which application threads were stopped: 0.0003627 seconds, Stopping threads took: 0.0000718 seconds
2020-01-10T16:05:43.596+0000: 10574.425: Total time for which application threads were stopped: 0.0002372 seconds, Stopping threads took: 0.0000449 seconds
2020-01-10T16:05:49.540+0000: 10580.369: Total time for which application threads were stopped: 0.0004301 seconds, Stopping threads took: 0.0001058 seconds
2020-01-10T16:05:49.540+0000: 10580.370: Total time for which application threads were stopped: 0.0001886 seconds, Stopping threads took: 0.0000411 seconds
2020-01-10T16:05:49.540+0000: 10580.370: Total time for which application threads were stopped: 0.0001781 seconds, Stopping threads took: 0.0000297 seconds
2020-01-10T16:05:52.541+0000: 10583.371: Total time for which application threads were stopped: 0.0004474 seconds, Stopping threads took: 0.0001095 seconds
2020-01-10T16:06:20.544+0000: 10611.374: Total time for which application threads were stopped: 0.0004027 seconds, Stopping threads took: 0.0001299 seconds
2020-01-10T16:06:43.598+0000: 10634.427: Total time for which application threads were stopped: 0.0005234 seconds, Stopping threads took: 0.0001751 seconds
2020-01-10T16:06:43.598+0000: 10634.428: Total time for which application threads were stopped: 0.0002823 seconds, Stopping threads took: 0.0001008 seconds
2020-01-10T16:06:43.598+0000: 10634.428: Total time for which application threads were stopped: 0.0001938 seconds, Stopping threads took: 0.0000451 seconds
2020-01-10T16:06:49.542+0000: 10640.372: Total time for which application threads were stopped: 0.0004450 seconds, Stopping threads took: 0.0001399 seconds
2020-01-10T16:06:49.543+0000: 10640.372: Total time for which application threads were stopped: 0.0002891 seconds, Stopping threads took: 0.0000946 seconds
2020-01-10T16:06:49.543+0000: 10640.373: Total time for which application threads were stopped: 0.0002449 seconds, Stopping threads took: 0.0000615 seconds
2020-01-10T16:07:43.600+0000: 10694.430: Total time for which application threads were stopped: 0.0004554 seconds, Stopping threads took: 0.0001571 seconds
2020-01-10T16:07:43.600+0000: 10694.430: Total time for which application threads were stopped: 0.0001854 seconds, Stopping threads took: 0.0000393 seconds
2020-01-10T16:07:43.601+0000: 10694.430: Total time for which application threads were stopped: 0.0001880 seconds, Stopping threads took: 0.0000281 seconds
2020-01-10T16:07:49.545+0000: 10700.374: Total time for which application threads were stopped: 0.0004180 seconds, Stopping threads took: 0.0001220 seconds
2020-01-10T16:07:49.545+0000: 10700.375: Total time for which application threads were stopped: 0.0001857 seconds, Stopping threads took: 0.0000404 seconds
2020-01-10T16:07:49.545+0000: 10700.375: Total time for which application threads were stopped: 0.0001744 seconds, Stopping threads took: 0.0000281 seconds
2020-01-10T16:07:52.546+0000: 10703.376: Total time for which application threads were stopped: 0.0003933 seconds, Stopping threads took: 0.0001231 seconds
2020-01-10T16:08:43.603+0000: 10754.432: Total time for which application threads were stopped: 0.0005535 seconds, Stopping threads took: 0.0002140 seconds
2020-01-10T16:08:43.606+0000: 10754.435: Total time for which application threads were stopped: 0.0003329 seconds, Stopping threads took: 0.0001238 seconds
2020-01-10T16:08:43.606+0000: 10754.436: Total time for which application threads were stopped: 0.0003285 seconds, Stopping threads took: 0.0001230 seconds
2020-01-10T16:08:49.547+0000: 10760.377: Total time for which application threads were stopped: 0.0005033 seconds, Stopping threads took: 0.0001288 seconds
2020-01-10T16:08:49.547+0000: 10760.377: Total time for which application threads were stopped: 0.0001670 seconds, Stopping threads took: 0.0000219 seconds
2020-01-10T16:08:49.548+0000: 10760.377: Total time for which application threads were stopped: 0.0002240 seconds, Stopping threads took: 0.0000223 seconds
2020-01-10T16:09:43.608+0000: 10814.437: Total time for which application threads were stopped: 0.0004840 seconds, Stopping threads took: 0.0001449 seconds
2020-01-10T16:09:43.608+0000: 10814.437: Total time for which application threads were stopped: 0.0001852 seconds, Stopping threads took: 0.0000227 seconds
2020-01-10T16:09:43.608+0000: 10814.438: Total time for which application threads were stopped: 0.0002035 seconds, Stopping threads took: 0.0000231 seconds
2020-01-10T16:09:49.549+0000: 10820.379: Total time for which application threads were stopped: 0.0004672 seconds, Stopping threads took: 0.0001117 seconds
2020-01-10T16:09:49.550+0000: 10820.379: Total time for which application threads were stopped: 0.0001830 seconds, Stopping threads took: 0.0000369 seconds
2020-01-10T16:09:49.551+0000: 10820.380: Total time for which application threads were stopped: 0.0009672 seconds, Stopping threads took: 0.0000274 seconds
2020-01-10T16:10:03.280+0000: 10834.110: Total time for which application threads were stopped: 0.0004345 seconds, Stopping threads took: 0.0001167 seconds
2020-01-10T16:10:03.309+0000: 10834.139: Total time for which application threads were stopped: 0.0003251 seconds, Stopping threads took: 0.0000633 seconds
2020-01-10T16:10:04.310+0000: 10835.139: Total time for which application threads were stopped: 0.0004238 seconds, Stopping threads took: 0.0001115 seconds
2020-01-10T16:10:43.610+0000: 10874.439: Total time for which application threads were stopped: 0.0004971 seconds, Stopping threads took: 0.0001375 seconds
2020-01-10T16:10:43.610+0000: 10874.440: Total time for which application threads were stopped: 0.0001889 seconds, Stopping threads took: 0.0000410 seconds
2020-01-10T16:10:43.611+0000: 10874.440: Total time for which application threads were stopped: 0.0001760 seconds, Stopping threads took: 0.0000289 seconds
2020-01-10T16:10:45.611+0000: 10876.441: Total time for which application threads were stopped: 0.0003984 seconds, Stopping threads took: 0.0001078 seconds
2020-01-10T16:10:49.552+0000: 10880.382: Total time for which application threads were stopped: 0.0004502 seconds, Stopping threads took: 0.0001216 seconds
2020-01-10T16:10:49.553+0000: 10880.382: Total time for which application threads were stopped: 0.0001855 seconds, Stopping threads took: 0.0000369 seconds
2020-01-10T16:10:49.553+0000: 10880.383: Total time for which application threads were stopped: 0.0002319 seconds, Stopping threads took: 0.0000275 seconds
2020-01-10T16:11:43.612+0000: 10934.442: Total time for which application threads were stopped: 0.0004834 seconds, Stopping threads took: 0.0001473 seconds
2020-01-10T16:11:43.613+0000: 10934.442: Total time for which application threads were stopped: 0.0001860 seconds, Stopping threads took: 0.0000376 seconds
2020-01-10T16:11:43.613+0000: 10934.443: Total time for which application threads were stopped: 0.0002255 seconds, Stopping threads took: 0.0000271 seconds
2020-01-10T16:11:49.555+0000: 10940.384: Total time for which application threads were stopped: 0.0004497 seconds, Stopping threads took: 0.0001256 seconds
2020-01-10T16:11:49.555+0000: 10940.385: Total time for which application threads were stopped: 0.0001815 seconds, Stopping threads took: 0.0000363 seconds
2020-01-10T16:11:49.555+0000: 10940.385: Total time for which application threads were stopped: 0.0001716 seconds, Stopping threads took: 0.0000267 seconds
2020-01-10T16:12:43.615+0000: 10994.444: Total time for which application threads were stopped: 0.0005132 seconds, Stopping threads took: 0.0001287 seconds
2020-01-10T16:12:43.615+0000: 10994.445: Total time for which application threads were stopped: 0.0001937 seconds, Stopping threads took: 0.0000363 seconds
2020-01-10T16:12:43.615+0000: 10994.445: Total time for which application threads were stopped: 0.0001712 seconds, Stopping threads took: 0.0000268 seconds
2020-01-10T16:12:49.557+0000: 11000.387: Total time for which application threads were stopped: 0.0004483 seconds, Stopping threads took: 0.0001091 seconds
2020-01-10T16:12:49.557+0000: 11000.387: Total time for which application threads were stopped: 0.0001870 seconds, Stopping threads took: 0.0000382 seconds
2020-01-10T16:12:49.558+0000: 11000.387: Total time for which application threads were stopped: 0.0001848 seconds, Stopping threads took: 0.0000268 seconds
2020-01-10T16:13:03.560+0000: 11014.389: Total time for which application threads were stopped: 0.0004099 seconds, Stopping threads took: 0.0001174 seconds
2020-01-10T16:13:20.561+0000: 11031.391: Total time for which application threads were stopped: 0.0004355 seconds, Stopping threads took: 0.0001411 seconds
2020-01-10T16:13:43.617+0000: 11054.447: Total time for which application threads were stopped: 0.0004732 seconds, Stopping threads took: 0.0001330 seconds
2020-01-10T16:13:43.617+0000: 11054.447: Total time for which application threads were stopped: 0.0001852 seconds, Stopping threads took: 0.0000413 seconds
2020-01-10T16:13:43.618+0000: 11054.447: Total time for which application threads were stopped: 0.0002721 seconds, Stopping threads took: 0.0000267 seconds
2020-01-10T16:13:49.559+0000: 11060.389: Total time for which application threads were stopped: 0.0004917 seconds, Stopping threads took: 0.0001397 seconds
2020-01-10T16:13:49.560+0000: 11060.389: Total time for which application threads were stopped: 0.0001885 seconds, Stopping threads took: 0.0000391 seconds
2020-01-10T16:13:49.560+0000: 11060.390: Total time for which application threads were stopped: 0.0001729 seconds, Stopping threads took: 0.0000273 seconds
2020-01-10T16:14:25.564+0000: 11096.393: Total time for which application threads were stopped: 0.0004404 seconds, Stopping threads took: 0.0001462 seconds
2020-01-10T16:14:43.620+0000: 11114.449: Total time for which application threads were stopped: 0.0004370 seconds, Stopping threads took: 0.0001142 seconds
2020-01-10T16:14:43.620+0000: 11114.449: Total time for which application threads were stopped: 0.0001947 seconds, Stopping threads took: 0.0000398 seconds
2020-01-10T16:14:43.620+0000: 11114.450: Total time for which application threads were stopped: 0.0002208 seconds, Stopping threads took: 0.0000289 seconds
2020-01-10T16:14:46.621+0000: 11117.451: Total time for which application threads were stopped: 0.0004275 seconds, Stopping threads took: 0.0001121 seconds
2020-01-10T16:14:49.563+0000: 11120.392: Total time for which application threads were stopped: 0.0011353 seconds, Stopping threads took: 0.0001205 seconds
2020-01-10T16:14:49.563+0000: 11120.393: Total time for which application threads were stopped: 0.0001992 seconds, Stopping threads took: 0.0000369 seconds
2020-01-10T16:14:49.564+0000: 11120.393: Total time for which application threads were stopped: 0.0005858 seconds, Stopping threads took: 0.0000284 seconds
2020-01-10T16:14:53.564+0000: 11124.394: Total time for which application threads were stopped: 0.0004305 seconds, Stopping threads took: 0.0001259 seconds
2020-01-10T16:15:00.565+0000: 11131.395: Total time for which application threads were stopped: 0.0004217 seconds, Stopping threads took: 0.0001051 seconds
2020-01-10T16:15:05.566+0000: 11136.396: Total time for which application threads were stopped: 0.0004239 seconds, Stopping threads took: 0.0001338 seconds
2020-01-10T16:15:23.568+0000: 11154.398: Total time for which application threads were stopped: 0.0004645 seconds, Stopping threads took: 0.0001419 seconds
2020-01-10T16:15:43.622+0000: 11174.452: Total time for which application threads were stopped: 0.0005055 seconds, Stopping threads took: 0.0001380 seconds
2020-01-10T16:15:43.622+0000: 11174.452: Total time for which application threads were stopped: 0.0001661 seconds, Stopping threads took: 0.0000218 seconds
2020-01-10T16:15:43.623+0000: 11174.452: Total time for which application threads were stopped: 0.0001837 seconds, Stopping threads took: 0.0000264 seconds
2020-01-10T16:15:49.565+0000: 11180.395: Total time for which application threads were stopped: 0.0005033 seconds, Stopping threads took: 0.0001513 seconds
2020-01-10T16:15:49.566+0000: 11180.395: Total time for which application threads were stopped: 0.0001809 seconds, Stopping threads took: 0.0000365 seconds
2020-01-10T16:15:49.566+0000: 11180.396: Total time for which application threads were stopped: 0.0002121 seconds, Stopping threads took: 0.0000362 seconds
2020-01-10T16:16:05.568+0000: 11196.397: Total time for which application threads were stopped: 0.0004066 seconds, Stopping threads took: 0.0001040 seconds
2020-01-10T16:16:10.569+0000: 11201.398: Total time for which application threads were stopped: 0.0003928 seconds, Stopping threads took: 0.0001049 seconds
2020-01-10T16:16:43.624+0000: 11234.454: Total time for which application threads were stopped: 0.0004949 seconds, Stopping threads took: 0.0001579 seconds
2020-01-10T16:16:43.625+0000: 11234.454: Total time for which application threads were stopped: 0.0001835 seconds, Stopping threads took: 0.0000374 seconds
2020-01-10T16:16:43.625+0000: 11234.455: Total time for which application threads were stopped: 0.0001804 seconds, Stopping threads took: 0.0000264 seconds
2020-01-10T16:16:49.568+0000: 11240.397: Total time for which application threads were stopped: 0.0005648 seconds, Stopping threads took: 0.0002260 seconds
2020-01-10T16:16:49.568+0000: 11240.398: Total time for which application threads were stopped: 0.0002357 seconds, Stopping threads took: 0.0000630 seconds
2020-01-10T16:16:49.569+0000: 11240.398: Total time for which application threads were stopped: 0.0002281 seconds, Stopping threads took: 0.0000356 seconds
2020-01-10T16:17:15.572+0000: 11266.401: Total time for which application threads were stopped: 0.0004317 seconds, Stopping threads took: 0.0001194 seconds
2020-01-10T16:17:43.627+0000: 11294.456: Total time for which application threads were stopped: 0.0004815 seconds, Stopping threads took: 0.0001451 seconds
2020-01-10T16:17:43.627+0000: 11294.457: Total time for which application threads were stopped: 0.0001845 seconds, Stopping threads took: 0.0000223 seconds
2020-01-10T16:17:43.627+0000: 11294.457: Total time for which application threads were stopped: 0.0001739 seconds, Stopping threads took: 0.0000229 seconds
2020-01-10T16:17:49.570+0000: 11300.400: Total time for which application threads were stopped: 0.0004741 seconds, Stopping threads took: 0.0001444 seconds
2020-01-10T16:17:49.571+0000: 11300.400: Total time for which application threads were stopped: 0.0001877 seconds, Stopping threads took: 0.0000371 seconds
2020-01-10T16:17:49.571+0000: 11300.401: Total time for which application threads were stopped: 0.0002069 seconds, Stopping threads took: 0.0000270 seconds
2020-01-10T16:18:43.629+0000: 11354.459: Total time for which application threads were stopped: 0.0004262 seconds, Stopping threads took: 0.0001093 seconds
2020-01-10T16:18:43.629+0000: 11354.459: Total time for which application threads were stopped: 0.0002062 seconds, Stopping threads took: 0.0000600 seconds
2020-01-10T16:18:43.630+0000: 11354.459: Total time for which application threads were stopped: 0.0002173 seconds, Stopping threads took: 0.0000381 seconds
2020-01-10T16:18:49.573+0000: 11360.402: Total time for which application threads were stopped: 0.0003964 seconds, Stopping threads took: 0.0001137 seconds
2020-01-10T16:18:49.573+0000: 11360.403: Total time for which application threads were stopped: 0.0001924 seconds, Stopping threads took: 0.0000464 seconds
2020-01-10T16:18:49.573+0000: 11360.403: Total time for which application threads were stopped: 0.0001741 seconds, Stopping threads took: 0.0000283 seconds
2020-01-10T16:18:50.574+0000: 11361.404: Total time for which application threads were stopped: 0.0004440 seconds, Stopping threads took: 0.0001315 seconds
2020-01-10T16:18:54.575+0000: 11365.404: Total time for which application threads were stopped: 0.0004900 seconds, Stopping threads took: 0.0001630 seconds
2020-01-10T16:19:25.420+0000: 11396.249: Total time for which application threads were stopped: 0.0005169 seconds, Stopping threads took: 0.0001443 seconds
2020-01-10T16:19:25.420+0000: 11396.250: Total time for which application threads were stopped: 0.0002048 seconds, Stopping threads took: 0.0000410 seconds
2020-01-10T16:19:25.421+0000: 11396.250: Total time for which application threads were stopped: 0.0002298 seconds, Stopping threads took: 0.0000291 seconds
2020-01-10T16:19:26.421+0000: 11397.251: Total time for which application threads were stopped: 0.0004068 seconds, Stopping threads took: 0.0001160 seconds
2020-01-10T16:19:27.422+0000: 11398.251: Total time for which application threads were stopped: 0.0004303 seconds, Stopping threads took: 0.0001170 seconds
2020-01-10T16:19:43.631+0000: 11414.461: Total time for which application threads were stopped: 0.0004609 seconds, Stopping threads took: 0.0001140 seconds
2020-01-10T16:19:43.632+0000: 11414.461: Total time for which application threads were stopped: 0.0001832 seconds, Stopping threads took: 0.0000360 seconds
2020-01-10T16:19:43.633+0000: 11414.463: Total time for which application threads were stopped: 0.0009494 seconds, Stopping threads took: 0.0000288 seconds
2020-01-10T16:19:43.648+0000: 11414.477: Total time for which application threads were stopped: 0.0003075 seconds, Stopping threads took: 0.0000715 seconds
2020-01-10T16:19:49.575+0000: 11420.405: Total time for which application threads were stopped: 0.0004457 seconds, Stopping threads took: 0.0001054 seconds
2020-01-10T16:19:49.575+0000: 11420.405: Total time for which application threads were stopped: 0.0001823 seconds, Stopping threads took: 0.0000361 seconds
2020-01-10T16:19:49.576+0000: 11420.405: Total time for which application threads were stopped: 0.0002047 seconds, Stopping threads took: 0.0000265 seconds
2020-01-10T16:19:55.515+0000: 11426.345: Total time for which application threads were stopped: 0.0004434 seconds, Stopping threads took: 0.0001254 seconds
2020-01-10T16:19:56.526+0000: 11427.356: Total time for which application threads were stopped: 0.0004136 seconds, Stopping threads took: 0.0001170 seconds
2020-01-10T16:20:00.527+0000: 11431.356: Total time for which application threads were stopped: 0.0004591 seconds, Stopping threads took: 0.0001322 seconds
2020-01-10T16:20:20.529+0000: 11451.359: Total time for which application threads were stopped: 0.0004407 seconds, Stopping threads took: 0.0001238 seconds
2020-01-10T16:20:30.530+0000: 11461.360: Total time for which application threads were stopped: 0.0004635 seconds, Stopping threads took: 0.0001567 seconds
2020-01-10T16:20:49.577+0000: 11480.407: Total time for which application threads were stopped: 0.0005663 seconds, Stopping threads took: 0.0001539 seconds
2020-01-10T16:20:49.578+0000: 11480.407: Total time for which application threads were stopped: 0.0001845 seconds, Stopping threads took: 0.0000373 seconds
2020-01-10T16:20:49.578+0000: 11480.408: Total time for which application threads were stopped: 0.0002160 seconds, Stopping threads took: 0.0000274 seconds
2020-01-10T16:20:50.579+0000: 11481.408: Total time for which application threads were stopped: 0.0003849 seconds, Stopping threads took: 0.0001283 seconds
2020-01-10T16:21:49.580+0000: 11540.410: Total time for which application threads were stopped: 0.0005438 seconds, Stopping threads took: 0.0001753 seconds
2020-01-10T16:21:49.580+0000: 11540.410: Total time for which application threads were stopped: 0.0001813 seconds, Stopping threads took: 0.0000370 seconds
2020-01-10T16:21:49.581+0000: 11540.410: Total time for which application threads were stopped: 0.0001715 seconds, Stopping threads took: 0.0000268 seconds
2020-01-10T16:22:49.582+0000: 11600.412: Total time for which application threads were stopped: 0.0004898 seconds, Stopping threads took: 0.0001595 seconds
2020-01-10T16:22:49.583+0000: 11600.412: Total time for which application threads were stopped: 0.0001802 seconds, Stopping threads took: 0.0000360 seconds
2020-01-10T16:22:49.583+0000: 11600.413: Total time for which application threads were stopped: 0.0002150 seconds, Stopping threads took: 0.0000262 seconds
2020-01-10T16:23:49.585+0000: 11660.414: Total time for which application threads were stopped: 0.0005846 seconds, Stopping threads took: 0.0001655 seconds
2020-01-10T16:23:49.585+0000: 11660.415: Total time for which application threads were stopped: 0.0001790 seconds, Stopping threads took: 0.0000222 seconds
2020-01-10T16:23:49.585+0000: 11660.415: Total time for which application threads were stopped: 0.0001707 seconds, Stopping threads took: 0.0000225 seconds
2020-01-10T16:23:55.586+0000: 11666.416: Total time for which application threads were stopped: 0.0003981 seconds, Stopping threads took: 0.0001267 seconds
2020-01-10T16:24:05.588+0000: 11676.417: Total time for which application threads were stopped: 0.0004674 seconds, Stopping threads took: 0.0001541 seconds
2020-01-10T16:24:41.527+0000: 11712.356: Total time for which application threads were stopped: 0.0078965 seconds, Stopping threads took: 0.0074970 seconds
2020-01-10T16:24:41.527+0000: 11712.356: Total time for which application threads were stopped: 0.0002496 seconds, Stopping threads took: 0.0000777 seconds
2020-01-10T16:24:41.527+0000: 11712.357: Total time for which application threads were stopped: 0.0001901 seconds, Stopping threads took: 0.0000392 seconds
2020-01-10T16:24:49.587+0000: 11720.417: Total time for which application threads were stopped: 0.0004381 seconds, Stopping threads took: 0.0001507 seconds
2020-01-10T16:24:49.588+0000: 11720.417: Total time for which application threads were stopped: 0.0001678 seconds, Stopping threads took: 0.0000218 seconds
2020-01-10T16:24:49.588+0000: 11720.417: Total time for which application threads were stopped: 0.0001705 seconds, Stopping threads took: 0.0000217 seconds
2020-01-10T16:24:49.604+0000: 11720.433: Total time for which application threads were stopped: 0.0003231 seconds, Stopping threads took: 0.0001185 seconds
2020-01-10T16:25:11.618+0000: 11742.448: Total time for which application threads were stopped: 0.0004242 seconds, Stopping threads took: 0.0001456 seconds
2020-01-10T16:25:12.624+0000: 11743.454: Total time for which application threads were stopped: 0.0004908 seconds, Stopping threads took: 0.0001387 seconds
2020-01-10T16:25:14.625+0000: 11745.454: Total time for which application threads were stopped: 0.0004465 seconds, Stopping threads took: 0.0001303 seconds
2020-01-10T16:25:24.624+0000: 11755.454: Total time for which application threads were stopped: 0.0004916 seconds, Stopping threads took: 0.0001504 seconds
2020-01-10T16:25:27.625+0000: 11758.455: Total time for which application threads were stopped: 0.0004814 seconds, Stopping threads took: 0.0001292 seconds
2020-01-10T16:25:35.627+0000: 11766.456: Total time for which application threads were stopped: 0.0005107 seconds, Stopping threads took: 0.0001719 seconds
2020-01-10T16:25:45.262+0000: 11776.092: Total time for which application threads were stopped: 0.0004999 seconds, Stopping threads took: 0.0001287 seconds
2020-01-10T16:25:57.202+0000: 11788.032: Total time for which application threads were stopped: 0.0004930 seconds, Stopping threads took: 0.0001385 seconds
2020-01-10T16:25:57.463+0000: 11788.293: Total time for which application threads were stopped: 0.0002245 seconds, Stopping threads took: 0.0000626 seconds
2020-01-10T16:26:25.467+0000: 11816.296: Total time for which application threads were stopped: 0.0005382 seconds, Stopping threads took: 0.0001768 seconds
2020-01-10T16:26:30.468+0000: 11821.297: Total time for which application threads were stopped: 0.0004468 seconds, Stopping threads took: 0.0001303 seconds
2020-01-10T16:27:54.477+0000: 11905.307: Total time for which application threads were stopped: 0.0005315 seconds, Stopping threads took: 0.0001937 seconds
2020-01-10T16:29:26.489+0000: 11997.319: Total time for which application threads were stopped: 0.0004528 seconds, Stopping threads took: 0.0001037 seconds
2020-01-10T16:30:58.502+0000: 12089.331: Total time for which application threads were stopped: 0.0004097 seconds, Stopping threads took: 0.0001414 seconds
2020-01-10T16:31:00.502+0000: 12091.332: Total time for which application threads were stopped: 0.0004358 seconds, Stopping threads took: 0.0001600 seconds
2020-01-10T16:31:20.505+0000: 12111.335: Total time for which application threads were stopped: 0.0004066 seconds, Stopping threads took: 0.0001450 seconds
2020-01-10T16:31:40.509+0000: 12131.338: Total time for which application threads were stopped: 0.0004845 seconds, Stopping threads took: 0.0001605 seconds
2020-01-10T16:31:45.510+0000: 12136.339: Total time for which application threads were stopped: 0.0004171 seconds, Stopping threads took: 0.0001214 seconds
2020-01-10T16:33:45.525+0000: 12256.355: Total time for which application threads were stopped: 0.0004502 seconds, Stopping threads took: 0.0001682 seconds
2020-01-10T16:34:14.530+0000: 12285.359: Total time for which application threads were stopped: 0.0003745 seconds, Stopping threads took: 0.0001149 seconds
2020-01-10T16:34:16.530+0000: 12287.360: Total time for which application threads were stopped: 0.0003825 seconds, Stopping threads took: 0.0001203 seconds
2020-01-10T16:34:40.209+0000: 12311.039: Total time for which application threads were stopped: 0.0006027 seconds, Stopping threads took: 0.0001489 seconds
2020-01-10T16:34:40.232+0000: 12311.061: Total time for which application threads were stopped: 0.0004016 seconds, Stopping threads took: 0.0001543 seconds
2020-01-10T16:34:40.232+0000: 12311.062: Total time for which application threads were stopped: 0.0002707 seconds, Stopping threads took: 0.0000728 seconds
2020-01-10T16:34:40.232+0000: 12311.062: Total time for which application threads were stopped: 0.0002579 seconds, Stopping threads took: 0.0000671 seconds
2020-01-10T16:34:40.234+0000: 12311.063: Total time for which application threads were stopped: 0.0008806 seconds, Stopping threads took: 0.0000733 seconds
2020-01-10T16:34:40.236+0000: 12311.065: Total time for which application threads were stopped: 0.0002678 seconds, Stopping threads took: 0.0000998 seconds
2020-01-10T16:34:40.289+0000: 12311.119: Total time for which application threads were stopped: 0.0016668 seconds, Stopping threads took: 0.0001289 seconds
2020-01-10T16:34:40.302+0000: 12311.131: Total time for which application threads were stopped: 0.0010151 seconds, Stopping threads took: 0.0002165 seconds
2020-01-10T16:34:40.302+0000: 12311.132: Total time for which application threads were stopped: 0.0003627 seconds, Stopping threads took: 0.0001340 seconds
2020-01-10T16:34:40.303+0000: 12311.133: Total time for which application threads were stopped: 0.0007336 seconds, Stopping threads took: 0.0000890 seconds
2020-01-10T16:34:40.314+0000: 12311.144: Total time for which application threads were stopped: 0.0002742 seconds, Stopping threads took: 0.0000653 seconds
2020-01-10T16:34:40.365+0000: 12311.195: Total time for which application threads were stopped: 0.0031683 seconds, Stopping threads took: 0.0029402 seconds
2020-01-10T16:34:40.366+0000: 12311.195: Total time for which application threads were stopped: 0.0002363 seconds, Stopping threads took: 0.0000612 seconds
2020-01-10T16:34:40.366+0000: 12311.196: Total time for which application threads were stopped: 0.0002887 seconds, Stopping threads took: 0.0001132 seconds
2020-01-10T16:34:40.367+0000: 12311.196: Total time for which application threads were stopped: 0.0002331 seconds, Stopping threads took: 0.0000554 seconds
2020-01-10T16:34:40.402+0000: 12311.232: Total time for which application threads were stopped: 0.0004292 seconds, Stopping threads took: 0.0002019 seconds
2020-01-10T16:34:40.402+0000: 12311.232: Total time for which application threads were stopped: 0.0003443 seconds, Stopping threads took: 0.0001359 seconds
2020-01-10T16:34:40.403+0000: 12311.233: Total time for which application threads were stopped: 0.0004537 seconds, Stopping threads took: 0.0002110 seconds
2020-01-10T16:34:40.404+0000: 12311.234: Total time for which application threads were stopped: 0.0002948 seconds, Stopping threads took: 0.0000664 seconds
2020-01-10T16:34:40.405+0000: 12311.234: Total time for which application threads were stopped: 0.0002539 seconds, Stopping threads took: 0.0000526 seconds
2020-01-10T16:34:40.405+0000: 12311.235: Total time for which application threads were stopped: 0.0003284 seconds, Stopping threads took: 0.0001266 seconds
2020-01-10T16:34:40.412+0000: 12311.242: Total time for which application threads were stopped: 0.0002568 seconds, Stopping threads took: 0.0000565 seconds
2020-01-10T16:34:41.413+0000: 12312.243: Total time for which application threads were stopped: 0.0003907 seconds, Stopping threads took: 0.0000951 seconds
2020-01-10T16:34:41.739+0000: 12312.568: Total time for which application threads were stopped: 0.0004692 seconds, Stopping threads took: 0.0001429 seconds
2020-01-10T16:34:42.739+0000: 12313.569: Total time for which application threads were stopped: 0.0004545 seconds, Stopping threads took: 0.0001288 seconds
2020-01-10T16:34:42.847+0000: 12313.677: Total time for which application threads were stopped: 0.0002826 seconds, Stopping threads took: 0.0000779 seconds
2020-01-10T16:34:43.774+0000: 12314.603: Total time for which application threads were stopped: 0.0004475 seconds, Stopping threads took: 0.0001326 seconds
2020-01-10T16:34:44.774+0000: 12315.604: Total time for which application threads were stopped: 0.0004494 seconds, Stopping threads took: 0.0001254 seconds
2020-01-10T16:34:44.896+0000: 12315.725: Total time for which application threads were stopped: 0.0004463 seconds, Stopping threads took: 0.0001168 seconds
2020-01-10T16:34:45.802+0000: 12316.632: Total time for which application threads were stopped: 0.0005717 seconds, Stopping threads took: 0.0001500 seconds
2020-01-10T16:34:46.803+0000: 12317.632: Total time for which application threads were stopped: 0.0005469 seconds, Stopping threads took: 0.0001487 seconds
2020-01-10T16:34:46.915+0000: 12317.745: Total time for which application threads were stopped: 0.0003174 seconds, Stopping threads took: 0.0001025 seconds
2020-01-10T16:34:47.916+0000: 12318.746: Total time for which application threads were stopped: 0.0005137 seconds, Stopping threads took: 0.0001246 seconds
2020-01-10T16:34:48.917+0000: 12319.746: Total time for which application threads were stopped: 0.0005574 seconds, Stopping threads took: 0.0001558 seconds
2020-01-10T16:34:49.917+0000: 12320.747: Total time for which application threads were stopped: 0.0005762 seconds, Stopping threads took: 0.0001365 seconds
2020-01-10T16:34:51.918+0000: 12322.747: Total time for which application threads were stopped: 0.0004215 seconds, Stopping threads took: 0.0001135 seconds
2020-01-10T16:34:52.918+0000: 12323.748: Total time for which application threads were stopped: 0.0004076 seconds, Stopping threads took: 0.0000888 seconds
2020-01-10T16:34:54.881+0000: 12325.711: Total time for which application threads were stopped: 0.0004521 seconds, Stopping threads took: 0.0001024 seconds
2020-01-10T16:34:54.924+0000: 12325.753: Total time for which application threads were stopped: 0.0004426 seconds, Stopping threads took: 0.0001168 seconds
2020-01-10T16:34:54.958+0000: 12325.787: Total time for which application threads were stopped: 0.0049254 seconds, Stopping threads took: 0.0045658 seconds
2020-01-10T16:34:54.974+0000: 12325.803: Total time for which application threads were stopped: 0.0019080 seconds, Stopping threads took: 0.0015913 seconds
2020-01-10T16:34:54.974+0000: 12325.804: Total time for which application threads were stopped: 0.0003542 seconds, Stopping threads took: 0.0001084 seconds
2020-01-10T16:34:54.975+0000: 12325.804: Total time for which application threads were stopped: 0.0003041 seconds, Stopping threads took: 0.0000865 seconds
2020-01-10T16:34:54.977+0000: 12325.807: Total time for which application threads were stopped: 0.0006841 seconds, Stopping threads took: 0.0003347 seconds
2020-01-10T16:34:55.044+0000: 12325.873: Total time for which application threads were stopped: 0.0005448 seconds, Stopping threads took: 0.0001520 seconds
2020-01-10T16:34:55.328+0000: 12326.157: [GC pause (G1 Evacuation Pause) (young)
Desired survivor size 40370176 bytes, new threshold 15 (max 15)
- age   1:    2975888 bytes,    2975888 total
- age   2:    1517696 bytes,    4493584 total
- age   3:     271656 bytes,    4765240 total
- age   4:     590152 bytes,    5355392 total
- age   5:     974976 bytes,    6330368 total
- age   6:     825192 bytes,    7155560 total
- age   7:    1092720 bytes,    8248280 total
- age   8:    1179000 bytes,    9427280 total
- age   9:      74760 bytes,    9502040 total
- age  10:       7424 bytes,    9509464 total
- age  11:       5232 bytes,    9514696 total
- age  12:       5920 bytes,    9520616 total
- age  13:       4408 bytes,    9525024 total
- age  14:       5240 bytes,    9530264 total
- age  15:       4272 bytes,    9534536 total
, 0.1138140 secs]
   [Parallel Time: 16.0 ms, GC Workers: 4]
      [GC Worker Start (ms): Min: 12326157.5, Avg: 12326157.5, Max: 12326157.6, Diff: 0.1]
      [Ext Root Scanning (ms): Min: 2.1, Avg: 2.4, Max: 2.6, Diff: 0.5, Sum: 9.5]
      [Update RS (ms): Min: 2.2, Avg: 2.3, Max: 2.5, Diff: 0.3, Sum: 9.2]
         [Processed Buffers: Min: 24, Avg: 33.0, Max: 41, Diff: 17, Sum: 132]
      [Scan RS (ms): Min: 0.0, Avg: 0.1, Max: 0.2, Diff: 0.2, Sum: 0.6]
      [Code Root Scanning (ms): Min: 0.0, Avg: 0.6, Max: 1.6, Diff: 1.6, Sum: 2.5]
      [Object Copy (ms): Min: 9.7, Avg: 10.4, Max: 11.2, Diff: 1.5, Sum: 41.7]
      [Termination (ms): Min: 0.0, Avg: 0.0, Max: 0.0, Diff: 0.0, Sum: 0.0]
         [Termination Attempts: Min: 1, Avg: 1.8, Max: 4, Diff: 3, Sum: 7]
      [GC Worker Other (ms): Min: 0.0, Avg: 0.0, Max: 0.1, Diff: 0.1, Sum: 0.2]
      [GC Worker Total (ms): Min: 15.9, Avg: 15.9, Max: 15.9, Diff: 0.0, Sum: 63.7]
      [GC Worker End (ms): Min: 12326173.4, Avg: 12326173.4, Max: 12326173.4, Diff: 0.1]
   [Code Root Fixup: 0.0 ms]
   [Code Root Purge: 0.0 ms]
   [Clear CT: 0.3 ms]
   [Other: 97.5 ms]
      [Choose CSet: 0.0 ms]
      [Ref Proc: 95.9 ms]
      [Ref Enq: 0.4 ms]
      [Redirty Cards: 0.2 ms]
      [Humongous Register: 0.1 ms]
      [Humongous Reclaim: 0.0 ms]
      [Free CSet: 0.5 ms]
   [Eden: 567.0M(567.0M)->0.0B(567.0M) Survivors: 48128.0K->48128.0K Heap: 731.0M(1024.0M)->160.5M(1024.0M)]
 [Times: user=0.16 sys=0.00, real=0.12 secs] 
2020-01-10T16:34:55.442+0000: 12326.271: Total time for which application threads were stopped: 0.1146568 seconds, Stopping threads took: 0.0001832 seconds
2020-01-10T16:34:55.442+0000: 12326.272: Total time for which application threads were stopped: 0.0005574 seconds, Stopping threads took: 0.0001493 seconds
2020-01-10T16:34:55.443+0000: 12326.272: Total time for which application threads were stopped: 0.0003586 seconds, Stopping threads took: 0.0001134 seconds
2020-01-10T16:34:55.443+0000: 12326.273: Total time for which application threads were stopped: 0.0002756 seconds, Stopping threads took: 0.0000450 seconds
2020-01-10T16:34:55.444+0000: 12326.273: Total time for which application threads were stopped: 0.0003183 seconds, Stopping threads took: 0.0000945 seconds
2020-01-10T16:34:55.444+0000: 12326.273: Total time for which application threads were stopped: 0.0002377 seconds, Stopping threads took: 0.0000355 seconds
2020-01-10T16:34:55.444+0000: 12326.274: Total time for which application threads were stopped: 0.0002864 seconds, Stopping threads took: 0.0000745 seconds
2020-01-10T16:34:55.444+0000: 12326.274: Total time for which application threads were stopped: 0.0003073 seconds, Stopping threads took: 0.0000860 seconds
2020-01-10T16:34:55.445+0000: 12326.274: Total time for which application threads were stopped: 0.0002476 seconds, Stopping threads took: 0.0000452 seconds
2020-01-10T16:34:55.445+0000: 12326.275: Total time for which application threads were stopped: 0.0002533 seconds, Stopping threads took: 0.0000342 seconds
2020-01-10T16:34:55.445+0000: 12326.275: Total time for which application threads were stopped: 0.0003725 seconds, Stopping threads took: 0.0001498 seconds
2020-01-10T16:34:55.446+0000: 12326.275: Total time for which application threads were stopped: 0.0003003 seconds, Stopping threads took: 0.0000755 seconds
2020-01-10T16:34:55.446+0000: 12326.276: Total time for which application threads were stopped: 0.0002730 seconds, Stopping threads took: 0.0000684 seconds
2020-01-10T16:34:55.446+0000: 12326.276: Total time for which application threads were stopped: 0.0002438 seconds, Stopping threads took: 0.0000414 seconds
2020-01-10T16:34:55.447+0000: 12326.276: Total time for which application threads were stopped: 0.0002745 seconds, Stopping threads took: 0.0000550 seconds
2020-01-10T16:34:55.447+0000: 12326.277: Total time for which application threads were stopped: 0.0002878 seconds, Stopping threads took: 0.0000652 seconds
2020-01-10T16:34:55.456+0000: 12326.285: Total time for which application threads were stopped: 0.0010086 seconds, Stopping threads took: 0.0005379 seconds
2020-01-10T16:34:55.480+0000: 12326.310: Total time for which application threads were stopped: 0.0004813 seconds, Stopping threads took: 0.0001680 seconds
2020-01-10T16:34:55.499+0000: 12326.328: Total time for which application threads were stopped: 0.0013684 seconds, Stopping threads took: 0.0001371 seconds
2020-01-10T16:34:55.771+0000: 12326.601: Total time for which application threads were stopped: 0.0014265 seconds, Stopping threads took: 0.0000830 seconds
2020-01-10T16:34:55.778+0000: 12326.608: Total time for which application threads were stopped: 0.0004245 seconds, Stopping threads took: 0.0001247 seconds
2020-01-10T16:34:55.780+0000: 12326.610: Total time for which application threads were stopped: 0.0004586 seconds, Stopping threads took: 0.0001811 seconds
2020-01-10T16:34:55.783+0000: 12326.613: Total time for which application threads were stopped: 0.0003709 seconds, Stopping threads took: 0.0001178 seconds
2020-01-10T16:34:55.786+0000: 12326.616: [Full GC (System.gc())  217M->125M(1024M), 0.6378326 secs]
   [Eden: 59392.0K(567.0M)->0.0B(614.0M) Survivors: 48128.0K->0.0B Heap: 217.7M(1024.0M)->125.5M(1024.0M)], [Metaspace: 139454K->139266K(1177600K)]
 [Times: user=0.81 sys=0.01, real=0.64 secs] 
2020-01-10T16:34:56.424+0000: 12327.254: Total time for which application threads were stopped: 0.6384084 seconds, Stopping threads took: 0.0000748 seconds
2020-01-10T16:34:56.466+0000: 12327.296: Total time for which application threads were stopped: 0.0005784 seconds, Stopping threads took: 0.0001025 seconds
2020-01-10T16:34:57.467+0000: 12328.296: Total time for which application threads were stopped: 0.0005668 seconds, Stopping threads took: 0.0001931 seconds
2020-01-10T16:34:58.467+0000: 12329.297: Total time for which application threads were stopped: 0.0005183 seconds, Stopping threads took: 0.0001437 seconds
2020-01-10T16:35:00.468+0000: 12331.298: Total time for which application threads were stopped: 0.0004468 seconds, Stopping threads took: 0.0001051 seconds
2020-01-10T16:35:03.469+0000: 12334.298: Total time for which application threads were stopped: 0.0004611 seconds, Stopping threads took: 0.0001222 seconds
2020-01-10T16:35:04.469+0000: 12335.299: Total time for which application threads were stopped: 0.0004842 seconds, Stopping threads took: 0.0001208 seconds
2020-01-10T16:35:10.470+0000: 12341.300: Total time for which application threads were stopped: 0.0005922 seconds, Stopping threads took: 0.0001707 seconds
2020-01-10T16:35:17.472+0000: 12348.301: Total time for which application threads were stopped: 0.0005508 seconds, Stopping threads took: 0.0001514 seconds
2020-01-10T16:35:24.473+0000: 12355.302: Total time for which application threads were stopped: 0.0005284 seconds, Stopping threads took: 0.0001167 seconds
2020-01-10T16:35:25.473+0000: 12356.303: Total time for which application threads were stopped: 0.0005438 seconds, Stopping threads took: 0.0001312 seconds
2020-01-10T16:35:47.476+0000: 12378.306: Total time for which application threads were stopped: 0.0005218 seconds, Stopping threads took: 0.0001161 seconds
2020-01-10T16:35:55.040+0000: 12385.869: Total time for which application threads were stopped: 0.0005293 seconds, Stopping threads took: 0.0001790 seconds
2020-01-10T16:35:55.041+0000: 12385.870: Total time for which application threads were stopped: 0.0004158 seconds, Stopping threads took: 0.0001494 seconds
2020-01-10T16:35:55.041+0000: 12385.871: Total time for which application threads were stopped: 0.0005138 seconds, Stopping threads took: 0.0002440 seconds
2020-01-10T16:35:56.042+0000: 12386.872: Total time for which application threads were stopped: 0.0004333 seconds, Stopping threads took: 0.0001326 seconds
2020-01-10T16:36:01.043+0000: 12391.873: Total time for which application threads were stopped: 0.0005243 seconds, Stopping threads took: 0.0001269 seconds
2020-01-10T16:36:02.044+0000: 12392.873: Total time for which application threads were stopped: 0.0005616 seconds, Stopping threads took: 0.0001381 seconds
2020-01-10T16:36:04.738+0000: 12395.567: Total time for which application threads were stopped: 0.0005746 seconds, Stopping threads took: 0.0001523 seconds
2020-01-10T16:36:04.738+0000: 12395.568: Total time for which application threads were stopped: 0.0002602 seconds, Stopping threads took: 0.0000511 seconds
2020-01-10T16:36:04.739+0000: 12395.568: Total time for which application threads were stopped: 0.0002583 seconds, Stopping threads took: 0.0000500 seconds
2020-01-10T16:36:04.739+0000: 12395.569: Total time for which application threads were stopped: 0.0004044 seconds, Stopping threads took: 0.0001682 seconds
2020-01-10T16:36:04.772+0000: 12395.602: Total time for which application threads were stopped: 0.0004193 seconds, Stopping threads took: 0.0001052 seconds
2020-01-10T16:36:04.773+0000: 12395.602: Total time for which application threads were stopped: 0.0003582 seconds, Stopping threads took: 0.0001290 seconds
2020-01-10T16:36:04.781+0000: 12395.611: Total time for which application threads were stopped: 0.0016573 seconds, Stopping threads took: 0.0014185 seconds
2020-01-10T16:36:04.782+0000: 12395.611: Total time for which application threads were stopped: 0.0003546 seconds, Stopping threads took: 0.0001366 seconds
2020-01-10T16:36:04.782+0000: 12395.612: Total time for which application threads were stopped: 0.0003936 seconds, Stopping threads took: 0.0001206 seconds
2020-01-10T16:36:04.783+0000: 12395.612: Total time for which application threads were stopped: 0.0003503 seconds, Stopping threads took: 0.0001019 seconds
2020-01-10T16:36:04.783+0000: 12395.613: Total time for which application threads were stopped: 0.0004040 seconds, Stopping threads took: 0.0001499 seconds
2020-01-10T16:36:04.784+0000: 12395.613: Total time for which application threads were stopped: 0.0003360 seconds, Stopping threads took: 0.0001170 seconds
2020-01-10T16:36:04.790+0000: 12395.619: Total time for which application threads were stopped: 0.0003008 seconds, Stopping threads took: 0.0000720 seconds
2020-01-10T16:36:04.843+0000: 12395.672: Total time for which application threads were stopped: 0.0003930 seconds, Stopping threads took: 0.0000854 seconds
2020-01-10T16:36:04.843+0000: 12395.673: Total time for which application threads were stopped: 0.0003457 seconds, Stopping threads took: 0.0001043 seconds
2020-01-10T16:36:04.844+0000: 12395.673: Total time for which application threads were stopped: 0.0002806 seconds, Stopping threads took: 0.0000553 seconds
2020-01-10T16:36:04.844+0000: 12395.674: Total time for which application threads were stopped: 0.0002854 seconds, Stopping threads took: 0.0000706 seconds
2020-01-10T16:36:04.873+0000: 12395.702: Total time for which application threads were stopped: 0.0012381 seconds, Stopping threads took: 0.0008332 seconds
2020-01-10T16:36:04.874+0000: 12395.704: Total time for which application threads were stopped: 0.0011107 seconds, Stopping threads took: 0.0002129 seconds
2020-01-10T16:36:04.881+0000: 12395.711: Total time for which application threads were stopped: 0.0067366 seconds, Stopping threads took: 0.0064900 seconds
2020-01-10T16:36:04.885+0000: 12395.715: Total time for which application threads were stopped: 0.0003030 seconds, Stopping threads took: 0.0000688 seconds
2020-01-10T16:36:04.885+0000: 12395.715: Total time for which application threads were stopped: 0.0002575 seconds, Stopping threads took: 0.0000528 seconds
2020-01-10T16:36:04.886+0000: 12395.715: Total time for which application threads were stopped: 0.0002903 seconds, Stopping threads took: 0.0000737 seconds
2020-01-10T16:36:04.891+0000: 12395.721: Total time for which application threads were stopped: 0.0003140 seconds, Stopping threads took: 0.0000647 seconds
2020-01-10T16:36:04.910+0000: 12395.740: Total time for which application threads were stopped: 0.0003209 seconds, Stopping threads took: 0.0000775 seconds
2020-01-10T16:36:04.915+0000: 12395.745: Total time for which application threads were stopped: 0.0002882 seconds, Stopping threads took: 0.0000718 seconds
2020-01-10T16:36:04.925+0000: 12395.755: Total time for which application threads were stopped: 0.0003249 seconds, Stopping threads took: 0.0000986 seconds
2020-01-10T16:36:05.058+0000: 12395.888: Total time for which application threads were stopped: 0.0014166 seconds, Stopping threads took: 0.0002188 seconds
2020-01-10T16:36:05.433+0000: 12396.262: Total time for which application threads were stopped: 0.0006648 seconds, Stopping threads took: 0.0001815 seconds
2020-01-10T16:36:05.653+0000: 12396.483: Total time for which application threads were stopped: 0.0007103 seconds, Stopping threads took: 0.0002248 seconds
2020-01-10T16:36:05.655+0000: 12396.485: Total time for which application threads were stopped: 0.0005191 seconds, Stopping threads took: 0.0001976 seconds
2020-01-10T16:36:05.659+0000: 12396.488: Total time for which application threads were stopped: 0.0014454 seconds, Stopping threads took: 0.0001484 seconds
2020-01-10T16:36:05.661+0000: 12396.491: [Full GC (System.gc())  302M->140M(1024M), 0.7430921 secs]
   [Eden: 178.0M(614.0M)->0.0B(614.0M) Survivors: 0.0B->0.0B Heap: 302.7M(1024.0M)->140.1M(1024.0M)], [Metaspace: 139399K->139363K(1177600K)]
 [Times: user=1.06 sys=0.01, real=0.74 secs] 
2020-01-10T16:36:06.405+0000: 12397.234: Total time for which application threads were stopped: 0.7437390 seconds, Stopping threads took: 0.0000994 seconds
2020-01-10T16:36:06.424+0000: 12397.254: Total time for which application threads were stopped: 0.0007447 seconds, Stopping threads took: 0.0001272 seconds
2020-01-10T16:36:07.277+0000: 12398.106: Total time for which application threads were stopped: 0.0008144 seconds, Stopping threads took: 0.0001289 seconds
2020-01-10T16:36:08.278+0000: 12399.107: Total time for which application threads were stopped: 0.0008554 seconds, Stopping threads took: 0.0001849 seconds
2020-01-10T16:36:11.279+0000: 12402.108: Total time for which application threads were stopped: 0.0005951 seconds, Stopping threads took: 0.0001563 seconds
2020-01-10T16:36:14.279+0000: 12405.109: Total time for which application threads were stopped: 0.0004996 seconds, Stopping threads took: 0.0001337 seconds
2020-01-10T16:36:25.281+0000: 12416.111: Total time for which application threads were stopped: 0.0005703 seconds, Stopping threads took: 0.0001533 seconds
2020-01-10T16:36:26.282+0000: 12417.111: Total time for which application threads were stopped: 0.0008890 seconds, Stopping threads took: 0.0002980 seconds
2020-01-10T16:36:27.283+0000: 12418.112: Total time for which application threads were stopped: 0.0007077 seconds, Stopping threads took: 0.0001632 seconds
2020-01-10T16:36:28.283+0000: 12419.113: Total time for which application threads were stopped: 0.0005596 seconds, Stopping threads took: 0.0001281 seconds
2020-01-10T16:36:30.546+0000: 12421.375: Total time for which application threads were stopped: 0.0008230 seconds, Stopping threads took: 0.0002719 seconds
2020-01-10T16:36:30.845+0000: 12421.675: Total time for which application threads were stopped: 0.0007174 seconds, Stopping threads took: 0.0001719 seconds
2020-01-10T16:36:30.908+0000: 12421.738: Total time for which application threads were stopped: 0.0005234 seconds, Stopping threads took: 0.0001536 seconds
2020-01-10T16:36:30.993+0000: 12421.822: Total time for which application threads were stopped: 0.0004908 seconds, Stopping threads took: 0.0001719 seconds
2020-01-10T16:36:31.193+0000: 12422.022: Total time for which application threads were stopped: 0.0004166 seconds, Stopping threads took: 0.0000900 seconds
2020-01-10T16:36:31.298+0000: 12422.128: Total time for which application threads were stopped: 0.0003517 seconds, Stopping threads took: 0.0000979 seconds
2020-01-10T16:36:31.298+0000: 12422.128: Total time for which application threads were stopped: 0.0002528 seconds, Stopping threads took: 0.0000456 seconds
2020-01-10T16:36:31.305+0000: 12422.134: Total time for which application threads were stopped: 0.0004156 seconds, Stopping threads took: 0.0001480 seconds
2020-01-10T16:36:31.401+0000: 12422.231: Total time for which application threads were stopped: 0.0015719 seconds, Stopping threads took: 0.0012312 seconds
2020-01-10T16:36:31.404+0000: 12422.233: Total time for which application threads were stopped: 0.0004716 seconds, Stopping threads took: 0.0001941 seconds
2020-01-10T16:36:31.449+0000: 12422.278: Total time for which application threads were stopped: 0.0006769 seconds, Stopping threads took: 0.0002138 seconds
2020-01-10T16:36:31.526+0000: 12422.355: Total time for which application threads were stopped: 0.0030298 seconds, Stopping threads took: 0.0025099 seconds
2020-01-10T16:36:31.526+0000: 12422.356: Total time for which application threads were stopped: 0.0004124 seconds, Stopping threads took: 0.0001159 seconds
2020-01-10T16:36:31.566+0000: 12422.396: Total time for which application threads were stopped: 0.0006775 seconds, Stopping threads took: 0.0001730 seconds
2020-01-10T16:36:31.567+0000: 12422.396: Total time for which application threads were stopped: 0.0004055 seconds, Stopping threads took: 0.0001397 seconds
2020-01-10T16:36:31.666+0000: 12422.495: Total time for which application threads were stopped: 0.0039926 seconds, Stopping threads took: 0.0034702 seconds
2020-01-10T16:36:31.666+0000: 12422.496: Total time for which application threads were stopped: 0.0004811 seconds, Stopping threads took: 0.0001275 seconds
2020-01-10T16:36:31.697+0000: 12422.527: [GC pause (G1 Evacuation Pause) (young)
Desired survivor size 40370176 bytes, new threshold 15 (max 15)
- age   1:    6920120 bytes,    6920120 total
- age   2:     746952 bytes,    7667072 total
- age   3:    1479408 bytes,    9146480 total
- age   4:     265664 bytes,    9412144 total
- age   5:     588200 bytes,   10000344 total
- age   6:     969144 bytes,   10969488 total
- age   7:     824016 bytes,   11793504 total
- age   8:    1091016 bytes,   12884520 total
- age   9:    1175640 bytes,   14060160 total
- age  10:      73984 bytes,   14134144 total
- age  11:       7424 bytes,   14141568 total
- age  12:       5232 bytes,   14146800 total
- age  13:       5832 bytes,   14152632 total
- age  14:       4408 bytes,   14157040 total
- age  15:       5240 bytes,   14162280 total
, 0.0514294 secs]
   [Parallel Time: 26.8 ms, GC Workers: 4]
      [GC Worker Start (ms): Min: 12422527.1, Avg: 12422527.1, Max: 12422527.2, Diff: 0.1]
      [Ext Root Scanning (ms): Min: 3.2, Avg: 3.4, Max: 3.5, Diff: 0.3, Sum: 13.5]
      [Update RS (ms): Min: 6.6, Avg: 6.8, Max: 6.9, Diff: 0.3, Sum: 27.0]
         [Processed Buffers: Min: 36, Avg: 46.5, Max: 56, Diff: 20, Sum: 186]
      [Scan RS (ms): Min: 0.1, Avg: 0.2, Max: 0.3, Diff: 0.2, Sum: 0.9]
      [Code Root Scanning (ms): Min: 0.0, Avg: 0.1, Max: 0.1, Diff: 0.1, Sum: 0.2]
      [Object Copy (ms): Min: 16.0, Avg: 16.2, Max: 16.3, Diff: 0.3, Sum: 64.7]
      [Termination (ms): Min: 0.0, Avg: 0.0, Max: 0.0, Diff: 0.0, Sum: 0.0]
         [Termination Attempts: Min: 1, Avg: 1.0, Max: 1, Diff: 0, Sum: 4]
      [GC Worker Other (ms): Min: 0.0, Avg: 0.1, Max: 0.1, Diff: 0.1, Sum: 0.3]
      [GC Worker Total (ms): Min: 26.6, Avg: 26.7, Max: 26.7, Diff: 0.1, Sum: 106.6]
      [GC Worker End (ms): Min: 12422553.8, Avg: 12422553.8, Max: 12422553.8, Diff: 0.1]
   [Code Root Fixup: 0.0 ms]
   [Code Root Purge: 0.0 ms]
   [Clear CT: 0.3 ms]
   [Other: 24.3 ms]
      [Choose CSet: 0.0 ms]
      [Ref Proc: 23.0 ms]
      [Ref Enq: 0.1 ms]
      [Redirty Cards: 0.2 ms]
      [Humongous Register: 0.1 ms]
      [Humongous Reclaim: 0.0 ms]
      [Free CSet: 0.6 ms]
   [Eden: 614.0M(614.0M)->0.0B(586.0M) Survivors: 0.0B->28672.0K Heap: 759.1M(1024.0M)->167.6M(1024.0M)]
 [Times: user=0.18 sys=0.00, real=0.05 secs] 
2020-01-10T16:36:31.749+0000: 12422.578: Total time for which application threads were stopped: 0.0523163 seconds, Stopping threads took: 0.0001993 seconds
2020-01-10T16:36:31.751+0000: 12422.581: Total time for which application threads were stopped: 0.0006732 seconds, Stopping threads took: 0.0002146 seconds
2020-01-10T16:36:31.755+0000: 12422.584: Total time for which application threads were stopped: 0.0005950 seconds, Stopping threads took: 0.0002639 seconds
2020-01-10T16:36:31.757+0000: 12422.586: Total time for which application threads were stopped: 0.0005498 seconds, Stopping threads took: 0.0002625 seconds
2020-01-10T16:36:31.758+0000: 12422.587: Total time for which application threads were stopped: 0.0005339 seconds, Stopping threads took: 0.0002585 seconds
2020-01-10T16:36:31.772+0000: 12422.601: Total time for which application threads were stopped: 0.0008016 seconds, Stopping threads took: 0.0002560 seconds
2020-01-10T16:36:31.772+0000: 12422.602: Total time for which application threads were stopped: 0.0005168 seconds, Stopping threads took: 0.0001753 seconds
2020-01-10T16:36:31.773+0000: 12422.603: Total time for which application threads were stopped: 0.0004177 seconds, Stopping threads took: 0.0001003 seconds
2020-01-10T16:36:31.774+0000: 12422.604: Total time for which application threads were stopped: 0.0009983 seconds, Stopping threads took: 0.0006887 seconds
2020-01-10T16:36:31.775+0000: 12422.605: Total time for which application threads were stopped: 0.0003869 seconds, Stopping threads took: 0.0000865 seconds
2020-01-10T16:36:31.776+0000: 12422.606: Total time for which application threads were stopped: 0.0004322 seconds, Stopping threads took: 0.0001365 seconds
2020-01-10T16:36:31.776+0000: 12422.606: Total time for which application threads were stopped: 0.0003912 seconds, Stopping threads took: 0.0000988 seconds
2020-01-10T16:36:31.777+0000: 12422.607: Total time for which application threads were stopped: 0.0005010 seconds, Stopping threads took: 0.0002148 seconds
2020-01-10T16:36:31.778+0000: 12422.607: Total time for which application threads were stopped: 0.0003881 seconds, Stopping threads took: 0.0001019 seconds
2020-01-10T16:36:31.778+0000: 12422.608: Total time for which application threads were stopped: 0.0004671 seconds, Stopping threads took: 0.0001912 seconds
2020-01-10T16:36:31.779+0000: 12422.609: Total time for which application threads were stopped: 0.0004009 seconds, Stopping threads took: 0.0001234 seconds
2020-01-10T16:36:31.780+0000: 12422.609: Total time for which application threads were stopped: 0.0004302 seconds, Stopping threads took: 0.0001625 seconds
2020-01-10T16:36:31.780+0000: 12422.610: Total time for which application threads were stopped: 0.0003444 seconds, Stopping threads took: 0.0000872 seconds
2020-01-10T16:36:31.780+0000: 12422.610: Total time for which application threads were stopped: 0.0003747 seconds, Stopping threads took: 0.0001175 seconds
2020-01-10T16:36:31.781+0000: 12422.610: Total time for which application threads were stopped: 0.0003404 seconds, Stopping threads took: 0.0000993 seconds
2020-01-10T16:36:31.782+0000: 12422.611: Total time for which application threads were stopped: 0.0004058 seconds, Stopping threads took: 0.0001009 seconds
2020-01-10T16:36:31.782+0000: 12422.612: Total time for which application threads were stopped: 0.0003977 seconds, Stopping threads took: 0.0000702 seconds
2020-01-10T16:36:31.783+0000: 12422.613: Total time for which application threads were stopped: 0.0005304 seconds, Stopping threads took: 0.0001775 seconds
2020-01-10T16:36:31.785+0000: 12422.614: Total time for which application threads were stopped: 0.0004991 seconds, Stopping threads took: 0.0001825 seconds
2020-01-10T16:36:31.785+0000: 12422.615: Total time for which application threads were stopped: 0.0003600 seconds, Stopping threads took: 0.0001005 seconds
2020-01-10T16:36:31.786+0000: 12422.615: Total time for which application threads were stopped: 0.0004501 seconds, Stopping threads took: 0.0001508 seconds
2020-01-10T16:36:31.786+0000: 12422.616: Total time for which application threads were stopped: 0.0004176 seconds, Stopping threads took: 0.0000785 seconds
2020-01-10T16:36:31.787+0000: 12422.616: Total time for which application threads were stopped: 0.0003746 seconds, Stopping threads took: 0.0000938 seconds
2020-01-10T16:36:31.787+0000: 12422.617: Total time for which application threads were stopped: 0.0004680 seconds, Stopping threads took: 0.0001624 seconds
2020-01-10T16:36:31.789+0000: 12422.618: Total time for which application threads were stopped: 0.0014374 seconds, Stopping threads took: 0.0001549 seconds
2020-01-10T16:36:31.938+0000: 12422.767: Total time for which application threads were stopped: 0.0009521 seconds, Stopping threads took: 0.0002271 seconds
2020-01-10T16:36:31.938+0000: 12422.768: Total time for which application threads were stopped: 0.0004017 seconds, Stopping threads took: 0.0000718 seconds
2020-01-10T16:36:32.797+0000: 12423.627: Total time for which application threads were stopped: 0.0008472 seconds, Stopping threads took: 0.0001759 seconds
2020-01-10T16:36:32.854+0000: 12423.684: Total time for which application threads were stopped: 0.0006966 seconds, Stopping threads took: 0.0002061 seconds
2020-01-10T16:36:33.038+0000: 12423.867: Total time for which application threads were stopped: 0.0006390 seconds, Stopping threads took: 0.0001953 seconds
2020-01-10T16:36:33.278+0000: 12424.107: Total time for which application threads were stopped: 0.0005908 seconds, Stopping threads took: 0.0001797 seconds
2020-01-10T16:36:33.385+0000: 12424.214: Total time for which application threads were stopped: 0.0002878 seconds, Stopping threads took: 0.0000734 seconds
2020-01-10T16:36:33.549+0000: 12424.378: Total time for which application threads were stopped: 0.0002911 seconds, Stopping threads took: 0.0000861 seconds
2020-01-10T16:36:35.549+0000: 12426.379: Total time for which application threads were stopped: 0.0006070 seconds, Stopping threads took: 0.0001424 seconds
2020-01-10T16:36:36.573+0000: 12427.402: [GC pause (G1 Evacuation Pause) (young)
Desired survivor size 40370176 bytes, new threshold 15 (max 15)
- age   1:   16853520 bytes,   16853520 total
, 0.0487462 secs]
   [Parallel Time: 18.0 ms, GC Workers: 4]
      [GC Worker Start (ms): Min: 12427402.6, Avg: 12427402.7, Max: 12427402.7, Diff: 0.1]
      [Ext Root Scanning (ms): Min: 2.7, Avg: 2.9, Max: 3.1, Diff: 0.4, Sum: 11.5]
      [Update RS (ms): Min: 1.4, Avg: 1.5, Max: 1.5, Diff: 0.1, Sum: 5.8]
         [Processed Buffers: Min: 2, Avg: 26.2, Max: 40, Diff: 38, Sum: 105]
      [Scan RS (ms): Min: 0.2, Avg: 0.2, Max: 0.3, Diff: 0.1, Sum: 0.9]
      [Code Root Scanning (ms): Min: 0.0, Avg: 0.1, Max: 0.2, Diff: 0.2, Sum: 0.4]
      [Object Copy (ms): Min: 12.9, Avg: 13.2, Max: 13.5, Diff: 0.6, Sum: 52.9]
      [Termination (ms): Min: 0.0, Avg: 0.0, Max: 0.0, Diff: 0.0, Sum: 0.0]
         [Termination Attempts: Min: 1, Avg: 1.0, Max: 1, Diff: 0, Sum: 4]
      [GC Worker Other (ms): Min: 0.0, Avg: 0.0, Max: 0.1, Diff: 0.0, Sum: 0.2]
      [GC Worker Total (ms): Min: 17.9, Avg: 17.9, Max: 17.9, Diff: 0.1, Sum: 71.7]
      [GC Worker End (ms): Min: 12427420.6, Avg: 12427420.6, Max: 12427420.6, Diff: 0.0]
   [Code Root Fixup: 0.0 ms]
   [Code Root Purge: 0.0 ms]
   [Clear CT: 0.4 ms]
   [Other: 30.3 ms]
      [Choose CSet: 0.0 ms]
      [Ref Proc: 28.9 ms]
      [Ref Enq: 0.1 ms]
      [Redirty Cards: 0.1 ms]
      [Humongous Register: 0.1 ms]
      [Humongous Reclaim: 0.0 ms]
      [Free CSet: 0.8 ms]
   [Eden: 586.0M(586.0M)->0.0B(583.0M) Survivors: 28672.0K->31744.0K Heap: 753.6M(1024.0M)->171.1M(1024.0M)]
 [Times: user=0.10 sys=0.00, real=0.05 secs] 
2020-01-10T16:36:36.622+0000: 12427.451: Total time for which application threads were stopped: 0.0496389 seconds, Stopping threads took: 0.0001299 seconds
2020-01-10T16:36:36.623+0000: 12427.453: Total time for which application threads were stopped: 0.0005557 seconds, Stopping threads took: 0.0001870 seconds
2020-01-10T16:36:36.628+0000: 12427.457: Total time for which application threads were stopped: 0.0003584 seconds, Stopping threads took: 0.0001220 seconds
2020-01-10T16:36:36.628+0000: 12427.458: Total time for which application threads were stopped: 0.0003042 seconds, Stopping threads took: 0.0000696 seconds
2020-01-10T16:36:36.629+0000: 12427.458: Total time for which application threads were stopped: 0.0002467 seconds, Stopping threads took: 0.0000430 seconds
2020-01-10T16:36:36.630+0000: 12427.459: Total time for which application threads were stopped: 0.0003341 seconds, Stopping threads took: 0.0001031 seconds
2020-01-10T16:36:36.630+0000: 12427.460: Total time for which application threads were stopped: 0.0003523 seconds, Stopping threads took: 0.0001153 seconds
2020-01-10T16:36:36.631+0000: 12427.461: Total time for which application threads were stopped: 0.0003793 seconds, Stopping threads took: 0.0001529 seconds
2020-01-10T16:36:36.632+0000: 12427.462: Total time for which application threads were stopped: 0.0003895 seconds, Stopping threads took: 0.0001567 seconds
2020-01-10T16:36:36.633+0000: 12427.463: Total time for which application threads were stopped: 0.0003337 seconds, Stopping threads took: 0.0001018 seconds
2020-01-10T16:36:36.634+0000: 12427.463: Total time for which application threads were stopped: 0.0003690 seconds, Stopping threads took: 0.0001451 seconds
2020-01-10T16:36:36.634+0000: 12427.464: Total time for which application threads were stopped: 0.0003491 seconds, Stopping threads took: 0.0001246 seconds
2020-01-10T16:36:36.635+0000: 12427.464: Total time for which application threads were stopped: 0.0002981 seconds, Stopping threads took: 0.0000863 seconds
2020-01-10T16:36:36.635+0000: 12427.465: Total time for which application threads were stopped: 0.0002816 seconds, Stopping threads took: 0.0000630 seconds
2020-01-10T16:36:36.636+0000: 12427.465: Total time for which application threads were stopped: 0.0002490 seconds, Stopping threads took: 0.0000568 seconds
2020-01-10T16:36:36.636+0000: 12427.466: Total time for which application threads were stopped: 0.0003256 seconds, Stopping threads took: 0.0001176 seconds
2020-01-10T16:36:36.637+0000: 12427.466: Total time for which application threads were stopped: 0.0002529 seconds, Stopping threads took: 0.0000579 seconds
2020-01-10T16:36:36.637+0000: 12427.467: Total time for which application threads were stopped: 0.0003420 seconds, Stopping threads took: 0.0000962 seconds
2020-01-10T16:36:36.638+0000: 12427.468: Total time for which application threads were stopped: 0.0002580 seconds, Stopping threads took: 0.0000645 seconds
2020-01-10T16:36:36.639+0000: 12427.468: Total time for which application threads were stopped: 0.0002832 seconds, Stopping threads took: 0.0000743 seconds
2020-01-10T16:36:36.640+0000: 12427.470: Total time for which application threads were stopped: 0.0011922 seconds, Stopping threads took: 0.0001908 seconds
2020-01-10T16:36:44.907+0000: 12435.737: Total time for which application threads were stopped: 0.0005635 seconds, Stopping threads took: 0.0001280 seconds
2020-01-10T16:36:45.763+0000: 12436.592: Total time for which application threads were stopped: 0.0005524 seconds, Stopping threads took: 0.0001201 seconds
2020-01-10T16:36:46.287+0000: 12437.116: Total time for which application threads were stopped: 0.0006242 seconds, Stopping threads took: 0.0001311 seconds
2020-01-10T16:36:47.288+0000: 12438.117: Total time for which application threads were stopped: 0.0006911 seconds, Stopping threads took: 0.0002091 seconds
2020-01-10T16:36:51.546+0000: 12442.375: Total time for which application threads were stopped: 0.0007059 seconds, Stopping threads took: 0.0001562 seconds
2020-01-10T16:36:52.391+0000: 12443.221: Total time for which application threads were stopped: 0.0006822 seconds, Stopping threads took: 0.0001492 seconds
2020-01-10T16:36:52.447+0000: 12443.277: Total time for which application threads were stopped: 0.0007507 seconds, Stopping threads took: 0.0002470 seconds
2020-01-10T16:36:52.922+0000: 12443.751: Total time for which application threads were stopped: 0.0017596 seconds, Stopping threads took: 0.0001614 seconds
2020-01-10T16:36:54.923+0000: 12445.752: Total time for which application threads were stopped: 0.0006729 seconds, Stopping threads took: 0.0001877 seconds
2020-01-10T16:36:55.198+0000: 12446.028: Total time for which application threads were stopped: 0.0006528 seconds, Stopping threads took: 0.0001511 seconds
2020-01-10T16:36:55.200+0000: 12446.030: Total time for which application threads were stopped: 0.0003535 seconds, Stopping threads took: 0.0000562 seconds
2020-01-10T16:36:55.216+0000: 12446.046: Total time for which application threads were stopped: 0.0003125 seconds, Stopping threads took: 0.0000871 seconds
2020-01-10T16:36:57.217+0000: 12448.047: Total time for which application threads were stopped: 0.0006030 seconds, Stopping threads took: 0.0001552 seconds
2020-01-10T16:37:03.218+0000: 12454.048: Total time for which application threads were stopped: 0.0006593 seconds, Stopping threads took: 0.0001733 seconds
2020-01-10T16:37:05.055+0000: 12455.885: Total time for which application threads were stopped: 0.0007100 seconds, Stopping threads took: 0.0001930 seconds
2020-01-10T16:37:05.058+0000: 12455.887: Total time for which application threads were stopped: 0.0004065 seconds, Stopping threads took: 0.0001471 seconds
2020-01-10T16:37:05.059+0000: 12455.889: Total time for which application threads were stopped: 0.0003974 seconds, Stopping threads took: 0.0001240 seconds
2020-01-10T16:37:16.422+0000: 12467.251: Total time for which application threads were stopped: 0.0007648 seconds, Stopping threads took: 0.0002720 seconds
2020-01-10T16:37:21.615+0000: 12472.445: Total time for which application threads were stopped: 0.0006936 seconds, Stopping threads took: 0.0002039 seconds
2020-01-10T16:37:21.615+0000: 12472.445: Total time for which application threads were stopped: 0.0002766 seconds, Stopping threads took: 0.0000508 seconds
2020-01-10T16:37:22.445+0000: 12473.275: Total time for which application threads were stopped: 0.0005656 seconds, Stopping threads took: 0.0001130 seconds
2020-01-10T16:37:23.397+0000: 12474.227: Total time for which application threads were stopped: 0.0006592 seconds, Stopping threads took: 0.0001333 seconds
2020-01-10T16:37:23.398+0000: 12474.227: Total time for which application threads were stopped: 0.0003177 seconds, Stopping threads took: 0.0000893 seconds
2020-01-10T16:37:24.399+0000: 12475.228: Total time for which application threads were stopped: 0.0005663 seconds, Stopping threads took: 0.0001541 seconds
2020-01-10T16:37:29.400+0000: 12480.229: Total time for which application threads were stopped: 0.0005465 seconds, Stopping threads took: 0.0001288 seconds
2020-01-10T16:37:32.401+0000: 12483.230: Total time for which application threads were stopped: 0.0005875 seconds, Stopping threads took: 0.0001600 seconds
2020-01-10T16:37:33.039+0000: 12483.868: Total time for which application threads were stopped: 0.0005073 seconds, Stopping threads took: 0.0001252 seconds
2020-01-10T16:37:33.039+0000: 12483.869: Total time for which application threads were stopped: 0.0003106 seconds, Stopping threads took: 0.0001081 seconds
2020-01-10T16:37:33.061+0000: 12483.891: Total time for which application threads were stopped: 0.0002839 seconds, Stopping threads took: 0.0000904 seconds
2020-01-10T16:37:33.279+0000: 12484.109: Total time for which application threads were stopped: 0.0013092 seconds, Stopping threads took: 0.0000991 seconds
2020-01-10T16:37:34.280+0000: 12485.110: Total time for which application threads were stopped: 0.0005917 seconds, Stopping threads took: 0.0001501 seconds
2020-01-10T16:37:35.281+0000: 12486.110: Total time for which application threads were stopped: 0.0005242 seconds, Stopping threads took: 0.0001285 seconds
2020-01-10T16:37:42.282+0000: 12493.112: Total time for which application threads were stopped: 0.0005726 seconds, Stopping threads took: 0.0001642 seconds
2020-01-10T16:37:45.977+0000: 12496.806: Total time for which application threads were stopped: 0.0005539 seconds, Stopping threads took: 0.0001426 seconds
2020-01-10T16:38:04.979+0000: 12515.809: Total time for which application threads were stopped: 0.0005563 seconds, Stopping threads took: 0.0001530 seconds
2020-01-10T16:38:05.053+0000: 12515.882: Total time for which application threads were stopped: 0.0002859 seconds, Stopping threads took: 0.0000646 seconds
2020-01-10T16:38:07.053+0000: 12517.883: Total time for which application threads were stopped: 0.0004789 seconds, Stopping threads took: 0.0001037 seconds
2020-01-10T16:38:12.054+0000: 12522.884: Total time for which application threads were stopped: 0.0006142 seconds, Stopping threads took: 0.0001849 seconds
2020-01-10T16:38:14.308+0000: 12525.137: Total time for which application threads were stopped: 0.0005915 seconds, Stopping threads took: 0.0001506 seconds
2020-01-10T16:38:17.309+0000: 12528.138: Total time for which application threads were stopped: 0.0006081 seconds, Stopping threads took: 0.0001791 seconds
2020-01-10T16:38:22.310+0000: 12533.139: Total time for which application threads were stopped: 0.0004869 seconds, Stopping threads took: 0.0001277 seconds
2020-01-10T16:38:37.312+0000: 12548.141: Total time for which application threads were stopped: 0.0004760 seconds, Stopping threads took: 0.0001284 seconds
2020-01-10T16:38:54.314+0000: 12565.143: Total time for which application threads were stopped: 0.0004820 seconds, Stopping threads took: 0.0001447 seconds
2020-01-10T16:39:51.320+0000: 12622.150: Total time for which application threads were stopped: 0.0005014 seconds, Stopping threads took: 0.0001368 seconds
2020-01-10T16:39:55.321+0000: 12626.150: Total time for which application threads were stopped: 0.0004649 seconds, Stopping threads took: 0.0001268 seconds
2020-01-10T16:40:04.322+0000: 12635.152: Total time for which application threads were stopped: 0.0004968 seconds, Stopping threads took: 0.0001293 seconds
2020-01-10T16:40:33.402+0000: 12664.231: Total time for which application threads were stopped: 0.0006259 seconds, Stopping threads took: 0.0002105 seconds
2020-01-10T16:40:33.404+0000: 12664.233: Total time for which application threads were stopped: 0.0017940 seconds, Stopping threads took: 0.0015665 seconds
2020-01-10T16:40:33.404+0000: 12664.234: Total time for which application threads were stopped: 0.0003116 seconds, Stopping threads took: 0.0000849 seconds
2020-01-10T16:40:33.404+0000: 12664.234: Total time for which application threads were stopped: 0.0003761 seconds, Stopping threads took: 0.0001568 seconds
2020-01-10T16:40:33.406+0000: 12664.235: Total time for which application threads were stopped: 0.0012981 seconds, Stopping threads took: 0.0002049 seconds
2020-01-10T16:40:34.407+0000: 12665.236: Total time for which application threads were stopped: 0.0005313 seconds, Stopping threads took: 0.0001446 seconds
2020-01-10T16:40:39.407+0000: 12670.237: Total time for which application threads were stopped: 0.0005041 seconds, Stopping threads took: 0.0001417 seconds
2020-01-10T16:40:46.409+0000: 12677.238: Total time for which application threads were stopped: 0.0005381 seconds, Stopping threads took: 0.0001827 seconds
2020-01-10T16:41:05.411+0000: 12696.240: Total time for which application threads were stopped: 0.0005516 seconds, Stopping threads took: 0.0001428 seconds
2020-01-10T16:41:14.466+0000: 12705.296: Total time for which application threads were stopped: 0.0006658 seconds, Stopping threads took: 0.0001828 seconds
2020-01-10T16:41:25.468+0000: 12716.297: Total time for which application threads were stopped: 0.0005691 seconds, Stopping threads took: 0.0001454 seconds
2020-01-10T16:42:00.347+0000: 12751.176: [GC pause (G1 Evacuation Pause) (young)
Desired survivor size 40370176 bytes, new threshold 15 (max 15)
- age   1:    3099952 bytes,    3099952 total
- age   2:   14445104 bytes,   17545056 total
, 0.0774264 secs]
   [Parallel Time: 21.8 ms, GC Workers: 4]
      [GC Worker Start (ms): Min: 12751176.8, Avg: 12751176.8, Max: 12751176.9, Diff: 0.1]
      [Ext Root Scanning (ms): Min: 3.0, Avg: 3.2, Max: 3.5, Diff: 0.6, Sum: 12.9]
      [Update RS (ms): Min: 1.9, Avg: 2.0, Max: 2.2, Diff: 0.3, Sum: 8.0]
         [Processed Buffers: Min: 22, Avg: 34.0, Max: 49, Diff: 27, Sum: 136]
      [Scan RS (ms): Min: 0.1, Avg: 0.2, Max: 0.3, Diff: 0.2, Sum: 0.6]
      [Code Root Scanning (ms): Min: 0.0, Avg: 0.2, Max: 0.4, Diff: 0.4, Sum: 0.7]
      [Object Copy (ms): Min: 15.6, Avg: 15.9, Max: 16.3, Diff: 0.6, Sum: 63.8]
      [Termination (ms): Min: 0.0, Avg: 0.0, Max: 0.0, Diff: 0.0, Sum: 0.0]
         [Termination Attempts: Min: 1, Avg: 1.0, Max: 1, Diff: 0, Sum: 4]
      [GC Worker Other (ms): Min: 0.0, Avg: 0.1, Max: 0.1, Diff: 0.0, Sum: 0.2]
      [GC Worker Total (ms): Min: 21.5, Avg: 21.6, Max: 21.6, Diff: 0.1, Sum: 86.2]
      [GC Worker End (ms): Min: 12751198.4, Avg: 12751198.4, Max: 12751198.4, Diff: 0.1]
   [Code Root Fixup: 0.0 ms]
   [Code Root Purge: 0.0 ms]
   [Clear CT: 0.2 ms]
   [Other: 55.3 ms]
      [Choose CSet: 0.0 ms]
      [Ref Proc: 53.6 ms]
      [Ref Enq: 0.3 ms]
      [Redirty Cards: 0.2 ms]
      [Humongous Register: 0.1 ms]
      [Humongous Reclaim: 0.0 ms]
      [Free CSet: 0.7 ms]
   [Eden: 583.0M(583.0M)->0.0B(578.0M) Survivors: 31744.0K->36864.0K Heap: 754.1M(1024.0M)->175.6M(1024.0M)]
 [Times: user=0.14 sys=0.00, real=0.08 secs] 
2020-01-10T16:42:00.424+0000: 12751.254: Total time for which application threads were stopped: 0.0783150 seconds, Stopping threads took: 0.0001512 seconds
2020-01-10T16:42:05.054+0000: 12755.883: Total time for which application threads were stopped: 0.0008233 seconds, Stopping threads took: 0.0002981 seconds
2020-01-10T16:42:46.058+0000: 12796.887: Total time for which application threads were stopped: 0.0004654 seconds, Stopping threads took: 0.0001229 seconds
2020-01-10T16:42:47.058+0000: 12797.888: Total time for which application threads were stopped: 0.0005560 seconds, Stopping threads took: 0.0001339 seconds
2020-01-10T16:42:55.060+0000: 12805.889: Total time for which application threads were stopped: 0.0004412 seconds, Stopping threads took: 0.0001193 seconds
2020-01-10T16:43:14.063+0000: 12824.892: Total time for which application threads were stopped: 0.0006829 seconds, Stopping threads took: 0.0001981 seconds
2020-01-10T16:43:33.066+0000: 12843.895: Total time for which application threads were stopped: 0.0006115 seconds, Stopping threads took: 0.0001700 seconds
2020-01-10T16:44:06.070+0000: 12876.899: Total time for which application threads were stopped: 0.0006826 seconds, Stopping threads took: 0.0002234 seconds
2020-01-10T16:44:21.071+0000: 12891.901: Total time for which application threads were stopped: 0.0004344 seconds, Stopping threads took: 0.0000840 seconds
2020-01-10T16:44:24.072+0000: 12894.902: Total time for which application threads were stopped: 0.0006457 seconds, Stopping threads took: 0.0001357 seconds
2020-01-10T16:44:56.076+0000: 12926.905: Total time for which application threads were stopped: 0.0004723 seconds, Stopping threads took: 0.0001153 seconds
2020-01-10T16:45:06.077+0000: 12936.907: Total time for which application threads were stopped: 0.0004326 seconds, Stopping threads took: 0.0001000 seconds
2020-01-10T16:45:11.078+0000: 12941.907: Total time for which application threads were stopped: 0.0004423 seconds, Stopping threads took: 0.0000997 seconds
2020-01-10T16:45:55.081+0000: 12985.910: Total time for which application threads were stopped: 0.0005703 seconds, Stopping threads took: 0.0001249 seconds
2020-01-10T16:46:06.082+0000: 12996.911: Total time for which application threads were stopped: 0.0005031 seconds, Stopping threads took: 0.0001276 seconds
2020-01-10T16:47:04.085+0000: 13054.915: Total time for which application threads were stopped: 0.0004504 seconds, Stopping threads took: 0.0000790 seconds
2020-01-10T16:47:06.086+0000: 13056.915: Total time for which application threads were stopped: 0.0004320 seconds, Stopping threads took: 0.0000745 seconds
2020-01-10T16:47:33.401+0000: 13084.230: Total time for which application threads were stopped: 0.0007420 seconds, Stopping threads took: 0.0002200 seconds
2020-01-10T16:47:33.401+0000: 13084.231: Total time for which application threads were stopped: 0.0003925 seconds, Stopping threads took: 0.0001338 seconds
2020-01-10T16:47:33.402+0000: 13084.231: Total time for which application threads were stopped: 0.0003395 seconds, Stopping threads took: 0.0001395 seconds
2020-01-10T16:47:33.402+0000: 13084.232: Total time for which application threads were stopped: 0.0002595 seconds, Stopping threads took: 0.0000529 seconds
2020-01-10T16:47:33.403+0000: 13084.233: Total time for which application threads were stopped: 0.0003148 seconds, Stopping threads took: 0.0001052 seconds
2020-01-10T16:47:33.404+0000: 13084.233: Total time for which application threads were stopped: 0.0002727 seconds, Stopping threads took: 0.0000821 seconds
2020-01-10T16:47:33.408+0000: 13084.238: Total time for which application threads were stopped: 0.0002493 seconds, Stopping threads took: 0.0000593 seconds
2020-01-10T16:47:33.409+0000: 13084.238: Total time for which application threads were stopped: 0.0002388 seconds, Stopping threads took: 0.0000508 seconds
2020-01-10T16:47:33.411+0000: 13084.240: Total time for which application threads were stopped: 0.0002725 seconds, Stopping threads took: 0.0000676 seconds
2020-01-10T16:47:33.411+0000: 13084.241: Total time for which application threads were stopped: 0.0002739 seconds, Stopping threads took: 0.0000366 seconds
2020-01-10T16:47:33.412+0000: 13084.241: Total time for which application threads were stopped: 0.0002377 seconds, Stopping threads took: 0.0000497 seconds
2020-01-10T16:47:36.413+0000: 13087.242: Total time for which application threads were stopped: 0.0006285 seconds, Stopping threads took: 0.0001530 seconds
2020-01-10T16:49:05.421+0000: 13176.251: Total time for which application threads were stopped: 0.0005354 seconds, Stopping threads took: 0.0001552 seconds
2020-01-10T16:49:07.422+0000: 13178.251: Total time for which application threads were stopped: 0.0005618 seconds, Stopping threads took: 0.0001604 seconds
2020-01-10T16:49:20.500+0000: 13191.330: [GC pause (G1 Evacuation Pause) (young)
Desired survivor size 40370176 bytes, new threshold 15 (max 15)
- age   1:    4543680 bytes,    4543680 total
- age   2:     112424 bytes,    4656104 total
- age   3:   14339520 bytes,   18995624 total
, 0.0807435 secs]
   [Parallel Time: 20.4 ms, GC Workers: 4]
      [GC Worker Start (ms): Min: 13191330.0, Avg: 13191330.1, Max: 13191330.1, Diff: 0.1]
      [Ext Root Scanning (ms): Min: 2.6, Avg: 2.9, Max: 3.2, Diff: 0.6, Sum: 11.5]
      [Update RS (ms): Min: 1.8, Avg: 1.9, Max: 2.1, Diff: 0.3, Sum: 7.6]
         [Processed Buffers: Min: 19, Avg: 32.0, Max: 52, Diff: 33, Sum: 128]
      [Scan RS (ms): Min: 0.0, Avg: 0.2, Max: 0.3, Diff: 0.2, Sum: 0.7]
      [Code Root Scanning (ms): Min: 0.0, Avg: 0.2, Max: 0.3, Diff: 0.3, Sum: 0.6]
      [Object Copy (ms): Min: 14.8, Avg: 15.1, Max: 15.4, Diff: 0.6, Sum: 60.4]
      [Termination (ms): Min: 0.0, Avg: 0.0, Max: 0.0, Diff: 0.0, Sum: 0.0]
         [Termination Attempts: Min: 1, Avg: 1.0, Max: 1, Diff: 0, Sum: 4]
      [GC Worker Other (ms): Min: 0.0, Avg: 0.0, Max: 0.1, Diff: 0.1, Sum: 0.2]
      [GC Worker Total (ms): Min: 20.2, Avg: 20.2, Max: 20.3, Diff: 0.1, Sum: 81.0]
      [GC Worker End (ms): Min: 13191350.3, Avg: 13191350.3, Max: 13191350.4, Diff: 0.1]
   [Code Root Fixup: 0.0 ms]
   [Code Root Purge: 0.0 ms]
   [Clear CT: 0.3 ms]
   [Other: 60.0 ms]
      [Choose CSet: 0.0 ms]
      [Ref Proc: 58.3 ms]
      [Ref Enq: 0.3 ms]
      [Redirty Cards: 0.2 ms]
      [Humongous Register: 0.1 ms]
      [Humongous Reclaim: 0.0 ms]
      [Free CSet: 0.7 ms]
   [Eden: 578.0M(578.0M)->0.0B(579.0M) Survivors: 36864.0K->35840.0K Heap: 753.6M(1024.0M)->175.1M(1024.0M)]
 [Times: user=0.14 sys=0.00, real=0.08 secs] 
2020-01-10T16:49:20.581+0000: 13191.411: Total time for which application threads were stopped: 0.0816766 seconds, Stopping threads took: 0.0001438 seconds
2020-01-10T16:49:46.005+0000: 13216.834: Total time for which application threads were stopped: 0.0006516 seconds, Stopping threads took: 0.0002110 seconds
2020-01-10T16:49:56.006+0000: 13226.836: Total time for which application threads were stopped: 0.0005420 seconds, Stopping threads took: 0.0001486 seconds
2020-01-10T16:50:06.008+0000: 13236.837: Total time for which application threads were stopped: 0.0004989 seconds, Stopping threads took: 0.0001607 seconds
2020-01-10T16:51:06.012+0000: 13296.842: Total time for which application threads were stopped: 0.0004431 seconds, Stopping threads took: 0.0000873 seconds
2020-01-10T16:51:55.017+0000: 13345.846: Total time for which application threads were stopped: 0.0006280 seconds, Stopping threads took: 0.0001818 seconds
2020-01-10T16:51:56.017+0000: 13346.847: Total time for which application threads were stopped: 0.0004876 seconds, Stopping threads took: 0.0000754 seconds
2020-01-10T16:51:56.249+0000: 13347.078: Total time for which application threads were stopped: 0.0013866 seconds, Stopping threads took: 0.0000838 seconds
2020-01-10T16:51:57.249+0000: 13348.079: Total time for which application threads were stopped: 0.0005105 seconds, Stopping threads took: 0.0001336 seconds
2020-01-10T16:51:58.250+0000: 13349.079: Total time for which application threads were stopped: 0.0004216 seconds, Stopping threads took: 0.0000879 seconds
2020-01-10T16:52:00.250+0000: 13351.080: Total time for which application threads were stopped: 0.0006490 seconds, Stopping threads took: 0.0002359 seconds
2020-01-10T16:52:01.251+0000: 13352.081: Total time for which application threads were stopped: 0.0004763 seconds, Stopping threads took: 0.0001023 seconds
2020-01-10T16:52:07.252+0000: 13358.082: Total time for which application threads were stopped: 0.0005673 seconds, Stopping threads took: 0.0001401 seconds
2020-01-10T16:52:08.067+0000: 13358.896: [GC pause (G1 Evacuation Pause) (young)
Desired survivor size 40370176 bytes, new threshold 15 (max 15)
- age   1:    2587288 bytes,    2587288 total
- age   2:    1654432 bytes,    4241720 total
- age   3:     111160 bytes,    4352880 total
- age   4:   14335448 bytes,   18688328 total
, 0.0912877 secs]
   [Parallel Time: 23.9 ms, GC Workers: 4]
      [GC Worker Start (ms): Min: 13358896.7, Avg: 13358896.7, Max: 13358896.7, Diff: 0.1]
      [Ext Root Scanning (ms): Min: 2.5, Avg: 2.7, Max: 3.0, Diff: 0.4, Sum: 11.0]
      [Update RS (ms): Min: 5.7, Avg: 5.7, Max: 5.8, Diff: 0.2, Sum: 22.8]
         [Processed Buffers: Min: 52, Avg: 58.2, Max: 63, Diff: 11, Sum: 233]
      [Scan RS (ms): Min: 0.1, Avg: 0.2, Max: 0.2, Diff: 0.2, Sum: 0.8]
      [Code Root Scanning (ms): Min: 0.0, Avg: 0.2, Max: 0.3, Diff: 0.3, Sum: 0.7]
      [Object Copy (ms): Min: 14.5, Avg: 14.8, Max: 15.1, Diff: 0.5, Sum: 59.3]
      [Termination (ms): Min: 0.0, Avg: 0.0, Max: 0.0, Diff: 0.0, Sum: 0.0]
         [Termination Attempts: Min: 1, Avg: 1.8, Max: 3, Diff: 2, Sum: 7]
      [GC Worker Other (ms): Min: 0.0, Avg: 0.1, Max: 0.1, Diff: 0.1, Sum: 0.2]
      [GC Worker Total (ms): Min: 23.6, Avg: 23.7, Max: 23.8, Diff: 0.2, Sum: 94.8]
      [GC Worker End (ms): Min: 13358920.4, Avg: 13358920.4, Max: 13358920.4, Diff: 0.1]
   [Code Root Fixup: 0.0 ms]
   [Code Root Purge: 0.0 ms]
   [Clear CT: 0.2 ms]
   [Other: 67.1 ms]
      [Choose CSet: 0.0 ms]
      [Ref Proc: 65.5 ms]
      [Ref Enq: 0.3 ms]
      [Redirty Cards: 0.2 ms]
      [Humongous Register: 0.1 ms]
      [Humongous Reclaim: 0.1 ms]
      [Free CSet: 0.6 ms]
   [Eden: 579.0M(579.0M)->0.0B(571.0M) Survivors: 35840.0K->44032.0K Heap: 768.1M(1024.0M)->182.6M(1024.0M)]
 [Times: user=0.16 sys=0.00, real=0.09 secs] 
2020-01-10T16:52:08.158+0000: 13358.988: Total time for which application threads were stopped: 0.0921467 seconds, Stopping threads took: 0.0001369 seconds
2020-01-10T16:52:08.164+0000: 13358.993: Total time for which application threads were stopped: 0.0004568 seconds, Stopping threads took: 0.0000733 seconds
2020-01-10T16:52:08.164+0000: 13358.994: Total time for which application threads were stopped: 0.0002612 seconds, Stopping threads took: 0.0000411 seconds
2020-01-10T16:52:08.164+0000: 13358.994: Total time for which application threads were stopped: 0.0002640 seconds, Stopping threads took: 0.0000478 seconds
2020-01-10T16:52:08.167+0000: 13358.996: Total time for which application threads were stopped: 0.0002634 seconds, Stopping threads took: 0.0000482 seconds
2020-01-10T16:52:46.019+0000: 13396.848: Total time for which application threads were stopped: 0.0005263 seconds, Stopping threads took: 0.0000754 seconds
2020-01-10T16:52:52.157+0000: 13402.987: Total time for which application threads were stopped: 0.0005311 seconds, Stopping threads took: 0.0001465 seconds
2020-01-10T16:52:53.158+0000: 13403.987: Total time for which application threads were stopped: 0.0006037 seconds, Stopping threads took: 0.0001486 seconds
2020-01-10T16:52:55.158+0000: 13405.988: Total time for which application threads were stopped: 0.0004221 seconds, Stopping threads took: 0.0000723 seconds
2020-01-10T16:52:57.159+0000: 13407.989: Total time for which application threads were stopped: 0.0006495 seconds, Stopping threads took: 0.0001553 seconds
2020-01-10T16:53:16.161+0000: 13426.991: Total time for which application threads were stopped: 0.0004339 seconds, Stopping threads took: 0.0001015 seconds
2020-01-10T16:53:38.163+0000: 13448.993: Total time for which application threads were stopped: 0.0004309 seconds, Stopping threads took: 0.0001056 seconds
2020-01-10T16:54:01.165+0000: 13471.995: Total time for which application threads were stopped: 0.0004920 seconds, Stopping threads took: 0.0001149 seconds
2020-01-10T16:54:02.166+0000: 13472.996: Total time for which application threads were stopped: 0.0004452 seconds, Stopping threads took: 0.0001193 seconds
2020-01-10T16:54:03.406+0000: 13474.236: Total time for which application threads were stopped: 0.0006819 seconds, Stopping threads took: 0.0002427 seconds
2020-01-10T16:54:33.400+0000: 13504.230: Total time for which application threads were stopped: 0.0006261 seconds, Stopping threads took: 0.0001095 seconds
2020-01-10T16:54:33.401+0000: 13504.230: Total time for which application threads were stopped: 0.0002961 seconds, Stopping threads took: 0.0000855 seconds
2020-01-10T16:54:33.401+0000: 13504.231: Total time for which application threads were stopped: 0.0003480 seconds, Stopping threads took: 0.0001119 seconds
2020-01-10T16:54:33.402+0000: 13504.231: Total time for which application threads were stopped: 0.0002348 seconds, Stopping threads took: 0.0000317 seconds
2020-01-10T16:54:33.403+0000: 13504.232: Total time for which application threads were stopped: 0.0003676 seconds, Stopping threads took: 0.0001493 seconds
2020-01-10T16:54:33.404+0000: 13504.234: Total time for which application threads were stopped: 0.0013774 seconds, Stopping threads took: 0.0000904 seconds
2020-01-10T16:54:46.406+0000: 13517.235: Total time for which application threads were stopped: 0.0005817 seconds, Stopping threads took: 0.0000936 seconds
2020-01-10T16:55:26.410+0000: 13557.239: Total time for which application threads were stopped: 0.0005713 seconds, Stopping threads took: 0.0001273 seconds
2020-01-10T16:55:55.413+0000: 13586.242: Total time for which application threads were stopped: 0.0004119 seconds, Stopping threads took: 0.0000767 seconds
2020-01-10T16:56:41.418+0000: 13632.247: Total time for which application threads were stopped: 0.0004606 seconds, Stopping threads took: 0.0001100 seconds
2020-01-10T16:56:46.419+0000: 13637.248: Total time for which application threads were stopped: 0.0004681 seconds, Stopping threads took: 0.0000846 seconds
2020-01-10T16:58:41.429+0000: 13752.259: Total time for which application threads were stopped: 0.0007247 seconds, Stopping threads took: 0.0001305 seconds
2020-01-10T16:58:51.430+0000: 13762.260: Total time for which application threads were stopped: 0.0004202 seconds, Stopping threads took: 0.0000739 seconds
2020-01-10T16:58:56.431+0000: 13767.261: Total time for which application threads were stopped: 0.0006642 seconds, Stopping threads took: 0.0001157 seconds
2020-01-10T16:59:52.276+0000: 13823.105: [GC pause (G1 Evacuation Pause) (young)
Desired survivor size 40370176 bytes, new threshold 15 (max 15)
- age   1:    3489216 bytes,    3489216 total
- age   2:      37760 bytes,    3526976 total
- age   3:    1604720 bytes,    5131696 total
- age   4:      62464 bytes,    5194160 total
- age   5:   14311968 bytes,   19506128 total
, 0.0795258 secs]
   [Parallel Time: 19.9 ms, GC Workers: 4]
      [GC Worker Start (ms): Min: 13823105.8, Avg: 13823105.8, Max: 13823105.8, Diff: 0.1]
      [Ext Root Scanning (ms): Min: 2.3, Avg: 2.6, Max: 2.8, Diff: 0.4, Sum: 10.2]
      [Update RS (ms): Min: 1.9, Avg: 2.0, Max: 2.4, Diff: 0.5, Sum: 8.0]
         [Processed Buffers: Min: 22, Avg: 33.8, Max: 45, Diff: 23, Sum: 135]
      [Scan RS (ms): Min: 0.0, Avg: 0.1, Max: 0.2, Diff: 0.2, Sum: 0.6]
      [Code Root Scanning (ms): Min: 0.0, Avg: 0.2, Max: 0.4, Diff: 0.4, Sum: 0.8]
      [Object Copy (ms): Min: 14.6, Avg: 14.8, Max: 14.9, Diff: 0.4, Sum: 59.1]
      [Termination (ms): Min: 0.0, Avg: 0.0, Max: 0.0, Diff: 0.0, Sum: 0.0]
         [Termination Attempts: Min: 1, Avg: 1.5, Max: 2, Diff: 1, Sum: 6]
      [GC Worker Other (ms): Min: 0.0, Avg: 0.1, Max: 0.1, Diff: 0.0, Sum: 0.2]
      [GC Worker Total (ms): Min: 19.7, Avg: 19.8, Max: 19.8, Diff: 0.1, Sum: 79.0]
      [GC Worker End (ms): Min: 13823125.5, Avg: 13823125.6, Max: 13823125.6, Diff: 0.1]
   [Code Root Fixup: 0.0 ms]
   [Code Root Purge: 0.0 ms]
   [Clear CT: 0.2 ms]
   [Other: 59.3 ms]
      [Choose CSet: 0.0 ms]
      [Ref Proc: 57.9 ms]
      [Ref Enq: 0.3 ms]
      [Redirty Cards: 0.2 ms]
      [Humongous Register: 0.1 ms]
      [Humongous Reclaim: 0.0 ms]
      [Free CSet: 0.5 ms]
   [Eden: 571.0M(571.0M)->0.0B(577.0M) Survivors: 44032.0K->37888.0K Heap: 753.6M(1024.0M)->176.6M(1024.0M)]
 [Times: user=0.14 sys=0.00, real=0.08 secs] 
2020-01-10T16:59:52.356+0000: 13823.185: Total time for which application threads were stopped: 0.0803282 seconds, Stopping threads took: 0.0000983 seconds
2020-01-10T16:59:55.040+0000: 13825.870: Total time for which application threads were stopped: 0.0004797 seconds, Stopping threads took: 0.0000793 seconds
2020-01-10T16:59:56.041+0000: 13826.870: Total time for which application threads were stopped: 0.0004780 seconds, Stopping threads took: 0.0000940 seconds
2020-01-10T17:00:06.042+0000: 13836.872: Total time for which application threads were stopped: 0.0004255 seconds, Stopping threads took: 0.0000911 seconds
2020-01-10T17:00:41.046+0000: 13871.876: Total time for which application threads were stopped: 0.0005100 seconds, Stopping threads took: 0.0001505 seconds
2020-01-10T17:01:04.048+0000: 13894.878: Total time for which application threads were stopped: 0.0006961 seconds, Stopping threads took: 0.0002031 seconds
2020-01-10T17:01:33.402+0000: 13924.231: Total time for which application threads were stopped: 0.0005582 seconds, Stopping threads took: 0.0001219 seconds
2020-01-10T17:01:33.404+0000: 13924.233: Total time for which application threads were stopped: 0.0003033 seconds, Stopping threads took: 0.0000485 seconds
2020-01-10T17:01:33.404+0000: 13924.233: Total time for which application threads were stopped: 0.0003335 seconds, Stopping threads took: 0.0000756 seconds
2020-01-10T17:01:33.404+0000: 13924.234: Total time for which application threads were stopped: 0.0003603 seconds, Stopping threads took: 0.0001428 seconds
2020-01-10T17:01:33.405+0000: 13924.234: Total time for which application threads were stopped: 0.0002739 seconds, Stopping threads took: 0.0000809 seconds
2020-01-10T17:01:33.407+0000: 13924.237: Total time for which application threads were stopped: 0.0002375 seconds, Stopping threads took: 0.0000310 seconds
2020-01-10T17:01:33.408+0000: 13924.237: Total time for which application threads were stopped: 0.0003185 seconds, Stopping threads took: 0.0001180 seconds
2020-01-10T17:01:33.409+0000: 13924.238: Total time for which application threads were stopped: 0.0002277 seconds, Stopping threads took: 0.0000307 seconds
2020-01-10T17:01:33.590+0000: 13924.419: Total time for which application threads were stopped: 0.0004372 seconds, Stopping threads took: 0.0000901 seconds
2020-01-10T17:01:33.590+0000: 13924.420: Total time for which application threads were stopped: 0.0002185 seconds, Stopping threads took: 0.0000285 seconds
2020-01-10T17:01:36.591+0000: 13927.420: Total time for which application threads were stopped: 0.0004375 seconds, Stopping threads took: 0.0001013 seconds
2020-01-10T17:01:55.593+0000: 13946.423: Total time for which application threads were stopped: 0.0006028 seconds, Stopping threads took: 0.0001540 seconds
2020-01-10T17:02:05.594+0000: 13956.424: Total time for which application threads were stopped: 0.0004698 seconds, Stopping threads took: 0.0001339 seconds
2020-01-10T17:02:51.599+0000: 14002.429: Total time for which application threads were stopped: 0.0006180 seconds, Stopping threads took: 0.0002073 seconds
2020-01-10T17:02:55.600+0000: 14006.429: Total time for which application threads were stopped: 0.0005492 seconds, Stopping threads took: 0.0001407 seconds
2020-01-10T17:02:56.601+0000: 14007.430: Total time for which application threads were stopped: 0.0005375 seconds, Stopping threads took: 0.0001278 seconds
2020-01-10T17:03:06.602+0000: 14017.432: Total time for which application threads were stopped: 0.0005529 seconds, Stopping threads took: 0.0001496 seconds
2020-01-10T17:04:05.608+0000: 14076.438: Total time for which application threads were stopped: 0.0005534 seconds, Stopping threads took: 0.0001430 seconds
2020-01-10T17:04:10.609+0000: 14081.439: Total time for which application threads were stopped: 0.0005560 seconds, Stopping threads took: 0.0001556 seconds
2020-01-10T17:04:30.611+0000: 14101.441: Total time for which application threads were stopped: 0.0005589 seconds, Stopping threads took: 0.0001493 seconds
2020-01-10T17:04:45.613+0000: 14116.443: Total time for which application threads were stopped: 0.0007129 seconds, Stopping threads took: 0.0001568 seconds
2020-01-10T17:04:55.615+0000: 14126.445: Total time for which application threads were stopped: 0.0005271 seconds, Stopping threads took: 0.0001410 seconds
2020-01-10T17:05:35.619+0000: 14166.449: Total time for which application threads were stopped: 0.0005694 seconds, Stopping threads took: 0.0001618 seconds
2020-01-10T17:07:55.043+0000: 14305.873: [GC pause (G1 Evacuation Pause) (young)
Desired survivor size 40370176 bytes, new threshold 15 (max 15)
- age   1:    2632288 bytes,    2632288 total
- age   2:     274928 bytes,    2907216 total
- age   3:      34536 bytes,    2941752 total
- age   4:    1602200 bytes,    4543952 total
- age   5:      62464 bytes,    4606416 total
- age   6:   14311744 bytes,   18918160 total
, 0.0778030 secs]
   [Parallel Time: 19.8 ms, GC Workers: 4]
      [GC Worker Start (ms): Min: 14305872.8, Avg: 14305872.9, Max: 14305872.9, Diff: 0.1]
      [Ext Root Scanning (ms): Min: 2.1, Avg: 2.3, Max: 2.6, Diff: 0.5, Sum: 9.2]
      [Update RS (ms): Min: 2.3, Avg: 2.4, Max: 2.8, Diff: 0.4, Sum: 9.7]
         [Processed Buffers: Min: 15, Avg: 32.0, Max: 48, Diff: 33, Sum: 128]
      [Scan RS (ms): Min: 0.0, Avg: 0.2, Max: 0.2, Diff: 0.2, Sum: 0.6]
      [Code Root Scanning (ms): Min: 0.0, Avg: 0.2, Max: 0.4, Diff: 0.4, Sum: 0.8]
      [Object Copy (ms): Min: 14.2, Avg: 14.4, Max: 14.5, Diff: 0.3, Sum: 57.7]
      [Termination (ms): Min: 0.0, Avg: 0.0, Max: 0.0, Diff: 0.0, Sum: 0.0]
         [Termination Attempts: Min: 1, Avg: 1.8, Max: 3, Diff: 2, Sum: 7]
      [GC Worker Other (ms): Min: 0.0, Avg: 0.1, Max: 0.2, Diff: 0.1, Sum: 0.3]
      [GC Worker Total (ms): Min: 19.5, Avg: 19.6, Max: 19.6, Diff: 0.1, Sum: 78.3]
      [GC Worker End (ms): Min: 14305892.4, Avg: 14305892.4, Max: 14305892.5, Diff: 0.1]
   [Code Root Fixup: 0.0 ms]
   [Code Root Purge: 0.0 ms]
   [Clear CT: 0.3 ms]
   [Other: 57.8 ms]
      [Choose CSet: 0.0 ms]
      [Ref Proc: 56.4 ms]
      [Ref Enq: 0.3 ms]
      [Redirty Cards: 0.1 ms]
      [Humongous Register: 0.1 ms]
      [Humongous Reclaim: 0.0 ms]
      [Free CSet: 0.6 ms]
   [Eden: 577.0M(577.0M)->0.0B(578.0M) Survivors: 37888.0K->36864.0K Heap: 753.6M(1024.0M)->175.6M(1024.0M)]
 [Times: user=0.14 sys=0.00, real=0.07 secs] 
2020-01-10T17:07:55.121+0000: 14305.951: Total time for which application threads were stopped: 0.0785651 seconds, Stopping threads took: 0.0001527 seconds
2020-01-10T17:07:55.132+0000: 14305.961: Total time for which application threads were stopped: 0.0004925 seconds, Stopping threads took: 0.0001391 seconds
2020-01-10T17:07:57.133+0000: 14307.962: Total time for which application threads were stopped: 0.0005790 seconds, Stopping threads took: 0.0001502 seconds
2020-01-10T17:08:03.408+0000: 14314.238: Total time for which application threads were stopped: 0.0036858 seconds, Stopping threads took: 0.0032617 seconds
2020-01-10T17:08:33.401+0000: 14344.230: Total time for which application threads were stopped: 0.0005999 seconds, Stopping threads took: 0.0002070 seconds
2020-01-10T17:08:33.401+0000: 14344.231: Total time for which application threads were stopped: 0.0003022 seconds, Stopping threads took: 0.0000536 seconds
2020-01-10T17:08:33.402+0000: 14344.231: Total time for which application threads were stopped: 0.0002717 seconds, Stopping threads took: 0.0000453 seconds
2020-01-10T17:08:33.402+0000: 14344.232: Total time for which application threads were stopped: 0.0002946 seconds, Stopping threads took: 0.0001014 seconds
2020-01-10T17:08:33.403+0000: 14344.233: Total time for which application threads were stopped: 0.0002620 seconds, Stopping threads took: 0.0000565 seconds
2020-01-10T17:08:33.405+0000: 14344.234: Total time for which application threads were stopped: 0.0002553 seconds, Stopping threads took: 0.0000646 seconds
2020-01-10T17:08:33.410+0000: 14344.239: Total time for which application threads were stopped: 0.0011427 seconds, Stopping threads took: 0.0000532 seconds
2020-01-10T17:08:36.410+0000: 14347.240: Total time for which application threads were stopped: 0.0005748 seconds, Stopping threads took: 0.0001505 seconds
2020-01-10T17:09:04.414+0000: 14375.243: Total time for which application threads were stopped: 0.0005041 seconds, Stopping threads took: 0.0001508 seconds
2020-01-10T17:09:51.418+0000: 14422.248: Total time for which application threads were stopped: 0.0006522 seconds, Stopping threads took: 0.0001229 seconds
2020-01-10T17:09:56.419+0000: 14427.248: Total time for which application threads were stopped: 0.0004115 seconds, Stopping threads took: 0.0000697 seconds
2020-01-10T17:10:03.274+0000: 14434.103: Total time for which application threads were stopped: 0.0006688 seconds, Stopping threads took: 0.0001233 seconds
2020-01-10T17:10:03.302+0000: 14434.131: Total time for which application threads were stopped: 0.0004082 seconds, Stopping threads took: 0.0000546 seconds
2020-01-10T17:10:04.302+0000: 14435.132: Total time for which application threads were stopped: 0.0005288 seconds, Stopping threads took: 0.0001106 seconds
2020-01-10T17:10:22.304+0000: 14453.134: Total time for which application threads were stopped: 0.0005089 seconds, Stopping threads took: 0.0001356 seconds
2020-01-10T17:10:56.308+0000: 14487.138: Total time for which application threads were stopped: 0.0005209 seconds, Stopping threads took: 0.0001651 seconds
2020-01-10T17:11:06.309+0000: 14497.139: Total time for which application threads were stopped: 0.0005227 seconds, Stopping threads took: 0.0001359 seconds
2020-01-10T17:13:52.325+0000: 14663.154: Total time for which application threads were stopped: 0.0004598 seconds, Stopping threads took: 0.0001193 seconds
2020-01-10T17:14:34.329+0000: 14705.159: Total time for which application threads were stopped: 0.0007225 seconds, Stopping threads took: 0.0001826 seconds
2020-01-10T17:14:56.332+0000: 14727.161: Total time for which application threads were stopped: 0.0005078 seconds, Stopping threads took: 0.0001511 seconds
2020-01-10T17:15:09.310+0000: 14740.139: [GC pause (G1 Evacuation Pause) (young)
Desired survivor size 40370176 bytes, new threshold 15 (max 15)
- age   1:    2512960 bytes,    2512960 total
- age   2:     131928 bytes,    2644888 total
- age   3:     268776 bytes,    2913664 total
- age   4:      34272 bytes,    2947936 total
- age   5:    1601304 bytes,    4549240 total
- age   6:      62464 bytes,    4611704 total
- age   7:   14311312 bytes,   18923016 total
, 0.0739518 secs]
   [Parallel Time: 21.1 ms, GC Workers: 4]
      [GC Worker Start (ms): Min: 14740139.5, Avg: 14740139.5, Max: 14740139.6, Diff: 0.1]
      [Ext Root Scanning (ms): Min: 2.4, Avg: 2.7, Max: 2.9, Diff: 0.5, Sum: 10.9]
      [Update RS (ms): Min: 2.0, Avg: 2.0, Max: 2.1, Diff: 0.1, Sum: 8.1]
         [Processed Buffers: Min: 9, Avg: 32.2, Max: 61, Diff: 52, Sum: 129]
      [Scan RS (ms): Min: 0.1, Avg: 0.2, Max: 0.2, Diff: 0.0, Sum: 0.6]
      [Code Root Scanning (ms): Min: 0.0, Avg: 0.2, Max: 0.5, Diff: 0.5, Sum: 0.9]
      [Object Copy (ms): Min: 15.3, Avg: 15.7, Max: 16.2, Diff: 0.9, Sum: 62.7]
      [Termination (ms): Min: 0.0, Avg: 0.0, Max: 0.0, Diff: 0.0, Sum: 0.0]
         [Termination Attempts: Min: 1, Avg: 1.0, Max: 1, Diff: 0, Sum: 4]
      [GC Worker Other (ms): Min: 0.0, Avg: 0.1, Max: 0.1, Diff: 0.1, Sum: 0.2]
      [GC Worker Total (ms): Min: 20.8, Avg: 20.9, Max: 21.0, Diff: 0.2, Sum: 83.5]
      [GC Worker End (ms): Min: 14740160.4, Avg: 14740160.4, Max: 14740160.4, Diff: 0.1]
   [Code Root Fixup: 0.0 ms]
   [Code Root Purge: 0.0 ms]
   [Clear CT: 0.3 ms]
   [Other: 52.6 ms]
      [Choose CSet: 0.0 ms]
      [Ref Proc: 51.2 ms]
      [Ref Enq: 0.3 ms]
      [Redirty Cards: 0.2 ms]
      [Humongous Register: 0.1 ms]
      [Humongous Reclaim: 0.0 ms]
      [Free CSet: 0.5 ms]
   [Eden: 578.0M(578.0M)->0.0B(579.0M) Survivors: 36864.0K->35840.0K Heap: 753.6M(1024.0M)->174.6M(1024.0M)]
 [Times: user=0.14 sys=0.00, real=0.07 secs] 
2020-01-10T17:15:09.384+0000: 14740.213: Total time for which application threads were stopped: 0.0747474 seconds, Stopping threads took: 0.0001147 seconds
2020-01-10T17:15:09.394+0000: 14740.224: Total time for which application threads were stopped: 0.0004669 seconds, Stopping threads took: 0.0000732 seconds
2020-01-10T17:15:33.401+0000: 14764.231: Total time for which application threads were stopped: 0.0006735 seconds, Stopping threads took: 0.0001551 seconds
2020-01-10T17:15:33.401+0000: 14764.231: Total time for which application threads were stopped: 0.0004070 seconds, Stopping threads took: 0.0001603 seconds
2020-01-10T17:15:33.402+0000: 14764.231: Total time for which application threads were stopped: 0.0002578 seconds, Stopping threads took: 0.0000360 seconds
2020-01-10T17:15:33.402+0000: 14764.232: Total time for which application threads were stopped: 0.0002405 seconds, Stopping threads took: 0.0000361 seconds
2020-01-10T17:15:33.403+0000: 14764.233: Total time for which application threads were stopped: 0.0002615 seconds, Stopping threads took: 0.0000661 seconds
2020-01-10T17:15:33.404+0000: 14764.234: Total time for which application threads were stopped: 0.0002535 seconds, Stopping threads took: 0.0000493 seconds
2020-01-10T17:15:33.405+0000: 14764.235: Total time for which application threads were stopped: 0.0002328 seconds, Stopping threads took: 0.0000417 seconds
2020-01-10T17:15:33.407+0000: 14764.237: Total time for which application threads were stopped: 0.0002663 seconds, Stopping threads took: 0.0000566 seconds
2020-01-10T17:15:33.407+0000: 14764.237: Total time for which application threads were stopped: 0.0002974 seconds, Stopping threads took: 0.0000909 seconds
2020-01-10T17:15:33.412+0000: 14764.241: Total time for which application threads were stopped: 0.0002367 seconds, Stopping threads took: 0.0000486 seconds
2020-01-10T17:15:46.020+0000: 14776.850: Total time for which application threads were stopped: 0.0007842 seconds, Stopping threads took: 0.0002314 seconds
2020-01-10T17:16:06.023+0000: 14796.853: Total time for which application threads were stopped: 0.0006735 seconds, Stopping threads took: 0.0001852 seconds
2020-01-10T17:16:11.024+0000: 14801.854: Total time for which application threads were stopped: 0.0006178 seconds, Stopping threads took: 0.0001685 seconds
2020-01-10T17:16:46.028+0000: 14836.857: Total time for which application threads were stopped: 0.0004199 seconds, Stopping threads took: 0.0000984 seconds
2020-01-10T17:16:48.029+0000: 14838.858: Total time for which application threads were stopped: 0.0008205 seconds, Stopping threads took: 0.0001590 seconds
2020-01-10T17:16:49.030+0000: 14839.859: Total time for which application threads were stopped: 0.0005749 seconds, Stopping threads took: 0.0001902 seconds
2020-01-10T17:16:52.875+0000: 14843.704: Total time for which application threads were stopped: 0.0005747 seconds, Stopping threads took: 0.0001931 seconds
2020-01-10T17:16:53.875+0000: 14844.705: Total time for which application threads were stopped: 0.0004417 seconds, Stopping threads took: 0.0001087 seconds
2020-01-10T17:16:54.876+0000: 14845.706: Total time for which application threads were stopped: 0.0004559 seconds, Stopping threads took: 0.0001120 seconds
2020-01-10T17:16:58.877+0000: 14849.707: Total time for which application threads were stopped: 0.0004977 seconds, Stopping threads took: 0.0001259 seconds
2020-01-10T17:17:06.430+0000: 14857.259: [GC pause (G1 Evacuation Pause) (young)
Desired survivor size 40370176 bytes, new threshold 15 (max 15)
- age   1:    2742664 bytes,    2742664 total
- age   2:      34896 bytes,    2777560 total
- age   3:      94400 bytes,    2871960 total
- age   4:     260832 bytes,    3132792 total
- age   5:      33640 bytes,    3166432 total
- age   6:    1592528 bytes,    4758960 total
- age   7:      53752 bytes,    4812712 total
- age   8:   14071968 bytes,   18884680 total
, 0.0949200 secs]
   [Parallel Time: 22.3 ms, GC Workers: 4]
      [GC Worker Start (ms): Min: 14857259.3, Avg: 14857259.4, Max: 14857259.4, Diff: 0.1]
      [Ext Root Scanning (ms): Min: 2.2, Avg: 2.4, Max: 2.6, Diff: 0.4, Sum: 9.7]
      [Update RS (ms): Min: 4.8, Avg: 4.9, Max: 4.9, Diff: 0.0, Sum: 19.5]
         [Processed Buffers: Min: 54, Avg: 63.2, Max: 71, Diff: 17, Sum: 253]
      [Scan RS (ms): Min: 0.1, Avg: 0.1, Max: 0.2, Diff: 0.0, Sum: 0.6]
      [Code Root Scanning (ms): Min: 0.0, Avg: 0.2, Max: 0.4, Diff: 0.4, Sum: 0.9]
      [Object Copy (ms): Min: 14.1, Avg: 14.4, Max: 14.8, Diff: 0.7, Sum: 57.8]
      [Termination (ms): Min: 0.0, Avg: 0.0, Max: 0.0, Diff: 0.0, Sum: 0.0]
         [Termination Attempts: Min: 1, Avg: 1.5, Max: 3, Diff: 2, Sum: 6]
      [GC Worker Other (ms): Min: 0.0, Avg: 0.1, Max: 0.1, Diff: 0.1, Sum: 0.2]
      [GC Worker Total (ms): Min: 22.1, Avg: 22.2, Max: 22.2, Diff: 0.1, Sum: 88.7]
      [GC Worker End (ms): Min: 14857281.5, Avg: 14857281.5, Max: 14857281.6, Diff: 0.1]
   [Code Root Fixup: 0.0 ms]
   [Code Root Purge: 0.0 ms]
   [Clear CT: 0.2 ms]
   [Other: 72.3 ms]
      [Choose CSet: 0.0 ms]
      [Ref Proc: 71.0 ms]
      [Ref Enq: 0.3 ms]
      [Redirty Cards: 0.1 ms]
      [Humongous Register: 0.1 ms]
      [Humongous Reclaim: 0.1 ms]
      [Free CSet: 0.5 ms]
   [Eden: 579.0M(579.0M)->0.0B(570.0M) Survivors: 35840.0K->45056.0K Heap: 769.1M(1024.0M)->184.1M(1024.0M)]
 [Times: user=0.16 sys=0.00, real=0.09 secs] 
2020-01-10T17:17:06.525+0000: 14857.354: Total time for which application threads were stopped: 0.0956777 seconds, Stopping threads took: 0.0000975 seconds
2020-01-10T17:17:06.533+0000: 14857.363: Total time for which application threads were stopped: 0.0006558 seconds, Stopping threads took: 0.0001326 seconds
2020-01-10T17:17:06.534+0000: 14857.364: Total time for which application threads were stopped: 0.0004555 seconds, Stopping threads took: 0.0000848 seconds
2020-01-10T17:17:06.534+0000: 14857.364: Total time for which application threads were stopped: 0.0004219 seconds, Stopping threads took: 0.0000757 seconds
2020-01-10T17:17:08.535+0000: 14859.365: Total time for which application threads were stopped: 0.0005321 seconds, Stopping threads took: 0.0001412 seconds
2020-01-10T17:17:08.928+0000: 14859.757: Total time for which application threads were stopped: 0.0006102 seconds, Stopping threads took: 0.0002282 seconds
2020-01-10T17:17:09.928+0000: 14860.758: Total time for which application threads were stopped: 0.0005015 seconds, Stopping threads took: 0.0001404 seconds
2020-01-10T17:17:10.929+0000: 14861.759: Total time for which application threads were stopped: 0.0004956 seconds, Stopping threads took: 0.0001226 seconds
2020-01-10T17:17:12.897+0000: 14863.727: Total time for which application threads were stopped: 0.0005448 seconds, Stopping threads took: 0.0001145 seconds
2020-01-10T17:17:28.833+0000: 14879.662: Total time for which application threads were stopped: 0.0005599 seconds, Stopping threads took: 0.0001261 seconds
2020-01-10T17:17:28.833+0000: 14879.663: Total time for which application threads were stopped: 0.0002872 seconds, Stopping threads took: 0.0000933 seconds
2020-01-10T17:17:28.839+0000: 14879.668: Total time for which application threads were stopped: 0.0002493 seconds, Stopping threads took: 0.0000550 seconds
2020-01-10T17:17:28.855+0000: 14879.685: Total time for which application threads were stopped: 0.0002371 seconds, Stopping threads took: 0.0000456 seconds
2020-01-10T17:17:28.856+0000: 14879.685: Total time for which application threads were stopped: 0.0002356 seconds, Stopping threads took: 0.0000281 seconds
2020-01-10T17:17:28.856+0000: 14879.685: Total time for which application threads were stopped: 0.0002370 seconds, Stopping threads took: 0.0000516 seconds
2020-01-10T17:17:29.021+0000: 14879.851: Total time for which application threads were stopped: 0.0005391 seconds, Stopping threads took: 0.0001215 seconds
2020-01-10T17:17:29.023+0000: 14879.852: Total time for which application threads were stopped: 0.0011494 seconds, Stopping threads took: 0.0001123 seconds
2020-01-10T17:17:35.024+0000: 14885.853: Total time for which application threads were stopped: 0.0006469 seconds, Stopping threads took: 0.0001297 seconds
2020-01-10T17:17:36.025+0000: 14886.854: Total time for which application threads were stopped: 0.0006272 seconds, Stopping threads took: 0.0001574 seconds
2020-01-10T17:17:37.025+0000: 14887.855: Total time for which application threads were stopped: 0.0006203 seconds, Stopping threads took: 0.0001311 seconds
2020-01-10T17:17:41.026+0000: 14891.856: Total time for which application threads were stopped: 0.0006095 seconds, Stopping threads took: 0.0001307 seconds
2020-01-10T17:17:42.636+0000: 14893.465: Total time for which application threads were stopped: 0.0007059 seconds, Stopping threads took: 0.0002307 seconds
2020-01-10T17:17:43.637+0000: 14894.466: Total time for which application threads were stopped: 0.0006579 seconds, Stopping threads took: 0.0001912 seconds
2020-01-10T17:17:46.637+0000: 14897.467: Total time for which application threads were stopped: 0.0005468 seconds, Stopping threads took: 0.0001370 seconds
2020-01-10T17:17:47.638+0000: 14898.468: Total time for which application threads were stopped: 0.0005210 seconds, Stopping threads took: 0.0001308 seconds
2020-01-10T17:17:48.639+0000: 14899.468: Total time for which application threads were stopped: 0.0006557 seconds, Stopping threads took: 0.0001894 seconds
2020-01-10T17:17:49.640+0000: 14900.469: Total time for which application threads were stopped: 0.0006394 seconds, Stopping threads took: 0.0001520 seconds
2020-01-10T17:17:50.640+0000: 14901.470: Total time for which application threads were stopped: 0.0006604 seconds, Stopping threads took: 0.0001604 seconds
2020-01-10T17:17:51.641+0000: 14902.471: Total time for which application threads were stopped: 0.0006565 seconds, Stopping threads took: 0.0001760 seconds
2020-01-10T17:17:52.642+0000: 14903.472: Total time for which application threads were stopped: 0.0007208 seconds, Stopping threads took: 0.0002277 seconds
2020-01-10T17:17:53.643+0000: 14904.472: Total time for which application threads were stopped: 0.0006512 seconds, Stopping threads took: 0.0001867 seconds
2020-01-10T17:17:56.644+0000: 14907.473: Total time for which application threads were stopped: 0.0006161 seconds, Stopping threads took: 0.0001395 seconds
2020-01-10T17:17:57.644+0000: 14908.474: Total time for which application threads were stopped: 0.0006883 seconds, Stopping threads took: 0.0001975 seconds
2020-01-10T17:18:04.616+0000: 14915.445: Total time for which application threads were stopped: 0.0004868 seconds, Stopping threads took: 0.0000964 seconds
2020-01-10T17:18:04.619+0000: 14915.449: Total time for which application threads were stopped: 0.0002639 seconds, Stopping threads took: 0.0000496 seconds
2020-01-10T17:18:04.624+0000: 14915.453: Total time for which application threads were stopped: 0.0002516 seconds, Stopping threads took: 0.0000547 seconds
2020-01-10T17:18:04.628+0000: 14915.457: Total time for which application threads were stopped: 0.0002592 seconds, Stopping threads took: 0.0000582 seconds
2020-01-10T17:18:18.338+0000: 14929.168: Total time for which application threads were stopped: 0.0006359 seconds, Stopping threads took: 0.0001777 seconds
2020-01-10T17:18:18.407+0000: 14929.237: Total time for which application threads were stopped: 0.0002985 seconds, Stopping threads took: 0.0000861 seconds
2020-01-10T17:18:26.243+0000: 14937.073: Total time for which application threads were stopped: 0.0005120 seconds, Stopping threads took: 0.0001323 seconds
2020-01-10T17:18:26.249+0000: 14937.079: Total time for which application threads were stopped: 0.0002794 seconds, Stopping threads took: 0.0000613 seconds
2020-01-10T17:18:27.677+0000: 14938.506: Total time for which application threads were stopped: 0.0006706 seconds, Stopping threads took: 0.0001953 seconds
2020-01-10T17:18:39.679+0000: 14950.508: Total time for which application threads were stopped: 0.0006466 seconds, Stopping threads took: 0.0001489 seconds
2020-01-10T17:19:03.682+0000: 14974.511: Total time for which application threads were stopped: 0.0005747 seconds, Stopping threads took: 0.0001911 seconds
2020-01-10T17:19:14.812+0000: 14985.641: [GC pause (G1 Evacuation Pause) (young)
Desired survivor size 40370176 bytes, new threshold 15 (max 15)
- age   1:    2939064 bytes,    2939064 total
- age   2:     203824 bytes,    3142888 total
- age   3:      32552 bytes,    3175440 total
- age   4:      85432 bytes,    3260872 total
- age   5:     182288 bytes,    3443160 total
- age   6:      33064 bytes,    3476224 total
- age   7:    1591632 bytes,    5067856 total
- age   8:      50480 bytes,    5118336 total
- age   9:   14066472 bytes,   19184808 total
, 0.0994342 secs]
   [Parallel Time: 22.1 ms, GC Workers: 4]
      [GC Worker Start (ms): Min: 14985641.8, Avg: 14985641.9, Max: 14985641.9, Diff: 0.1]
      [Ext Root Scanning (ms): Min: 2.1, Avg: 2.4, Max: 2.6, Diff: 0.5, Sum: 9.6]
      [Update RS (ms): Min: 4.1, Avg: 4.2, Max: 4.4, Diff: 0.2, Sum: 16.9]
         [Processed Buffers: Min: 43, Avg: 57.8, Max: 69, Diff: 26, Sum: 231]
      [Scan RS (ms): Min: 0.0, Avg: 0.1, Max: 0.2, Diff: 0.2, Sum: 0.6]
      [Code Root Scanning (ms): Min: 0.0, Avg: 0.2, Max: 0.5, Diff: 0.5, Sum: 0.9]
      [Object Copy (ms): Min: 14.4, Avg: 14.8, Max: 15.2, Diff: 0.8, Sum: 59.3]
      [Termination (ms): Min: 0.0, Avg: 0.0, Max: 0.0, Diff: 0.0, Sum: 0.0]
         [Termination Attempts: Min: 1, Avg: 1.0, Max: 1, Diff: 0, Sum: 4]
      [GC Worker Other (ms): Min: 0.0, Avg: 0.1, Max: 0.1, Diff: 0.1, Sum: 0.2]
      [GC Worker Total (ms): Min: 21.8, Avg: 21.9, Max: 21.9, Diff: 0.0, Sum: 87.5]
      [GC Worker End (ms): Min: 14985663.7, Avg: 14985663.7, Max: 14985663.8, Diff: 0.1]
   [Code Root Fixup: 0.0 ms]
   [Code Root Purge: 0.0 ms]
   [Clear CT: 0.4 ms]
   [Other: 76.9 ms]
      [Choose CSet: 0.0 ms]
      [Ref Proc: 75.4 ms]
      [Ref Enq: 0.2 ms]
      [Redirty Cards: 0.2 ms]
      [Humongous Register: 0.1 ms]
      [Humongous Reclaim: 0.1 ms]
      [Free CSet: 0.5 ms]
   [Eden: 570.0M(570.0M)->0.0B(569.0M) Survivors: 45056.0K->46080.0K Heap: 766.6M(1024.0M)->185.1M(1024.0M)]
 [Times: user=0.17 sys=0.00, real=0.10 secs] 
2020-01-10T17:19:14.912+0000: 14985.741: Total time for which application threads were stopped: 0.1002717 seconds, Stopping threads took: 0.0001044 seconds
2020-01-10T17:19:14.916+0000: 14985.746: Total time for which application threads were stopped: 0.0006363 seconds, Stopping threads took: 0.0001679 seconds
2020-01-10T17:19:14.918+0000: 14985.747: Total time for which application threads were stopped: 0.0003661 seconds, Stopping threads took: 0.0001072 seconds
2020-01-10T17:19:14.919+0000: 14985.748: Total time for which application threads were stopped: 0.0003575 seconds, Stopping threads took: 0.0000875 seconds
2020-01-10T17:19:15.919+0000: 14986.749: Total time for which application threads were stopped: 0.0005061 seconds, Stopping threads took: 0.0001398 seconds
2020-01-10T17:19:16.920+0000: 14987.750: Total time for which application threads were stopped: 0.0005360 seconds, Stopping threads took: 0.0001628 seconds
2020-01-10T17:19:17.156+0000: 14987.986: Total time for which application threads were stopped: 0.0014401 seconds, Stopping threads took: 0.0001305 seconds
2020-01-10T17:19:19.157+0000: 14989.987: Total time for which application threads were stopped: 0.0007202 seconds, Stopping threads took: 0.0001689 seconds
2020-01-10T17:19:21.743+0000: 14992.573: Total time for which application threads were stopped: 0.0006180 seconds, Stopping threads took: 0.0001644 seconds
2020-01-10T17:19:29.611+0000: 15000.440: Total time for which application threads were stopped: 0.0005443 seconds, Stopping threads took: 0.0000915 seconds
2020-01-10T17:19:29.611+0000: 15000.441: Total time for which application threads were stopped: 0.0003482 seconds, Stopping threads took: 0.0000806 seconds
2020-01-10T17:19:29.612+0000: 15000.442: Total time for which application threads were stopped: 0.0007182 seconds, Stopping threads took: 0.0002180 seconds
2020-01-10T17:19:29.618+0000: 15000.448: Total time for which application threads were stopped: 0.0005017 seconds, Stopping threads took: 0.0001546 seconds
2020-01-10T17:19:29.622+0000: 15000.452: Total time for which application threads were stopped: 0.0005220 seconds, Stopping threads took: 0.0002708 seconds
2020-01-10T17:19:29.623+0000: 15000.452: Total time for which application threads were stopped: 0.0003202 seconds, Stopping threads took: 0.0000821 seconds
2020-01-10T17:19:29.623+0000: 15000.453: Total time for which application threads were stopped: 0.0003358 seconds, Stopping threads took: 0.0001040 seconds
2020-01-10T17:19:29.625+0000: 15000.454: Total time for which application threads were stopped: 0.0003410 seconds, Stopping threads took: 0.0000964 seconds
2020-01-10T17:19:29.626+0000: 15000.455: Total time for which application threads were stopped: 0.0003996 seconds, Stopping threads took: 0.0001252 seconds
2020-01-10T17:19:29.626+0000: 15000.456: Total time for which application threads were stopped: 0.0003671 seconds, Stopping threads took: 0.0001215 seconds
2020-01-10T17:19:35.651+0000: 15006.481: Total time for which application threads were stopped: 0.0007844 seconds, Stopping threads took: 0.0002590 seconds
2020-01-10T17:19:50.654+0000: 15021.483: Total time for which application threads were stopped: 0.0005217 seconds, Stopping threads took: 0.0001377 seconds
2020-01-10T17:19:50.662+0000: 15021.492: Total time for which application threads were stopped: 0.0004021 seconds, Stopping threads took: 0.0001194 seconds
2020-01-10T17:19:55.663+0000: 15026.493: Total time for which application threads were stopped: 0.0005883 seconds, Stopping threads took: 0.0001977 seconds
2020-01-10T17:20:01.664+0000: 15032.494: Total time for which application threads were stopped: 0.0005219 seconds, Stopping threads took: 0.0001401 seconds
2020-01-10T17:20:05.665+0000: 15036.495: Total time for which application threads were stopped: 0.0005706 seconds, Stopping threads took: 0.0001329 seconds
2020-01-10T17:20:14.667+0000: 15045.496: Total time for which application threads were stopped: 0.0004497 seconds, Stopping threads took: 0.0000758 seconds
2020-01-10T17:20:15.667+0000: 15046.497: Total time for which application threads were stopped: 0.0005183 seconds, Stopping threads took: 0.0001012 seconds
2020-01-10T17:20:16.181+0000: 15047.011: [GC pause (G1 Evacuation Pause) (young)
Desired survivor size 40370176 bytes, new threshold 15 (max 15)
- age   1:    2957472 bytes,    2957472 total
- age   2:     276760 bytes,    3234232 total
- age   3:     200696 bytes,    3434928 total
- age   4:      31824 bytes,    3466752 total
- age   5:      84912 bytes,    3551664 total
- age   6:     181072 bytes,    3732736 total
- age   7:      32936 bytes,    3765672 total
- age   8:    1591040 bytes,    5356712 total
- age   9:      49696 bytes,    5406408 total
- age  10:   14064912 bytes,   19471320 total
, 0.1102802 secs]
   [Parallel Time: 36.5 ms, GC Workers: 4]
      [GC Worker Start (ms): Min: 15047011.3, Avg: 15047017.2, Max: 15047023.1, Diff: 11.9]
      [Ext Root Scanning (ms): Min: 0.0, Avg: 3.0, Max: 6.1, Diff: 6.1, Sum: 12.1]
      [Update RS (ms): Min: 5.4, Avg: 8.0, Max: 10.6, Diff: 5.2, Sum: 32.1]
         [Processed Buffers: Min: 48, Avg: 68.2, Max: 91, Diff: 43, Sum: 273]
      [Scan RS (ms): Min: 0.2, Avg: 0.2, Max: 0.3, Diff: 0.1, Sum: 0.9]
      [Code Root Scanning (ms): Min: 0.0, Avg: 0.4, Max: 0.7, Diff: 0.7, Sum: 1.4]
      [Object Copy (ms): Min: 18.1, Avg: 18.7, Max: 19.5, Diff: 1.4, Sum: 74.9]
      [Termination (ms): Min: 0.0, Avg: 0.0, Max: 0.0, Diff: 0.0, Sum: 0.0]
         [Termination Attempts: Min: 1, Avg: 2.0, Max: 3, Diff: 2, Sum: 8]
      [GC Worker Other (ms): Min: 0.0, Avg: 0.0, Max: 0.1, Diff: 0.0, Sum: 0.2]
      [GC Worker Total (ms): Min: 24.5, Avg: 30.4, Max: 36.4, Diff: 11.9, Sum: 121.7]
      [GC Worker End (ms): Min: 15047047.6, Avg: 15047047.6, Max: 15047047.6, Diff: 0.0]
   [Code Root Fixup: 0.0 ms]
   [Code Root Purge: 0.0 ms]
   [Clear CT: 0.3 ms]
   [Other: 73.4 ms]
      [Choose CSet: 0.0 ms]
      [Ref Proc: 71.9 ms]
      [Ref Enq: 0.3 ms]
      [Redirty Cards: 0.2 ms]
      [Humongous Register: 0.1 ms]
      [Humongous Reclaim: 0.1 ms]
      [Free CSet: 0.6 ms]
   [Eden: 569.0M(569.0M)->0.0B(571.0M) Survivors: 46080.0K->44032.0K Heap: 772.1M(1024.0M)->182.6M(1024.0M)]
 [Times: user=0.19 sys=0.00, real=0.11 secs] 
2020-01-10T17:20:16.292+0000: 15047.121: Total time for which application threads were stopped: 0.1111844 seconds, Stopping threads took: 0.0001218 seconds
2020-01-10T17:20:16.295+0000: 15047.125: Total time for which application threads were stopped: 0.0006513 seconds, Stopping threads took: 0.0001236 seconds
2020-01-10T17:20:16.297+0000: 15047.127: Total time for which application threads were stopped: 0.0004235 seconds, Stopping threads took: 0.0000495 seconds
2020-01-10T17:20:16.298+0000: 15047.127: Total time for which application threads were stopped: 0.0004957 seconds, Stopping threads took: 0.0000942 seconds
2020-01-10T17:20:16.299+0000: 15047.129: Total time for which application threads were stopped: 0.0013791 seconds, Stopping threads took: 0.0000746 seconds
2020-01-10T17:20:16.468+0000: 15047.298: Total time for which application threads were stopped: 0.0005648 seconds, Stopping threads took: 0.0001323 seconds
2020-01-10T17:20:21.197+0000: 15052.027: Total time for which application threads were stopped: 0.0006467 seconds, Stopping threads took: 0.0001493 seconds
2020-01-10T17:20:24.198+0000: 15055.028: Total time for which application threads were stopped: 0.0004913 seconds, Stopping threads took: 0.0001221 seconds
2020-01-10T17:20:25.199+0000: 15056.028: Total time for which application threads were stopped: 0.0005191 seconds, Stopping threads took: 0.0001353 seconds
2020-01-10T17:20:29.194+0000: 15060.023: Total time for which application threads were stopped: 0.0008871 seconds, Stopping threads took: 0.0002387 seconds
2020-01-10T17:20:29.612+0000: 15060.442: Total time for which application threads were stopped: 0.0006472 seconds, Stopping threads took: 0.0001331 seconds
2020-01-10T17:20:31.049+0000: 15061.879: Total time for which application threads were stopped: 0.0008721 seconds, Stopping threads took: 0.0002798 seconds
2020-01-10T17:20:31.050+0000: 15061.879: Total time for which application threads were stopped: 0.0004173 seconds, Stopping threads took: 0.0001156 seconds
2020-01-10T17:20:31.050+0000: 15061.880: Total time for which application threads were stopped: 0.0005092 seconds, Stopping threads took: 0.0001180 seconds
2020-01-10T17:20:31.087+0000: 15061.916: Total time for which application threads were stopped: 0.0006579 seconds, Stopping threads took: 0.0001881 seconds
2020-01-10T17:20:31.087+0000: 15061.917: Total time for which application threads were stopped: 0.0002994 seconds, Stopping threads took: 0.0000762 seconds
2020-01-10T17:20:31.088+0000: 15061.917: Total time for which application threads were stopped: 0.0003480 seconds, Stopping threads took: 0.0000478 seconds
2020-01-10T17:20:31.118+0000: 15061.948: Total time for which application threads were stopped: 0.0005298 seconds, Stopping threads took: 0.0001975 seconds
2020-01-10T17:20:31.119+0000: 15061.948: Total time for which application threads were stopped: 0.0003390 seconds, Stopping threads took: 0.0000917 seconds
2020-01-10T17:20:31.119+0000: 15061.949: Total time for which application threads were stopped: 0.0003574 seconds, Stopping threads took: 0.0001054 seconds
2020-01-10T17:20:31.251+0000: 15062.081: Total time for which application threads were stopped: 0.0007354 seconds, Stopping threads took: 0.0001246 seconds
2020-01-10T17:20:31.252+0000: 15062.081: Total time for which application threads were stopped: 0.0003082 seconds, Stopping threads took: 0.0000749 seconds
2020-01-10T17:20:31.252+0000: 15062.082: Total time for which application threads were stopped: 0.0004804 seconds, Stopping threads took: 0.0000805 seconds
2020-01-10T17:20:31.490+0000: 15062.320: Total time for which application threads were stopped: 0.0007194 seconds, Stopping threads took: 0.0002066 seconds
2020-01-10T17:20:31.491+0000: 15062.320: Total time for which application threads were stopped: 0.0002981 seconds, Stopping threads took: 0.0000806 seconds
2020-01-10T17:20:31.491+0000: 15062.321: Total time for which application threads were stopped: 0.0003444 seconds, Stopping threads took: 0.0001102 seconds
2020-01-10T17:20:32.492+0000: 15063.322: Total time for which application threads were stopped: 0.0006532 seconds, Stopping threads took: 0.0001335 seconds
2020-01-10T17:20:37.873+0000: 15068.702: Total time for which application threads were stopped: 0.0006752 seconds, Stopping threads took: 0.0001104 seconds
2020-01-10T17:20:37.873+0000: 15068.703: Total time for which application threads were stopped: 0.0004198 seconds, Stopping threads took: 0.0001124 seconds
2020-01-10T17:20:38.874+0000: 15069.704: Total time for which application threads were stopped: 0.0006394 seconds, Stopping threads took: 0.0001527 seconds
2020-01-10T17:20:42.810+0000: 15073.639: Total time for which application threads were stopped: 0.0008446 seconds, Stopping threads took: 0.0004076 seconds
2020-01-10T17:20:47.811+0000: 15078.640: Total time for which application threads were stopped: 0.0006093 seconds, Stopping threads took: 0.0001434 seconds
2020-01-10T17:20:51.812+0000: 15082.641: Total time for which application threads were stopped: 0.0006405 seconds, Stopping threads took: 0.0001644 seconds
2020-01-10T17:20:52.969+0000: 15083.798: Total time for which application threads were stopped: 0.0007093 seconds, Stopping threads took: 0.0002052 seconds
2020-01-10T17:20:55.969+0000: 15086.799: Total time for which application threads were stopped: 0.0006774 seconds, Stopping threads took: 0.0001502 seconds
2020-01-10T17:21:23.067+0000: 15113.897: Total time for which application threads were stopped: 0.0006750 seconds, Stopping threads took: 0.0001764 seconds
2020-01-10T17:21:23.092+0000: 15113.921: Total time for which application threads were stopped: 0.0005307 seconds, Stopping threads took: 0.0001389 seconds
2020-01-10T17:21:24.126+0000: 15114.955: [GC pause (G1 Evacuation Pause) (young)
Desired survivor size 40370176 bytes, new threshold 15 (max 15)
- age   1:    3452064 bytes,    3452064 total
- age   2:     138536 bytes,    3590600 total
- age   3:     269800 bytes,    3860400 total
- age   4:     190648 bytes,    4051048 total
- age   5:      31352 bytes,    4082400 total
- age   6:      84616 bytes,    4167016 total
- age   7:     177888 bytes,    4344904 total
- age   8:      32864 bytes,    4377768 total
- age   9:    1590240 bytes,    5968008 total
- age  10:      49368 bytes,    6017376 total
- age  11:   14063496 bytes,   20080872 total
, 0.0927292 secs]
   [Parallel Time: 25.6 ms, GC Workers: 4]
      [GC Worker Start (ms): Min: 15114955.5, Avg: 15114955.6, Max: 15114955.6, Diff: 0.1]
      [Ext Root Scanning (ms): Min: 2.2, Avg: 2.5, Max: 3.0, Diff: 0.8, Sum: 10.1]
      [Update RS (ms): Min: 6.3, Avg: 6.5, Max: 6.6, Diff: 0.3, Sum: 26.0]
         [Processed Buffers: Min: 51, Avg: 59.0, Max: 67, Diff: 16, Sum: 236]
      [Scan RS (ms): Min: 0.1, Avg: 0.2, Max: 0.3, Diff: 0.1, Sum: 0.8]
      [Code Root Scanning (ms): Min: 0.0, Avg: 0.2, Max: 0.9, Diff: 0.9, Sum: 0.9]
      [Object Copy (ms): Min: 15.3, Avg: 16.0, Max: 16.4, Diff: 1.1, Sum: 63.9]
      [Termination (ms): Min: 0.0, Avg: 0.0, Max: 0.0, Diff: 0.0, Sum: 0.0]
         [Termination Attempts: Min: 1, Avg: 2.0, Max: 4, Diff: 3, Sum: 8]
      [GC Worker Other (ms): Min: 0.0, Avg: 0.1, Max: 0.1, Diff: 0.1, Sum: 0.2]
      [GC Worker Total (ms): Min: 25.5, Avg: 25.5, Max: 25.5, Diff: 0.1, Sum: 101.9]
      [GC Worker End (ms): Min: 15114981.0, Avg: 15114981.0, Max: 15114981.1, Diff: 0.1]
   [Code Root Fixup: 0.0 ms]
   [Code Root Purge: 0.0 ms]
   [Clear CT: 0.3 ms]
   [Other: 66.8 ms]
      [Choose CSet: 0.0 ms]
      [Ref Proc: 65.2 ms]
      [Ref Enq: 0.3 ms]
      [Redirty Cards: 0.2 ms]
      [Humongous Register: 0.1 ms]
      [Humongous Reclaim: 0.1 ms]
      [Free CSet: 0.6 ms]
   [Eden: 571.0M(571.0M)->0.0B(570.0M) Survivors: 44032.0K->45056.0K Heap: 767.6M(1024.0M)->183.6M(1024.0M)]
 [Times: user=0.17 sys=0.00, real=0.09 secs] 
