OpenJDK 64-Bit Server VM (25.252-b09) for linux-amd64 JRE (1.8.0_252-b09), built on Apr  6 2020 12:20:12 by "openjdk" with gcc 4.4.7 20120313 (Red Hat 4.4.7-23)
Memory: 4k page, physical 7651440k(4578308k free), swap 0k(0k free)
CommandLine flags: -XX:+AlwaysPreTouch -XX:CompileCommandFile=/opt/dse/resources/cassandra/conf/hotspot_compiler -XX:+DebugNonSafepoints -XX:G1RSetUpdatingPauseTimePercent=5 -XX:GCLogFileSize=10485760 -XX:GuaranteedSafepointInterval=300000 -XX:+HeapDumpOnOutOfMemoryError -XX:InitialHeapSize=1958739968 -XX:+ManagementServer -XX:MaxDirectMemorySize=2938109952 -XX:MaxGCPauseMillis=500 -XX:MaxHeapSize=1958739968 -XX:NumberOfGCLogFiles=10 -XX:OnOutOfMemoryError=kill -9 %p -XX:+ParallelRefProcEnabled -XX:+PrintGC -XX:+PrintGCApplicationStoppedTime -XX:+PrintGCDateStamps -XX:+PrintGCDetails -XX:+PrintGCTimeStamps -XX:+PrintHeapAtGC -XX:+PrintPromotionFailure -XX:+PrintTenuringDistribution -XX:+ResizeTLAB -XX:-RestrictContended -XX:StringTableSize=1000003 -XX:ThreadPriorityPolicy=42 -XX:ThreadStackSize=256 -XX:+UnlockDiagnosticVMOptions -XX:-UseBiasedLocking -XX:+UseCompressedClassPointers -XX:+UseCompressedOops -XX:+UseG1GC -XX:+UseGCLogFileRotation -XX:-UseNUMA -XX:+UseTLAB -XX:+UseThreadPriorities 
2020-07-20T09:09:26.817+0000: 2.753: Total time for which application threads were stopped: 0.0001954 seconds, Stopping threads took: 0.0000663 seconds
2020-07-20T09:09:27.084+0000: 3.020: Total time for which application threads were stopped: 0.0001984 seconds, Stopping threads took: 0.0000622 seconds
{Heap before GC invocations=0 (full 0):
 garbage-first heap   total 1912832K, used 95232K [0x000000008b400000, 0x000000008b503a60, 0x0000000100000000)
  region size 1024K, 93 young (95232K), 0 survivors (0K)
 Metaspace       used 8745K, capacity 8876K, committed 9088K, reserved 1056768K
  class space    used 1053K, capacity 1104K, committed 1152K, reserved 1048576K
2020-07-20T09:09:27.312+0000: 3.248: [GC pause (G1 Evacuation Pause) (young)
Desired survivor size 6291456 bytes, new threshold 15 (max 15)
, 0.0257072 secs]
   [Parallel Time: 14.6 ms, GC Workers: 4]
      [GC Worker Start (ms): Min: 3248.4, Avg: 3248.5, Max: 3248.6, Diff: 0.2]
      [Ext Root Scanning (ms): Min: 2.9, Avg: 3.1, Max: 3.1, Diff: 0.3, Sum: 12.2]
      [Update RS (ms): Min: 0.0, Avg: 0.0, Max: 0.0, Diff: 0.0, Sum: 0.0]
         [Processed Buffers: Min: 0, Avg: 0.0, Max: 0, Diff: 0, Sum: 0]
      [Scan RS (ms): Min: 0.0, Avg: 0.0, Max: 0.0, Diff: 0.0, Sum: 0.1]
      [Code Root Scanning (ms): Min: 0.3, Avg: 8.5, Max: 11.3, Diff: 11.0, Sum: 33.9]
      [Object Copy (ms): Min: 0.1, Avg: 2.8, Max: 10.6, Diff: 10.6, Sum: 11.1]
      [Termination (ms): Min: 0.0, Avg: 0.1, Max: 0.3, Diff: 0.3, Sum: 0.4]
         [Termination Attempts: Min: 1, Avg: 1.2, Max: 2, Diff: 1, Sum: 5]
      [GC Worker Other (ms): Min: 0.0, Avg: 0.0, Max: 0.0, Diff: 0.0, Sum: 0.1]
      [GC Worker Total (ms): Min: 14.4, Avg: 14.5, Max: 14.5, Diff: 0.2, Sum: 57.8]
      [GC Worker End (ms): Min: 3262.9, Avg: 3262.9, Max: 3262.9, Diff: 0.0]
   [Code Root Fixup: 0.0 ms]
   [Code Root Purge: 0.0 ms]
   [Clear CT: 0.1 ms]
   [Other: 10.9 ms]
      [Choose CSet: 0.0 ms]
      [Ref Proc: 10.2 ms]
      [Ref Enq: 0.1 ms]
      [Redirty Cards: 0.1 ms]
      [Humongous Register: 0.1 ms]
      [Humongous Reclaim: 0.0 ms]
      [Free CSet: 0.1 ms]
   [Eden: 95232.0K(95232.0K)->0.0B(105.0M) Survivors: 0.0B->8192.0K Heap: 95232.0K(1868.0M)->7926.8K(1868.0M)]
Heap after GC invocations=1 (full 0):
 garbage-first heap   total 1912832K, used 7926K [0x000000008b400000, 0x000000008b503a60, 0x0000000100000000)
  region size 1024K, 8 young (8192K), 8 survivors (8192K)
 Metaspace       used 8745K, capacity 8876K, committed 9088K, reserved 1056768K
  class space    used 1053K, capacity 1104K, committed 1152K, reserved 1048576K
}
 [Times: user=0.05 sys=0.00, real=0.03 secs] 
2020-07-20T09:09:27.338+0000: 3.274: Total time for which application threads were stopped: 0.0260825 seconds, Stopping threads took: 0.0000644 seconds
2020-07-20T09:09:27.372+0000: 3.308: Total time for which application threads were stopped: 0.0002068 seconds, Stopping threads took: 0.0000669 seconds
2020-07-20T09:09:27.373+0000: 3.309: Total time for which application threads were stopped: 0.0001312 seconds, Stopping threads took: 0.0000483 seconds
2020-07-20T09:09:27.380+0000: 3.316: Total time for which application threads were stopped: 0.0001447 seconds, Stopping threads took: 0.0000532 seconds
2020-07-20T09:09:27.390+0000: 3.326: Total time for which application threads were stopped: 0.0001597 seconds, Stopping threads took: 0.0000547 seconds
2020-07-20T09:09:27.446+0000: 3.382: Total time for which application threads were stopped: 0.0001987 seconds, Stopping threads took: 0.0000643 seconds
2020-07-20T09:09:27.588+0000: 3.524: Total time for which application threads were stopped: 0.0002150 seconds, Stopping threads took: 0.0000502 seconds
2020-07-20T09:09:27.695+0000: 3.630: Total time for which application threads were stopped: 0.0002053 seconds, Stopping threads took: 0.0000443 seconds
2020-07-20T09:09:27.962+0000: 3.898: Total time for which application threads were stopped: 0.0002562 seconds, Stopping threads took: 0.0000263 seconds
2020-07-20T09:09:27.993+0000: 3.929: Total time for which application threads were stopped: 0.0027442 seconds, Stopping threads took: 0.0025607 seconds
2020-07-20T09:09:28.073+0000: 4.009: Total time for which application threads were stopped: 0.0002550 seconds, Stopping threads took: 0.0000300 seconds
2020-07-20T09:09:28.347+0000: 4.283: Total time for which application threads were stopped: 0.0003372 seconds, Stopping threads took: 0.0000568 seconds
{Heap before GC invocations=1 (full 0):
 garbage-first heap   total 1912832K, used 115446K [0x000000008b400000, 0x000000008b503a60, 0x0000000100000000)
  region size 1024K, 113 young (115712K), 8 survivors (8192K)
 Metaspace       used 17679K, capacity 17980K, committed 18176K, reserved 1064960K
  class space    used 2159K, capacity 2281K, committed 2304K, reserved 1048576K
2020-07-20T09:09:28.408+0000: 4.344: [GC pause (G1 Evacuation Pause) (young)
Desired survivor size 7864320 bytes, new threshold 15 (max 15)
- age   1:    3703704 bytes,    3703704 total
, 0.0262852 secs]
   [Parallel Time: 22.1 ms, GC Workers: 4]
      [GC Worker Start (ms): Min: 4344.0, Avg: 4344.0, Max: 4344.2, Diff: 0.2]
      [Ext Root Scanning (ms): Min: 3.8, Avg: 8.3, Max: 12.6, Diff: 8.8, Sum: 33.1]
      [Update RS (ms): Min: 0.0, Avg: 0.0, Max: 0.0, Diff: 0.0, Sum: 0.0]
         [Processed Buffers: Min: 0, Avg: 0.0, Max: 0, Diff: 0, Sum: 0]
      [Scan RS (ms): Min: 0.0, Avg: 0.0, Max: 0.0, Diff: 0.0, Sum: 0.1]
      [Code Root Scanning (ms): Min: 0.0, Avg: 0.4, Max: 1.1, Diff: 1.1, Sum: 1.6]
      [Object Copy (ms): Min: 2.1, Avg: 7.8, Max: 16.8, Diff: 14.7, Sum: 31.1]
      [Termination (ms): Min: 0.0, Avg: 5.4, Max: 7.2, Diff: 7.2, Sum: 21.7]
         [Termination Attempts: Min: 1, Avg: 2.8, Max: 6, Diff: 5, Sum: 11]
      [GC Worker Other (ms): Min: 0.0, Avg: 0.0, Max: 0.0, Diff: 0.0, Sum: 0.0]
      [GC Worker Total (ms): Min: 21.7, Avg: 21.9, Max: 22.0, Diff: 0.2, Sum: 87.6]
      [GC Worker End (ms): Min: 4365.9, Avg: 4365.9, Max: 4366.0, Diff: 0.0]
   [Code Root Fixup: 0.0 ms]
   [Code Root Purge: 0.0 ms]
   [Clear CT: 0.1 ms]
   [Other: 4.0 ms]
      [Choose CSet: 0.0 ms]
      [Ref Proc: 3.4 ms]
      [Ref Enq: 0.1 ms]
      [Redirty Cards: 0.1 ms]
      [Humongous Register: 0.1 ms]
      [Humongous Reclaim: 0.0 ms]
      [Free CSet: 0.2 ms]
   [Eden: 105.0M(105.0M)->0.0B(464.0M) Survivors: 8192.0K->13312.0K Heap: 112.7M(1868.0M)->13312.0K(1868.0M)]
Heap after GC invocations=2 (full 0):
 garbage-first heap   total 1912832K, used 13311K [0x000000008b400000, 0x000000008b503a60, 0x0000000100000000)
  region size 1024K, 13 young (13312K), 13 survivors (13312K)
 Metaspace       used 17679K, capacity 17980K, committed 18176K, reserved 1064960K
  class space    used 2159K, capacity 2281K, committed 2304K, reserved 1048576K
}
 [Times: user=0.06 sys=0.00, real=0.03 secs] 
2020-07-20T09:09:28.434+0000: 4.370: Total time for which application threads were stopped: 0.0266310 seconds, Stopping threads took: 0.0000564 seconds
2020-07-20T09:09:28.722+0000: 4.658: Total time for which application threads were stopped: 0.0004204 seconds, Stopping threads took: 0.0000405 seconds
{Heap before GC invocations=2 (full 0):
 garbage-first heap   total 1912832K, used 77823K [0x000000008b400000, 0x000000008b503a60, 0x0000000100000000)
  region size 1024K, 77 young (78848K), 13 survivors (13312K)
 Metaspace       used 20655K, capacity 21140K, committed 21248K, reserved 1067008K
  class space    used 2543K, capacity 2711K, committed 2816K, reserved 1048576K
2020-07-20T09:09:28.876+0000: 4.812: [GC pause (Metadata GC Threshold) (young) (initial-mark)
Desired survivor size 31457280 bytes, new threshold 15 (max 15)
- age   1:    3973096 bytes,    3973096 total
- age   2:    3467104 bytes,    7440200 total
, 0.0153966 secs]
   [Parallel Time: 11.9 ms, GC Workers: 4]
      [GC Worker Start (ms): Min: 4812.6, Avg: 4813.5, Max: 4816.2, Diff: 3.6]
      [Ext Root Scanning (ms): Min: 0.1, Avg: 3.7, Max: 8.2, Diff: 8.1, Sum: 14.8]
      [Update RS (ms): Min: 0.0, Avg: 0.0, Max: 0.0, Diff: 0.0, Sum: 0.0]
         [Processed Buffers: Min: 0, Avg: 0.0, Max: 0, Diff: 0, Sum: 0]
      [Scan RS (ms): Min: 0.0, Avg: 0.0, Max: 0.0, Diff: 0.0, Sum: 0.1]
      [Code Root Scanning (ms): Min: 0.0, Avg: 0.6, Max: 1.2, Diff: 1.2, Sum: 2.5]
      [Object Copy (ms): Min: 3.2, Avg: 6.2, Max: 8.1, Diff: 4.9, Sum: 24.9]
      [Termination (ms): Min: 0.0, Avg: 0.2, Max: 0.3, Diff: 0.3, Sum: 0.6]
         [Termination Attempts: Min: 1, Avg: 2.2, Max: 4, Diff: 3, Sum: 9]
      [GC Worker Other (ms): Min: 0.0, Avg: 0.0, Max: 0.0, Diff: 0.0, Sum: 0.0]
      [GC Worker Total (ms): Min: 8.0, Avg: 10.7, Max: 11.7, Diff: 3.7, Sum: 42.9]
      [GC Worker End (ms): Min: 4824.2, Avg: 4824.2, Max: 4824.4, Diff: 0.2]
   [Code Root Fixup: 0.0 ms]
   [Code Root Purge: 0.0 ms]
   [Clear CT: 0.1 ms]
   [Other: 3.4 ms]
      [Choose CSet: 0.0 ms]
      [Ref Proc: 2.4 ms]
      [Ref Enq: 0.2 ms]
      [Redirty Cards: 0.1 ms]
      [Humongous Register: 0.0 ms]
      [Humongous Reclaim: 0.0 ms]
      [Free CSet: 0.1 ms]
   [Eden: 65536.0K(464.0M)->0.0B(938.0M) Survivors: 13312.0K->12288.0K Heap: 78338.0K(1868.0M)->11776.0K(1868.0M)]
Heap after GC invocations=3 (full 0):
 garbage-first heap   total 1912832K, used 11775K [0x000000008b400000, 0x000000008b503a60, 0x0000000100000000)
  region size 1024K, 12 young (12288K), 12 survivors (12288K)
 Metaspace       used 20655K, capacity 21140K, committed 21248K, reserved 1067008K
  class space    used 2543K, capacity 2711K, committed 2816K, reserved 1048576K
}
 [Times: user=0.05 sys=0.01, real=0.01 secs] 
2020-07-20T09:09:28.892+0000: 4.828: [GC concurrent-root-region-scan-start]
2020-07-20T09:09:28.892+0000: 4.828: Total time for which application threads were stopped: 0.0161011 seconds, Stopping threads took: 0.0000510 seconds
2020-07-20T09:09:28.901+0000: 4.837: [GC concurrent-root-region-scan-end, 0.0088060 secs]
2020-07-20T09:09:28.901+0000: 4.837: [GC concurrent-mark-start]
2020-07-20T09:09:28.904+0000: 4.839: [GC concurrent-mark-end, 0.0027213 secs]
2020-07-20T09:09:28.904+0000: 4.840: [GC remark 2020-07-20T09:09:28.904+0000: 4.840: [Finalize Marking, 0.0004355 secs] 2020-07-20T09:09:28.904+0000: 4.840: [GC ref-proc, 0.0025946 secs] 2020-07-20T09:09:28.907+0000: 4.843: [Unloading, 0.0094298 secs], 0.0128959 secs]
 [Times: user=0.04 sys=0.00, real=0.01 secs] 
2020-07-20T09:09:28.917+0000: 4.852: Total time for which application threads were stopped: 0.0130553 seconds, Stopping threads took: 0.0000515 seconds
2020-07-20T09:09:28.917+0000: 4.853: [GC cleanup 13313K->13313K(1868M), 0.0029545 secs]
 [Times: user=0.00 sys=0.00, real=0.00 secs] 
2020-07-20T09:09:28.920+0000: 4.856: Total time for which application threads were stopped: 0.0030704 seconds, Stopping threads took: 0.0000247 seconds
2020-07-20T09:09:29.231+0000: 5.167: Total time for which application threads were stopped: 0.0004056 seconds, Stopping threads took: 0.0000432 seconds
2020-07-20T09:09:29.340+0000: 5.276: Total time for which application threads were stopped: 0.0004406 seconds, Stopping threads took: 0.0000705 seconds
2020-07-20T09:09:29.765+0000: 5.701: Total time for which application threads were stopped: 0.0004597 seconds, Stopping threads took: 0.0000586 seconds
2020-07-20T09:09:29.866+0000: 5.801: Total time for which application threads were stopped: 0.0003708 seconds, Stopping threads took: 0.0000288 seconds
2020-07-20T09:09:30.156+0000: 6.091: Total time for which application threads were stopped: 0.0004910 seconds, Stopping threads took: 0.0000787 seconds
{Heap before GC invocations=4 (full 0):
 garbage-first heap   total 1912832K, used 291840K [0x000000008b400000, 0x000000008b503a60, 0x0000000100000000)
  region size 1024K, 285 young (291840K), 12 survivors (12288K)
 Metaspace       used 34644K, capacity 35703K, committed 35840K, reserved 1081344K
  class space    used 4240K, capacity 4537K, committed 4608K, reserved 1048576K
2020-07-20T09:09:30.751+0000: 6.687: [GC pause (Metadata GC Threshold) (young) (initial-mark)
Desired survivor size 62390272 bytes, new threshold 15 (max 15)
- age   1:     889872 bytes,     889872 total
- age   2:    3733184 bytes,    4623056 total
- age   3:    3460248 bytes,    8083304 total
, 0.0340607 secs]
   [Parallel Time: 29.7 ms, GC Workers: 4]
      [GC Worker Start (ms): Min: 6687.0, Avg: 6688.2, Max: 6688.6, Diff: 1.6]
      [Ext Root Scanning (ms): Min: 3.5, Avg: 4.1, Max: 5.4, Diff: 1.9, Sum: 16.3]
      [Update RS (ms): Min: 0.0, Avg: 0.0, Max: 0.0, Diff: 0.0, Sum: 0.0]
         [Processed Buffers: Min: 0, Avg: 0.0, Max: 0, Diff: 0, Sum: 0]
      [Scan RS (ms): Min: 0.0, Avg: 0.1, Max: 0.1, Diff: 0.1, Sum: 0.2]
      [Code Root Scanning (ms): Min: 0.2, Avg: 1.1, Max: 1.8, Diff: 1.6, Sum: 4.2]
      [Object Copy (ms): Min: 15.2, Avg: 16.9, Max: 19.9, Diff: 4.7, Sum: 67.7]
      [Termination (ms): Min: 0.0, Avg: 3.3, Max: 7.0, Diff: 7.0, Sum: 13.1]
         [Termination Attempts: Min: 1, Avg: 1.0, Max: 1, Diff: 0, Sum: 4]
      [GC Worker Other (ms): Min: 0.0, Avg: 0.0, Max: 0.0, Diff: 0.0, Sum: 0.1]
      [GC Worker Total (ms): Min: 23.9, Avg: 25.4, Max: 27.9, Diff: 4.0, Sum: 101.5]
      [GC Worker End (ms): Min: 6712.6, Avg: 6713.6, Max: 6716.6, Diff: 4.0]
   [Code Root Fixup: 0.2 ms]
   [Code Root Purge: 0.0 ms]
   [Clear CT: 0.1 ms]
   [Other: 4.1 ms]
      [Choose CSet: 0.0 ms]
      [Ref Proc: 2.6 ms]
      [Ref Enq: 0.1 ms]
      [Redirty Cards: 0.1 ms]
      [Humongous Register: 0.0 ms]
      [Humongous Reclaim: 0.0 ms]
      [Free CSet: 0.3 ms]
   [Eden: 273.0M(938.0M)->0.0B(1089.0M) Survivors: 12288.0K->31744.0K Heap: 286.0M(1868.0M)->32768.0K(1868.0M)]
Heap after GC invocations=5 (full 0):
 garbage-first heap   total 1912832K, used 32768K [0x000000008b400000, 0x000000008b503a60, 0x0000000100000000)
  region size 1024K, 31 young (31744K), 31 survivors (31744K)
 Metaspace       used 34644K, capacity 35703K, committed 35840K, reserved 1081344K
  class space    used 4240K, capacity 4537K, committed 4608K, reserved 1048576K
}
 [Times: user=0.11 sys=0.00, real=0.04 secs] 
2020-07-20T09:09:30.785+0000: 6.721: [GC concurrent-root-region-scan-start]
2020-07-20T09:09:30.785+0000: 6.721: Total time for which application threads were stopped: 0.0355218 seconds, Stopping threads took: 0.0001756 seconds
2020-07-20T09:09:30.802+0000: 6.738: [GC concurrent-root-region-scan-end, 0.0169901 secs]
2020-07-20T09:09:30.802+0000: 6.738: [GC concurrent-mark-start]
2020-07-20T09:09:30.807+0000: 6.743: [GC concurrent-mark-end, 0.0055188 secs]
2020-07-20T09:09:30.808+0000: 6.744: [GC remark 2020-07-20T09:09:30.808+0000: 6.744: [Finalize Marking, 0.0002427 secs] 2020-07-20T09:09:30.808+0000: 6.744: [GC ref-proc, 0.0017262 secs] 2020-07-20T09:09:30.810+0000: 6.746: [Unloading, 0.0081393 secs], 0.0104853 secs]
 [Times: user=0.03 sys=0.01, real=0.01 secs] 
2020-07-20T09:09:30.819+0000: 6.755: Total time for which application threads were stopped: 0.0112448 seconds, Stopping threads took: 0.0001757 seconds
2020-07-20T09:09:30.819+0000: 6.755: [GC cleanup 37378K->37378K(1868M), 0.0018834 secs]
 [Times: user=0.01 sys=0.00, real=0.01 secs] 
2020-07-20T09:09:30.821+0000: 6.757: Total time for which application threads were stopped: 0.0024083 seconds, Stopping threads took: 0.0000809 seconds
2020-07-20T09:09:30.897+0000: 6.833: Total time for which application threads were stopped: 0.0074716 seconds, Stopping threads took: 0.0064506 seconds
2020-07-20T09:09:31.481+0000: 7.417: Total time for which application threads were stopped: 0.0012560 seconds, Stopping threads took: 0.0001113 seconds
2020-07-20T09:09:31.500+0000: 7.436: Total time for which application threads were stopped: 0.0007242 seconds, Stopping threads took: 0.0000767 seconds
2020-07-20T09:09:31.574+0000: 7.510: Total time for which application threads were stopped: 0.0010797 seconds, Stopping threads took: 0.0001072 seconds
2020-07-20T09:09:31.989+0000: 7.925: Total time for which application threads were stopped: 0.0007160 seconds, Stopping threads took: 0.0001257 seconds
2020-07-20T09:09:32.740+0000: 8.676: Total time for which application threads were stopped: 0.0014392 seconds, Stopping threads took: 0.0001357 seconds
{Heap before GC invocations=6 (full 0):
 garbage-first heap   total 1912832K, used 1147904K [0x000000008b400000, 0x000000008b503a60, 0x0000000100000000)
  region size 1024K, 1120 young (1146880K), 31 survivors (31744K)
 Metaspace       used 53969K, capacity 55551K, committed 55808K, reserved 1097728K
  class space    used 7285K, capacity 7669K, committed 7680K, reserved 1048576K
2020-07-20T09:09:35.550+0000: 11.485: [GC pause (G1 Evacuation Pause) (young)
Desired survivor size 73400320 bytes, new threshold 15 (max 15)
- age   1:    9785792 bytes,    9785792 total
- age   2:     753560 bytes,   10539352 total
- age   3:    3657736 bytes,   14197088 total
- age   4:    3388008 bytes,   17585096 total
, 0.0866666 secs]
   [Parallel Time: 80.3 ms, GC Workers: 4]
      [GC Worker Start (ms): Min: 11486.2, Avg: 11486.2, Max: 11486.3, Diff: 0.1]
      [Ext Root Scanning (ms): Min: 3.3, Avg: 3.9, Max: 5.2, Diff: 1.9, Sum: 15.6]
      [Update RS (ms): Min: 0.0, Avg: 0.0, Max: 0.0, Diff: 0.0, Sum: 0.0]
         [Processed Buffers: Min: 0, Avg: 0.0, Max: 0, Diff: 0, Sum: 0]
      [Scan RS (ms): Min: 0.2, Avg: 0.2, Max: 0.3, Diff: 0.0, Sum: 0.9]
      [Code Root Scanning (ms): Min: 0.7, Avg: 3.8, Max: 10.6, Diff: 10.0, Sum: 15.4]
      [Object Copy (ms): Min: 65.6, Avg: 72.1, Max: 75.8, Diff: 10.2, Sum: 288.5]
      [Termination (ms): Min: 0.0, Avg: 0.0, Max: 0.0, Diff: 0.0, Sum: 0.0]
         [Termination Attempts: Min: 1, Avg: 1.0, Max: 1, Diff: 0, Sum: 4]
      [GC Worker Other (ms): Min: 0.0, Avg: 0.1, Max: 0.1, Diff: 0.0, Sum: 0.2]
      [GC Worker Total (ms): Min: 80.1, Avg: 80.2, Max: 80.2, Diff: 0.1, Sum: 320.6]
      [GC Worker End (ms): Min: 11566.4, Avg: 11566.4, Max: 11566.4, Diff: 0.0]
   [Code Root Fixup: 0.3 ms]
   [Code Root Purge: 0.0 ms]
   [Clear CT: 0.3 ms]
   [Other: 5.7 ms]
      [Choose CSet: 0.0 ms]
      [Ref Proc: 3.5 ms]
      [Ref Enq: 0.1 ms]
      [Redirty Cards: 0.1 ms]
      [Humongous Register: 0.1 ms]
      [Humongous Reclaim: 0.0 ms]
      [Free CSet: 1.1 ms]
   [Eden: 1089.0M(1089.0M)->0.0B(929.0M) Survivors: 31744.0K->96256.0K Heap: 1121.0M(1868.0M)->97280.0K(1868.0M)]
Heap after GC invocations=7 (full 0):
 garbage-first heap   total 1912832K, used 97280K [0x000000008b400000, 0x000000008b503a60, 0x0000000100000000)
  region size 1024K, 94 young (96256K), 94 survivors (96256K)
 Metaspace       used 53969K, capacity 55551K, committed 55808K, reserved 1097728K
  class space    used 7285K, capacity 7669K, committed 7680K, reserved 1048576K
}
 [Times: user=0.33 sys=0.00, real=0.09 secs] 
2020-07-20T09:09:35.637+0000: 11.572: Total time for which application threads were stopped: 0.0877191 seconds, Stopping threads took: 0.0001195 seconds
{Heap before GC invocations=7 (full 0):
 garbage-first heap   total 1912832K, used 279552K [0x000000008b400000, 0x000000008b503a60, 0x0000000100000000)
  region size 1024K, 273 young (279552K), 94 survivors (96256K)
 Metaspace       used 58505K, capacity 60015K, committed 60160K, reserved 1101824K
  class space    used 7949K, capacity 8321K, committed 8448K, reserved 1048576K
2020-07-20T09:09:36.340+0000: 12.276: [GC pause (Metadata GC Threshold) (young) (initial-mark)
Desired survivor size 67108864 bytes, new threshold 2 (max 15)
- age   1:   60085032 bytes,   60085032 total
- age   2:    9432856 bytes,   69517888 total
- age   3:     742024 bytes,   70259912 total
- age   4:    3637600 bytes,   73897512 total
- age   5:    3380384 bytes,   77277896 total
, 0.1001512 secs]
   [Parallel Time: 96.1 ms, GC Workers: 4]
      [GC Worker Start (ms): Min: 12276.5, Avg: 12276.5, Max: 12276.6, Diff: 0.1]
      [Ext Root Scanning (ms): Min: 3.8, Avg: 4.3, Max: 5.1, Diff: 1.3, Sum: 17.1]
      [Update RS (ms): Min: 0.0, Avg: 0.0, Max: 0.0, Diff: 0.0, Sum: 0.0]
         [Processed Buffers: Min: 0, Avg: 0.0, Max: 0, Diff: 0, Sum: 0]
      [Scan RS (ms): Min: 0.0, Avg: 0.1, Max: 0.1, Diff: 0.1, Sum: 0.2]
      [Code Root Scanning (ms): Min: 0.0, Avg: 1.9, Max: 3.0, Diff: 3.0, Sum: 7.8]
      [Object Copy (ms): Min: 87.7, Avg: 89.6, Max: 92.0, Diff: 4.3, Sum: 358.4]
      [Termination (ms): Min: 0.0, Avg: 0.0, Max: 0.0, Diff: 0.0, Sum: 0.0]
         [Termination Attempts: Min: 1, Avg: 9.0, Max: 15, Diff: 14, Sum: 36]
      [GC Worker Other (ms): Min: 0.0, Avg: 0.0, Max: 0.0, Diff: 0.0, Sum: 0.1]
      [GC Worker Total (ms): Min: 95.8, Avg: 95.9, Max: 95.9, Diff: 0.1, Sum: 383.6]
      [GC Worker End (ms): Min: 12372.4, Avg: 12372.4, Max: 12372.4, Diff: 0.0]
   [Code Root Fixup: 0.4 ms]
   [Code Root Purge: 0.0 ms]
   [Clear CT: 0.2 ms]
   [Other: 3.4 ms]
      [Choose CSet: 0.0 ms]
      [Ref Proc: 1.9 ms]
      [Ref Enq: 0.1 ms]
      [Redirty Cards: 0.1 ms]
      [Humongous Register: 0.0 ms]
      [Humongous Reclaim: 0.0 ms]
      [Free CSet: 0.4 ms]
   [Eden: 179.0M(929.0M)->0.0B(310.0M) Survivors: 96256.0K->81920.0K Heap: 274.0M(1868.0M)->100090.5K(1868.0M)]
Heap after GC invocations=8 (full 0):
 garbage-first heap   total 1912832K, used 100090K [0x000000008b400000, 0x000000008b503a60, 0x0000000100000000)
  region size 1024K, 80 young (81920K), 80 survivors (81920K)
 Metaspace       used 58505K, capacity 60015K, committed 60160K, reserved 1101824K
  class space    used 7949K, capacity 8321K, committed 8448K, reserved 1048576K
}
 [Times: user=0.39 sys=0.01, real=0.10 secs] 
2020-07-20T09:09:36.440+0000: 12.376: [GC concurrent-root-region-scan-start]
2020-07-20T09:09:36.441+0000: 12.377: Total time for which application threads were stopped: 0.1013578 seconds, Stopping threads took: 0.0001181 seconds
2020-07-20T09:09:36.535+0000: 12.471: Total time for which application threads were stopped: 0.0072172 seconds, Stopping threads took: 0.0065319 seconds
2020-07-20T09:09:36.568+0000: 12.503: [GC concurrent-root-region-scan-end, 0.1270749 secs]
2020-07-20T09:09:36.568+0000: 12.503: [GC concurrent-mark-start]
2020-07-20T09:09:36.575+0000: 12.511: Total time for which application threads were stopped: 0.0012678 seconds, Stopping threads took: 0.0001134 seconds
2020-07-20T09:09:36.604+0000: 12.540: Total time for which application threads were stopped: 0.0006583 seconds, Stopping threads took: 0.0000711 seconds
2020-07-20T09:09:36.615+0000: 12.551: Total time for which application threads were stopped: 0.0008252 seconds, Stopping threads took: 0.0000688 seconds
2020-07-20T09:09:36.621+0000: 12.557: [GC concurrent-mark-end, 0.0533416 secs]
2020-07-20T09:09:36.621+0000: 12.557: [GC remark 2020-07-20T09:09:36.621+0000: 12.557: [Finalize Marking, 0.0002490 secs] 2020-07-20T09:09:36.622+0000: 12.557: [GC ref-proc, 0.0034914 secs] 2020-07-20T09:09:36.625+0000: 12.561: [Unloading, 0.0111701 secs], 0.0155091 secs]
 [Times: user=0.04 sys=0.00, real=0.01 secs] 
2020-07-20T09:09:36.637+0000: 12.573: Total time for which application threads were stopped: 0.0160577 seconds, Stopping threads took: 0.0000914 seconds
2020-07-20T09:09:36.638+0000: 12.573: [GC cleanup 118M->118M(1868M), 0.0016291 secs]
 [Times: user=0.01 sys=0.00, real=0.00 secs] 
2020-07-20T09:09:36.639+0000: 12.575: Total time for which application threads were stopped: 0.0021743 seconds, Stopping threads took: 0.0000601 seconds
2020-07-20T09:09:36.716+0000: 12.652: Total time for which application threads were stopped: 0.0012572 seconds, Stopping threads took: 0.0001083 seconds
2020-07-20T09:09:36.837+0000: 12.772: Total time for which application threads were stopped: 0.0012780 seconds, Stopping threads took: 0.0001284 seconds
2020-07-20T09:09:36.944+0000: 12.880: Total time for which application threads were stopped: 0.0013318 seconds, Stopping threads took: 0.0001825 seconds
2020-07-20T09:09:36.967+0000: 12.903: Total time for which application threads were stopped: 0.0007972 seconds, Stopping threads took: 0.0000902 seconds
2020-07-20T09:09:37.035+0000: 12.971: Total time for which application threads were stopped: 0.0011692 seconds, Stopping threads took: 0.0001104 seconds
{Heap before GC invocations=9 (full 0):
 garbage-first heap   total 1912832K, used 228090K [0x000000008b400000, 0x000000008b503a60, 0x0000000100000000)
  region size 1024K, 205 young (209920K), 80 survivors (81920K)
 Metaspace       used 65040K, capacity 66805K, committed 67020K, reserved 1107968K
  class space    used 8845K, capacity 9298K, committed 9420K, reserved 1048576K
2020-07-20T09:09:37.721+0000: 13.657: [GC pause (G1 Evacuation Pause) (young) (initial-mark)
Desired survivor size 13631488 bytes, new threshold 1 (max 15)
- age   1:   19673360 bytes,   19673360 total
- age   2:   59773424 bytes,   79446784 total
, 0.0947843 secs]
   [Parallel Time: 91.4 ms, GC Workers: 4]
      [GC Worker Start (ms): Min: 13657.6, Avg: 13657.7, Max: 13657.7, Diff: 0.1]
      [Ext Root Scanning (ms): Min: 4.9, Avg: 5.0, Max: 5.3, Diff: 0.4, Sum: 20.0]
      [Update RS (ms): Min: 0.6, Avg: 0.8, Max: 1.1, Diff: 0.4, Sum: 3.0]
         [Processed Buffers: Min: 1, Avg: 5.0, Max: 10, Diff: 9, Sum: 20]
      [Scan RS (ms): Min: 0.4, Avg: 0.8, Max: 0.9, Diff: 0.5, Sum: 3.0]
      [Code Root Scanning (ms): Min: 0.0, Avg: 0.3, Max: 0.5, Diff: 0.5, Sum: 1.1]
      [Object Copy (ms): Min: 84.0, Avg: 84.3, Max: 84.6, Diff: 0.6, Sum: 337.3]
      [Termination (ms): Min: 0.0, Avg: 0.0, Max: 0.0, Diff: 0.0, Sum: 0.0]
         [Termination Attempts: Min: 1, Avg: 4.2, Max: 7, Diff: 6, Sum: 17]
      [GC Worker Other (ms): Min: 0.0, Avg: 0.0, Max: 0.1, Diff: 0.1, Sum: 0.2]
      [GC Worker Total (ms): Min: 91.1, Avg: 91.1, Max: 91.2, Diff: 0.1, Sum: 364.6]
      [GC Worker End (ms): Min: 13748.8, Avg: 13748.8, Max: 13748.8, Diff: 0.0]
   [Code Root Fixup: 0.0 ms]
   [Code Root Purge: 0.0 ms]
   [Clear CT: 0.1 ms]
   [Other: 3.2 ms]
      [Choose CSet: 0.0 ms]
      [Ref Proc: 1.8 ms]
      [Ref Enq: 0.1 ms]
      [Redirty Cards: 0.3 ms]
      [Humongous Register: 0.0 ms]
      [Humongous Reclaim: 0.0 ms]
      [Free CSet: 0.2 ms]
   [Eden: 125.0M(125.0M)->0.0B(1107.0M) Survivors: 81920.0K->13312.0K Heap: 222.7M(1868.0M)->108.0M(1868.0M)]
Heap after GC invocations=10 (full 0):
 garbage-first heap   total 1912832K, used 110592K [0x000000008b400000, 0x000000008b503a60, 0x0000000100000000)
  region size 1024K, 13 young (13312K), 13 survivors (13312K)
 Metaspace       used 65040K, capacity 66805K, committed 67020K, reserved 1107968K
  class space    used 8845K, capacity 9298K, committed 9420K, reserved 1048576K
}
 [Times: user=0.36 sys=0.00, real=0.09 secs] 
2020-07-20T09:09:37.816+0000: 13.752: [GC concurrent-root-region-scan-start]
2020-07-20T09:09:37.816+0000: 13.752: Total time for which application threads were stopped: 0.0959000 seconds, Stopping threads took: 0.0001852 seconds
2020-07-20T09:09:37.827+0000: 13.763: [GC concurrent-root-region-scan-end, 0.0110511 secs]
2020-07-20T09:09:37.827+0000: 13.763: [GC concurrent-mark-start]
2020-07-20T09:09:38.455+0000: 14.391: [GC concurrent-mark-end, 0.6274249 secs]
2020-07-20T09:09:38.456+0000: 14.391: [GC remark 2020-07-20T09:09:38.456+0000: 14.391: [Finalize Marking, 0.0003552 secs] 2020-07-20T09:09:38.456+0000: 14.392: [GC ref-proc, 0.0027832 secs] 2020-07-20T09:09:38.459+0000: 14.395: [Unloading, 0.0129268 secs], 0.0168610 secs]
 [Times: user=0.05 sys=0.01, real=0.01 secs] 
2020-07-20T09:09:38.473+0000: 14.408: Total time for which application threads were stopped: 0.0177203 seconds, Stopping threads took: 0.0001489 seconds
2020-07-20T09:09:38.473+0000: 14.409: [GC cleanup 176M->176M(1868M), 0.0016663 secs]
 [Times: user=0.01 sys=0.00, real=0.00 secs] 
2020-07-20T09:09:38.475+0000: 14.411: Total time for which application threads were stopped: 0.0022656 seconds, Stopping threads took: 0.0000633 seconds
2020-07-20T09:09:39.905+0000: 15.841: Total time for which application threads were stopped: 0.0070621 seconds, Stopping threads took: 0.0063647 seconds
2020-07-20T09:09:40.088+0000: 16.023: Total time for which application threads were stopped: 0.0014234 seconds, Stopping threads took: 0.0001419 seconds
2020-07-20T09:09:40.421+0000: 16.357: Total time for which application threads were stopped: 0.0015330 seconds, Stopping threads took: 0.0001355 seconds
2020-07-20T09:09:40.679+0000: 16.615: Total time for which application threads were stopped: 0.0015034 seconds, Stopping threads took: 0.0001363 seconds
2020-07-20T09:09:40.682+0000: 16.618: Total time for which application threads were stopped: 0.0008574 seconds, Stopping threads took: 0.0000927 seconds
2020-07-20T09:09:41.201+0000: 17.136: Total time for which application threads were stopped: 0.0015863 seconds, Stopping threads took: 0.0001143 seconds
2020-07-20T09:10:01.625+0000: 37.561: Total time for which application threads were stopped: 0.0017277 seconds, Stopping threads took: 0.0001301 seconds
2020-07-20T09:10:01.774+0000: 37.710: Total time for which application threads were stopped: 0.0016282 seconds, Stopping threads took: 0.0001387 seconds
2020-07-20T09:10:02.395+0000: 38.331: Total time for which application threads were stopped: 0.0008061 seconds, Stopping threads took: 0.0001066 seconds
2020-07-20T09:10:02.687+0000: 38.623: Total time for which application threads were stopped: 0.0008035 seconds, Stopping threads took: 0.0001538 seconds
2020-07-20T09:10:02.703+0000: 38.639: Total time for which application threads were stopped: 0.0013919 seconds, Stopping threads took: 0.0001217 seconds
2020-07-20T09:10:02.950+0000: 38.886: Total time for which application threads were stopped: 0.0008152 seconds, Stopping threads took: 0.0001441 seconds
2020-07-20T09:10:03.258+0000: 39.193: Total time for which application threads were stopped: 0.0035181 seconds, Stopping threads took: 0.0028172 seconds
2020-07-20T09:10:03.551+0000: 39.487: Total time for which application threads were stopped: 0.0009341 seconds, Stopping threads took: 0.0002175 seconds
2020-07-20T09:10:03.610+0000: 39.546: Total time for which application threads were stopped: 0.0033110 seconds, Stopping threads took: 0.0017300 seconds
2020-07-20T09:10:03.616+0000: 39.552: Total time for which application threads were stopped: 0.0011233 seconds, Stopping threads took: 0.0001702 seconds
2020-07-20T09:10:03.630+0000: 39.566: Total time for which application threads were stopped: 0.0011304 seconds, Stopping threads took: 0.0001606 seconds
2020-07-20T09:10:04.047+0000: 39.983: Total time for which application threads were stopped: 0.0018921 seconds, Stopping threads took: 0.0001403 seconds
2020-07-20T09:10:04.077+0000: 40.013: Total time for which application threads were stopped: 0.0020566 seconds, Stopping threads took: 0.0001772 seconds
2020-07-20T09:10:04.162+0000: 40.098: Total time for which application threads were stopped: 0.0016828 seconds, Stopping threads took: 0.0001551 seconds
2020-07-20T09:10:04.290+0000: 40.226: Total time for which application threads were stopped: 0.0018121 seconds, Stopping threads took: 0.0001373 seconds
2020-07-20T09:10:04.585+0000: 40.521: Total time for which application threads were stopped: 0.0009535 seconds, Stopping threads took: 0.0002086 seconds
2020-07-20T09:10:14.863+0000: 50.799: Total time for which application threads were stopped: 0.0009189 seconds, Stopping threads took: 0.0001401 seconds
2020-07-20T09:10:15.188+0000: 51.124: Total time for which application threads were stopped: 0.0019996 seconds, Stopping threads took: 0.0008672 seconds
2020-07-20T09:10:15.416+0000: 51.352: Total time for which application threads were stopped: 0.0009377 seconds, Stopping threads took: 0.0001830 seconds
2020-07-20T09:10:15.484+0000: 51.420: Total time for which application threads were stopped: 0.0116004 seconds, Stopping threads took: 0.0076901 seconds
2020-07-20T09:10:15.585+0000: 51.520: Total time for which application threads were stopped: 0.0095703 seconds, Stopping threads took: 0.0078054 seconds
2020-07-20T09:10:15.631+0000: 51.567: Total time for which application threads were stopped: 0.0019574 seconds, Stopping threads took: 0.0001853 seconds
2020-07-20T09:10:16.128+0000: 52.064: Total time for which application threads were stopped: 0.0021337 seconds, Stopping threads took: 0.0001444 seconds
{Heap before GC invocations=11 (full 0):
 garbage-first heap   total 1912832K, used 1376258K [0x000000008b400000, 0x000000008b503a60, 0x0000000100000000)
  region size 1024K, 1087 young (1113088K), 13 survivors (13312K)
 Metaspace       used 85159K, capacity 90583K, committed 90700K, reserved 1126400K
  class space    used 11696K, capacity 12782K, committed 12876K, reserved 1048576K
2020-07-20T09:10:16.563+0000: 52.499: [GC pause (G1 Evacuation Pause) (young)
Desired survivor size 64487424 bytes, new threshold 15 (max 15)
- age   1:    5992936 bytes,    5992936 total
, 0.0484740 secs]
   [Parallel Time: 41.7 ms, GC Workers: 4]
      [GC Worker Start (ms): Min: 52499.3, Avg: 52499.4, Max: 52499.4, Diff: 0.1]
      [Ext Root Scanning (ms): Min: 3.9, Avg: 4.7, Max: 6.4, Diff: 2.6, Sum: 19.0]
      [Update RS (ms): Min: 1.3, Avg: 1.4, Max: 1.5, Diff: 0.2, Sum: 5.6]
         [Processed Buffers: Min: 4, Avg: 11.0, Max: 21, Diff: 17, Sum: 44]
      [Scan RS (ms): Min: 2.3, Avg: 2.6, Max: 2.8, Diff: 0.6, Sum: 10.5]
      [Code Root Scanning (ms): Min: 0.7, Avg: 1.0, Max: 1.3, Diff: 0.6, Sum: 4.0]
      [Object Copy (ms): Min: 29.9, Avg: 31.7, Max: 32.5, Diff: 2.6, Sum: 126.8]
      [Termination (ms): Min: 0.0, Avg: 0.0, Max: 0.0, Diff: 0.0, Sum: 0.1]
         [Termination Attempts: Min: 1, Avg: 56.0, Max: 78, Diff: 77, Sum: 224]
      [GC Worker Other (ms): Min: 0.0, Avg: 0.1, Max: 0.1, Diff: 0.0, Sum: 0.2]
      [GC Worker Total (ms): Min: 41.5, Avg: 41.5, Max: 41.6, Diff: 0.1, Sum: 166.2]
      [GC Worker End (ms): Min: 52540.9, Avg: 52540.9, Max: 52540.9, Diff: 0.0]
   [Code Root Fixup: 0.1 ms]
   [Code Root Purge: 0.1 ms]
   [Clear CT: 0.4 ms]
   [Other: 6.2 ms]
      [Choose CSet: 0.0 ms]
      [Ref Proc: 4.0 ms]
      [Ref Enq: 0.1 ms]
      [Redirty Cards: 0.1 ms]
      [Humongous Register: 0.1 ms]
      [Humongous Reclaim: 0.5 ms]
      [Free CSet: 1.0 ms]
   [Eden: 1074.0M(971.0M)->0.0B(1052.0M) Survivors: 13312.0K->69632.0K Heap: 1344.0M(1868.0M)->163.0M(1868.0M)]
Heap after GC invocations=12 (full 0):
 garbage-first heap   total 1912832K, used 166912K [0x000000008b400000, 0x000000008b503a60, 0x0000000100000000)
  region size 1024K, 68 young (69632K), 68 survivors (69632K)
 Metaspace       used 85159K, capacity 90583K, committed 90700K, reserved 1126400K
  class space    used 11696K, capacity 12782K, committed 12876K, reserved 1048576K
}
 [Times: user=0.18 sys=0.00, real=0.04 secs] 
2020-07-20T09:10:16.612+0000: 52.548: Total time for which application threads were stopped: 0.0496704 seconds, Stopping threads took: 0.0002029 seconds
2020-07-20T09:10:17.135+0000: 53.071: Total time for which application threads were stopped: 0.0055070 seconds, Stopping threads took: 0.0033978 seconds
2020-07-20T09:10:17.139+0000: 53.075: Total time for which application threads were stopped: 0.0010497 seconds, Stopping threads took: 0.0000586 seconds
2020-07-20T09:10:17.711+0000: 53.646: Total time for which application threads were stopped: 0.0045958 seconds, Stopping threads took: 0.0027190 seconds
{Heap before GC invocations=12 (full 0):
 garbage-first heap   total 1912832K, used 549975K [0x000000008b400000, 0x000000008b503a60, 0x0000000100000000)
  region size 1024K, 437 young (447488K), 68 survivors (69632K)
 Metaspace       used 91291K, capacity 96931K, committed 96972K, reserved 1132544K
  class space    used 12358K, capacity 13479K, committed 13516K, reserved 1048576K
2020-07-20T09:10:18.664+0000: 54.600: [GC pause (G1 Evacuation Pause) (young)
Desired survivor size 12058624 bytes, new threshold 1 (max 15)
- age   1:   48528496 bytes,   48528496 total
- age   2:    5346392 bytes,   53874888 total
, 0.0543077 secs]
   [Parallel Time: 50.3 ms, GC Workers: 4]
      [GC Worker Start (ms): Min: 54600.5, Avg: 54600.5, Max: 54600.5, Diff: 0.1]
      [Ext Root Scanning (ms): Min: 3.9, Avg: 4.3, Max: 5.0, Diff: 1.2, Sum: 17.0]
      [Update RS (ms): Min: 1.0, Avg: 1.1, Max: 1.2, Diff: 0.2, Sum: 4.5]
         [Processed Buffers: Min: 2, Avg: 4.8, Max: 12, Diff: 10, Sum: 19]
      [Scan RS (ms): Min: 3.4, Avg: 3.9, Max: 4.5, Diff: 1.1, Sum: 15.4]
      [Code Root Scanning (ms): Min: 0.0, Avg: 0.7, Max: 1.3, Diff: 1.2, Sum: 3.0]
      [Object Copy (ms): Min: 39.4, Avg: 40.1, Max: 40.4, Diff: 1.0, Sum: 160.4]
      [Termination (ms): Min: 0.0, Avg: 0.0, Max: 0.0, Diff: 0.0, Sum: 0.1]
         [Termination Attempts: Min: 1, Avg: 50.0, Max: 72, Diff: 71, Sum: 200]
      [GC Worker Other (ms): Min: 0.0, Avg: 0.0, Max: 0.0, Diff: 0.0, Sum: 0.1]
      [GC Worker Total (ms): Min: 50.1, Avg: 50.1, Max: 50.2, Diff: 0.1, Sum: 200.5]
      [GC Worker End (ms): Min: 54650.6, Avg: 54650.6, Max: 54650.6, Diff: 0.0]
   [Code Root Fixup: 0.1 ms]
   [Code Root Purge: 0.0 ms]
   [Clear CT: 0.2 ms]
   [Other: 3.7 ms]
      [Choose CSet: 0.0 ms]
      [Ref Proc: 2.4 ms]
      [Ref Enq: 0.1 ms]
      [Redirty Cards: 0.2 ms]
      [Humongous Register: 0.1 ms]
      [Humongous Reclaim: 0.0 ms]
      [Free CSet: 0.5 ms]
   [Eden: 369.0M(109.0M)->0.0B(1100.0M) Survivors: 69632.0K->20480.0K Heap: 537.1M(1868.0M)->169.5M(1868.0M)]
Heap after GC invocations=13 (full 0):
 garbage-first heap   total 1912832K, used 173568K [0x000000008b400000, 0x000000008b503a60, 0x0000000100000000)
  region size 1024K, 20 young (20480K), 20 survivors (20480K)
 Metaspace       used 91291K, capacity 96931K, committed 96972K, reserved 1132544K
  class space    used 12358K, capacity 13479K, committed 13516K, reserved 1048576K
}
 [Times: user=0.21 sys=0.00, real=0.05 secs] 
2020-07-20T09:10:18.719+0000: 54.655: Total time for which application threads were stopped: 0.0555337 seconds, Stopping threads took: 0.0001696 seconds
{Heap before GC invocations=13 (full 0):
 garbage-first heap   total 1912832K, used 300544K [0x000000008b400000, 0x000000008b503a60, 0x0000000100000000)
  region size 1024K, 144 young (147456K), 20 survivors (20480K)
 Metaspace       used 91302K, capacity 96937K, committed 97228K, reserved 1132544K
  class space    used 12359K, capacity 13480K, committed 13516K, reserved 1048576K
2020-07-20T09:10:19.264+0000: 55.200: [GC pause (G1 Evacuation Pause) (young)
Desired survivor size 6291456 bytes, new threshold 1 (max 15)
- age   1:   15322824 bytes,   15322824 total
, 0.0540352 secs]
   [Parallel Time: 51.3 ms, GC Workers: 4]
      [GC Worker Start (ms): Min: 55199.7, Avg: 55199.8, Max: 55199.8, Diff: 0.1]
      [Ext Root Scanning (ms): Min: 4.4, Avg: 4.5, Max: 4.7, Diff: 0.2, Sum: 18.1]
      [Update RS (ms): Min: 2.8, Avg: 3.1, Max: 3.3, Diff: 0.5, Sum: 12.6]
         [Processed Buffers: Min: 2, Avg: 3.8, Max: 9, Diff: 7, Sum: 15]
      [Scan RS (ms): Min: 4.5, Avg: 4.6, Max: 4.9, Diff: 0.4, Sum: 18.5]
      [Code Root Scanning (ms): Min: 0.0, Avg: 0.1, Max: 0.2, Diff: 0.2, Sum: 0.3]
      [Object Copy (ms): Min: 38.7, Avg: 38.8, Max: 38.9, Diff: 0.2, Sum: 155.4]
      [Termination (ms): Min: 0.0, Avg: 0.0, Max: 0.0, Diff: 0.0, Sum: 0.1]
         [Termination Attempts: Min: 1, Avg: 55.8, Max: 94, Diff: 93, Sum: 223]
      [GC Worker Other (ms): Min: 0.0, Avg: 0.0, Max: 0.0, Diff: 0.0, Sum: 0.1]
      [GC Worker Total (ms): Min: 51.2, Avg: 51.2, Max: 51.3, Diff: 0.1, Sum: 204.9]
      [GC Worker End (ms): Min: 55251.0, Avg: 55251.0, Max: 55251.0, Diff: 0.0]
   [Code Root Fixup: 0.0 ms]
   [Code Root Purge: 0.0 ms]
   [Clear CT: 0.1 ms]
   [Other: 2.6 ms]
      [Choose CSet: 0.0 ms]
      [Ref Proc: 1.6 ms]
      [Ref Enq: 0.1 ms]
      [Redirty Cards: 0.2 ms]
      [Humongous Register: 0.1 ms]
      [Humongous Reclaim: 0.0 ms]
      [Free CSet: 0.2 ms]
   [Eden: 124.0M(74752.0K)->0.0B(1108.0M) Survivors: 20480.0K->12288.0K Heap: 293.5M(1868.0M)->196.5M(1868.0M)]
Heap after GC invocations=14 (full 0):
 garbage-first heap   total 1912832K, used 201216K [0x000000008b400000, 0x000000008b503a60, 0x0000000100000000)
  region size 1024K, 12 young (12288K), 12 survivors (12288K)
 Metaspace       used 91302K, capacity 96937K, committed 97228K, reserved 1132544K
  class space    used 12359K, capacity 13480K, committed 13516K, reserved 1048576K
}
 [Times: user=0.21 sys=0.00, real=0.05 secs] 
2020-07-20T09:10:19.318+0000: 55.254: Total time for which application threads were stopped: 0.0551328 seconds, Stopping threads took: 0.0001293 seconds
2020-07-20T09:10:21.133+0000: 57.069: Total time for which application threads were stopped: 0.0022299 seconds, Stopping threads took: 0.0001316 seconds
2020-07-20T09:10:21.439+0000: 57.375: Total time for which application threads were stopped: 0.0020974 seconds, Stopping threads took: 0.0001407 seconds
2020-07-20T09:10:21.588+0000: 57.524: Total time for which application threads were stopped: 0.0020053 seconds, Stopping threads took: 0.0001182 seconds
2020-07-20T09:10:21.678+0000: 57.614: Total time for which application threads were stopped: 0.0020596 seconds, Stopping threads took: 0.0001167 seconds
2020-07-20T09:10:21.830+0000: 57.765: Total time for which application threads were stopped: 0.0021181 seconds, Stopping threads took: 0.0001591 seconds
2020-07-20T09:10:22.802+0000: 58.737: Total time for which application threads were stopped: 0.0037409 seconds, Stopping threads took: 0.0029970 seconds
2020-07-20T09:10:23.493+0000: 59.429: Total time for which application threads were stopped: 0.0009205 seconds, Stopping threads took: 0.0001650 seconds
2020-07-20T09:10:24.535+0000: 60.471: Total time for which application threads were stopped: 0.0008632 seconds, Stopping threads took: 0.0001496 seconds
2020-07-20T09:10:24.739+0000: 60.675: Total time for which application threads were stopped: 0.0008837 seconds, Stopping threads took: 0.0001479 seconds
2020-07-20T09:10:25.025+0000: 60.961: Total time for which application threads were stopped: 0.0009921 seconds, Stopping threads took: 0.0001994 seconds
2020-07-20T09:10:25.432+0000: 61.368: Total time for which application threads were stopped: 0.0009183 seconds, Stopping threads took: 0.0001638 seconds
{Heap before GC invocations=14 (full 0):
 garbage-first heap   total 1912832K, used 1275392K [0x000000008b400000, 0x000000008b503a60, 0x0000000100000000)
  region size 1024K, 1022 young (1046528K), 12 survivors (12288K)
 Metaspace       used 107465K, capacity 113499K, committed 113620K, reserved 1146880K
  class space    used 14781K, capacity 15993K, committed 16076K, reserved 1048576K
2020-07-20T09:10:25.441+0000: 61.377: [GC pause (Metadata GC Threshold) (young) (initial-mark)
Desired survivor size 73400320 bytes, new threshold 15 (max 15)
- age   1:   12581248 bytes,   12581248 total
, 0.0578300 secs]
   [Parallel Time: 51.8 ms, GC Workers: 4]
      [GC Worker Start (ms): Min: 61378.0, Avg: 61378.0, Max: 61378.0, Diff: 0.1]
      [Ext Root Scanning (ms): Min: 5.5, Avg: 5.6, Max: 5.9, Diff: 0.4, Sum: 22.6]
      [Update RS (ms): Min: 2.6, Avg: 2.6, Max: 2.6, Diff: 0.1, Sum: 10.4]
         [Processed Buffers: Min: 9, Avg: 16.0, Max: 26, Diff: 17, Sum: 64]
      [Scan RS (ms): Min: 9.7, Avg: 11.8, Max: 17.5, Diff: 7.8, Sum: 47.3]
      [Code Root Scanning (ms): Min: 0.1, Avg: 0.2, Max: 0.3, Diff: 0.2, Sum: 0.9]
      [Object Copy (ms): Min: 25.3, Avg: 31.0, Max: 33.2, Diff: 7.9, Sum: 124.1]
      [Termination (ms): Min: 0.0, Avg: 0.0, Max: 0.0, Diff: 0.0, Sum: 0.0]
         [Termination Attempts: Min: 1, Avg: 1.0, Max: 1, Diff: 0, Sum: 4]
      [GC Worker Other (ms): Min: 0.0, Avg: 0.0, Max: 0.1, Diff: 0.1, Sum: 0.2]
      [GC Worker Total (ms): Min: 51.4, Avg: 51.4, Max: 51.4, Diff: 0.0, Sum: 205.5]
      [GC Worker End (ms): Min: 61429.3, Avg: 61429.3, Max: 61429.4, Diff: 0.1]
   [Code Root Fixup: 0.0 ms]
   [Code Root Purge: 0.0 ms]
   [Clear CT: 0.3 ms]
   [Other: 5.6 ms]
      [Choose CSet: 0.0 ms]
      [Ref Proc: 3.3 ms]
      [Ref Enq: 0.1 ms]
      [Redirty Cards: 0.2 ms]
      [Humongous Register: 0.0 ms]
      [Humongous Reclaim: 0.1 ms]
      [Free CSet: 1.1 ms]
   [Eden: 1010.0M(1108.0M)->0.0B(1060.0M) Survivors: 12288.0K->61440.0K Heap: 1246.5M(1868.0M)->248.5M(1868.0M)]
Heap after GC invocations=15 (full 0):
 garbage-first heap   total 1912832K, used 254464K [0x000000008b400000, 0x000000008b503a60, 0x0000000100000000)
  region size 1024K, 60 young (61440K), 60 survivors (61440K)
 Metaspace       used 107465K, capacity 113499K, committed 113620K, reserved 1146880K
  class space    used 14781K, capacity 15993K, committed 16076K, reserved 1048576K
}
 [Times: user=0.22 sys=0.00, real=0.05 secs] 
2020-07-20T09:10:25.499+0000: 61.435: [GC concurrent-root-region-scan-start]
2020-07-20T09:10:25.500+0000: 61.436: Total time for which application threads were stopped: 0.0593696 seconds, Stopping threads took: 0.0001786 seconds
2020-07-20T09:10:25.597+0000: 61.533: [GC concurrent-root-region-scan-end, 0.0978993 secs]
2020-07-20T09:10:25.597+0000: 61.533: [GC concurrent-mark-start]
2020-07-20T09:10:25.661+0000: 61.596: Total time for which application threads were stopped: 0.0021930 seconds, Stopping threads took: 0.0001549 seconds
2020-07-20T09:10:25.694+0000: 61.630: Total time for which application threads were stopped: 0.0010862 seconds, Stopping threads took: 0.0001854 seconds
2020-07-20T09:10:25.767+0000: 61.703: Total time for which application threads were stopped: 0.0008984 seconds, Stopping threads took: 0.0001258 seconds
2020-07-20T09:10:25.812+0000: 61.748: Total time for which application threads were stopped: 0.0021108 seconds, Stopping threads took: 0.0001213 seconds
2020-07-20T09:10:25.829+0000: 61.765: Total time for which application threads were stopped: 0.0007078 seconds, Stopping threads took: 0.0000999 seconds
2020-07-20T09:10:25.874+0000: 61.810: Total time for which application threads were stopped: 0.0008383 seconds, Stopping threads took: 0.0001377 seconds
2020-07-20T09:10:25.966+0000: 61.901: Total time for which application threads were stopped: 0.0030730 seconds, Stopping threads took: 0.0023034 seconds
2020-07-20T09:10:26.010+0000: 61.945: Total time for which application threads were stopped: 0.0053684 seconds, Stopping threads took: 0.0045675 seconds
2020-07-20T09:10:26.194+0000: 62.130: Total time for which application threads were stopped: 0.0042426 seconds, Stopping threads took: 0.0030875 seconds
2020-07-20T09:10:26.342+0000: 62.278: [GC concurrent-mark-end, 0.7444490 secs]
2020-07-20T09:10:26.345+0000: 62.281: [GC remark 2020-07-20T09:10:26.346+0000: 62.281: [Finalize Marking, 0.0007023 secs] 2020-07-20T09:10:26.346+0000: 62.282: [GC ref-proc, 0.0050906 secs] 2020-07-20T09:10:26.351+0000: 62.287: [Unloading, 0.0321033 secs], 0.0393205 secs]
 [Times: user=0.11 sys=0.00, real=0.04 secs] 
2020-07-20T09:10:26.385+0000: 62.321: Total time for which application threads were stopped: 0.0431875 seconds, Stopping threads took: 0.0030022 seconds
2020-07-20T09:10:26.386+0000: 62.322: [GC cleanup 380M->378M(1868M), 0.0026395 secs]
 [Times: user=0.01 sys=0.00, real=0.00 secs] 
2020-07-20T09:10:26.389+0000: 62.324: Total time for which application threads were stopped: 0.0034077 seconds, Stopping threads took: 0.0001012 seconds
2020-07-20T09:10:26.389+0000: 62.324: [GC concurrent-cleanup-start]
2020-07-20T09:10:26.389+0000: 62.324: [GC concurrent-cleanup-end, 0.0000190 secs]
2020-07-20T09:10:26.771+0000: 62.707: Total time for which application threads were stopped: 0.0056955 seconds, Stopping threads took: 0.0034519 seconds
2020-07-20T09:10:27.091+0000: 63.027: Total time for which application threads were stopped: 0.0041348 seconds, Stopping threads took: 0.0019785 seconds
2020-07-20T09:10:27.096+0000: 63.032: Total time for which application threads were stopped: 0.0011593 seconds, Stopping threads took: 0.0000776 seconds
2020-07-20T09:10:27.098+0000: 63.034: Total time for which application threads were stopped: 0.0011676 seconds, Stopping threads took: 0.0000915 seconds
2020-07-20T09:10:27.113+0000: 63.049: Total time for which application threads were stopped: 0.0012402 seconds, Stopping threads took: 0.0001368 seconds
2020-07-20T09:10:27.125+0000: 63.060: Total time for which application threads were stopped: 0.0026747 seconds, Stopping threads took: 0.0015502 seconds
2020-07-20T09:10:27.379+0000: 63.315: Total time for which application threads were stopped: 0.0023702 seconds, Stopping threads took: 0.0001534 seconds
2020-07-20T09:10:27.386+0000: 63.322: Total time for which application threads were stopped: 0.0011844 seconds, Stopping threads took: 0.0000864 seconds
2020-07-20T09:10:27.417+0000: 63.353: Total time for which application threads were stopped: 0.0013311 seconds, Stopping threads took: 0.0000829 seconds
2020-07-20T09:10:27.810+0000: 63.745: Total time for which application threads were stopped: 0.0023748 seconds, Stopping threads took: 0.0001607 seconds
2020-07-20T09:10:27.852+0000: 63.788: Total time for which application threads were stopped: 0.0018311 seconds, Stopping threads took: 0.0001219 seconds
2020-07-20T09:10:28.430+0000: 64.365: Total time for which application threads were stopped: 0.0023576 seconds, Stopping threads took: 0.0001280 seconds
2020-07-20T09:10:28.599+0000: 64.535: Total time for which application threads were stopped: 0.0023235 seconds, Stopping threads took: 0.0001922 seconds
2020-07-20T09:10:28.711+0000: 64.647: Total time for which application threads were stopped: 0.0062699 seconds, Stopping threads took: 0.0040208 seconds
2020-07-20T09:10:28.816+0000: 64.752: Total time for which application threads were stopped: 0.0023823 seconds, Stopping threads took: 0.0001498 seconds
2020-07-20T09:10:29.807+0000: 65.743: Total time for which application threads were stopped: 0.0023918 seconds, Stopping threads took: 0.0001478 seconds
2020-07-20T09:10:29.975+0000: 65.911: Total time for which application threads were stopped: 0.0009642 seconds, Stopping threads took: 0.0001557 seconds
2020-07-20T09:10:30.076+0000: 66.012: Total time for which application threads were stopped: 0.0009650 seconds, Stopping threads took: 0.0001550 seconds
2020-07-20T09:10:30.170+0000: 66.106: Total time for which application threads were stopped: 0.0010735 seconds, Stopping threads took: 0.0002354 seconds
2020-07-20T09:10:30.794+0000: 66.730: Total time for which application threads were stopped: 0.0020497 seconds, Stopping threads took: 0.0001119 seconds
{Heap before GC invocations=16 (full 0):
 garbage-first heap   total 1912832K, used 1355776K [0x000000008b400000, 0x000000008b503a60, 0x0000000100000000)
  region size 1024K, 1120 young (1146880K), 60 survivors (61440K)
 Metaspace       used 122503K, capacity 128451K, committed 128944K, reserved 1161216K
  class space    used 16685K, capacity 17891K, committed 18096K, reserved 1048576K
2020-07-20T09:10:31.018+0000: 66.953: [GC pause (G1 Evacuation Pause) (young) (initial-mark)
Desired survivor size 73400320 bytes, new threshold 15 (max 15)
- age   1:   33140400 bytes,   33140400 total
- age   2:   11445184 bytes,   44585584 total
, 0.0880133 secs]
   [Parallel Time: 81.1 ms, GC Workers: 4]
      [GC Worker Start (ms): Min: 66954.2, Avg: 66956.5, Max: 66958.8, Diff: 4.6]
      [Ext Root Scanning (ms): Min: 6.3, Avg: 9.9, Max: 15.2, Diff: 8.9, Sum: 39.6]
      [Update RS (ms): Min: 0.9, Avg: 5.4, Max: 13.8, Diff: 12.9, Sum: 21.7]
         [Processed Buffers: Min: 1, Avg: 15.5, Max: 23, Diff: 22, Sum: 62]
      [Scan RS (ms): Min: 4.1, Avg: 14.4, Max: 25.8, Diff: 21.7, Sum: 57.7]
      [Code Root Scanning (ms): Min: 0.1, Avg: 0.4, Max: 0.7, Diff: 0.6, Sum: 1.6]
      [Object Copy (ms): Min: 38.4, Avg: 48.2, Max: 51.8, Diff: 13.4, Sum: 192.9]
      [Termination (ms): Min: 0.0, Avg: 0.0, Max: 0.0, Diff: 0.0, Sum: 0.0]
         [Termination Attempts: Min: 1, Avg: 5.5, Max: 9, Diff: 8, Sum: 22]
      [GC Worker Other (ms): Min: 0.0, Avg: 0.0, Max: 0.1, Diff: 0.0, Sum: 0.1]
      [GC Worker Total (ms): Min: 76.1, Avg: 78.4, Max: 80.7, Diff: 4.6, Sum: 313.6]
      [GC Worker End (ms): Min: 67034.9, Avg: 67034.9, Max: 67034.9, Diff: 0.0]
   [Code Root Fixup: 0.1 ms]
   [Code Root Purge: 0.0 ms]
   [Clear CT: 0.4 ms]
   [Other: 6.5 ms]
      [Choose CSet: 0.0 ms]
      [Ref Proc: 3.8 ms]
      [Ref Enq: 0.1 ms]
      [Redirty Cards: 0.3 ms]
      [Humongous Register: 0.1 ms]
      [Humongous Reclaim: 0.1 ms]
      [Free CSet: 1.4 ms]
   [Eden: 1060.0M(1060.0M)->0.0B(1038.0M) Survivors: 61440.0K->83968.0K Heap: 1324.0M(1868.0M)->264.0M(1868.0M)]
Heap after GC invocations=17 (full 0):
 garbage-first heap   total 1912832K, used 270336K [0x000000008b400000, 0x000000008b503a60, 0x0000000100000000)
  region size 1024K, 82 young (83968K), 82 survivors (83968K)
 Metaspace       used 122503K, capacity 128451K, committed 128944K, reserved 1161216K
  class space    used 16685K, capacity 17891K, committed 18096K, reserved 1048576K
}
 [Times: user=0.27 sys=0.00, real=0.09 secs] 
2020-07-20T09:10:31.106+0000: 67.042: [GC concurrent-root-region-scan-start]
2020-07-20T09:10:31.106+0000: 67.042: Total time for which application threads were stopped: 0.0887108 seconds, Stopping threads took: 0.0000829 seconds
2020-07-20T09:10:31.192+0000: 67.128: [GC concurrent-root-region-scan-end, 0.0865423 secs]
2020-07-20T09:10:31.192+0000: 67.128: [GC concurrent-mark-start]
2020-07-20T09:10:31.193+0000: 67.129: Total time for which application threads were stopped: 0.0019243 seconds, Stopping threads took: 0.0000885 seconds
2020-07-20T09:10:31.194+0000: 67.130: Total time for which application threads were stopped: 0.0008365 seconds, Stopping threads took: 0.0000686 seconds
2020-07-20T09:10:31.401+0000: 67.337: Total time for which application threads were stopped: 0.0019527 seconds, Stopping threads took: 0.0000828 seconds
2020-07-20T09:10:31.431+0000: 67.367: Total time for which application threads were stopped: 0.0017157 seconds, Stopping threads took: 0.0001708 seconds
2020-07-20T09:10:31.634+0000: 67.569: Total time for which application threads were stopped: 0.0021737 seconds, Stopping threads took: 0.0001616 seconds
2020-07-20T09:10:31.894+0000: 67.830: [GC concurrent-mark-end, 0.7014564 secs]
2020-07-20T09:10:31.897+0000: 67.833: [GC remark 2020-07-20T09:10:31.897+0000: 67.833: [Finalize Marking, 0.0003414 secs] 2020-07-20T09:10:31.898+0000: 67.833: [GC ref-proc, 0.0036640 secs] 2020-07-20T09:10:31.901+0000: 67.837: [Unloading, 0.0358633 secs], 0.0417830 secs]
 [Times: user=0.14 sys=0.00, real=0.04 secs] 
2020-07-20T09:10:31.939+0000: 67.875: Total time for which application threads were stopped: 0.0451492 seconds, Stopping threads took: 0.0028161 seconds
2020-07-20T09:10:31.941+0000: 67.877: [GC cleanup 316M->316M(1868M), 0.0035983 secs]
 [Times: user=0.01 sys=0.01, real=0.00 secs] 
2020-07-20T09:10:31.945+0000: 67.881: Total time for which application threads were stopped: 0.0040698 seconds, Stopping threads took: 0.0001327 seconds
2020-07-20T09:10:32.454+0000: 68.389: Total time for which application threads were stopped: 0.0006065 seconds, Stopping threads took: 0.0001063 seconds
2020-07-20T09:10:33.155+0000: 69.091: Total time for which application threads were stopped: 0.0023978 seconds, Stopping threads took: 0.0001007 seconds
2020-07-20T09:10:33.693+0000: 69.629: Total time for which application threads were stopped: 0.0006464 seconds, Stopping threads took: 0.0001410 seconds
2020-07-20T09:10:34.242+0000: 70.178: Total time for which application threads were stopped: 0.0006324 seconds, Stopping threads took: 0.0000996 seconds
2020-07-20T09:10:34.540+0000: 70.476: Total time for which application threads were stopped: 0.0006056 seconds, Stopping threads took: 0.0001083 seconds
2020-07-20T09:10:36.520+0000: 72.455: Total time for which application threads were stopped: 0.0024158 seconds, Stopping threads took: 0.0000774 seconds
2020-07-20T09:10:36.858+0000: 72.794: Total time for which application threads were stopped: 0.0025360 seconds, Stopping threads took: 0.0001051 seconds
2020-07-20T09:10:37.029+0000: 72.964: Total time for which application threads were stopped: 0.0051317 seconds, Stopping threads took: 0.0030569 seconds
2020-07-20T09:10:37.460+0000: 73.396: Total time for which application threads were stopped: 0.0022975 seconds, Stopping threads took: 0.0001171 seconds
2020-07-20T09:10:37.537+0000: 73.473: Total time for which application threads were stopped: 0.0022907 seconds, Stopping threads took: 0.0001532 seconds
2020-07-20T09:10:38.442+0000: 74.378: Total time for which application threads were stopped: 0.0024207 seconds, Stopping threads took: 0.0001239 seconds
2020-07-20T09:10:38.527+0000: 74.462: Total time for which application threads were stopped: 0.0022285 seconds, Stopping threads took: 0.0000876 seconds
2020-07-20T09:10:39.594+0000: 75.530: Total time for which application threads were stopped: 0.0065730 seconds, Stopping threads took: 0.0060533 seconds
2020-07-20T09:10:59.916+0000: 95.852: Total time for which application threads were stopped: 0.0013352 seconds, Stopping threads took: 0.0002932 seconds
2020-07-20T09:11:00.301+0000: 96.236: Total time for which application threads were stopped: 0.0007135 seconds, Stopping threads took: 0.0001341 seconds
2020-07-20T09:11:03.401+0000: 99.337: Total time for which application threads were stopped: 0.0013663 seconds, Stopping threads took: 0.0003268 seconds
{Heap before GC invocations=18 (full 0):
 garbage-first heap   total 1912832K, used 1366016K [0x000000008b400000, 0x000000008b503a60, 0x0000000100000000)
  region size 1024K, 1120 young (1146880K), 82 survivors (83968K)
 Metaspace       used 143371K, capacity 150197K, committed 150448K, reserved 1179648K
  class space    used 19575K, capacity 20890K, committed 20912K, reserved 1048576K
2020-07-20T09:11:28.779+0000: 124.715: [GC pause (G1 Evacuation Pause) (young)
Desired survivor size 73400320 bytes, new threshold 15 (max 15)
- age   1:   25908664 bytes,   25908664 total
- age   2:   28773896 bytes,   54682560 total
- age   3:   11445112 bytes,   66127672 total
, 0.0920283 secs]
   [Parallel Time: 84.2 ms, GC Workers: 4]
      [GC Worker Start (ms): Min: 124715.8, Avg: 124715.9, Max: 124716.2, Diff: 0.4]
      [Ext Root Scanning (ms): Min: 6.5, Avg: 10.5, Max: 19.8, Diff: 13.4, Sum: 42.1]
      [Update RS (ms): Min: 0.0, Avg: 4.0, Max: 5.5, Diff: 5.5, Sum: 16.1]
         [Processed Buffers: Min: 0, Avg: 19.8, Max: 32, Diff: 32, Sum: 79]
      [Scan RS (ms): Min: 15.8, Avg: 18.2, Max: 19.9, Diff: 4.1, Sum: 72.7]
      [Code Root Scanning (ms): Min: 0.8, Avg: 1.7, Max: 4.0, Diff: 3.3, Sum: 6.8]
      [Object Copy (ms): Min: 47.5, Avg: 49.4, Max: 51.3, Diff: 3.8, Sum: 197.7]
      [Termination (ms): Min: 0.0, Avg: 0.0, Max: 0.0, Diff: 0.0, Sum: 0.0]
         [Termination Attempts: Min: 1, Avg: 2.0, Max: 3, Diff: 2, Sum: 8]
      [GC Worker Other (ms): Min: 0.0, Avg: 0.1, Max: 0.1, Diff: 0.1, Sum: 0.4]
      [GC Worker Total (ms): Min: 83.7, Avg: 83.9, Max: 84.0, Diff: 0.3, Sum: 335.7]
      [GC Worker End (ms): Min: 124799.8, Avg: 124799.8, Max: 124799.9, Diff: 0.1]
   [Code Root Fixup: 0.1 ms]
   [Code Root Purge: 0.1 ms]
   [Clear CT: 0.3 ms]
   [Other: 7.3 ms]
      [Choose CSet: 0.0 ms]
      [Ref Proc: 4.6 ms]
      [Ref Enq: 0.1 ms]
      [Redirty Cards: 0.2 ms]
      [Humongous Register: 0.1 ms]
      [Humongous Reclaim: 0.0 ms]
      [Free CSet: 1.3 ms]
   [Eden: 1038.0M(1038.0M)->0.0B(1021.0M) Survivors: 83968.0K->101376.0K Heap: 1334.0M(1868.0M)->313.5M(1868.0M)]
Heap after GC invocations=19 (full 0):
 garbage-first heap   total 1912832K, used 321024K [0x000000008b400000, 0x000000008b503a60, 0x0000000100000000)
  region size 1024K, 99 young (101376K), 99 survivors (101376K)
 Metaspace       used 143371K, capacity 150197K, committed 150448K, reserved 1179648K
  class space    used 19575K, capacity 20890K, committed 20912K, reserved 1048576K
}
 [Times: user=0.32 sys=0.00, real=0.09 secs] 
2020-07-20T09:11:28.871+0000: 124.807: Total time for which application threads were stopped: 0.0937955 seconds, Stopping threads took: 0.0002983 seconds
2020-07-20T09:11:30.446+0000: 126.382: Total time for which application threads were stopped: 0.0006169 seconds, Stopping threads took: 0.0000977 seconds
2020-07-20T09:12:03.406+0000: 159.342: Total time for which application threads were stopped: 0.0014171 seconds, Stopping threads took: 0.0003764 seconds
2020-07-20T09:12:33.410+0000: 189.346: Total time for which application threads were stopped: 0.0012153 seconds, Stopping threads took: 0.0002388 seconds
2020-07-20T09:13:31.023+0000: 246.959: Total time for which application threads were stopped: 0.0072507 seconds, Stopping threads took: 0.0060604 seconds
2020-07-20T09:14:04.326+0000: 280.262: Total time for which application threads were stopped: 0.0015612 seconds, Stopping threads took: 0.0003371 seconds
{Heap before GC invocations=19 (full 0):
 garbage-first heap   total 1912832K, used 1368494K [0x000000008b400000, 0x000000008b503a60, 0x0000000100000000)
  region size 1024K, 1120 young (1146880K), 99 survivors (101376K)
 Metaspace       used 144037K, capacity 150801K, committed 150960K, reserved 1179648K
  class space    used 19584K, capacity 20896K, committed 20912K, reserved 1048576K
2020-07-20T09:14:22.375+0000: 298.311: [GC pause (G1 Evacuation Pause) (young)
Desired survivor size 73400320 bytes, new threshold 4 (max 15)
- age   1:   19299624 bytes,   19299624 total
- age   2:   20050152 bytes,   39349776 total
- age   3:   28641464 bytes,   67991240 total
- age   4:   11445112 bytes,   79436352 total
, 0.0751845 secs]
   [Parallel Time: 70.8 ms, GC Workers: 4]
      [GC Worker Start (ms): Min: 298311.1, Avg: 298311.2, Max: 298311.2, Diff: 0.1]
      [Ext Root Scanning (ms): Min: 4.6, Avg: 6.7, Max: 10.2, Diff: 5.6, Sum: 26.6]
      [Update RS (ms): Min: 0.0, Avg: 1.1, Max: 1.6, Diff: 1.6, Sum: 4.6]
         [Processed Buffers: Min: 0, Avg: 14.0, Max: 27, Diff: 27, Sum: 56]
      [Scan RS (ms): Min: 14.0, Avg: 14.6, Max: 15.4, Diff: 1.4, Sum: 58.6]
      [Code Root Scanning (ms): Min: 0.1, Avg: 1.1, Max: 2.5, Diff: 2.5, Sum: 4.3]
      [Object Copy (ms): Min: 45.0, Avg: 47.0, Max: 48.8, Diff: 3.8, Sum: 187.8]
      [Termination (ms): Min: 0.0, Avg: 0.0, Max: 0.0, Diff: 0.0, Sum: 0.0]
         [Termination Attempts: Min: 1, Avg: 10.5, Max: 15, Diff: 14, Sum: 42]
      [GC Worker Other (ms): Min: 0.0, Avg: 0.1, Max: 0.1, Diff: 0.1, Sum: 0.2]
      [GC Worker Total (ms): Min: 70.5, Avg: 70.6, Max: 70.6, Diff: 0.1, Sum: 282.2]
      [GC Worker End (ms): Min: 298381.7, Avg: 298381.7, Max: 298381.8, Diff: 0.1]
   [Code Root Fixup: 0.2 ms]
   [Code Root Purge: 0.0 ms]
   [Clear CT: 0.3 ms]
   [Other: 3.9 ms]
      [Choose CSet: 0.0 ms]
      [Ref Proc: 1.3 ms]
      [Ref Enq: 0.1 ms]
      [Redirty Cards: 0.2 ms]
      [Humongous Register: 0.1 ms]
      [Humongous Reclaim: 0.1 ms]
      [Free CSet: 1.4 ms]
   [Eden: 1021.0M(1021.0M)->0.0B(1049.0M) Survivors: 101376.0K->72704.0K Heap: 1336.4M(1868.0M)->297.3M(1868.0M)]
Heap after GC invocations=20 (full 0):
 garbage-first heap   total 1912832K, used 304394K [0x000000008b400000, 0x000000008b503a60, 0x0000000100000000)
  region size 1024K, 71 young (72704K), 71 survivors (72704K)
 Metaspace       used 144037K, capacity 150801K, committed 150960K, reserved 1179648K
  class space    used 19584K, capacity 20896K, committed 20912K, reserved 1048576K
}
 [Times: user=0.29 sys=0.00, real=0.07 secs] 
2020-07-20T09:14:22.450+0000: 298.386: Total time for which application threads were stopped: 0.0762359 seconds, Stopping threads took: 0.0001744 seconds
2020-07-20T09:15:50.069+0000: 386.005: Total time for which application threads were stopped: 0.0012306 seconds, Stopping threads took: 0.0002574 seconds
2020-07-20T09:15:51.246+0000: 387.181: Total time for which application threads were stopped: 0.0023183 seconds, Stopping threads took: 0.0017420 seconds
2020-07-20T09:15:54.865+0000: 390.801: Total time for which application threads were stopped: 0.0078379 seconds, Stopping threads took: 0.0001009 seconds
2020-07-20T09:15:54.867+0000: 390.803: Total time for which application threads were stopped: 0.0011292 seconds, Stopping threads took: 0.0000775 seconds
2020-07-20T09:17:12.568+0000: 468.504: Total time for which application threads were stopped: 0.0015342 seconds, Stopping threads took: 0.0003543 seconds
{Heap before GC invocations=20 (full 0):
 garbage-first heap   total 1912832K, used 1399050K [0x000000008b400000, 0x000000008b503a60, 0x0000000100000000)
  region size 1024K, 1120 young (1146880K), 71 survivors (72704K)
 Metaspace       used 145297K, capacity 152241K, committed 152496K, reserved 1181696K
  class space    used 19695K, capacity 21042K, committed 21168K, reserved 1048576K
2020-07-20T09:17:15.464+0000: 471.400: [GC pause (G1 Evacuation Pause) (young)
Desired survivor size 73400320 bytes, new threshold 15 (max 15)
- age   1:    6975336 bytes,    6975336 total
- age   2:   12950160 bytes,   19925496 total
- age   3:   20045080 bytes,   39970576 total
- age   4:   28641368 bytes,   68611944 total
, 0.0796829 secs]
   [Parallel Time: 74.8 ms, GC Workers: 4]
      [GC Worker Start (ms): Min: 471400.6, Avg: 471400.9, Max: 471401.8, Diff: 1.3]
      [Ext Root Scanning (ms): Min: 3.7, Avg: 7.2, Max: 10.9, Diff: 7.2, Sum: 28.7]
      [Update RS (ms): Min: 0.0, Avg: 1.4, Max: 2.6, Diff: 2.6, Sum: 5.8]
         [Processed Buffers: Min: 0, Avg: 16.0, Max: 29, Diff: 29, Sum: 64]
      [Scan RS (ms): Min: 17.2, Avg: 20.4, Max: 22.7, Diff: 5.5, Sum: 81.7]
      [Code Root Scanning (ms): Min: 0.2, Avg: 3.6, Max: 5.8, Diff: 5.6, Sum: 14.5]
      [Object Copy (ms): Min: 39.6, Avg: 41.5, Max: 45.1, Diff: 5.4, Sum: 166.2]
      [Termination (ms): Min: 0.0, Avg: 0.0, Max: 0.0, Diff: 0.0, Sum: 0.0]
         [Termination Attempts: Min: 1, Avg: 3.8, Max: 8, Diff: 7, Sum: 15]
      [GC Worker Other (ms): Min: 0.0, Avg: 0.1, Max: 0.1, Diff: 0.1, Sum: 0.3]
      [GC Worker Total (ms): Min: 73.4, Avg: 74.3, Max: 74.6, Diff: 1.2, Sum: 297.2]
      [GC Worker End (ms): Min: 471475.2, Avg: 471475.2, Max: 471475.3, Diff: 0.1]
   [Code Root Fixup: 0.2 ms]
   [Code Root Purge: 0.0 ms]
   [Clear CT: 0.3 ms]
   [Other: 4.3 ms]
      [Choose CSet: 0.0 ms]
      [Ref Proc: 1.8 ms]
      [Ref Enq: 0.1 ms]
      [Redirty Cards: 0.2 ms]
      [Humongous Register: 0.2 ms]
      [Humongous Reclaim: 0.1 ms]
      [Free CSet: 1.3 ms]
   [Eden: 1049.0M(1049.0M)->0.0B(1047.0M) Survivors: 72704.0K->74752.0K Heap: 1366.3M(1868.0M)->299.8M(1868.0M)]
Heap after GC invocations=21 (full 0):
 garbage-first heap   total 1912832K, used 306954K [0x000000008b400000, 0x000000008b503a60, 0x0000000100000000)
  region size 1024K, 73 young (74752K), 73 survivors (74752K)
 Metaspace       used 145297K, capacity 152241K, committed 152496K, reserved 1181696K
  class space    used 19695K, capacity 21042K, committed 21168K, reserved 1048576K
}
 [Times: user=0.27 sys=0.00, real=0.08 secs] 
2020-07-20T09:17:15.544+0000: 471.480: Total time for which application threads were stopped: 0.0808512 seconds, Stopping threads took: 0.0001538 seconds
2020-07-20T09:17:55.914+0000: 511.850: Total time for which application threads were stopped: 0.0025189 seconds, Stopping threads took: 0.0014813 seconds
2020-07-20T09:17:57.102+0000: 513.037: Total time for which application threads were stopped: 0.0006803 seconds, Stopping threads took: 0.0001309 seconds
2020-07-20T09:17:57.489+0000: 513.425: Total time for which application threads were stopped: 0.0066204 seconds, Stopping threads took: 0.0059704 seconds
2020-07-20T09:17:59.558+0000: 515.494: Total time for which application threads were stopped: 0.0010949 seconds, Stopping threads took: 0.0002028 seconds
2020-07-20T09:18:04.238+0000: 520.173: Total time for which application threads were stopped: 0.0054716 seconds, Stopping threads took: 0.0045839 seconds
{Heap before GC invocations=21 (full 0):
 garbage-first heap   total 1912832K, used 1379082K [0x000000008b400000, 0x000000008b503a60, 0x0000000100000000)
  region size 1024K, 1120 young (1146880K), 73 survivors (74752K)
 Metaspace       used 145744K, capacity 152769K, committed 153008K, reserved 1181696K
  class space    used 19701K, capacity 21042K, committed 21168K, reserved 1048576K
2020-07-20T09:18:14.402+0000: 530.338: [GC pause (G1 Evacuation Pause) (young)
Desired survivor size 73400320 bytes, new threshold 15 (max 15)
- age   1:    8371352 bytes,    8371352 total
- age   2:    1186064 bytes,    9557416 total
- age   3:   12770360 bytes,   22327776 total
- age   4:   19938784 bytes,   42266560 total
- age   5:   28483312 bytes,   70749872 total
, 0.1178450 secs]
   [Parallel Time: 111.1 ms, GC Workers: 4]
      [GC Worker Start (ms): Min: 530338.4, Avg: 530338.5, Max: 530338.6, Diff: 0.1]
      [Ext Root Scanning (ms): Min: 5.7, Avg: 7.3, Max: 11.5, Diff: 5.8, Sum: 29.1]
      [Update RS (ms): Min: 0.0, Avg: 2.8, Max: 3.8, Diff: 3.8, Sum: 11.1]
         [Processed Buffers: Min: 0, Avg: 14.0, Max: 26, Diff: 26, Sum: 56]
      [Scan RS (ms): Min: 16.0, Avg: 17.1, Max: 18.2, Diff: 2.2, Sum: 68.3]
      [Code Root Scanning (ms): Min: 0.3, Avg: 2.5, Max: 4.8, Diff: 4.4, Sum: 9.9]
      [Object Copy (ms): Min: 80.6, Avg: 81.3, Max: 82.5, Diff: 1.9, Sum: 325.2]
      [Termination (ms): Min: 0.0, Avg: 0.0, Max: 0.0, Diff: 0.0, Sum: 0.1]
         [Termination Attempts: Min: 1, Avg: 3.5, Max: 6, Diff: 5, Sum: 14]
      [GC Worker Other (ms): Min: 0.0, Avg: 0.0, Max: 0.1, Diff: 0.0, Sum: 0.2]
      [GC Worker Total (ms): Min: 110.9, Avg: 110.9, Max: 111.0, Diff: 0.1, Sum: 443.8]
      [GC Worker End (ms): Min: 530449.4, Avg: 530449.4, Max: 530449.5, Diff: 0.0]
   [Code Root Fixup: 0.2 ms]
   [Code Root Purge: 0.1 ms]
   [Clear CT: 0.5 ms]
   [Other: 5.9 ms]
      [Choose CSet: 0.0 ms]
      [Ref Proc: 3.6 ms]
      [Ref Enq: 0.1 ms]
      [Redirty Cards: 0.2 ms]
      [Humongous Register: 0.1 ms]
      [Humongous Reclaim: 0.0 ms]
      [Free CSet: 1.2 ms]
   [Eden: 1047.0M(1047.0M)->0.0B(1025.0M) Survivors: 74752.0K->97280.0K Heap: 1346.8M(1868.0M)->321.3M(1868.0M)]
Heap after GC invocations=22 (full 0):
 garbage-first heap   total 1912832K, used 328970K [0x000000008b400000, 0x000000008b503a60, 0x0000000100000000)
  region size 1024K, 95 young (97280K), 95 survivors (97280K)
 Metaspace       used 145744K, capacity 152769K, committed 153008K, reserved 1181696K
  class space    used 19701K, capacity 21042K, committed 21168K, reserved 1048576K
}
 [Times: user=0.39 sys=0.00, real=0.11 secs] 
2020-07-20T09:18:14.520+0000: 530.456: Total time for which application threads were stopped: 0.1202579 seconds, Stopping threads took: 0.0004234 seconds
2020-07-20T09:18:23.252+0000: 539.188: Total time for which application threads were stopped: 0.0067835 seconds, Stopping threads took: 0.0061179 seconds
2020-07-20T09:18:25.899+0000: 541.835: Total time for which application threads were stopped: 0.0008939 seconds, Stopping threads took: 0.0002314 seconds
{Heap before GC invocations=22 (full 0):
 garbage-first heap   total 1912832K, used 1380618K [0x000000008b400000, 0x000000008b503a60, 0x0000000100000000)
  region size 1024K, 1120 young (1146880K), 95 survivors (97280K)
 Metaspace       used 145858K, capacity 152885K, committed 153008K, reserved 1181696K
  class space    used 19706K, capacity 21046K, committed 21168K, reserved 1048576K
2020-07-20T09:18:28.726+0000: 544.662: [GC pause (G1 Evacuation Pause) (young)
Desired survivor size 73400320 bytes, new threshold 6 (max 15)
- age   1:   26550592 bytes,   26550592 total
- age   2:    2204808 bytes,   28755400 total
- age   3:    1185616 bytes,   29941016 total
- age   4:   12744168 bytes,   42685184 total
- age   5:   19937536 bytes,   62622720 total
- age   6:   28483312 bytes,   91106032 total
, 0.1065430 secs]
   [Parallel Time: 101.4 ms, GC Workers: 4]
      [GC Worker Start (ms): Min: 544662.5, Avg: 544662.6, Max: 544662.6, Diff: 0.1]
      [Ext Root Scanning (ms): Min: 4.9, Avg: 6.7, Max: 11.5, Diff: 6.7, Sum: 26.8]
      [Update RS (ms): Min: 0.0, Avg: 2.5, Max: 3.4, Diff: 3.4, Sum: 10.1]
         [Processed Buffers: Min: 0, Avg: 13.5, Max: 22, Diff: 22, Sum: 54]
      [Scan RS (ms): Min: 13.6, Avg: 15.6, Max: 16.6, Diff: 3.0, Sum: 62.5]
      [Code Root Scanning (ms): Min: 0.0, Avg: 1.8, Max: 3.2, Diff: 3.2, Sum: 7.2]
      [Object Copy (ms): Min: 73.4, Avg: 74.6, Max: 76.3, Diff: 2.9, Sum: 298.3]
      [Termination (ms): Min: 0.0, Avg: 0.0, Max: 0.0, Diff: 0.0, Sum: 0.1]
         [Termination Attempts: Min: 1, Avg: 1.0, Max: 1, Diff: 0, Sum: 4]
      [GC Worker Other (ms): Min: 0.0, Avg: 0.0, Max: 0.0, Diff: 0.0, Sum: 0.1]
      [GC Worker Total (ms): Min: 101.2, Avg: 101.3, Max: 101.3, Diff: 0.1, Sum: 405.0]
      [GC Worker End (ms): Min: 544763.8, Avg: 544763.8, Max: 544763.8, Diff: 0.0]
   [Code Root Fixup: 0.2 ms]
   [Code Root Purge: 0.0 ms]
   [Clear CT: 0.4 ms]
   [Other: 4.4 ms]
      [Choose CSet: 0.0 ms]
      [Ref Proc: 2.2 ms]
      [Ref Enq: 0.2 ms]
      [Redirty Cards: 0.3 ms]
      [Humongous Register: 0.1 ms]
      [Humongous Reclaim: 0.0 ms]
      [Free CSet: 1.2 ms]
   [Eden: 1025.0M(1025.0M)->0.0B(1068.0M) Survivors: 97280.0K->53248.0K Heap: 1348.3M(1868.0M)->308.8M(1868.0M)]
Heap after GC invocations=23 (full 0):
 garbage-first heap   total 1912832K, used 316170K [0x000000008b400000, 0x000000008b503a60, 0x0000000100000000)
  region size 1024K, 52 young (53248K), 52 survivors (53248K)
 Metaspace       used 145858K, capacity 152885K, committed 153008K, reserved 1181696K
  class space    used 19706K, capacity 21046K, committed 21168K, reserved 1048576K
}
 [Times: user=0.33 sys=0.00, real=0.11 secs] 
2020-07-20T09:18:28.833+0000: 544.769: Total time for which application threads were stopped: 0.1114034 seconds, Stopping threads took: 0.0031126 seconds
{Heap before GC invocations=23 (full 0):
 garbage-first heap   total 1912832K, used 1411850K [0x000000008b400000, 0x000000008b503a60, 0x0000000100000000)
  region size 1024K, 1120 young (1146880K), 52 survivors (53248K)
 Metaspace       used 145901K, capacity 152901K, committed 153264K, reserved 1181696K
  class space    used 19708K, capacity 21048K, committed 21168K, reserved 1048576K
2020-07-20T09:18:43.931+0000: 559.867: [GC pause (G1 Evacuation Pause) (young)
Desired survivor size 73400320 bytes, new threshold 15 (max 15)
- age   1:   12730184 bytes,   12730184 total
- age   2:    2022648 bytes,   14752832 total
- age   3:    2194584 bytes,   16947416 total
- age   4:    1185616 bytes,   18133032 total
- age   5:   12743160 bytes,   30876192 total
- age   6:   19937536 bytes,   50813728 total
, 0.1225026 secs]
   [Parallel Time: 116.7 ms, GC Workers: 4]
      [GC Worker Start (ms): Min: 559867.5, Avg: 559867.5, Max: 559867.6, Diff: 0.1]
      [Ext Root Scanning (ms): Min: 4.8, Avg: 5.7, Max: 7.5, Diff: 2.7, Sum: 22.7]
      [Update RS (ms): Min: 4.1, Avg: 4.9, Max: 5.2, Diff: 1.1, Sum: 19.8]
         [Processed Buffers: Min: 5, Avg: 14.5, Max: 22, Diff: 17, Sum: 58]
      [Scan RS (ms): Min: 8.8, Avg: 9.9, Max: 10.3, Diff: 1.5, Sum: 39.4]
      [Code Root Scanning (ms): Min: 0.0, Avg: 2.6, Max: 6.3, Diff: 6.3, Sum: 10.3]
      [Object Copy (ms): Min: 89.2, Avg: 93.3, Max: 96.1, Diff: 6.9, Sum: 373.2]
      [Termination (ms): Min: 0.0, Avg: 0.1, Max: 0.1, Diff: 0.1, Sum: 0.4]
         [Termination Attempts: Min: 1, Avg: 1.0, Max: 1, Diff: 0, Sum: 4]
      [GC Worker Other (ms): Min: 0.0, Avg: 0.0, Max: 0.0, Diff: 0.0, Sum: 0.1]
      [GC Worker Total (ms): Min: 116.4, Avg: 116.5, Max: 116.6, Diff: 0.2, Sum: 465.8]
      [GC Worker End (ms): Min: 559984.0, Avg: 559984.0, Max: 559984.0, Diff: 0.1]
   [Code Root Fixup: 0.2 ms]
   [Code Root Purge: 0.0 ms]
   [Clear CT: 0.4 ms]
   [Other: 5.3 ms]
      [Choose CSet: 0.0 ms]
      [Ref Proc: 3.1 ms]
      [Ref Enq: 0.2 ms]
      [Redirty Cards: 0.2 ms]
      [Humongous Register: 0.1 ms]
      [Humongous Reclaim: 0.0 ms]
      [Free CSet: 1.1 ms]
   [Eden: 1068.0M(1068.0M)->0.0B(1040.0M) Survivors: 53248.0K->81920.0K Heap: 1378.8M(1868.0M)->338.3M(1868.0M)]
Heap after GC invocations=24 (full 0):
 garbage-first heap   total 1912832K, used 346378K [0x000000008b400000, 0x000000008b503a60, 0x0000000100000000)
  region size 1024K, 80 young (81920K), 80 survivors (81920K)
 Metaspace       used 145901K, capacity 152901K, committed 153264K, reserved 1181696K
  class space    used 19708K, capacity 21048K, committed 21168K, reserved 1048576K
}
 [Times: user=0.38 sys=0.01, real=0.13 secs] 
2020-07-20T09:18:44.054+0000: 559.990: Total time for which application threads were stopped: 0.1240309 seconds, Stopping threads took: 0.0003403 seconds
{Heap before GC invocations=24 (full 0):
 garbage-first heap   total 1912832K, used 1411338K [0x000000008b400000, 0x000000008b503a60, 0x0000000100000000)
  region size 1024K, 1120 young (1146880K), 80 survivors (81920K)
 Metaspace       used 145945K, capacity 152901K, committed 153264K, reserved 1181696K
  class space    used 19709K, capacity 21048K, committed 21168K, reserved 1048576K
2020-07-20T09:18:57.747+0000: 573.683: [GC pause (G1 Evacuation Pause) (young)
Desired survivor size 73400320 bytes, new threshold 7 (max 15)
- age   1:   34240408 bytes,   34240408 total
- age   2:    8126000 bytes,   42366408 total
- age   3:     428984 bytes,   42795392 total
- age   4:    2189664 bytes,   44985056 total
- age   5:    1185616 bytes,   46170672 total
- age   6:   12742488 bytes,   58913160 total
- age   7:   19937536 bytes,   78850696 total
, 0.0809999 secs]
   [Parallel Time: 75.6 ms, GC Workers: 4]
      [GC Worker Start (ms): Min: 573683.7, Avg: 573683.8, Max: 573683.8, Diff: 0.1]
      [Ext Root Scanning (ms): Min: 4.9, Avg: 5.9, Max: 8.3, Diff: 3.4, Sum: 23.4]
      [Update RS (ms): Min: 3.1, Avg: 4.6, Max: 5.1, Diff: 2.0, Sum: 18.3]
         [Processed Buffers: Min: 8, Avg: 13.5, Max: 16, Diff: 8, Sum: 54]
      [Scan RS (ms): Min: 3.4, Avg: 3.5, Max: 3.6, Diff: 0.2, Sum: 14.2]
      [Code Root Scanning (ms): Min: 0.0, Avg: 1.3, Max: 2.6, Diff: 2.6, Sum: 5.1]
      [Object Copy (ms): Min: 59.0, Avg: 60.1, Max: 61.7, Diff: 2.7, Sum: 240.3]
      [Termination (ms): Min: 0.0, Avg: 0.0, Max: 0.0, Diff: 0.0, Sum: 0.0]
         [Termination Attempts: Min: 2, Avg: 3.2, Max: 5, Diff: 3, Sum: 13]
      [GC Worker Other (ms): Min: 0.0, Avg: 0.1, Max: 0.1, Diff: 0.1, Sum: 0.3]
      [GC Worker Total (ms): Min: 75.3, Avg: 75.4, Max: 75.5, Diff: 0.2, Sum: 301.6]
      [GC Worker End (ms): Min: 573759.1, Avg: 573759.1, Max: 573759.2, Diff: 0.1]
   [Code Root Fixup: 0.2 ms]
   [Code Root Purge: 0.0 ms]
   [Clear CT: 0.4 ms]
   [Other: 4.7 ms]
      [Choose CSet: 0.0 ms]
      [Ref Proc: 2.6 ms]
      [Ref Enq: 0.1 ms]
      [Redirty Cards: 0.2 ms]
      [Humongous Register: 0.1 ms]
      [Humongous Reclaim: 0.1 ms]
      [Free CSet: 1.1 ms]
   [Eden: 1040.0M(1040.0M)->0.0B(1069.0M) Survivors: 81920.0K->52224.0K Heap: 1378.3M(1868.0M)->328.5M(1868.0M)]
Heap after GC invocations=25 (full 0):
 garbage-first heap   total 1912832K, used 336384K [0x000000008b400000, 0x000000008b503a60, 0x0000000100000000)
  region size 1024K, 51 young (52224K), 51 survivors (52224K)
 Metaspace       used 145945K, capacity 152901K, committed 153264K, reserved 1181696K
  class space    used 19709K, capacity 21048K, committed 21168K, reserved 1048576K
}
 [Times: user=0.28 sys=0.00, real=0.08 secs] 
2020-07-20T09:18:57.829+0000: 573.765: Total time for which application threads were stopped: 0.0824909 seconds, Stopping threads took: 0.0002548 seconds
{Heap before GC invocations=25 (full 0):
 garbage-first heap   total 1912832K, used 1433088K [0x000000008b400000, 0x000000008b503a60, 0x0000000100000000)
  region size 1024K, 1120 young (1146880K), 51 survivors (52224K)
 Metaspace       used 145976K, capacity 152965K, committed 153264K, reserved 1181696K
  class space    used 19709K, capacity 21048K, committed 21168K, reserved 1048576K
2020-07-20T09:19:10.934+0000: 586.869: [GC pause (G1 Evacuation Pause) (young)
Desired survivor size 73400320 bytes, new threshold 15 (max 15)
- age   1:   28520512 bytes,   28520512 total
- age   2:    2577776 bytes,   31098288 total
- age   3:     482352 bytes,   31580640 total
- age   4:     403208 bytes,   31983848 total
- age   5:    2184768 bytes,   34168616 total
- age   6:    1185616 bytes,   35354232 total
- age   7:   12742488 bytes,   48096720 total
, 0.0482328 secs]
   [Parallel Time: 44.1 ms, GC Workers: 4]
      [GC Worker Start (ms): Min: 586869.8, Avg: 586869.8, Max: 586869.9, Diff: 0.1]
      [Ext Root Scanning (ms): Min: 5.2, Avg: 5.7, Max: 6.9, Diff: 1.7, Sum: 22.8]
      [Update RS (ms): Min: 3.1, Avg: 3.8, Max: 4.0, Diff: 0.9, Sum: 15.1]
         [Processed Buffers: Min: 10, Avg: 16.8, Max: 24, Diff: 14, Sum: 67]
      [Scan RS (ms): Min: 3.0, Avg: 3.0, Max: 3.1, Diff: 0.1, Sum: 12.1]
      [Code Root Scanning (ms): Min: 0.0, Avg: 1.5, Max: 3.4, Diff: 3.4, Sum: 6.2]
      [Object Copy (ms): Min: 28.1, Avg: 29.8, Max: 31.5, Diff: 3.4, Sum: 119.3]
      [Termination (ms): Min: 0.0, Avg: 0.0, Max: 0.0, Diff: 0.0, Sum: 0.0]
         [Termination Attempts: Min: 1, Avg: 17.5, Max: 27, Diff: 26, Sum: 70]
      [GC Worker Other (ms): Min: 0.0, Avg: 0.1, Max: 0.1, Diff: 0.0, Sum: 0.2]
      [GC Worker Total (ms): Min: 43.9, Avg: 44.0, Max: 44.0, Diff: 0.1, Sum: 175.8]
      [GC Worker End (ms): Min: 586913.8, Avg: 586913.8, Max: 586913.8, Diff: 0.0]
   [Code Root Fixup: 0.1 ms]
   [Code Root Purge: 0.0 ms]
   [Clear CT: 0.4 ms]
   [Other: 3.6 ms]
      [Choose CSet: 0.0 ms]
      [Ref Proc: 1.7 ms]
      [Ref Enq: 0.1 ms]
      [Redirty Cards: 0.1 ms]
      [Humongous Register: 0.1 ms]
      [Humongous Reclaim: 0.0 ms]
      [Free CSet: 1.1 ms]
   [Eden: 1069.0M(1069.0M)->0.0B(1080.0M) Survivors: 52224.0K->40960.0K Heap: 1399.5M(1868.0M)->317.5M(1868.0M)]
Heap after GC invocations=26 (full 0):
 garbage-first heap   total 1912832K, used 325120K [0x000000008b400000, 0x000000008b503a60, 0x0000000100000000)
  region size 1024K, 40 young (40960K), 40 survivors (40960K)
 Metaspace       used 145976K, capacity 152965K, committed 153264K, reserved 1181696K
  class space    used 19709K, capacity 21048K, committed 21168K, reserved 1048576K
}
 [Times: user=0.17 sys=0.00, real=0.05 secs] 
2020-07-20T09:19:10.982+0000: 586.918: Total time for which application threads were stopped: 0.0507203 seconds, Stopping threads took: 0.0013490 seconds
{Heap before GC invocations=26 (full 0):
 garbage-first heap   total 1912832K, used 1435136K [0x000000008b400000, 0x000000008b503a60, 0x0000000100000000)
  region size 1024K, 1120 young (1146880K), 40 survivors (40960K)
 Metaspace       used 146118K, capacity 153169K, committed 153520K, reserved 1181696K
  class space    used 19709K, capacity 21048K, committed 21168K, reserved 1048576K
2020-07-20T09:19:24.365+0000: 600.301: [GC pause (G1 Evacuation Pause) (young)
Desired survivor size 73400320 bytes, new threshold 15 (max 15)
- age   1:   20579952 bytes,   20579952 total
- age   2:     368248 bytes,   20948200 total
- age   3:     126400 bytes,   21074600 total
- age   4:     460824 bytes,   21535424 total
- age   5:     372376 bytes,   21907800 total
- age   6:    2179736 bytes,   24087536 total
- age   7:    1185616 bytes,   25273152 total
- age   8:   12742488 bytes,   38015640 total
, 0.0462661 secs]
   [Parallel Time: 41.5 ms, GC Workers: 4]
      [GC Worker Start (ms): Min: 600301.6, Avg: 600301.7, Max: 600301.7, Diff: 0.1]
      [Ext Root Scanning (ms): Min: 5.0, Avg: 5.4, Max: 6.2, Diff: 1.2, Sum: 21.5]
      [Update RS (ms): Min: 3.8, Avg: 4.2, Max: 4.6, Diff: 0.9, Sum: 16.7]
         [Processed Buffers: Min: 3, Avg: 13.2, Max: 29, Diff: 26, Sum: 53]
      [Scan RS (ms): Min: 2.5, Avg: 5.2, Max: 13.1, Diff: 10.6, Sum: 20.6]
      [Code Root Scanning (ms): Min: 0.0, Avg: 1.1, Max: 2.8, Diff: 2.8, Sum: 4.3]
      [Object Copy (ms): Min: 17.9, Avg: 22.3, Max: 24.8, Diff: 6.9, Sum: 89.1]
      [Termination (ms): Min: 0.0, Avg: 3.2, Max: 4.3, Diff: 4.3, Sum: 12.8]
         [Termination Attempts: Min: 1, Avg: 5.8, Max: 12, Diff: 11, Sum: 23]
      [GC Worker Other (ms): Min: 0.0, Avg: 0.0, Max: 0.0, Diff: 0.0, Sum: 0.1]
      [GC Worker Total (ms): Min: 41.3, Avg: 41.3, Max: 41.3, Diff: 0.1, Sum: 165.3]
      [GC Worker End (ms): Min: 600342.9, Avg: 600343.0, Max: 600343.0, Diff: 0.1]
   [Code Root Fixup: 0.1 ms]
   [Code Root Purge: 0.0 ms]
   [Clear CT: 0.4 ms]
   [Other: 4.2 ms]
      [Choose CSet: 0.0 ms]
      [Ref Proc: 2.4 ms]
      [Ref Enq: 0.1 ms]
      [Redirty Cards: 0.1 ms]
      [Humongous Register: 0.1 ms]
      [Humongous Reclaim: 0.1 ms]
      [Free CSet: 1.1 ms]
   [Eden: 1080.0M(1080.0M)->0.0B(1089.0M) Survivors: 40960.0K->31744.0K Heap: 1401.5M(1868.0M)->310.5M(1868.0M)]
Heap after GC invocations=27 (full 0):
 garbage-first heap   total 1912832K, used 317952K [0x000000008b400000, 0x000000008b503a60, 0x0000000100000000)
  region size 1024K, 31 young (31744K), 31 survivors (31744K)
 Metaspace       used 146118K, capacity 153169K, committed 153520K, reserved 1181696K
  class space    used 19709K, capacity 21048K, committed 21168K, reserved 1048576K
}
 [Times: user=0.14 sys=0.00, real=0.04 secs] 
2020-07-20T09:19:24.412+0000: 600.348: Total time for which application threads were stopped: 0.0475695 seconds, Stopping threads took: 0.0002226 seconds
2020-07-20T09:19:26.457+0000: 602.393: Total time for which application threads were stopped: 0.0008984 seconds, Stopping threads took: 0.0003717 seconds
2020-07-20T09:19:27.330+0000: 603.266: Total time for which application threads were stopped: 0.0010238 seconds, Stopping threads took: 0.0004029 seconds
2020-07-20T09:19:32.014+0000: 607.950: Total time for which application threads were stopped: 0.0035288 seconds, Stopping threads took: 0.0001775 seconds
{Heap before GC invocations=27 (full 0):
 garbage-first heap   total 1912832K, used 1433088K [0x000000008b400000, 0x000000008b503a60, 0x0000000100000000)
  region size 1024K, 1120 young (1146880K), 31 survivors (31744K)
 Metaspace       used 146193K, capacity 153259K, committed 153520K, reserved 1181696K
  class space    used 19719K, capacity 21055K, committed 21168K, reserved 1048576K
2020-07-20T09:19:33.723+0000: 609.659: [GC pause (G1 Evacuation Pause) (young)
Desired survivor size 73400320 bytes, new threshold 15 (max 15)
- age   1:    9133104 bytes,    9133104 total
- age   2:    1954888 bytes,   11087992 total
- age   3:     357032 bytes,   11445024 total
- age   4:     119504 bytes,   11564528 total
- age   5:     434688 bytes,   11999216 total
- age   6:     363000 bytes,   12362216 total
- age   7:    2174056 bytes,   14536272 total
- age   8:    1185616 bytes,   15721888 total
- age   9:   12742488 bytes,   28464376 total
, 0.0605592 secs]
   [Parallel Time: 56.4 ms, GC Workers: 4]
      [GC Worker Start (ms): Min: 609659.2, Avg: 609659.2, Max: 609659.3, Diff: 0.1]
      [Ext Root Scanning (ms): Min: 4.7, Avg: 4.9, Max: 5.2, Diff: 0.5, Sum: 19.5]
      [Update RS (ms): Min: 5.0, Avg: 8.1, Max: 9.1, Diff: 4.1, Sum: 32.4]
         [Processed Buffers: Min: 7, Avg: 14.0, Max: 20, Diff: 13, Sum: 56]
      [Scan RS (ms): Min: 1.7, Avg: 2.0, Max: 2.3, Diff: 0.5, Sum: 7.9]
      [Code Root Scanning (ms): Min: 0.0, Avg: 0.9, Max: 1.7, Diff: 1.7, Sum: 3.6]
      [Object Copy (ms): Min: 38.8, Avg: 40.3, Max: 44.1, Diff: 5.2, Sum: 161.4]
      [Termination (ms): Min: 0.0, Avg: 0.0, Max: 0.0, Diff: 0.0, Sum: 0.1]
         [Termination Attempts: Min: 3, Avg: 10.5, Max: 16, Diff: 13, Sum: 42]
      [GC Worker Other (ms): Min: 0.0, Avg: 0.0, Max: 0.1, Diff: 0.0, Sum: 0.2]
      [GC Worker Total (ms): Min: 56.2, Avg: 56.2, Max: 56.3, Diff: 0.1, Sum: 224.9]
      [GC Worker End (ms): Min: 609715.4, Avg: 609715.5, Max: 609715.5, Diff: 0.0]
   [Code Root Fixup: 0.1 ms]
   [Code Root Purge: 0.0 ms]
   [Clear CT: 0.4 ms]
   [Other: 3.6 ms]
      [Choose CSet: 0.0 ms]
      [Ref Proc: 1.6 ms]
      [Ref Enq: 0.2 ms]
      [Redirty Cards: 0.3 ms]
      [Humongous Register: 0.1 ms]
      [Humongous Reclaim: 0.0 ms]
      [Free CSet: 1.0 ms]
   [Eden: 1089.0M(1089.0M)->0.0B(1070.0M) Survivors: 31744.0K->51200.0K Heap: 1399.5M(1868.0M)->329.0M(1868.0M)]
Heap after GC invocations=28 (full 0):
 garbage-first heap   total 1912832K, used 336896K [0x000000008b400000, 0x000000008b503a60, 0x0000000100000000)
  region size 1024K, 50 young (51200K), 50 survivors (51200K)
 Metaspace       used 146193K, capacity 153259K, committed 153520K, reserved 1181696K
  class space    used 19719K, capacity 21055K, committed 21168K, reserved 1048576K
}
 [Times: user=0.19 sys=0.01, real=0.06 secs] 
2020-07-20T09:19:33.784+0000: 609.720: Total time for which application threads were stopped: 0.0614023 seconds, Stopping threads took: 0.0000997 seconds
{Heap before GC invocations=28 (full 0):
 garbage-first heap   total 1912832K, used 1434624K [0x000000008b400000, 0x000000008b503a60, 0x0000000100000000)
  region size 1024K, 1120 young (1146880K), 50 survivors (51200K)
 Metaspace       used 146223K, capacity 153265K, committed 153520K, reserved 1181696K
  class space    used 19720K, capacity 21056K, committed 21168K, reserved 1048576K
2020-07-20T09:19:43.619+0000: 619.554: [GC pause (G1 Evacuation Pause) (young)
Desired survivor size 73400320 bytes, new threshold 15 (max 15)
- age   1:   24208176 bytes,   24208176 total
- age   2:    4615328 bytes,   28823504 total
- age   3:     876872 bytes,   29700376 total
- age   4:     354064 bytes,   30054440 total
- age   5:     111120 bytes,   30165560 total
- age   6:     130000 bytes,   30295560 total
- age   7:     359424 bytes,   30654984 total
- age   8:    2169432 bytes,   32824416 total
- age   9:    1185616 bytes,   34010032 total
- age  10:   12742488 bytes,   46752520 total
, 0.0824638 secs]
   [Parallel Time: 77.7 ms, GC Workers: 4]
      [GC Worker Start (ms): Min: 619554.7, Avg: 619554.7, Max: 619554.8, Diff: 0.1]
      [Ext Root Scanning (ms): Min: 4.6, Avg: 4.8, Max: 5.2, Diff: 0.6, Sum: 19.3]
      [Update RS (ms): Min: 3.7, Avg: 3.8, Max: 3.9, Diff: 0.1, Sum: 15.2]
         [Processed Buffers: Min: 7, Avg: 13.2, Max: 22, Diff: 15, Sum: 53]
      [Scan RS (ms): Min: 1.4, Avg: 1.8, Max: 2.5, Diff: 1.1, Sum: 7.2]
      [Code Root Scanning (ms): Min: 0.0, Avg: 0.8, Max: 1.4, Diff: 1.4, Sum: 3.3]
      [Object Copy (ms): Min: 65.6, Avg: 66.2, Max: 66.9, Diff: 1.3, Sum: 264.9]
      [Termination (ms): Min: 0.0, Avg: 0.0, Max: 0.0, Diff: 0.0, Sum: 0.1]
         [Termination Attempts: Min: 8, Avg: 75.8, Max: 104, Diff: 96, Sum: 303]
      [GC Worker Other (ms): Min: 0.0, Avg: 0.0, Max: 0.1, Diff: 0.1, Sum: 0.2]
      [GC Worker Total (ms): Min: 77.5, Avg: 77.5, Max: 77.6, Diff: 0.2, Sum: 310.1]
      [GC Worker End (ms): Min: 619632.2, Avg: 619632.3, Max: 619632.3, Diff: 0.1]
   [Code Root Fixup: 0.2 ms]
   [Code Root Purge: 0.0 ms]
   [Clear CT: 0.4 ms]
   [Other: 4.2 ms]
      [Choose CSet: 0.0 ms]
      [Ref Proc: 2.5 ms]
      [Ref Enq: 0.1 ms]
      [Redirty Cards: 0.1 ms]
      [Humongous Register: 0.1 ms]
      [Humongous Reclaim: 0.1 ms]
      [Free CSet: 1.0 ms]
   [Eden: 1070.0M(1070.0M)->0.0B(1052.0M) Survivors: 51200.0K->69632.0K Heap: 1401.0M(1868.0M)->347.5M(1868.0M)]
Heap after GC invocations=29 (full 0):
 garbage-first heap   total 1912832K, used 355840K [0x000000008b400000, 0x000000008b503a60, 0x0000000100000000)
  region size 1024K, 68 young (69632K), 68 survivors (69632K)
 Metaspace       used 146223K, capacity 153265K, committed 153520K, reserved 1181696K
  class space    used 19720K, capacity 21056K, committed 21168K, reserved 1048576K
}
 [Times: user=0.27 sys=0.00, real=0.09 secs] 
2020-07-20T09:19:43.701+0000: 619.637: Total time for which application threads were stopped: 0.0835255 seconds, Stopping threads took: 0.0002147 seconds
{Heap before GC invocations=29 (full 0):
 garbage-first heap   total 1912832K, used 1433088K [0x000000008b400000, 0x000000008b503a60, 0x0000000100000000)
  region size 1024K, 1120 young (1146880K), 68 survivors (69632K)
 Metaspace       used 146255K, capacity 153273K, committed 153520K, reserved 1181696K
  class space    used 19720K, capacity 21056K, committed 21168K, reserved 1048576K
2020-07-20T09:19:57.374+0000: 633.310: [GC pause (G1 Evacuation Pause) (young)
Desired survivor size 73400320 bytes, new threshold 15 (max 15)
- age   1:   29043048 bytes,   29043048 total
- age   2:   16877256 bytes,   45920304 total
- age   3:    4568920 bytes,   50489224 total
- age   4:     378096 bytes,   50867320 total
- age   5:     350256 bytes,   51217576 total
- age   6:      97440 bytes,   51315016 total
- age   7:     127144 bytes,   51442160 total
- age   8:     358216 bytes,   51800376 total
- age   9:    2158368 bytes,   53958744 total
- age  10:    1185616 bytes,   55144360 total
- age  11:   12742488 bytes,   67886848 total
, 0.0835764 secs]
   [Parallel Time: 78.5 ms, GC Workers: 4]
      [GC Worker Start (ms): Min: 633310.2, Avg: 633315.0, Max: 633316.6, Diff: 6.4]
      [Ext Root Scanning (ms): Min: 5.4, Avg: 9.4, Max: 21.0, Diff: 15.6, Sum: 37.4]
      [Update RS (ms): Min: 0.0, Avg: 4.1, Max: 5.5, Diff: 5.5, Sum: 16.5]
         [Processed Buffers: Min: 0, Avg: 13.5, Max: 23, Diff: 23, Sum: 54]
      [Scan RS (ms): Min: 0.5, Avg: 4.1, Max: 12.5, Diff: 11.9, Sum: 16.2]
      [Code Root Scanning (ms): Min: 0.0, Avg: 1.3, Max: 3.1, Diff: 3.1, Sum: 5.4]
      [Object Copy (ms): Min: 48.4, Avg: 54.7, Max: 56.9, Diff: 8.5, Sum: 218.7]
      [Termination (ms): Min: 0.0, Avg: 0.0, Max: 0.0, Diff: 0.0, Sum: 0.1]
         [Termination Attempts: Min: 1, Avg: 5.5, Max: 10, Diff: 9, Sum: 22]
      [GC Worker Other (ms): Min: 0.0, Avg: 0.0, Max: 0.1, Diff: 0.0, Sum: 0.2]
      [GC Worker Total (ms): Min: 72.0, Avg: 73.6, Max: 78.4, Diff: 6.4, Sum: 294.5]
      [GC Worker End (ms): Min: 633388.6, Avg: 633388.6, Max: 633388.6, Diff: 0.0]
   [Code Root Fixup: 0.2 ms]
   [Code Root Purge: 0.0 ms]
   [Clear CT: 0.5 ms]
   [Other: 4.4 ms]
      [Choose CSet: 0.0 ms]
      [Ref Proc: 2.4 ms]
      [Ref Enq: 0.2 ms]
      [Redirty Cards: 0.2 ms]
      [Humongous Register: 0.0 ms]
      [Humongous Reclaim: 0.1 ms]
      [Free CSet: 1.1 ms]
   [Eden: 1052.0M(1052.0M)->0.0B(1063.0M) Survivors: 69632.0K->58368.0K Heap: 1399.5M(1868.0M)->334.0M(1868.0M)]
Heap after GC invocations=30 (full 0):
 garbage-first heap   total 1912832K, used 342016K [0x000000008b400000, 0x000000008b503a60, 0x0000000100000000)
  region size 1024K, 57 young (58368K), 57 survivors (58368K)
 Metaspace       used 146255K, capacity 153273K, committed 153520K, reserved 1181696K
  class space    used 19720K, capacity 21056K, committed 21168K, reserved 1048576K
}
 [Times: user=0.25 sys=0.00, real=0.08 secs] 
2020-07-20T09:19:57.458+0000: 633.394: Total time for which application threads were stopped: 0.0878047 seconds, Stopping threads took: 0.0027081 seconds
{Heap before GC invocations=30 (full 0):
 garbage-first heap   total 1912832K, used 1432576K [0x000000008b400000, 0x000000008b503a60, 0x0000000100000000)
  region size 1024K, 1120 young (1146880K), 57 survivors (58368K)
 Metaspace       used 146286K, capacity 153277K, committed 153520K, reserved 1181696K
  class space    used 19720K, capacity 21056K, committed 21168K, reserved 1048576K
2020-07-20T09:20:10.525+0000: 646.461: [GC pause (G1 Evacuation Pause) (young)
Desired survivor size 73400320 bytes, new threshold 15 (max 15)
- age   1:   29437384 bytes,   29437384 total
- age   2:    4029216 bytes,   33466600 total
- age   3:    4517296 bytes,   37983896 total
- age   4:     510888 bytes,   38494784 total
- age   5:     375616 bytes,   38870400 total
- age   6:      82128 bytes,   38952528 total
- age   7:      46816 bytes,   38999344 total
- age   8:     125832 bytes,   39125176 total
- age   9:     356888 bytes,   39482064 total
- age  10:    2156200 bytes,   41638264 total
- age  11:    1185616 bytes,   42823880 total
- age  12:   12742488 bytes,   55566368 total
, 0.0555990 secs]
   [Parallel Time: 51.4 ms, GC Workers: 4]
      [GC Worker Start (ms): Min: 646461.1, Avg: 646461.2, Max: 646461.3, Diff: 0.1]
      [Ext Root Scanning (ms): Min: 5.5, Avg: 6.3, Max: 8.4, Diff: 2.8, Sum: 25.3]
      [Update RS (ms): Min: 4.2, Avg: 5.6, Max: 6.2, Diff: 2.0, Sum: 22.6]
         [Processed Buffers: Min: 8, Avg: 14.0, Max: 19, Diff: 11, Sum: 56]
      [Scan RS (ms): Min: 0.6, Avg: 1.5, Max: 2.2, Diff: 1.7, Sum: 5.8]
      [Code Root Scanning (ms): Min: 0.0, Avg: 1.6, Max: 2.6, Diff: 2.6, Sum: 6.3]
      [Object Copy (ms): Min: 33.9, Avg: 36.1, Max: 37.2, Diff: 3.3, Sum: 144.5]
      [Termination (ms): Min: 0.0, Avg: 0.0, Max: 0.1, Diff: 0.1, Sum: 0.1]
         [Termination Attempts: Min: 1, Avg: 3.8, Max: 7, Diff: 6, Sum: 15]
      [GC Worker Other (ms): Min: 0.0, Avg: 0.0, Max: 0.0, Diff: 0.0, Sum: 0.1]
      [GC Worker Total (ms): Min: 51.1, Avg: 51.2, Max: 51.3, Diff: 0.2, Sum: 204.7]
      [GC Worker End (ms): Min: 646512.4, Avg: 646512.4, Max: 646512.4, Diff: 0.0]
   [Code Root Fixup: 0.2 ms]
   [Code Root Purge: 0.0 ms]
   [Clear CT: 0.3 ms]
   [Other: 3.6 ms]
      [Choose CSet: 0.0 ms]
      [Ref Proc: 1.7 ms]
      [Ref Enq: 0.1 ms]
      [Redirty Cards: 0.2 ms]
      [Humongous Register: 0.1 ms]
      [Humongous Reclaim: 0.0 ms]
      [Free CSet: 1.1 ms]
   [Eden: 1063.0M(1063.0M)->0.0B(1072.0M) Survivors: 58368.0K->49152.0K Heap: 1399.0M(1868.0M)->325.5M(1868.0M)]
Heap after GC invocations=31 (full 0):
 garbage-first heap   total 1912832K, used 333312K [0x000000008b400000, 0x000000008b503a60, 0x0000000100000000)
  region size 1024K, 48 young (49152K), 48 survivors (49152K)
 Metaspace       used 146286K, capacity 153277K, committed 153520K, reserved 1181696K
  class space    used 19720K, capacity 21056K, committed 21168K, reserved 1048576K
}
 [Times: user=0.18 sys=0.01, real=0.06 secs] 
2020-07-20T09:20:10.581+0000: 646.517: Total time for which application threads were stopped: 0.0578110 seconds, Stopping threads took: 0.0004620 seconds
{Heap before GC invocations=31 (full 0):
 garbage-first heap   total 1912832K, used 1433088K [0x000000008b400000, 0x000000008b503a60, 0x0000000100000000)
  region size 1024K, 1120 young (1146880K), 48 survivors (49152K)
 Metaspace       used 146346K, capacity 153353K, committed 153520K, reserved 1181696K
  class space    used 19721K, capacity 21056K, committed 21168K, reserved 1048576K
2020-07-20T09:20:37.654+0000: 673.590: [GC pause (G1 Evacuation Pause) (young)
Desired survivor size 73400320 bytes, new threshold 15 (max 15)
- age   1:   21561680 bytes,   21561680 total
- age   2:     243048 bytes,   21804728 total
- age   3:    2782040 bytes,   24586768 total
- age   4:    3431000 bytes,   28017768 total
- age   5:     504056 bytes,   28521824 total
- age   6:      45512 bytes,   28567336 total
- age   7:      80528 bytes,   28647864 total
- age   8:      45352 bytes,   28693216 total
- age   9:     124616 bytes,   28817832 total
- age  10:     355360 bytes,   29173192 total
- age  11:    2151824 bytes,   31325016 total
- age  12:    1185616 bytes,   32510632 total
- age  13:   12742488 bytes,   45253120 total
, 0.0923934 secs]
   [Parallel Time: 86.8 ms, GC Workers: 4]
      [GC Worker Start (ms): Min: 673590.6, Avg: 673590.7, Max: 673590.7, Diff: 0.1]
      [Ext Root Scanning (ms): Min: 5.3, Avg: 5.9, Max: 7.7, Diff: 2.4, Sum: 23.7]
      [Update RS (ms): Min: 5.6, Avg: 6.9, Max: 7.5, Diff: 1.8, Sum: 27.7]
         [Processed Buffers: Min: 4, Avg: 14.0, Max: 21, Diff: 17, Sum: 56]
      [Scan RS (ms): Min: 0.5, Avg: 1.0, Max: 1.3, Diff: 0.8, Sum: 4.0]
      [Code Root Scanning (ms): Min: 0.0, Avg: 1.4, Max: 2.9, Diff: 2.9, Sum: 5.7]
      [Object Copy (ms): Min: 70.4, Avg: 71.2, Max: 72.2, Diff: 1.8, Sum: 284.8]
      [Termination (ms): Min: 0.0, Avg: 0.0, Max: 0.0, Diff: 0.0, Sum: 0.1]
         [Termination Attempts: Min: 10, Avg: 14.2, Max: 18, Diff: 8, Sum: 57]
      [GC Worker Other (ms): Min: 0.0, Avg: 0.1, Max: 0.1, Diff: 0.1, Sum: 0.2]
      [GC Worker Total (ms): Min: 86.5, Avg: 86.6, Max: 86.6, Diff: 0.2, Sum: 346.2]
      [GC Worker End (ms): Min: 673677.2, Avg: 673677.2, Max: 673677.2, Diff: 0.0]
   [Code Root Fixup: 0.8 ms]
   [Code Root Purge: 0.0 ms]
   [Clear CT: 0.5 ms]
   [Other: 4.3 ms]
      [Choose CSet: 0.0 ms]
      [Ref Proc: 2.2 ms]
      [Ref Enq: 0.2 ms]
      [Redirty Cards: 0.2 ms]
      [Humongous Register: 0.1 ms]
      [Humongous Reclaim: 0.0 ms]
      [Free CSet: 1.0 ms]
   [Eden: 1072.0M(1072.0M)->0.0B(1047.0M) Survivors: 49152.0K->74752.0K Heap: 1399.5M(1868.0M)->352.5M(1868.0M)]
Heap after GC invocations=32 (full 0):
 garbage-first heap   total 1912832K, used 360960K [0x000000008b400000, 0x000000008b503a60, 0x0000000100000000)
  region size 1024K, 73 young (74752K), 73 survivors (74752K)
 Metaspace       used 146346K, capacity 153353K, committed 153520K, reserved 1181696K
  class space    used 19721K, capacity 21056K, committed 21168K, reserved 1048576K
}
 [Times: user=0.30 sys=0.01, real=0.09 secs] 
2020-07-20T09:20:37.747+0000: 673.683: Total time for which application threads were stopped: 0.0979977 seconds, Stopping threads took: 0.0039229 seconds
{Heap before GC invocations=32 (full 0):
 garbage-first heap   total 1912832K, used 1433088K [0x000000008b400000, 0x000000008b503a60, 0x0000000100000000)
  region size 1024K, 1120 young (1146880K), 73 survivors (74752K)
 Metaspace       used 146358K, capacity 153417K, committed 153776K, reserved 1181696K
  class space    used 19721K, capacity 21056K, committed 21168K, reserved 1048576K
2020-07-20T09:20:50.566+0000: 686.501: [GC pause (G1 Evacuation Pause) (young)
Desired survivor size 73400320 bytes, new threshold 15 (max 15)
- age   1:   34895728 bytes,   34895728 total
- age   2:   15215696 bytes,   50111424 total
- age   3:     237560 bytes,   50348984 total
- age   4:    2751160 bytes,   53100144 total
- age   5:    3419560 bytes,   56519704 total
- age   6:     168896 bytes,   56688600 total
- age   7:      43664 bytes,   56732264 total
- age   8:      77640 bytes,   56809904 total
- age   9:      44216 bytes,   56854120 total
- age  10:     123432 bytes,   56977552 total
- age  11:     346480 bytes,   57324032 total
- age  12:    2112448 bytes,   59436480 total
- age  13:    1185616 bytes,   60622096 total
- age  14:   12741800 bytes,   73363896 total
, 0.0750515 secs]
   [Parallel Time: 70.5 ms, GC Workers: 4]
      [GC Worker Start (ms): Min: 686501.8, Avg: 686501.9, Max: 686501.9, Diff: 0.1]
      [Ext Root Scanning (ms): Min: 5.3, Avg: 6.5, Max: 9.7, Diff: 4.4, Sum: 25.9]
      [Update RS (ms): Min: 3.7, Avg: 6.5, Max: 7.4, Diff: 3.7, Sum: 26.0]
         [Processed Buffers: Min: 8, Avg: 13.2, Max: 24, Diff: 16, Sum: 53]
      [Scan RS (ms): Min: 0.5, Avg: 0.6, Max: 0.7, Diff: 0.2, Sum: 2.5]
      [Code Root Scanning (ms): Min: 0.0, Avg: 1.7, Max: 3.5, Diff: 3.4, Sum: 6.6]
      [Object Copy (ms): Min: 52.8, Avg: 54.9, Max: 56.6, Diff: 3.8, Sum: 219.8]
      [Termination (ms): Min: 0.0, Avg: 0.0, Max: 0.0, Diff: 0.0, Sum: 0.1]
         [Termination Attempts: Min: 2, Avg: 3.5, Max: 5, Diff: 3, Sum: 14]
      [GC Worker Other (ms): Min: 0.0, Avg: 0.0, Max: 0.1, Diff: 0.0, Sum: 0.2]
      [GC Worker Total (ms): Min: 70.2, Avg: 70.3, Max: 70.3, Diff: 0.1, Sum: 281.1]
      [GC Worker End (ms): Min: 686572.1, Avg: 686572.1, Max: 686572.1, Diff: 0.0]
   [Code Root Fixup: 0.1 ms]
   [Code Root Purge: 0.0 ms]
   [Clear CT: 0.4 ms]
   [Other: 4.0 ms]
      [Choose CSet: 0.0 ms]
      [Ref Proc: 2.0 ms]
      [Ref Enq: 0.1 ms]
      [Redirty Cards: 0.2 ms]
      [Humongous Register: 0.1 ms]
      [Humongous Reclaim: 0.1 ms]
      [Free CSet: 1.0 ms]
   [Eden: 1047.0M(1047.0M)->0.0B(1058.0M) Survivors: 74752.0K->63488.0K Heap: 1399.5M(1868.0M)->339.0M(1868.0M)]
Heap after GC invocations=33 (full 0):
 garbage-first heap   total 1912832K, used 347136K [0x000000008b400000, 0x000000008b503a60, 0x0000000100000000)
  region size 1024K, 62 young (63488K), 62 survivors (63488K)
 Metaspace       used 146358K, capacity 153417K, committed 153776K, reserved 1181696K
  class space    used 19721K, capacity 21056K, committed 21168K, reserved 1048576K
}
 [Times: user=0.25 sys=0.00, real=0.08 secs] 
2020-07-20T09:20:50.641+0000: 686.577: Total time for which application threads were stopped: 0.0767941 seconds, Stopping threads took: 0.0003404 seconds
{Heap before GC invocations=33 (full 0):
 garbage-first heap   total 1912832K, used 1434624K [0x000000008b400000, 0x000000008b503a60, 0x0000000100000000)
  region size 1024K, 1120 young (1146880K), 62 survivors (63488K)
 Metaspace       used 146388K, capacity 153421K, committed 153776K, reserved 1181696K
  class space    used 19721K, capacity 21056K, committed 21168K, reserved 1048576K
2020-07-20T09:20:58.619+0000: 694.555: [GC pause (G1 Evacuation Pause) (young)
Desired survivor size 73400320 bytes, new threshold 15 (max 15)
- age   1:   32576496 bytes,   32576496 total
- age   2:    4376016 bytes,   36952512 total
- age   3:     433584 bytes,   37386096 total
- age   4:      33352 bytes,   37419448 total
- age   5:    2638720 bytes,   40058168 total
- age   6:    3418400 bytes,   43476568 total
- age   7:     167184 bytes,   43643752 total
- age   8:      41984 bytes,   43685736 total
- age   9:      76640 bytes,   43762376 total
- age  10:      43072 bytes,   43805448 total
- age  11:     120792 bytes,   43926240 total
- age  12:     345896 bytes,   44272136 total
- age  13:    2112376 bytes,   46384512 total
- age  14:    1185616 bytes,   47570128 total
- age  15:   12741800 bytes,   60311928 total
, 0.0534971 secs]
   [Parallel Time: 49.1 ms, GC Workers: 4]
      [GC Worker Start (ms): Min: 694555.5, Avg: 694555.5, Max: 694555.5, Diff: 0.1]
      [Ext Root Scanning (ms): Min: 4.8, Avg: 5.0, Max: 5.4, Diff: 0.6, Sum: 19.9]
      [Update RS (ms): Min: 4.6, Avg: 4.6, Max: 4.7, Diff: 0.1, Sum: 18.4]
         [Processed Buffers: Min: 12, Avg: 15.0, Max: 21, Diff: 9, Sum: 60]
      [Scan RS (ms): Min: 0.3, Avg: 0.4, Max: 0.5, Diff: 0.1, Sum: 1.6]
      [Code Root Scanning (ms): Min: 0.0, Avg: 1.0, Max: 1.7, Diff: 1.7, Sum: 4.1]
      [Object Copy (ms): Min: 36.7, Avg: 37.9, Max: 39.0, Diff: 2.4, Sum: 151.4]
      [Termination (ms): Min: 0.0, Avg: 0.0, Max: 0.0, Diff: 0.0, Sum: 0.1]
         [Termination Attempts: Min: 1, Avg: 5.2, Max: 11, Diff: 10, Sum: 21]
      [GC Worker Other (ms): Min: 0.0, Avg: 0.1, Max: 0.1, Diff: 0.1, Sum: 0.2]
      [GC Worker Total (ms): Min: 48.9, Avg: 48.9, Max: 49.0, Diff: 0.1, Sum: 195.8]
      [GC Worker End (ms): Min: 694604.4, Avg: 694604.4, Max: 694604.5, Diff: 0.1]
   [Code Root Fixup: 0.2 ms]
   [Code Root Purge: 0.0 ms]
   [Clear CT: 0.3 ms]
   [Other: 3.9 ms]
      [Choose CSet: 0.0 ms]
      [Ref Proc: 2.0 ms]
      [Ref Enq: 0.2 ms]
      [Redirty Cards: 0.2 ms]
      [Humongous Register: 0.1 ms]
      [Humongous Reclaim: 0.0 ms]
      [Free CSet: 1.0 ms]
   [Eden: 1058.0M(1058.0M)->0.0B(1086.0M) Survivors: 63488.0K->34816.0K Heap: 1401.0M(1868.0M)->325.7M(1868.0M)]
Heap after GC invocations=34 (full 0):
 garbage-first heap   total 1912832K, used 333496K [0x000000008b400000, 0x000000008b503a60, 0x0000000100000000)
  region size 1024K, 34 young (34816K), 34 survivors (34816K)
 Metaspace       used 146388K, capacity 153421K, committed 153776K, reserved 1181696K
  class space    used 19721K, capacity 21056K, committed 21168K, reserved 1048576K
}
 [Times: user=0.18 sys=0.00, real=0.06 secs] 
2020-07-20T09:20:58.673+0000: 694.609: Total time for which application threads were stopped: 0.0544220 seconds, Stopping threads took: 0.0001202 seconds
{Heap before GC invocations=34 (full 0):
 garbage-first heap   total 1912832K, used 1446072K [0x000000008b400000, 0x000000008b503a60, 0x0000000100000000)
  region size 1024K, 1120 young (1146880K), 34 survivors (34816K)
 Metaspace       used 146430K, capacity 153485K, committed 153776K, reserved 1181696K
  class space    used 19721K, capacity 21056K, committed 21168K, reserved 1048576K
2020-07-20T09:21:06.647+0000: 702.583: [GC pause (G1 Evacuation Pause) (young)
Desired survivor size 73400320 bytes, new threshold 15 (max 15)
- age   1:   20201720 bytes,   20201720 total
- age   2:     149880 bytes,   20351600 total
- age   3:    2242400 bytes,   22594000 total
- age   4:     424816 bytes,   23018816 total
- age   5:      20608 bytes,   23039424 total
- age   6:    2636832 bytes,   25676256 total
- age   7:    3416856 bytes,   29093112 total
- age   8:     162120 bytes,   29255232 total
- age   9:      41064 bytes,   29296296 total
- age  10:      68576 bytes,   29364872 total
- age  11:      33784 bytes,   29398656 total
- age  12:     106416 bytes,   29505072 total
- age  13:     345488 bytes,   29850560 total
- age  14:    2112088 bytes,   31962648 total
- age  15:    1185616 bytes,   33148264 total
, 0.0739053 secs]
   [Parallel Time: 69.9 ms, GC Workers: 4]
      [GC Worker Start (ms): Min: 702583.3, Avg: 702583.4, Max: 702583.4, Diff: 0.1]
      [Ext Root Scanning (ms): Min: 5.4, Avg: 6.0, Max: 7.6, Diff: 2.2, Sum: 24.1]
      [Update RS (ms): Min: 4.9, Avg: 6.3, Max: 6.8, Diff: 1.9, Sum: 25.1]
         [Processed Buffers: Min: 13, Avg: 23.2, Max: 28, Diff: 15, Sum: 93]
      [Scan RS (ms): Min: 0.9, Avg: 1.0, Max: 1.1, Diff: 0.2, Sum: 4.1]
      [Code Root Scanning (ms): Min: 0.0, Avg: 0.5, Max: 0.9, Diff: 0.9, Sum: 1.9]
      [Object Copy (ms): Min: 55.5, Avg: 55.8, Max: 56.3, Diff: 0.8, Sum: 223.4]
      [Termination (ms): Min: 0.0, Avg: 0.0, Max: 0.0, Diff: 0.0, Sum: 0.0]
         [Termination Attempts: Min: 1, Avg: 5.5, Max: 9, Diff: 8, Sum: 22]
      [GC Worker Other (ms): Min: 0.1, Avg: 0.1, Max: 0.1, Diff: 0.1, Sum: 0.5]
      [GC Worker Total (ms): Min: 69.7, Avg: 69.8, Max: 69.8, Diff: 0.1, Sum: 279.1]
      [GC Worker End (ms): Min: 702653.1, Avg: 702653.1, Max: 702653.2, Diff: 0.1]
   [Code Root Fixup: 0.1 ms]
   [Code Root Purge: 0.0 ms]
   [Clear CT: 0.3 ms]
   [Other: 3.6 ms]
      [Choose CSet: 0.0 ms]
      [Ref Proc: 1.8 ms]
      [Ref Enq: 0.1 ms]
      [Redirty Cards: 0.1 ms]
      [Humongous Register: 0.1 ms]
      [Humongous Reclaim: 0.0 ms]
      [Free CSet: 1.0 ms]
   [Eden: 1086.0M(1086.0M)->0.0B(1070.0M) Survivors: 34816.0K->51200.0K Heap: 1412.2M(1868.0M)->345.0M(1868.0M)]
Heap after GC invocations=35 (full 0):
 garbage-first heap   total 1912832K, used 353280K [0x000000008b400000, 0x000000008b503a60, 0x0000000100000000)
  region size 1024K, 50 young (51200K), 50 survivors (51200K)
 Metaspace       used 146430K, capacity 153485K, committed 153776K, reserved 1181696K
  class space    used 19721K, capacity 21056K, committed 21168K, reserved 1048576K
}
 [Times: user=0.26 sys=0.00, real=0.08 secs] 
2020-07-20T09:21:06.721+0000: 702.657: Total time for which application threads were stopped: 0.0800204 seconds, Stopping threads took: 0.0047552 seconds
{Heap before GC invocations=35 (full 0):
 garbage-first heap   total 1912832K, used 1451008K [0x000000008b400000, 0x000000008b503a60, 0x0000000100000000)
  region size 1024K, 1120 young (1146880K), 50 survivors (51200K)
 Metaspace       used 146459K, capacity 153485K, committed 153776K, reserved 1181696K
  class space    used 19721K, capacity 21056K, committed 21168K, reserved 1048576K
2020-07-20T09:21:17.585+0000: 713.521: [GC pause (G1 Evacuation Pause) (young)
Desired survivor size 73400320 bytes, new threshold 15 (max 15)
- age   1:   25430528 bytes,   25430528 total
- age   2:   15439440 bytes,   40869968 total
- age   3:     143872 bytes,   41013840 total
- age   4:     673856 bytes,   41687696 total
- age   5:     108216 bytes,   41795912 total
- age   6:      19808 bytes,   41815720 total
- age   7:    2633976 bytes,   44449696 total
- age   8:    3415144 bytes,   47864840 total
- age   9:     161480 bytes,   48026320 total
- age  10:      40696 bytes,   48067016 total
- age  11:      67920 bytes,   48134936 total
- age  12:      33184 bytes,   48168120 total
- age  13:     106232 bytes,   48274352 total
- age  14:     345488 bytes,   48619840 total
- age  15:    2109592 bytes,   50729432 total
, 0.0550039 secs]
   [Parallel Time: 50.0 ms, GC Workers: 4]
      [GC Worker Start (ms): Min: 713521.7, Avg: 713523.5, Max: 713528.6, Diff: 6.9]
      [Ext Root Scanning (ms): Min: 0.5, Avg: 5.4, Max: 7.5, Diff: 6.9, Sum: 21.5]
      [Update RS (ms): Min: 4.9, Avg: 4.9, Max: 5.0, Diff: 0.1, Sum: 19.8]
         [Processed Buffers: Min: 12, Avg: 19.8, Max: 27, Diff: 15, Sum: 79]
      [Scan RS (ms): Min: 0.3, Avg: 0.3, Max: 0.3, Diff: 0.1, Sum: 1.1]
      [Code Root Scanning (ms): Min: 0.0, Avg: 0.6, Max: 1.3, Diff: 1.2, Sum: 2.6]
      [Object Copy (ms): Min: 35.8, Avg: 36.7, Max: 37.7, Diff: 1.9, Sum: 146.8]
      [Termination (ms): Min: 0.0, Avg: 0.0, Max: 0.1, Diff: 0.1, Sum: 0.1]
         [Termination Attempts: Min: 2, Avg: 4.2, Max: 8, Diff: 6, Sum: 17]
      [GC Worker Other (ms): Min: 0.0, Avg: 0.0, Max: 0.0, Diff: 0.0, Sum: 0.1]
      [GC Worker Total (ms): Min: 42.9, Avg: 48.0, Max: 49.8, Diff: 6.9, Sum: 192.1]
      [GC Worker End (ms): Min: 713571.5, Avg: 713571.5, Max: 713571.5, Diff: 0.0]
   [Code Root Fixup: 0.1 ms]
   [Code Root Purge: 0.0 ms]
   [Clear CT: 0.5 ms]
   [Other: 4.4 ms]
      [Choose CSet: 0.0 ms]
      [Ref Proc: 2.3 ms]
      [Ref Enq: 0.2 ms]
      [Redirty Cards: 0.1 ms]
      [Humongous Register: 0.1 ms]
      [Humongous Reclaim: 0.1 ms]
      [Free CSet: 0.9 ms]
   [Eden: 1070.0M(1070.0M)->0.0B(1083.0M) Survivors: 51200.0K->37888.0K Heap: 1417.0M(1868.0M)->333.8M(1868.0M)]
Heap after GC invocations=36 (full 0):
 garbage-first heap   total 1912832K, used 341768K [0x000000008b400000, 0x000000008b503a60, 0x0000000100000000)
  region size 1024K, 37 young (37888K), 37 survivors (37888K)
 Metaspace       used 146459K, capacity 153485K, committed 153776K, reserved 1181696K
  class space    used 19721K, capacity 21056K, committed 21168K, reserved 1048576K
}
 [Times: user=0.18 sys=0.00, real=0.05 secs] 
2020-07-20T09:21:17.641+0000: 713.576: Total time for which application threads were stopped: 0.0573521 seconds, Stopping threads took: 0.0005128 seconds
{Heap before GC invocations=36 (full 0):
 garbage-first heap   total 1912832K, used 1452808K [0x000000008b400000, 0x000000008b503a60, 0x0000000100000000)
  region size 1024K, 1120 young (1146880K), 37 survivors (37888K)
 Metaspace       used 146493K, capacity 153559K, committed 153776K, reserved 1181696K
  class space    used 19722K, capacity 21057K, committed 21168K, reserved 1048576K
2020-07-20T09:21:42.709+0000: 738.645: [GC pause (G1 Evacuation Pause) (young)
Desired survivor size 73400320 bytes, new threshold 15 (max 15)
- age   1:   21111904 bytes,   21111904 total
- age   2:    4874248 bytes,   25986152 total
- age   3:    2134256 bytes,   28120408 total
- age   4:     139200 bytes,   28259608 total
- age   5:     649704 bytes,   28909312 total
- age   6:     102384 bytes,   29011696 total
- age   7:      17584 bytes,   29029280 total
- age   8:    2626720 bytes,   31656000 total
- age   9:    3414088 bytes,   35070088 total
- age  10:     142728 bytes,   35212816 total
- age  11:      24264 bytes,   35237080 total
- age  12:      66464 bytes,   35303544 total
- age  13:      32608 bytes,   35336152 total
- age  14:     105952 bytes,   35442104 total
- age  15:     345280 bytes,   35787384 total
, 0.0903273 secs]
   [Parallel Time: 85.7 ms, GC Workers: 4]
      [GC Worker Start (ms): Min: 738645.7, Avg: 738645.8, Max: 738645.8, Diff: 0.1]
      [Ext Root Scanning (ms): Min: 6.1, Avg: 6.7, Max: 8.8, Diff: 2.7, Sum: 27.0]
      [Update RS (ms): Min: 4.1, Avg: 5.8, Max: 6.3, Diff: 2.3, Sum: 23.0]
         [Processed Buffers: Min: 15, Avg: 23.5, Max: 34, Diff: 19, Sum: 94]
      [Scan RS (ms): Min: 0.3, Avg: 0.3, Max: 0.3, Diff: 0.1, Sum: 1.2]
      [Code Root Scanning (ms): Min: 0.0, Avg: 0.4, Max: 0.9, Diff: 0.9, Sum: 1.7]
      [Object Copy (ms): Min: 71.6, Avg: 72.1, Max: 72.7, Diff: 1.1, Sum: 288.5]
      [Termination (ms): Min: 0.0, Avg: 0.0, Max: 0.1, Diff: 0.1, Sum: 0.2]
         [Termination Attempts: Min: 2, Avg: 5.8, Max: 8, Diff: 6, Sum: 23]
      [GC Worker Other (ms): Min: 0.0, Avg: 0.1, Max: 0.1, Diff: 0.1, Sum: 0.2]
      [GC Worker Total (ms): Min: 85.4, Avg: 85.4, Max: 85.5, Diff: 0.1, Sum: 341.8]
      [GC Worker End (ms): Min: 738731.2, Avg: 738731.2, Max: 738731.2, Diff: 0.1]
   [Code Root Fixup: 0.1 ms]
   [Code Root Purge: 0.0 ms]
   [Clear CT: 0.4 ms]
   [Other: 4.2 ms]
      [Choose CSet: 0.0 ms]
      [Ref Proc: 1.8 ms]
      [Ref Enq: 0.2 ms]
      [Redirty Cards: 0.1 ms]
      [Humongous Register: 0.2 ms]
      [Humongous Reclaim: 0.0 ms]
      [Free CSet: 1.0 ms]
   [Eden: 1083.0M(1083.0M)->0.0B(1054.0M) Survivors: 37888.0K->67584.0K Heap: 1418.8M(1868.0M)->367.4M(1868.0M)]
Heap after GC invocations=37 (full 0):
 garbage-first heap   total 1912832K, used 376263K [0x000000008b400000, 0x000000008b503a60, 0x0000000100000000)
  region size 1024K, 66 young (67584K), 66 survivors (67584K)
 Metaspace       used 146493K, capacity 153559K, committed 153776K, reserved 1181696K
  class space    used 19722K, capacity 21057K, committed 21168K, reserved 1048576K
}
 [Times: user=0.29 sys=0.00, real=0.09 secs] 
2020-07-20T09:21:42.800+0000: 738.735: Total time for which application threads were stopped: 0.0988900 seconds, Stopping threads took: 0.0062871 seconds
{Heap before GC invocations=37 (full 0):
 garbage-first heap   total 1912832K, used 1457607K [0x000000008b400000, 0x000000008b503a60, 0x0000000100000000)
  region size 1024K, 1120 young (1146880K), 66 survivors (67584K)
 Metaspace       used 146498K, capacity 153559K, committed 153776K, reserved 1181696K
  class space    used 19722K, capacity 21057K, committed 21168K, reserved 1048576K
2020-07-20T09:21:52.178+0000: 748.114: [GC pause (G1 Evacuation Pause) (young)
Desired survivor size 73400320 bytes, new threshold 15 (max 15)
- age   1:   38516896 bytes,   38516896 total
- age   2:   16324392 bytes,   54841288 total
- age   3:    3281328 bytes,   58122616 total
- age   4:    2124024 bytes,   60246640 total
- age   5:      30960 bytes,   60277600 total
- age   6:     428760 bytes,   60706360 total
- age   7:     100576 bytes,   60806936 total
- age   8:      16416 bytes,   60823352 total
- age   9:    2625832 bytes,   63449184 total
- age  10:    3413064 bytes,   66862248 total
- age  11:     139624 bytes,   67001872 total
- age  12:      23896 bytes,   67025768 total
- age  13:      65672 bytes,   67091440 total
- age  14:      32264 bytes,   67123704 total
- age  15:     105488 bytes,   67229192 total
, 0.0681620 secs]
   [Parallel Time: 64.0 ms, GC Workers: 4]
      [GC Worker Start (ms): Min: 748114.7, Avg: 748114.7, Max: 748114.8, Diff: 0.1]
      [Ext Root Scanning (ms): Min: 5.9, Avg: 6.7, Max: 8.8, Diff: 2.9, Sum: 26.7]
      [Update RS (ms): Min: 1.5, Avg: 3.2, Max: 3.8, Diff: 2.3, Sum: 12.8]
         [Processed Buffers: Min: 7, Avg: 16.8, Max: 24, Diff: 17, Sum: 67]
      [Scan RS (ms): Min: 0.3, Avg: 0.3, Max: 0.4, Diff: 0.1, Sum: 1.3]
      [Code Root Scanning (ms): Min: 0.0, Avg: 0.3, Max: 0.5, Diff: 0.4, Sum: 1.0]
      [Object Copy (ms): Min: 53.0, Avg: 53.1, Max: 53.3, Diff: 0.4, Sum: 212.4]
      [Termination (ms): Min: 0.0, Avg: 0.0, Max: 0.0, Diff: 0.0, Sum: 0.1]
         [Termination Attempts: Min: 13, Avg: 17.0, Max: 23, Diff: 10, Sum: 68]
      [GC Worker Other (ms): Min: 0.1, Avg: 0.1, Max: 0.2, Diff: 0.1, Sum: 0.4]
      [GC Worker Total (ms): Min: 63.7, Avg: 63.7, Max: 63.8, Diff: 0.1, Sum: 254.8]
      [GC Worker End (ms): Min: 748178.4, Avg: 748178.4, Max: 748178.5, Diff: 0.1]
   [Code Root Fixup: 0.0 ms]
   [Code Root Purge: 0.0 ms]
   [Clear CT: 0.4 ms]
   [Other: 3.8 ms]
      [Choose CSet: 0.0 ms]
      [Ref Proc: 1.7 ms]
      [Ref Enq: 0.1 ms]
      [Redirty Cards: 0.2 ms]
      [Humongous Register: 0.1 ms]
      [Humongous Reclaim: 0.1 ms]
      [Free CSet: 1.0 ms]
   [Eden: 1054.0M(1054.0M)->0.0B(1065.0M) Survivors: 67584.0K->56320.0K Heap: 1423.4M(1868.0M)->357.5M(1868.0M)]
Heap after GC invocations=38 (full 0):
 garbage-first heap   total 1912832K, used 366114K [0x000000008b400000, 0x000000008b503a60, 0x0000000100000000)
  region size 1024K, 55 young (56320K), 55 survivors (56320K)
 Metaspace       used 146498K, capacity 153559K, committed 153776K, reserved 1181696K
  class space    used 19722K, capacity 21057K, committed 21168K, reserved 1048576K
}
 [Times: user=0.23 sys=0.00, real=0.07 secs] 
2020-07-20T09:21:52.247+0000: 748.183: Total time for which application threads were stopped: 0.0702738 seconds, Stopping threads took: 0.0005414 seconds
{Heap before GC invocations=38 (full 0):
 garbage-first heap   total 1912832K, used 1456674K [0x000000008b400000, 0x000000008b503a60, 0x0000000100000000)
  region size 1024K, 1120 young (1146880K), 55 survivors (56320K)
 Metaspace       used 146508K, capacity 153559K, committed 153776K, reserved 1181696K
  class space    used 19722K, capacity 21057K, committed 21168K, reserved 1048576K
2020-07-20T09:22:01.378+0000: 757.314: [GC pause (G1 Evacuation Pause) (young)
Desired survivor size 73400320 bytes, new threshold 15 (max 15)
- age   1:   34624832 bytes,   34624832 total
- age   2:    7853824 bytes,   42478656 total
- age   3:     818160 bytes,   43296816 total
- age   4:    3280456 bytes,   46577272 total
- age   5:    2118944 bytes,   48696216 total
- age   6:      21952 bytes,   48718168 total
- age   7:     427512 bytes,   49145680 total
- age   8:      99232 bytes,   49244912 total
- age   9:      15560 bytes,   49260472 total
- age  10:    2619760 bytes,   51880232 total
- age  11:    3412848 bytes,   55293080 total
- age  12:     139112 bytes,   55432192 total
- age  13:      19008 bytes,   55451200 total
- age  14:      64288 bytes,   55515488 total
- age  15:      28464 bytes,   55543952 total
, 0.0563491 secs]
   [Parallel Time: 51.9 ms, GC Workers: 4]
      [GC Worker Start (ms): Min: 757314.6, Avg: 757314.7, Max: 757314.7, Diff: 0.1]
      [Ext Root Scanning (ms): Min: 5.3, Avg: 5.5, Max: 5.7, Diff: 0.5, Sum: 21.9]
      [Update RS (ms): Min: 2.5, Avg: 2.5, Max: 2.5, Diff: 0.0, Sum: 10.1]
         [Processed Buffers: Min: 12, Avg: 17.5, Max: 21, Diff: 9, Sum: 70]
      [Scan RS (ms): Min: 0.2, Avg: 0.3, Max: 0.3, Diff: 0.1, Sum: 1.1]
      [Code Root Scanning (ms): Min: 0.0, Avg: 0.1, Max: 0.3, Diff: 0.3, Sum: 0.6]
      [Object Copy (ms): Min: 43.0, Avg: 43.2, Max: 43.4, Diff: 0.4, Sum: 172.8]
      [Termination (ms): Min: 0.0, Avg: 0.1, Max: 0.1, Diff: 0.1, Sum: 0.2]
         [Termination Attempts: Min: 1, Avg: 1.2, Max: 2, Diff: 1, Sum: 5]
      [GC Worker Other (ms): Min: 0.0, Avg: 0.0, Max: 0.0, Diff: 0.0, Sum: 0.1]
      [GC Worker Total (ms): Min: 51.7, Avg: 51.7, Max: 51.7, Diff: 0.1, Sum: 206.8]
      [GC Worker End (ms): Min: 757366.3, Avg: 757366.4, Max: 757366.4, Diff: 0.1]
   [Code Root Fixup: 0.0 ms]
   [Code Root Purge: 0.0 ms]
   [Clear CT: 0.4 ms]
   [Other: 4.0 ms]
      [Choose CSet: 0.0 ms]
      [Ref Proc: 2.1 ms]
      [Ref Enq: 0.1 ms]
      [Redirty Cards: 0.1 ms]
      [Humongous Register: 0.2 ms]
      [Humongous Reclaim: 0.1 ms]
      [Free CSet: 1.0 ms]
   [Eden: 1065.0M(1065.0M)->0.0B(1072.0M) Survivors: 56320.0K->49152.0K Heap: 1422.5M(1868.0M)->348.2M(1868.0M)]
Heap after GC invocations=39 (full 0):
 garbage-first heap   total 1912832K, used 356541K [0x000000008b400000, 0x000000008b503a60, 0x0000000100000000)
  region size 1024K, 48 young (49152K), 48 survivors (49152K)
 Metaspace       used 146508K, capacity 153559K, committed 153776K, reserved 1181696K
  class space    used 19722K, capacity 21057K, committed 21168K, reserved 1048576K
}
 [Times: user=0.19 sys=0.00, real=0.06 secs] 
2020-07-20T09:22:01.435+0000: 757.371: Total time for which application threads were stopped: 0.0584269 seconds, Stopping threads took: 0.0008516 seconds
{Heap before GC invocations=39 (full 0):
 garbage-first heap   total 1912832K, used 1458365K [0x000000008b400000, 0x000000008b503a60, 0x0000000100000000)
  region size 1024K, 1120 young (1146880K), 48 survivors (49152K)
 Metaspace       used 146552K, capacity 153631K, committed 153776K, reserved 1181696K
  class space    used 19722K, capacity 21057K, committed 21168K, reserved 1048576K
2020-07-20T09:22:08.750+0000: 764.686: [GC pause (G1 Evacuation Pause) (young)
Desired survivor size 73400320 bytes, new threshold 15 (max 15)
- age   1:   31834512 bytes,   31834512 total
- age   2:     802824 bytes,   32637336 total
- age   3:    1858704 bytes,   34496040 total
- age   4:     799000 bytes,   35295040 total
- age   5:    3276560 bytes,   38571600 total
- age   6:    1815016 bytes,   40386616 total
- age   7:      21104 bytes,   40407720 total
- age   8:     427064 bytes,   40834784 total
- age   9:      99008 bytes,   40933792 total
- age  10:      15280 bytes,   40949072 total
- age  11:    2618152 bytes,   43567224 total
- age  12:    3412584 bytes,   46979808 total
- age  13:     134128 bytes,   47113936 total
- age  14:      18880 bytes,   47132816 total
- age  15:      64176 bytes,   47196992 total
, 0.0548409 secs]
   [Parallel Time: 44.7 ms, GC Workers: 4]
      [GC Worker Start (ms): Min: 764686.2, Avg: 764686.8, Max: 764688.6, Diff: 2.5]
      [Ext Root Scanning (ms): Min: 4.0, Avg: 6.1, Max: 7.8, Diff: 3.9, Sum: 24.3]
      [Update RS (ms): Min: 3.1, Avg: 3.7, Max: 4.2, Diff: 1.1, Sum: 14.9]
         [Processed Buffers: Min: 10, Avg: 18.2, Max: 29, Diff: 19, Sum: 73]
      [Scan RS (ms): Min: 0.2, Avg: 0.3, Max: 0.5, Diff: 0.3, Sum: 1.3]
      [Code Root Scanning (ms): Min: 0.0, Avg: 0.2, Max: 0.4, Diff: 0.4, Sum: 0.7]
      [Object Copy (ms): Min: 33.3, Avg: 33.5, Max: 33.7, Diff: 0.4, Sum: 134.0]
      [Termination (ms): Min: 0.0, Avg: 0.0, Max: 0.0, Diff: 0.0, Sum: 0.1]
         [Termination Attempts: Min: 1, Avg: 1.2, Max: 2, Diff: 1, Sum: 5]
      [GC Worker Other (ms): Min: 0.0, Avg: 0.0, Max: 0.1, Diff: 0.0, Sum: 0.1]
      [GC Worker Total (ms): Min: 42.0, Avg: 43.8, Max: 44.5, Diff: 2.5, Sum: 175.4]
      [GC Worker End (ms): Min: 764730.6, Avg: 764730.6, Max: 764730.7, Diff: 0.0]
   [Code Root Fixup: 0.0 ms]
   [Code Root Purge: 0.0 ms]
   [Clear CT: 0.4 ms]
   [Other: 9.7 ms]
      [Choose CSet: 0.0 ms]
      [Ref Proc: 7.7 ms]
      [Ref Enq: 0.1 ms]
      [Redirty Cards: 0.1 ms]
      [Humongous Register: 0.2 ms]
      [Humongous Reclaim: 0.1 ms]
      [Free CSet: 1.0 ms]
   [Eden: 1072.0M(1072.0M)->0.0B(1085.0M) Survivors: 49152.0K->35840.0K Heap: 1424.2M(1868.0M)->337.3M(1868.0M)]
Heap after GC invocations=40 (full 0):
 garbage-first heap   total 1912832K, used 345369K [0x000000008b400000, 0x000000008b503a60, 0x0000000100000000)
  region size 1024K, 35 young (35840K), 35 survivors (35840K)
 Metaspace       used 146552K, capacity 153631K, committed 153776K, reserved 1181696K
  class space    used 19722K, capacity 21057K, committed 21168K, reserved 1048576K
}
 [Times: user=0.14 sys=0.01, real=0.06 secs] 
2020-07-20T09:22:08.805+0000: 764.741: Total time for which application threads were stopped: 0.0567566 seconds, Stopping threads took: 0.0003758 seconds
{Heap before GC invocations=40 (full 0):
 garbage-first heap   total 1912832K, used 1456409K [0x000000008b400000, 0x000000008b503a60, 0x0000000100000000)
  region size 1024K, 1120 young (1146880K), 35 survivors (35840K)
 Metaspace       used 146559K, capacity 153631K, committed 153776K, reserved 1181696K
  class space    used 19722K, capacity 21057K, committed 21168K, reserved 1048576K
2020-07-20T09:22:26.914+0000: 782.850: [GC pause (G1 Evacuation Pause) (young)
Desired survivor size 73400320 bytes, new threshold 15 (max 15)
- age   1:   21316336 bytes,   21316336 total
- age   2:     355352 bytes,   21671688 total
- age   3:     251624 bytes,   21923312 total
- age   4:     307224 bytes,   22230536 total
- age   5:     794208 bytes,   23024744 total
- age   6:    3257424 bytes,   26282168 total
- age   7:    1810128 bytes,   28092296 total
- age   8:      20848 bytes,   28113144 total
- age   9:     426840 bytes,   28539984 total
- age  10:      95008 bytes,   28634992 total
- age  11:       7384 bytes,   28642376 total
- age  12:    2486296 bytes,   31128672 total
- age  13:    3231200 bytes,   34359872 total
- age  14:     130792 bytes,   34490664 total
- age  15:      18848 bytes,   34509512 total
, 0.0667772 secs]
   [Parallel Time: 62.2 ms, GC Workers: 4]
      [GC Worker Start (ms): Min: 782850.6, Avg: 782854.6, Max: 782856.6, Diff: 6.0]
      [Ext Root Scanning (ms): Min: 6.1, Avg: 8.2, Max: 12.4, Diff: 6.2, Sum: 33.0]
      [Update RS (ms): Min: 3.5, Avg: 3.5, Max: 3.6, Diff: 0.1, Sum: 14.0]
         [Processed Buffers: Min: 10, Avg: 18.2, Max: 33, Diff: 23, Sum: 73]
      [Scan RS (ms): Min: 0.3, Avg: 0.3, Max: 0.3, Diff: 0.1, Sum: 1.2]
      [Code Root Scanning (ms): Min: 0.0, Avg: 0.2, Max: 0.4, Diff: 0.3, Sum: 0.7]
      [Object Copy (ms): Min: 45.5, Avg: 45.6, Max: 45.7, Diff: 0.2, Sum: 182.5]
      [Termination (ms): Min: 0.0, Avg: 0.0, Max: 0.0, Diff: 0.0, Sum: 0.0]
         [Termination Attempts: Min: 1, Avg: 1.0, Max: 1, Diff: 0, Sum: 4]
      [GC Worker Other (ms): Min: 0.0, Avg: 0.1, Max: 0.1, Diff: 0.1, Sum: 0.3]
      [GC Worker Total (ms): Min: 56.1, Avg: 57.9, Max: 61.9, Diff: 5.9, Sum: 231.7]
      [GC Worker End (ms): Min: 782912.5, Avg: 782912.6, Max: 782912.6, Diff: 0.1]
   [Code Root Fixup: 0.0 ms]
   [Code Root Purge: 0.0 ms]
   [Clear CT: 0.3 ms]
   [Other: 4.2 ms]
      [Choose CSet: 0.0 ms]
      [Ref Proc: 2.0 ms]
      [Ref Enq: 0.1 ms]
      [Redirty Cards: 0.1 ms]
      [Humongous Register: 0.1 ms]
      [Humongous Reclaim: 0.1 ms]
      [Free CSet: 1.1 ms]
   [Eden: 1085.0M(1085.0M)->0.0B(1073.0M) Survivors: 35840.0K->48128.0K Heap: 1422.3M(1868.0M)->347.8M(1868.0M)]
Heap after GC invocations=41 (full 0):
 garbage-first heap   total 1912832K, used 356147K [0x000000008b400000, 0x000000008b503a60, 0x0000000100000000)
  region size 1024K, 47 young (48128K), 47 survivors (48128K)
 Metaspace       used 146559K, capacity 153631K, committed 153776K, reserved 1181696K
  class space    used 19722K, capacity 21057K, committed 21168K, reserved 1048576K
}
 [Times: user=0.20 sys=0.01, real=0.07 secs] 
2020-07-20T09:22:26.981+0000: 782.917: Total time for which application threads were stopped: 0.0693398 seconds, Stopping threads took: 0.0006247 seconds
{Heap before GC invocations=41 (full 0):
 garbage-first heap   total 1912832K, used 1456947K [0x000000008b400000, 0x000000008b503a60, 0x0000000100000000)
  region size 1024K, 1120 young (1146880K), 47 survivors (48128K)
 Metaspace       used 146580K, capacity 153631K, committed 153776K, reserved 1181696K
  class space    used 19722K, capacity 21057K, committed 21168K, reserved 1048576K
2020-07-20T09:22:33.901+0000: 789.837: [GC pause (G1 Evacuation Pause) (young)
Desired survivor size 73400320 bytes, new threshold 15 (max 15)
- age   1:   17365792 bytes,   17365792 total
- age   2:   15766120 bytes,   33131912 total
- age   3:     353184 bytes,   33485096 total
- age   4:     247608 bytes,   33732704 total
- age   5:     293856 bytes,   34026560 total
- age   6:     470584 bytes,   34497144 total
- age   7:    3255552 bytes,   37752696 total
- age   8:    1809248 bytes,   39561944 total
- age   9:      20688 bytes,   39582632 total
- age  10:     423240 bytes,   40005872 total
- age  11:      82672 bytes,   40088544 total
- age  12:       7320 bytes,   40095864 total
- age  13:    2481128 bytes,   42576992 total
- age  14:    3220032 bytes,   45797024 total
- age  15:     130792 bytes,   45927816 total
, 0.0497716 secs]
   [Parallel Time: 45.8 ms, GC Workers: 4]
      [GC Worker Start (ms): Min: 789837.7, Avg: 789837.7, Max: 789837.8, Diff: 0.1]
      [Ext Root Scanning (ms): Min: 4.9, Avg: 5.1, Max: 5.3, Diff: 0.3, Sum: 20.3]
      [Update RS (ms): Min: 3.0, Avg: 3.1, Max: 3.1, Diff: 0.1, Sum: 12.2]
         [Processed Buffers: Min: 10, Avg: 17.8, Max: 29, Diff: 19, Sum: 71]
      [Scan RS (ms): Min: 0.3, Avg: 0.3, Max: 0.4, Diff: 0.1, Sum: 1.4]
      [Code Root Scanning (ms): Min: 0.0, Avg: 0.2, Max: 0.4, Diff: 0.4, Sum: 0.7]
      [Object Copy (ms): Min: 36.8, Avg: 36.9, Max: 37.0, Diff: 0.2, Sum: 147.5]
      [Termination (ms): Min: 0.0, Avg: 0.0, Max: 0.0, Diff: 0.0, Sum: 0.0]
         [Termination Attempts: Min: 1, Avg: 1.2, Max: 2, Diff: 1, Sum: 5]
      [GC Worker Other (ms): Min: 0.1, Avg: 0.1, Max: 0.1, Diff: 0.1, Sum: 0.4]
      [GC Worker Total (ms): Min: 45.6, Avg: 45.6, Max: 45.7, Diff: 0.1, Sum: 182.6]
      [GC Worker End (ms): Min: 789883.3, Avg: 789883.4, Max: 789883.4, Diff: 0.1]
   [Code Root Fixup: 0.0 ms]
   [Code Root Purge: 0.0 ms]
   [Clear CT: 0.4 ms]
   [Other: 3.5 ms]
      [Choose CSet: 0.0 ms]
      [Ref Proc: 1.7 ms]
      [Ref Enq: 0.1 ms]
      [Redirty Cards: 0.1 ms]
      [Humongous Register: 0.1 ms]
      [Humongous Reclaim: 0.1 ms]
      [Free CSet: 1.0 ms]
   [Eden: 1073.0M(1073.0M)->0.0B(1081.0M) Survivors: 48128.0K->39936.0K Heap: 1422.8M(1868.0M)->339.9M(1868.0M)]
Heap after GC invocations=42 (full 0):
 garbage-first heap   total 1912832K, used 348090K [0x000000008b400000, 0x000000008b503a60, 0x0000000100000000)
  region size 1024K, 39 young (39936K), 39 survivors (39936K)
 Metaspace       used 146580K, capacity 153631K, committed 153776K, reserved 1181696K
  class space    used 19722K, capacity 21057K, committed 21168K, reserved 1048576K
}
 [Times: user=0.16 sys=0.00, real=0.04 secs] 
2020-07-20T09:22:33.951+0000: 789.887: Total time for which application threads were stopped: 0.0522079 seconds, Stopping threads took: 0.0016253 seconds
{Heap before GC invocations=42 (full 0):
 garbage-first heap   total 1912832K, used 1457082K [0x000000008b400000, 0x000000008b503a60, 0x0000000100000000)
  region size 1024K, 1120 young (1146880K), 39 survivors (39936K)
 Metaspace       used 146583K, capacity 153631K, committed 153776K, reserved 1181696K
  class space    used 19722K, capacity 21057K, committed 21168K, reserved 1048576K
2020-07-20T09:22:41.671+0000: 797.607: [GC pause (G1 Evacuation Pause) (young)
Desired survivor size 73400320 bytes, new threshold 15 (max 15)
- age   1:   18925112 bytes,   18925112 total
- age   2:    4143952 bytes,   23069064 total
- age   3:    3217896 bytes,   26286960 total
- age   4:     333584 bytes,   26620544 total
- age   5:     244288 bytes,   26864832 total
- age   6:     282928 bytes,   27147760 total
- age   7:     469760 bytes,   27617520 total
- age   8:    3255232 bytes,   30872752 total
- age   9:    1807416 bytes,   32680168 total
- age  10:      12560 bytes,   32692728 total
- age  11:     415848 bytes,   33108576 total
- age  12:      82304 bytes,   33190880 total
- age  13:       7224 bytes,   33198104 total
- age  14:    2481032 bytes,   35679136 total
- age  15:    3220032 bytes,   38899168 total
, 0.0960463 secs]
   [Parallel Time: 91.5 ms, GC Workers: 4]
      [GC Worker Start (ms): Min: 797607.0, Avg: 797608.1, Max: 797609.3, Diff: 2.3]
      [Ext Root Scanning (ms): Min: 4.9, Avg: 8.0, Max: 15.3, Diff: 10.4, Sum: 32.1]
      [Update RS (ms): Min: 0.0, Avg: 5.3, Max: 7.5, Diff: 7.5, Sum: 21.1]
         [Processed Buffers: Min: 0, Avg: 19.5, Max: 51, Diff: 51, Sum: 78]
      [Scan RS (ms): Min: 0.1, Avg: 0.3, Max: 0.5, Diff: 0.5, Sum: 1.2]
      [Code Root Scanning (ms): Min: 0.0, Avg: 1.8, Max: 7.1, Diff: 7.1, Sum: 7.4]
      [Object Copy (ms): Min: 69.8, Avg: 74.7, Max: 76.6, Diff: 6.8, Sum: 298.6]
      [Termination (ms): Min: 0.0, Avg: 0.0, Max: 0.0, Diff: 0.0, Sum: 0.0]
         [Termination Attempts: Min: 1, Avg: 1.5, Max: 2, Diff: 1, Sum: 6]
      [GC Worker Other (ms): Min: 0.0, Avg: 0.1, Max: 0.2, Diff: 0.1, Sum: 0.4]
      [GC Worker Total (ms): Min: 88.9, Avg: 90.2, Max: 91.4, Diff: 2.4, Sum: 360.8]
      [GC Worker End (ms): Min: 797698.3, Avg: 797698.3, Max: 797698.4, Diff: 0.1]
   [Code Root Fixup: 0.1 ms]
   [Code Root Purge: 0.0 ms]
   [Clear CT: 0.4 ms]
   [Other: 4.1 ms]
      [Choose CSet: 0.0 ms]
      [Ref Proc: 2.1 ms]
      [Ref Enq: 0.2 ms]
      [Redirty Cards: 0.1 ms]
      [Humongous Register: 0.1 ms]
      [Humongous Reclaim: 0.0 ms]
      [Free CSet: 0.9 ms]
   [Eden: 1081.0M(1081.0M)->0.0B(1051.0M) Survivors: 39936.0K->70656.0K Heap: 1422.9M(1868.0M)->375.1M(1868.0M)]
Heap after GC invocations=43 (full 0):
 garbage-first heap   total 1912832K, used 384065K [0x000000008b400000, 0x000000008b503a60, 0x0000000100000000)
  region size 1024K, 69 young (70656K), 69 survivors (70656K)
 Metaspace       used 146583K, capacity 153631K, committed 153776K, reserved 1181696K
  class space    used 19722K, capacity 21057K, committed 21168K, reserved 1048576K
}
 [Times: user=0.31 sys=0.01, real=0.10 secs] 
2020-07-20T09:22:41.767+0000: 797.703: Total time for which application threads were stopped: 0.1004744 seconds, Stopping threads took: 0.0028936 seconds
{Heap before GC invocations=43 (full 0):
 garbage-first heap   total 1912832K, used 1462337K [0x000000008b400000, 0x000000008b503a60, 0x0000000100000000)
  region size 1024K, 1120 young (1146880K), 69 survivors (70656K)
 Metaspace       used 146590K, capacity 153635K, committed 153776K, reserved 1181696K
  class space    used 19722K, capacity 21057K, committed 21168K, reserved 1048576K
2020-07-20T09:22:49.394+0000: 805.330: [GC pause (G1 Evacuation Pause) (young)
Desired survivor size 73400320 bytes, new threshold 15 (max 15)
- age   1:   41793560 bytes,   41793560 total
- age   2:   14215488 bytes,   56009048 total
- age   3:    4120880 bytes,   60129928 total
- age   4:    1734560 bytes,   61864488 total
- age   5:     332728 bytes,   62197216 total
- age   6:     243552 bytes,   62440768 total
- age   7:     275472 bytes,   62716240 total
- age   8:     466392 bytes,   63182632 total
- age   9:    3254848 bytes,   66437480 total
- age  10:    1791256 bytes,   68228736 total
- age  11:      12272 bytes,   68241008 total
- age  12:     415408 bytes,   68656416 total
- age  13:      82096 bytes,   68738512 total
- age  14:       7128 bytes,   68745640 total
- age  15:    2480936 bytes,   71226576 total
, 0.0917038 secs]
   [Parallel Time: 87.8 ms, GC Workers: 4]
      [GC Worker Start (ms): Min: 805330.3, Avg: 805330.3, Max: 805330.3, Diff: 0.1]
      [Ext Root Scanning (ms): Min: 5.9, Avg: 6.9, Max: 9.8, Diff: 3.8, Sum: 27.7]
      [Update RS (ms): Min: 7.7, Avg: 10.2, Max: 11.2, Diff: 3.5, Sum: 40.9]
         [Processed Buffers: Min: 11, Avg: 22.5, Max: 41, Diff: 30, Sum: 90]
      [Scan RS (ms): Min: 0.2, Avg: 0.3, Max: 0.4, Diff: 0.1, Sum: 1.4]
      [Code Root Scanning (ms): Min: 0.0, Avg: 0.2, Max: 0.4, Diff: 0.4, Sum: 0.7]
      [Object Copy (ms): Min: 69.7, Avg: 69.9, Max: 70.2, Diff: 0.5, Sum: 279.5]
      [Termination (ms): Min: 0.0, Avg: 0.0, Max: 0.1, Diff: 0.1, Sum: 0.1]
         [Termination Attempts: Min: 4, Avg: 7.2, Max: 10, Diff: 6, Sum: 29]
      [GC Worker Other (ms): Min: 0.0, Avg: 0.1, Max: 0.1, Diff: 0.1, Sum: 0.3]
      [GC Worker Total (ms): Min: 87.6, Avg: 87.7, Max: 87.7, Diff: 0.1, Sum: 350.6]
      [GC Worker End (ms): Min: 805417.9, Avg: 805418.0, Max: 805418.0, Diff: 0.1]
   [Code Root Fixup: 0.0 ms]
   [Code Root Purge: 0.0 ms]
   [Clear CT: 0.4 ms]
   [Other: 3.5 ms]
      [Choose CSet: 0.0 ms]
      [Ref Proc: 1.7 ms]
      [Ref Enq: 0.1 ms]
      [Redirty Cards: 0.2 ms]
      [Humongous Register: 0.1 ms]
      [Humongous Reclaim: 0.1 ms]
      [Free CSet: 1.0 ms]
   [Eden: 1051.0M(1051.0M)->0.0B(1064.0M) Survivors: 70656.0K->57344.0K Heap: 1428.1M(1868.0M)->366.0M(1868.0M)]
Heap after GC invocations=44 (full 0):
 garbage-first heap   total 1912832K, used 374784K [0x000000008b400000, 0x000000008b503a60, 0x0000000100000000)
  region size 1024K, 56 young (57344K), 56 survivors (57344K)
 Metaspace       used 146590K, capacity 153635K, committed 153776K, reserved 1181696K
  class space    used 19722K, capacity 21057K, committed 21168K, reserved 1048576K
}
 [Times: user=0.28 sys=0.01, real=0.09 secs] 
2020-07-20T09:22:49.486+0000: 805.422: Total time for which application threads were stopped: 0.0957131 seconds, Stopping threads took: 0.0024387 seconds
{Heap before GC invocations=44 (full 0):
 garbage-first heap   total 1912832K, used 1464320K [0x000000008b400000, 0x000000008b503a60, 0x0000000100000000)
  region size 1024K, 1120 young (1146880K), 56 survivors (57344K)
 Metaspace       used 146636K, capacity 153699K, committed 154032K, reserved 1181696K
  class space    used 19722K, capacity 21057K, committed 21168K, reserved 1048576K
2020-07-20T09:23:11.718+0000: 827.654: [GC pause (G1 Evacuation Pause) (young)
Desired survivor size 73400320 bytes, new threshold 15 (max 15)
- age   1:   34871184 bytes,   34871184 total
- age   2:    9763496 bytes,   44634680 total
- age   3:     482632 bytes,   45117312 total
- age   4:    4120192 bytes,   49237504 total
- age   5:    1733720 bytes,   50971224 total
- age   6:     332216 bytes,   51303440 total
- age   7:     164664 bytes,   51468104 total
- age   8:      50704 bytes,   51518808 total
- age   9:     464040 bytes,   51982848 total
- age  10:    3254720 bytes,   55237568 total
- age  11:    1787888 bytes,   57025456 total
- age  12:      12080 bytes,   57037536 total
- age  13:     415152 bytes,   57452688 total
- age  14:      82000 bytes,   57534688 total
- age  15:       7032 bytes,   57541720 total
, 0.0744280 secs]
   [Parallel Time: 69.5 ms, GC Workers: 4]
      [GC Worker Start (ms): Min: 827654.4, Avg: 827654.5, Max: 827654.5, Diff: 0.1]
      [Ext Root Scanning (ms): Min: 5.4, Avg: 6.0, Max: 7.4, Diff: 2.0, Sum: 24.1]
      [Update RS (ms): Min: 8.3, Avg: 9.2, Max: 9.5, Diff: 1.2, Sum: 36.9]
         [Processed Buffers: Min: 12, Avg: 26.2, Max: 41, Diff: 29, Sum: 105]
      [Scan RS (ms): Min: 0.3, Avg: 0.4, Max: 0.6, Diff: 0.2, Sum: 1.7]
      [Code Root Scanning (ms): Min: 0.0, Avg: 0.2, Max: 0.6, Diff: 0.6, Sum: 0.9]
      [Object Copy (ms): Min: 53.2, Avg: 53.4, Max: 53.6, Diff: 0.4, Sum: 213.5]
      [Termination (ms): Min: 0.0, Avg: 0.0, Max: 0.0, Diff: 0.0, Sum: 0.1]
         [Termination Attempts: Min: 1, Avg: 3.8, Max: 6, Diff: 5, Sum: 15]
      [GC Worker Other (ms): Min: 0.0, Avg: 0.0, Max: 0.1, Diff: 0.0, Sum: 0.2]
      [GC Worker Total (ms): Min: 69.3, Avg: 69.3, Max: 69.4, Diff: 0.1, Sum: 277.3]
      [GC Worker End (ms): Min: 827723.8, Avg: 827723.8, Max: 827723.8, Diff: 0.0]
   [Code Root Fixup: 0.1 ms]
   [Code Root Purge: 0.0 ms]
   [Clear CT: 0.4 ms]
   [Other: 4.4 ms]
      [Choose CSet: 0.0 ms]
      [Ref Proc: 2.5 ms]
      [Ref Enq: 0.2 ms]
      [Redirty Cards: 0.2 ms]
      [Humongous Register: 0.2 ms]
      [Humongous Reclaim: 0.1 ms]
      [Free CSet: 0.9 ms]
   [Eden: 1064.0M(1064.0M)->0.0B(1073.0M) Survivors: 57344.0K->48128.0K Heap: 1430.0M(1868.0M)->356.5M(1868.0M)]
Heap after GC invocations=45 (full 0):
 garbage-first heap   total 1912832K, used 365056K [0x000000008b400000, 0x000000008b503a60, 0x0000000100000000)
  region size 1024K, 47 young (48128K), 47 survivors (48128K)
 Metaspace       used 146636K, capacity 153699K, committed 154032K, reserved 1181696K
  class space    used 19722K, capacity 21057K, committed 21168K, reserved 1048576K
}
 [Times: user=0.23 sys=0.01, real=0.07 secs] 
2020-07-20T09:23:11.793+0000: 827.729: Total time for which application threads were stopped: 0.0786040 seconds, Stopping threads took: 0.0026568 seconds
{Heap before GC invocations=45 (full 0):
 garbage-first heap   total 1912832K, used 1467904K [0x000000008b400000, 0x000000008b503a60, 0x0000000100000000)
  region size 1024K, 1120 young (1146880K), 47 survivors (48128K)
 Metaspace       used 146650K, capacity 153703K, committed 154032K, reserved 1181696K
  class space    used 19722K, capacity 21057K, committed 21168K, reserved 1048576K
2020-07-20T09:23:17.120+0000: 833.056: [GC pause (G1 Evacuation Pause) (young)
Desired survivor size 73400320 bytes, new threshold 15 (max 15)
- age   1:   30883016 bytes,   30883016 total
- age   2:    3027680 bytes,   33910696 total
- age   3:     305216 bytes,   34215912 total
- age   4:     420080 bytes,   34635992 total
- age   5:    4083192 bytes,   38719184 total
- age   6:    1413840 bytes,   40133024 total
- age   7:      84584 bytes,   40217608 total
- age   8:     100496 bytes,   40318104 total
- age   9:      50056 bytes,   40368160 total
- age  10:     462680 bytes,   40830840 total
- age  11:    3254544 bytes,   44085384 total
- age  12:    1787616 bytes,   45873000 total
- age  13:      11920 bytes,   45884920 total
- age  14:     415088 bytes,   46300008 total
- age  15:      81664 bytes,   46381672 total
, 0.0486616 secs]
   [Parallel Time: 44.4 ms, GC Workers: 4]
      [GC Worker Start (ms): Min: 833056.5, Avg: 833056.6, Max: 833056.6, Diff: 0.1]
      [Ext Root Scanning (ms): Min: 6.0, Avg: 6.9, Max: 9.4, Diff: 3.5, Sum: 27.4]
      [Update RS (ms): Min: 1.5, Avg: 3.4, Max: 4.1, Diff: 2.7, Sum: 13.7]
         [Processed Buffers: Min: 3, Avg: 17.5, Max: 34, Diff: 31, Sum: 70]
      [Scan RS (ms): Min: 0.1, Avg: 0.3, Max: 0.5, Diff: 0.5, Sum: 1.3]
      [Code Root Scanning (ms): Min: 0.0, Avg: 0.2, Max: 0.6, Diff: 0.6, Sum: 1.0]
      [Object Copy (ms): Min: 32.9, Avg: 33.2, Max: 33.6, Diff: 0.7, Sum: 132.8]
      [Termination (ms): Min: 0.0, Avg: 0.0, Max: 0.0, Diff: 0.0, Sum: 0.0]
         [Termination Attempts: Min: 1, Avg: 1.0, Max: 1, Diff: 0, Sum: 4]
      [GC Worker Other (ms): Min: 0.1, Avg: 0.1, Max: 0.2, Diff: 0.1, Sum: 0.6]
      [GC Worker Total (ms): Min: 44.1, Avg: 44.2, Max: 44.3, Diff: 0.2, Sum: 176.8]
      [GC Worker End (ms): Min: 833100.7, Avg: 833100.8, Max: 833100.8, Diff: 0.1]
   [Code Root Fixup: 0.0 ms]
   [Code Root Purge: 0.0 ms]
   [Clear CT: 0.4 ms]
   [Other: 3.8 ms]
      [Choose CSet: 0.0 ms]
      [Ref Proc: 2.0 ms]
      [Ref Enq: 0.2 ms]
      [Redirty Cards: 0.2 ms]
      [Humongous Register: 0.1 ms]
      [Humongous Reclaim: 0.1 ms]
      [Free CSet: 0.9 ms]
   [Eden: 1073.0M(1073.0M)->0.0B(1084.0M) Survivors: 48128.0K->36864.0K Heap: 1433.5M(1868.0M)->348.1M(1868.0M)]
Heap after GC invocations=46 (full 0):
 garbage-first heap   total 1912832K, used 356431K [0x000000008b400000, 0x000000008b503a60, 0x0000000100000000)
  region size 1024K, 36 young (36864K), 36 survivors (36864K)
 Metaspace       used 146650K, capacity 153703K, committed 154032K, reserved 1181696K
  class space    used 19722K, capacity 21057K, committed 21168K, reserved 1048576K
}
 [Times: user=0.16 sys=0.00, real=0.05 secs] 
2020-07-20T09:23:17.169+0000: 833.105: Total time for which application threads were stopped: 0.0514052 seconds, Stopping threads took: 0.0010435 seconds
{Heap before GC invocations=46 (full 0):
 garbage-first heap   total 1912832K, used 1466447K [0x000000008b400000, 0x000000008b503a60, 0x0000000100000000)
  region size 1024K, 1120 young (1146880K), 36 survivors (36864K)
 Metaspace       used 146725K, capacity 153811K, committed 154032K, reserved 1181696K
  class space    used 19722K, capacity 21057K, committed 21168K, reserved 1048576K
2020-07-20T09:23:22.158+0000: 838.093: [GC pause (G1 Evacuation Pause) (young)
Desired survivor size 73400320 bytes, new threshold 15 (max 15)
- age   1:   21153544 bytes,   21153544 total
- age   2:    1898472 bytes,   23052016 total
- age   3:     255272 bytes,   23307288 total
- age   4:     302224 bytes,   23609512 total
- age   5:     419440 bytes,   24028952 total
- age   6:    3820040 bytes,   27848992 total
- age   7:    1383752 bytes,   29232744 total
- age   8:      83944 bytes,   29316688 total
- age   9:     100168 bytes,   29416856 total
- age  10:      49328 bytes,   29466184 total
- age  11:     443784 bytes,   29909968 total
- age  12:    3254416 bytes,   33164384 total
- age  13:    1782616 bytes,   34947000 total
- age  14:      10664 bytes,   34957664 total
- age  15:     411328 bytes,   35368992 total
, 0.0713425 secs]
   [Parallel Time: 67.3 ms, GC Workers: 4]
      [GC Worker Start (ms): Min: 838093.7, Avg: 838093.7, Max: 838093.8, Diff: 0.1]
      [Ext Root Scanning (ms): Min: 4.9, Avg: 5.0, Max: 5.2, Diff: 0.3, Sum: 20.0]
      [Update RS (ms): Min: 4.0, Avg: 4.0, Max: 4.0, Diff: 0.1, Sum: 16.0]
         [Processed Buffers: Min: 11, Avg: 16.2, Max: 21, Diff: 10, Sum: 65]
      [Scan RS (ms): Min: 0.2, Avg: 0.3, Max: 0.3, Diff: 0.1, Sum: 1.0]
      [Code Root Scanning (ms): Min: 0.0, Avg: 0.1, Max: 0.2, Diff: 0.2, Sum: 0.4]
      [Object Copy (ms): Min: 57.7, Avg: 57.7, Max: 57.8, Diff: 0.1, Sum: 230.9]
      [Termination (ms): Min: 0.0, Avg: 0.0, Max: 0.0, Diff: 0.0, Sum: 0.0]
         [Termination Attempts: Min: 5, Avg: 6.5, Max: 8, Diff: 3, Sum: 26]
      [GC Worker Other (ms): Min: 0.0, Avg: 0.1, Max: 0.1, Diff: 0.1, Sum: 0.2]
      [GC Worker Total (ms): Min: 67.1, Avg: 67.1, Max: 67.2, Diff: 0.1, Sum: 268.6]
      [GC Worker End (ms): Min: 838160.8, Avg: 838160.9, Max: 838160.9, Diff: 0.1]
   [Code Root Fixup: 0.0 ms]
   [Code Root Purge: 0.0 ms]
   [Clear CT: 0.4 ms]
   [Other: 3.6 ms]
      [Choose CSet: 0.0 ms]
      [Ref Proc: 1.8 ms]
      [Ref Enq: 0.1 ms]
      [Redirty Cards: 0.2 ms]
      [Humongous Register: 0.1 ms]
      [Humongous Reclaim: 0.1 ms]
      [Free CSet: 1.0 ms]
   [Eden: 1084.0M(1084.0M)->0.0B(1062.0M) Survivors: 36864.0K->59392.0K Heap: 1432.1M(1868.0M)->370.6M(1868.0M)]
Heap after GC invocations=47 (full 0):
 garbage-first heap   total 1912832K, used 379481K [0x000000008b400000, 0x000000008b503a60, 0x0000000100000000)
  region size 1024K, 58 young (59392K), 58 survivors (59392K)
 Metaspace       used 146725K, capacity 153811K, committed 154032K, reserved 1181696K
  class space    used 19722K, capacity 21057K, committed 21168K, reserved 1048576K
}
 [Times: user=0.23 sys=0.01, real=0.07 secs] 
2020-07-20T09:23:22.229+0000: 838.165: Total time for which application threads were stopped: 0.0760356 seconds, Stopping threads took: 0.0037762 seconds
{Heap before GC invocations=47 (full 0):
 garbage-first heap   total 1912832K, used 1472089K [0x000000008b400000, 0x000000008b503a60, 0x0000000100000000)
  region size 1024K, 1120 young (1146880K), 58 survivors (59392K)
 Metaspace       used 146754K, capacity 153821K, committed 154032K, reserved 1181696K
  class space    used 19722K, capacity 21058K, committed 21168K, reserved 1048576K
2020-07-20T09:23:26.658+0000: 842.594: [GC pause (G1 Evacuation Pause) (young)
Desired survivor size 73400320 bytes, new threshold 15 (max 15)
- age   1:   28075560 bytes,   28075560 total
- age   2:   16428984 bytes,   44504544 total
- age   3:    1897136 bytes,   46401680 total
- age   4:     254408 bytes,   46656088 total
- age   5:     301840 bytes,   46957928 total
- age   6:     419056 bytes,   47376984 total
- age   7:    3804192 bytes,   51181176 total
- age   8:    1382232 bytes,   52563408 total
- age   9:      83784 bytes,   52647192 total
- age  10:     100008 bytes,   52747200 total
- age  11:      49200 bytes,   52796400 total
- age  12:     443720 bytes,   53240120 total
- age  13:    3254320 bytes,   56494440 total
- age  14:    1782520 bytes,   58276960 total
- age  15:      10600 bytes,   58287560 total
, 0.0610678 secs]
   [Parallel Time: 56.7 ms, GC Workers: 4]
      [GC Worker Start (ms): Min: 842594.4, Avg: 842594.4, Max: 842594.5, Diff: 0.1]
      [Ext Root Scanning (ms): Min: 4.9, Avg: 5.0, Max: 5.2, Diff: 0.3, Sum: 19.9]
      [Update RS (ms): Min: 4.9, Avg: 5.0, Max: 5.1, Diff: 0.2, Sum: 20.0]
         [Processed Buffers: Min: 10, Avg: 20.8, Max: 26, Diff: 16, Sum: 83]
      [Scan RS (ms): Min: 0.2, Avg: 0.3, Max: 0.4, Diff: 0.1, Sum: 1.2]
      [Code Root Scanning (ms): Min: 0.0, Avg: 0.1, Max: 0.2, Diff: 0.2, Sum: 0.4]
      [Object Copy (ms): Min: 45.8, Avg: 45.9, Max: 46.0, Diff: 0.2, Sum: 183.7]
      [Termination (ms): Min: 0.0, Avg: 0.0, Max: 0.1, Diff: 0.1, Sum: 0.2]
         [Termination Attempts: Min: 13, Avg: 61.2, Max: 95, Diff: 82, Sum: 245]
      [GC Worker Other (ms): Min: 0.0, Avg: 0.0, Max: 0.1, Diff: 0.1, Sum: 0.2]
      [GC Worker Total (ms): Min: 56.3, Avg: 56.4, Max: 56.5, Diff: 0.1, Sum: 225.7]
      [GC Worker End (ms): Min: 842650.8, Avg: 842650.9, Max: 842650.9, Diff: 0.1]
   [Code Root Fixup: 0.0 ms]
   [Code Root Purge: 0.0 ms]
   [Clear CT: 0.5 ms]
   [Other: 3.8 ms]
      [Choose CSet: 0.0 ms]
      [Ref Proc: 1.7 ms]
      [Ref Enq: 0.1 ms]
      [Redirty Cards: 0.1 ms]
      [Humongous Register: 0.2 ms]
      [Humongous Reclaim: 0.0 ms]
      [Free CSet: 1.0 ms]
   [Eden: 1062.0M(1062.0M)->0.0B(1080.0M) Survivors: 59392.0K->40960.0K Heap: 1437.6M(1868.0M)->354.4M(1868.0M)]
Heap after GC invocations=48 (full 0):
 garbage-first heap   total 1912832K, used 362891K [0x000000008b400000, 0x000000008b503a60, 0x0000000100000000)
  region size 1024K, 40 young (40960K), 40 survivors (40960K)
 Metaspace       used 146754K, capacity 153821K, committed 154032K, reserved 1181696K
  class space    used 19722K, capacity 21058K, committed 21168K, reserved 1048576K
}
 [Times: user=0.20 sys=0.00, real=0.06 secs] 
2020-07-20T09:23:26.719+0000: 842.655: Total time for which application threads were stopped: 0.0665343 seconds, Stopping threads took: 0.0042036 seconds
{Heap before GC invocations=48 (full 0):
 garbage-first heap   total 1912832K, used 1470859K [0x000000008b400000, 0x000000008b503a60, 0x0000000100000000)
  region size 1024K, 1120 young (1146880K), 40 survivors (40960K)
 Metaspace       used 146762K, capacity 153829K, committed 154032K, reserved 1181696K
  class space    used 19722K, capacity 21058K, committed 21168K, reserved 1048576K
2020-07-20T09:23:31.462+0000: 847.397: [GC pause (G1 Evacuation Pause) (young)
Desired survivor size 73400320 bytes, new threshold 15 (max 15)
- age   1:   22406560 bytes,   22406560 total
- age   2:    2545552 bytes,   24952112 total
- age   3:    1541504 bytes,   26493616 total
- age   4:    1892976 bytes,   28386592 total
- age   5:     250920 bytes,   28637512 total
- age   6:     301480 bytes,   28938992 total
- age   7:     417952 bytes,   29356944 total
- age   8:    3784840 bytes,   33141784 total
- age   9:    1362952 bytes,   34504736 total
- age  10:      75832 bytes,   34580568 total
- age  11:      84288 bytes,   34664856 total
- age  12:      41208 bytes,   34706064 total
- age  13:     443536 bytes,   35149600 total
- age  14:    3254320 bytes,   38403920 total
- age  15:    1781928 bytes,   40185848 total
, 0.0758417 secs]
   [Parallel Time: 71.2 ms, GC Workers: 4]
      [GC Worker Start (ms): Min: 847397.7, Avg: 847397.7, Max: 847397.8, Diff: 0.1]
      [Ext Root Scanning (ms): Min: 5.0, Avg: 5.1, Max: 5.3, Diff: 0.3, Sum: 20.4]
      [Update RS (ms): Min: 5.0, Avg: 5.0, Max: 5.0, Diff: 0.1, Sum: 20.0]
         [Processed Buffers: Min: 7, Avg: 19.0, Max: 30, Diff: 23, Sum: 76]
      [Scan RS (ms): Min: 0.3, Avg: 0.4, Max: 0.4, Diff: 0.1, Sum: 1.4]
      [Code Root Scanning (ms): Min: 0.0, Avg: 0.1, Max: 0.3, Diff: 0.3, Sum: 0.6]
      [Object Copy (ms): Min: 60.2, Avg: 60.4, Max: 60.5, Diff: 0.4, Sum: 241.6]
      [Termination (ms): Min: 0.0, Avg: 0.1, Max: 0.1, Diff: 0.1, Sum: 0.2]
         [Termination Attempts: Min: 8, Avg: 9.2, Max: 11, Diff: 3, Sum: 37]
      [GC Worker Other (ms): Min: 0.0, Avg: 0.0, Max: 0.1, Diff: 0.1, Sum: 0.1]
      [GC Worker Total (ms): Min: 71.0, Avg: 71.1, Max: 71.1, Diff: 0.1, Sum: 284.3]
      [GC Worker End (ms): Min: 847468.8, Avg: 847468.8, Max: 847468.8, Diff: 0.0]
   [Code Root Fixup: 0.1 ms]
   [Code Root Purge: 0.0 ms]
   [Clear CT: 0.4 ms]
   [Other: 4.1 ms]
      [Choose CSet: 0.0 ms]
      [Ref Proc: 2.2 ms]
      [Ref Enq: 0.2 ms]
      [Redirty Cards: 0.2 ms]
      [Humongous Register: 0.1 ms]
      [Humongous Reclaim: 0.0 ms]
      [Free CSet: 1.1 ms]
   [Eden: 1080.0M(1080.0M)->0.0B(1058.0M) Survivors: 40960.0K->63488.0K Heap: 1436.4M(1868.0M)->379.6M(1868.0M)]
Heap after GC invocations=49 (full 0):
 garbage-first heap   total 1912832K, used 388745K [0x000000008b400000, 0x000000008b503a60, 0x0000000100000000)
  region size 1024K, 62 young (63488K), 62 survivors (63488K)
 Metaspace       used 146762K, capacity 153829K, committed 154032K, reserved 1181696K
  class space    used 19722K, capacity 21058K, committed 21168K, reserved 1048576K
}
 [Times: user=0.26 sys=0.00, real=0.07 secs] 
2020-07-20T09:23:31.538+0000: 847.474: Total time for which application threads were stopped: 0.0791885 seconds, Stopping threads took: 0.0023748 seconds
{Heap before GC invocations=49 (full 0):
 garbage-first heap   total 1912832K, used 1472137K [0x000000008b400000, 0x000000008b503a60, 0x0000000100000000)
  region size 1024K, 1120 young (1146880K), 62 survivors (63488K)
 Metaspace       used 146770K, capacity 153829K, committed 154032K, reserved 1181696K
  class space    used 19722K, capacity 21058K, committed 21168K, reserved 1048576K
2020-07-20T09:23:36.766+0000: 852.701: [GC pause (G1 Evacuation Pause) (young)
Desired survivor size 73400320 bytes, new threshold 15 (max 15)
- age   1:   29992528 bytes,   29992528 total
- age   2:   17457688 bytes,   47450216 total
- age   3:    2473040 bytes,   49923256 total
- age   4:    1527160 bytes,   51450416 total
- age   5:    1872000 bytes,   53322416 total
- age   6:     250312 bytes,   53572728 total
- age   7:     301128 bytes,   53873856 total
- age   8:     411048 bytes,   54284904 total
- age   9:    3774992 bytes,   58059896 total
- age  10:    1359480 bytes,   59419376 total
- age  11:      75504 bytes,   59494880 total
- age  12:      83936 bytes,   59578816 total
- age  13:      41080 bytes,   59619896 total
- age  14:     443408 bytes,   60063304 total
- age  15:    3254288 bytes,   63317592 total
, 0.0750167 secs]
   [Parallel Time: 70.7 ms, GC Workers: 4]
      [GC Worker Start (ms): Min: 852701.7, Avg: 852701.7, Max: 852701.7, Diff: 0.0]
      [Ext Root Scanning (ms): Min: 5.7, Avg: 7.4, Max: 12.4, Diff: 6.7, Sum: 29.6]
      [Update RS (ms): Min: 5.1, Avg: 10.0, Max: 11.7, Diff: 6.6, Sum: 39.8]
         [Processed Buffers: Min: 16, Avg: 25.2, Max: 43, Diff: 27, Sum: 101]
      [Scan RS (ms): Min: 0.3, Avg: 0.3, Max: 0.4, Diff: 0.1, Sum: 1.3]
      [Code Root Scanning (ms): Min: 0.0, Avg: 0.1, Max: 0.2, Diff: 0.2, Sum: 0.5]
      [Object Copy (ms): Min: 52.7, Avg: 52.8, Max: 52.8, Diff: 0.1, Sum: 211.1]
      [Termination (ms): Min: 0.0, Avg: 0.0, Max: 0.1, Diff: 0.1, Sum: 0.1]
         [Termination Attempts: Min: 1, Avg: 32.8, Max: 53, Diff: 52, Sum: 131]
      [GC Worker Other (ms): Min: 0.0, Avg: 0.0, Max: 0.1, Diff: 0.0, Sum: 0.2]
      [GC Worker Total (ms): Min: 70.6, Avg: 70.7, Max: 70.7, Diff: 0.0, Sum: 282.6]
      [GC Worker End (ms): Min: 852772.4, Avg: 852772.4, Max: 852772.4, Diff: 0.0]
   [Code Root Fixup: 0.0 ms]
   [Code Root Purge: 0.0 ms]
   [Clear CT: 0.4 ms]
   [Other: 3.8 ms]
      [Choose CSet: 0.0 ms]
      [Ref Proc: 2.1 ms]
      [Ref Enq: 0.1 ms]
      [Redirty Cards: 0.2 ms]
      [Humongous Register: 0.1 ms]
      [Humongous Reclaim: 0.1 ms]
      [Free CSet: 0.9 ms]
   [Eden: 1058.0M(1058.0M)->0.0B(1075.0M) Survivors: 63488.0K->46080.0K Heap: 1437.6M(1868.0M)->364.4M(1868.0M)]
Heap after GC invocations=50 (full 0):
 garbage-first heap   total 1912832K, used 373190K [0x000000008b400000, 0x000000008b503a60, 0x0000000100000000)
  region size 1024K, 45 young (46080K), 45 survivors (46080K)
 Metaspace       used 146770K, capacity 153829K, committed 154032K, reserved 1181696K
  class space    used 19722K, capacity 21058K, committed 21168K, reserved 1048576K
}
 [Times: user=0.26 sys=0.00, real=0.08 secs] 
2020-07-20T09:23:36.841+0000: 852.777: Total time for which application threads were stopped: 0.0825785 seconds, Stopping threads took: 0.0061023 seconds
{Heap before GC invocations=50 (full 0):
 garbage-first heap   total 1912832K, used 1476038K [0x000000008b400000, 0x000000008b503a60, 0x0000000100000000)
  region size 1024K, 1120 young (1146880K), 45 survivors (46080K)
 Metaspace       used 146774K, capacity 153829K, committed 154032K, reserved 1181696K
  class space    used 19722K, capacity 21058K, committed 21168K, reserved 1048576K
2020-07-20T09:23:41.225+0000: 857.161: [GC pause (G1 Evacuation Pause) (young)
Desired survivor size 73400320 bytes, new threshold 15 (max 15)
- age   1:   27066128 bytes,   27066128 total
- age   2:    3983088 bytes,   31049216 total
- age   3:    2456856 bytes,   33506072 total
- age   4:    2472560 bytes,   35978632 total
- age   5:    1520408 bytes,   37499040 total
- age   6:     342400 bytes,   37841440 total
- age   7:     249800 bytes,   38091240 total
- age   8:     297624 bytes,   38388864 total
- age   9:     108264 bytes,   38497128 total
- age  10:    3772296 bytes,   42269424 total
- age  11:    1359320 bytes,   43628744 total
- age  12:      75408 bytes,   43704152 total
- age  13:      83776 bytes,   43787928 total
- age  14:      40888 bytes,   43828816 total
- age  15:     443344 bytes,   44272160 total
, 0.0853582 secs]
   [Parallel Time: 81.3 ms, GC Workers: 4]
      [GC Worker Start (ms): Min: 857161.8, Avg: 857163.5, Max: 857168.6, Diff: 6.8]
      [Ext Root Scanning (ms): Min: 0.0, Avg: 4.3, Max: 5.9, Diff: 5.9, Sum: 17.2]
      [Update RS (ms): Min: 10.4, Avg: 11.0, Max: 11.5, Diff: 1.1, Sum: 44.1]
         [Processed Buffers: Min: 11, Avg: 25.5, Max: 44, Diff: 33, Sum: 102]
      [Scan RS (ms): Min: 0.2, Avg: 0.3, Max: 0.3, Diff: 0.1, Sum: 1.1]
      [Code Root Scanning (ms): Min: 0.0, Avg: 0.1, Max: 0.2, Diff: 0.2, Sum: 0.4]
      [Object Copy (ms): Min: 63.2, Avg: 63.5, Max: 63.6, Diff: 0.4, Sum: 253.9]
      [Termination (ms): Min: 0.0, Avg: 0.0, Max: 0.0, Diff: 0.0, Sum: 0.1]
         [Termination Attempts: Min: 11, Avg: 15.8, Max: 19, Diff: 8, Sum: 63]
      [GC Worker Other (ms): Min: 0.1, Avg: 0.1, Max: 0.1, Diff: 0.1, Sum: 0.4]
      [GC Worker Total (ms): Min: 74.3, Avg: 79.3, Max: 81.1, Diff: 6.8, Sum: 317.3]
      [GC Worker End (ms): Min: 857242.8, Avg: 857242.8, Max: 857242.9, Diff: 0.1]
   [Code Root Fixup: 0.0 ms]
   [Code Root Purge: 0.0 ms]
   [Clear CT: 0.4 ms]
   [Other: 3.6 ms]
      [Choose CSet: 0.0 ms]
      [Ref Proc: 1.7 ms]
      [Ref Enq: 0.1 ms]
      [Redirty Cards: 0.2 ms]
      [Humongous Register: 0.2 ms]
      [Humongous Reclaim: 0.0 ms]
      [Free CSet: 0.9 ms]
   [Eden: 1075.0M(1075.0M)->0.0B(1054.0M) Survivors: 46080.0K->67584.0K Heap: 1441.4M(1868.0M)->389.5M(1868.0M)]
Heap after GC invocations=51 (full 0):
 garbage-first heap   total 1912832K, used 398848K [0x000000008b400000, 0x000000008b503a60, 0x0000000100000000)
  region size 1024K, 66 young (67584K), 66 survivors (67584K)
 Metaspace       used 146774K, capacity 153829K, committed 154032K, reserved 1181696K
  class space    used 19722K, capacity 21058K, committed 21168K, reserved 1048576K
}
 [Times: user=0.28 sys=0.00, real=0.08 secs] 
2020-07-20T09:23:41.311+0000: 857.247: Total time for which application threads were stopped: 0.0893344 seconds, Stopping threads took: 0.0031030 seconds
{Heap before GC invocations=51 (full 0):
 garbage-first heap   total 1912832K, used 1478144K [0x000000008b400000, 0x000000008b503a60, 0x0000000100000000)
  region size 1024K, 1120 young (1146880K), 66 survivors (67584K)
 Metaspace       used 146777K, capacity 153829K, committed 154032K, reserved 1181696K
  class space    used 19722K, capacity 21058K, committed 21168K, reserved 1048576K
2020-07-20T09:23:46.346+0000: 862.282: [GC pause (G1 Evacuation Pause) (young)
Desired survivor size 73400320 bytes, new threshold 15 (max 15)
- age   1:   28250400 bytes,   28250400 total
- age   2:   22004544 bytes,   50254944 total
- age   3:    3981096 bytes,   54236040 total
- age   4:    2455432 bytes,   56691472 total
- age   5:    2472368 bytes,   59163840 total
- age   6:    1520080 bytes,   60683920 total
- age   7:     324328 bytes,   61008248 total
- age   8:     249672 bytes,   61257920 total
- age   9:     293768 bytes,   61551688 total
- age  10:     107936 bytes,   61659624 total
- age  11:    3769136 bytes,   65428760 total
- age  12:    1358984 bytes,   66787744 total
- age  13:      74136 bytes,   66861880 total
- age  14:      78864 bytes,   66940744 total
- age  15:      36928 bytes,   66977672 total
, 0.0600915 secs]
   [Parallel Time: 56.3 ms, GC Workers: 4]
      [GC Worker Start (ms): Min: 862282.4, Avg: 862282.4, Max: 862282.5, Diff: 0.1]
      [Ext Root Scanning (ms): Min: 4.8, Avg: 4.9, Max: 5.1, Diff: 0.3, Sum: 19.8]
      [Update RS (ms): Min: 4.8, Avg: 5.0, Max: 5.3, Diff: 0.5, Sum: 19.8]
         [Processed Buffers: Min: 9, Avg: 19.8, Max: 34, Diff: 25, Sum: 79]
      [Scan RS (ms): Min: 0.1, Avg: 0.3, Max: 0.4, Diff: 0.4, Sum: 1.0]
      [Code Root Scanning (ms): Min: 0.0, Avg: 0.1, Max: 0.2, Diff: 0.2, Sum: 0.4]
      [Object Copy (ms): Min: 45.6, Avg: 45.8, Max: 45.9, Diff: 0.3, Sum: 183.2]
      [Termination (ms): Min: 0.0, Avg: 0.1, Max: 0.1, Diff: 0.0, Sum: 0.3]
         [Termination Attempts: Min: 1, Avg: 60.5, Max: 106, Diff: 105, Sum: 242]
      [GC Worker Other (ms): Min: 0.0, Avg: 0.0, Max: 0.0, Diff: 0.0, Sum: 0.1]
      [GC Worker Total (ms): Min: 56.1, Avg: 56.2, Max: 56.2, Diff: 0.1, Sum: 224.6]
      [GC Worker End (ms): Min: 862338.6, Avg: 862338.6, Max: 862338.6, Diff: 0.0]
   [Code Root Fixup: 0.0 ms]
   [Code Root Purge: 0.0 ms]
   [Clear CT: 0.4 ms]
   [Other: 3.3 ms]
      [Choose CSet: 0.0 ms]
      [Ref Proc: 1.6 ms]
      [Ref Enq: 0.2 ms]
      [Redirty Cards: 0.1 ms]
      [Humongous Register: 0.1 ms]
      [Humongous Reclaim: 0.0 ms]
      [Free CSet: 0.9 ms]
   [Eden: 1054.0M(1054.0M)->0.0B(1076.0M) Survivors: 67584.0K->45056.0K Heap: 1443.5M(1868.0M)->366.3M(1868.0M)]
Heap after GC invocations=52 (full 0):
 garbage-first heap   total 1912832K, used 375055K [0x000000008b400000, 0x000000008b503a60, 0x0000000100000000)
  region size 1024K, 44 young (45056K), 44 survivors (45056K)
 Metaspace       used 146777K, capacity 153829K, committed 154032K, reserved 1181696K
  class space    used 19722K, capacity 21058K, committed 21168K, reserved 1048576K
}
 [Times: user=0.20 sys=0.00, real=0.06 secs] 
2020-07-20T09:23:46.407+0000: 862.343: Total time for which application threads were stopped: 0.0610162 seconds, Stopping threads took: 0.0001202 seconds
{Heap before GC invocations=52 (full 0):
 garbage-first heap   total 1912832K, used 1478927K [0x000000008b400000, 0x000000008b503a60, 0x0000000100000000)
  region size 1024K, 1120 young (1146880K), 44 survivors (45056K)
 Metaspace       used 146799K, capacity 153893K, committed 154032K, reserved 1181696K
  class space    used 19725K, capacity 21058K, committed 21168K, reserved 1048576K
2020-07-20T09:23:53.311+0000: 869.247: [GC pause (G1 Evacuation Pause) (young)
Desired survivor size 73400320 bytes, new threshold 15 (max 15)
- age   1:   19176016 bytes,   19176016 total
- age   2:    5275200 bytes,   24451216 total
- age   3:    3983264 bytes,   28434480 total
- age   4:    2588768 bytes,   31023248 total
- age   5:    2454848 bytes,   33478096 total
- age   6:    2471664 bytes,   35949760 total
- age   7:    1518160 bytes,   37467920 total
- age   8:     324104 bytes,   37792024 total
- age   9:     162000 bytes,   37954024 total
- age  10:      88328 bytes,   38042352 total
- age  11:     106888 bytes,   38149240 total
- age  12:    3766224 bytes,   41915464 total
- age  13:    1353736 bytes,   43269200 total
- age  14:      74104 bytes,   43343304 total
- age  15:      78704 bytes,   43422008 total
, 0.0733767 secs]
   [Parallel Time: 69.0 ms, GC Workers: 4]
      [GC Worker Start (ms): Min: 869246.9, Avg: 869246.9, Max: 869247.0, Diff: 0.1]
      [Ext Root Scanning (ms): Min: 5.6, Avg: 6.3, Max: 8.3, Diff: 2.7, Sum: 25.2]
      [Update RS (ms): Min: 3.4, Avg: 5.1, Max: 5.7, Diff: 2.3, Sum: 20.4]
         [Processed Buffers: Min: 6, Avg: 18.0, Max: 34, Diff: 28, Sum: 72]
      [Scan RS (ms): Min: 0.2, Avg: 0.3, Max: 0.3, Diff: 0.1, Sum: 1.1]
      [Code Root Scanning (ms): Min: 0.0, Avg: 0.1, Max: 0.1, Diff: 0.1, Sum: 0.3]
      [Object Copy (ms): Min: 56.9, Avg: 57.0, Max: 57.1, Diff: 0.2, Sum: 228.1]
      [Termination (ms): Min: 0.0, Avg: 0.0, Max: 0.1, Diff: 0.0, Sum: 0.1]
         [Termination Attempts: Min: 1, Avg: 17.2, Max: 29, Diff: 28, Sum: 69]
      [GC Worker Other (ms): Min: 0.0, Avg: 0.1, Max: 0.1, Diff: 0.1, Sum: 0.2]
      [GC Worker Total (ms): Min: 68.8, Avg: 68.9, Max: 68.9, Diff: 0.0, Sum: 275.4]
      [GC Worker End (ms): Min: 869315.8, Avg: 869315.8, Max: 869315.8, Diff: 0.1]
   [Code Root Fixup: 0.0 ms]
   [Code Root Purge: 0.0 ms]
   [Clear CT: 0.5 ms]
   [Other: 3.8 ms]
      [Choose CSet: 0.0 ms]
      [Ref Proc: 2.1 ms]
      [Ref Enq: 0.1 ms]
      [Redirty Cards: 0.2 ms]
      [Humongous Register: 0.1 ms]
      [Humongous Reclaim: 0.0 ms]
      [Free CSet: 0.9 ms]
   [Eden: 1076.0M(1076.0M)->0.0B(1069.0M) Survivors: 45056.0K->52224.0K Heap: 1444.3M(1868.0M)->376.0M(1868.0M)]
Heap after GC invocations=53 (full 0):
 garbage-first heap   total 1912832K, used 385002K [0x000000008b400000, 0x000000008b503a60, 0x0000000100000000)
  region size 1024K, 51 young (52224K), 51 survivors (52224K)
 Metaspace       used 146799K, capacity 153893K, committed 154032K, reserved 1181696K
  class space    used 19725K, capacity 21058K, committed 21168K, reserved 1048576K
}
 [Times: user=0.23 sys=0.01, real=0.08 secs] 
2020-07-20T09:23:53.384+0000: 869.320: Total time for which application threads were stopped: 0.0750663 seconds, Stopping threads took: 0.0003299 seconds
{Heap before GC invocations=53 (full 0):
 garbage-first heap   total 1912832K, used 1481706K [0x000000008b400000, 0x000000008b503a60, 0x0000000100000000)
  region size 1024K, 1120 young (1146880K), 51 survivors (52224K)
 Metaspace       used 146815K, capacity 153893K, committed 154032K, reserved 1181696K
  class space    used 19725K, capacity 21058K, committed 21168K, reserved 1048576K
2020-07-20T09:24:03.390+0000: 879.325: [GC pause (G1 Evacuation Pause) (young)
Desired survivor size 73400320 bytes, new threshold 15 (max 15)
- age   1:   11691456 bytes,   11691456 total
- age   2:   14712680 bytes,   26404136 total
- age   3:    5267384 bytes,   31671520 total
- age   4:    3983136 bytes,   35654656 total
- age   5:    2588736 bytes,   38243392 total
- age   6:    2454624 bytes,   40698016 total
- age   7:    2471664 bytes,   43169680 total
- age   8:    1515184 bytes,   44684864 total
- age   9:      84200 bytes,   44769064 total
- age  10:      98424 bytes,   44867488 total
- age  11:      88192 bytes,   44955680 total
- age  12:     106888 bytes,   45062568 total
- age  13:    3766224 bytes,   48828792 total
- age  14:    1353736 bytes,   50182528 total
- age  15:      74104 bytes,   50256632 total
, 0.0834012 secs]
   [Parallel Time: 78.5 ms, GC Workers: 4]
      [GC Worker Start (ms): Min: 879325.8, Avg: 879325.9, Max: 879326.0, Diff: 0.1]
      [Ext Root Scanning (ms): Min: 5.0, Avg: 5.1, Max: 5.3, Diff: 0.3, Sum: 20.4]
      [Update RS (ms): Min: 5.2, Avg: 5.3, Max: 5.5, Diff: 0.3, Sum: 21.2]
         [Processed Buffers: Min: 18, Avg: 22.2, Max: 25, Diff: 7, Sum: 89]
      [Scan RS (ms): Min: 0.3, Avg: 0.3, Max: 0.4, Diff: 0.1, Sum: 1.3]
      [Code Root Scanning (ms): Min: 0.0, Avg: 0.1, Max: 0.2, Diff: 0.2, Sum: 0.4]
      [Object Copy (ms): Min: 67.1, Avg: 67.2, Max: 67.3, Diff: 0.3, Sum: 268.9]
      [Termination (ms): Min: 0.0, Avg: 0.0, Max: 0.0, Diff: 0.0, Sum: 0.1]
         [Termination Attempts: Min: 14, Avg: 17.2, Max: 21, Diff: 7, Sum: 69]
      [GC Worker Other (ms): Min: 0.1, Avg: 0.1, Max: 0.2, Diff: 0.1, Sum: 0.5]
      [GC Worker Total (ms): Min: 78.2, Avg: 78.2, Max: 78.2, Diff: 0.1, Sum: 312.9]
      [GC Worker End (ms): Min: 879404.1, Avg: 879404.1, Max: 879404.2, Diff: 0.1]
   [Code Root Fixup: 0.1 ms]
   [Code Root Purge: 0.0 ms]
   [Clear CT: 0.5 ms]
   [Other: 4.4 ms]
      [Choose CSet: 0.0 ms]
      [Ref Proc: 2.3 ms]
      [Ref Enq: 0.2 ms]
      [Redirty Cards: 0.2 ms]
      [Humongous Register: 0.2 ms]
      [Humongous Reclaim: 0.1 ms]
      [Free CSet: 1.0 ms]
   [Eden: 1069.0M(1069.0M)->0.0B(1049.0M) Survivors: 52224.0K->72704.0K Heap: 1447.0M(1868.0M)->396.1M(1868.0M)]
Heap after GC invocations=54 (full 0):
 garbage-first heap   total 1912832K, used 405601K [0x000000008b400000, 0x000000008b503a60, 0x0000000100000000)
  region size 1024K, 71 young (72704K), 71 survivors (72704K)
 Metaspace       used 146815K, capacity 153893K, committed 154032K, reserved 1181696K
  class space    used 19725K, capacity 21058K, committed 21168K, reserved 1048576K
}
 [Times: user=0.28 sys=0.00, real=0.09 secs] 
2020-07-20T09:24:03.473+0000: 879.409: Total time for which application threads were stopped: 0.0860825 seconds, Stopping threads took: 0.0016851 seconds
{Heap before GC invocations=54 (full 0):
 garbage-first heap   total 1912832K, used 1483873K [0x000000008b400000, 0x000000008b503a60, 0x0000000100000000)
  region size 1024K, 1120 young (1146880K), 71 survivors (72704K)
 Metaspace       used 146828K, capacity 153893K, committed 154032K, reserved 1181696K
  class space    used 19725K, capacity 21058K, committed 21168K, reserved 1048576K
2020-07-20T09:24:08.342+0000: 884.278: [GC pause (G1 Evacuation Pause) (young)
Desired survivor size 73400320 bytes, new threshold 15 (max 15)
- age   1:   29509176 bytes,   29509176 total
- age   2:    6043024 bytes,   35552200 total
- age   3:   13880024 bytes,   49432224 total
- age   4:    4722144 bytes,   54154368 total
- age   5:    3659440 bytes,   57813808 total
- age   6:    2199632 bytes,   60013440 total
- age   7:    2340928 bytes,   62354368 total
- age   8:    2470576 bytes,   64824944 total
- age   9:    1512672 bytes,   66337616 total
- age  10:      69512 bytes,   66407128 total
- age  11:      96936 bytes,   66504064 total
- age  12:      85016 bytes,   66589080 total
- age  13:      91456 bytes,   66680536 total
- age  14:    3765072 bytes,   70445608 total
- age  15:    1353488 bytes,   71799096 total
, 0.0836038 secs]
   [Parallel Time: 79.0 ms, GC Workers: 4]
      [GC Worker Start (ms): Min: 884278.1, Avg: 884278.1, Max: 884278.1, Diff: 0.1]
      [Ext Root Scanning (ms): Min: 5.6, Avg: 5.8, Max: 6.3, Diff: 0.8, Sum: 23.2]
      [Update RS (ms): Min: 9.1, Avg: 9.3, Max: 9.4, Diff: 0.3, Sum: 37.0]
         [Processed Buffers: Min: 21, Avg: 26.5, Max: 38, Diff: 17, Sum: 106]
      [Scan RS (ms): Min: 0.2, Avg: 0.3, Max: 0.4, Diff: 0.2, Sum: 1.3]
      [Code Root Scanning (ms): Min: 0.0, Avg: 0.1, Max: 0.1, Diff: 0.1, Sum: 0.4]
      [Object Copy (ms): Min: 63.0, Avg: 63.2, Max: 63.3, Diff: 0.3, Sum: 252.6]
      [Termination (ms): Min: 0.0, Avg: 0.1, Max: 0.1, Diff: 0.1, Sum: 0.3]
         [Termination Attempts: Min: 1, Avg: 10.0, Max: 19, Diff: 18, Sum: 40]
      [GC Worker Other (ms): Min: 0.0, Avg: 0.0, Max: 0.0, Diff: 0.0, Sum: 0.1]
      [GC Worker Total (ms): Min: 78.7, Avg: 78.8, Max: 78.8, Diff: 0.1, Sum: 315.0]
      [GC Worker End (ms): Min: 884356.8, Avg: 884356.8, Max: 884356.9, Diff: 0.1]
   [Code Root Fixup: 0.0 ms]
   [Code Root Purge: 0.0 ms]
   [Clear CT: 0.4 ms]
   [Other: 4.1 ms]
      [Choose CSet: 0.0 ms]
      [Ref Proc: 2.1 ms]
      [Ref Enq: 0.2 ms]
      [Redirty Cards: 0.2 ms]
      [Humongous Register: 0.1 ms]
      [Humongous Reclaim: 0.1 ms]
      [Free CSet: 1.0 ms]
   [Eden: 1049.0M(1049.0M)->0.0B(1063.0M) Survivors: 72704.0K->58368.0K Heap: 1449.1M(1868.0M)->384.9M(1868.0M)]
Heap after GC invocations=55 (full 0):
 garbage-first heap   total 1912832K, used 394144K [0x000000008b400000, 0x000000008b503a60, 0x0000000100000000)
  region size 1024K, 57 young (58368K), 57 survivors (58368K)
 Metaspace       used 146828K, capacity 153893K, committed 154032K, reserved 1181696K
  class space    used 19725K, capacity 21058K, committed 21168K, reserved 1048576K
}
 [Times: user=0.28 sys=0.00, real=0.08 secs] 
2020-07-20T09:24:08.426+0000: 884.362: Total time for which application threads were stopped: 0.0882930 seconds, Stopping threads took: 0.0034246 seconds
{Heap before GC invocations=55 (full 0):
 garbage-first heap   total 1912832K, used 1484704K [0x000000008b400000, 0x000000008b503a60, 0x0000000100000000)
  region size 1024K, 1120 young (1146880K), 57 survivors (58368K)
 Metaspace       used 146828K, capacity 153893K, committed 154032K, reserved 1181696K
  class space    used 19725K, capacity 21058K, committed 21168K, reserved 1048576K
2020-07-20T09:24:12.538+0000: 888.473: [GC pause (G1 Evacuation Pause) (young)
Desired survivor size 73400320 bytes, new threshold 15 (max 15)
- age   1:   27762296 bytes,   27762296 total
- age   2:    2660352 bytes,   30422648 total
- age   3:    5940664 bytes,   36363312 total
- age   4:    3630840 bytes,   39994152 total
- age   5:    2778032 bytes,   42772184 total
- age   6:    2092160 bytes,   44864344 total
- age   7:    2162176 bytes,   47026520 total
- age   8:    2322448 bytes,   49348968 total
- age   9:    2465920 bytes,   51814888 total
- age  10:    1507376 bytes,   53322264 total
- age  11:      44096 bytes,   53366360 total
- age  12:      82192 bytes,   53448552 total
- age  13:      79696 bytes,   53528248 total
- age  14:      90984 bytes,   53619232 total
- age  15:    3760168 bytes,   57379400 total
, 0.1035295 secs]
   [Parallel Time: 99.3 ms, GC Workers: 4]
      [GC Worker Start (ms): Min: 888473.7, Avg: 888473.8, Max: 888473.8, Diff: 0.1]
      [Ext Root Scanning (ms): Min: 5.3, Avg: 5.5, Max: 5.7, Diff: 0.4, Sum: 21.8]
      [Update RS (ms): Min: 8.4, Avg: 8.5, Max: 8.5, Diff: 0.1, Sum: 33.9]
         [Processed Buffers: Min: 20, Avg: 26.5, Max: 37, Diff: 17, Sum: 106]
      [Scan RS (ms): Min: 0.2, Avg: 0.3, Max: 0.3, Diff: 0.1, Sum: 1.0]
      [Code Root Scanning (ms): Min: 0.0, Avg: 0.1, Max: 0.1, Diff: 0.1, Sum: 0.2]
      [Object Copy (ms): Min: 84.6, Avg: 84.8, Max: 84.9, Diff: 0.3, Sum: 339.0]
      [Termination (ms): Min: 0.0, Avg: 0.1, Max: 0.1, Diff: 0.1, Sum: 0.2]
         [Termination Attempts: Min: 11, Avg: 11.5, Max: 13, Diff: 2, Sum: 46]
      [GC Worker Other (ms): Min: 0.0, Avg: 0.0, Max: 0.0, Diff: 0.0, Sum: 0.1]
      [GC Worker Total (ms): Min: 99.0, Avg: 99.1, Max: 99.1, Diff: 0.1, Sum: 396.3]
      [GC Worker End (ms): Min: 888572.8, Avg: 888572.8, Max: 888572.8, Diff: 0.0]
   [Code Root Fixup: 0.0 ms]
   [Code Root Purge: 0.0 ms]
   [Clear CT: 0.4 ms]
   [Other: 3.8 ms]
      [Choose CSet: 0.0 ms]
      [Ref Proc: 2.1 ms]
      [Ref Enq: 0.1 ms]
      [Redirty Cards: 0.2 ms]
      [Humongous Register: 0.1 ms]
      [Humongous Reclaim: 0.0 ms]
      [Free CSet: 0.9 ms]
   [Eden: 1063.0M(1063.0M)->0.0B(1043.0M) Survivors: 58368.0K->78848.0K Heap: 1449.9M(1868.0M)->411.7M(1868.0M)]
Heap after GC invocations=56 (full 0):
 garbage-first heap   total 1912832K, used 421600K [0x000000008b400000, 0x000000008b503a60, 0x0000000100000000)
  region size 1024K, 77 young (78848K), 77 survivors (78848K)
 Metaspace       used 146828K, capacity 153893K, committed 154032K, reserved 1181696K
  class space    used 19725K, capacity 21058K, committed 21168K, reserved 1048576K
}
 [Times: user=0.33 sys=0.02, real=0.11 secs] 
2020-07-20T09:24:12.641+0000: 888.577: Total time for which application threads were stopped: 0.1050100 seconds, Stopping threads took: 0.0004490 seconds
{Heap before GC invocations=56 (full 0):
 garbage-first heap   total 1912832K, used 1489632K [0x000000008b400000, 0x000000008b503a60, 0x0000000100000000)
  region size 1024K, 1120 young (1146880K), 77 survivors (78848K)
 Metaspace       used 146835K, capacity 153893K, committed 154032K, reserved 1181696K
  class space    used 19725K, capacity 21058K, committed 21168K, reserved 1048576K
2020-07-20T09:24:17.410+0000: 893.345: [GC pause (G1 Evacuation Pause) (young)
Desired survivor size 73400320 bytes, new threshold 9 (max 15)
- age   1:   30605832 bytes,   30605832 total
- age   2:   22725184 bytes,   53331016 total
- age   3:    2644848 bytes,   55975864 total
- age   4:    5940040 bytes,   61915904 total
- age   5:    3627568 bytes,   65543472 total
- age   6:    2777752 bytes,   68321224 total
- age   7:    2091664 bytes,   70412888 total
- age   8:    2161920 bytes,   72574808 total
- age   9:    2320872 bytes,   74895680 total
- age  10:    2465792 bytes,   77361472 total
- age  11:    1501120 bytes,   78862592 total
- age  12:      40368 bytes,   78902960 total
- age  13:      81936 bytes,   78984896 total
- age  14:      79568 bytes,   79064464 total
- age  15:      90824 bytes,   79155288 total
, 0.1033148 secs]
   [Parallel Time: 99.3 ms, GC Workers: 4]
      [GC Worker Start (ms): Min: 893345.9, Avg: 893345.9, Max: 893346.0, Diff: 0.2]
      [Ext Root Scanning (ms): Min: 4.8, Avg: 5.0, Max: 5.3, Diff: 0.4, Sum: 20.2]
      [Update RS (ms): Min: 14.2, Avg: 14.2, Max: 14.3, Diff: 0.1, Sum: 56.8]
         [Processed Buffers: Min: 16, Avg: 31.0, Max: 51, Diff: 35, Sum: 124]
      [Scan RS (ms): Min: 0.3, Avg: 0.4, Max: 0.5, Diff: 0.2, Sum: 1.5]
      [Code Root Scanning (ms): Min: 0.0, Avg: 0.1, Max: 0.1, Diff: 0.1, Sum: 0.3]
      [Object Copy (ms): Min: 78.9, Avg: 79.1, Max: 79.3, Diff: 0.5, Sum: 316.4]
      [Termination (ms): Min: 0.0, Avg: 0.1, Max: 0.3, Diff: 0.3, Sum: 0.5]
         [Termination Attempts: Min: 1, Avg: 241.2, Max: 392, Diff: 391, Sum: 965]
      [GC Worker Other (ms): Min: 0.0, Avg: 0.0, Max: 0.1, Diff: 0.0, Sum: 0.2]
      [GC Worker Total (ms): Min: 98.9, Avg: 99.0, Max: 99.1, Diff: 0.1, Sum: 395.9]
      [GC Worker End (ms): Min: 893444.9, Avg: 893444.9, Max: 893444.9, Diff: 0.0]
   [Code Root Fixup: 0.0 ms]
   [Code Root Purge: 0.0 ms]
   [Clear CT: 0.3 ms]
   [Other: 3.7 ms]
      [Choose CSet: 0.0 ms]
      [Ref Proc: 1.7 ms]
      [Ref Enq: 0.1 ms]
      [Redirty Cards: 0.2 ms]
      [Humongous Register: 0.2 ms]
      [Humongous Reclaim: 0.1 ms]
      [Free CSet: 0.9 ms]
   [Eden: 1043.0M(1043.0M)->0.0B(1066.0M) Survivors: 78848.0K->55296.0K Heap: 1454.7M(1868.0M)->392.0M(1868.0M)]
Heap after GC invocations=57 (full 0):
 garbage-first heap   total 1912832K, used 401408K [0x000000008b400000, 0x000000008b503a60, 0x0000000100000000)
  region size 1024K, 54 young (55296K), 54 survivors (55296K)
 Metaspace       used 146835K, capacity 153893K, committed 154032K, reserved 1181696K
  class space    used 19725K, capacity 21058K, committed 21168K, reserved 1048576K
}
 [Times: user=0.34 sys=0.00, real=0.11 secs] 
2020-07-20T09:24:17.513+0000: 893.449: Total time for which application threads were stopped: 0.1069336 seconds, Stopping threads took: 0.0026218 seconds
{Heap before GC invocations=57 (full 0):
 garbage-first heap   total 1912832K, used 1495040K [0x000000008b400000, 0x000000008b503a60, 0x0000000100000000)
  region size 1024K, 1120 young (1146880K), 54 survivors (55296K)
 Metaspace       used 146840K, capacity 153893K, committed 154032K, reserved 1181696K
  class space    used 19725K, capacity 21058K, committed 21168K, reserved 1048576K
2020-07-20T09:24:22.581+0000: 898.517: [GC pause (G1 Evacuation Pause) (young)
Desired survivor size 73400320 bytes, new threshold 15 (max 15)
- age   1:   26855048 bytes,   26855048 total
- age   2:    5853512 bytes,   32708560 total
- age   3:    3419216 bytes,   36127776 total
- age   4:    1697440 bytes,   37825216 total
- age   5:    5933856 bytes,   43759072 total
- age   6:    3626616 bytes,   47385688 total
- age   7:    2776608 bytes,   50162296 total
- age   8:    2090648 bytes,   52252944 total
- age   9:    2161368 bytes,   54414312 total
, 0.0849241 secs]
   [Parallel Time: 80.6 ms, GC Workers: 4]
      [GC Worker Start (ms): Min: 898517.5, Avg: 898519.3, Max: 898524.7, Diff: 7.2]
      [Ext Root Scanning (ms): Min: 0.0, Avg: 4.3, Max: 5.8, Diff: 5.8, Sum: 17.2]
      [Update RS (ms): Min: 13.0, Avg: 13.9, Max: 14.3, Diff: 1.3, Sum: 55.7]
         [Processed Buffers: Min: 30, Avg: 36.0, Max: 44, Diff: 14, Sum: 144]
      [Scan RS (ms): Min: 0.2, Avg: 0.3, Max: 0.3, Diff: 0.1, Sum: 1.1]
      [Code Root Scanning (ms): Min: 0.0, Avg: 0.0, Max: 0.1, Diff: 0.1, Sum: 0.1]
      [Object Copy (ms): Min: 59.8, Avg: 59.9, Max: 60.1, Diff: 0.4, Sum: 239.7]
      [Termination (ms): Min: 0.0, Avg: 0.1, Max: 0.2, Diff: 0.1, Sum: 0.4]
         [Termination Attempts: Min: 1, Avg: 152.5, Max: 238, Diff: 237, Sum: 610]
      [GC Worker Other (ms): Min: 0.0, Avg: 0.1, Max: 0.1, Diff: 0.1, Sum: 0.2]
      [GC Worker Total (ms): Min: 73.2, Avg: 78.6, Max: 80.5, Diff: 7.3, Sum: 314.5]
      [GC Worker End (ms): Min: 898597.9, Avg: 898597.9, Max: 898598.0, Diff: 0.1]
   [Code Root Fixup: 0.0 ms]
   [Code Root Purge: 0.0 ms]
   [Clear CT: 0.4 ms]
   [Other: 3.9 ms]
      [Choose CSet: 0.0 ms]
      [Ref Proc: 2.2 ms]
      [Ref Enq: 0.2 ms]
      [Redirty Cards: 0.2 ms]
      [Humongous Register: 0.1 ms]
      [Humongous Reclaim: 0.0 ms]
      [Free CSet: 0.9 ms]
   [Eden: 1066.0M(1066.0M)->0.0B(1072.0M) Survivors: 55296.0K->49152.0K Heap: 1460.0M(1868.0M)->385.5M(1868.0M)]
Heap after GC invocations=58 (full 0):
 garbage-first heap   total 1912832K, used 394752K [0x000000008b400000, 0x000000008b503a60, 0x0000000100000000)
  region size 1024K, 48 young (49152K), 48 survivors (49152K)
 Metaspace       used 146840K, capacity 153893K, committed 154032K, reserved 1181696K
  class space    used 19725K, capacity 21058K, committed 21168K, reserved 1048576K
}
 [Times: user=0.28 sys=0.00, real=0.08 secs] 
2020-07-20T09:24:22.667+0000: 898.603: Total time for which application threads were stopped: 0.0884962 seconds, Stopping threads took: 0.0027229 seconds
{Heap before GC invocations=58 (full 0):
 garbage-first heap   total 1912832K, used 1494528K [0x000000008b400000, 0x000000008b503a60, 0x0000000100000000)
  region size 1024K, 1120 young (1146880K), 48 survivors (49152K)
 Metaspace       used 146841K, capacity 153893K, committed 154032K, reserved 1181696K
  class space    used 19725K, capacity 21058K, committed 21168K, reserved 1048576K
2020-07-20T09:24:27.908+0000: 903.843: [GC pause (G1 Evacuation Pause) (young)
Desired survivor size 73400320 bytes, new threshold 15 (max 15)
- age   1:   22079984 bytes,   22079984 total
- age   2:    1808928 bytes,   23888912 total
- age   3:    2493016 bytes,   26381928 total
- age   4:    3418736 bytes,   29800664 total
- age   5:    1692856 bytes,   31493520 total
- age   6:    5933856 bytes,   37427376 total
- age   7:    3626432 bytes,   41053808 total
- age   8:    2775936 bytes,   43829744 total
- age   9:    2090408 bytes,   45920152 total
- age  10:    2161032 bytes,   48081184 total
, 0.1028372 secs]
   [Parallel Time: 98.7 ms, GC Workers: 4]
      [GC Worker Start (ms): Min: 903843.7, Avg: 903843.8, Max: 903843.8, Diff: 0.1]
      [Ext Root Scanning (ms): Min: 5.7, Avg: 6.0, Max: 6.6, Diff: 0.9, Sum: 24.0]
      [Update RS (ms): Min: 7.1, Avg: 7.5, Max: 7.8, Diff: 0.7, Sum: 30.0]
         [Processed Buffers: Min: 20, Avg: 25.5, Max: 35, Diff: 15, Sum: 102]
      [Scan RS (ms): Min: 0.2, Avg: 0.3, Max: 0.4, Diff: 0.2, Sum: 1.3]
      [Code Root Scanning (ms): Min: 0.0, Avg: 0.0, Max: 0.1, Diff: 0.1, Sum: 0.2]
      [Object Copy (ms): Min: 84.4, Avg: 84.6, Max: 84.7, Diff: 0.3, Sum: 338.4]
      [Termination (ms): Min: 0.0, Avg: 0.0, Max: 0.0, Diff: 0.0, Sum: 0.1]
         [Termination Attempts: Min: 8, Avg: 11.8, Max: 14, Diff: 6, Sum: 47]
      [GC Worker Other (ms): Min: 0.0, Avg: 0.1, Max: 0.2, Diff: 0.1, Sum: 0.4]
      [GC Worker Total (ms): Min: 98.5, Avg: 98.6, Max: 98.7, Diff: 0.2, Sum: 394.4]
      [GC Worker End (ms): Min: 903942.3, Avg: 903942.4, Max: 903942.4, Diff: 0.1]
   [Code Root Fixup: 0.0 ms]
   [Code Root Purge: 0.0 ms]
   [Clear CT: 0.4 ms]
   [Other: 3.7 ms]
      [Choose CSet: 0.0 ms]
      [Ref Proc: 1.8 ms]
      [Ref Enq: 0.2 ms]
      [Redirty Cards: 0.2 ms]
      [Humongous Register: 0.1 ms]
      [Humongous Reclaim: 0.0 ms]
      [Free CSet: 0.9 ms]
   [Eden: 1072.0M(1072.0M)->0.0B(1036.0M) Survivors: 49152.0K->86016.0K Heap: 1459.5M(1868.0M)->423.5M(1868.0M)]
Heap after GC invocations=59 (full 0):
 garbage-first heap   total 1912832K, used 433664K [0x000000008b400000, 0x000000008b503a60, 0x0000000100000000)
  region size 1024K, 84 young (86016K), 84 survivors (86016K)
 Metaspace       used 146841K, capacity 153893K, committed 154032K, reserved 1181696K
  class space    used 19725K, capacity 21058K, committed 21168K, reserved 1048576K
}
 [Times: user=0.35 sys=0.00, real=0.10 secs] 
2020-07-20T09:24:28.011+0000: 903.947: Total time for which application threads were stopped: 0.1046138 seconds, Stopping threads took: 0.0004510 seconds
{Heap before GC invocations=59 (full 0):
 garbage-first heap   total 1912832K, used 1496576K [0x000000008b400000, 0x000000008b503a60, 0x0000000100000000)
  region size 1024K, 1120 young (1146880K), 84 survivors (86016K)
 Metaspace       used 146846K, capacity 153901K, committed 154032K, reserved 1181696K
  class space    used 19725K, capacity 21058K, committed 21168K, reserved 1048576K
2020-07-20T09:24:33.559+0000: 909.494: [GC pause (G1 Evacuation Pause) (young)
Desired survivor size 73400320 bytes, new threshold 7 (max 15)
- age   1:   42220824 bytes,   42220824 total
- age   2:   17207504 bytes,   59428328 total
- age   3:    1798928 bytes,   61227256 total
- age   4:    2492536 bytes,   63719792 total
- age   5:    3418544 bytes,   67138336 total
- age   6:    1690736 bytes,   68829072 total
- age   7:    5933856 bytes,   74762928 total
- age   8:    3626272 bytes,   78389200 total
- age   9:    2775792 bytes,   81164992 total
- age  10:    2090120 bytes,   83255112 total
- age  11:    2157432 bytes,   85412544 total
, 0.0955934 secs]
   [Parallel Time: 91.1 ms, GC Workers: 4]
      [GC Worker Start (ms): Min: 909494.9, Avg: 909494.9, Max: 909494.9, Diff: 0.1]
      [Ext Root Scanning (ms): Min: 5.3, Avg: 5.5, Max: 5.8, Diff: 0.4, Sum: 22.0]
      [Update RS (ms): Min: 8.7, Avg: 8.8, Max: 8.9, Diff: 0.2, Sum: 35.3]
         [Processed Buffers: Min: 20, Avg: 25.8, Max: 39, Diff: 19, Sum: 103]
      [Scan RS (ms): Min: 0.3, Avg: 0.4, Max: 0.5, Diff: 0.2, Sum: 1.5]
      [Code Root Scanning (ms): Min: 0.0, Avg: 0.1, Max: 0.1, Diff: 0.1, Sum: 0.2]
      [Object Copy (ms): Min: 75.9, Avg: 76.1, Max: 76.2, Diff: 0.3, Sum: 304.4]
      [Termination (ms): Min: 0.0, Avg: 0.0, Max: 0.1, Diff: 0.1, Sum: 0.2]
         [Termination Attempts: Min: 7, Avg: 9.5, Max: 11, Diff: 4, Sum: 38]
      [GC Worker Other (ms): Min: 0.0, Avg: 0.1, Max: 0.1, Diff: 0.1, Sum: 0.3]
      [GC Worker Total (ms): Min: 90.9, Avg: 90.9, Max: 91.0, Diff: 0.1, Sum: 363.7]
      [GC Worker End (ms): Min: 909585.8, Avg: 909585.8, Max: 909585.9, Diff: 0.0]
   [Code Root Fixup: 0.0 ms]
   [Code Root Purge: 0.0 ms]
   [Clear CT: 0.4 ms]
   [Other: 4.1 ms]
      [Choose CSet: 0.0 ms]
      [Ref Proc: 2.0 ms]
      [Ref Enq: 0.1 ms]
      [Redirty Cards: 0.3 ms]
      [Humongous Register: 0.1 ms]
      [Humongous Reclaim: 0.1 ms]
      [Free CSet: 1.0 ms]
   [Eden: 1036.0M(1036.0M)->0.0B(1062.0M) Survivors: 86016.0K->59392.0K Heap: 1461.5M(1868.0M)->413.6M(1868.0M)]
Heap after GC invocations=60 (full 0):
 garbage-first heap   total 1912832K, used 423507K [0x000000008b400000, 0x000000008b503a60, 0x0000000100000000)
  region size 1024K, 58 young (59392K), 58 survivors (59392K)
 Metaspace       used 146846K, capacity 153901K, committed 154032K, reserved 1181696K
  class space    used 19725K, capacity 21058K, committed 21168K, reserved 1048576K
}
 [Times: user=0.31 sys=0.00, real=0.10 secs] 
2020-07-20T09:24:33.654+0000: 909.590: Total time for which application threads were stopped: 0.1014624 seconds, Stopping threads took: 0.0040657 seconds
{Heap before GC invocations=60 (full 0):
 garbage-first heap   total 1912832K, used 1513043K [0x000000008b400000, 0x000000008b503a60, 0x0000000100000000)
  region size 1024K, 1120 young (1146880K), 58 survivors (59392K)
 Metaspace       used 146860K, capacity 153971K, committed 154288K, reserved 1181696K
  class space    used 19725K, capacity 21059K, committed 21168K, reserved 1048576K
2020-07-20T09:24:38.357+0000: 914.293: [GC pause (G1 Evacuation Pause) (young)
Desired survivor size 73400320 bytes, new threshold 15 (max 15)
- age   1:   37128056 bytes,   37128056 total
- age   2:   10812368 bytes,   47940424 total
- age   3:     411096 bytes,   48351520 total
- age   4:    1798336 bytes,   50149856 total
- age   5:    2492064 bytes,   52641920 total
- age   6:    3412608 bytes,   56054528 total
- age   7:    1655464 bytes,   57709992 total
, 0.1163180 secs]
   [Parallel Time: 111.0 ms, GC Workers: 4]
      [GC Worker Start (ms): Min: 914293.8, Avg: 914293.8, Max: 914293.9, Diff: 0.1]
      [Ext Root Scanning (ms): Min: 8.3, Avg: 8.5, Max: 8.6, Diff: 0.4, Sum: 33.9]
      [Update RS (ms): Min: 34.1, Avg: 34.2, Max: 34.4, Diff: 0.3, Sum: 136.7]
         [Processed Buffers: Min: 27, Avg: 57.0, Max: 75, Diff: 48, Sum: 228]
      [Scan RS (ms): Min: 0.4, Avg: 0.5, Max: 0.5, Diff: 0.1, Sum: 1.9]
      [Code Root Scanning (ms): Min: 0.0, Avg: 0.0, Max: 0.1, Diff: 0.1, Sum: 0.2]
      [Object Copy (ms): Min: 66.9, Avg: 67.4, Max: 67.8, Diff: 0.9, Sum: 269.4]
      [Termination (ms): Min: 0.1, Avg: 0.2, Max: 0.4, Diff: 0.4, Sum: 0.9]
         [Termination Attempts: Min: 3, Avg: 231.2, Max: 552, Diff: 549, Sum: 925]
      [GC Worker Other (ms): Min: 0.0, Avg: 0.1, Max: 0.1, Diff: 0.1, Sum: 0.2]
      [GC Worker Total (ms): Min: 110.7, Avg: 110.8, Max: 110.8, Diff: 0.1, Sum: 443.2]
      [GC Worker End (ms): Min: 914404.6, Avg: 914404.6, Max: 914404.7, Diff: 0.1]
   [Code Root Fixup: 0.0 ms]
   [Code Root Purge: 0.0 ms]
   [Clear CT: 0.5 ms]
   [Other: 4.8 ms]
      [Choose CSet: 0.0 ms]
      [Ref Proc: 2.5 ms]
      [Ref Enq: 0.2 ms]
      [Redirty Cards: 0.2 ms]
      [Humongous Register: 0.1 ms]
      [Humongous Reclaim: 0.0 ms]
      [Free CSet: 1.2 ms]
   [Eden: 1062.0M(1062.0M)->0.0B(1074.0M) Survivors: 59392.0K->47104.0K Heap: 1477.6M(1868.0M)->402.1M(1868.0M)]
Heap after GC invocations=61 (full 0):
 garbage-first heap   total 1912832K, used 411731K [0x000000008b400000, 0x000000008b503a60, 0x0000000100000000)
  region size 1024K, 46 young (47104K), 46 survivors (47104K)
 Metaspace       used 146860K, capacity 153971K, committed 154288K, reserved 1181696K
  class space    used 19725K, capacity 21059K, committed 21168K, reserved 1048576K
}
 [Times: user=0.36 sys=0.02, real=0.12 secs] 
2020-07-20T09:24:38.474+0000: 914.410: Total time for which application threads were stopped: 0.1178210 seconds, Stopping threads took: 0.0005994 seconds
{Heap before GC invocations=61 (full 0):
 garbage-first heap   total 1912832K, used 1513555K [0x000000008b400000, 0x000000008b503a60, 0x0000000100000000)
  region size 1024K, 1120 young (1146880K), 46 survivors (47104K)
 Metaspace       used 146865K, capacity 153971K, committed 154288K, reserved 1181696K
  class space    used 19725K, capacity 21059K, committed 21168K, reserved 1048576K
2020-07-20T09:24:42.332+0000: 918.268: [GC pause (G1 Evacuation Pause) (young)
Desired survivor size 73400320 bytes, new threshold 15 (max 15)
- age   1:   31351840 bytes,   31351840 total
- age   2:    6332176 bytes,   37684016 total
- age   3:     360664 bytes,   38044680 total
- age   4:     409928 bytes,   38454608 total
- age   5:    1791112 bytes,   40245720 total
- age   6:    2491968 bytes,   42737688 total
- age   7:    1879976 bytes,   44617664 total
- age   8:    1655208 bytes,   46272872 total
, 0.0462599 secs]
   [Parallel Time: 42.0 ms, GC Workers: 4]
      [GC Worker Start (ms): Min: 918268.2, Avg: 918268.3, Max: 918268.3, Diff: 0.1]
      [Ext Root Scanning (ms): Min: 5.0, Avg: 5.1, Max: 5.3, Diff: 0.3, Sum: 20.4]
      [Update RS (ms): Min: 7.3, Avg: 7.4, Max: 7.5, Diff: 0.3, Sum: 29.5]
         [Processed Buffers: Min: 6, Avg: 23.0, Max: 36, Diff: 30, Sum: 92]
      [Scan RS (ms): Min: 0.1, Avg: 0.2, Max: 0.3, Diff: 0.2, Sum: 1.0]
      [Code Root Scanning (ms): Min: 0.0, Avg: 0.0, Max: 0.1, Diff: 0.1, Sum: 0.2]
      [Object Copy (ms): Min: 28.7, Avg: 28.8, Max: 28.9, Diff: 0.2, Sum: 115.3]
      [Termination (ms): Min: 0.0, Avg: 0.1, Max: 0.1, Diff: 0.1, Sum: 0.3]
         [Termination Attempts: Min: 1, Avg: 1.0, Max: 1, Diff: 0, Sum: 4]
      [GC Worker Other (ms): Min: 0.0, Avg: 0.1, Max: 0.1, Diff: 0.1, Sum: 0.3]
      [GC Worker Total (ms): Min: 41.6, Avg: 41.7, Max: 41.8, Diff: 0.2, Sum: 166.9]
      [GC Worker End (ms): Min: 918309.9, Avg: 918310.0, Max: 918310.0, Diff: 0.1]
   [Code Root Fixup: 0.1 ms]
   [Code Root Purge: 0.0 ms]
   [Clear CT: 0.4 ms]
   [Other: 3.8 ms]
      [Choose CSet: 0.0 ms]
      [Ref Proc: 2.0 ms]
      [Ref Enq: 0.1 ms]
      [Redirty Cards: 0.2 ms]
      [Humongous Register: 0.1 ms]
      [Humongous Reclaim: 0.0 ms]
      [Free CSet: 0.9 ms]
   [Eden: 1074.0M(1074.0M)->0.0B(1086.0M) Survivors: 47104.0K->34816.0K Heap: 1478.1M(1868.0M)->390.1M(1868.0M)]
Heap after GC invocations=62 (full 0):
 garbage-first heap   total 1912832K, used 399443K [0x000000008b400000, 0x000000008b503a60, 0x0000000100000000)
  region size 1024K, 34 young (34816K), 34 survivors (34816K)
 Metaspace       used 146865K, capacity 153971K, committed 154288K, reserved 1181696K
  class space    used 19725K, capacity 21059K, committed 21168K, reserved 1048576K
}
 [Times: user=0.16 sys=0.00, real=0.05 secs] 
2020-07-20T09:24:42.379+0000: 918.314: Total time for which application threads were stopped: 0.0473260 seconds, Stopping threads took: 0.0001870 seconds
{Heap before GC invocations=62 (full 0):
 garbage-first heap   total 1912832K, used 1513555K [0x000000008b400000, 0x000000008b503a60, 0x0000000100000000)
  region size 1024K, 1120 young (1146880K), 34 survivors (34816K)
 Metaspace       used 146868K, capacity 153971K, committed 154288K, reserved 1181696K
  class space    used 19725K, capacity 21059K, committed 21168K, reserved 1048576K
2020-07-20T09:24:46.897+0000: 922.833: [GC pause (G1 Evacuation Pause) (young)
Desired survivor size 73400320 bytes, new threshold 15 (max 15)
- age   1:   21988656 bytes,   21988656 total
- age   2:    3587272 bytes,   25575928 total
- age   3:     181584 bytes,   25757512 total
- age   4:     360288 bytes,   26117800 total
- age   5:     409416 bytes,   26527216 total
- age   6:    1787816 bytes,   28315032 total
- age   7:    2491776 bytes,   30806808 total
- age   8:    1877064 bytes,   32683872 total
- age   9:    1654400 bytes,   34338272 total
, 0.0769587 secs]
   [Parallel Time: 73.2 ms, GC Workers: 4]
      [GC Worker Start (ms): Min: 922833.5, Avg: 922833.6, Max: 922833.6, Diff: 0.0]
      [Ext Root Scanning (ms): Min: 5.0, Avg: 5.1, Max: 5.2, Diff: 0.2, Sum: 20.3]
      [Update RS (ms): Min: 7.2, Avg: 7.2, Max: 7.2, Diff: 0.0, Sum: 28.8]
         [Processed Buffers: Min: 13, Avg: 22.0, Max: 40, Diff: 27, Sum: 88]
      [Scan RS (ms): Min: 0.3, Avg: 0.4, Max: 0.4, Diff: 0.1, Sum: 1.4]
      [Code Root Scanning (ms): Min: 0.0, Avg: 0.1, Max: 0.1, Diff: 0.1, Sum: 0.2]
      [Object Copy (ms): Min: 60.2, Avg: 60.2, Max: 60.3, Diff: 0.2, Sum: 240.9]
      [Termination (ms): Min: 0.0, Avg: 0.0, Max: 0.0, Diff: 0.0, Sum: 0.1]
         [Termination Attempts: Min: 2, Avg: 4.2, Max: 6, Diff: 4, Sum: 17]
      [GC Worker Other (ms): Min: 0.0, Avg: 0.1, Max: 0.1, Diff: 0.1, Sum: 0.3]
      [GC Worker Total (ms): Min: 73.0, Avg: 73.0, Max: 73.0, Diff: 0.1, Sum: 292.0]
      [GC Worker End (ms): Min: 922906.5, Avg: 922906.6, Max: 922906.6, Diff: 0.1]
   [Code Root Fixup: 0.1 ms]
   [Code Root Purge: 0.0 ms]
   [Clear CT: 0.4 ms]
   [Other: 3.4 ms]
      [Choose CSet: 0.0 ms]
      [Ref Proc: 1.7 ms]
      [Ref Enq: 0.1 ms]
      [Redirty Cards: 0.2 ms]
      [Humongous Register: 0.1 ms]
      [Humongous Reclaim: 0.0 ms]
      [Free CSet: 0.9 ms]
   [Eden: 1086.0M(1086.0M)->0.0B(1059.0M) Survivors: 34816.0K->62464.0K Heap: 1478.1M(1868.0M)->419.1M(1868.0M)]
Heap after GC invocations=63 (full 0):
 garbage-first heap   total 1912832K, used 429139K [0x000000008b400000, 0x000000008b503a60, 0x0000000100000000)
  region size 1024K, 61 young (62464K), 61 survivors (62464K)
 Metaspace       used 146868K, capacity 153971K, committed 154288K, reserved 1181696K
  class space    used 19725K, capacity 21059K, committed 21168K, reserved 1048576K
}
 [Times: user=0.23 sys=0.03, real=0.08 secs] 
2020-07-20T09:24:46.975+0000: 922.910: Total time for which application threads were stopped: 0.0826952 seconds, Stopping threads took: 0.0049213 seconds
{Heap before GC invocations=63 (full 0):
 garbage-first heap   total 1912832K, used 1513555K [0x000000008b400000, 0x000000008b503a60, 0x0000000100000000)
  region size 1024K, 1120 young (1146880K), 61 survivors (62464K)
 Metaspace       used 146875K, capacity 153971K, committed 154288K, reserved 1181696K
  class space    used 19725K, capacity 21059K, committed 21168K, reserved 1048576K
2020-07-20T09:24:51.613+0000: 927.549: [GC pause (G1 Evacuation Pause) (young)
Desired survivor size 73400320 bytes, new threshold 15 (max 15)
- age   1:   33104792 bytes,   33104792 total
- age   2:   17119392 bytes,   50224184 total
- age   3:    3548152 bytes,   53772336 total
- age   4:     180984 bytes,   53953320 total
- age   5:     360168 bytes,   54313488 total
- age   6:     408872 bytes,   54722360 total
- age   7:    1787240 bytes,   56509600 total
- age   8:    2489576 bytes,   58999176 total
- age   9:    1876600 bytes,   60875776 total
- age  10:    1650944 bytes,   62526720 total
, 0.0793975 secs]
   [Parallel Time: 75.2 ms, GC Workers: 4]
      [GC Worker Start (ms): Min: 927549.4, Avg: 927549.5, Max: 927549.5, Diff: 0.1]
      [Ext Root Scanning (ms): Min: 5.0, Avg: 5.0, Max: 5.2, Diff: 0.2, Sum: 20.1]
      [Update RS (ms): Min: 7.0, Avg: 7.0, Max: 7.0, Diff: 0.1, Sum: 28.1]
         [Processed Buffers: Min: 11, Avg: 22.5, Max: 29, Diff: 18, Sum: 90]
      [Scan RS (ms): Min: 0.3, Avg: 0.3, Max: 0.4, Diff: 0.1, Sum: 1.3]
      [Code Root Scanning (ms): Min: 0.0, Avg: 0.0, Max: 0.1, Diff: 0.1, Sum: 0.2]
      [Object Copy (ms): Min: 62.2, Avg: 62.3, Max: 62.4, Diff: 0.2, Sum: 249.2]
      [Termination (ms): Min: 0.0, Avg: 0.1, Max: 0.3, Diff: 0.3, Sum: 0.5]
         [Termination Attempts: Min: 1, Avg: 254.0, Max: 388, Diff: 387, Sum: 1016]
      [GC Worker Other (ms): Min: 0.0, Avg: 0.1, Max: 0.1, Diff: 0.1, Sum: 0.3]
      [GC Worker Total (ms): Min: 74.9, Avg: 75.0, Max: 75.0, Diff: 0.1, Sum: 299.8]
      [GC Worker End (ms): Min: 927624.4, Avg: 927624.4, Max: 927624.5, Diff: 0.1]
   [Code Root Fixup: 0.1 ms]
   [Code Root Purge: 0.0 ms]
   [Clear CT: 0.4 ms]
   [Other: 3.8 ms]
      [Choose CSet: 0.0 ms]
      [Ref Proc: 2.0 ms]
      [Ref Enq: 0.1 ms]
      [Redirty Cards: 0.1 ms]
      [Humongous Register: 0.1 ms]
      [Humongous Reclaim: 0.0 ms]
      [Free CSet: 0.9 ms]
   [Eden: 1059.0M(1059.0M)->0.0B(1072.0M) Survivors: 62464.0K->49152.0K Heap: 1478.1M(1868.0M)->401.6M(1868.0M)]
Heap after GC invocations=64 (full 0):
 garbage-first heap   total 1912832K, used 411219K [0x000000008b400000, 0x000000008b503a60, 0x0000000100000000)
  region size 1024K, 48 young (49152K), 48 survivors (49152K)
 Metaspace       used 146875K, capacity 153971K, committed 154288K, reserved 1181696K
  class space    used 19725K, capacity 21059K, committed 21168K, reserved 1048576K
}
 [Times: user=0.25 sys=0.01, real=0.08 secs] 
2020-07-20T09:24:51.693+0000: 927.629: Total time for which application threads were stopped: 0.0819732 seconds, Stopping threads took: 0.0017547 seconds
{Heap before GC invocations=64 (full 0):
 garbage-first heap   total 1912832K, used 1510995K [0x000000008b400000, 0x000000008b503a60, 0x0000000100000000)
  region size 1024K, 1120 young (1146880K), 48 survivors (49152K)
 Metaspace       used 146897K, capacity 154045K, committed 154288K, reserved 1181696K
  class space    used 19726K, capacity 21060K, committed 21168K, reserved 1048576K
2020-07-20T09:25:11.432+0000: 947.368: [GC pause (G1 Evacuation Pause) (young)
Desired survivor size 73400320 bytes, new threshold 15 (max 15)
- age   1:   27757880 bytes,   27757880 total
- age   2:    5775840 bytes,   33533720 total
- age   3:    1884784 bytes,   35418504 total
- age   4:    2943264 bytes,   38361768 total
- age   5:     179816 bytes,   38541584 total
- age   6:     359920 bytes,   38901504 total
- age   7:     405488 bytes,   39306992 total
- age   8:    1764456 bytes,   41071448 total
- age   9:    2488864 bytes,   43560312 total
- age  10:    1868240 bytes,   45428552 total
- age  11:    1641776 bytes,   47070328 total
, 0.0805596 secs]
   [Parallel Time: 76.1 ms, GC Workers: 4]
      [GC Worker Start (ms): Min: 947368.5, Avg: 947370.6, Max: 947372.7, Diff: 4.2]
      [Ext Root Scanning (ms): Min: 4.6, Avg: 6.6, Max: 8.9, Diff: 4.4, Sum: 26.6]
      [Update RS (ms): Min: 9.2, Avg: 9.2, Max: 9.3, Diff: 0.1, Sum: 36.9]
         [Processed Buffers: Min: 21, Avg: 28.5, Max: 45, Diff: 24, Sum: 114]
      [Scan RS (ms): Min: 0.3, Avg: 0.3, Max: 0.4, Diff: 0.0, Sum: 1.4]
      [Code Root Scanning (ms): Min: 0.0, Avg: 0.1, Max: 0.2, Diff: 0.1, Sum: 0.3]
      [Object Copy (ms): Min: 54.5, Avg: 56.6, Max: 57.8, Diff: 3.3, Sum: 226.5]
      [Termination (ms): Min: 0.1, Avg: 0.9, Max: 3.1, Diff: 3.0, Sum: 3.5]
         [Termination Attempts: Min: 1, Avg: 218.2, Max: 347, Diff: 346, Sum: 873]
      [GC Worker Other (ms): Min: 0.0, Avg: 0.1, Max: 0.1, Diff: 0.1, Sum: 0.3]
      [GC Worker Total (ms): Min: 71.7, Avg: 73.9, Max: 75.9, Diff: 4.2, Sum: 295.5]
      [GC Worker End (ms): Min: 947444.4, Avg: 947444.5, Max: 947444.5, Diff: 0.0]
   [Code Root Fixup: 0.0 ms]
   [Code Root Purge: 0.0 ms]
   [Clear CT: 0.4 ms]
   [Other: 4.0 ms]
      [Choose CSet: 0.0 ms]
      [Ref Proc: 2.0 ms]
      [Ref Enq: 0.2 ms]
      [Redirty Cards: 0.1 ms]
      [Humongous Register: 0.2 ms]
      [Humongous Reclaim: 0.1 ms]
      [Free CSet: 0.9 ms]
   [Eden: 1072.0M(1072.0M)->0.0B(1083.0M) Survivors: 49152.0K->37888.0K Heap: 1475.6M(1868.0M)->390.6M(1868.0M)]
Heap after GC invocations=65 (full 0):
 garbage-first heap   total 1912832K, used 399955K [0x000000008b400000, 0x000000008b503a60, 0x0000000100000000)
  region size 1024K, 37 young (37888K), 37 survivors (37888K)
 Metaspace       used 146897K, capacity 154045K, committed 154288K, reserved 1181696K
  class space    used 19726K, capacity 21060K, committed 21168K, reserved 1048576K
}
 [Times: user=0.26 sys=0.01, real=0.09 secs] 
2020-07-20T09:25:11.513+0000: 947.449: Total time for which application threads were stopped: 0.0830618 seconds, Stopping threads took: 0.0008883 seconds
{Heap before GC invocations=65 (full 0):
 garbage-first heap   total 1912832K, used 1510995K [0x000000008b400000, 0x000000008b503a60, 0x0000000100000000)
  region size 1024K, 1120 young (1146880K), 37 survivors (37888K)
 Metaspace       used 146899K, capacity 154045K, committed 154288K, reserved 1181696K
  class space    used 19726K, capacity 21060K, committed 21168K, reserved 1048576K
2020-07-20T09:25:16.101+0000: 952.037: [GC pause (G1 Evacuation Pause) (young)
Desired survivor size 73400320 bytes, new threshold 15 (max 15)
- age   1:   21449000 bytes,   21449000 total
- age   2:    1623464 bytes,   23072464 total
- age   3:    1686480 bytes,   24758944 total
- age   4:    1884264 bytes,   26643208 total
- age   5:    1409768 bytes,   28052976 total
- age   6:     159720 bytes,   28212696 total
- age   7:     357640 bytes,   28570336 total
- age   8:     403568 bytes,   28973904 total
- age   9:    1763976 bytes,   30737880 total
- age  10:    2482576 bytes,   33220456 total
- age  11:    1583784 bytes,   34804240 total
- age  12:    1594152 bytes,   36398392 total
, 0.0827225 secs]
   [Parallel Time: 78.3 ms, GC Workers: 4]
      [GC Worker Start (ms): Min: 952037.6, Avg: 952037.7, Max: 952037.8, Diff: 0.1]
      [Ext Root Scanning (ms): Min: 5.0, Avg: 5.1, Max: 5.3, Diff: 0.3, Sum: 20.6]
      [Update RS (ms): Min: 9.4, Avg: 9.5, Max: 9.5, Diff: 0.1, Sum: 38.0]
         [Processed Buffers: Min: 13, Avg: 22.5, Max: 39, Diff: 26, Sum: 90]
      [Scan RS (ms): Min: 0.2, Avg: 0.3, Max: 0.4, Diff: 0.2, Sum: 1.3]
      [Code Root Scanning (ms): Min: 0.0, Avg: 0.1, Max: 0.1, Diff: 0.1, Sum: 0.3]
      [Object Copy (ms): Min: 62.9, Avg: 63.0, Max: 63.2, Diff: 0.3, Sum: 252.2]
      [Termination (ms): Min: 0.0, Avg: 0.0, Max: 0.0, Diff: 0.0, Sum: 0.0]
         [Termination Attempts: Min: 2, Avg: 6.5, Max: 10, Diff: 8, Sum: 26]
      [GC Worker Other (ms): Min: 0.0, Avg: 0.0, Max: 0.0, Diff: 0.0, Sum: 0.1]
      [GC Worker Total (ms): Min: 78.1, Avg: 78.1, Max: 78.2, Diff: 0.1, Sum: 312.5]
      [GC Worker End (ms): Min: 952115.8, Avg: 952115.8, Max: 952115.9, Diff: 0.0]
   [Code Root Fixup: 0.0 ms]
   [Code Root Purge: 0.0 ms]
   [Clear CT: 0.4 ms]
   [Other: 3.9 ms]
      [Choose CSet: 0.0 ms]
      [Ref Proc: 2.0 ms]
      [Ref Enq: 0.1 ms]
      [Redirty Cards: 0.2 ms]
      [Humongous Register: 0.2 ms]
      [Humongous Reclaim: 0.0 ms]
      [Free CSet: 0.9 ms]
   [Eden: 1083.0M(1083.0M)->0.0B(1054.0M) Survivors: 37888.0K->67584.0K Heap: 1475.6M(1868.0M)->421.6M(1868.0M)]
Heap after GC invocations=66 (full 0):
 garbage-first heap   total 1912832K, used 431699K [0x000000008b400000, 0x000000008b503a60, 0x0000000100000000)
  region size 1024K, 66 young (67584K), 66 survivors (67584K)
 Metaspace       used 146899K, capacity 154045K, committed 154288K, reserved 1181696K
  class space    used 19726K, capacity 21060K, committed 21168K, reserved 1048576K
}
 [Times: user=0.27 sys=0.00, real=0.08 secs] 
2020-07-20T09:25:16.184+0000: 952.120: Total time for which application threads were stopped: 0.0840476 seconds, Stopping threads took: 0.0002053 seconds
{Heap before GC invocations=66 (full 0):
 garbage-first heap   total 1912832K, used 1513043K [0x000000008b400000, 0x000000008b503a60, 0x0000000100000000)
  region size 1024K, 1120 young (1146880K), 66 survivors (67584K)
 Metaspace       used 146904K, capacity 154045K, committed 154288K, reserved 1181696K
  class space    used 19726K, capacity 21060K, committed 21168K, reserved 1048576K
2020-07-20T09:25:20.606+0000: 956.542: [GC pause (G1 Evacuation Pause) (young)
Desired survivor size 73400320 bytes, new threshold 15 (max 15)
- age   1:   34890512 bytes,   34890512 total
- age   2:   16774312 bytes,   51664824 total
- age   3:    1619104 bytes,   53283928 total
- age   4:    1686048 bytes,   54969976 total
- age   5:    1883848 bytes,   56853824 total
- age   6:    1409368 bytes,   58263192 total
- age   7:     159432 bytes,   58422624 total
- age   8:     357480 bytes,   58780104 total
- age   9:     403296 bytes,   59183400 total
- age  10:    1573864 bytes,   60757264 total
- age  11:    2364984 bytes,   63122248 total
- age  12:    1583624 bytes,   64705872 total
- age  13:    1593824 bytes,   66299696 total
, 0.1014981 secs]
   [Parallel Time: 96.5 ms, GC Workers: 4]
      [GC Worker Start (ms): Min: 956542.3, Avg: 956542.4, Max: 956542.4, Diff: 0.1]
      [Ext Root Scanning (ms): Min: 9.6, Avg: 9.8, Max: 10.1, Diff: 0.6, Sum: 39.1]
      [Update RS (ms): Min: 12.3, Avg: 12.8, Max: 14.2, Diff: 1.9, Sum: 51.2]
         [Processed Buffers: Min: 14, Avg: 21.2, Max: 35, Diff: 21, Sum: 85]
      [Scan RS (ms): Min: 0.1, Avg: 0.5, Max: 0.7, Diff: 0.6, Sum: 2.1]
      [Code Root Scanning (ms): Min: 0.0, Avg: 0.1, Max: 0.2, Diff: 0.2, Sum: 0.4]
      [Object Copy (ms): Min: 71.7, Avg: 73.0, Max: 73.5, Diff: 1.8, Sum: 291.9]
      [Termination (ms): Min: 0.0, Avg: 0.0, Max: 0.1, Diff: 0.1, Sum: 0.1]
         [Termination Attempts: Min: 1, Avg: 62.5, Max: 136, Diff: 135, Sum: 250]
      [GC Worker Other (ms): Min: 0.0, Avg: 0.1, Max: 0.1, Diff: 0.1, Sum: 0.2]
      [GC Worker Total (ms): Min: 96.2, Avg: 96.3, Max: 96.4, Diff: 0.1, Sum: 385.1]
      [GC Worker End (ms): Min: 956638.6, Avg: 956638.7, Max: 956638.7, Diff: 0.1]
   [Code Root Fixup: 0.0 ms]
   [Code Root Purge: 0.0 ms]
   [Clear CT: 0.5 ms]
   [Other: 4.4 ms]
      [Choose CSet: 0.0 ms]
      [Ref Proc: 2.1 ms]
      [Ref Enq: 0.2 ms]
      [Redirty Cards: 0.3 ms]
      [Humongous Register: 0.1 ms]
      [Humongous Reclaim: 0.0 ms]
      [Free CSet: 1.2 ms]
   [Eden: 1054.0M(1054.0M)->0.0B(1068.0M) Survivors: 67584.0K->53248.0K Heap: 1477.6M(1868.0M)->408.1M(1868.0M)]
Heap after GC invocations=67 (full 0):
 garbage-first heap   total 1912832K, used 417875K [0x000000008b400000, 0x000000008b503a60, 0x0000000100000000)
  region size 1024K, 52 young (53248K), 52 survivors (53248K)
 Metaspace       used 146904K, capacity 154045K, committed 154288K, reserved 1181696K
  class space    used 19726K, capacity 21060K, committed 21168K, reserved 1048576K
}
 [Times: user=0.32 sys=0.02, real=0.10 secs] 
2020-07-20T09:25:20.708+0000: 956.644: Total time for which application threads were stopped: 0.1051258 seconds, Stopping threads took: 0.0021298 seconds
{Heap before GC invocations=67 (full 0):
 garbage-first heap   total 1912832K, used 1517651K [0x000000008b400000, 0x000000008b503a60, 0x0000000100000000)
  region size 1024K, 1120 young (1146880K), 52 survivors (53248K)
 Metaspace       used 146911K, capacity 154045K, committed 154288K, reserved 1181696K
  class space    used 19726K, capacity 21060K, committed 21168K, reserved 1048576K
2020-07-20T09:25:24.858+0000: 960.794: [GC pause (G1 Evacuation Pause) (young)
Desired survivor size 73400320 bytes, new threshold 15 (max 15)
- age   1:   28532872 bytes,   28532872 total
- age   2:    7246088 bytes,   35778960 total
- age   3:    2142136 bytes,   37921096 total
- age   4:    1518608 bytes,   39439704 total
- age   5:    1597952 bytes,   41037656 total
- age   6:    1789216 bytes,   42826872 total
- age   7:    1377056 bytes,   44203928 total
- age   8:     159272 bytes,   44363200 total
- age   9:     357224 bytes,   44720424 total
- age  10:     398224 bytes,   45118648 total
- age  11:    1552920 bytes,   46671568 total
- age  12:    2359752 bytes,   49031320 total
- age  13:    1582352 bytes,   50613672 total
- age  14:    1589944 bytes,   52203616 total
, 0.1152368 secs]
   [Parallel Time: 111.2 ms, GC Workers: 4]
      [GC Worker Start (ms): Min: 960794.1, Avg: 960794.1, Max: 960794.1, Diff: 0.1]
      [Ext Root Scanning (ms): Min: 5.3, Avg: 5.5, Max: 5.7, Diff: 0.4, Sum: 21.8]
      [Update RS (ms): Min: 9.5, Avg: 9.6, Max: 9.7, Diff: 0.2, Sum: 38.5]
         [Processed Buffers: Min: 9, Avg: 23.2, Max: 39, Diff: 30, Sum: 93]
      [Scan RS (ms): Min: 0.2, Avg: 0.4, Max: 0.4, Diff: 0.2, Sum: 1.4]
      [Code Root Scanning (ms): Min: 0.0, Avg: 0.1, Max: 0.1, Diff: 0.1, Sum: 0.2]
      [Object Copy (ms): Min: 95.1, Avg: 95.3, Max: 95.5, Diff: 0.3, Sum: 381.4]
      [Termination (ms): Min: 0.0, Avg: 0.1, Max: 0.1, Diff: 0.1, Sum: 0.3]
         [Termination Attempts: Min: 2, Avg: 172.0, Max: 269, Diff: 267, Sum: 688]
      [GC Worker Other (ms): Min: 0.0, Avg: 0.1, Max: 0.1, Diff: 0.0, Sum: 0.2]
      [GC Worker Total (ms): Min: 110.9, Avg: 111.0, Max: 111.0, Diff: 0.1, Sum: 443.9]
      [GC Worker End (ms): Min: 960905.1, Avg: 960905.1, Max: 960905.1, Diff: 0.0]
   [Code Root Fixup: 0.1 ms]
   [Code Root Purge: 0.0 ms]
   [Clear CT: 0.4 ms]
   [Other: 3.6 ms]
      [Choose CSet: 0.0 ms]
      [Ref Proc: 1.7 ms]
      [Ref Enq: 0.1 ms]
      [Redirty Cards: 0.2 ms]
      [Humongous Register: 0.1 ms]
      [Humongous Reclaim: 0.1 ms]
      [Free CSet: 1.0 ms]
   [Eden: 1068.0M(1068.0M)->0.0B(1039.0M) Survivors: 53248.0K->82944.0K Heap: 1482.1M(1868.0M)->440.6M(1868.0M)]
Heap after GC invocations=68 (full 0):
 garbage-first heap   total 1912832K, used 451155K [0x000000008b400000, 0x000000008b503a60, 0x0000000100000000)
  region size 1024K, 81 young (82944K), 81 survivors (82944K)
 Metaspace       used 146911K, capacity 154045K, committed 154288K, reserved 1181696K
  class space    used 19726K, capacity 21060K, committed 21168K, reserved 1048576K
}
 [Times: user=0.36 sys=0.01, real=0.12 secs] 
2020-07-20T09:25:24.973+0000: 960.909: Total time for which application threads were stopped: 0.1196193 seconds, Stopping threads took: 0.0031353 seconds
{Heap before GC invocations=68 (full 0):
 garbage-first heap   total 1912832K, used 1517139K [0x000000008b400000, 0x000000008b503a60, 0x0000000100000000)
  region size 1024K, 1120 young (1146880K), 81 survivors (82944K)
 Metaspace       used 146918K, capacity 154045K, committed 154288K, reserved 1181696K
  class space    used 19726K, capacity 21060K, committed 21168K, reserved 1048576K
2020-07-20T09:25:29.170+0000: 965.106: [GC pause (G1 Evacuation Pause) (young)
Desired survivor size 73400320 bytes, new threshold 7 (max 15)
- age   1:   36568720 bytes,   36568720 total
- age   2:   23657840 bytes,   60226560 total
- age   3:    7072392 bytes,   67298952 total
- age   4:    2141624 bytes,   69440576 total
- age   5:    1503776 bytes,   70944352 total
- age   6:    1595608 bytes,   72539960 total
- age   7:    1785680 bytes,   74325640 total
- age   8:    1376568 bytes,   75702208 total
- age   9:     159080 bytes,   75861288 total
- age  10:     353752 bytes,   76215040 total
- age  11:      84672 bytes,   76299712 total
- age  12:    1552792 bytes,   77852504 total
- age  13:    2359632 bytes,   80212136 total
- age  14:    1582192 bytes,   81794328 total
- age  15:    1589880 bytes,   83384208 total
, 0.0849454 secs]
   [Parallel Time: 79.8 ms, GC Workers: 4]
      [GC Worker Start (ms): Min: 965107.1, Avg: 965107.1, Max: 965107.2, Diff: 0.1]
      [Ext Root Scanning (ms): Min: 4.9, Avg: 5.0, Max: 5.2, Diff: 0.3, Sum: 20.2]
      [Update RS (ms): Min: 8.0, Avg: 8.2, Max: 8.5, Diff: 0.5, Sum: 32.8]
         [Processed Buffers: Min: 13, Avg: 23.8, Max: 50, Diff: 37, Sum: 95]
      [Scan RS (ms): Min: 0.1, Avg: 0.3, Max: 0.5, Diff: 0.3, Sum: 1.3]
      [Code Root Scanning (ms): Min: 0.0, Avg: 0.0, Max: 0.1, Diff: 0.1, Sum: 0.2]
      [Object Copy (ms): Min: 65.7, Avg: 65.9, Max: 66.0, Diff: 0.3, Sum: 263.6]
      [Termination (ms): Min: 0.0, Avg: 0.1, Max: 0.1, Diff: 0.1, Sum: 0.3]
         [Termination Attempts: Min: 3, Avg: 11.0, Max: 20, Diff: 17, Sum: 44]
      [GC Worker Other (ms): Min: 0.0, Avg: 0.0, Max: 0.0, Diff: 0.0, Sum: 0.1]
      [GC Worker Total (ms): Min: 79.6, Avg: 79.6, Max: 79.7, Diff: 0.1, Sum: 318.6]
      [GC Worker End (ms): Min: 965186.8, Avg: 965186.8, Max: 965186.8, Diff: 0.0]
   [Code Root Fixup: 0.1 ms]
   [Code Root Purge: 0.0 ms]
   [Clear CT: 0.4 ms]
   [Other: 4.7 ms]
      [Choose CSet: 0.1 ms]
      [Ref Proc: 2.2 ms]
      [Ref Enq: 0.1 ms]
      [Redirty Cards: 0.2 ms]
      [Humongous Register: 0.3 ms]
      [Humongous Reclaim: 0.0 ms]
      [Free CSet: 0.9 ms]
   [Eden: 1039.0M(1039.0M)->0.0B(1065.0M) Survivors: 82944.0K->56320.0K Heap: 1481.6M(1868.0M)->424.8M(1868.0M)]
Heap after GC invocations=69 (full 0):
 garbage-first heap   total 1912832K, used 434974K [0x000000008b400000, 0x000000008b503a60, 0x0000000100000000)
  region size 1024K, 55 young (56320K), 55 survivors (56320K)
 Metaspace       used 146918K, capacity 154045K, committed 154288K, reserved 1181696K
  class space    used 19726K, capacity 21060K, committed 21168K, reserved 1048576K
}
 [Times: user=0.28 sys=0.00, real=0.09 secs] 
2020-07-20T09:25:29.255+0000: 965.191: Total time for which application threads were stopped: 0.0901319 seconds, Stopping threads took: 0.0035848 seconds
{Heap before GC invocations=69 (full 0):
 garbage-first heap   total 1912832K, used 1525534K [0x000000008b400000, 0x000000008b503a60, 0x0000000100000000)
  region size 1024K, 1120 young (1146880K), 55 survivors (56320K)
 Metaspace       used 146919K, capacity 154045K, committed 154288K, reserved 1181696K
  class space    used 19726K, capacity 21060K, committed 21168K, reserved 1048576K
2020-07-20T09:25:33.465+0000: 969.401: [GC pause (G1 Evacuation Pause) (young)
Desired survivor size 73400320 bytes, new threshold 15 (max 15)
- age   1:   30813104 bytes,   30813104 total
- age   2:   15728592 bytes,   46541696 total
- age   3:    2487208 bytes,   49028904 total
- age   4:     887728 bytes,   49916632 total
- age   5:    2121104 bytes,   52037736 total
- age   6:    1503488 bytes,   53541224 total
- age   7:    1595288 bytes,   55136512 total
, 0.0630373 secs]
   [Parallel Time: 58.3 ms, GC Workers: 4]
      [GC Worker Start (ms): Min: 969401.2, Avg: 969401.2, Max: 969401.3, Diff: 0.1]
      [Ext Root Scanning (ms): Min: 4.9, Avg: 5.0, Max: 5.1, Diff: 0.2, Sum: 19.8]
      [Update RS (ms): Min: 16.2, Avg: 16.3, Max: 16.5, Diff: 0.3, Sum: 65.0]
         [Processed Buffers: Min: 31, Avg: 41.8, Max: 50, Diff: 19, Sum: 167]
      [Scan RS (ms): Min: 0.2, Avg: 0.3, Max: 0.3, Diff: 0.2, Sum: 1.2]
      [Code Root Scanning (ms): Min: 0.0, Avg: 0.0, Max: 0.0, Diff: 0.0, Sum: 0.2]
      [Object Copy (ms): Min: 36.2, Avg: 36.4, Max: 36.5, Diff: 0.3, Sum: 145.6]
      [Termination (ms): Min: 0.0, Avg: 0.0, Max: 0.0, Diff: 0.0, Sum: 0.1]
         [Termination Attempts: Min: 1, Avg: 1.2, Max: 2, Diff: 1, Sum: 5]
      [GC Worker Other (ms): Min: 0.0, Avg: 0.0, Max: 0.1, Diff: 0.0, Sum: 0.1]
      [GC Worker Total (ms): Min: 58.0, Avg: 58.0, Max: 58.1, Diff: 0.1, Sum: 232.1]
      [GC Worker End (ms): Min: 969459.3, Avg: 969459.3, Max: 969459.3, Diff: 0.0]
   [Code Root Fixup: 0.0 ms]
   [Code Root Purge: 0.0 ms]
   [Clear CT: 0.4 ms]
   [Other: 4.3 ms]
      [Choose CSet: 0.0 ms]
      [Ref Proc: 2.5 ms]
      [Ref Enq: 0.1 ms]
      [Redirty Cards: 0.2 ms]
      [Humongous Register: 0.1 ms]
      [Humongous Reclaim: 0.1 ms]
      [Free CSet: 0.9 ms]
   [Eden: 1065.0M(1065.0M)->0.0B(1078.0M) Survivors: 56320.0K->43008.0K Heap: 1489.8M(1868.0M)->408.3M(1868.0M)]
Heap after GC invocations=70 (full 0):
 garbage-first heap   total 1912832K, used 418078K [0x000000008b400000, 0x000000008b503a60, 0x0000000100000000)
  region size 1024K, 42 young (43008K), 42 survivors (43008K)
 Metaspace       used 146919K, capacity 154045K, committed 154288K, reserved 1181696K
  class space    used 19726K, capacity 21060K, committed 21168K, reserved 1048576K
}
 [Times: user=0.21 sys=0.01, real=0.06 secs] 
2020-07-20T09:25:33.528+0000: 969.464: Total time for which application threads were stopped: 0.0641905 seconds, Stopping threads took: 0.0002077 seconds
{Heap before GC invocations=70 (full 0):
 garbage-first heap   total 1912832K, used 1523998K [0x000000008b400000, 0x000000008b503a60, 0x0000000100000000)
  region size 1024K, 1120 young (1146880K), 42 survivors (43008K)
 Metaspace       used 146920K, capacity 154045K, committed 154288K, reserved 1181696K
  class space    used 19726K, capacity 21060K, committed 21168K, reserved 1048576K
2020-07-20T09:25:38.495+0000: 974.431: [GC pause (G1 Evacuation Pause) (young)
Desired survivor size 73400320 bytes, new threshold 15 (max 15)
- age   1:   29342656 bytes,   29342656 total
- age   2:    3039296 bytes,   32381952 total
- age   3:    1903880 bytes,   34285832 total
- age   4:    1628080 bytes,   35913912 total
- age   5:     883960 bytes,   36797872 total
- age   6:    2099336 bytes,   38897208 total
- age   7:    1499256 bytes,   40396464 total
- age   8:    1595072 bytes,   41991536 total
, 0.0587207 secs]
   [Parallel Time: 53.5 ms, GC Workers: 4]
      [GC Worker Start (ms): Min: 974431.7, Avg: 974431.8, Max: 974431.8, Diff: 0.1]
      [Ext Root Scanning (ms): Min: 6.3, Avg: 7.6, Max: 11.4, Diff: 5.1, Sum: 30.6]
      [Update RS (ms): Min: 2.2, Avg: 5.7, Max: 7.0, Diff: 4.8, Sum: 23.0]
         [Processed Buffers: Min: 10, Avg: 23.5, Max: 37, Diff: 27, Sum: 94]
      [Scan RS (ms): Min: 0.3, Avg: 0.5, Max: 0.8, Diff: 0.5, Sum: 1.9]
      [Code Root Scanning (ms): Min: 0.0, Avg: 0.0, Max: 0.1, Diff: 0.0, Sum: 0.1]
      [Object Copy (ms): Min: 38.8, Avg: 39.2, Max: 39.4, Diff: 0.7, Sum: 156.9]
      [Termination (ms): Min: 0.0, Avg: 0.0, Max: 0.0, Diff: 0.0, Sum: 0.0]
         [Termination Attempts: Min: 1, Avg: 3.0, Max: 7, Diff: 6, Sum: 12]
      [GC Worker Other (ms): Min: 0.0, Avg: 0.1, Max: 0.2, Diff: 0.1, Sum: 0.4]
      [GC Worker Total (ms): Min: 53.2, Avg: 53.2, Max: 53.3, Diff: 0.2, Sum: 212.9]
      [GC Worker End (ms): Min: 974485.0, Avg: 974485.0, Max: 974485.1, Diff: 0.1]
   [Code Root Fixup: 0.0 ms]
   [Code Root Purge: 0.0 ms]
   [Clear CT: 0.4 ms]
   [Other: 4.7 ms]
      [Choose CSet: 0.0 ms]
      [Ref Proc: 2.2 ms]
      [Ref Enq: 0.3 ms]
      [Redirty Cards: 0.3 ms]
      [Humongous Register: 0.1 ms]
      [Humongous Reclaim: 0.1 ms]
      [Free CSet: 1.3 ms]
   [Eden: 1078.0M(1078.0M)->0.0B(1084.0M) Survivors: 43008.0K->36864.0K Heap: 1488.3M(1868.0M)->402.3M(1868.0M)]
Heap after GC invocations=71 (full 0):
 garbage-first heap   total 1912832K, used 411934K [0x000000008b400000, 0x000000008b503a60, 0x0000000100000000)
  region size 1024K, 36 young (36864K), 36 survivors (36864K)
 Metaspace       used 146920K, capacity 154045K, committed 154288K, reserved 1181696K
  class space    used 19726K, capacity 21060K, committed 21168K, reserved 1048576K
}
 [Times: user=0.20 sys=0.00, real=0.06 secs] 
2020-07-20T09:25:38.554+0000: 974.490: Total time for which application threads were stopped: 0.0611795 seconds, Stopping threads took: 0.0007109 seconds
{Heap before GC invocations=71 (full 0):
 garbage-first heap   total 1912832K, used 1526046K [0x000000008b400000, 0x000000008b503a60, 0x0000000100000000)
  region size 1024K, 1120 young (1146880K), 36 survivors (36864K)
 Metaspace       used 146924K, capacity 154045K, committed 154288K, reserved 1181696K
  class space    used 19726K, capacity 21060K, committed 21168K, reserved 1048576K
2020-07-20T09:25:43.293+0000: 979.229: [GC pause (G1 Evacuation Pause) (young)
Desired survivor size 73400320 bytes, new threshold 15 (max 15)
- age   1:   25040520 bytes,   25040520 total
- age   2:    1216200 bytes,   26256720 total
- age   3:    1623336 bytes,   27880056 total
- age   4:    1903528 bytes,   29783584 total
- age   5:    1621664 bytes,   31405248 total
- age   6:     883512 bytes,   32288760 total
- age   7:     570560 bytes,   32859320 total
- age   8:    1499160 bytes,   34358480 total
- age   9:    1594848 bytes,   35953328 total
, 0.0386791 secs]
   [Parallel Time: 34.1 ms, GC Workers: 4]
      [GC Worker Start (ms): Min: 979229.8, Avg: 979229.8, Max: 979229.9, Diff: 0.1]
      [Ext Root Scanning (ms): Min: 4.9, Avg: 5.0, Max: 5.2, Diff: 0.3, Sum: 20.0]
      [Update RS (ms): Min: 5.0, Avg: 5.0, Max: 5.0, Diff: 0.0, Sum: 20.1]
         [Processed Buffers: Min: 16, Avg: 20.8, Max: 25, Diff: 9, Sum: 83]
      [Scan RS (ms): Min: 0.2, Avg: 0.3, Max: 0.3, Diff: 0.1, Sum: 1.1]
      [Code Root Scanning (ms): Min: 0.0, Avg: 0.0, Max: 0.0, Diff: 0.0, Sum: 0.1]
      [Object Copy (ms): Min: 23.2, Avg: 23.4, Max: 23.5, Diff: 0.2, Sum: 93.4]
      [Termination (ms): Min: 0.0, Avg: 0.0, Max: 0.0, Diff: 0.0, Sum: 0.0]
         [Termination Attempts: Min: 1, Avg: 1.2, Max: 2, Diff: 1, Sum: 5]
      [GC Worker Other (ms): Min: 0.0, Avg: 0.1, Max: 0.2, Diff: 0.2, Sum: 0.6]
      [GC Worker Total (ms): Min: 33.7, Avg: 33.8, Max: 33.9, Diff: 0.2, Sum: 135.3]
      [GC Worker End (ms): Min: 979263.5, Avg: 979263.7, Max: 979263.7, Diff: 0.2]
   [Code Root Fixup: 0.0 ms]
   [Code Root Purge: 0.0 ms]
   [Clear CT: 0.5 ms]
   [Other: 4.1 ms]
      [Choose CSet: 0.0 ms]
      [Ref Proc: 2.2 ms]
      [Ref Enq: 0.1 ms]
      [Redirty Cards: 0.1 ms]
      [Humongous Register: 0.2 ms]
      [Humongous Reclaim: 0.0 ms]
      [Free CSet: 1.0 ms]
   [Eden: 1084.0M(1084.0M)->0.0B(1090.0M) Survivors: 36864.0K->30720.0K Heap: 1490.3M(1868.0M)->397.8M(1868.0M)]
Heap after GC invocations=72 (full 0):
 garbage-first heap   total 1912832K, used 407326K [0x000000008b400000, 0x000000008b503a60, 0x0000000100000000)
  region size 1024K, 30 young (30720K), 30 survivors (30720K)
 Metaspace       used 146924K, capacity 154045K, committed 154288K, reserved 1181696K
  class space    used 19726K, capacity 21060K, committed 21168K, reserved 1048576K
}
 [Times: user=0.12 sys=0.01, real=0.03 secs] 
2020-07-20T09:25:43.332+0000: 979.268: Total time for which application threads were stopped: 0.0406148 seconds, Stopping threads took: 0.0009981 seconds
{Heap before GC invocations=72 (full 0):
 garbage-first heap   total 1912832K, used 1523486K [0x000000008b400000, 0x000000008b503a60, 0x0000000100000000)
  region size 1024K, 1120 young (1146880K), 30 survivors (30720K)
 Metaspace       used 146924K, capacity 154045K, committed 154288K, reserved 1181696K
  class space    used 19726K, capacity 21060K, committed 21168K, reserved 1048576K
2020-07-20T09:25:47.511+0000: 983.447: [GC pause (G1 Evacuation Pause) (young)
Desired survivor size 73400320 bytes, new threshold 15 (max 15)
- age   1:   16214704 bytes,   16214704 total
- age   2:    1970728 bytes,   18185432 total
- age   3:    1164456 bytes,   19349888 total
- age   4:    1560016 bytes,   20909904 total
- age   5:    1836776 bytes,   22746680 total
- age   6:    1565824 bytes,   24312504 total
- age   7:     881048 bytes,   25193552 total
- age   8:     570240 bytes,   25763792 total
- age   9:    1490296 bytes,   27254088 total
- age  10:    1584864 bytes,   28838952 total
, 0.0657482 secs]
   [Parallel Time: 61.9 ms, GC Workers: 4]
      [GC Worker Start (ms): Min: 983447.3, Avg: 983447.3, Max: 983447.4, Diff: 0.1]
      [Ext Root Scanning (ms): Min: 5.1, Avg: 5.2, Max: 5.4, Diff: 0.3, Sum: 20.7]
      [Update RS (ms): Min: 4.7, Avg: 4.7, Max: 4.8, Diff: 0.1, Sum: 18.9]
         [Processed Buffers: Min: 10, Avg: 18.2, Max: 32, Diff: 22, Sum: 73]
      [Scan RS (ms): Min: 0.2, Avg: 0.3, Max: 0.3, Diff: 0.0, Sum: 1.1]
      [Code Root Scanning (ms): Min: 0.0, Avg: 0.0, Max: 0.1, Diff: 0.0, Sum: 0.1]
      [Object Copy (ms): Min: 51.3, Avg: 51.4, Max: 51.5, Diff: 0.2, Sum: 205.7]
      [Termination (ms): Min: 0.0, Avg: 0.1, Max: 0.1, Diff: 0.1, Sum: 0.3]
         [Termination Attempts: Min: 8, Avg: 9.5, Max: 11, Diff: 3, Sum: 38]
      [GC Worker Other (ms): Min: 0.0, Avg: 0.1, Max: 0.1, Diff: 0.0, Sum: 0.3]
      [GC Worker Total (ms): Min: 61.7, Avg: 61.8, Max: 61.8, Diff: 0.1, Sum: 247.0]
      [GC Worker End (ms): Min: 983509.0, Avg: 983509.1, Max: 983509.1, Diff: 0.1]
   [Code Root Fixup: 0.0 ms]
   [Code Root Purge: 0.0 ms]
   [Clear CT: 0.4 ms]
   [Other: 3.4 ms]
      [Choose CSet: 0.0 ms]
      [Ref Proc: 1.7 ms]
      [Ref Enq: 0.1 ms]
      [Redirty Cards: 0.2 ms]
      [Humongous Register: 0.1 ms]
      [Humongous Reclaim: 0.0 ms]
      [Free CSet: 0.9 ms]
   [Eden: 1090.0M(1090.0M)->0.0B(1067.0M) Survivors: 30720.0K->54272.0K Heap: 1487.8M(1868.0M)->421.3M(1868.0M)]
Heap after GC invocations=73 (full 0):
 garbage-first heap   total 1912832K, used 431390K [0x000000008b400000, 0x000000008b503a60, 0x0000000100000000)
  region size 1024K, 53 young (54272K), 53 survivors (54272K)
 Metaspace       used 146924K, capacity 154045K, committed 154288K, reserved 1181696K
  class space    used 19726K, capacity 21060K, committed 21168K, reserved 1048576K
}
 [Times: user=0.21 sys=0.01, real=0.07 secs] 
2020-07-20T09:25:47.577+0000: 983.513: Total time for which application threads were stopped: 0.0669323 seconds, Stopping threads took: 0.0002782 seconds
{Heap before GC invocations=73 (full 0):
 garbage-first heap   total 1912832K, used 1526046K [0x000000008b400000, 0x000000008b503a60, 0x0000000100000000)
  region size 1024K, 1120 young (1146880K), 53 survivors (54272K)
 Metaspace       used 146930K, capacity 154045K, committed 154288K, reserved 1181696K
  class space    used 19726K, capacity 21060K, committed 21168K, reserved 1048576K
2020-07-20T09:25:51.683+0000: 987.619: [GC pause (G1 Evacuation Pause) (young)
Desired survivor size 73400320 bytes, new threshold 15 (max 15)
- age   1:   30267760 bytes,   30267760 total
- age   2:   11378168 bytes,   41645928 total
- age   3:    1940376 bytes,   43586304 total
- age   4:    1140680 bytes,   44726984 total
- age   5:    1530736 bytes,   46257720 total
- age   6:    1809320 bytes,   48067040 total
- age   7:    1545824 bytes,   49612864 total
- age   8:     880824 bytes,   50493688 total
- age   9:     570144 bytes,   51063832 total
- age  10:    1490088 bytes,   52553920 total
- age  11:    1581872 bytes,   54135792 total
, 0.0572770 secs]
   [Parallel Time: 53.4 ms, GC Workers: 4]
      [GC Worker Start (ms): Min: 987619.6, Avg: 987619.6, Max: 987619.6, Diff: 0.0]
      [Ext Root Scanning (ms): Min: 5.9, Avg: 6.5, Max: 8.2, Diff: 2.3, Sum: 26.0]
      [Update RS (ms): Min: 3.6, Avg: 5.1, Max: 5.6, Diff: 2.0, Sum: 20.3]
         [Processed Buffers: Min: 16, Avg: 19.2, Max: 25, Diff: 9, Sum: 77]
      [Scan RS (ms): Min: 0.3, Avg: 0.3, Max: 0.3, Diff: 0.1, Sum: 1.2]
      [Code Root Scanning (ms): Min: 0.0, Avg: 0.0, Max: 0.1, Diff: 0.0, Sum: 0.1]
      [Object Copy (ms): Min: 41.0, Avg: 41.2, Max: 41.4, Diff: 0.3, Sum: 165.0]
      [Termination (ms): Min: 0.0, Avg: 0.0, Max: 0.0, Diff: 0.0, Sum: 0.1]
         [Termination Attempts: Min: 2, Avg: 3.2, Max: 5, Diff: 3, Sum: 13]
      [GC Worker Other (ms): Min: 0.0, Avg: 0.0, Max: 0.1, Diff: 0.0, Sum: 0.1]
      [GC Worker Total (ms): Min: 53.2, Avg: 53.2, Max: 53.2, Diff: 0.1, Sum: 212.8]
      [GC Worker End (ms): Min: 987672.8, Avg: 987672.8, Max: 987672.8, Diff: 0.0]
   [Code Root Fixup: 0.0 ms]
   [Code Root Purge: 0.0 ms]
   [Clear CT: 0.4 ms]
   [Other: 3.5 ms]
      [Choose CSet: 0.0 ms]
      [Ref Proc: 1.8 ms]
      [Ref Enq: 0.1 ms]
      [Redirty Cards: 0.1 ms]
      [Humongous Register: 0.1 ms]
      [Humongous Reclaim: 0.1 ms]
      [Free CSet: 1.0 ms]
   [Eden: 1067.0M(1067.0M)->0.0B(1078.0M) Survivors: 54272.0K->43008.0K Heap: 1490.3M(1868.0M)->410.3M(1868.0M)]
Heap after GC invocations=74 (full 0):
 garbage-first heap   total 1912832K, used 420126K [0x000000008b400000, 0x000000008b503a60, 0x0000000100000000)
  region size 1024K, 42 young (43008K), 42 survivors (43008K)
 Metaspace       used 146930K, capacity 154045K, committed 154288K, reserved 1181696K
  class space    used 19726K, capacity 21060K, committed 21168K, reserved 1048576K
}
 [Times: user=0.19 sys=0.00, real=0.06 secs] 
2020-07-20T09:25:51.741+0000: 987.677: Total time for which application threads were stopped: 0.0593083 seconds, Stopping threads took: 0.0004609 seconds
{Heap before GC invocations=74 (full 0):
 garbage-first heap   total 1912832K, used 1528094K [0x000000008b400000, 0x000000008b503a60, 0x0000000100000000)
  region size 1024K, 1120 young (1146880K), 42 survivors (43008K)
 Metaspace       used 146934K, capacity 154045K, committed 154288K, reserved 1181696K
  class space    used 19726K, capacity 21060K, committed 21168K, reserved 1048576K
2020-07-20T09:25:55.931+0000: 991.867: [GC pause (G1 Evacuation Pause) (young)
Desired survivor size 73400320 bytes, new threshold 15 (max 15)
- age   1:   25377232 bytes,   25377232 total
- age   2:    3580448 bytes,   28957680 total
- age   3:     856584 bytes,   29814264 total
- age   4:    1940072 bytes,   31754336 total
- age   5:    1140456 bytes,   32894792 total
- age   6:    1529672 bytes,   34424464 total
- age   7:    1807232 bytes,   36231696 total
- age   8:    1544832 bytes,   37776528 total
- age   9:     880792 bytes,   38657320 total
- age  10:     567408 bytes,   39224728 total
- age  11:    1275768 bytes,   40500496 total
- age  12:    1504656 bytes,   42005152 total
, 0.0794498 secs]
   [Parallel Time: 75.3 ms, GC Workers: 4]
      [GC Worker Start (ms): Min: 991867.5, Avg: 991867.8, Max: 991868.6, Diff: 1.1]
      [Ext Root Scanning (ms): Min: 4.3, Avg: 5.1, Max: 5.5, Diff: 1.2, Sum: 20.6]
      [Update RS (ms): Min: 6.3, Avg: 6.4, Max: 6.5, Diff: 0.3, Sum: 25.6]
         [Processed Buffers: Min: 10, Avg: 21.2, Max: 46, Diff: 36, Sum: 85]
      [Scan RS (ms): Min: 0.3, Avg: 0.4, Max: 0.6, Diff: 0.3, Sum: 1.6]
      [Code Root Scanning (ms): Min: 0.0, Avg: 0.0, Max: 0.1, Diff: 0.1, Sum: 0.2]
      [Object Copy (ms): Min: 62.6, Avg: 62.8, Max: 63.0, Diff: 0.4, Sum: 251.3]
      [Termination (ms): Min: 0.0, Avg: 0.0, Max: 0.1, Diff: 0.1, Sum: 0.1]
         [Termination Attempts: Min: 4, Avg: 8.5, Max: 14, Diff: 10, Sum: 34]
      [GC Worker Other (ms): Min: 0.0, Avg: 0.1, Max: 0.1, Diff: 0.1, Sum: 0.2]
      [GC Worker Total (ms): Min: 74.1, Avg: 74.9, Max: 75.2, Diff: 1.1, Sum: 299.5]
      [GC Worker End (ms): Min: 991942.7, Avg: 991942.7, Max: 991942.7, Diff: 0.0]
   [Code Root Fixup: 0.0 ms]
   [Code Root Purge: 0.0 ms]
   [Clear CT: 0.3 ms]
   [Other: 3.7 ms]
      [Choose CSet: 0.0 ms]
      [Ref Proc: 1.9 ms]
      [Ref Enq: 0.1 ms]
      [Redirty Cards: 0.2 ms]
      [Humongous Register: 0.1 ms]
      [Humongous Reclaim: 0.0 ms]
      [Free CSet: 0.9 ms]
   [Eden: 1078.0M(1078.0M)->0.0B(1054.0M) Survivors: 43008.0K->67584.0K Heap: 1492.3M(1868.0M)->435.8M(1868.0M)]
Heap after GC invocations=75 (full 0):
 garbage-first heap   total 1912832K, used 446238K [0x000000008b400000, 0x000000008b503a60, 0x0000000100000000)
  region size 1024K, 66 young (67584K), 66 survivors (67584K)
 Metaspace       used 146934K, capacity 154045K, committed 154288K, reserved 1181696K
  class space    used 19726K, capacity 21060K, committed 21168K, reserved 1048576K
}
 [Times: user=0.24 sys=0.01, real=0.08 secs] 
2020-07-20T09:25:56.011+0000: 991.947: Total time for which application threads were stopped: 0.0806519 seconds, Stopping threads took: 0.0001886 seconds
{Heap before GC invocations=75 (full 0):
 garbage-first heap   total 1912832K, used 1525534K [0x000000008b400000, 0x000000008b503a60, 0x0000000100000000)
  region size 1024K, 1120 young (1146880K), 66 survivors (67584K)
 Metaspace       used 146935K, capacity 154045K, committed 154288K, reserved 1181696K
  class space    used 19726K, capacity 21060K, committed 21168K, reserved 1048576K
2020-07-20T09:26:00.261+0000: 996.197: [GC pause (G1 Evacuation Pause) (young)
Desired survivor size 73400320 bytes, new threshold 15 (max 15)
- age   1:   32175288 bytes,   32175288 total
- age   2:   19676392 bytes,   51851680 total
- age   3:    2253360 bytes,   54105040 total
- age   4:     645488 bytes,   54750528 total
- age   5:    1938944 bytes,   56689472 total
- age   6:    1127704 bytes,   57817176 total
- age   7:    1522768 bytes,   59339944 total
- age   8:    1805808 bytes,   61145752 total
- age   9:    1539296 bytes,   62685048 total
- age  10:     877480 bytes,   63562528 total
- age  11:     269808 bytes,   63832336 total
- age  12:    1275608 bytes,   65107944 total
- age  13:    1504488 bytes,   66612432 total
, 0.0674588 secs]
   [Parallel Time: 63.6 ms, GC Workers: 4]
      [GC Worker Start (ms): Min: 996197.5, Avg: 996197.5, Max: 996197.6, Diff: 0.1]
      [Ext Root Scanning (ms): Min: 5.0, Avg: 5.1, Max: 5.3, Diff: 0.2, Sum: 20.5]
      [Update RS (ms): Min: 5.0, Avg: 5.1, Max: 5.1, Diff: 0.1, Sum: 20.3]
         [Processed Buffers: Min: 17, Avg: 20.2, Max: 22, Diff: 5, Sum: 81]
      [Scan RS (ms): Min: 0.2, Avg: 0.3, Max: 0.3, Diff: 0.0, Sum: 1.0]
      [Code Root Scanning (ms): Min: 0.0, Avg: 0.0, Max: 0.1, Diff: 0.1, Sum: 0.1]
      [Object Copy (ms): Min: 52.8, Avg: 52.9, Max: 53.0, Diff: 0.3, Sum: 211.6]
      [Termination (ms): Min: 0.0, Avg: 0.0, Max: 0.0, Diff: 0.0, Sum: 0.0]
         [Termination Attempts: Min: 1, Avg: 1.2, Max: 2, Diff: 1, Sum: 5]
      [GC Worker Other (ms): Min: 0.0, Avg: 0.1, Max: 0.1, Diff: 0.1, Sum: 0.2]
      [GC Worker Total (ms): Min: 63.4, Avg: 63.5, Max: 63.5, Diff: 0.1, Sum: 253.8]
      [GC Worker End (ms): Min: 996260.9, Avg: 996261.0, Max: 996261.0, Diff: 0.1]
   [Code Root Fixup: 0.0 ms]
   [Code Root Purge: 0.0 ms]
   [Clear CT: 0.4 ms]
   [Other: 3.5 ms]
      [Choose CSet: 0.0 ms]
      [Ref Proc: 1.8 ms]
      [Ref Enq: 0.1 ms]
      [Redirty Cards: 0.2 ms]
      [Humongous Register: 0.1 ms]
      [Humongous Reclaim: 0.1 ms]
      [Free CSet: 0.9 ms]
   [Eden: 1054.0M(1054.0M)->0.0B(1067.0M) Survivors: 67584.0K->54272.0K Heap: 1489.8M(1868.0M)->421.3M(1868.0M)]
Heap after GC invocations=76 (full 0):
 garbage-first heap   total 1912832K, used 431390K [0x000000008b400000, 0x000000008b503a60, 0x0000000100000000)
  region size 1024K, 53 young (54272K), 53 survivors (54272K)
 Metaspace       used 146935K, capacity 154045K, committed 154288K, reserved 1181696K
  class space    used 19726K, capacity 21060K, committed 21168K, reserved 1048576K
}
 [Times: user=0.21 sys=0.00, real=0.06 secs] 
2020-07-20T09:26:00.329+0000: 996.265: Total time for which application threads were stopped: 0.0693414 seconds, Stopping threads took: 0.0009975 seconds
{Heap before GC invocations=76 (full 0):
 garbage-first heap   total 1912832K, used 1526046K [0x000000008b400000, 0x000000008b503a60, 0x0000000100000000)
  region size 1024K, 1120 young (1146880K), 53 survivors (54272K)
 Metaspace       used 146936K, capacity 154045K, committed 154288K, reserved 1181696K
  class space    used 19726K, capacity 21060K, committed 21168K, reserved 1048576K
2020-07-20T09:26:04.086+0000: 1000.022: [GC pause (G1 Evacuation Pause) (young)
Desired survivor size 73400320 bytes, new threshold 15 (max 15)
- age   1:   28909776 bytes,   28909776 total
- age   2:    7680312 bytes,   36590088 total
- age   3:    1770904 bytes,   38360992 total
- age   4:    2252472 bytes,   40613464 total
- age   5:     645072 bytes,   41258536 total
- age   6:    1935768 bytes,   43194304 total
- age   7:    1104696 bytes,   44299000 total
- age   8:    1522384 bytes,   45821384 total
- age   9:    1804080 bytes,   47625464 total
- age  10:    1539104 bytes,   49164568 total
- age  11:     877288 bytes,   50041856 total
- age  12:     266168 bytes,   50308024 total
- age  13:    1275608 bytes,   51583632 total
- age  14:    1504296 bytes,   53087928 total
, 0.0988945 secs]
   [Parallel Time: 94.7 ms, GC Workers: 4]
      [GC Worker Start (ms): Min: 1000022.4, Avg: 1000022.9, Max: 1000024.6, Diff: 2.2]
      [Ext Root Scanning (ms): Min: 4.5, Avg: 6.8, Max: 9.3, Diff: 4.8, Sum: 27.3]
      [Update RS (ms): Min: 4.0, Avg: 5.6, Max: 6.2, Diff: 2.1, Sum: 22.3]
         [Processed Buffers: Min: 8, Avg: 20.8, Max: 36, Diff: 28, Sum: 83]
      [Scan RS (ms): Min: 0.1, Avg: 0.3, Max: 0.4, Diff: 0.2, Sum: 1.1]
      [Code Root Scanning (ms): Min: 0.0, Avg: 0.0, Max: 0.1, Diff: 0.1, Sum: 0.1]
      [Object Copy (ms): Min: 81.0, Avg: 81.3, Max: 81.4, Diff: 0.4, Sum: 325.1]
      [Termination (ms): Min: 0.0, Avg: 0.0, Max: 0.0, Diff: 0.0, Sum: 0.0]
         [Termination Attempts: Min: 1, Avg: 6.2, Max: 10, Diff: 9, Sum: 25]
      [GC Worker Other (ms): Min: 0.0, Avg: 0.1, Max: 0.1, Diff: 0.1, Sum: 0.2]
      [GC Worker Total (ms): Min: 92.4, Avg: 94.0, Max: 94.6, Diff: 2.2, Sum: 376.1]
      [GC Worker End (ms): Min: 1000116.9, Avg: 1000117.0, Max: 1000117.0, Diff: 0.1]
   [Code Root Fixup: 0.0 ms]
   [Code Root Purge: 0.0 ms]
   [Clear CT: 0.3 ms]
   [Other: 3.9 ms]
      [Choose CSet: 0.0 ms]
      [Ref Proc: 2.0 ms]
      [Ref Enq: 0.2 ms]
      [Redirty Cards: 0.2 ms]
      [Humongous Register: 0.1 ms]
      [Humongous Reclaim: 0.0 ms]
      [Free CSet: 1.0 ms]
   [Eden: 1067.0M(1067.0M)->0.0B(1042.0M) Survivors: 54272.0K->79872.0K Heap: 1490.3M(1868.0M)->448.3M(1868.0M)]
Heap after GC invocations=77 (full 0):
 garbage-first heap   total 1912832K, used 459038K [0x000000008b400000, 0x000000008b503a60, 0x0000000100000000)
  region size 1024K, 78 young (79872K), 78 survivors (79872K)
 Metaspace       used 146936K, capacity 154045K, committed 154288K, reserved 1181696K
  class space    used 19726K, capacity 21060K, committed 21168K, reserved 1048576K
}
 [Times: user=0.31 sys=0.02, real=0.10 secs] 
2020-07-20T09:26:04.185+0000: 1000.121: Total time for which application threads were stopped: 0.1028800 seconds, Stopping threads took: 0.0022857 seconds
{Heap before GC invocations=77 (full 0):
 garbage-first heap   total 1912832K, used 1526046K [0x000000008b400000, 0x000000008b503a60, 0x0000000100000000)
  region size 1024K, 1120 young (1146880K), 78 survivors (79872K)
 Metaspace       used 146940K, capacity 154045K, committed 154288K, reserved 1181696K
  class space    used 19726K, capacity 21060K, committed 21168K, reserved 1048576K
2020-07-20T09:26:09.618+0000: 1005.554: [GC pause (G1 Evacuation Pause) (young)
Desired survivor size 73400320 bytes, new threshold 9 (max 15)
- age   1:   33244216 bytes,   33244216 total
- age   2:   23842976 bytes,   57087192 total
- age   3:    7617592 bytes,   64704784 total
- age   4:    1770720 bytes,   66475504 total
- age   5:    2251984 bytes,   68727488 total
- age   6:     644768 bytes,   69372256 total
- age   7:    1926936 bytes,   71299192 total
- age   8:    1102008 bytes,   72401200 total
- age   9:    1520128 bytes,   73921328 total
- age  10:    1802808 bytes,   75724136 total
- age  11:    1539008 bytes,   77263144 total
- age  12:     877240 bytes,   78140384 total
- age  13:     244944 bytes,   78385328 total
- age  14:    1275544 bytes,   79660872 total
- age  15:    1504232 bytes,   81165104 total
, 0.0700773 secs]
   [Parallel Time: 65.7 ms, GC Workers: 4]
      [GC Worker Start (ms): Min: 1005554.7, Avg: 1005554.8, Max: 1005554.8, Diff: 0.1]
      [Ext Root Scanning (ms): Min: 4.9, Avg: 5.0, Max: 5.2, Diff: 0.3, Sum: 20.0]
      [Update RS (ms): Min: 7.1, Avg: 7.2, Max: 7.2, Diff: 0.1, Sum: 28.7]
         [Processed Buffers: Min: 16, Avg: 23.2, Max: 40, Diff: 24, Sum: 93]
      [Scan RS (ms): Min: 0.2, Avg: 0.3, Max: 0.3, Diff: 0.0, Sum: 1.0]
      [Code Root Scanning (ms): Min: 0.0, Avg: 0.0, Max: 0.1, Diff: 0.1, Sum: 0.1]
      [Object Copy (ms): Min: 52.9, Avg: 53.0, Max: 53.1, Diff: 0.2, Sum: 212.0]
      [Termination (ms): Min: 0.0, Avg: 0.0, Max: 0.0, Diff: 0.0, Sum: 0.1]
         [Termination Attempts: Min: 1, Avg: 2.5, Max: 5, Diff: 4, Sum: 10]
      [GC Worker Other (ms): Min: 0.0, Avg: 0.0, Max: 0.1, Diff: 0.0, Sum: 0.2]
      [GC Worker Total (ms): Min: 65.5, Avg: 65.5, Max: 65.6, Diff: 0.1, Sum: 262.1]
      [GC Worker End (ms): Min: 1005620.3, Avg: 1005620.3, Max: 1005620.3, Diff: 0.0]
   [Code Root Fixup: 0.0 ms]
   [Code Root Purge: 0.0 ms]
   [Clear CT: 0.5 ms]
   [Other: 3.8 ms]
      [Choose CSet: 0.0 ms]
      [Ref Proc: 1.9 ms]
      [Ref Enq: 0.1 ms]
      [Redirty Cards: 0.2 ms]
      [Humongous Register: 0.2 ms]
      [Humongous Reclaim: 0.1 ms]
      [Free CSet: 0.9 ms]
   [Eden: 1042.0M(1042.0M)->0.0B(1079.0M) Survivors: 79872.0K->41984.0K Heap: 1490.3M(1868.0M)->417.8M(1868.0M)]
Heap after GC invocations=78 (full 0):
 garbage-first heap   total 1912832K, used 427794K [0x000000008b400000, 0x000000008b503a60, 0x0000000100000000)
  region size 1024K, 41 young (41984K), 41 survivors (41984K)
 Metaspace       used 146940K, capacity 154045K, committed 154288K, reserved 1181696K
  class space    used 19726K, capacity 21060K, committed 21168K, reserved 1048576K
}
 [Times: user=0.23 sys=0.00, real=0.07 secs] 
2020-07-20T09:26:09.689+0000: 1005.625: Total time for which application threads were stopped: 0.0711403 seconds, Stopping threads took: 0.0001243 seconds
{Heap before GC invocations=78 (full 0):
 garbage-first heap   total 1912832K, used 1532690K [0x000000008b400000, 0x000000008b503a60, 0x0000000100000000)
  region size 1024K, 1120 young (1146880K), 41 survivors (41984K)
 Metaspace       used 146986K, capacity 154077K, committed 154288K, reserved 1181696K
  class space    used 19732K, capacity 21066K, committed 21168K, reserved 1048576K
2020-07-20T09:26:16.435+0000: 1012.371: [GC pause (G1 Evacuation Pause) (young)
Desired survivor size 73400320 bytes, new threshold 15 (max 15)
- age   1:   16344488 bytes,   16344488 total
- age   2:   13729480 bytes,   30073968 total
- age   3:    1718672 bytes,   31792640 total
- age   4:    2276752 bytes,   34069392 total
- age   5:    1770656 bytes,   35840048 total
- age   6:    2251952 bytes,   38092000 total
- age   7:     640968 bytes,   38732968 total
- age   8:     400552 bytes,   39133520 total
- age   9:    1101952 bytes,   40235472 total
, 0.0718453 secs]
   [Parallel Time: 67.5 ms, GC Workers: 4]
      [GC Worker Start (ms): Min: 1012371.0, Avg: 1012372.3, Max: 1012376.2, Diff: 5.2]
      [Ext Root Scanning (ms): Min: 0.7, Avg: 4.4, Max: 5.8, Diff: 5.1, Sum: 17.7]
      [Update RS (ms): Min: 18.8, Avg: 19.1, Max: 19.7, Diff: 0.9, Sum: 76.4]
         [Processed Buffers: Min: 25, Avg: 37.8, Max: 48, Diff: 23, Sum: 151]
      [Scan RS (ms): Min: 0.1, Avg: 0.3, Max: 0.4, Diff: 0.2, Sum: 1.2]
      [Code Root Scanning (ms): Min: 0.0, Avg: 0.1, Max: 0.1, Diff: 0.1, Sum: 0.2]
      [Object Copy (ms): Min: 41.5, Avg: 42.0, Max: 42.3, Diff: 0.8, Sum: 167.9]
      [Termination (ms): Min: 0.0, Avg: 0.1, Max: 0.2, Diff: 0.2, Sum: 0.4]
         [Termination Attempts: Min: 2, Avg: 3.8, Max: 5, Diff: 3, Sum: 15]
      [GC Worker Other (ms): Min: 0.0, Avg: 0.0, Max: 0.0, Diff: 0.0, Sum: 0.1]
      [GC Worker Total (ms): Min: 62.1, Avg: 66.0, Max: 67.3, Diff: 5.2, Sum: 263.9]
      [GC Worker End (ms): Min: 1012438.2, Avg: 1012438.3, Max: 1012438.3, Diff: 0.1]
   [Code Root Fixup: 0.0 ms]
   [Code Root Purge: 0.0 ms]
   [Clear CT: 0.4 ms]
   [Other: 4.0 ms]
      [Choose CSet: 0.0 ms]
      [Ref Proc: 2.3 ms]
      [Ref Enq: 0.1 ms]
      [Redirty Cards: 0.2 ms]
      [Humongous Register: 0.1 ms]
      [Humongous Reclaim: 0.0 ms]
      [Free CSet: 1.0 ms]
   [Eden: 1079.0M(1079.0M)->0.0B(1077.0M) Survivors: 41984.0K->44032.0K Heap: 1496.8M(1868.0M)->419.8M(1868.0M)]
Heap after GC invocations=79 (full 0):
 garbage-first heap   total 1912832K, used 429842K [0x000000008b400000, 0x000000008b503a60, 0x0000000100000000)
  region size 1024K, 43 young (44032K), 43 survivors (44032K)
 Metaspace       used 146986K, capacity 154077K, committed 154288K, reserved 1181696K
  class space    used 19732K, capacity 21066K, committed 21168K, reserved 1048576K
}
 [Times: user=0.19 sys=0.00, real=0.07 secs] 
2020-07-20T09:26:16.507+0000: 1012.443: Total time for which application threads were stopped: 0.0729075 seconds, Stopping threads took: 0.0001600 seconds
{Heap before GC invocations=79 (full 0):
 garbage-first heap   total 1912832K, used 1532690K [0x000000008b400000, 0x000000008b503a60, 0x0000000100000000)
  region size 1024K, 1120 young (1146880K), 43 survivors (44032K)
 Metaspace       used 146991K, capacity 154081K, committed 154288K, reserved 1181696K
  class space    used 19732K, capacity 21066K, committed 21168K, reserved 1048576K
2020-07-20T09:26:22.085+0000: 1018.020: [GC pause (G1 Evacuation Pause) (young)
Desired survivor size 73400320 bytes, new threshold 15 (max 15)
- age   1:    6659128 bytes,    6659128 total
- age   2:   11284528 bytes,   17943656 total
- age   3:   13728592 bytes,   31672248 total
- age   4:    1718328 bytes,   33390576 total
- age   5:    2276624 bytes,   35667200 total
- age   6:    1768128 bytes,   37435328 total
- age   7:    2251728 bytes,   39687056 total
- age   8:     639400 bytes,   40326456 total
- age   9:     400552 bytes,   40727008 total
- age  10:    1101952 bytes,   41828960 total
, 0.0735260 secs]
   [Parallel Time: 69.1 ms, GC Workers: 4]
      [GC Worker Start (ms): Min: 1018020.8, Avg: 1018024.7, Max: 1018028.6, Diff: 7.8]
      [Ext Root Scanning (ms): Min: 2.9, Avg: 6.7, Max: 10.8, Diff: 7.9, Sum: 26.6]
      [Update RS (ms): Min: 7.3, Avg: 7.4, Max: 7.5, Diff: 0.2, Sum: 29.5]
         [Processed Buffers: Min: 12, Avg: 24.0, Max: 39, Diff: 27, Sum: 96]
      [Scan RS (ms): Min: 0.2, Avg: 0.4, Max: 0.4, Diff: 0.2, Sum: 1.4]
      [Code Root Scanning (ms): Min: 0.0, Avg: 0.1, Max: 0.2, Diff: 0.2, Sum: 0.4]
      [Object Copy (ms): Min: 50.2, Avg: 50.4, Max: 50.9, Diff: 0.8, Sum: 201.7]
      [Termination (ms): Min: 0.0, Avg: 0.1, Max: 0.1, Diff: 0.0, Sum: 0.2]
         [Termination Attempts: Min: 1, Avg: 3.5, Max: 5, Diff: 4, Sum: 14]
      [GC Worker Other (ms): Min: 0.0, Avg: 0.1, Max: 0.1, Diff: 0.1, Sum: 0.3]
      [GC Worker Total (ms): Min: 61.1, Avg: 65.1, Max: 69.0, Diff: 7.9, Sum: 260.2]
      [GC Worker End (ms): Min: 1018089.7, Avg: 1018089.7, Max: 1018089.8, Diff: 0.1]
   [Code Root Fixup: 0.0 ms]
   [Code Root Purge: 0.0 ms]
   [Clear CT: 0.4 ms]
   [Other: 3.9 ms]
      [Choose CSet: 0.0 ms]
      [Ref Proc: 2.0 ms]
      [Ref Enq: 0.1 ms]
      [Redirty Cards: 0.2 ms]
      [Humongous Register: 0.1 ms]
      [Humongous Reclaim: 0.0 ms]
      [Free CSet: 1.0 ms]
   [Eden: 1077.0M(1077.0M)->0.0B(1068.0M) Survivors: 44032.0K->53248.0K Heap: 1496.8M(1868.0M)->428.3M(1868.0M)]
Heap after GC invocations=80 (full 0):
 garbage-first heap   total 1912832K, used 438546K [0x000000008b400000, 0x000000008b503a60, 0x0000000100000000)
  region size 1024K, 52 young (53248K), 52 survivors (53248K)
 Metaspace       used 146991K, capacity 154081K, committed 154288K, reserved 1181696K
  class space    used 19732K, capacity 21066K, committed 21168K, reserved 1048576K
}
 [Times: user=0.23 sys=0.00, real=0.07 secs] 
2020-07-20T09:26:22.158+0000: 1018.094: Total time for which application threads were stopped: 0.0756051 seconds, Stopping threads took: 0.0005124 seconds
{Heap before GC invocations=80 (full 0):
 garbage-first heap   total 1912832K, used 1536274K [0x000000008b400000, 0x000000008b503a60, 0x0000000100000000)
  region size 1024K, 1120 young (1146880K), 52 survivors (53248K)
 Metaspace       used 146995K, capacity 154087K, committed 154288K, reserved 1181696K
  class space    used 19732K, capacity 21067K, committed 21168K, reserved 1048576K
2020-07-20T09:26:25.818+0000: 1021.753: [GC pause (G1 Evacuation Pause) (young)
Desired survivor size 73400320 bytes, new threshold 15 (max 15)
- age   1:   15699872 bytes,   15699872 total
- age   2:    1373520 bytes,   17073392 total
- age   3:   11246480 bytes,   28319872 total
- age   4:   13726608 bytes,   42046480 total
- age   5:    1718008 bytes,   43764488 total
- age   6:    2276448 bytes,   46040936 total
- age   7:    1768032 bytes,   47808968 total
- age   8:    2251568 bytes,   50060536 total
- age   9:     639288 bytes,   50699824 total
- age  10:     399464 bytes,   51099288 total
- age  11:    1101904 bytes,   52201192 total
, 0.0514400 secs]
   [Parallel Time: 47.2 ms, GC Workers: 4]
      [GC Worker Start (ms): Min: 1021753.7, Avg: 1021753.8, Max: 1021753.8, Diff: 0.1]
      [Ext Root Scanning (ms): Min: 6.2, Avg: 6.3, Max: 6.4, Diff: 0.2, Sum: 25.0]
      [Update RS (ms): Min: 7.4, Avg: 7.4, Max: 7.6, Diff: 0.2, Sum: 29.7]
         [Processed Buffers: Min: 16, Avg: 25.2, Max: 37, Diff: 21, Sum: 101]
      [Scan RS (ms): Min: 0.3, Avg: 0.5, Max: 0.7, Diff: 0.4, Sum: 1.8]
      [Code Root Scanning (ms): Min: 0.0, Avg: 0.1, Max: 0.1, Diff: 0.1, Sum: 0.2]
      [Object Copy (ms): Min: 32.5, Avg: 32.8, Max: 32.9, Diff: 0.4, Sum: 131.0]
      [Termination (ms): Min: 0.0, Avg: 0.0, Max: 0.0, Diff: 0.0, Sum: 0.0]
         [Termination Attempts: Min: 1, Avg: 4.0, Max: 7, Diff: 6, Sum: 16]
      [GC Worker Other (ms): Min: 0.0, Avg: 0.1, Max: 0.1, Diff: 0.1, Sum: 0.3]
      [GC Worker Total (ms): Min: 47.0, Avg: 47.0, Max: 47.1, Diff: 0.1, Sum: 188.1]
      [GC Worker End (ms): Min: 1021800.7, Avg: 1021800.8, Max: 1021800.8, Diff: 0.1]
   [Code Root Fixup: 0.0 ms]
   [Code Root Purge: 0.0 ms]
   [Clear CT: 0.5 ms]
   [Other: 3.7 ms]
      [Choose CSet: 0.0 ms]
      [Ref Proc: 1.7 ms]
      [Ref Enq: 0.1 ms]
      [Redirty Cards: 0.2 ms]
      [Humongous Register: 0.1 ms]
      [Humongous Reclaim: 0.1 ms]
      [Free CSet: 1.2 ms]
   [Eden: 1068.0M(1068.0M)->0.0B(1086.0M) Survivors: 53248.0K->34816.0K Heap: 1500.3M(1868.0M)->410.3M(1868.0M)]
Heap after GC invocations=81 (full 0):
 garbage-first heap   total 1912832K, used 420114K [0x000000008b400000, 0x000000008b503a60, 0x0000000100000000)
  region size 1024K, 34 young (34816K), 34 survivors (34816K)
 Metaspace       used 146995K, capacity 154087K, committed 154288K, reserved 1181696K
  class space    used 19732K, capacity 21067K, committed 21168K, reserved 1048576K
}
 [Times: user=0.18 sys=0.00, real=0.05 secs] 
2020-07-20T09:26:25.869+0000: 1021.805: Total time for which application threads were stopped: 0.0532118 seconds, Stopping threads took: 0.0008851 seconds
{Heap before GC invocations=81 (full 0):
 garbage-first heap   total 1912832K, used 1532178K [0x000000008b400000, 0x000000008b503a60, 0x0000000100000000)
  region size 1024K, 1120 young (1146880K), 34 survivors (34816K)
 Metaspace       used 146995K, capacity 154087K, committed 154288K, reserved 1181696K
  class space    used 19732K, capacity 21067K, committed 21168K, reserved 1048576K
2020-07-20T09:26:30.025+0000: 1025.961: [GC pause (G1 Evacuation Pause) (young)
Desired survivor size 73400320 bytes, new threshold 15 (max 15)
- age   1:   14405136 bytes,   14405136 total
- age   2:     561376 bytes,   14966512 total
- age   3:     443632 bytes,   15410144 total
- age   4:    5987504 bytes,   21397648 total
- age   5:    2221248 bytes,   23618896 total
- age   6:    1522336 bytes,   25141232 total
- age   7:    2120496 bytes,   27261728 total
- age   8:    1725280 bytes,   28987008 total
- age   9:    2184824 bytes,   31171832 total
- age  10:     628800 bytes,   31800632 total
- age  11:     394664 bytes,   32195296 total
- age  12:    1089616 bytes,   33284912 total
, 0.0737240 secs]
   [Parallel Time: 69.1 ms, GC Workers: 4]
      [GC Worker Start (ms): Min: 1025961.8, Avg: 1025961.8, Max: 1025961.9, Diff: 0.1]
      [Ext Root Scanning (ms): Min: 5.2, Avg: 5.3, Max: 5.5, Diff: 0.3, Sum: 21.3]
      [Update RS (ms): Min: 7.6, Avg: 7.7, Max: 7.8, Diff: 0.2, Sum: 30.8]
         [Processed Buffers: Min: 11, Avg: 21.2, Max: 40, Diff: 29, Sum: 85]
      [Scan RS (ms): Min: 0.3, Avg: 0.3, Max: 0.4, Diff: 0.1, Sum: 1.3]
      [Code Root Scanning (ms): Min: 0.0, Avg: 0.1, Max: 0.2, Diff: 0.1, Sum: 0.2]
      [Object Copy (ms): Min: 55.3, Avg: 55.3, Max: 55.4, Diff: 0.2, Sum: 221.3]
      [Termination (ms): Min: 0.0, Avg: 0.0, Max: 0.1, Diff: 0.1, Sum: 0.1]
         [Termination Attempts: Min: 8, Avg: 12.0, Max: 17, Diff: 9, Sum: 48]
      [GC Worker Other (ms): Min: 0.0, Avg: 0.1, Max: 0.1, Diff: 0.1, Sum: 0.2]
      [GC Worker Total (ms): Min: 68.8, Avg: 68.8, Max: 68.9, Diff: 0.1, Sum: 275.3]
      [GC Worker End (ms): Min: 1026030.6, Avg: 1026030.6, Max: 1026030.7, Diff: 0.1]
   [Code Root Fixup: 0.1 ms]
   [Code Root Purge: 0.0 ms]
   [Clear CT: 0.4 ms]
   [Other: 4.2 ms]
      [Choose CSet: 0.0 ms]
      [Ref Proc: 2.1 ms]
      [Ref Enq: 0.1 ms]
      [Redirty Cards: 0.3 ms]
      [Humongous Register: 0.2 ms]
      [Humongous Reclaim: 0.0 ms]
      [Free CSet: 1.0 ms]
   [Eden: 1086.0M(1086.0M)->0.0B(1062.0M) Survivors: 34816.0K->59392.0K Heap: 1496.3M(1868.0M)->434.3M(1868.0M)]
Heap after GC invocations=82 (full 0):
 garbage-first heap   total 1912832K, used 444690K [0x000000008b400000, 0x000000008b503a60, 0x0000000100000000)
  region size 1024K, 58 young (59392K), 58 survivors (59392K)
 Metaspace       used 146995K, capacity 154087K, committed 154288K, reserved 1181696K
  class space    used 19732K, capacity 21067K, committed 21168K, reserved 1048576K
}
 [Times: user=0.24 sys=0.01, real=0.07 secs] 
2020-07-20T09:26:30.099+0000: 1026.035: Total time for which application threads were stopped: 0.0768503 seconds, Stopping threads took: 0.0021991 seconds
{Heap before GC invocations=82 (full 0):
 garbage-first heap   total 1912832K, used 1534226K [0x000000008b400000, 0x000000008b503a60, 0x0000000100000000)
  region size 1024K, 1120 young (1146880K), 58 survivors (59392K)
 Metaspace       used 146996K, capacity 154151K, committed 154288K, reserved 1181696K
  class space    used 19732K, capacity 21067K, committed 21168K, reserved 1048576K
2020-07-20T09:26:33.697+0000: 1029.633: [GC pause (G1 Evacuation Pause) (young)
Desired survivor size 73400320 bytes, new threshold 15 (max 15)
- age   1:   31601248 bytes,   31601248 total
- age   2:    9089024 bytes,   40690272 total
- age   3:     316304 bytes,   41006576 total
- age   4:     443568 bytes,   41450144 total
- age   5:    5972136 bytes,   47422280 total
- age   6:    2216480 bytes,   49638760 total
- age   7:    1509640 bytes,   51148400 total
- age   8:    2065544 bytes,   53213944 total
- age   9:    1681952 bytes,   54895896 total
- age  10:    2125920 bytes,   57021816 total
- age  11:     626424 bytes,   57648240 total
- age  12:     382560 bytes,   58030800 total
- age  13:    1089312 bytes,   59120112 total
, 0.1043092 secs]
   [Parallel Time: 99.5 ms, GC Workers: 4]
      [GC Worker Start (ms): Min: 1029633.8, Avg: 1029635.2, Max: 1029636.6, Diff: 2.8]
      [Ext Root Scanning (ms): Min: 4.7, Avg: 6.1, Max: 7.7, Diff: 3.0, Sum: 24.4]
      [Update RS (ms): Min: 7.2, Avg: 7.3, Max: 7.4, Diff: 0.2, Sum: 29.1]
         [Processed Buffers: Min: 16, Avg: 23.5, Max: 32, Diff: 16, Sum: 94]
      [Scan RS (ms): Min: 0.3, Avg: 0.4, Max: 0.5, Diff: 0.2, Sum: 1.5]
      [Code Root Scanning (ms): Min: 0.0, Avg: 0.1, Max: 0.2, Diff: 0.2, Sum: 0.4]
      [Object Copy (ms): Min: 83.8, Avg: 84.0, Max: 84.2, Diff: 0.4, Sum: 335.8]
      [Termination (ms): Min: 0.0, Avg: 0.0, Max: 0.0, Diff: 0.0, Sum: 0.0]
         [Termination Attempts: Min: 1, Avg: 1.2, Max: 2, Diff: 1, Sum: 5]
      [GC Worker Other (ms): Min: 0.1, Avg: 0.1, Max: 0.2, Diff: 0.1, Sum: 0.5]
      [GC Worker Total (ms): Min: 96.5, Avg: 97.9, Max: 99.3, Diff: 2.9, Sum: 391.7]
      [GC Worker End (ms): Min: 1029733.0, Avg: 1029733.1, Max: 1029733.1, Diff: 0.1]
   [Code Root Fixup: 0.1 ms]
   [Code Root Purge: 0.0 ms]
   [Clear CT: 0.4 ms]
   [Other: 4.3 ms]
      [Choose CSet: 0.0 ms]
      [Ref Proc: 2.3 ms]
      [Ref Enq: 0.2 ms]
      [Redirty Cards: 0.2 ms]
      [Humongous Register: 0.1 ms]
      [Humongous Reclaim: 0.0 ms]
      [Free CSet: 1.0 ms]
   [Eden: 1062.0M(1062.0M)->0.0B(1031.0M) Survivors: 59392.0K->91136.0K Heap: 1498.3M(1868.0M)->467.3M(1868.0M)]
Heap after GC invocations=83 (full 0):
 garbage-first heap   total 1912832K, used 478482K [0x000000008b400000, 0x000000008b503a60, 0x0000000100000000)
  region size 1024K, 89 young (91136K), 89 survivors (91136K)
 Metaspace       used 146996K, capacity 154151K, committed 154288K, reserved 1181696K
  class space    used 19732K, capacity 21067K, committed 21168K, reserved 1048576K
}
 [Times: user=0.34 sys=0.00, real=0.11 secs] 
2020-07-20T09:26:33.802+0000: 1029.738: Total time for which application threads were stopped: 0.1128098 seconds, Stopping threads took: 0.0066835 seconds
{Heap before GC invocations=83 (full 0):
 garbage-first heap   total 1912832K, used 1536274K [0x000000008b400000, 0x000000008b503a60, 0x0000000100000000)
  region size 1024K, 1120 young (1146880K), 89 survivors (91136K)
 Metaspace       used 147001K, capacity 154151K, committed 154288K, reserved 1181696K
  class space    used 19732K, capacity 21067K, committed 21168K, reserved 1048576K
2020-07-20T09:26:37.798+0000: 1033.734: [GC pause (G1 Evacuation Pause) (young)
Desired survivor size 73400320 bytes, new threshold 5 (max 15)
- age   1:   37533832 bytes,   37533832 total
- age   2:   26481568 bytes,   64015400 total
- age   3:    9060568 bytes,   73075968 total
- age   4:     316064 bytes,   73392032 total
- age   5:     443472 bytes,   73835504 total
- age   6:    5970616 bytes,   79806120 total
- age   7:    2215320 bytes,   82021440 total
- age   8:    1509352 bytes,   83530792 total
- age   9:    2064064 bytes,   85594856 total
- age  10:    1681896 bytes,   87276752 total
- age  11:    2124552 bytes,   89401304 total
- age  12:     624240 bytes,   90025544 total
- age  13:     382504 bytes,   90408048 total
- age  14:     851760 bytes,   91259808 total
, 0.0946855 secs]
   [Parallel Time: 90.5 ms, GC Workers: 4]
      [GC Worker Start (ms): Min: 1033734.1, Avg: 1033734.2, Max: 1033734.2, Diff: 0.1]
      [Ext Root Scanning (ms): Min: 5.4, Avg: 5.6, Max: 5.9, Diff: 0.4, Sum: 22.4]
      [Update RS (ms): Min: 7.6, Avg: 7.6, Max: 7.7, Diff: 0.2, Sum: 30.4]
         [Processed Buffers: Min: 17, Avg: 25.0, Max: 34, Diff: 17, Sum: 100]
      [Scan RS (ms): Min: 0.3, Avg: 0.3, Max: 0.4, Diff: 0.1, Sum: 1.3]
      [Code Root Scanning (ms): Min: 0.0, Avg: 0.1, Max: 0.2, Diff: 0.2, Sum: 0.4]
      [Object Copy (ms): Min: 76.4, Avg: 76.6, Max: 76.8, Diff: 0.4, Sum: 306.6]
      [Termination (ms): Min: 0.0, Avg: 0.0, Max: 0.0, Diff: 0.0, Sum: 0.1]
         [Termination Attempts: Min: 7, Avg: 10.0, Max: 15, Diff: 8, Sum: 40]
      [GC Worker Other (ms): Min: 0.0, Avg: 0.0, Max: 0.1, Diff: 0.0, Sum: 0.2]
      [GC Worker Total (ms): Min: 90.3, Avg: 90.3, Max: 90.4, Diff: 0.1, Sum: 361.4]
      [GC Worker End (ms): Min: 1033824.5, Avg: 1033824.5, Max: 1033824.5, Diff: 0.0]
   [Code Root Fixup: 0.1 ms]
   [Code Root Purge: 0.0 ms]
   [Clear CT: 0.4 ms]
   [Other: 3.7 ms]
      [Choose CSet: 0.0 ms]
      [Ref Proc: 1.8 ms]
      [Ref Enq: 0.1 ms]
      [Redirty Cards: 0.3 ms]
      [Humongous Register: 0.1 ms]
      [Humongous Reclaim: 0.1 ms]
      [Free CSet: 1.0 ms]
   [Eden: 1031.0M(1031.0M)->0.0B(1061.0M) Survivors: 91136.0K->60416.0K Heap: 1500.3M(1868.0M)->453.3M(1868.0M)]
Heap after GC invocations=84 (full 0):
 garbage-first heap   total 1912832K, used 464169K [0x000000008b400000, 0x000000008b503a60, 0x0000000100000000)
  region size 1024K, 59 young (60416K), 59 survivors (60416K)
 Metaspace       used 147001K, capacity 154151K, committed 154288K, reserved 1181696K
  class space    used 19732K, capacity 21067K, committed 21168K, reserved 1048576K
}
 [Times: user=0.29 sys=0.02, real=0.10 secs] 
2020-07-20T09:26:37.893+0000: 1033.829: Total time for which application threads were stopped: 0.1000062 seconds, Stopping threads took: 0.0038870 seconds
{Heap before GC invocations=84 (full 0):
 garbage-first heap   total 1912832K, used 1550633K [0x000000008b400000, 0x000000008b503a60, 0x0000000100000000)
  region size 1024K, 1120 young (1146880K), 59 survivors (60416K)
 Metaspace       used 147007K, capacity 154151K, committed 154288K, reserved 1181696K
  class space    used 19732K, capacity 21067K, committed 21168K, reserved 1048576K
2020-07-20T09:26:42.125+0000: 1038.061: [GC pause (G1 Evacuation Pause) (young)
Desired survivor size 73400320 bytes, new threshold 15 (max 15)
- age   1:   35384704 bytes,   35384704 total
- age   2:   21641408 bytes,   57026112 total
- age   3:    1245184 bytes,   58271296 total
- age   4:     684656 bytes,   58955952 total
- age   5:     309872 bytes,   59265824 total
, 0.0696481 secs]
   [Parallel Time: 65.2 ms, GC Workers: 4]
      [GC Worker Start (ms): Min: 1038061.6, Avg: 1038061.7, Max: 1038061.8, Diff: 0.2]
      [Ext Root Scanning (ms): Min: 4.9, Avg: 5.0, Max: 5.2, Diff: 0.3, Sum: 19.9]
      [Update RS (ms): Min: 23.4, Avg: 23.4, Max: 23.4, Diff: 0.1, Sum: 93.6]
         [Processed Buffers: Min: 40, Avg: 52.2, Max: 67, Diff: 27, Sum: 209]
      [Scan RS (ms): Min: 0.3, Avg: 0.3, Max: 0.4, Diff: 0.2, Sum: 1.4]
      [Code Root Scanning (ms): Min: 0.0, Avg: 0.0, Max: 0.1, Diff: 0.0, Sum: 0.1]
      [Object Copy (ms): Min: 35.8, Avg: 36.1, Max: 36.2, Diff: 0.4, Sum: 144.3]
      [Termination (ms): Min: 0.0, Avg: 0.0, Max: 0.0, Diff: 0.0, Sum: 0.0]
         [Termination Attempts: Min: 9, Avg: 10.0, Max: 12, Diff: 3, Sum: 40]
      [GC Worker Other (ms): Min: 0.0, Avg: 0.1, Max: 0.1, Diff: 0.1, Sum: 0.2]
      [GC Worker Total (ms): Min: 64.8, Avg: 64.9, Max: 65.0, Diff: 0.2, Sum: 259.5]
      [GC Worker End (ms): Min: 1038126.5, Avg: 1038126.6, Max: 1038126.6, Diff: 0.1]
   [Code Root Fixup: 0.0 ms]
   [Code Root Purge: 0.0 ms]
   [Clear CT: 0.4 ms]
   [Other: 4.0 ms]
      [Choose CSet: 0.0 ms]
      [Ref Proc: 1.9 ms]
      [Ref Enq: 0.2 ms]
      [Redirty Cards: 0.3 ms]
      [Humongous Register: 0.2 ms]
      [Humongous Reclaim: 0.1 ms]
      [Free CSet: 0.9 ms]
   [Eden: 1061.0M(1061.0M)->0.0B(1078.0M) Survivors: 60416.0K->43008.0K Heap: 1514.3M(1868.0M)->431.8M(1868.0M)]
Heap after GC invocations=85 (full 0):
 garbage-first heap   total 1912832K, used 442153K [0x000000008b400000, 0x000000008b503a60, 0x0000000100000000)
  region size 1024K, 42 young (43008K), 42 survivors (43008K)
 Metaspace       used 147007K, capacity 154151K, committed 154288K, reserved 1181696K
  class space    used 19732K, capacity 21067K, committed 21168K, reserved 1048576K
}
 [Times: user=0.22 sys=0.01, real=0.07 secs] 
2020-07-20T09:26:42.195+0000: 1038.131: Total time for which application threads were stopped: 0.0708259 seconds, Stopping threads took: 0.0001842 seconds
{Heap before GC invocations=85 (full 0):
 garbage-first heap   total 1912832K, used 1548073K [0x000000008b400000, 0x000000008b503a60, 0x0000000100000000)
  region size 1024K, 1120 young (1146880K), 42 survivors (43008K)
 Metaspace       used 147010K, capacity 154151K, committed 154288K, reserved 1181696K
  class space    used 19732K, capacity 21067K, committed 21168K, reserved 1048576K
2020-07-20T09:26:46.070+0000: 1042.006: [GC pause (G1 Evacuation Pause) (young)
Desired survivor size 73400320 bytes, new threshold 15 (max 15)
- age   1:   29602336 bytes,   29602336 total
- age   2:   10069440 bytes,   39671776 total
- age   3:     434080 bytes,   40105856 total
- age   4:     127704 bytes,   40233560 total
- age   5:     530968 bytes,   40764528 total
- age   6:     309584 bytes,   41074112 total
, 0.0419481 secs]
   [Parallel Time: 37.4 ms, GC Workers: 4]
      [GC Worker Start (ms): Min: 1042006.1, Avg: 1042006.2, Max: 1042006.2, Diff: 0.1]
      [Ext Root Scanning (ms): Min: 4.9, Avg: 5.0, Max: 5.2, Diff: 0.3, Sum: 20.2]
      [Update RS (ms): Min: 3.2, Avg: 3.2, Max: 3.3, Diff: 0.1, Sum: 13.0]
         [Processed Buffers: Min: 10, Avg: 17.8, Max: 24, Diff: 14, Sum: 71]
      [Scan RS (ms): Min: 0.2, Avg: 0.3, Max: 0.3, Diff: 0.1, Sum: 1.1]
      [Code Root Scanning (ms): Min: 0.0, Avg: 0.0, Max: 0.0, Diff: 0.0, Sum: 0.1]
      [Object Copy (ms): Min: 28.5, Avg: 28.6, Max: 28.7, Diff: 0.3, Sum: 114.5]
      [Termination (ms): Min: 0.0, Avg: 0.0, Max: 0.1, Diff: 0.1, Sum: 0.1]
         [Termination Attempts: Min: 1, Avg: 2.8, Max: 4, Diff: 3, Sum: 11]
      [GC Worker Other (ms): Min: 0.0, Avg: 0.0, Max: 0.0, Diff: 0.0, Sum: 0.1]
      [GC Worker Total (ms): Min: 37.2, Avg: 37.3, Max: 37.3, Diff: 0.1, Sum: 149.1]
      [GC Worker End (ms): Min: 1042043.4, Avg: 1042043.5, Max: 1042043.5, Diff: 0.0]
   [Code Root Fixup: 0.0 ms]
   [Code Root Purge: 0.0 ms]
   [Clear CT: 0.4 ms]
   [Other: 4.1 ms]
      [Choose CSet: 0.0 ms]
      [Ref Proc: 2.4 ms]
      [Ref Enq: 0.2 ms]
      [Redirty Cards: 0.1 ms]
      [Humongous Register: 0.1 ms]
      [Humongous Reclaim: 0.0 ms]
      [Free CSet: 0.9 ms]
   [Eden: 1078.0M(1078.0M)->0.0B(1085.0M) Survivors: 43008.0K->35840.0K Heap: 1511.8M(1868.0M)->425.3M(1868.0M)]
Heap after GC invocations=86 (full 0):
 garbage-first heap   total 1912832K, used 435497K [0x000000008b400000, 0x000000008b503a60, 0x0000000100000000)
  region size 1024K, 35 young (35840K), 35 survivors (35840K)
 Metaspace       used 147010K, capacity 154151K, committed 154288K, reserved 1181696K
  class space    used 19732K, capacity 21067K, committed 21168K, reserved 1048576K
}
 [Times: user=0.15 sys=0.00, real=0.04 secs] 
2020-07-20T09:26:46.112+0000: 1042.048: Total time for which application threads were stopped: 0.0429808 seconds, Stopping threads took: 0.0001763 seconds
{Heap before GC invocations=86 (full 0):
 garbage-first heap   total 1912832K, used 1550633K [0x000000008b400000, 0x000000008b503a60, 0x0000000100000000)
  region size 1024K, 1120 young (1146880K), 35 survivors (35840K)
 Metaspace       used 147012K, capacity 154151K, committed 154288K, reserved 1181696K
  class space    used 19732K, capacity 21067K, committed 21168K, reserved 1048576K
2020-07-20T09:26:50.335+0000: 1046.271: [GC pause (G1 Evacuation Pause) (young)
Desired survivor size 73400320 bytes, new threshold 15 (max 15)
- age   1:   30426096 bytes,   30426096 total
- age   2:    1261384 bytes,   31687480 total
- age   3:    1845056 bytes,   33532536 total
- age   4:     433544 bytes,   33966080 total
- age   5:     121264 bytes,   34087344 total
- age   6:     526200 bytes,   34613544 total
- age   7:     309488 bytes,   34923032 total
, 0.0399902 secs]
   [Parallel Time: 35.7 ms, GC Workers: 4]
      [GC Worker Start (ms): Min: 1046271.0, Avg: 1046271.0, Max: 1046271.1, Diff: 0.0]
      [Ext Root Scanning (ms): Min: 5.6, Avg: 6.2, Max: 7.7, Diff: 2.1, Sum: 24.8]
      [Update RS (ms): Min: 3.1, Avg: 4.3, Max: 4.7, Diff: 1.7, Sum: 17.1]
         [Processed Buffers: Min: 11, Avg: 19.0, Max: 37, Diff: 26, Sum: 76]
      [Scan RS (ms): Min: 0.3, Avg: 0.4, Max: 0.5, Diff: 0.2, Sum: 1.5]
      [Code Root Scanning (ms): Min: 0.0, Avg: 0.1, Max: 0.1, Diff: 0.1, Sum: 0.3]
      [Object Copy (ms): Min: 24.3, Avg: 24.6, Max: 24.8, Diff: 0.5, Sum: 98.2]
      [Termination (ms): Min: 0.0, Avg: 0.0, Max: 0.0, Diff: 0.0, Sum: 0.1]
         [Termination Attempts: Min: 1, Avg: 2.0, Max: 4, Diff: 3, Sum: 8]
      [GC Worker Other (ms): Min: 0.0, Avg: 0.1, Max: 0.1, Diff: 0.1, Sum: 0.2]
      [GC Worker Total (ms): Min: 35.5, Avg: 35.5, Max: 35.6, Diff: 0.1, Sum: 142.2]
      [GC Worker End (ms): Min: 1046306.6, Avg: 1046306.6, Max: 1046306.6, Diff: 0.0]
   [Code Root Fixup: 0.1 ms]
   [Code Root Purge: 0.0 ms]
   [Clear CT: 0.4 ms]
   [Other: 3.8 ms]
      [Choose CSet: 0.0 ms]
      [Ref Proc: 2.0 ms]
      [Ref Enq: 0.1 ms]
      [Redirty Cards: 0.2 ms]
      [Humongous Register: 0.1 ms]
      [Humongous Reclaim: 0.1 ms]
      [Free CSet: 1.0 ms]
   [Eden: 1085.0M(1085.0M)->0.0B(1092.0M) Survivors: 35840.0K->28672.0K Heap: 1514.3M(1868.0M)->420.3M(1868.0M)]
Heap after GC invocations=87 (full 0):
 garbage-first heap   total 1912832K, used 430377K [0x000000008b400000, 0x000000008b503a60, 0x0000000100000000)
  region size 1024K, 28 young (28672K), 28 survivors (28672K)
 Metaspace       used 147012K, capacity 154151K, committed 154288K, reserved 1181696K
  class space    used 19732K, capacity 21067K, committed 21168K, reserved 1048576K
}
 [Times: user=0.13 sys=0.00, real=0.04 secs] 
2020-07-20T09:26:50.375+0000: 1046.311: Total time for which application threads were stopped: 0.0463026 seconds, Stopping threads took: 0.0044560 seconds
{Heap before GC invocations=87 (full 0):
 garbage-first heap   total 1912832K, used 1550633K [0x000000008b400000, 0x000000008b503a60, 0x0000000100000000)
  region size 1024K, 1120 young (1146880K), 28 survivors (28672K)
 Metaspace       used 147012K, capacity 154151K, committed 154288K, reserved 1181696K
  class space    used 19732K, capacity 21067K, committed 21168K, reserved 1048576K
2020-07-20T09:26:54.198+0000: 1050.133: [GC pause (G1 Evacuation Pause) (young)
Desired survivor size 73400320 bytes, new threshold 15 (max 15)
- age   1:   23492032 bytes,   23492032 total
- age   2:     463200 bytes,   23955232 total
- age   3:     687024 bytes,   24642256 total
- age   4:    1844616 bytes,   26486872 total
- age   5:     433448 bytes,   26920320 total
- age   6:     121008 bytes,   27041328 total
- age   7:     475920 bytes,   27517248 total
- age   8:     248592 bytes,   27765840 total
, 0.0639982 secs]
   [Parallel Time: 59.3 ms, GC Workers: 4]
      [GC Worker Start (ms): Min: 1050133.8, Avg: 1050133.9, Max: 1050134.0, Diff: 0.1]
      [Ext Root Scanning (ms): Min: 4.9, Avg: 5.0, Max: 5.2, Diff: 0.3, Sum: 20.0]
      [Update RS (ms): Min: 5.9, Avg: 6.1, Max: 6.5, Diff: 0.6, Sum: 24.3]
         [Processed Buffers: Min: 6, Avg: 19.8, Max: 32, Diff: 26, Sum: 79]
      [Scan RS (ms): Min: 0.3, Avg: 0.4, Max: 0.7, Diff: 0.3, Sum: 1.7]
      [Code Root Scanning (ms): Min: 0.0, Avg: 0.0, Max: 0.1, Diff: 0.1, Sum: 0.1]
      [Object Copy (ms): Min: 46.8, Avg: 47.5, Max: 47.8, Diff: 1.0, Sum: 190.1]
      [Termination (ms): Min: 0.0, Avg: 0.0, Max: 0.0, Diff: 0.0, Sum: 0.1]
         [Termination Attempts: Min: 1, Avg: 2.2, Max: 4, Diff: 3, Sum: 9]
      [GC Worker Other (ms): Min: 0.0, Avg: 0.0, Max: 0.0, Diff: 0.0, Sum: 0.1]
      [GC Worker Total (ms): Min: 59.1, Avg: 59.1, Max: 59.1, Diff: 0.1, Sum: 236.4]
      [GC Worker End (ms): Min: 1050193.0, Avg: 1050193.0, Max: 1050193.0, Diff: 0.0]
   [Code Root Fixup: 0.0 ms]
   [Code Root Purge: 0.0 ms]
   [Clear CT: 0.4 ms]
   [Other: 4.3 ms]
      [Choose CSet: 0.0 ms]
      [Ref Proc: 2.3 ms]
      [Ref Enq: 0.1 ms]
      [Redirty Cards: 0.2 ms]
      [Humongous Register: 0.2 ms]
      [Humongous Reclaim: 0.0 ms]
      [Free CSet: 1.0 ms]
   [Eden: 1092.0M(1092.0M)->0.0B(1068.0M) Survivors: 28672.0K->53248.0K Heap: 1514.3M(1868.0M)->446.3M(1868.0M)]
Heap after GC invocations=88 (full 0):
 garbage-first heap   total 1912832K, used 457001K [0x000000008b400000, 0x000000008b503a60, 0x0000000100000000)
  region size 1024K, 52 young (53248K), 52 survivors (53248K)
 Metaspace       used 147012K, capacity 154151K, committed 154288K, reserved 1181696K
  class space    used 19732K, capacity 21067K, committed 21168K, reserved 1048576K
}
 [Times: user=0.20 sys=0.00, real=0.07 secs] 
2020-07-20T09:26:54.262+0000: 1050.198: Total time for which application threads were stopped: 0.0663677 seconds, Stopping threads took: 0.0013717 seconds
{Heap before GC invocations=88 (full 0):
 garbage-first heap   total 1912832K, used 1550633K [0x000000008b400000, 0x000000008b503a60, 0x0000000100000000)
  region size 1024K, 1120 young (1146880K), 52 survivors (53248K)
 Metaspace       used 147024K, capacity 154151K, committed 154288K, reserved 1181696K
  class space    used 19732K, capacity 21067K, committed 21168K, reserved 1048576K
2020-07-20T09:26:57.714+0000: 1053.650: [GC pause (G1 Evacuation Pause) (young)
Desired survivor size 73400320 bytes, new threshold 15 (max 15)
- age   1:   31196088 bytes,   31196088 total
- age   2:   18047520 bytes,   49243608 total
- age   3:     396048 bytes,   49639656 total
- age   4:     375912 bytes,   50015568 total
- age   5:    1843656 bytes,   51859224 total
- age   6:     433048 bytes,   52292272 total
- age   7:     120864 bytes,   52413136 total
- age   8:     458272 bytes,   52871408 total
- age   9:     234152 bytes,   53105560 total
, 0.0445086 secs]
   [Parallel Time: 40.7 ms, GC Workers: 4]
      [GC Worker Start (ms): Min: 1053650.1, Avg: 1053650.1, Max: 1053650.2, Diff: 0.1]
      [Ext Root Scanning (ms): Min: 4.9, Avg: 5.0, Max: 5.1, Diff: 0.3, Sum: 19.8]
      [Update RS (ms): Min: 4.2, Avg: 4.3, Max: 4.4, Diff: 0.2, Sum: 17.1]
         [Processed Buffers: Min: 8, Avg: 18.5, Max: 24, Diff: 16, Sum: 74]
      [Scan RS (ms): Min: 0.2, Avg: 0.3, Max: 0.3, Diff: 0.1, Sum: 1.0]
      [Code Root Scanning (ms): Min: 0.0, Avg: 0.0, Max: 0.1, Diff: 0.1, Sum: 0.2]
      [Object Copy (ms): Min: 30.7, Avg: 30.9, Max: 30.9, Diff: 0.2, Sum: 123.5]
      [Termination (ms): Min: 0.0, Avg: 0.0, Max: 0.0, Diff: 0.0, Sum: 0.1]
         [Termination Attempts: Min: 1, Avg: 2.0, Max: 4, Diff: 3, Sum: 8]
      [GC Worker Other (ms): Min: 0.0, Avg: 0.0, Max: 0.0, Diff: 0.0, Sum: 0.1]
      [GC Worker Total (ms): Min: 40.4, Avg: 40.5, Max: 40.5, Diff: 0.1, Sum: 161.8]
      [GC Worker End (ms): Min: 1053690.6, Avg: 1053690.6, Max: 1053690.6, Diff: 0.0]
   [Code Root Fixup: 0.0 ms]
   [Code Root Purge: 0.0 ms]
   [Clear CT: 0.4 ms]
   [Other: 3.4 ms]
      [Choose CSet: 0.0 ms]
      [Ref Proc: 1.6 ms]
      [Ref Enq: 0.1 ms]
      [Redirty Cards: 0.2 ms]
      [Humongous Register: 0.1 ms]
      [Humongous Reclaim: 0.0 ms]
      [Free CSet: 0.9 ms]
   [Eden: 1068.0M(1068.0M)->0.0B(1084.0M) Survivors: 53248.0K->36864.0K Heap: 1514.3M(1868.0M)->428.3M(1868.0M)]
Heap after GC invocations=89 (full 0):
 garbage-first heap   total 1912832K, used 438569K [0x000000008b400000, 0x000000008b503a60, 0x0000000100000000)
  region size 1024K, 36 young (36864K), 36 survivors (36864K)
 Metaspace       used 147024K, capacity 154151K, committed 154288K, reserved 1181696K
  class space    used 19732K, capacity 21067K, committed 21168K, reserved 1048576K
}
 [Times: user=0.15 sys=0.00, real=0.04 secs] 
2020-07-20T09:26:57.759+0000: 1053.695: Total time for which application threads were stopped: 0.0500779 seconds, Stopping threads took: 0.0044685 seconds
{Heap before GC invocations=89 (full 0):
 garbage-first heap   total 1912832K, used 1550633K [0x000000008b400000, 0x000000008b503a60, 0x0000000100000000)
  region size 1024K, 1120 young (1146880K), 36 survivors (36864K)
 Metaspace       used 147024K, capacity 154151K, committed 154288K, reserved 1181696K
  class space    used 19732K, capacity 21067K, committed 21168K, reserved 1048576K
2020-07-20T09:27:01.646+0000: 1057.582: [GC pause (G1 Evacuation Pause) (young)
Desired survivor size 73400320 bytes, new threshold 15 (max 15)
- age   1:   24981560 bytes,   24981560 total
- age   2:    6902600 bytes,   31884160 total
- age   3:     637184 bytes,   32521344 total
- age   4:     395784 bytes,   32917128 total
- age   5:     375688 bytes,   33292816 total
- age   6:    1843416 bytes,   35136232 total
- age   7:     432984 bytes,   35569216 total
- age   8:     120032 bytes,   35689248 total
- age   9:     456784 bytes,   36146032 total
- age  10:     234040 bytes,   36380072 total
, 0.0753110 secs]
   [Parallel Time: 71.0 ms, GC Workers: 4]
      [GC Worker Start (ms): Min: 1057582.2, Avg: 1057582.3, Max: 1057582.3, Diff: 0.1]
      [Ext Root Scanning (ms): Min: 5.9, Avg: 6.2, Max: 7.0, Diff: 1.0, Sum: 24.7]
      [Update RS (ms): Min: 3.7, Avg: 4.2, Max: 4.5, Diff: 0.8, Sum: 17.0]
         [Processed Buffers: Min: 12, Avg: 20.0, Max: 38, Diff: 26, Sum: 80]
      [Scan RS (ms): Min: 0.2, Avg: 0.3, Max: 0.3, Diff: 0.2, Sum: 1.0]
      [Code Root Scanning (ms): Min: 0.0, Avg: 0.0, Max: 0.1, Diff: 0.1, Sum: 0.2]
      [Object Copy (ms): Min: 59.8, Avg: 60.0, Max: 60.1, Diff: 0.3, Sum: 240.1]
      [Termination (ms): Min: 0.0, Avg: 0.0, Max: 0.0, Diff: 0.0, Sum: 0.0]
         [Termination Attempts: Min: 1, Avg: 1.0, Max: 1, Diff: 0, Sum: 4]
      [GC Worker Other (ms): Min: 0.0, Avg: 0.1, Max: 0.2, Diff: 0.1, Sum: 0.3]
      [GC Worker Total (ms): Min: 70.8, Avg: 70.8, Max: 70.9, Diff: 0.1, Sum: 283.3]
      [GC Worker End (ms): Min: 1057653.0, Avg: 1057653.1, Max: 1057653.1, Diff: 0.1]
   [Code Root Fixup: 0.0 ms]
   [Code Root Purge: 0.0 ms]
   [Clear CT: 0.4 ms]
   [Other: 3.9 ms]
      [Choose CSet: 0.0 ms]
      [Ref Proc: 2.0 ms]
      [Ref Enq: 0.1 ms]
      [Redirty Cards: 0.2 ms]
      [Humongous Register: 0.1 ms]
      [Humongous Reclaim: 0.0 ms]
      [Free CSet: 1.0 ms]
   [Eden: 1084.0M(1084.0M)->0.0B(1052.0M) Survivors: 36864.0K->69632.0K Heap: 1514.3M(1868.0M)->461.8M(1868.0M)]
Heap after GC invocations=90 (full 0):
 garbage-first heap   total 1912832K, used 472873K [0x000000008b400000, 0x000000008b503a60, 0x0000000100000000)
  region size 1024K, 68 young (69632K), 68 survivors (69632K)
 Metaspace       used 147024K, capacity 154151K, committed 154288K, reserved 1181696K
  class space    used 19732K, capacity 21067K, committed 21168K, reserved 1048576K
}
 [Times: user=0.26 sys=0.00, real=0.08 secs] 
2020-07-20T09:27:01.722+0000: 1057.657: Total time for which application threads were stopped: 0.0796157 seconds, Stopping threads took: 0.0028032 seconds
{Heap before GC invocations=90 (full 0):
 garbage-first heap   total 1912832K, used 1552169K [0x000000008b400000, 0x000000008b503a60, 0x0000000100000000)
  region size 1024K, 1120 young (1146880K), 68 survivors (69632K)
 Metaspace       used 147030K, capacity 154151K, committed 154288K, reserved 1181696K
  class space    used 19732K, capacity 21067K, committed 21168K, reserved 1048576K
2020-07-20T09:27:06.160+0000: 1062.096: [GC pause (G1 Evacuation Pause) (young)
Desired survivor size 73400320 bytes, new threshold 15 (max 15)
- age   1:   38489552 bytes,   38489552 total
- age   2:   19472168 bytes,   57961720 total
- age   3:    6720144 bytes,   64681864 total
- age   4:     636840 bytes,   65318704 total
- age   5:     395568 bytes,   65714272 total
- age   6:     375416 bytes,   66089688 total
- age   7:    1838792 bytes,   67928480 total
- age   8:     430432 bytes,   68358912 total
- age   9:     105232 bytes,   68464144 total
- age  10:     452736 bytes,   68916880 total
- age  11:     234008 bytes,   69150888 total
, 0.0747084 secs]
   [Parallel Time: 70.8 ms, GC Workers: 4]
      [GC Worker Start (ms): Min: 1062096.3, Avg: 1062096.3, Max: 1062096.4, Diff: 0.1]
      [Ext Root Scanning (ms): Min: 5.3, Avg: 5.5, Max: 5.7, Diff: 0.3, Sum: 21.9]
      [Update RS (ms): Min: 4.1, Avg: 4.2, Max: 4.3, Diff: 0.2, Sum: 16.7]
         [Processed Buffers: Min: 16, Avg: 21.8, Max: 31, Diff: 15, Sum: 87]
      [Scan RS (ms): Min: 0.2, Avg: 0.3, Max: 0.3, Diff: 0.1, Sum: 1.1]
      [Code Root Scanning (ms): Min: 0.0, Avg: 0.0, Max: 0.1, Diff: 0.1, Sum: 0.2]
      [Object Copy (ms): Min: 60.4, Avg: 60.6, Max: 60.8, Diff: 0.3, Sum: 242.6]
      [Termination (ms): Min: 0.0, Avg: 0.0, Max: 0.0, Diff: 0.0, Sum: 0.1]
         [Termination Attempts: Min: 14, Avg: 18.0, Max: 22, Diff: 8, Sum: 72]
      [GC Worker Other (ms): Min: 0.0, Avg: 0.1, Max: 0.1, Diff: 0.1, Sum: 0.3]
      [GC Worker Total (ms): Min: 70.6, Avg: 70.7, Max: 70.7, Diff: 0.1, Sum: 282.8]
      [GC Worker End (ms): Min: 1062167.0, Avg: 1062167.0, Max: 1062167.1, Diff: 0.1]
   [Code Root Fixup: 0.0 ms]
   [Code Root Purge: 0.0 ms]
   [Clear CT: 0.4 ms]
   [Other: 3.5 ms]
      [Choose CSet: 0.0 ms]
      [Ref Proc: 1.7 ms]
      [Ref Enq: 0.2 ms]
      [Redirty Cards: 0.2 ms]
      [Humongous Register: 0.1 ms]
      [Humongous Reclaim: 0.1 ms]
      [Free CSet: 0.9 ms]
   [Eden: 1052.0M(1052.0M)->0.0B(1063.0M) Survivors: 69632.0K->58368.0K Heap: 1515.8M(1868.0M)->448.8M(1868.0M)]
Heap after GC invocations=91 (full 0):
 garbage-first heap   total 1912832K, used 459561K [0x000000008b400000, 0x000000008b503a60, 0x0000000100000000)
  region size 1024K, 57 young (58368K), 57 survivors (58368K)
 Metaspace       used 147030K, capacity 154151K, committed 154288K, reserved 1181696K
  class space    used 19732K, capacity 21067K, committed 21168K, reserved 1048576K
}
 [Times: user=0.20 sys=0.01, real=0.08 secs] 
2020-07-20T09:27:06.235+0000: 1062.171: Total time for which application threads were stopped: 0.0820282 seconds, Stopping threads took: 0.0060859 seconds
{Heap before GC invocations=91 (full 0):
 garbage-first heap   total 1912832K, used 1550121K [0x000000008b400000, 0x000000008b503a60, 0x0000000100000000)
  region size 1024K, 1120 young (1146880K), 57 survivors (58368K)
 Metaspace       used 147031K, capacity 154151K, committed 154288K, reserved 1181696K
  class space    used 19732K, capacity 21067K, committed 21168K, reserved 1048576K
2020-07-20T09:27:10.262+0000: 1066.198: [GC pause (G1 Evacuation Pause) (young)
Desired survivor size 73400320 bytes, new threshold 15 (max 15)
- age   1:   37449512 bytes,   37449512 total
- age   2:   13833048 bytes,   51282560 total
- age   3:     379912 bytes,   51662472 total
- age   4:     300496 bytes,   51962968 total
- age   5:     392952 bytes,   52355920 total
- age   6:     387384 bytes,   52743304 total
- age   7:     353744 bytes,   53097048 total
- age   8:    1792936 bytes,   54889984 total
- age   9:     429584 bytes,   55319568 total
- age  10:     105200 bytes,   55424768 total
- age  11:     433424 bytes,   55858192 total
- age  12:     232656 bytes,   56090848 total
, 0.0562607 secs]
   [Parallel Time: 51.8 ms, GC Workers: 4]
      [GC Worker Start (ms): Min: 1066197.9, Avg: 1066198.0, Max: 1066198.0, Diff: 0.1]
      [Ext Root Scanning (ms): Min: 5.0, Avg: 5.1, Max: 5.3, Diff: 0.3, Sum: 20.5]
      [Update RS (ms): Min: 4.7, Avg: 4.8, Max: 4.9, Diff: 0.2, Sum: 19.1]
         [Processed Buffers: Min: 15, Avg: 20.2, Max: 25, Diff: 10, Sum: 81]
      [Scan RS (ms): Min: 0.2, Avg: 0.3, Max: 0.3, Diff: 0.2, Sum: 1.1]
      [Code Root Scanning (ms): Min: 0.0, Avg: 0.0, Max: 0.1, Diff: 0.0, Sum: 0.2]
      [Object Copy (ms): Min: 41.1, Avg: 41.2, Max: 41.3, Diff: 0.2, Sum: 164.8]
      [Termination (ms): Min: 0.0, Avg: 0.0, Max: 0.0, Diff: 0.0, Sum: 0.1]
         [Termination Attempts: Min: 10, Avg: 15.5, Max: 21, Diff: 11, Sum: 62]
      [GC Worker Other (ms): Min: 0.0, Avg: 0.1, Max: 0.1, Diff: 0.1, Sum: 0.3]
      [GC Worker Total (ms): Min: 51.4, Avg: 51.5, Max: 51.6, Diff: 0.2, Sum: 206.1]
      [GC Worker End (ms): Min: 1066249.4, Avg: 1066249.5, Max: 1066249.6, Diff: 0.1]
   [Code Root Fixup: 0.1 ms]
   [Code Root Purge: 0.0 ms]
   [Clear CT: 0.4 ms]
   [Other: 4.1 ms]
      [Choose CSet: 0.0 ms]
      [Ref Proc: 2.2 ms]
      [Ref Enq: 0.1 ms]
      [Redirty Cards: 0.2 ms]
      [Humongous Register: 0.1 ms]
      [Humongous Reclaim: 0.0 ms]
      [Free CSet: 0.9 ms]
   [Eden: 1063.0M(1063.0M)->0.0B(1072.0M) Survivors: 58368.0K->49152.0K Heap: 1513.8M(1868.0M)->439.8M(1868.0M)]
Heap after GC invocations=92 (full 0):
 garbage-first heap   total 1912832K, used 450345K [0x000000008b400000, 0x000000008b503a60, 0x0000000100000000)
  region size 1024K, 48 young (49152K), 48 survivors (49152K)
 Metaspace       used 147031K, capacity 154151K, committed 154288K, reserved 1181696K
  class space    used 19732K, capacity 21067K, committed 21168K, reserved 1048576K
}
 [Times: user=0.19 sys=0.00, real=0.05 secs] 
2020-07-20T09:27:10.318+0000: 1066.254: Total time for which application threads were stopped: 0.0585893 seconds, Stopping threads took: 0.0014319 seconds
{Heap before GC invocations=92 (full 0):
 garbage-first heap   total 1912832K, used 1550121K [0x000000008b400000, 0x000000008b503a60, 0x0000000100000000)
  region size 1024K, 1120 young (1146880K), 48 survivors (49152K)
 Metaspace       used 147033K, capacity 154151K, committed 154288K, reserved 1181696K
  class space    used 19732K, capacity 21067K, committed 21168K, reserved 1048576K
2020-07-20T09:27:14.277+0000: 1070.213: [GC pause (G1 Evacuation Pause) (young)
Desired survivor size 73400320 bytes, new threshold 15 (max 15)
- age   1:   35187312 bytes,   35187312 total
- age   2:    8596864 bytes,   43784176 total
- age   3:    1074528 bytes,   44858704 total
- age   4:     379488 bytes,   45238192 total
- age   5:     300192 bytes,   45538384 total
- age   6:     391824 bytes,   45930208 total
- age   7:     384296 bytes,   46314504 total
- age   8:     353456 bytes,   46667960 total
- age   9:     303728 bytes,   46971688 total
- age  10:     427776 bytes,   47399464 total
- age  11:     103456 bytes,   47502920 total
- age  12:     432696 bytes,   47935616 total
- age  13:     232624 bytes,   48168240 total
, 0.0476469 secs]
   [Parallel Time: 43.4 ms, GC Workers: 4]
      [GC Worker Start (ms): Min: 1070213.5, Avg: 1070213.6, Max: 1070213.7, Diff: 0.1]
      [Ext Root Scanning (ms): Min: 4.9, Avg: 5.0, Max: 5.2, Diff: 0.3, Sum: 20.0]
      [Update RS (ms): Min: 4.5, Avg: 4.5, Max: 4.6, Diff: 0.1, Sum: 18.1]
         [Processed Buffers: Min: 12, Avg: 18.8, Max: 27, Diff: 15, Sum: 75]
      [Scan RS (ms): Min: 0.3, Avg: 0.3, Max: 0.4, Diff: 0.2, Sum: 1.4]
      [Code Root Scanning (ms): Min: 0.0, Avg: 0.1, Max: 0.1, Diff: 0.1, Sum: 0.2]
      [Object Copy (ms): Min: 33.0, Avg: 33.2, Max: 33.3, Diff: 0.4, Sum: 132.8]
      [Termination (ms): Min: 0.0, Avg: 0.0, Max: 0.0, Diff: 0.0, Sum: 0.0]
         [Termination Attempts: Min: 2, Avg: 2.2, Max: 3, Diff: 1, Sum: 9]
      [GC Worker Other (ms): Min: 0.0, Avg: 0.1, Max: 0.1, Diff: 0.1, Sum: 0.2]
      [GC Worker Total (ms): Min: 43.1, Avg: 43.2, Max: 43.3, Diff: 0.2, Sum: 172.7]
      [GC Worker End (ms): Min: 1070256.8, Avg: 1070256.8, Max: 1070256.8, Diff: 0.1]
   [Code Root Fixup: 0.0 ms]
   [Code Root Purge: 0.0 ms]
   [Clear CT: 0.4 ms]
   [Other: 3.8 ms]
      [Choose CSet: 0.0 ms]
      [Ref Proc: 2.1 ms]
      [Ref Enq: 0.1 ms]
      [Redirty Cards: 0.2 ms]
      [Humongous Register: 0.1 ms]
      [Humongous Reclaim: 0.0 ms]
      [Free CSet: 0.9 ms]
   [Eden: 1072.0M(1072.0M)->0.0B(1080.0M) Survivors: 49152.0K->40960.0K Heap: 1513.8M(1868.0M)->431.8M(1868.0M)]
Heap after GC invocations=93 (full 0):
 garbage-first heap   total 1912832K, used 442153K [0x000000008b400000, 0x000000008b503a60, 0x0000000100000000)
  region size 1024K, 40 young (40960K), 40 survivors (40960K)
 Metaspace       used 147033K, capacity 154151K, committed 154288K, reserved 1181696K
  class space    used 19732K, capacity 21067K, committed 21168K, reserved 1048576K
}
 [Times: user=0.16 sys=0.00, real=0.05 secs] 
2020-07-20T09:27:14.325+0000: 1070.261: Total time for which application threads were stopped: 0.0487352 seconds, Stopping threads took: 0.0002100 seconds
{Heap before GC invocations=93 (full 0):
 garbage-first heap   total 1912832K, used 1550121K [0x000000008b400000, 0x000000008b503a60, 0x0000000100000000)
  region size 1024K, 1120 young (1146880K), 40 survivors (40960K)
 Metaspace       used 147037K, capacity 154151K, committed 154288K, reserved 1181696K
  class space    used 19732K, capacity 21067K, committed 21168K, reserved 1048576K
2020-07-20T09:27:17.793+0000: 1073.729: [GC pause (G1 Evacuation Pause) (young)
Desired survivor size 73400320 bytes, new threshold 15 (max 15)
- age   1:   30770800 bytes,   30770800 total
- age   2:    4439176 bytes,   35209976 total
- age   3:     356144 bytes,   35566120 total
- age   4:     536944 bytes,   36103064 total
- age   5:     379104 bytes,   36482168 total
- age   6:     299904 bytes,   36782072 total
- age   7:     383520 bytes,   37165592 total
- age   8:     384232 bytes,   37549824 total
- age   9:     255696 bytes,   37805520 total
- age  10:     231672 bytes,   38037192 total
- age  11:     361528 bytes,   38398720 total
- age  12:      44376 bytes,   38443096 total
- age  13:     432600 bytes,   38875696 total
- age  14:     232560 bytes,   39108256 total
, 0.0734454 secs]
   [Parallel Time: 69.2 ms, GC Workers: 4]
      [GC Worker Start (ms): Min: 1073729.6, Avg: 1073732.3, Max: 1073740.6, Diff: 11.0]
      [Ext Root Scanning (ms): Min: 0.0, Avg: 4.3, Max: 6.0, Diff: 5.9, Sum: 17.4]
      [Update RS (ms): Min: 0.6, Avg: 4.1, Max: 5.3, Diff: 4.7, Sum: 16.5]
         [Processed Buffers: Min: 1, Avg: 19.2, Max: 34, Diff: 33, Sum: 77]
      [Scan RS (ms): Min: 0.1, Avg: 0.3, Max: 0.3, Diff: 0.2, Sum: 1.0]
      [Code Root Scanning (ms): Min: 0.0, Avg: 0.1, Max: 0.1, Diff: 0.1, Sum: 0.2]
      [Object Copy (ms): Min: 57.3, Avg: 57.5, Max: 57.7, Diff: 0.4, Sum: 229.8]
      [Termination (ms): Min: 0.0, Avg: 0.0, Max: 0.1, Diff: 0.1, Sum: 0.1]
         [Termination Attempts: Min: 4, Avg: 6.0, Max: 8, Diff: 4, Sum: 24]
      [GC Worker Other (ms): Min: 0.0, Avg: 0.0, Max: 0.0, Diff: 0.0, Sum: 0.1]
      [GC Worker Total (ms): Min: 58.1, Avg: 66.3, Max: 69.1, Diff: 11.0, Sum: 265.2]
      [GC Worker End (ms): Min: 1073798.6, Avg: 1073798.6, Max: 1073798.7, Diff: 0.0]
   [Code Root Fixup: 0.0 ms]
   [Code Root Purge: 0.0 ms]
   [Clear CT: 0.4 ms]
   [Other: 3.8 ms]
      [Choose CSet: 0.0 ms]
      [Ref Proc: 2.1 ms]
      [Ref Enq: 0.1 ms]
      [Redirty Cards: 0.2 ms]
      [Humongous Register: 0.1 ms]
      [Humongous Reclaim: 0.0 ms]
      [Free CSet: 0.9 ms]
   [Eden: 1080.0M(1080.0M)->0.0B(1052.0M) Survivors: 40960.0K->69632.0K Heap: 1513.8M(1868.0M)->462.3M(1868.0M)]
Heap after GC invocations=94 (full 0):
 garbage-first heap   total 1912832K, used 473385K [0x000000008b400000, 0x000000008b503a60, 0x0000000100000000)
  region size 1024K, 68 young (69632K), 68 survivors (69632K)
 Metaspace       used 147037K, capacity 154151K, committed 154288K, reserved 1181696K
  class space    used 19732K, capacity 21067K, committed 21168K, reserved 1048576K
}
 [Times: user=0.25 sys=0.00, real=0.07 secs] 
2020-07-20T09:27:17.867+0000: 1073.803: Total time for which application threads were stopped: 0.0757059 seconds, Stopping threads took: 0.0013358 seconds
{Heap before GC invocations=94 (full 0):
 garbage-first heap   total 1912832K, used 1550633K [0x000000008b400000, 0x000000008b503a60, 0x0000000100000000)
  region size 1024K, 1120 young (1146880K), 68 survivors (69632K)
 Metaspace       used 147039K, capacity 154151K, committed 154288K, reserved 1181696K
  class space    used 19732K, capacity 21067K, committed 21168K, reserved 1048576K
2020-07-20T09:27:26.774+0000: 1082.710: [GC pause (G1 Evacuation Pause) (young)
Desired survivor size 73400320 bytes, new threshold 15 (max 15)
- age   1:   35541240 bytes,   35541240 total
- age   2:   25427296 bytes,   60968536 total
- age   3:    4395216 bytes,   65363752 total
- age   4:     344776 bytes,   65708528 total
- age   5:     418704 bytes,   66127232 total
- age   6:     379072 bytes,   66506304 total
- age   7:     298256 bytes,   66804560 total
- age   8:     381736 bytes,   67186296 total
- age   9:     383816 bytes,   67570112 total
- age  10:     240304 bytes,   67810416 total
- age  11:     221904 bytes,   68032320 total
- age  12:     355744 bytes,   68388064 total
- age  13:      40400 bytes,   68428464 total
- age  14:     432472 bytes,   68860936 total
- age  15:     220352 bytes,   69081288 total
, 0.0573201 secs]
   [Parallel Time: 53.5 ms, GC Workers: 4]
      [GC Worker Start (ms): Min: 1082710.2, Avg: 1082710.2, Max: 1082710.2, Diff: 0.1]
      [Ext Root Scanning (ms): Min: 5.8, Avg: 6.5, Max: 8.5, Diff: 2.7, Sum: 25.9]
      [Update RS (ms): Min: 3.4, Avg: 5.1, Max: 5.8, Diff: 2.5, Sum: 20.6]
         [Processed Buffers: Min: 16, Avg: 22.2, Max: 30, Diff: 14, Sum: 89]
      [Scan RS (ms): Min: 0.2, Avg: 0.3, Max: 0.3, Diff: 0.2, Sum: 1.0]
      [Code Root Scanning (ms): Min: 0.0, Avg: 0.1, Max: 0.1, Diff: 0.1, Sum: 0.2]
      [Object Copy (ms): Min: 41.1, Avg: 41.3, Max: 41.4, Diff: 0.3, Sum: 165.1]
      [Termination (ms): Min: 0.0, Avg: 0.0, Max: 0.0, Diff: 0.0, Sum: 0.0]
         [Termination Attempts: Min: 1, Avg: 1.8, Max: 2, Diff: 1, Sum: 7]
      [GC Worker Other (ms): Min: 0.0, Avg: 0.1, Max: 0.1, Diff: 0.1, Sum: 0.3]
      [GC Worker Total (ms): Min: 53.2, Avg: 53.3, Max: 53.4, Diff: 0.1, Sum: 213.1]
      [GC Worker End (ms): Min: 1082763.5, Avg: 1082763.5, Max: 1082763.5, Diff: 0.1]
   [Code Root Fixup: 0.0 ms]
   [Code Root Purge: 0.0 ms]
   [Clear CT: 0.4 ms]
   [Other: 3.4 ms]
      [Choose CSet: 0.0 ms]
      [Ref Proc: 1.6 ms]
      [Ref Enq: 0.2 ms]
      [Redirty Cards: 0.2 ms]
      [Humongous Register: 0.1 ms]
      [Humongous Reclaim: 0.1 ms]
      [Free CSet: 0.9 ms]
   [Eden: 1052.0M(1052.0M)->0.0B(1081.0M) Survivors: 69632.0K->39936.0K Heap: 1514.3M(1868.0M)->429.0M(1868.0M)]
Heap after GC invocations=95 (full 0):
 garbage-first heap   total 1912832K, used 439303K [0x000000008b400000, 0x000000008b503a60, 0x0000000100000000)
  region size 1024K, 39 young (39936K), 39 survivors (39936K)
 Metaspace       used 147039K, capacity 154151K, committed 154288K, reserved 1181696K
  class space    used 19732K, capacity 21067K, committed 21168K, reserved 1048576K
}
 [Times: user=0.17 sys=0.02, real=0.05 secs] 
2020-07-20T09:27:26.832+0000: 1082.767: Total time for which application threads were stopped: 0.0589654 seconds, Stopping threads took: 0.0003791 seconds
{Heap before GC invocations=95 (full 0):
 garbage-first heap   total 1912832K, used 1548295K [0x000000008b400000, 0x000000008b503a60, 0x0000000100000000)
  region size 1024K, 1120 young (1146880K), 39 survivors (39936K)
 Metaspace       used 147088K, capacity 154215K, committed 154544K, reserved 1183744K
  class space    used 19732K, capacity 21067K, committed 21168K, reserved 1048576K
2020-07-20T09:27:39.502+0000: 1095.438: [GC pause (G1 Evacuation Pause) (young)
Desired survivor size 73400320 bytes, new threshold 15 (max 15)
- age   1:   18935000 bytes,   18935000 total
- age   2:   13850488 bytes,   32785488 total
- age   3:     388464 bytes,   33173952 total
- age   4:    1740480 bytes,   34914432 total
- age   5:     336680 bytes,   35251112 total
- age   6:     413720 bytes,   35664832 total
- age   7:     376176 bytes,   36041008 total
- age   8:     297504 bytes,   36338512 total
- age   9:     381544 bytes,   36720056 total
- age  10:     366720 bytes,   37086776 total
- age  11:     237728 bytes,   37324504 total
- age  12:     221848 bytes,   37546352 total
- age  13:     354376 bytes,   37900728 total
- age  14:      40368 bytes,   37941096 total
- age  15:     421624 bytes,   38362720 total
, 0.0422445 secs]
   [Parallel Time: 38.1 ms, GC Workers: 4]
      [GC Worker Start (ms): Min: 1095438.5, Avg: 1095438.5, Max: 1095438.6, Diff: 0.1]
      [Ext Root Scanning (ms): Min: 5.0, Avg: 5.1, Max: 5.3, Diff: 0.3, Sum: 20.4]
      [Update RS (ms): Min: 5.1, Avg: 5.1, Max: 5.2, Diff: 0.1, Sum: 20.5]
         [Processed Buffers: Min: 13, Avg: 25.2, Max: 36, Diff: 23, Sum: 101]
      [Scan RS (ms): Min: 0.3, Avg: 0.3, Max: 0.4, Diff: 0.1, Sum: 1.4]
      [Code Root Scanning (ms): Min: 0.0, Avg: 0.0, Max: 0.1, Diff: 0.1, Sum: 0.2]
      [Object Copy (ms): Min: 27.0, Avg: 27.2, Max: 27.4, Diff: 0.3, Sum: 108.8]
      [Termination (ms): Min: 0.0, Avg: 0.1, Max: 0.1, Diff: 0.1, Sum: 0.3]
         [Termination Attempts: Min: 1, Avg: 1.0, Max: 1, Diff: 0, Sum: 4]
      [GC Worker Other (ms): Min: 0.0, Avg: 0.0, Max: 0.0, Diff: 0.0, Sum: 0.1]
      [GC Worker Total (ms): Min: 37.9, Avg: 37.9, Max: 38.0, Diff: 0.1, Sum: 151.6]
      [GC Worker End (ms): Min: 1095476.4, Avg: 1095476.4, Max: 1095476.4, Diff: 0.1]
   [Code Root Fixup: 0.0 ms]
   [Code Root Purge: 0.0 ms]
   [Clear CT: 0.4 ms]
   [Other: 3.7 ms]
      [Choose CSet: 0.0 ms]
      [Ref Proc: 1.8 ms]
      [Ref Enq: 0.1 ms]
      [Redirty Cards: 0.2 ms]
      [Humongous Register: 0.1 ms]
      [Humongous Reclaim: 0.0 ms]
      [Free CSet: 1.0 ms]
   [Eden: 1081.0M(1081.0M)->0.0B(1088.0M) Survivors: 39936.0K->32768.0K Heap: 1512.0M(1868.0M)->422.5M(1868.0M)]
Heap after GC invocations=96 (full 0):
 garbage-first heap   total 1912832K, used 432601K [0x000000008b400000, 0x000000008b503a60, 0x0000000100000000)
  region size 1024K, 32 young (32768K), 32 survivors (32768K)
 Metaspace       used 147088K, capacity 154215K, committed 154544K, reserved 1183744K
  class space    used 19732K, capacity 21067K, committed 21168K, reserved 1048576K
}
 [Times: user=0.14 sys=0.01, real=0.04 secs] 
2020-07-20T09:27:39.545+0000: 1095.481: Total time for which application threads were stopped: 0.0433652 seconds, Stopping threads took: 0.0001947 seconds
{Heap before GC invocations=96 (full 0):
 garbage-first heap   total 1912832K, used 1548761K [0x000000008b400000, 0x000000008b503a60, 0x0000000100000000)
  region size 1024K, 1120 young (1146880K), 32 survivors (32768K)
 Metaspace       used 147090K, capacity 154215K, committed 154544K, reserved 1183744K
  class space    used 19733K, capacity 21067K, committed 21168K, reserved 1048576K
2020-07-20T09:27:43.524+0000: 1099.460: [GC pause (G1 Evacuation Pause) (young)
Desired survivor size 73400320 bytes, new threshold 15 (max 15)
- age   1:   25843968 bytes,   25843968 total
- age   2:    1028488 bytes,   26872456 total
- age   3:     431352 bytes,   27303808 total
- age   4:     387776 bytes,   27691584 total
- age   5:     253520 bytes,   27945104 total
- age   6:     277544 bytes,   28222648 total
- age   7:     400824 bytes,   28623472 total
- age   8:     375984 bytes,   28999456 total
- age   9:     297208 bytes,   29296664 total
- age  10:     376424 bytes,   29673088 total
- age  11:     366464 bytes,   30039552 total
- age  12:     237352 bytes,   30276904 total
- age  13:     214192 bytes,   30491096 total
- age  14:     351552 bytes,   30842648 total
- age  15:      36864 bytes,   30879512 total
, 0.0331949 secs]
   [Parallel Time: 29.0 ms, GC Workers: 4]
      [GC Worker Start (ms): Min: 1099460.5, Avg: 1099460.5, Max: 1099460.6, Diff: 0.1]
      [Ext Root Scanning (ms): Min: 5.0, Avg: 5.9, Max: 7.9, Diff: 2.9, Sum: 23.4]
      [Update RS (ms): Min: 1.6, Avg: 3.8, Max: 4.7, Diff: 3.1, Sum: 15.1]
         [Processed Buffers: Min: 8, Avg: 17.2, Max: 31, Diff: 23, Sum: 69]
      [Scan RS (ms): Min: 0.2, Avg: 0.3, Max: 0.4, Diff: 0.2, Sum: 1.4]
      [Code Root Scanning (ms): Min: 0.0, Avg: 0.1, Max: 0.1, Diff: 0.1, Sum: 0.2]
      [Object Copy (ms): Min: 18.6, Avg: 18.8, Max: 18.9, Diff: 0.3, Sum: 75.1]
      [Termination (ms): Min: 0.0, Avg: 0.0, Max: 0.0, Diff: 0.0, Sum: 0.0]
         [Termination Attempts: Min: 1, Avg: 1.2, Max: 2, Diff: 1, Sum: 5]
      [GC Worker Other (ms): Min: 0.0, Avg: 0.0, Max: 0.0, Diff: 0.0, Sum: 0.1]
      [GC Worker Total (ms): Min: 28.8, Avg: 28.9, Max: 28.9, Diff: 0.1, Sum: 115.4]
      [GC Worker End (ms): Min: 1099489.3, Avg: 1099489.4, Max: 1099489.4, Diff: 0.0]
   [Code Root Fixup: 0.0 ms]
   [Code Root Purge: 0.0 ms]
   [Clear CT: 0.4 ms]
   [Other: 3.7 ms]
      [Choose CSet: 0.0 ms]
      [Ref Proc: 1.9 ms]
      [Ref Enq: 0.2 ms]
      [Redirty Cards: 0.2 ms]
      [Humongous Register: 0.1 ms]
      [Humongous Reclaim: 0.0 ms]
      [Free CSet: 1.0 ms]
   [Eden: 1088.0M(1088.0M)->0.0B(1094.0M) Survivors: 32768.0K->26624.0K Heap: 1512.5M(1868.0M)->416.8M(1868.0M)]
Heap after GC invocations=97 (full 0):
 garbage-first heap   total 1912832K, used 426807K [0x000000008b400000, 0x000000008b503a60, 0x0000000100000000)
  region size 1024K, 26 young (26624K), 26 survivors (26624K)
 Metaspace       used 147090K, capacity 154215K, committed 154544K, reserved 1183744K
  class space    used 19733K, capacity 21067K, committed 21168K, reserved 1048576K
}
 [Times: user=0.11 sys=0.00, real=0.03 secs] 
2020-07-20T09:27:43.558+0000: 1099.494: Total time for which application threads were stopped: 0.0342713 seconds, Stopping threads took: 0.0002540 seconds
{Heap before GC invocations=97 (full 0):
 garbage-first heap   total 1912832K, used 1549111K [0x000000008b400000, 0x000000008b503a60, 0x0000000100000000)
  region size 1024K, 1120 young (1146880K), 26 survivors (26624K)
 Metaspace       used 147093K, capacity 154215K, committed 154544K, reserved 1183744K
  class space    used 19733K, capacity 21067K, committed 21168K, reserved 1048576K
2020-07-20T09:27:47.846+0000: 1103.781: [GC pause (G1 Evacuation Pause) (young)
Desired survivor size 73400320 bytes, new threshold 15 (max 15)
- age   1:   18281216 bytes,   18281216 total
- age   2:    2140080 bytes,   20421296 total
- age   3:    1015160 bytes,   21436456 total
- age   4:     431016 bytes,   21867472 total
- age   5:     387320 bytes,   22254792 total
- age   6:     253048 bytes,   22507840 total
- age   7:     274576 bytes,   22782416 total
- age   8:     400504 bytes,   23182920 total
- age   9:     375600 bytes,   23558520 total
- age  10:     295352 bytes,   23853872 total
- age  11:     359208 bytes,   24213080 total
- age  12:     361616 bytes,   24574696 total
- age  13:     234640 bytes,   24809336 total
- age  14:     214096 bytes,   25023432 total
- age  15:     351424 bytes,   25374856 total
, 0.0794019 secs]
   [Parallel Time: 74.8 ms, GC Workers: 4]
      [GC Worker Start (ms): Min: 1103781.6, Avg: 1103781.7, Max: 1103781.7, Diff: 0.1]
      [Ext Root Scanning (ms): Min: 5.0, Avg: 5.1, Max: 5.3, Diff: 0.3, Sum: 20.6]
      [Update RS (ms): Min: 4.1, Avg: 4.1, Max: 4.2, Diff: 0.0, Sum: 16.6]
         [Processed Buffers: Min: 5, Avg: 16.8, Max: 33, Diff: 28, Sum: 67]
      [Scan RS (ms): Min: 0.3, Avg: 0.4, Max: 0.5, Diff: 0.1, Sum: 1.5]
      [Code Root Scanning (ms): Min: 0.0, Avg: 0.1, Max: 0.1, Diff: 0.1, Sum: 0.2]
      [Object Copy (ms): Min: 64.7, Avg: 64.9, Max: 65.0, Diff: 0.3, Sum: 259.4]
      [Termination (ms): Min: 0.0, Avg: 0.0, Max: 0.1, Diff: 0.1, Sum: 0.2]
         [Termination Attempts: Min: 1, Avg: 2.5, Max: 4, Diff: 3, Sum: 10]
      [GC Worker Other (ms): Min: 0.0, Avg: 0.0, Max: 0.1, Diff: 0.1, Sum: 0.2]
      [GC Worker Total (ms): Min: 74.6, Avg: 74.7, Max: 74.8, Diff: 0.1, Sum: 298.7]
      [GC Worker End (ms): Min: 1103856.3, Avg: 1103856.4, Max: 1103856.4, Diff: 0.1]
   [Code Root Fixup: 0.0 ms]
   [Code Root Purge: 0.0 ms]
   [Clear CT: 0.4 ms]
   [Other: 4.1 ms]
      [Choose CSet: 0.0 ms]
      [Ref Proc: 2.4 ms]
      [Ref Enq: 0.1 ms]
      [Redirty Cards: 0.1 ms]
      [Humongous Register: 0.1 ms]
      [Humongous Reclaim: 0.0 ms]
      [Free CSet: 1.0 ms]
   [Eden: 1094.0M(1094.0M)->0.0B(1061.0M) Survivors: 26624.0K->60416.0K Heap: 1512.8M(1868.0M)->452.7M(1868.0M)]
Heap after GC invocations=98 (full 0):
 garbage-first heap   total 1912832K, used 463545K [0x000000008b400000, 0x000000008b503a60, 0x0000000100000000)
  region size 1024K, 59 young (60416K), 59 survivors (60416K)
 Metaspace       used 147093K, capacity 154215K, committed 154544K, reserved 1183744K
  class space    used 19733K, capacity 21067K, committed 21168K, reserved 1048576K
}
 [Times: user=0.21 sys=0.03, real=0.08 secs] 
2020-07-20T09:27:47.925+0000: 1103.861: Total time for which application threads were stopped: 0.0818404 seconds, Stopping threads took: 0.0015528 seconds
{Heap before GC invocations=98 (full 0):
 garbage-first heap   total 1912832K, used 1554105K [0x000000008b400000, 0x000000008b503a60, 0x0000000100000000)
  region size 1024K, 1120 young (1146880K), 59 survivors (60416K)
 Metaspace       used 147097K, capacity 154215K, committed 154544K, reserved 1183744K
  class space    used 19733K, capacity 21067K, committed 21168K, reserved 1048576K
2020-07-20T09:27:51.932+0000: 1107.868: [GC pause (G1 Evacuation Pause) (young)
Desired survivor size 73400320 bytes, new threshold 15 (max 15)
- age   1:   40698832 bytes,   40698832 total
- age   2:   13480864 bytes,   54179696 total
- age   3:    1983488 bytes,   56163184 total
- age   4:    1015072 bytes,   57178256 total
- age   5:     430856 bytes,   57609112 total
- age   6:     387192 bytes,   57996304 total
- age   7:     253048 bytes,   58249352 total
- age   8:     274416 bytes,   58523768 total
- age   9:     400312 bytes,   58924080 total
- age  10:     373384 bytes,   59297464 total
- age  11:     294016 bytes,   59591480 total
- age  12:     355040 bytes,   59946520 total
- age  13:     361392 bytes,   60307912 total
- age  14:     234544 bytes,   60542456 total
- age  15:     214000 bytes,   60756456 total
, 0.0520464 secs]
   [Parallel Time: 48.1 ms, GC Workers: 4]
      [GC Worker Start (ms): Min: 1107868.1, Avg: 1107868.1, Max: 1107868.1, Diff: 0.1]
      [Ext Root Scanning (ms): Min: 5.7, Avg: 5.9, Max: 6.3, Diff: 0.6, Sum: 23.7]
      [Update RS (ms): Min: 4.1, Avg: 4.2, Max: 4.3, Diff: 0.2, Sum: 16.9]
         [Processed Buffers: Min: 10, Avg: 19.0, Max: 30, Diff: 20, Sum: 76]
      [Scan RS (ms): Min: 0.3, Avg: 0.3, Max: 0.4, Diff: 0.1, Sum: 1.3]
      [Code Root Scanning (ms): Min: 0.0, Avg: 0.0, Max: 0.1, Diff: 0.1, Sum: 0.2]
      [Object Copy (ms): Min: 37.1, Avg: 37.4, Max: 37.5, Diff: 0.4, Sum: 149.4]
      [Termination (ms): Min: 0.0, Avg: 0.0, Max: 0.1, Diff: 0.0, Sum: 0.2]
         [Termination Attempts: Min: 6, Avg: 8.2, Max: 10, Diff: 4, Sum: 33]
      [GC Worker Other (ms): Min: 0.0, Avg: 0.0, Max: 0.0, Diff: 0.0, Sum: 0.1]
      [GC Worker Total (ms): Min: 47.9, Avg: 47.9, Max: 47.9, Diff: 0.0, Sum: 191.7]
      [GC Worker End (ms): Min: 1107916.0, Avg: 1107916.0, Max: 1107916.0, Diff: 0.0]
   [Code Root Fixup: 0.0 ms]
   [Code Root Purge: 0.0 ms]
   [Clear CT: 0.3 ms]
   [Other: 3.6 ms]
      [Choose CSet: 0.0 ms]
      [Ref Proc: 1.9 ms]
      [Ref Enq: 0.1 ms]
      [Redirty Cards: 0.1 ms]
      [Humongous Register: 0.1 ms]
      [Humongous Reclaim: 0.0 ms]
      [Free CSet: 0.9 ms]
   [Eden: 1061.0M(1061.0M)->0.0B(1073.0M) Survivors: 60416.0K->48128.0K Heap: 1517.7M(1868.0M)->443.1M(1868.0M)]
Heap after GC invocations=99 (full 0):
 garbage-first heap   total 1912832K, used 453693K [0x000000008b400000, 0x000000008b503a60, 0x0000000100000000)
  region size 1024K, 47 young (48128K), 47 survivors (48128K)
 Metaspace       used 147097K, capacity 154215K, committed 154544K, reserved 1183744K
  class space    used 19733K, capacity 21067K, committed 21168K, reserved 1048576K
}
 [Times: user=0.18 sys=0.00, real=0.06 secs] 
2020-07-20T09:27:51.984+0000: 1107.920: Total time for which application threads were stopped: 0.0597132 seconds, Stopping threads took: 0.0062540 seconds
{Heap before GC invocations=99 (full 0):
 garbage-first heap   total 1912832K, used 1552445K [0x000000008b400000, 0x000000008b503a60, 0x0000000100000000)
  region size 1024K, 1120 young (1146880K), 47 survivors (48128K)
 Metaspace       used 147097K, capacity 154215K, committed 154544K, reserved 1183744K
  class space    used 19733K, capacity 21067K, committed 21168K, reserved 1048576K
2020-07-20T09:27:55.642+0000: 1111.578: [GC pause (G1 Evacuation Pause) (young)
Desired survivor size 73400320 bytes, new threshold 15 (max 15)
- age   1:   30744768 bytes,   30744768 total
- age   2:   10635272 bytes,   41380040 total
- age   3:     327288 bytes,   41707328 total
- age   4:    1965208 bytes,   43672536 total
- age   5:     357536 bytes,   44030072 total
- age   6:     430824 bytes,   44460896 total
- age   7:     382064 bytes,   44842960 total
- age   8:     250864 bytes,   45093824 total
- age   9:     265800 bytes,   45359624 total
- age  10:     330296 bytes,   45689920 total
- age  11:     279728 bytes,   45969648 total
- age  12:     209312 bytes,   46178960 total
- age  13:     349480 bytes,   46528440 total
- age  14:     361392 bytes,   46889832 total
- age  15:     233320 bytes,   47123152 total
, 0.0524344 secs]
   [Parallel Time: 46.6 ms, GC Workers: 4]
      [GC Worker Start (ms): Min: 1111578.5, Avg: 1111579.0, Max: 1111580.6, Diff: 2.1]
      [Ext Root Scanning (ms): Min: 4.1, Avg: 5.7, Max: 6.4, Diff: 2.3, Sum: 22.8]
      [Update RS (ms): Min: 4.5, Avg: 4.6, Max: 4.7, Diff: 0.3, Sum: 18.2]
         [Processed Buffers: Min: 6, Avg: 18.5, Max: 31, Diff: 25, Sum: 74]
      [Scan RS (ms): Min: 0.2, Avg: 0.3, Max: 0.4, Diff: 0.2, Sum: 1.4]
      [Code Root Scanning (ms): Min: 0.0, Avg: 0.1, Max: 0.1, Diff: 0.1, Sum: 0.2]
      [Object Copy (ms): Min: 35.0, Avg: 35.2, Max: 35.3, Diff: 0.3, Sum: 140.9]
      [Termination (ms): Min: 0.0, Avg: 0.0, Max: 0.0, Diff: 0.0, Sum: 0.0]
         [Termination Attempts: Min: 1, Avg: 1.0, Max: 1, Diff: 0, Sum: 4]
      [GC Worker Other (ms): Min: 0.0, Avg: 0.1, Max: 0.1, Diff: 0.1, Sum: 0.3]
      [GC Worker Total (ms): Min: 44.4, Avg: 45.9, Max: 46.5, Diff: 2.1, Sum: 183.8]
      [GC Worker End (ms): Min: 1111625.0, Avg: 1111625.0, Max: 1111625.0, Diff: 0.1]
   [Code Root Fixup: 0.0 ms]
   [Code Root Purge: 0.0 ms]
   [Clear CT: 0.4 ms]
   [Other: 5.4 ms]
      [Choose CSet: 0.0 ms]
      [Ref Proc: 3.5 ms]
      [Ref Enq: 0.1 ms]
      [Redirty Cards: 0.2 ms]
      [Humongous Register: 0.1 ms]
      [Humongous Reclaim: 0.1 ms]
      [Free CSet: 1.0 ms]
   [Eden: 1073.0M(1073.0M)->0.0B(1085.0M) Survivors: 48128.0K->35840.0K Heap: 1516.1M(1868.0M)->429.4M(1868.0M)]
Heap after GC invocations=100 (full 0):
 garbage-first heap   total 1912832K, used 439664K [0x000000008b400000, 0x000000008b503a60, 0x0000000100000000)
  region size 1024K, 35 young (35840K), 35 survivors (35840K)
 Metaspace       used 147097K, capacity 154215K, committed 154544K, reserved 1183744K
  class space    used 19733K, capacity 21067K, committed 21168K, reserved 1048576K
}
 [Times: user=0.15 sys=0.00, real=0.05 secs] 
2020-07-20T09:27:55.695+0000: 1111.631: Total time for which application threads were stopped: 0.0573837 seconds, Stopping threads took: 0.0032918 seconds
{Heap before GC invocations=100 (full 0):
 garbage-first heap   total 1912832K, used 1552752K [0x000000008b400000, 0x000000008b503a60, 0x0000000100000000)
  region size 1024K, 1120 young (1146880K), 35 survivors (35840K)
 Metaspace       used 147098K, capacity 154215K, committed 154544K, reserved 1183744K
  class space    used 19733K, capacity 21067K, committed 21168K, reserved 1048576K
2020-07-20T09:27:59.198+0000: 1115.134: [GC pause (G1 Evacuation Pause) (young)
Desired survivor size 73400320 bytes, new threshold 15 (max 15)
- age   1:   27318872 bytes,   27318872 total
- age   2:    2443760 bytes,   29762632 total
- age   3:     192048 bytes,   29954680 total
- age   4:     317744 bytes,   30272424 total
- age   5:    1964776 bytes,   32237200 total
- age   6:     343600 bytes,   32580800 total
- age   7:     428672 bytes,   33009472 total
- age   8:     378896 bytes,   33388368 total
- age   9:     250832 bytes,   33639200 total
- age  10:     256368 bytes,   33895568 total
- age  11:     310960 bytes,   34206528 total
- age  12:     260472 bytes,   34467000 total
- age  13:     187928 bytes,   34654928 total
- age  14:     344424 bytes,   34999352 total
- age  15:     356784 bytes,   35356136 total
, 0.0705642 secs]
   [Parallel Time: 65.3 ms, GC Workers: 4]
      [GC Worker Start (ms): Min: 1115134.4, Avg: 1115134.4, Max: 1115134.5, Diff: 0.1]
      [Ext Root Scanning (ms): Min: 5.0, Avg: 5.1, Max: 5.3, Diff: 0.2, Sum: 20.5]
      [Update RS (ms): Min: 5.0, Avg: 5.1, Max: 5.1, Diff: 0.0, Sum: 20.2]
         [Processed Buffers: Min: 7, Avg: 17.8, Max: 26, Diff: 19, Sum: 71]
      [Scan RS (ms): Min: 0.3, Avg: 0.3, Max: 0.4, Diff: 0.1, Sum: 1.3]
      [Code Root Scanning (ms): Min: 0.0, Avg: 0.0, Max: 0.1, Diff: 0.1, Sum: 0.2]
      [Object Copy (ms): Min: 54.4, Avg: 54.5, Max: 54.6, Diff: 0.2, Sum: 217.9]
      [Termination (ms): Min: 0.0, Avg: 0.1, Max: 0.1, Diff: 0.1, Sum: 0.3]
         [Termination Attempts: Min: 1, Avg: 2.8, Max: 5, Diff: 4, Sum: 11]
      [GC Worker Other (ms): Min: 0.0, Avg: 0.0, Max: 0.0, Diff: 0.0, Sum: 0.1]
      [GC Worker Total (ms): Min: 65.0, Avg: 65.1, Max: 65.2, Diff: 0.2, Sum: 260.5]
      [GC Worker End (ms): Min: 1115199.5, Avg: 1115199.6, Max: 1115199.6, Diff: 0.1]
   [Code Root Fixup: 0.0 ms]
   [Code Root Purge: 0.0 ms]
   [Clear CT: 0.6 ms]
   [Other: 4.7 ms]
      [Choose CSet: 0.0 ms]
      [Ref Proc: 2.7 ms]
      [Ref Enq: 0.3 ms]
      [Redirty Cards: 0.2 ms]
      [Humongous Register: 0.1 ms]
      [Humongous Reclaim: 0.1 ms]
      [Free CSet: 1.0 ms]
   [Eden: 1085.0M(1085.0M)->0.0B(1057.0M) Survivors: 35840.0K->64512.0K Heap: 1516.4M(1868.0M)->459.3M(1868.0M)]
Heap after GC invocations=101 (full 0):
 garbage-first heap   total 1912832K, used 470342K [0x000000008b400000, 0x000000008b503a60, 0x0000000100000000)
  region size 1024K, 63 young (64512K), 63 survivors (64512K)
 Metaspace       used 147098K, capacity 154215K, committed 154544K, reserved 1183744K
  class space    used 19733K, capacity 21067K, committed 21168K, reserved 1048576K
}
 [Times: user=0.24 sys=0.01, real=0.07 secs] 
2020-07-20T09:27:59.269+0000: 1115.205: Total time for which application threads were stopped: 0.0716192 seconds, Stopping threads took: 0.0002399 seconds
{Heap before GC invocations=101 (full 0):
 garbage-first heap   total 1912832K, used 1554758K [0x000000008b400000, 0x000000008b503a60, 0x0000000100000000)
  region size 1024K, 1120 young (1146880K), 63 survivors (64512K)
 Metaspace       used 147100K, capacity 154215K, committed 154544K, reserved 1183744K
  class space    used 19733K, capacity 21067K, committed 21168K, reserved 1048576K
2020-07-20T09:28:02.818+0000: 1118.754: [GC pause (G1 Evacuation Pause) (young)
Desired survivor size 73400320 bytes, new threshold 15 (max 15)
- age   1:   34672760 bytes,   34672760 total
- age   2:   21602832 bytes,   56275592 total
- age   3:    2184440 bytes,   58460032 total
- age   4:     191712 bytes,   58651744 total
- age   5:     317552 bytes,   58969296 total
- age   6:    1959072 bytes,   60928368 total
- age   7:     343568 bytes,   61271936 total
- age   8:     428544 bytes,   61700480 total
- age   9:     378832 bytes,   62079312 total
- age  10:     250672 bytes,   62329984 total
- age  11:     253440 bytes,   62583424 total
- age  12:     306672 bytes,   62890096 total
- age  13:     260344 bytes,   63150440 total
- age  14:     187896 bytes,   63338336 total
- age  15:     344264 bytes,   63682600 total
, 0.0717419 secs]
   [Parallel Time: 66.6 ms, GC Workers: 4]
      [GC Worker Start (ms): Min: 1118754.2, Avg: 1118754.3, Max: 1118754.3, Diff: 0.1]
      [Ext Root Scanning (ms): Min: 5.1, Avg: 5.1, Max: 5.3, Diff: 0.2, Sum: 20.6]
      [Update RS (ms): Min: 4.4, Avg: 4.5, Max: 4.5, Diff: 0.1, Sum: 18.0]
         [Processed Buffers: Min: 9, Avg: 19.0, Max: 28, Diff: 19, Sum: 76]
      [Scan RS (ms): Min: 0.2, Avg: 0.3, Max: 0.3, Diff: 0.0, Sum: 1.0]
      [Code Root Scanning (ms): Min: 0.0, Avg: 0.0, Max: 0.1, Diff: 0.0, Sum: 0.2]
      [Object Copy (ms): Min: 49.1, Avg: 51.9, Max: 56.4, Diff: 7.3, Sum: 207.7]
      [Termination (ms): Min: 0.0, Avg: 4.3, Max: 7.0, Diff: 7.0, Sum: 17.3]
         [Termination Attempts: Min: 1, Avg: 1.8, Max: 4, Diff: 3, Sum: 7]
      [GC Worker Other (ms): Min: 0.0, Avg: 0.0, Max: 0.1, Diff: 0.1, Sum: 0.2]
      [GC Worker Total (ms): Min: 66.2, Avg: 66.2, Max: 66.3, Diff: 0.2, Sum: 264.9]
      [GC Worker End (ms): Min: 1118820.5, Avg: 1118820.5, Max: 1118820.6, Diff: 0.1]
   [Code Root Fixup: 0.1 ms]
   [Code Root Purge: 0.0 ms]
   [Clear CT: 0.4 ms]
   [Other: 4.7 ms]
      [Choose CSet: 0.0 ms]
      [Ref Proc: 2.2 ms]
      [Ref Enq: 0.2 ms]
      [Redirty Cards: 0.2 ms]
      [Humongous Register: 0.2 ms]
      [Humongous Reclaim: 0.0 ms]
      [Free CSet: 1.0 ms]
   [Eden: 1057.0M(1057.0M)->0.0B(1069.0M) Survivors: 64512.0K->52224.0K Heap: 1518.3M(1868.0M)->447.9M(1868.0M)]
Heap after GC invocations=102 (full 0):
 garbage-first heap   total 1912832K, used 458682K [0x000000008b400000, 0x000000008b503a60, 0x0000000100000000)
  region size 1024K, 51 young (52224K), 51 survivors (52224K)
 Metaspace       used 147100K, capacity 154215K, committed 154544K, reserved 1183744K
  class space    used 19733K, capacity 21067K, committed 21168K, reserved 1048576K
}
 [Times: user=0.22 sys=0.02, real=0.07 secs] 
2020-07-20T09:28:02.890+0000: 1118.825: Total time for which application threads were stopped: 0.0803411 seconds, Stopping threads took: 0.0071057 seconds
{Heap before GC invocations=102 (full 0):
 garbage-first heap   total 1912832K, used 1555386K [0x000000008b400000, 0x000000008b503a60, 0x0000000100000000)
  region size 1024K, 1120 young (1146880K), 51 survivors (52224K)
 Metaspace       used 147120K, capacity 154215K, committed 154544K, reserved 1183744K
  class space    used 19733K, capacity 21067K, committed 21168K, reserved 1048576K
2020-07-20T09:28:06.530+0000: 1122.466: [GC pause (G1 Evacuation Pause) (young)
Desired survivor size 73400320 bytes, new threshold 15 (max 15)
- age   1:   31032016 bytes,   31032016 total
- age   2:   13424320 bytes,   44456336 total
- age   3:    1157536 bytes,   45613872 total
- age   4:     825984 bytes,   46439856 total
- age   5:     191520 bytes,   46631376 total
- age   6:     317168 bytes,   46948544 total
- age   7:    1942488 bytes,   48891032 total
- age   8:     343136 bytes,   49234168 total
- age   9:     428512 bytes,   49662680 total
- age  10:     378648 bytes,   50041328 total
- age  11:     239936 bytes,   50281264 total
- age  12:     247816 bytes,   50529080 total
- age  13:     303152 bytes,   50832232 total
- age  14:     260312 bytes,   51092544 total
- age  15:     187864 bytes,   51280408 total
, 0.0513361 secs]
   [Parallel Time: 46.1 ms, GC Workers: 4]
      [GC Worker Start (ms): Min: 1122466.4, Avg: 1122466.5, Max: 1122466.5, Diff: 0.1]
      [Ext Root Scanning (ms): Min: 4.9, Avg: 5.0, Max: 5.2, Diff: 0.3, Sum: 20.0]
      [Update RS (ms): Min: 5.9, Avg: 6.1, Max: 6.3, Diff: 0.4, Sum: 24.3]
         [Processed Buffers: Min: 11, Avg: 20.2, Max: 36, Diff: 25, Sum: 81]
      [Scan RS (ms): Min: 0.2, Avg: 0.4, Max: 0.5, Diff: 0.3, Sum: 1.4]
      [Code Root Scanning (ms): Min: 0.0, Avg: 0.1, Max: 0.1, Diff: 0.1, Sum: 0.2]
      [Object Copy (ms): Min: 34.0, Avg: 34.1, Max: 34.3, Diff: 0.3, Sum: 136.5]
      [Termination (ms): Min: 0.0, Avg: 0.2, Max: 0.2, Diff: 0.2, Sum: 0.7]
         [Termination Attempts: Min: 1, Avg: 1.0, Max: 1, Diff: 0, Sum: 4]
      [GC Worker Other (ms): Min: 0.0, Avg: 0.0, Max: 0.0, Diff: 0.0, Sum: 0.1]
      [GC Worker Total (ms): Min: 45.8, Avg: 45.8, Max: 45.9, Diff: 0.1, Sum: 183.3]
      [GC Worker End (ms): Min: 1122512.3, Avg: 1122512.3, Max: 1122512.3, Diff: 0.0]
   [Code Root Fixup: 0.0 ms]
   [Code Root Purge: 0.0 ms]
   [Clear CT: 0.4 ms]
   [Other: 4.8 ms]
      [Choose CSet: 0.0 ms]
      [Ref Proc: 3.0 ms]
      [Ref Enq: 0.1 ms]
      [Redirty Cards: 0.3 ms]
      [Humongous Register: 0.1 ms]
      [Humongous Reclaim: 0.1 ms]
      [Free CSet: 1.0 ms]
   [Eden: 1069.0M(1069.0M)->0.0B(1084.0M) Survivors: 52224.0K->36864.0K Heap: 1518.9M(1868.0M)->431.7M(1868.0M)]
Heap after GC invocations=103 (full 0):
 garbage-first heap   total 1912832K, used 442052K [0x000000008b400000, 0x000000008b503a60, 0x0000000100000000)
  region size 1024K, 36 young (36864K), 36 survivors (36864K)
 Metaspace       used 147120K, capacity 154215K, committed 154544K, reserved 1183744K
  class space    used 19733K, capacity 21067K, committed 21168K, reserved 1048576K
}
 [Times: user=0.14 sys=0.00, real=0.06 secs] 
2020-07-20T09:28:06.582+0000: 1122.518: Total time for which application threads were stopped: 0.0582403 seconds, Stopping threads took: 0.0060825 seconds
{Heap before GC invocations=103 (full 0):
 garbage-first heap   total 1912832K, used 1554116K [0x000000008b400000, 0x000000008b503a60, 0x0000000100000000)
  region size 1024K, 1120 young (1146880K), 36 survivors (36864K)
 Metaspace       used 147121K, capacity 154215K, committed 154544K, reserved 1183744K
  class space    used 19733K, capacity 21067K, committed 21168K, reserved 1048576K
2020-07-20T09:28:09.951+0000: 1125.886: [GC pause (G1 Evacuation Pause) (young)
Desired survivor size 73400320 bytes, new threshold 15 (max 15)
- age   1:   26545216 bytes,   26545216 total
- age   2:    3258072 bytes,   29803288 total
- age   3:     271496 bytes,   30074784 total
- age   4:     381576 bytes,   30456360 total
- age   5:     298288 bytes,   30754648 total
- age   6:     189488 bytes,   30944136 total
- age   7:     312328 bytes,   31256464 total
- age   8:    1893736 bytes,   33150200 total
- age   9:     212368 bytes,   33362568 total
- age  10:     380184 bytes,   33742752 total
- age  11:     362568 bytes,   34105320 total
- age  12:     234928 bytes,   34340248 total
- age  13:     230072 bytes,   34570320 total
- age  14:     303096 bytes,   34873416 total
- age  15:     258976 bytes,   35132392 total
, 0.0738458 secs]
   [Parallel Time: 69.8 ms, GC Workers: 4]
      [GC Worker Start (ms): Min: 1125886.7, Avg: 1125886.8, Max: 1125886.8, Diff: 0.1]
      [Ext Root Scanning (ms): Min: 6.1, Avg: 6.5, Max: 7.3, Diff: 1.2, Sum: 26.0]
      [Update RS (ms): Min: 5.3, Avg: 5.7, Max: 5.8, Diff: 0.6, Sum: 22.7]
         [Processed Buffers: Min: 13, Avg: 22.0, Max: 26, Diff: 13, Sum: 88]
      [Scan RS (ms): Min: 0.3, Avg: 0.3, Max: 0.3, Diff: 0.1, Sum: 1.1]
      [Code Root Scanning (ms): Min: 0.0, Avg: 0.1, Max: 0.1, Diff: 0.1, Sum: 0.2]
      [Object Copy (ms): Min: 56.5, Avg: 56.9, Max: 57.2, Diff: 0.7, Sum: 227.4]
      [Termination (ms): Min: 0.0, Avg: 0.1, Max: 0.2, Diff: 0.2, Sum: 0.5]
         [Termination Attempts: Min: 1, Avg: 1.0, Max: 1, Diff: 0, Sum: 4]
      [GC Worker Other (ms): Min: 0.0, Avg: 0.1, Max: 0.4, Diff: 0.4, Sum: 0.5]
      [GC Worker Total (ms): Min: 69.6, Avg: 69.6, Max: 69.7, Diff: 0.1, Sum: 278.6]
      [GC Worker End (ms): Min: 1125956.4, Avg: 1125956.4, Max: 1125956.4, Diff: 0.0]
   [Code Root Fixup: 0.1 ms]
   [Code Root Purge: 0.0 ms]
   [Clear CT: 0.4 ms]
   [Other: 3.6 ms]
      [Choose CSet: 0.0 ms]
      [Ref Proc: 1.8 ms]
      [Ref Enq: 0.1 ms]
      [Redirty Cards: 0.2 ms]
      [Humongous Register: 0.1 ms]
      [Humongous Reclaim: 0.0 ms]
      [Free CSet: 1.0 ms]
   [Eden: 1084.0M(1084.0M)->0.0B(1062.0M) Survivors: 36864.0K->59392.0K Heap: 1517.7M(1868.0M)->456.0M(1868.0M)]
Heap after GC invocations=104 (full 0):
 garbage-first heap   total 1912832K, used 466988K [0x000000008b400000, 0x000000008b503a60, 0x0000000100000000)
  region size 1024K, 58 young (59392K), 58 survivors (59392K)
 Metaspace       used 147121K, capacity 154215K, committed 154544K, reserved 1183744K
  class space    used 19733K, capacity 21067K, committed 21168K, reserved 1048576K
}
 [Times: user=0.23 sys=0.00, real=0.08 secs] 
2020-07-20T09:28:10.025+0000: 1125.961: Total time for which application threads were stopped: 0.0816523 seconds, Stopping threads took: 0.0061417 seconds
{Heap before GC invocations=104 (full 0):
 garbage-first heap   total 1912832K, used 1556524K [0x000000008b400000, 0x000000008b503a60, 0x0000000100000000)
  region size 1024K, 1120 young (1146880K), 58 survivors (59392K)
 Metaspace       used 147122K, capacity 154215K, committed 154544K, reserved 1183744K
  class space    used 19733K, capacity 21067K, committed 21168K, reserved 1048576K
2020-07-20T09:28:13.665+0000: 1129.601: [GC pause (G1 Evacuation Pause) (young)
Desired survivor size 73400320 bytes, new threshold 15 (max 15)
- age   1:   32221344 bytes,   32221344 total
- age   2:   20682352 bytes,   52903696 total
- age   3:    3206720 bytes,   56110416 total
- age   4:     271288 bytes,   56381704 total
- age   5:     381400 bytes,   56763104 total
- age   6:     295320 bytes,   57058424 total
- age   7:     189056 bytes,   57247480 total
- age   8:     312008 bytes,   57559488 total
- age   9:     405208 bytes,   57964696 total
- age  10:     109632 bytes,   58074328 total
- age  11:     322824 bytes,   58397152 total
- age  12:     358360 bytes,   58755512 total
- age  13:     230936 bytes,   58986448 total
- age  14:     228736 bytes,   59215184 total
- age  15:     299248 bytes,   59514432 total
, 0.0536802 secs]
   [Parallel Time: 49.7 ms, GC Workers: 4]
      [GC Worker Start (ms): Min: 1129601.4, Avg: 1129601.4, Max: 1129601.5, Diff: 0.0]
      [Ext Root Scanning (ms): Min: 5.3, Avg: 5.4, Max: 5.6, Diff: 0.4, Sum: 21.5]
      [Update RS (ms): Min: 5.4, Avg: 5.6, Max: 5.7, Diff: 0.3, Sum: 22.3]
         [Processed Buffers: Min: 15, Avg: 20.5, Max: 32, Diff: 17, Sum: 82]
      [Scan RS (ms): Min: 0.2, Avg: 0.3, Max: 0.5, Diff: 0.2, Sum: 1.4]
      [Code Root Scanning (ms): Min: 0.0, Avg: 0.1, Max: 0.1, Diff: 0.0, Sum: 0.2]
      [Object Copy (ms): Min: 37.9, Avg: 38.2, Max: 38.3, Diff: 0.4, Sum: 152.8]
      [Termination (ms): Min: 0.0, Avg: 0.0, Max: 0.0, Diff: 0.0, Sum: 0.0]
         [Termination Attempts: Min: 1, Avg: 1.2, Max: 2, Diff: 1, Sum: 5]
      [GC Worker Other (ms): Min: 0.0, Avg: 0.1, Max: 0.1, Diff: 0.0, Sum: 0.3]
      [GC Worker Total (ms): Min: 49.6, Avg: 49.6, Max: 49.7, Diff: 0.1, Sum: 198.5]
      [GC Worker End (ms): Min: 1129651.1, Avg: 1129651.1, Max: 1129651.1, Diff: 0.0]
   [Code Root Fixup: 0.0 ms]
   [Code Root Purge: 0.0 ms]
   [Clear CT: 0.4 ms]
   [Other: 3.6 ms]
      [Choose CSet: 0.0 ms]
      [Ref Proc: 1.8 ms]
      [Ref Enq: 0.2 ms]
      [Redirty Cards: 0.2 ms]
      [Humongous Register: 0.1 ms]
      [Humongous Reclaim: 0.1 ms]
      [Free CSet: 0.9 ms]
   [Eden: 1062.0M(1062.0M)->0.0B(1078.0M) Survivors: 59392.0K->43008.0K Heap: 1520.0M(1868.0M)->440.0M(1868.0M)]
Heap after GC invocations=105 (full 0):
 garbage-first heap   total 1912832K, used 450509K [0x000000008b400000, 0x000000008b503a60, 0x0000000100000000)
  region size 1024K, 42 young (43008K), 42 survivors (43008K)
 Metaspace       used 147122K, capacity 154215K, committed 154544K, reserved 1183744K
  class space    used 19733K, capacity 21067K, committed 21168K, reserved 1048576K
}
 [Times: user=0.17 sys=0.01, real=0.05 secs] 
2020-07-20T09:28:13.719+0000: 1129.655: Total time for which application threads were stopped: 0.0552350 seconds, Stopping threads took: 0.0003263 seconds
{Heap before GC invocations=105 (full 0):
 garbage-first heap   total 1912832K, used 1556429K [0x000000008b400000, 0x000000008b503a60, 0x0000000100000000)
  region size 1024K, 1120 young (1146880K), 42 survivors (43008K)
 Metaspace       used 147122K, capacity 154215K, committed 154544K, reserved 1183744K
  class space    used 19733K, capacity 21067K, committed 21168K, reserved 1048576K
2020-07-20T09:28:17.041+0000: 1132.977: [GC pause (G1 Evacuation Pause) (young)
Desired survivor size 73400320 bytes, new threshold 15 (max 15)
- age   1:   25206672 bytes,   25206672 total
- age   2:   11895320 bytes,   37101992 total
- age   3:     522992 bytes,   37624984 total
- age   4:     314048 bytes,   37939032 total
- age   5:     203224 bytes,   38142256 total
- age   6:     311960 bytes,   38454216 total
- age   7:     275104 bytes,   38729320 total
- age   8:     188864 bytes,   38918184 total
- age   9:     311848 bytes,   39230032 total
- age  10:     401912 bytes,   39631944 total
- age  11:     107424 bytes,   39739368 total
- age  12:     322728 bytes,   40062096 total
- age  13:     353696 bytes,   40415792 total
- age  14:     226056 bytes,   40641848 total
- age  15:     225016 bytes,   40866864 total
, 0.0741971 secs]
   [Parallel Time: 69.4 ms, GC Workers: 4]
      [GC Worker Start (ms): Min: 1132977.8, Avg: 1132977.8, Max: 1132977.9, Diff: 0.1]
      [Ext Root Scanning (ms): Min: 4.9, Avg: 5.0, Max: 5.1, Diff: 0.3, Sum: 19.9]
      [Update RS (ms): Min: 7.4, Avg: 7.5, Max: 7.6, Diff: 0.2, Sum: 29.9]
         [Processed Buffers: Min: 11, Avg: 21.8, Max: 28, Diff: 17, Sum: 87]
      [Scan RS (ms): Min: 0.2, Avg: 0.3, Max: 0.4, Diff: 0.2, Sum: 1.2]
      [Code Root Scanning (ms): Min: 0.0, Avg: 0.0, Max: 0.1, Diff: 0.1, Sum: 0.2]
      [Object Copy (ms): Min: 56.2, Avg: 56.3, Max: 56.4, Diff: 0.2, Sum: 225.3]
      [Termination (ms): Min: 0.0, Avg: 0.0, Max: 0.0, Diff: 0.0, Sum: 0.1]
         [Termination Attempts: Min: 8, Avg: 10.2, Max: 12, Diff: 4, Sum: 41]
      [GC Worker Other (ms): Min: 0.0, Avg: 0.0, Max: 0.1, Diff: 0.1, Sum: 0.2]
      [GC Worker Total (ms): Min: 69.2, Avg: 69.2, Max: 69.2, Diff: 0.1, Sum: 276.7]
      [GC Worker End (ms): Min: 1133047.0, Avg: 1133047.0, Max: 1133047.0, Diff: 0.0]
   [Code Root Fixup: 0.0 ms]
   [Code Root Purge: 0.0 ms]
   [Clear CT: 0.4 ms]
   [Other: 4.4 ms]
      [Choose CSet: 0.0 ms]
      [Ref Proc: 2.4 ms]
      [Ref Enq: 0.1 ms]
      [Redirty Cards: 0.2 ms]
      [Humongous Register: 0.1 ms]
      [Humongous Reclaim: 0.0 ms]
      [Free CSet: 1.0 ms]
   [Eden: 1078.0M(1078.0M)->0.0B(1056.0M) Survivors: 43008.0K->65536.0K Heap: 1520.0M(1868.0M)->464.4M(1868.0M)]
Heap after GC invocations=106 (full 0):
 garbage-first heap   total 1912832K, used 475500K [0x000000008b400000, 0x000000008b503a60, 0x0000000100000000)
  region size 1024K, 64 young (65536K), 64 survivors (65536K)
 Metaspace       used 147122K, capacity 154215K, committed 154544K, reserved 1183744K
  class space    used 19733K, capacity 21067K, committed 21168K, reserved 1048576K
}
 [Times: user=0.24 sys=0.00, real=0.07 secs] 
2020-07-20T09:28:17.116+0000: 1133.052: Total time for which application threads were stopped: 0.0773325 seconds, Stopping threads took: 0.0021667 seconds
{Heap before GC invocations=106 (full 0):
 garbage-first heap   total 1912832K, used 1556844K [0x000000008b400000, 0x000000008b503a60, 0x0000000100000000)
  region size 1024K, 1120 young (1146880K), 64 survivors (65536K)
 Metaspace       used 147122K, capacity 154215K, committed 154544K, reserved 1183744K
  class space    used 19733K, capacity 21067K, committed 21168K, reserved 1048576K
2020-07-20T09:28:20.610+0000: 1136.546: [GC pause (G1 Evacuation Pause) (young)
Desired survivor size 73400320 bytes, new threshold 15 (max 15)
- age   1:   30739232 bytes,   30739232 total
- age   2:   19824432 bytes,   50563664 total
- age   3:   11685688 bytes,   62249352 total
- age   4:     514216 bytes,   62763568 total
- age   5:     307056 bytes,   63070624 total
- age   6:     196520 bytes,   63267144 total
- age   7:     305136 bytes,   63572280 total
- age   8:     273544 bytes,   63845824 total
- age   9:     188672 bytes,   64034496 total
- age  10:     310960 bytes,   64345456 total
- age  11:     389096 bytes,   64734552 total
- age  12:     107160 bytes,   64841712 total
- age  13:     305832 bytes,   65147544 total
- age  14:     350192 bytes,   65497736 total
- age  15:     225992 bytes,   65723728 total
, 0.0581631 secs]
   [Parallel Time: 54.3 ms, GC Workers: 4]
      [GC Worker Start (ms): Min: 1136546.1, Avg: 1136546.1, Max: 1136546.2, Diff: 0.0]
      [Ext Root Scanning (ms): Min: 5.8, Avg: 6.1, Max: 6.8, Diff: 0.9, Sum: 24.5]
      [Update RS (ms): Min: 6.7, Avg: 7.0, Max: 7.3, Diff: 0.7, Sum: 28.2]
         [Processed Buffers: Min: 11, Avg: 21.8, Max: 31, Diff: 20, Sum: 87]
      [Scan RS (ms): Min: 0.2, Avg: 0.4, Max: 0.4, Diff: 0.2, Sum: 1.4]
      [Code Root Scanning (ms): Min: 0.0, Avg: 0.0, Max: 0.1, Diff: 0.1, Sum: 0.2]
      [Object Copy (ms): Min: 40.3, Avg: 40.5, Max: 40.7, Diff: 0.4, Sum: 162.2]
      [Termination (ms): Min: 0.0, Avg: 0.0, Max: 0.0, Diff: 0.0, Sum: 0.1]
         [Termination Attempts: Min: 11, Avg: 12.5, Max: 14, Diff: 3, Sum: 50]
      [GC Worker Other (ms): Min: 0.0, Avg: 0.0, Max: 0.1, Diff: 0.0, Sum: 0.2]
      [GC Worker Total (ms): Min: 54.2, Avg: 54.2, Max: 54.2, Diff: 0.1, Sum: 216.7]
      [GC Worker End (ms): Min: 1136600.3, Avg: 1136600.3, Max: 1136600.3, Diff: 0.0]
   [Code Root Fixup: 0.0 ms]
   [Code Root Purge: 0.0 ms]
   [Clear CT: 0.3 ms]
   [Other: 3.5 ms]
      [Choose CSet: 0.0 ms]
      [Ref Proc: 1.7 ms]
      [Ref Enq: 0.1 ms]
      [Redirty Cards: 0.2 ms]
      [Humongous Register: 0.1 ms]
      [Humongous Reclaim: 0.0 ms]
      [Free CSet: 0.9 ms]
   [Eden: 1056.0M(1056.0M)->0.0B(1074.0M) Survivors: 65536.0K->47104.0K Heap: 1520.4M(1868.0M)->444.7M(1868.0M)]
Heap after GC invocations=107 (full 0):
 garbage-first heap   total 1912832K, used 455352K [0x000000008b400000, 0x000000008b503a60, 0x0000000100000000)
  region size 1024K, 46 young (47104K), 46 survivors (47104K)
 Metaspace       used 147122K, capacity 154215K, committed 154544K, reserved 1183744K
  class space    used 19733K, capacity 21067K, committed 21168K, reserved 1048576K
}
 [Times: user=0.17 sys=0.01, real=0.06 secs] 
2020-07-20T09:28:20.668+0000: 1136.604: Total time for which application threads were stopped: 0.0639999 seconds, Stopping threads took: 0.0044597 seconds
{Heap before GC invocations=107 (full 0):
 garbage-first heap   total 1912832K, used 1557176K [0x000000008b400000, 0x000000008b503a60, 0x0000000100000000)
  region size 1024K, 1120 young (1146880K), 46 survivors (47104K)
 Metaspace       used 147122K, capacity 154215K, committed 154544K, reserved 1183744K
  class space    used 19733K, capacity 21067K, committed 21168K, reserved 1048576K
2020-07-20T09:28:23.778+0000: 1139.714: [GC pause (G1 Evacuation Pause) (young)
Desired survivor size 73400320 bytes, new threshold 15 (max 15)
- age   1:   26660376 bytes,   26660376 total
- age   2:   12357864 bytes,   39018240 total
- age   3:    1057464 bytes,   40075704 total
- age   4:    2290984 bytes,   42366688 total
- age   5:     510920 bytes,   42877608 total
- age   6:     306904 bytes,   43184512 total
- age   7:     195168 bytes,   43379680 total
- age   8:     302872 bytes,   43682552 total
- age   9:     273456 bytes,   43956008 total
- age  10:     188576 bytes,   44144584 total
- age  11:     309016 bytes,   44453600 total
- age  12:     388968 bytes,   44842568 total
- age  13:     103224 bytes,   44945792 total
- age  14:     301784 bytes,   45247576 total
- age  15:     347888 bytes,   45595464 total
, 0.0824548 secs]
   [Parallel Time: 78.6 ms, GC Workers: 4]
      [GC Worker Start (ms): Min: 1139713.9, Avg: 1139714.0, Max: 1139714.0, Diff: 0.1]
      [Ext Root Scanning (ms): Min: 5.3, Avg: 5.5, Max: 5.7, Diff: 0.4, Sum: 21.8]
      [Update RS (ms): Min: 7.2, Avg: 7.4, Max: 7.8, Diff: 0.6, Sum: 29.8]
         [Processed Buffers: Min: 14, Avg: 22.0, Max: 36, Diff: 22, Sum: 88]
      [Scan RS (ms): Min: 0.2, Avg: 0.3, Max: 0.4, Diff: 0.3, Sum: 1.2]
      [Code Root Scanning (ms): Min: 0.0, Avg: 0.0, Max: 0.0, Diff: 0.0, Sum: 0.1]
      [Object Copy (ms): Min: 64.9, Avg: 65.1, Max: 65.3, Diff: 0.4, Sum: 260.5]
      [Termination (ms): Min: 0.0, Avg: 0.0, Max: 0.1, Diff: 0.1, Sum: 0.1]
         [Termination Attempts: Min: 4, Avg: 10.2, Max: 18, Diff: 14, Sum: 41]
      [GC Worker Other (ms): Min: 0.0, Avg: 0.1, Max: 0.1, Diff: 0.1, Sum: 0.3]
      [GC Worker Total (ms): Min: 78.4, Avg: 78.4, Max: 78.5, Diff: 0.1, Sum: 313.7]
      [GC Worker End (ms): Min: 1139792.4, Avg: 1139792.4, Max: 1139792.5, Diff: 0.1]
   [Code Root Fixup: 0.0 ms]
   [Code Root Purge: 0.0 ms]
   [Clear CT: 0.4 ms]
   [Other: 3.5 ms]
      [Choose CSet: 0.0 ms]
      [Ref Proc: 1.7 ms]
      [Ref Enq: 0.1 ms]
      [Redirty Cards: 0.2 ms]
      [Humongous Register: 0.1 ms]
      [Humongous Reclaim: 0.0 ms]
      [Free CSet: 0.9 ms]
   [Eden: 1074.0M(1074.0M)->0.0B(1051.0M) Survivors: 47104.0K->70656.0K Heap: 1520.7M(1868.0M)->470.1M(1868.0M)]
Heap after GC invocations=108 (full 0):
 garbage-first heap   total 1912832K, used 481389K [0x000000008b400000, 0x000000008b503a60, 0x0000000100000000)
  region size 1024K, 69 young (70656K), 69 survivors (70656K)
 Metaspace       used 147122K, capacity 154215K, committed 154544K, reserved 1183744K
  class space    used 19733K, capacity 21067K, committed 21168K, reserved 1048576K
}
 [Times: user=0.25 sys=0.02, real=0.08 secs] 
2020-07-20T09:28:23.861+0000: 1139.796: Total time for which application threads were stopped: 0.0901893 seconds, Stopping threads took: 0.0064451 seconds
{Heap before GC invocations=108 (full 0):
 garbage-first heap   total 1912832K, used 1557613K [0x000000008b400000, 0x000000008b503a60, 0x0000000100000000)
  region size 1024K, 1120 young (1146880K), 69 survivors (70656K)
 Metaspace       used 147123K, capacity 154215K, committed 154544K, reserved 1183744K
  class space    used 19733K, capacity 21067K, committed 21168K, reserved 1048576K
2020-07-20T09:28:27.125+0000: 1143.061: [GC pause (G1 Evacuation Pause) (young)
Desired survivor size 73400320 bytes, new threshold 15 (max 15)
- age   1:   30666312 bytes,   30666312 total
- age   2:   21569000 bytes,   52235312 total
- age   3:   12065584 bytes,   64300896 total
- age   4:    1047848 bytes,   65348744 total
- age   5:    2290768 bytes,   67639512 total
- age   6:     510680 bytes,   68150192 total
- age   7:     306584 bytes,   68456776 total
- age   8:     193816 bytes,   68650592 total
- age   9:     302808 bytes,   68953400 total
- age  10:     273400 bytes,   69226800 total
- age  11:     187752 bytes,   69414552 total
- age  12:     296104 bytes,   69710656 total
- age  13:     388312 bytes,   70098968 total
- age  14:      99752 bytes,   70198720 total
- age  15:     301784 bytes,   70500504 total
, 0.0672926 secs]
   [Parallel Time: 63.2 ms, GC Workers: 4]
      [GC Worker Start (ms): Min: 1143061.6, Avg: 1143061.6, Max: 1143061.7, Diff: 0.1]
      [Ext Root Scanning (ms): Min: 5.0, Avg: 5.1, Max: 5.2, Diff: 0.3, Sum: 20.3]
      [Update RS (ms): Min: 10.3, Avg: 10.3, Max: 10.4, Diff: 0.1, Sum: 41.3]
         [Processed Buffers: Min: 17, Avg: 24.0, Max: 38, Diff: 21, Sum: 96]
      [Scan RS (ms): Min: 0.4, Avg: 0.4, Max: 0.5, Diff: 0.2, Sum: 1.8]
      [Code Root Scanning (ms): Min: 0.0, Avg: 0.0, Max: 0.1, Diff: 0.1, Sum: 0.2]
      [Object Copy (ms): Min: 46.9, Avg: 47.1, Max: 47.3, Diff: 0.4, Sum: 188.4]
      [Termination (ms): Min: 0.0, Avg: 0.0, Max: 0.0, Diff: 0.0, Sum: 0.0]
         [Termination Attempts: Min: 1, Avg: 1.2, Max: 2, Diff: 1, Sum: 5]
      [GC Worker Other (ms): Min: 0.0, Avg: 0.1, Max: 0.1, Diff: 0.1, Sum: 0.2]
      [GC Worker Total (ms): Min: 63.0, Avg: 63.0, Max: 63.1, Diff: 0.1, Sum: 252.1]
      [GC Worker End (ms): Min: 1143124.7, Avg: 1143124.7, Max: 1143124.7, Diff: 0.1]
   [Code Root Fixup: 0.0 ms]
   [Code Root Purge: 0.0 ms]
   [Clear CT: 0.4 ms]
   [Other: 3.7 ms]
      [Choose CSet: 0.0 ms]
      [Ref Proc: 1.7 ms]
      [Ref Enq: 0.1 ms]
      [Redirty Cards: 0.2 ms]
      [Humongous Register: 0.1 ms]
      [Humongous Reclaim: 0.1 ms]
      [Free CSet: 1.0 ms]
   [Eden: 1051.0M(1051.0M)->0.0B(1076.0M) Survivors: 70656.0K->45056.0K Heap: 1521.1M(1868.0M)->444.1M(1868.0M)]
Heap after GC invocations=109 (full 0):
 garbage-first heap   total 1912832K, used 454797K [0x000000008b400000, 0x000000008b503a60, 0x0000000100000000)
  region size 1024K, 44 young (45056K), 44 survivors (45056K)
 Metaspace       used 147123K, capacity 154215K, committed 154544K, reserved 1183744K
  class space    used 19733K, capacity 21067K, committed 21168K, reserved 1048576K
}
 [Times: user=0.19 sys=0.02, real=0.07 secs] 
2020-07-20T09:28:27.193+0000: 1143.129: Total time for which application threads were stopped: 0.0695984 seconds, Stopping threads took: 0.0011535 seconds
{Heap before GC invocations=109 (full 0):
 garbage-first heap   total 1912832K, used 1558669K [0x000000008b400000, 0x000000008b503a60, 0x0000000100000000)
  region size 1024K, 1120 young (1146880K), 44 survivors (45056K)
 Metaspace       used 147123K, capacity 154215K, committed 154544K, reserved 1183744K
  class space    used 19733K, capacity 21067K, committed 21168K, reserved 1048576K
2020-07-20T09:28:30.760+0000: 1146.696: [GC pause (G1 Evacuation Pause) (young)
Desired survivor size 73400320 bytes, new threshold 15 (max 15)
- age   1:   23865808 bytes,   23865808 total
- age   2:   12666880 bytes,   36532688 total
- age   3:     898000 bytes,   37430688 total
- age   4:    1133544 bytes,   38564232 total
- age   5:     723760 bytes,   39287992 total
- age   6:    2290480 bytes,   41578472 total
- age   7:     501624 bytes,   42080096 total
- age   8:     301984 bytes,   42382080 total
- age   9:     191520 bytes,   42573600 total
- age  10:     302592 bytes,   42876192 total
- age  11:     261920 bytes,   43138112 total
- age  12:     180912 bytes,   43319024 total
- age  13:     295952 bytes,   43614976 total
- age  14:     388184 bytes,   44003160 total
- age  15:      96320 bytes,   44099480 total
, 0.0859927 secs]
   [Parallel Time: 81.7 ms, GC Workers: 4]
      [GC Worker Start (ms): Min: 1146696.2, Avg: 1146697.4, Max: 1146700.7, Diff: 4.4]
      [Ext Root Scanning (ms): Min: 1.5, Avg: 4.7, Max: 5.9, Diff: 4.3, Sum: 18.8]
      [Update RS (ms): Min: 6.2, Avg: 6.2, Max: 6.2, Diff: 0.0, Sum: 24.7]
         [Processed Buffers: Min: 16, Avg: 21.8, Max: 30, Diff: 14, Sum: 87]
      [Scan RS (ms): Min: 0.3, Avg: 0.5, Max: 0.6, Diff: 0.3, Sum: 2.0]
      [Code Root Scanning (ms): Min: 0.0, Avg: 0.0, Max: 0.0, Diff: 0.0, Sum: 0.1]
      [Object Copy (ms): Min: 68.7, Avg: 69.0, Max: 69.2, Diff: 0.5, Sum: 275.9]
      [Termination (ms): Min: 0.0, Avg: 0.0, Max: 0.0, Diff: 0.0, Sum: 0.0]
         [Termination Attempts: Min: 4, Avg: 5.2, Max: 6, Diff: 2, Sum: 21]
      [GC Worker Other (ms): Min: 0.0, Avg: 0.0, Max: 0.1, Diff: 0.1, Sum: 0.2]
      [GC Worker Total (ms): Min: 77.2, Avg: 80.4, Max: 81.5, Diff: 4.4, Sum: 321.7]
      [GC Worker End (ms): Min: 1146777.8, Avg: 1146777.8, Max: 1146777.8, Diff: 0.1]
   [Code Root Fixup: 0.0 ms]
   [Code Root Purge: 0.0 ms]
   [Clear CT: 0.5 ms]
   [Other: 3.8 ms]
      [Choose CSet: 0.0 ms]
      [Ref Proc: 2.0 ms]
      [Ref Enq: 0.2 ms]
      [Redirty Cards: 0.2 ms]
      [Humongous Register: 0.1 ms]
      [Humongous Reclaim: 0.0 ms]
      [Free CSet: 0.9 ms]
   [Eden: 1076.0M(1076.0M)->0.0B(1046.0M) Survivors: 45056.0K->75776.0K Heap: 1522.1M(1868.0M)->476.4M(1868.0M)]
Heap after GC invocations=110 (full 0):
 garbage-first heap   total 1912832K, used 487856K [0x000000008b400000, 0x000000008b503a60, 0x0000000100000000)
  region size 1024K, 74 young (75776K), 74 survivors (75776K)
 Metaspace       used 147123K, capacity 154215K, committed 154544K, reserved 1183744K
  class space    used 19733K, capacity 21067K, committed 21168K, reserved 1048576K
}
 [Times: user=0.29 sys=0.00, real=0.09 secs] 
2020-07-20T09:28:30.846+0000: 1146.782: Total time for which application threads were stopped: 0.0871095 seconds, Stopping threads took: 0.0002261 seconds
{Heap before GC invocations=110 (full 0):
 garbage-first heap   total 1912832K, used 1561008K [0x000000008b400000, 0x000000008b503a60, 0x0000000100000000)
  region size 1024K, 1120 young (1146880K), 74 survivors (75776K)
 Metaspace       used 147125K, capacity 154215K, committed 154544K, reserved 1183744K
  class space    used 19733K, capacity 21067K, committed 21168K, reserved 1048576K
2020-07-20T09:28:34.346+0000: 1150.281: [GC pause (G1 Evacuation Pause) (young)
Desired survivor size 73400320 bytes, new threshold 7 (max 15)
- age   1:   38498872 bytes,   38498872 total
- age   2:   18277504 bytes,   56776376 total
- age   3:   12595272 bytes,   69371648 total
- age   4:     894528 bytes,   70266176 total
- age   5:    1132184 bytes,   71398360 total
- age   6:     723328 bytes,   72121688 total
- age   7:    2287288 bytes,   74408976 total
- age   8:     490808 bytes,   74899784 total
- age   9:     289248 bytes,   75189032 total
- age  10:     191456 bytes,   75380488 total
- age  11:     302528 bytes,   75683016 total
- age  12:     258264 bytes,   75941280 total
- age  13:     180816 bytes,   76122096 total
- age  14:     295192 bytes,   76417288 total
- age  15:     384656 bytes,   76801944 total
, 0.0754506 secs]
   [Parallel Time: 71.2 ms, GC Workers: 4]
      [GC Worker Start (ms): Min: 1150281.6, Avg: 1150281.7, Max: 1150281.7, Diff: 0.1]
      [Ext Root Scanning (ms): Min: 5.0, Avg: 5.1, Max: 5.3, Diff: 0.3, Sum: 20.5]
      [Update RS (ms): Min: 8.5, Avg: 8.7, Max: 9.4, Diff: 0.9, Sum: 34.8]
         [Processed Buffers: Min: 6, Avg: 23.2, Max: 40, Diff: 34, Sum: 93]
      [Scan RS (ms): Min: 0.2, Avg: 0.3, Max: 0.4, Diff: 0.2, Sum: 1.3]
      [Code Root Scanning (ms): Min: 0.0, Avg: 0.0, Max: 0.0, Diff: 0.0, Sum: 0.1]
      [Object Copy (ms): Min: 56.1, Avg: 56.7, Max: 57.0, Diff: 0.9, Sum: 226.7]
      [Termination (ms): Min: 0.0, Avg: 0.0, Max: 0.0, Diff: 0.0, Sum: 0.1]
         [Termination Attempts: Min: 12, Avg: 15.5, Max: 19, Diff: 7, Sum: 62]
      [GC Worker Other (ms): Min: 0.0, Avg: 0.1, Max: 0.2, Diff: 0.1, Sum: 0.3]
      [GC Worker Total (ms): Min: 70.9, Avg: 71.0, Max: 71.1, Diff: 0.2, Sum: 283.8]
      [GC Worker End (ms): Min: 1150352.6, Avg: 1150352.7, Max: 1150352.7, Diff: 0.1]
   [Code Root Fixup: 0.2 ms]
   [Code Root Purge: 0.0 ms]
   [Clear CT: 0.4 ms]
   [Other: 3.6 ms]
      [Choose CSet: 0.0 ms]
      [Ref Proc: 1.8 ms]
      [Ref Enq: 0.1 ms]
      [Redirty Cards: 0.2 ms]
      [Humongous Register: 0.1 ms]
      [Humongous Reclaim: 0.1 ms]
      [Free CSet: 0.9 ms]
   [Eden: 1046.0M(1046.0M)->0.0B(1065.0M) Survivors: 75776.0K->56320.0K Heap: 1524.4M(1868.0M)->460.0M(1868.0M)]
Heap after GC invocations=111 (full 0):
 garbage-first heap   total 1912832K, used 471064K [0x000000008b400000, 0x000000008b503a60, 0x0000000100000000)
  region size 1024K, 55 young (56320K), 55 survivors (56320K)
 Metaspace       used 147125K, capacity 154215K, committed 154544K, reserved 1183744K
  class space    used 19733K, capacity 21067K, committed 21168K, reserved 1048576K
}
 [Times: user=0.23 sys=0.02, real=0.08 secs] 
2020-07-20T09:28:34.421+0000: 1150.357: Total time for which application threads were stopped: 0.0782849 seconds, Stopping threads took: 0.0018839 seconds
{Heap before GC invocations=111 (full 0):
 garbage-first heap   total 1912832K, used 1563672K [0x000000008b400000, 0x000000008b503a60, 0x0000000100000000)
  region size 1024K, 1120 young (1146880K), 55 survivors (56320K)
 Metaspace       used 147134K, capacity 154215K, committed 154544K, reserved 1183744K
  class space    used 19733K, capacity 21067K, committed 21168K, reserved 1048576K
2020-07-20T09:28:38.231+0000: 1154.166: [GC pause (G1 Evacuation Pause) (young)
Desired survivor size 73400320 bytes, new threshold 15 (max 15)
- age   1:   33042840 bytes,   33042840 total
- age   2:   17692256 bytes,   50735096 total
- age   3:     888056 bytes,   51623152 total
- age   4:    1084720 bytes,   52707872 total
- age   5:     773480 bytes,   53481352 total
- age   6:    1125856 bytes,   54607208 total
- age   7:     709728 bytes,   55316936 total
, 0.0631694 secs]
   [Parallel Time: 57.6 ms, GC Workers: 4]
      [GC Worker Start (ms): Min: 1154166.6, Avg: 1154166.7, Max: 1154166.7, Diff: 0.1]
      [Ext Root Scanning (ms): Min: 5.9, Avg: 6.6, Max: 8.6, Diff: 2.7, Sum: 26.4]
      [Update RS (ms): Min: 9.6, Avg: 11.7, Max: 13.4, Diff: 3.8, Sum: 46.7]
         [Processed Buffers: Min: 10, Avg: 28.0, Max: 46, Diff: 36, Sum: 112]
      [Scan RS (ms): Min: 0.3, Avg: 0.4, Max: 0.4, Diff: 0.1, Sum: 1.5]
      [Code Root Scanning (ms): Min: 0.0, Avg: 0.0, Max: 0.0, Diff: 0.0, Sum: 0.1]
      [Object Copy (ms): Min: 37.5, Avg: 38.6, Max: 39.1, Diff: 1.6, Sum: 154.6]
      [Termination (ms): Min: 0.0, Avg: 0.1, Max: 0.1, Diff: 0.1, Sum: 0.3]
         [Termination Attempts: Min: 1, Avg: 1.0, Max: 1, Diff: 0, Sum: 4]
      [GC Worker Other (ms): Min: 0.0, Avg: 0.0, Max: 0.0, Diff: 0.0, Sum: 0.1]
      [GC Worker Total (ms): Min: 57.4, Avg: 57.4, Max: 57.5, Diff: 0.1, Sum: 229.7]
      [GC Worker End (ms): Min: 1154224.1, Avg: 1154224.1, Max: 1154224.1, Diff: 0.1]
   [Code Root Fixup: 0.0 ms]
   [Code Root Purge: 0.0 ms]
   [Clear CT: 0.4 ms]
   [Other: 5.1 ms]
      [Choose CSet: 0.0 ms]
      [Ref Proc: 3.2 ms]
      [Ref Enq: 0.2 ms]
      [Redirty Cards: 0.3 ms]
      [Humongous Register: 0.1 ms]
      [Humongous Reclaim: 0.1 ms]
      [Free CSet: 1.0 ms]
   [Eden: 1065.0M(1065.0M)->0.0B(1080.0M) Survivors: 56320.0K->40960.0K Heap: 1527.0M(1868.0M)->445.0M(1868.0M)]
Heap after GC invocations=112 (full 0):
 garbage-first heap   total 1912832K, used 455704K [0x000000008b400000, 0x000000008b503a60, 0x0000000100000000)
  region size 1024K, 40 young (40960K), 40 survivors (40960K)
 Metaspace       used 147134K, capacity 154215K, committed 154544K, reserved 1183744K
  class space    used 19733K, capacity 21067K, committed 21168K, reserved 1048576K
}
 [Times: user=0.21 sys=0.00, real=0.07 secs] 
2020-07-20T09:28:38.294+0000: 1154.230: Total time for which application threads were stopped: 0.0714188 seconds, Stopping threads took: 0.0067604 seconds
{Heap before GC invocations=112 (full 0):
 garbage-first heap   total 1912832K, used 1563672K [0x000000008b400000, 0x000000008b503a60, 0x0000000100000000)
  region size 1024K, 1120 young (1146880K), 40 survivors (40960K)
 Metaspace       used 147135K, capacity 154215K, committed 154544K, reserved 1183744K
  class space    used 19733K, capacity 21067K, committed 21168K, reserved 1048576K
2020-07-20T09:28:41.354+0000: 1157.289: [GC pause (G1 Evacuation Pause) (young)
Desired survivor size 73400320 bytes, new threshold 15 (max 15)
- age   1:   27603760 bytes,   27603760 total
- age   2:    7080384 bytes,   34684144 total
- age   3:     563368 bytes,   35247512 total
- age   4:     812640 bytes,   36060152 total
- age   5:     996808 bytes,   37056960 total
- age   6:     713400 bytes,   37770360 total
- age   7:    1058344 bytes,   38828704 total
- age   8:     698096 bytes,   39526800 total
, 0.0772391 secs]
   [Parallel Time: 73.2 ms, GC Workers: 4]
      [GC Worker Start (ms): Min: 1157289.7, Avg: 1157289.7, Max: 1157289.8, Diff: 0.1]
      [Ext Root Scanning (ms): Min: 5.2, Avg: 5.3, Max: 5.4, Diff: 0.2, Sum: 21.1]
      [Update RS (ms): Min: 9.5, Avg: 9.5, Max: 9.5, Diff: 0.1, Sum: 38.0]
         [Processed Buffers: Min: 10, Avg: 24.8, Max: 43, Diff: 33, Sum: 99]
      [Scan RS (ms): Min: 0.3, Avg: 0.3, Max: 0.4, Diff: 0.2, Sum: 1.3]
      [Code Root Scanning (ms): Min: 0.0, Avg: 0.0, Max: 0.1, Diff: 0.1, Sum: 0.1]
      [Object Copy (ms): Min: 57.7, Avg: 57.8, Max: 57.8, Diff: 0.1, Sum: 231.2]
      [Termination (ms): Min: 0.0, Avg: 0.0, Max: 0.1, Diff: 0.0, Sum: 0.1]
         [Termination Attempts: Min: 12, Avg: 16.2, Max: 20, Diff: 8, Sum: 65]
      [GC Worker Other (ms): Min: 0.1, Avg: 0.1, Max: 0.1, Diff: 0.0, Sum: 0.4]
      [GC Worker Total (ms): Min: 73.0, Avg: 73.0, Max: 73.1, Diff: 0.1, Sum: 292.2]
      [GC Worker End (ms): Min: 1157362.8, Avg: 1157362.8, Max: 1157362.8, Diff: 0.0]
   [Code Root Fixup: 0.0 ms]
   [Code Root Purge: 0.0 ms]
   [Clear CT: 0.3 ms]
   [Other: 3.6 ms]
      [Choose CSet: 0.0 ms]
      [Ref Proc: 1.8 ms]
      [Ref Enq: 0.1 ms]
      [Redirty Cards: 0.2 ms]
      [Humongous Register: 0.1 ms]
      [Humongous Reclaim: 0.0 ms]
      [Free CSet: 0.9 ms]
   [Eden: 1080.0M(1080.0M)->0.0B(1057.0M) Survivors: 40960.0K->64512.0K Heap: 1527.0M(1868.0M)->469.5M(1868.0M)]
Heap after GC invocations=113 (full 0):
 garbage-first heap   total 1912832K, used 480792K [0x000000008b400000, 0x000000008b503a60, 0x0000000100000000)
  region size 1024K, 63 young (64512K), 63 survivors (64512K)
 Metaspace       used 147135K, capacity 154215K, committed 154544K, reserved 1183744K
  class space    used 19733K, capacity 21067K, committed 21168K, reserved 1048576K
}
 [Times: user=0.26 sys=0.00, real=0.07 secs] 
2020-07-20T09:28:41.431+0000: 1157.367: Total time for which application threads were stopped: 0.0807573 seconds, Stopping threads took: 0.0026511 seconds
{Heap before GC invocations=113 (full 0):
 garbage-first heap   total 1912832K, used 1563160K [0x000000008b400000, 0x000000008b503a60, 0x0000000100000000)
  region size 1024K, 1120 young (1146880K), 63 survivors (64512K)
 Metaspace       used 147137K, capacity 154215K, committed 154544K, reserved 1183744K
  class space    used 19733K, capacity 21067K, committed 21168K, reserved 1048576K
2020-07-20T09:28:45.307+0000: 1161.243: [GC pause (G1 Evacuation Pause) (young)
Desired survivor size 73400320 bytes, new threshold 15 (max 15)
- age   1:   30235536 bytes,   30235536 total
- age   2:   21849504 bytes,   52085040 total
- age   3:    6924864 bytes,   59009904 total
- age   4:     562416 bytes,   59572320 total
- age   5:     809232 bytes,   60381552 total
- age   6:     994080 bytes,   61375632 total
- age   7:     713272 bytes,   62088904 total
- age   8:    1053032 bytes,   63141936 total
- age   9:     695448 bytes,   63837384 total
, 0.0479378 secs]
   [Parallel Time: 43.4 ms, GC Workers: 4]
      [GC Worker Start (ms): Min: 1161243.0, Avg: 1161243.1, Max: 1161243.1, Diff: 0.1]
      [Ext Root Scanning (ms): Min: 4.9, Avg: 5.1, Max: 5.2, Diff: 0.3, Sum: 20.2]
      [Update RS (ms): Min: 8.1, Avg: 8.2, Max: 8.3, Diff: 0.2, Sum: 32.6]
         [Processed Buffers: Min: 17, Avg: 24.5, Max: 34, Diff: 17, Sum: 98]
      [Scan RS (ms): Min: 0.2, Avg: 0.3, Max: 0.4, Diff: 0.2, Sum: 1.3]
      [Code Root Scanning (ms): Min: 0.0, Avg: 0.0, Max: 0.1, Diff: 0.0, Sum: 0.1]
      [Object Copy (ms): Min: 29.5, Avg: 29.6, Max: 29.7, Diff: 0.2, Sum: 118.4]
      [Termination (ms): Min: 0.0, Avg: 0.0, Max: 0.0, Diff: 0.0, Sum: 0.0]
         [Termination Attempts: Min: 1, Avg: 3.0, Max: 4, Diff: 3, Sum: 12]
      [GC Worker Other (ms): Min: 0.0, Avg: 0.1, Max: 0.1, Diff: 0.0, Sum: 0.2]
      [GC Worker Total (ms): Min: 43.2, Avg: 43.2, Max: 43.3, Diff: 0.0, Sum: 173.0]
      [GC Worker End (ms): Min: 1161286.3, Avg: 1161286.3, Max: 1161286.3, Diff: 0.1]
   [Code Root Fixup: 0.0 ms]
   [Code Root Purge: 0.0 ms]
   [Clear CT: 0.4 ms]
   [Other: 4.1 ms]
      [Choose CSet: 0.0 ms]
      [Ref Proc: 2.0 ms]
      [Ref Enq: 0.1 ms]
      [Redirty Cards: 0.2 ms]
      [Humongous Register: 0.1 ms]
      [Humongous Reclaim: 0.0 ms]
      [Free CSet: 1.1 ms]
   [Eden: 1057.0M(1057.0M)->0.0B(1082.0M) Survivors: 64512.0K->38912.0K Heap: 1526.5M(1868.0M)->442.5M(1868.0M)]
Heap after GC invocations=114 (full 0):
 garbage-first heap   total 1912832K, used 453144K [0x000000008b400000, 0x000000008b503a60, 0x0000000100000000)
  region size 1024K, 38 young (38912K), 38 survivors (38912K)
 Metaspace       used 147137K, capacity 154215K, committed 154544K, reserved 1183744K
  class space    used 19733K, capacity 21067K, committed 21168K, reserved 1048576K
}
 [Times: user=0.17 sys=0.00, real=0.05 secs] 
2020-07-20T09:28:45.355+0000: 1161.291: Total time for which application threads were stopped: 0.0489823 seconds, Stopping threads took: 0.0001412 seconds
{Heap before GC invocations=114 (full 0):
 garbage-first heap   total 1912832K, used 1561112K [0x000000008b400000, 0x000000008b503a60, 0x0000000100000000)
  region size 1024K, 1120 young (1146880K), 38 survivors (38912K)
 Metaspace       used 147144K, capacity 154279K, committed 154544K, reserved 1183744K
  class space    used 19733K, capacity 21067K, committed 21168K, reserved 1048576K
2020-07-20T09:28:51.860+0000: 1167.796: [GC pause (G1 Evacuation Pause) (young)
Desired survivor size 73400320 bytes, new threshold 15 (max 15)
- age   1:   16026888 bytes,   16026888 total
- age   2:   12615328 bytes,   28642216 total
- age   3:    3081584 bytes,   31723800 total
- age   4:     496024 bytes,   32219824 total
- age   5:     562264 bytes,   32782088 total
- age   6:     809008 bytes,   33591096 total
- age   7:     993840 bytes,   34584936 total
- age   8:     712760 bytes,   35297696 total
- age   9:    1050152 bytes,   36347848 total
- age  10:     694800 bytes,   37042648 total
, 0.0516599 secs]
   [Parallel Time: 47.4 ms, GC Workers: 4]
      [GC Worker Start (ms): Min: 1167796.1, Avg: 1167796.2, Max: 1167796.2, Diff: 0.1]
      [Ext Root Scanning (ms): Min: 6.1, Avg: 7.0, Max: 9.6, Diff: 3.5, Sum: 28.0]
      [Update RS (ms): Min: 7.0, Avg: 9.2, Max: 10.0, Diff: 3.0, Sum: 36.8]
         [Processed Buffers: Min: 18, Avg: 24.8, Max: 33, Diff: 15, Sum: 99]
      [Scan RS (ms): Min: 0.3, Avg: 0.4, Max: 0.5, Diff: 0.2, Sum: 1.5]
      [Code Root Scanning (ms): Min: 0.0, Avg: 0.0, Max: 0.0, Diff: 0.0, Sum: 0.1]
      [Object Copy (ms): Min: 30.4, Avg: 30.6, Max: 30.8, Diff: 0.3, Sum: 122.6]
      [Termination (ms): Min: 0.0, Avg: 0.0, Max: 0.0, Diff: 0.0, Sum: 0.0]
         [Termination Attempts: Min: 6, Avg: 6.5, Max: 7, Diff: 1, Sum: 26]
      [GC Worker Other (ms): Min: 0.0, Avg: 0.0, Max: 0.1, Diff: 0.0, Sum: 0.2]
      [GC Worker Total (ms): Min: 47.2, Avg: 47.3, Max: 47.3, Diff: 0.1, Sum: 189.1]
      [GC Worker End (ms): Min: 1167843.5, Avg: 1167843.5, Max: 1167843.5, Diff: 0.0]
   [Code Root Fixup: 0.0 ms]
   [Code Root Purge: 0.0 ms]
   [Clear CT: 0.4 ms]
   [Other: 3.8 ms]
      [Choose CSet: 0.0 ms]
      [Ref Proc: 1.7 ms]
      [Ref Enq: 0.2 ms]
      [Redirty Cards: 0.3 ms]
      [Humongous Register: 0.1 ms]
      [Humongous Reclaim: 0.0 ms]
      [Free CSet: 1.0 ms]
   [Eden: 1082.0M(1082.0M)->0.0B(1082.0M) Survivors: 38912.0K->38912.0K Heap: 1524.5M(1868.0M)->442.5M(1868.0M)]
Heap after GC invocations=115 (full 0):
 garbage-first heap   total 1912832K, used 453144K [0x000000008b400000, 0x000000008b503a60, 0x0000000100000000)
  region size 1024K, 38 young (38912K), 38 survivors (38912K)
 Metaspace       used 147144K, capacity 154279K, committed 154544K, reserved 1183744K
  class space    used 19733K, capacity 21067K, committed 21168K, reserved 1048576K
}
 [Times: user=0.16 sys=0.00, real=0.05 secs] 
2020-07-20T09:28:51.912+0000: 1167.848: Total time for which application threads were stopped: 0.0539371 seconds, Stopping threads took: 0.0005717 seconds
{Heap before GC invocations=115 (full 0):
 garbage-first heap   total 1912832K, used 1563160K [0x000000008b400000, 0x000000008b503a60, 0x0000000100000000)
  region size 1024K, 1120 young (1146880K), 38 survivors (38912K)
 Metaspace       used 147152K, capacity 154291K, committed 154544K, reserved 1183744K
  class space    used 19733K, capacity 21067K, committed 21168K, reserved 1048576K
2020-07-20T09:29:01.530+0000: 1177.466: [GC pause (G1 Evacuation Pause) (young)
Desired survivor size 73400320 bytes, new threshold 15 (max 15)
- age   1:    6613992 bytes,    6613992 total
- age   2:    9396888 bytes,   16010880 total
- age   3:   11822240 bytes,   27833120 total
- age   4:    2547312 bytes,   30380432 total
- age   5:     493624 bytes,   30874056 total
- age   6:     556080 bytes,   31430136 total
- age   7:     800152 bytes,   32230288 total
- age   8:     991272 bytes,   33221560 total
- age   9:     711232 bytes,   33932792 total
- age  10:    1048760 bytes,   34981552 total
- age  11:     694752 bytes,   35676304 total
, 0.0777350 secs]
   [Parallel Time: 73.2 ms, GC Workers: 4]
      [GC Worker Start (ms): Min: 1177466.2, Avg: 1177466.3, Max: 1177466.3, Diff: 0.1]
      [Ext Root Scanning (ms): Min: 5.1, Avg: 5.2, Max: 5.4, Diff: 0.3, Sum: 20.9]
      [Update RS (ms): Min: 9.0, Avg: 9.1, Max: 9.1, Diff: 0.1, Sum: 36.3]
         [Processed Buffers: Min: 19, Avg: 26.5, Max: 33, Diff: 14, Sum: 106]
      [Scan RS (ms): Min: 0.3, Avg: 0.4, Max: 0.4, Diff: 0.1, Sum: 1.5]
      [Code Root Scanning (ms): Min: 0.0, Avg: 0.0, Max: 0.0, Diff: 0.0, Sum: 0.1]
      [Object Copy (ms): Min: 58.1, Avg: 58.2, Max: 58.3, Diff: 0.2, Sum: 233.0]
      [Termination (ms): Min: 0.0, Avg: 0.1, Max: 0.1, Diff: 0.1, Sum: 0.4]
         [Termination Attempts: Min: 13, Avg: 17.0, Max: 20, Diff: 7, Sum: 68]
      [GC Worker Other (ms): Min: 0.0, Avg: 0.0, Max: 0.0, Diff: 0.0, Sum: 0.1]
      [GC Worker Total (ms): Min: 73.0, Avg: 73.1, Max: 73.1, Diff: 0.1, Sum: 292.2]
      [GC Worker End (ms): Min: 1177539.3, Avg: 1177539.3, Max: 1177539.4, Diff: 0.0]
   [Code Root Fixup: 0.0 ms]
   [Code Root Purge: 0.0 ms]
   [Clear CT: 0.4 ms]
   [Other: 4.1 ms]
      [Choose CSet: 0.0 ms]
      [Ref Proc: 2.1 ms]
      [Ref Enq: 0.1 ms]
      [Redirty Cards: 0.2 ms]
      [Humongous Register: 0.2 ms]
      [Humongous Reclaim: 0.1 ms]
      [Free CSet: 0.9 ms]
   [Eden: 1082.0M(1082.0M)->0.0B(1059.0M) Survivors: 38912.0K->62464.0K Heap: 1526.5M(1868.0M)->465.5M(1868.0M)]
Heap after GC invocations=116 (full 0):
 garbage-first heap   total 1912832K, used 476696K [0x000000008b400000, 0x000000008b503a60, 0x0000000100000000)
  region size 1024K, 61 young (62464K), 61 survivors (62464K)
 Metaspace       used 147152K, capacity 154291K, committed 154544K, reserved 1183744K
  class space    used 19733K, capacity 21067K, committed 21168K, reserved 1048576K
}
 [Times: user=0.26 sys=0.00, real=0.08 secs] 
2020-07-20T09:29:01.608+0000: 1177.544: Total time for which application threads were stopped: 0.0839005 seconds, Stopping threads took: 0.0048847 seconds
{Heap before GC invocations=116 (full 0):
 garbage-first heap   total 1912832K, used 1563160K [0x000000008b400000, 0x000000008b503a60, 0x0000000100000000)
  region size 1024K, 1120 young (1146880K), 61 survivors (62464K)
 Metaspace       used 147155K, capacity 154291K, committed 154544K, reserved 1183744K
  class space    used 19733K, capacity 21067K, committed 21168K, reserved 1048576K
2020-07-20T09:29:05.152+0000: 1181.087: [GC pause (G1 Evacuation Pause) (young)
Desired survivor size 73400320 bytes, new threshold 15 (max 15)
- age   1:   32806664 bytes,   32806664 total
- age   2:     818424 bytes,   33625088 total
- age   3:    8542520 bytes,   42167608 total
- age   4:   11735248 bytes,   53902856 total
- age   5:    2363864 bytes,   56266720 total
- age   6:     294464 bytes,   56561184 total
- age   7:     376824 bytes,   56938008 total
- age   8:     541344 bytes,   57479352 total
- age   9:     857592 bytes,   58336944 total
- age  10:     556192 bytes,   58893136 total
- age  11:     853808 bytes,   59746944 total
- age  12:     479576 bytes,   60226520 total
, 0.0714666 secs]
   [Parallel Time: 66.7 ms, GC Workers: 4]
      [GC Worker Start (ms): Min: 1181088.0, Avg: 1181088.0, Max: 1181088.1, Diff: 0.1]
      [Ext Root Scanning (ms): Min: 9.4, Avg: 9.7, Max: 9.9, Diff: 0.4, Sum: 38.6]
      [Update RS (ms): Min: 8.6, Avg: 8.6, Max: 8.7, Diff: 0.1, Sum: 34.4]
         [Processed Buffers: Min: 6, Avg: 24.5, Max: 32, Diff: 26, Sum: 98]
      [Scan RS (ms): Min: 0.1, Avg: 0.3, Max: 0.4, Diff: 0.2, Sum: 1.1]
      [Code Root Scanning (ms): Min: 0.0, Avg: 0.0, Max: 0.0, Diff: 0.0, Sum: 0.1]
      [Object Copy (ms): Min: 47.7, Avg: 47.9, Max: 48.1, Diff: 0.4, Sum: 191.5]
      [Termination (ms): Min: 0.0, Avg: 0.0, Max: 0.1, Diff: 0.1, Sum: 0.1]
         [Termination Attempts: Min: 5, Avg: 10.0, Max: 22, Diff: 17, Sum: 40]
      [GC Worker Other (ms): Min: 0.0, Avg: 0.0, Max: 0.1, Diff: 0.1, Sum: 0.2]
      [GC Worker Total (ms): Min: 66.5, Avg: 66.5, Max: 66.6, Diff: 0.1, Sum: 266.1]
      [GC Worker End (ms): Min: 1181154.5, Avg: 1181154.5, Max: 1181154.6, Diff: 0.0]
   [Code Root Fixup: 0.0 ms]
   [Code Root Purge: 0.0 ms]
   [Clear CT: 0.4 ms]
   [Other: 4.3 ms]
      [Choose CSet: 0.0 ms]
      [Ref Proc: 2.2 ms]
      [Ref Enq: 0.1 ms]
      [Redirty Cards: 0.2 ms]
      [Humongous Register: 0.2 ms]
      [Humongous Reclaim: 0.1 ms]
      [Free CSet: 1.0 ms]
   [Eden: 1059.0M(1059.0M)->0.0B(1066.0M) Survivors: 62464.0K->55296.0K Heap: 1526.5M(1868.0M)->459.0M(1868.0M)]
Heap after GC invocations=117 (full 0):
 garbage-first heap   total 1912832K, used 470040K [0x000000008b400000, 0x000000008b503a60, 0x0000000100000000)
  region size 1024K, 54 young (55296K), 54 survivors (55296K)
 Metaspace       used 147155K, capacity 154291K, committed 154544K, reserved 1183744K
  class space    used 19733K, capacity 21067K, committed 21168K, reserved 1048576K
}
 [Times: user=0.23 sys=0.00, real=0.08 secs] 
2020-07-20T09:29:05.223+0000: 1181.159: Total time for which application threads were stopped: 0.0783514 seconds, Stopping threads took: 0.0039266 seconds
{Heap before GC invocations=117 (full 0):
 garbage-first heap   total 1912832K, used 1561624K [0x000000008b400000, 0x000000008b503a60, 0x0000000100000000)
  region size 1024K, 1120 young (1146880K), 54 survivors (55296K)
 Metaspace       used 147160K, capacity 154291K, committed 154544K, reserved 1183744K
  class space    used 19733K, capacity 21067K, committed 21168K, reserved 1048576K
2020-07-20T09:29:09.253+0000: 1185.189: [GC pause (G1 Evacuation Pause) (young)
Desired survivor size 73400320 bytes, new threshold 15 (max 15)
- age   1:   35808240 bytes,   35808240 total
- age   2:    9968984 bytes,   45777224 total
- age   3:     818264 bytes,   46595488 total
- age   4:     461944 bytes,   47057432 total
- age   5:     849528 bytes,   47906960 total
- age   6:    2356240 bytes,   50263200 total
- age   7:     293672 bytes,   50556872 total
- age   8:     376600 bytes,   50933472 total
- age   9:     541200 bytes,   51474672 total
- age  10:     856640 bytes,   52331312 total
- age  11:     553944 bytes,   52885256 total
- age  12:     851808 bytes,   53737064 total
- age  13:     479480 bytes,   54216544 total
, 0.0601876 secs]
   [Parallel Time: 55.8 ms, GC Workers: 4]
      [GC Worker Start (ms): Min: 1185189.8, Avg: 1185189.8, Max: 1185189.9, Diff: 0.1]
      [Ext Root Scanning (ms): Min: 5.0, Avg: 5.1, Max: 5.2, Diff: 0.2, Sum: 20.3]
      [Update RS (ms): Min: 8.8, Avg: 8.8, Max: 8.9, Diff: 0.1, Sum: 35.3]
         [Processed Buffers: Min: 18, Avg: 26.2, Max: 32, Diff: 14, Sum: 105]
      [Scan RS (ms): Min: 0.2, Avg: 0.3, Max: 0.3, Diff: 0.0, Sum: 1.0]
      [Code Root Scanning (ms): Min: 0.0, Avg: 0.0, Max: 0.0, Diff: 0.0, Sum: 0.1]
      [Object Copy (ms): Min: 41.2, Avg: 41.3, Max: 41.4, Diff: 0.2, Sum: 165.2]
      [Termination (ms): Min: 0.0, Avg: 0.1, Max: 0.1, Diff: 0.1, Sum: 0.2]
         [Termination Attempts: Min: 12, Avg: 15.5, Max: 19, Diff: 7, Sum: 62]
      [GC Worker Other (ms): Min: 0.0, Avg: 0.1, Max: 0.1, Diff: 0.1, Sum: 0.3]
      [GC Worker Total (ms): Min: 55.6, Avg: 55.6, Max: 55.7, Diff: 0.1, Sum: 222.5]
      [GC Worker End (ms): Min: 1185245.4, Avg: 1185245.5, Max: 1185245.5, Diff: 0.1]
   [Code Root Fixup: 0.0 ms]
   [Code Root Purge: 0.0 ms]
   [Clear CT: 0.3 ms]
   [Other: 3.9 ms]
      [Choose CSet: 0.0 ms]
      [Ref Proc: 1.9 ms]
      [Ref Enq: 0.1 ms]
      [Redirty Cards: 0.3 ms]
      [Humongous Register: 0.1 ms]
      [Humongous Reclaim: 0.0 ms]
      [Free CSet: 1.0 ms]
   [Eden: 1066.0M(1066.0M)->0.0B(1073.0M) Survivors: 55296.0K->48128.0K Heap: 1525.0M(1868.0M)->450.0M(1868.0M)]
Heap after GC invocations=118 (full 0):
 garbage-first heap   total 1912832K, used 460824K [0x000000008b400000, 0x000000008b503a60, 0x0000000100000000)
  region size 1024K, 47 young (48128K), 47 survivors (48128K)
 Metaspace       used 147160K, capacity 154291K, committed 154544K, reserved 1183744K
  class space    used 19733K, capacity 21067K, committed 21168K, reserved 1048576K
}
 [Times: user=0.20 sys=0.00, real=0.06 secs] 
2020-07-20T09:29:09.314+0000: 1185.250: Total time for which application threads were stopped: 0.0638773 seconds, Stopping threads took: 0.0027324 seconds
{Heap before GC invocations=118 (full 0):
 garbage-first heap   total 1912832K, used 1563672K [0x000000008b400000, 0x000000008b503a60, 0x0000000100000000)
  region size 1024K, 1120 young (1146880K), 47 survivors (48128K)
 Metaspace       used 147164K, capacity 154291K, committed 154544K, reserved 1183744K
  class space    used 19733K, capacity 21067K, committed 21168K, reserved 1048576K
2020-07-20T09:29:12.641+0000: 1188.577: [GC pause (G1 Evacuation Pause) (young)
Desired survivor size 73400320 bytes, new threshold 15 (max 15)
- age   1:   36077016 bytes,   36077016 total
- age   2:    2445256 bytes,   38522272 total
- age   3:    1088392 bytes,   39610664 total
- age   4:     806824 bytes,   40417488 total
- age   5:     460640 bytes,   40878128 total
- age   6:     846464 bytes,   41724592 total
- age   7:     860800 bytes,   42585392 total
- age   8:     293640 bytes,   42879032 total
- age   9:     376472 bytes,   43255504 total
- age  10:     541136 bytes,   43796640 total
- age  11:     854616 bytes,   44651256 total
- age  12:     553816 bytes,   45205072 total
- age  13:     851776 bytes,   46056848 total
- age  14:     479320 bytes,   46536168 total
, 0.0490851 secs]
   [Parallel Time: 43.3 ms, GC Workers: 4]
      [GC Worker Start (ms): Min: 1188577.6, Avg: 1188577.7, Max: 1188577.7, Diff: 0.1]
      [Ext Root Scanning (ms): Min: 4.8, Avg: 5.0, Max: 5.1, Diff: 0.3, Sum: 19.9]
      [Update RS (ms): Min: 8.3, Avg: 8.5, Max: 9.2, Diff: 0.9, Sum: 34.0]
         [Processed Buffers: Min: 7, Avg: 24.0, Max: 48, Diff: 41, Sum: 96]
      [Scan RS (ms): Min: 0.3, Avg: 0.3, Max: 0.3, Diff: 0.0, Sum: 1.2]
      [Code Root Scanning (ms): Min: 0.0, Avg: 0.0, Max: 0.0, Diff: 0.0, Sum: 0.1]
      [Object Copy (ms): Min: 28.3, Avg: 29.0, Max: 29.3, Diff: 1.0, Sum: 116.0]
      [Termination (ms): Min: 0.0, Avg: 0.0, Max: 0.0, Diff: 0.0, Sum: 0.0]
         [Termination Attempts: Min: 1, Avg: 3.0, Max: 5, Diff: 4, Sum: 12]
      [GC Worker Other (ms): Min: 0.1, Avg: 0.2, Max: 0.3, Diff: 0.2, Sum: 0.7]
      [GC Worker Total (ms): Min: 42.9, Avg: 43.0, Max: 43.1, Diff: 0.2, Sum: 171.9]
      [GC Worker End (ms): Min: 1188620.6, Avg: 1188620.6, Max: 1188620.7, Diff: 0.1]
   [Code Root Fixup: 0.0 ms]
   [Code Root Purge: 0.0 ms]
   [Clear CT: 0.6 ms]
   [Other: 5.1 ms]
      [Choose CSet: 0.0 ms]
      [Ref Proc: 3.1 ms]
      [Ref Enq: 0.3 ms]
      [Redirty Cards: 0.2 ms]
      [Humongous Register: 0.1 ms]
      [Humongous Reclaim: 0.0 ms]
      [Free CSet: 0.9 ms]
   [Eden: 1073.0M(1073.0M)->0.0B(1083.0M) Survivors: 48128.0K->37888.0K Heap: 1527.0M(1868.0M)->441.5M(1868.0M)]
Heap after GC invocations=119 (full 0):
 garbage-first heap   total 1912832K, used 452120K [0x000000008b400000, 0x000000008b503a60, 0x0000000100000000)
  region size 1024K, 37 young (37888K), 37 survivors (37888K)
 Metaspace       used 147164K, capacity 154291K, committed 154544K, reserved 1183744K
  class space    used 19733K, capacity 21067K, committed 21168K, reserved 1048576K
}
 [Times: user=0.15 sys=0.00, real=0.04 secs] 
2020-07-20T09:29:12.691+0000: 1188.627: Total time for which application threads were stopped: 0.0526889 seconds, Stopping threads took: 0.0027249 seconds
{Heap before GC invocations=119 (full 0):
 garbage-first heap   total 1912832K, used 1563160K [0x000000008b400000, 0x000000008b503a60, 0x0000000100000000)
  region size 1024K, 1120 young (1146880K), 37 survivors (37888K)
 Metaspace       used 147164K, capacity 154291K, committed 154544K, reserved 1183744K
  class space    used 19733K, capacity 21067K, committed 21168K, reserved 1048576K
2020-07-20T09:29:15.906+0000: 1191.841: [GC pause (G1 Evacuation Pause) (young)
Desired survivor size 73400320 bytes, new threshold 15 (max 15)
- age   1:   26454008 bytes,   26454008 total
- age   2:    1999064 bytes,   28453072 total
- age   3:     309968 bytes,   28763040 total
- age   4:     386640 bytes,   29149680 total
- age   5:     749488 bytes,   29899168 total
- age   6:     431256 bytes,   30330424 total
- age   7:     841040 bytes,   31171464 total
- age   8:     842616 bytes,   32014080 total
- age   9:     262920 bytes,   32277000 total
- age  10:     263960 bytes,   32540960 total
- age  11:     511264 bytes,   33052224 total
- age  12:     836624 bytes,   33888848 total
- age  13:     532344 bytes,   34421192 total
- age  14:     832416 bytes,   35253608 total
- age  15:     462688 bytes,   35716296 total
, 0.0744063 secs]
   [Parallel Time: 70.0 ms, GC Workers: 4]
      [GC Worker Start (ms): Min: 1191841.6, Avg: 1191841.7, Max: 1191841.7, Diff: 0.1]
      [Ext Root Scanning (ms): Min: 5.1, Avg: 5.2, Max: 5.3, Diff: 0.3, Sum: 20.7]
      [Update RS (ms): Min: 9.1, Avg: 9.3, Max: 9.8, Diff: 0.7, Sum: 37.3]
         [Processed Buffers: Min: 6, Avg: 23.8, Max: 41, Diff: 35, Sum: 95]
      [Scan RS (ms): Min: 0.3, Avg: 0.3, Max: 0.4, Diff: 0.1, Sum: 1.3]
      [Code Root Scanning (ms): Min: 0.0, Avg: 0.0, Max: 0.1, Diff: 0.1, Sum: 0.1]
      [Object Copy (ms): Min: 54.6, Avg: 54.9, Max: 55.0, Diff: 0.5, Sum: 219.4]
      [Termination (ms): Min: 0.0, Avg: 0.0, Max: 0.0, Diff: 0.0, Sum: 0.0]
         [Termination Attempts: Min: 1, Avg: 7.8, Max: 14, Diff: 13, Sum: 31]
      [GC Worker Other (ms): Min: 0.0, Avg: 0.1, Max: 0.1, Diff: 0.1, Sum: 0.2]
      [GC Worker Total (ms): Min: 69.7, Avg: 69.8, Max: 69.9, Diff: 0.2, Sum: 279.1]
      [GC Worker End (ms): Min: 1191911.4, Avg: 1191911.5, Max: 1191911.5, Diff: 0.1]
   [Code Root Fixup: 0.0 ms]
   [Code Root Purge: 0.0 ms]
   [Clear CT: 0.3 ms]
   [Other: 4.0 ms]
      [Choose CSet: 0.0 ms]
      [Ref Proc: 2.3 ms]
      [Ref Enq: 0.1 ms]
      [Redirty Cards: 0.2 ms]
      [Humongous Register: 0.1 ms]
      [Humongous Reclaim: 0.0 ms]
      [Free CSet: 0.9 ms]
   [Eden: 1083.0M(1083.0M)->0.0B(1059.0M) Survivors: 37888.0K->62464.0K Heap: 1526.5M(1868.0M)->468.5M(1868.0M)]
Heap after GC invocations=120 (full 0):
 garbage-first heap   total 1912832K, used 479715K [0x000000008b400000, 0x000000008b503a60, 0x0000000100000000)
  region size 1024K, 61 young (62464K), 61 survivors (62464K)
 Metaspace       used 147164K, capacity 154291K, committed 154544K, reserved 1183744K
  class space    used 19733K, capacity 21067K, committed 21168K, reserved 1048576K
}
 [Times: user=0.25 sys=0.00, real=0.07 secs] 
2020-07-20T09:29:15.980+0000: 1191.916: Total time for which application threads were stopped: 0.0767461 seconds, Stopping threads took: 0.0014000 seconds
{Heap before GC invocations=120 (full 0):
 garbage-first heap   total 1912832K, used 1564131K [0x000000008b400000, 0x000000008b503a60, 0x0000000100000000)
  region size 1024K, 1120 young (1146880K), 61 survivors (62464K)
 Metaspace       used 147167K, capacity 154291K, committed 154544K, reserved 1183744K
  class space    used 19733K, capacity 21067K, committed 21168K, reserved 1048576K
2020-07-20T09:29:19.622+0000: 1195.558: [GC pause (G1 Evacuation Pause) (young)
Desired survivor size 73400320 bytes, new threshold 15 (max 15)
- age   1:   32429872 bytes,   32429872 total
- age   2:   20449192 bytes,   52879064 total
- age   3:    1809088 bytes,   54688152 total
- age   4:     309768 bytes,   54997920 total
- age   5:     350056 bytes,   55347976 total
- age   6:     737160 bytes,   56085136 total
- age   7:     429768 bytes,   56514904 total
- age   8:     838248 bytes,   57353152 total
- age   9:     841224 bytes,   58194376 total
- age  10:     254952 bytes,   58449328 total
- age  11:     257120 bytes,   58706448 total
- age  12:     508544 bytes,   59214992 total
- age  13:     835184 bytes,   60050176 total
- age  14:     532200 bytes,   60582376 total
- age  15:     822536 bytes,   61404912 total
, 0.0680476 secs]
   [Parallel Time: 63.6 ms, GC Workers: 4]
      [GC Worker Start (ms): Min: 1195558.6, Avg: 1195561.1, Max: 1195568.6, Diff: 10.0]
      [Ext Root Scanning (ms): Min: 0.0, Avg: 6.1, Max: 9.3, Diff: 9.3, Sum: 24.2]
      [Update RS (ms): Min: 8.8, Avg: 10.3, Max: 10.9, Diff: 2.1, Sum: 41.3]
         [Processed Buffers: Min: 5, Avg: 23.8, Max: 36, Diff: 31, Sum: 95]
      [Scan RS (ms): Min: 0.2, Avg: 0.3, Max: 0.4, Diff: 0.2, Sum: 1.2]
      [Code Root Scanning (ms): Min: 0.0, Avg: 0.0, Max: 0.1, Diff: 0.1, Sum: 0.1]
      [Object Copy (ms): Min: 43.1, Avg: 44.1, Max: 44.7, Diff: 1.5, Sum: 176.4]
      [Termination (ms): Min: 0.0, Avg: 0.0, Max: 0.1, Diff: 0.1, Sum: 0.1]
         [Termination Attempts: Min: 1, Avg: 1.2, Max: 2, Diff: 1, Sum: 5]
      [GC Worker Other (ms): Min: 0.0, Avg: 0.0, Max: 0.0, Diff: 0.0, Sum: 0.2]
      [GC Worker Total (ms): Min: 53.4, Avg: 60.9, Max: 63.4, Diff: 10.0, Sum: 243.5]
      [GC Worker End (ms): Min: 1195621.9, Avg: 1195621.9, Max: 1195622.0, Diff: 0.0]
   [Code Root Fixup: 0.0 ms]
   [Code Root Purge: 0.0 ms]
   [Clear CT: 0.4 ms]
   [Other: 4.0 ms]
      [Choose CSet: 0.0 ms]
      [Ref Proc: 2.2 ms]
      [Ref Enq: 0.1 ms]
      [Redirty Cards: 0.3 ms]
      [Humongous Register: 0.1 ms]
      [Humongous Reclaim: 0.1 ms]
      [Free CSet: 1.0 ms]
   [Eden: 1059.0M(1059.0M)->0.0B(1074.0M) Survivors: 62464.0K->47104.0K Heap: 1527.5M(1868.0M)->451.9M(1868.0M)]
Heap after GC invocations=121 (full 0):
 garbage-first heap   total 1912832K, used 462710K [0x000000008b400000, 0x000000008b503a60, 0x0000000100000000)
  region size 1024K, 46 young (47104K), 46 survivors (47104K)
 Metaspace       used 147167K, capacity 154291K, committed 154544K, reserved 1183744K
  class space    used 19733K, capacity 21067K, committed 21168K, reserved 1048576K
}
 [Times: user=0.22 sys=0.00, real=0.06 secs] 
2020-07-20T09:29:19.691+0000: 1195.627: Total time for which application threads were stopped: 0.0735617 seconds, Stopping threads took: 0.0037223 seconds
{Heap before GC invocations=121 (full 0):
 garbage-first heap   total 1912832K, used 1564534K [0x000000008b400000, 0x000000008b503a60, 0x0000000100000000)
  region size 1024K, 1120 young (1146880K), 46 survivors (47104K)
 Metaspace       used 147168K, capacity 154291K, committed 154544K, reserved 1183744K
  class space    used 19733K, capacity 21067K, committed 21168K, reserved 1048576K
2020-07-20T09:29:22.971+0000: 1198.907: [GC pause (G1 Evacuation Pause) (young)
Desired survivor size 73400320 bytes, new threshold 15 (max 15)
- age   1:   30290344 bytes,   30290344 total
- age   2:    6515312 bytes,   36805656 total
- age   3:     739632 bytes,   37545288 total
- age   4:    1802592 bytes,   39347880 total
- age   5:     309544 bytes,   39657424 total
- age   6:     343600 bytes,   40001024 total
- age   7:     736360 bytes,   40737384 total
- age   8:     429768 bytes,   41167152 total
- age   9:     838152 bytes,   42005304 total
- age  10:     841096 bytes,   42846400 total
- age  11:     253320 bytes,   43099720 total
- age  12:     256960 bytes,   43356680 total
- age  13:     507120 bytes,   43863800 total
- age  14:     834384 bytes,   44698184 total
- age  15:     529520 bytes,   45227704 total
, 0.0559141 secs]
   [Parallel Time: 51.7 ms, GC Workers: 4]
      [GC Worker Start (ms): Min: 1198906.9, Avg: 1198906.9, Max: 1198906.9, Diff: 0.0]
      [Ext Root Scanning (ms): Min: 4.9, Avg: 5.1, Max: 5.2, Diff: 0.3, Sum: 20.2]
      [Update RS (ms): Min: 14.0, Avg: 14.1, Max: 14.2, Diff: 0.2, Sum: 56.3]
         [Processed Buffers: Min: 11, Avg: 25.0, Max: 46, Diff: 35, Sum: 100]
      [Scan RS (ms): Min: 0.3, Avg: 0.3, Max: 0.4, Diff: 0.1, Sum: 1.3]
      [Code Root Scanning (ms): Min: 0.0, Avg: 0.0, Max: 0.1, Diff: 0.1, Sum: 0.1]
      [Object Copy (ms): Min: 31.8, Avg: 32.0, Max: 32.1, Diff: 0.3, Sum: 127.9]
      [Termination (ms): Min: 0.0, Avg: 0.0, Max: 0.0, Diff: 0.0, Sum: 0.0]
         [Termination Attempts: Min: 1, Avg: 2.0, Max: 4, Diff: 3, Sum: 8]
      [GC Worker Other (ms): Min: 0.0, Avg: 0.1, Max: 0.1, Diff: 0.1, Sum: 0.3]
      [GC Worker Total (ms): Min: 51.5, Avg: 51.5, Max: 51.6, Diff: 0.1, Sum: 206.2]
      [GC Worker End (ms): Min: 1198958.4, Avg: 1198958.4, Max: 1198958.5, Diff: 0.1]
   [Code Root Fixup: 0.0 ms]
   [Code Root Purge: 0.0 ms]
   [Clear CT: 0.4 ms]
   [Other: 3.7 ms]
      [Choose CSet: 0.0 ms]
      [Ref Proc: 1.8 ms]
      [Ref Enq: 0.2 ms]
      [Redirty Cards: 0.3 ms]
      [Humongous Register: 0.1 ms]
      [Humongous Reclaim: 0.1 ms]
      [Free CSet: 0.9 ms]
   [Eden: 1074.0M(1074.0M)->0.0B(1086.0M) Survivors: 47104.0K->34816.0K Heap: 1527.9M(1868.0M)->441.3M(1868.0M)]
Heap after GC invocations=122 (full 0):
 garbage-first heap   total 1912832K, used 451900K [0x000000008b400000, 0x000000008b503a60, 0x0000000100000000)
  region size 1024K, 34 young (34816K), 34 survivors (34816K)
 Metaspace       used 147168K, capacity 154291K, committed 154544K, reserved 1183744K
  class space    used 19733K, capacity 21067K, committed 21168K, reserved 1048576K
}
 [Times: user=0.18 sys=0.01, real=0.06 secs] 
2020-07-20T09:29:23.027+0000: 1198.963: Total time for which application threads were stopped: 0.0569537 seconds, Stopping threads took: 0.0002452 seconds
{Heap before GC invocations=122 (full 0):
 garbage-first heap   total 1912832K, used 1566012K [0x000000008b400000, 0x000000008b503a60, 0x0000000100000000)
  region size 1024K, 1120 young (1146880K), 34 survivors (34816K)
 Metaspace       used 147173K, capacity 154291K, committed 154544K, reserved 1183744K
  class space    used 19733K, capacity 21067K, committed 21168K, reserved 1048576K
2020-07-20T09:29:26.795+0000: 1202.731: [GC pause (G1 Evacuation Pause) (young)
Desired survivor size 73400320 bytes, new threshold 15 (max 15)
- age   1:   22361816 bytes,   22361816 total
- age   2:    1387288 bytes,   23749104 total
- age   3:    1373368 bytes,   25122472 total
- age   4:     739168 bytes,   25861640 total
- age   5:    1802400 bytes,   27664040 total
- age   6:     309384 bytes,   27973424 total
- age   7:     340424 bytes,   28313848 total
- age   8:     732384 bytes,   29046232 total
- age   9:     429576 bytes,   29475808 total
- age  10:     838120 bytes,   30313928 total
- age  11:     830120 bytes,   31144048 total
- age  12:     247160 bytes,   31391208 total
- age  13:     256904 bytes,   31648112 total
- age  14:     506000 bytes,   32154112 total
- age  15:     833832 bytes,   32987944 total
, 0.0774678 secs]
   [Parallel Time: 73.1 ms, GC Workers: 4]
      [GC Worker Start (ms): Min: 1202731.2, Avg: 1202731.2, Max: 1202731.3, Diff: 0.1]
      [Ext Root Scanning (ms): Min: 5.0, Avg: 5.1, Max: 5.2, Diff: 0.3, Sum: 20.3]
      [Update RS (ms): Min: 8.0, Avg: 8.0, Max: 8.1, Diff: 0.1, Sum: 32.0]
         [Processed Buffers: Min: 15, Avg: 25.8, Max: 38, Diff: 23, Sum: 103]
      [Scan RS (ms): Min: 0.3, Avg: 0.4, Max: 0.6, Diff: 0.3, Sum: 1.6]
      [Code Root Scanning (ms): Min: 0.0, Avg: 0.0, Max: 0.0, Diff: 0.0, Sum: 0.1]
      [Object Copy (ms): Min: 58.8, Avg: 59.2, Max: 59.3, Diff: 0.5, Sum: 236.7]
      [Termination (ms): Min: 0.0, Avg: 0.1, Max: 0.1, Diff: 0.1, Sum: 0.3]
         [Termination Attempts: Min: 1, Avg: 1.8, Max: 3, Diff: 2, Sum: 7]
      [GC Worker Other (ms): Min: 0.0, Avg: 0.0, Max: 0.0, Diff: 0.0, Sum: 0.1]
      [GC Worker Total (ms): Min: 72.8, Avg: 72.8, Max: 72.9, Diff: 0.1, Sum: 291.2]
      [GC Worker End (ms): Min: 1202803.9, Avg: 1202804.0, Max: 1202804.0, Diff: 0.1]
   [Code Root Fixup: 0.0 ms]
   [Code Root Purge: 0.0 ms]
   [Clear CT: 0.3 ms]
   [Other: 4.0 ms]
      [Choose CSet: 0.0 ms]
      [Ref Proc: 2.1 ms]
      [Ref Enq: 0.1 ms]
      [Redirty Cards: 0.2 ms]
      [Humongous Register: 0.1 ms]
      [Humongous Reclaim: 0.0 ms]
      [Free CSet: 0.9 ms]
   [Eden: 1086.0M(1086.0M)->0.0B(1056.0M) Survivors: 34816.0K->65536.0K Heap: 1529.3M(1868.0M)->471.8M(1868.0M)]
Heap after GC invocations=123 (full 0):
 garbage-first heap   total 1912832K, used 483153K [0x000000008b400000, 0x000000008b503a60, 0x0000000100000000)
  region size 1024K, 64 young (65536K), 64 survivors (65536K)
 Metaspace       used 147173K, capacity 154291K, committed 154544K, reserved 1183744K
  class space    used 19733K, capacity 21067K, committed 21168K, reserved 1048576K
}
 [Times: user=0.27 sys=0.00, real=0.07 secs] 
2020-07-20T09:29:26.873+0000: 1202.808: Total time for which application threads were stopped: 0.0786258 seconds, Stopping threads took: 0.0001851 seconds
{Heap before GC invocations=123 (full 0):
 garbage-first heap   total 1912832K, used 1566545K [0x000000008b400000, 0x000000008b503a60, 0x0000000100000000)
  region size 1024K, 1120 young (1146880K), 64 survivors (65536K)
 Metaspace       used 147178K, capacity 154295K, committed 154544K, reserved 1183744K
  class space    used 19733K, capacity 21067K, committed 21168K, reserved 1048576K
2020-07-20T09:29:30.509+0000: 1206.444: [GC pause (G1 Evacuation Pause) (young)
Desired survivor size 73400320 bytes, new threshold 15 (max 15)
- age   1:   39907072 bytes,   39907072 total
- age   2:   16920600 bytes,   56827672 total
- age   3:     243096 bytes,   57070768 total
- age   4:     224192 bytes,   57294960 total
- age   5:     188440 bytes,   57483400 total
- age   6:    1801240 bytes,   59284640 total
- age   7:     308312 bytes,   59592952 total
- age   8:     329504 bytes,   59922456 total
- age   9:     728256 bytes,   60650712 total
- age  10:     427632 bytes,   61078344 total
- age  11:     834224 bytes,   61912568 total
- age  12:     828024 bytes,   62740592 total
- age  13:     246920 bytes,   62987512 total
- age  14:     256256 bytes,   63243768 total
- age  15:     502376 bytes,   63746144 total
, 0.0807248 secs]
   [Parallel Time: 74.6 ms, GC Workers: 4]
      [GC Worker Start (ms): Min: 1206444.7, Avg: 1206444.9, Max: 1206445.2, Diff: 0.4]
      [Ext Root Scanning (ms): Min: 4.8, Avg: 5.1, Max: 5.4, Diff: 0.6, Sum: 20.5]
      [Update RS (ms): Min: 8.8, Avg: 8.8, Max: 8.8, Diff: 0.0, Sum: 35.3]
         [Processed Buffers: Min: 20, Avg: 25.0, Max: 32, Diff: 12, Sum: 100]
      [Scan RS (ms): Min: 0.3, Avg: 0.3, Max: 0.4, Diff: 0.1, Sum: 1.4]
      [Code Root Scanning (ms): Min: 0.0, Avg: 0.0, Max: 0.0, Diff: 0.0, Sum: 0.1]
      [Object Copy (ms): Min: 51.8, Avg: 53.9, Max: 60.0, Diff: 8.2, Sum: 215.7]
      [Termination (ms): Min: 0.0, Avg: 6.0, Max: 8.1, Diff: 8.1, Sum: 24.0]
         [Termination Attempts: Min: 1, Avg: 3.5, Max: 6, Diff: 5, Sum: 14]
      [GC Worker Other (ms): Min: 0.0, Avg: 0.0, Max: 0.0, Diff: 0.0, Sum: 0.1]
      [GC Worker Total (ms): Min: 74.1, Avg: 74.3, Max: 74.4, Diff: 0.3, Sum: 297.1]
      [GC Worker End (ms): Min: 1206519.1, Avg: 1206519.1, Max: 1206519.2, Diff: 0.1]
   [Code Root Fixup: 0.0 ms]
   [Code Root Purge: 0.0 ms]
   [Clear CT: 0.6 ms]
   [Other: 5.5 ms]
      [Choose CSet: 0.0 ms]
      [Ref Proc: 2.7 ms]
      [Ref Enq: 0.4 ms]
      [Redirty Cards: 0.9 ms]
      [Humongous Register: 0.1 ms]
      [Humongous Reclaim: 0.0 ms]
      [Free CSet: 1.0 ms]
   [Eden: 1056.0M(1056.0M)->0.0B(1063.0M) Survivors: 65536.0K->58368.0K Heap: 1529.8M(1868.0M)->466.3M(1868.0M)]
Heap after GC invocations=124 (full 0):
 garbage-first heap   total 1912832K, used 477530K [0x000000008b400000, 0x000000008b503a60, 0x0000000100000000)
  region size 1024K, 57 young (58368K), 57 survivors (58368K)
 Metaspace       used 147178K, capacity 154295K, committed 154544K, reserved 1183744K
  class space    used 19733K, capacity 21067K, committed 21168K, reserved 1048576K
}
 [Times: user=0.24 sys=0.01, real=0.08 secs] 
2020-07-20T09:29:30.590+0000: 1206.525: Total time for which application threads were stopped: 0.0819745 seconds, Stopping threads took: 0.0003092 seconds
{Heap before GC invocations=124 (full 0):
 garbage-first heap   total 1912832K, used 1568090K [0x000000008b400000, 0x000000008b503a60, 0x0000000100000000)
  region size 1024K, 1120 young (1146880K), 57 survivors (58368K)
 Metaspace       used 147191K, capacity 154299K, committed 154544K, reserved 1183744K
  class space    used 19733K, capacity 21067K, committed 21168K, reserved 1048576K
2020-07-20T09:29:34.118+0000: 1210.054: [GC pause (G1 Evacuation Pause) (young)
Desired survivor size 73400320 bytes, new threshold 15 (max 15)
- age   1:   36921352 bytes,   36921352 total
- age   2:   13176888 bytes,   50098240 total
- age   3:     751288 bytes,   50849528 total
- age   4:     242888 bytes,   51092416 total
- age   5:     224032 bytes,   51316448 total
- age   6:     188216 bytes,   51504664 total
- age   7:    1797968 bytes,   53302632 total
- age   8:     300072 bytes,   53602704 total
- age   9:     315640 bytes,   53918344 total
- age  10:     725008 bytes,   54643352 total
- age  11:     427632 bytes,   55070984 total
- age  12:     834192 bytes,   55905176 total
- age  13:     826560 bytes,   56731736 total
- age  14:     241928 bytes,   56973664 total
- age  15:     249360 bytes,   57223024 total
, 0.0816232 secs]
   [Parallel Time: 77.1 ms, GC Workers: 4]
      [GC Worker Start (ms): Min: 1210054.5, Avg: 1210054.6, Max: 1210054.6, Diff: 0.1]
      [Ext Root Scanning (ms): Min: 6.2, Avg: 6.9, Max: 9.0, Diff: 2.8, Sum: 27.7]
      [Update RS (ms): Min: 5.8, Avg: 9.5, Max: 15.7, Diff: 9.9, Sum: 37.9]
         [Processed Buffers: Min: 14, Avg: 24.5, Max: 37, Diff: 23, Sum: 98]
      [Scan RS (ms): Min: 0.2, Avg: 0.3, Max: 0.4, Diff: 0.2, Sum: 1.3]
      [Code Root Scanning (ms): Min: 0.0, Avg: 0.1, Max: 0.1, Diff: 0.1, Sum: 0.2]
      [Object Copy (ms): Min: 54.6, Avg: 59.9, Max: 61.8, Diff: 7.2, Sum: 239.6]
      [Termination (ms): Min: 0.0, Avg: 0.1, Max: 0.1, Diff: 0.1, Sum: 0.3]
         [Termination Attempts: Min: 1, Avg: 2.0, Max: 4, Diff: 3, Sum: 8]
      [GC Worker Other (ms): Min: 0.0, Avg: 0.1, Max: 0.1, Diff: 0.0, Sum: 0.2]
      [GC Worker Total (ms): Min: 76.8, Avg: 76.8, Max: 76.8, Diff: 0.1, Sum: 307.2]
      [GC Worker End (ms): Min: 1210131.3, Avg: 1210131.4, Max: 1210131.4, Diff: 0.1]
   [Code Root Fixup: 0.0 ms]
   [Code Root Purge: 0.0 ms]
   [Clear CT: 0.4 ms]
   [Other: 4.1 ms]
      [Choose CSet: 0.0 ms]
      [Ref Proc: 2.2 ms]
      [Ref Enq: 0.1 ms]
      [Redirty Cards: 0.2 ms]
      [Humongous Register: 0.1 ms]
      [Humongous Reclaim: 0.1 ms]
      [Free CSet: 1.0 ms]
   [Eden: 1063.0M(1063.0M)->0.0B(1072.0M) Survivors: 58368.0K->49152.0K Heap: 1531.3M(1868.0M)->457.4M(1868.0M)]
Heap after GC invocations=125 (full 0):
 garbage-first heap   total 1912832K, used 468338K [0x000000008b400000, 0x000000008b503a60, 0x0000000100000000)
  region size 1024K, 48 young (49152K), 48 survivors (49152K)
 Metaspace       used 147191K, capacity 154299K, committed 154544K, reserved 1183744K
  class space    used 19733K, capacity 21067K, committed 21168K, reserved 1048576K
}
 [Times: user=0.21 sys=0.05, real=0.08 secs] 
2020-07-20T09:29:34.200+0000: 1210.136: Total time for which application threads were stopped: 0.0862886 seconds, Stopping threads took: 0.0029848 seconds
{Heap before GC invocations=125 (full 0):
 garbage-first heap   total 1912832K, used 1568114K [0x000000008b400000, 0x000000008b503a60, 0x0000000100000000)
  region size 1024K, 1120 young (1146880K), 48 survivors (49152K)
 Metaspace       used 147192K, capacity 154299K, committed 154544K, reserved 1183744K
  class space    used 19733K, capacity 21067K, committed 21168K, reserved 1048576K
2020-07-20T09:29:37.710+0000: 1213.646: [GC pause (G1 Evacuation Pause) (young)
Desired survivor size 73400320 bytes, new threshold 15 (max 15)
- age   1:   34260608 bytes,   34260608 total
- age   2:    6405416 bytes,   40666024 total
- age   3:     196576 bytes,   40862600 total
- age   4:     620400 bytes,   41483000 total
- age   5:     218984 bytes,   41701984 total
- age   6:     179608 bytes,   41881592 total
- age   7:     179528 bytes,   42061120 total
- age   8:    1794032 bytes,   43855152 total
- age   9:     298840 bytes,   44153992 total
- age  10:     308288 bytes,   44462280 total
- age  11:     722088 bytes,   45184368 total
- age  12:     420816 bytes,   45605184 total
- age  13:     827920 bytes,   46433104 total
- age  14:     826472 bytes,   47259576 total
- age  15:     238560 bytes,   47498136 total
, 0.1107093 secs]
   [Parallel Time: 105.9 ms, GC Workers: 4]
      [GC Worker Start (ms): Min: 1213646.5, Avg: 1213646.5, Max: 1213646.6, Diff: 0.1]
      [Ext Root Scanning (ms): Min: 5.1, Avg: 5.2, Max: 5.4, Diff: 0.3, Sum: 20.9]
      [Update RS (ms): Min: 11.0, Avg: 11.1, Max: 11.4, Diff: 0.4, Sum: 44.4]
         [Processed Buffers: Min: 17, Avg: 24.0, Max: 28, Diff: 11, Sum: 96]
      [Scan RS (ms): Min: 0.2, Avg: 0.4, Max: 0.5, Diff: 0.3, Sum: 1.5]
      [Code Root Scanning (ms): Min: 0.0, Avg: 0.0, Max: 0.1, Diff: 0.1, Sum: 0.2]
      [Object Copy (ms): Min: 88.7, Avg: 88.8, Max: 88.9, Diff: 0.2, Sum: 355.3]
      [Termination (ms): Min: 0.0, Avg: 0.0, Max: 0.0, Diff: 0.0, Sum: 0.0]
         [Termination Attempts: Min: 1, Avg: 1.0, Max: 1, Diff: 0, Sum: 4]
      [GC Worker Other (ms): Min: 0.0, Avg: 0.0, Max: 0.1, Diff: 0.0, Sum: 0.2]
      [GC Worker Total (ms): Min: 105.6, Avg: 105.6, Max: 105.7, Diff: 0.1, Sum: 422.5]
      [GC Worker End (ms): Min: 1213752.1, Avg: 1213752.1, Max: 1213752.2, Diff: 0.0]
   [Code Root Fixup: 0.0 ms]
   [Code Root Purge: 0.0 ms]
   [Clear CT: 0.6 ms]
   [Other: 4.1 ms]
      [Choose CSet: 0.0 ms]
      [Ref Proc: 2.0 ms]
      [Ref Enq: 0.2 ms]
      [Redirty Cards: 0.2 ms]
      [Humongous Register: 0.2 ms]
      [Humongous Reclaim: 0.0 ms]
      [Free CSet: 1.0 ms]
   [Eden: 1072.0M(1072.0M)->0.0B(1043.0M) Survivors: 49152.0K->78848.0K Heap: 1531.4M(1868.0M)->489.2M(1868.0M)]
Heap after GC invocations=126 (full 0):
 garbage-first heap   total 1912832K, used 500948K [0x000000008b400000, 0x000000008b503a60, 0x0000000100000000)
  region size 1024K, 77 young (78848K), 77 survivors (78848K)
 Metaspace       used 147192K, capacity 154299K, committed 154544K, reserved 1183744K
  class space    used 19733K, capacity 21067K, committed 21168K, reserved 1048576K
}
 [Times: user=0.30 sys=0.01, real=0.12 secs] 
2020-07-20T09:29:37.821+0000: 1213.757: Total time for which application threads were stopped: 0.1131191 seconds, Stopping threads took: 0.0014166 seconds
{Heap before GC invocations=126 (full 0):
 garbage-first heap   total 1912832K, used 1571028K [0x000000008b400000, 0x000000008b503a60, 0x0000000100000000)
  region size 1024K, 1120 young (1146880K), 77 survivors (78848K)
 Metaspace       used 147194K, capacity 154299K, committed 154544K, reserved 1183744K
  class space    used 19733K, capacity 21067K, committed 21168K, reserved 1048576K
2020-07-20T09:29:41.398+0000: 1217.334: [GC pause (G1 Evacuation Pause) (young)
Desired survivor size 73400320 bytes, new threshold 9 (max 15)
- age   1:   37139216 bytes,   37139216 total
- age   2:   29120536 bytes,   66259752 total
- age   3:    6341408 bytes,   72601160 total
- age   4:     118664 bytes,   72719824 total
- age   5:     106240 bytes,   72826064 total
- age   6:     159608 bytes,   72985672 total
- age   7:     116824 bytes,   73102496 total
- age   8:     154888 bytes,   73257384 total
- age   9:    1760552 bytes,   75017936 total
- age  10:     298568 bytes,   75316504 total
- age  11:     305240 bytes,   75621744 total
- age  12:     711856 bytes,   76333600 total
- age  13:     420672 bytes,   76754272 total
- age  14:     827320 bytes,   77581592 total
- age  15:     822416 bytes,   78404008 total
, 0.0765602 secs]
   [Parallel Time: 72.4 ms, GC Workers: 4]
      [GC Worker Start (ms): Min: 1217333.8, Avg: 1217333.9, Max: 1217333.9, Diff: 0.1]
      [Ext Root Scanning (ms): Min: 5.1, Avg: 5.3, Max: 5.4, Diff: 0.3, Sum: 21.1]
      [Update RS (ms): Min: 10.2, Avg: 10.3, Max: 10.4, Diff: 0.2, Sum: 41.1]
         [Processed Buffers: Min: 14, Avg: 26.2, Max: 39, Diff: 25, Sum: 105]
      [Scan RS (ms): Min: 0.3, Avg: 0.4, Max: 0.4, Diff: 0.1, Sum: 1.4]
      [Code Root Scanning (ms): Min: 0.0, Avg: 0.0, Max: 0.1, Diff: 0.1, Sum: 0.2]
      [Object Copy (ms): Min: 56.0, Avg: 56.2, Max: 56.3, Diff: 0.3, Sum: 224.8]
      [Termination (ms): Min: 0.0, Avg: 0.0, Max: 0.0, Diff: 0.0, Sum: 0.1]
         [Termination Attempts: Min: 10, Avg: 14.2, Max: 24, Diff: 14, Sum: 57]
      [GC Worker Other (ms): Min: 0.0, Avg: 0.1, Max: 0.1, Diff: 0.0, Sum: 0.3]
      [GC Worker Total (ms): Min: 72.2, Avg: 72.2, Max: 72.3, Diff: 0.1, Sum: 289.0]
      [GC Worker End (ms): Min: 1217406.1, Avg: 1217406.1, Max: 1217406.1, Diff: 0.1]
   [Code Root Fixup: 0.1 ms]
   [Code Root Purge: 0.0 ms]
   [Clear CT: 0.4 ms]
   [Other: 3.8 ms]
      [Choose CSet: 0.0 ms]
      [Ref Proc: 2.0 ms]
      [Ref Enq: 0.2 ms]
      [Redirty Cards: 0.3 ms]
      [Humongous Register: 0.1 ms]
      [Humongous Reclaim: 0.0 ms]
      [Free CSet: 0.9 ms]
   [Eden: 1043.0M(1043.0M)->0.0B(1059.0M) Survivors: 78848.0K->62464.0K Heap: 1534.2M(1868.0M)->476.4M(1868.0M)]
Heap after GC invocations=127 (full 0):
 garbage-first heap   total 1912832K, used 487836K [0x000000008b400000, 0x000000008b503a60, 0x0000000100000000)
  region size 1024K, 61 young (62464K), 61 survivors (62464K)
 Metaspace       used 147194K, capacity 154299K, committed 154544K, reserved 1183744K
  class space    used 19733K, capacity 21067K, committed 21168K, reserved 1048576K
}
 [Times: user=0.25 sys=0.00, real=0.08 secs] 
2020-07-20T09:29:41.475+0000: 1217.410: Total time for which application threads were stopped: 0.0805567 seconds, Stopping threads took: 0.0028899 seconds
{Heap before GC invocations=127 (full 0):
 garbage-first heap   total 1912832K, used 1572252K [0x000000008b400000, 0x000000008b503a60, 0x0000000100000000)
  region size 1024K, 1120 young (1146880K), 61 survivors (62464K)
 Metaspace       used 147194K, capacity 154299K, committed 154544K, reserved 1183744K
  class space    used 19733K, capacity 21067K, committed 21168K, reserved 1048576K
2020-07-20T09:29:45.026+0000: 1220.962: [GC pause (G1 Evacuation Pause) (young)
Desired survivor size 73400320 bytes, new threshold 15 (max 15)
- age   1:   37237656 bytes,   37237656 total
- age   2:   20581416 bytes,   57819072 total
- age   3:    1815888 bytes,   59634960 total
- age   4:     114224 bytes,   59749184 total
- age   5:     115232 bytes,   59864416 total
- age   6:     106176 bytes,   59970592 total
- age   7:     153064 bytes,   60123656 total
- age   8:     114816 bytes,   60238472 total
- age   9:     150560 bytes,   60389032 total
, 0.0739725 secs]
   [Parallel Time: 69.6 ms, GC Workers: 4]
      [GC Worker Start (ms): Min: 1220962.7, Avg: 1220962.7, Max: 1220962.8, Diff: 0.1]
      [Ext Root Scanning (ms): Min: 6.3, Avg: 7.3, Max: 9.9, Diff: 3.6, Sum: 29.1]
      [Update RS (ms): Min: 9.7, Avg: 12.0, Max: 12.9, Diff: 3.2, Sum: 48.2]
         [Processed Buffers: Min: 24, Avg: 27.0, Max: 30, Diff: 6, Sum: 108]
      [Scan RS (ms): Min: 0.3, Avg: 0.4, Max: 0.5, Diff: 0.2, Sum: 1.4]
      [Code Root Scanning (ms): Min: 0.0, Avg: 0.0, Max: 0.1, Diff: 0.1, Sum: 0.2]
      [Object Copy (ms): Min: 49.3, Avg: 49.6, Max: 49.7, Diff: 0.3, Sum: 198.2]
      [Termination (ms): Min: 0.0, Avg: 0.1, Max: 0.1, Diff: 0.1, Sum: 0.2]
         [Termination Attempts: Min: 11, Avg: 23.0, Max: 37, Diff: 26, Sum: 92]
      [GC Worker Other (ms): Min: 0.1, Avg: 0.1, Max: 0.1, Diff: 0.1, Sum: 0.4]
      [GC Worker Total (ms): Min: 69.4, Avg: 69.4, Max: 69.5, Diff: 0.2, Sum: 277.8]
      [GC Worker End (ms): Min: 1221032.1, Avg: 1221032.2, Max: 1221032.2, Diff: 0.1]
   [Code Root Fixup: 0.0 ms]
   [Code Root Purge: 0.0 ms]
   [Clear CT: 0.4 ms]
   [Other: 3.9 ms]
      [Choose CSet: 0.0 ms]
      [Ref Proc: 2.0 ms]
      [Ref Enq: 0.1 ms]
      [Redirty Cards: 0.2 ms]
      [Humongous Register: 0.1 ms]
      [Humongous Reclaim: 0.1 ms]
      [Free CSet: 1.0 ms]
   [Eden: 1059.0M(1059.0M)->0.0B(1077.0M) Survivors: 62464.0K->44032.0K Heap: 1535.4M(1868.0M)->456.9M(1868.0M)]
Heap after GC invocations=128 (full 0):
 garbage-first heap   total 1912832K, used 467868K [0x000000008b400000, 0x000000008b503a60, 0x0000000100000000)
  region size 1024K, 43 young (44032K), 43 survivors (44032K)
 Metaspace       used 147194K, capacity 154299K, committed 154544K, reserved 1183744K
  class space    used 19733K, capacity 21067K, committed 21168K, reserved 1048576K
}
 [Times: user=0.23 sys=0.02, real=0.07 secs] 
2020-07-20T09:29:45.101+0000: 1221.037: Total time for which application threads were stopped: 0.0768445 seconds, Stopping threads took: 0.0010334 seconds
{Heap before GC invocations=128 (full 0):
 garbage-first heap   total 1912832K, used 1574812K [0x000000008b400000, 0x000000008b503a60, 0x0000000100000000)
  region size 1024K, 1120 young (1146880K), 43 survivors (44032K)
 Metaspace       used 147217K, capacity 154315K, committed 154544K, reserved 1183744K
  class space    used 19733K, capacity 21067K, committed 21168K, reserved 1048576K
2020-07-20T09:29:48.414+0000: 1224.350: [GC pause (G1 Evacuation Pause) (young)
Desired survivor size 73400320 bytes, new threshold 15 (max 15)
- age   1:   28262312 bytes,   28262312 total
- age   2:   12372152 bytes,   40634464 total
- age   3:    1063840 bytes,   41698304 total
- age   4:     197664 bytes,   41895968 total
- age   5:     114072 bytes,   42010040 total
- age   6:     115200 bytes,   42125240 total
- age   7:     105728 bytes,   42230968 total
- age   8:     152368 bytes,   42383336 total
- age   9:     113560 bytes,   42496896 total
- age  10:     149672 bytes,   42646568 total
, 0.0416823 secs]
   [Parallel Time: 37.7 ms, GC Workers: 4]
      [GC Worker Start (ms): Min: 1224350.4, Avg: 1224350.5, Max: 1224350.5, Diff: 0.1]
      [Ext Root Scanning (ms): Min: 5.0, Avg: 5.0, Max: 5.2, Diff: 0.2, Sum: 20.2]
      [Update RS (ms): Min: 8.5, Avg: 8.6, Max: 8.7, Diff: 0.2, Sum: 34.3]
         [Processed Buffers: Min: 5, Avg: 22.0, Max: 39, Diff: 34, Sum: 88]
      [Scan RS (ms): Min: 0.3, Avg: 0.3, Max: 0.4, Diff: 0.0, Sum: 1.4]
      [Code Root Scanning (ms): Min: 0.0, Avg: 0.0, Max: 0.1, Diff: 0.1, Sum: 0.1]
      [Object Copy (ms): Min: 23.4, Avg: 23.5, Max: 23.6, Diff: 0.3, Sum: 94.1]
      [Termination (ms): Min: 0.0, Avg: 0.0, Max: 0.0, Diff: 0.0, Sum: 0.0]
         [Termination Attempts: Min: 1, Avg: 2.5, Max: 4, Diff: 3, Sum: 10]
      [GC Worker Other (ms): Min: 0.0, Avg: 0.1, Max: 0.1, Diff: 0.1, Sum: 0.2]
      [GC Worker Total (ms): Min: 37.5, Avg: 37.6, Max: 37.6, Diff: 0.1, Sum: 150.3]
      [GC Worker End (ms): Min: 1224388.0, Avg: 1224388.0, Max: 1224388.1, Diff: 0.1]
   [Code Root Fixup: 0.0 ms]
   [Code Root Purge: 0.0 ms]
   [Clear CT: 0.4 ms]
   [Other: 3.5 ms]
      [Choose CSet: 0.0 ms]
      [Ref Proc: 1.8 ms]
      [Ref Enq: 0.1 ms]
      [Redirty Cards: 0.1 ms]
      [Humongous Register: 0.1 ms]
      [Humongous Reclaim: 0.1 ms]
      [Free CSet: 0.9 ms]
   [Eden: 1077.0M(1077.0M)->0.0B(1092.0M) Survivors: 44032.0K->28672.0K Heap: 1537.9M(1868.0M)->441.9M(1868.0M)]
Heap after GC invocations=129 (full 0):
 garbage-first heap   total 1912832K, used 452508K [0x000000008b400000, 0x000000008b503a60, 0x0000000100000000)
  region size 1024K, 28 young (28672K), 28 survivors (28672K)
 Metaspace       used 147217K, capacity 154315K, committed 154544K, reserved 1183744K
  class space    used 19733K, capacity 21067K, committed 21168K, reserved 1048576K
}
 [Times: user=0.14 sys=0.00, real=0.04 secs] 
2020-07-20T09:29:48.456+0000: 1224.392: Total time for which application threads were stopped: 0.0439786 seconds, Stopping threads took: 0.0013499 seconds
{Heap before GC invocations=129 (full 0):
 garbage-first heap   total 1912832K, used 1570716K [0x000000008b400000, 0x000000008b503a60, 0x0000000100000000)
  region size 1024K, 1120 young (1146880K), 28 survivors (28672K)
 Metaspace       used 147224K, capacity 154315K, committed 154544K, reserved 1183744K
  class space    used 19733K, capacity 21067K, committed 21168K, reserved 1048576K
2020-07-20T09:29:53.250+0000: 1229.185: [GC pause (G1 Evacuation Pause) (young)
Desired survivor size 73400320 bytes, new threshold 15 (max 15)
- age   1:   23846160 bytes,   23846160 total
- age   2:     398784 bytes,   24244944 total
- age   3:    1657624 bytes,   25902568 total
- age   4:     146376 bytes,   26048944 total
- age   5:     109032 bytes,   26157976 total
- age   6:     111080 bytes,   26269056 total
- age   7:     100640 bytes,   26369696 total
- age   8:      90592 bytes,   26460288 total
- age   9:     139728 bytes,   26600016 total
- age  10:      98024 bytes,   26698040 total
- age  11:     131736 bytes,   26829776 total
, 0.0497850 secs]
   [Parallel Time: 45.7 ms, GC Workers: 4]
      [GC Worker Start (ms): Min: 1229185.8, Avg: 1229185.8, Max: 1229185.9, Diff: 0.1]
      [Ext Root Scanning (ms): Min: 4.9, Avg: 5.0, Max: 5.2, Diff: 0.3, Sum: 19.9]
      [Update RS (ms): Min: 7.9, Avg: 7.9, Max: 8.0, Diff: 0.1, Sum: 31.6]
         [Processed Buffers: Min: 15, Avg: 24.0, Max: 36, Diff: 21, Sum: 96]
      [Scan RS (ms): Min: 0.2, Avg: 0.2, Max: 0.3, Diff: 0.1, Sum: 1.0]
      [Code Root Scanning (ms): Min: 0.0, Avg: 0.0, Max: 0.1, Diff: 0.1, Sum: 0.2]
      [Object Copy (ms): Min: 32.2, Avg: 32.3, Max: 32.4, Diff: 0.2, Sum: 129.1]
      [Termination (ms): Min: 0.0, Avg: 0.0, Max: 0.0, Diff: 0.0, Sum: 0.0]
         [Termination Attempts: Min: 1, Avg: 1.0, Max: 1, Diff: 0, Sum: 4]
      [GC Worker Other (ms): Min: 0.0, Avg: 0.1, Max: 0.1, Diff: 0.1, Sum: 0.2]
      [GC Worker Total (ms): Min: 45.5, Avg: 45.5, Max: 45.6, Diff: 0.1, Sum: 182.0]
      [GC Worker End (ms): Min: 1229231.3, Avg: 1229231.3, Max: 1229231.4, Diff: 0.1]
   [Code Root Fixup: 0.0 ms]
   [Code Root Purge: 0.0 ms]
   [Clear CT: 0.4 ms]
   [Other: 3.6 ms]
      [Choose CSet: 0.0 ms]
      [Ref Proc: 1.9 ms]
      [Ref Enq: 0.1 ms]
      [Redirty Cards: 0.2 ms]
      [Humongous Register: 0.1 ms]
      [Humongous Reclaim: 0.0 ms]
      [Free CSet: 0.9 ms]
   [Eden: 1092.0M(1092.0M)->0.0B(1082.0M) Survivors: 28672.0K->38912.0K Heap: 1533.9M(1868.0M)->451.9M(1868.0M)]
Heap after GC invocations=130 (full 0):
 garbage-first heap   total 1912832K, used 462748K [0x000000008b400000, 0x000000008b503a60, 0x0000000100000000)
  region size 1024K, 38 young (38912K), 38 survivors (38912K)
 Metaspace       used 147224K, capacity 154315K, committed 154544K, reserved 1183744K
  class space    used 19733K, capacity 21067K, committed 21168K, reserved 1048576K
}
 [Times: user=0.17 sys=0.00, real=0.05 secs] 
2020-07-20T09:29:53.300+0000: 1229.235: Total time for which application threads were stopped: 0.0507749 seconds, Stopping threads took: 0.0001605 seconds
{Heap before GC invocations=130 (full 0):
 garbage-first heap   total 1912832K, used 1570716K [0x000000008b400000, 0x000000008b503a60, 0x0000000100000000)
  region size 1024K, 1120 young (1146880K), 38 survivors (38912K)
 Metaspace       used 147233K, capacity 154379K, committed 154544K, reserved 1183744K
  class space    used 19733K, capacity 21067K, committed 21168K, reserved 1048576K
2020-07-20T09:29:59.641+0000: 1235.577: [GC pause (G1 Evacuation Pause) (young)
Desired survivor size 73400320 bytes, new threshold 15 (max 15)
- age   1:   16433544 bytes,   16433544 total
- age   2:   18581688 bytes,   35015232 total
- age   3:     151728 bytes,   35166960 total
- age   4:    1647104 bytes,   36814064 total
- age   5:     135856 bytes,   36949920 total
- age   6:     108688 bytes,   37058608 total
- age   7:     107760 bytes,   37166368 total
- age   8:     100576 bytes,   37266944 total
- age   9:      89248 bytes,   37356192 total
- age  10:     139672 bytes,   37495864 total
- age  11:      97992 bytes,   37593856 total
- age  12:     131736 bytes,   37725592 total
, 0.0783331 secs]
   [Parallel Time: 73.8 ms, GC Workers: 4]
      [GC Worker Start (ms): Min: 1235577.1, Avg: 1235579.0, Max: 1235584.7, Diff: 7.6]
      [Ext Root Scanning (ms): Min: 0.0, Avg: 5.8, Max: 9.2, Diff: 9.1, Sum: 23.3]
      [Update RS (ms): Min: 13.7, Avg: 15.5, Max: 17.1, Diff: 3.4, Sum: 62.0]
         [Processed Buffers: Min: 18, Avg: 28.0, Max: 43, Diff: 25, Sum: 112]
      [Scan RS (ms): Min: 0.1, Avg: 0.4, Max: 0.6, Diff: 0.5, Sum: 1.4]
      [Code Root Scanning (ms): Min: 0.0, Avg: 0.1, Max: 0.2, Diff: 0.2, Sum: 0.3]
      [Object Copy (ms): Min: 48.7, Avg: 49.9, Max: 50.5, Diff: 1.8, Sum: 199.4]
      [Termination (ms): Min: 0.0, Avg: 0.1, Max: 0.1, Diff: 0.1, Sum: 0.2]
         [Termination Attempts: Min: 1, Avg: 1.0, Max: 1, Diff: 0, Sum: 4]
      [GC Worker Other (ms): Min: 0.0, Avg: 0.1, Max: 0.1, Diff: 0.1, Sum: 0.3]
      [GC Worker Total (ms): Min: 66.0, Avg: 71.7, Max: 73.6, Diff: 7.6, Sum: 286.9]
      [GC Worker End (ms): Min: 1235650.7, Avg: 1235650.7, Max: 1235650.7, Diff: 0.0]
   [Code Root Fixup: 0.0 ms]
   [Code Root Purge: 0.0 ms]
   [Clear CT: 0.4 ms]
   [Other: 4.1 ms]
      [Choose CSet: 0.0 ms]
      [Ref Proc: 2.1 ms]
      [Ref Enq: 0.1 ms]
      [Redirty Cards: 0.2 ms]
      [Humongous Register: 0.1 ms]
      [Humongous Reclaim: 0.0 ms]
      [Free CSet: 1.0 ms]
   [Eden: 1082.0M(1082.0M)->0.0B(1081.0M) Survivors: 38912.0K->39936.0K Heap: 1533.9M(1868.0M)->452.9M(1868.0M)]
Heap after GC invocations=131 (full 0):
 garbage-first heap   total 1912832K, used 463772K [0x000000008b400000, 0x000000008b503a60, 0x0000000100000000)
  region size 1024K, 39 young (39936K), 39 survivors (39936K)
 Metaspace       used 147233K, capacity 154379K, committed 154544K, reserved 1183744K
  class space    used 19733K, capacity 21067K, committed 21168K, reserved 1048576K
}
 [Times: user=0.17 sys=0.03, real=0.07 secs] 
2020-07-20T09:29:59.720+0000: 1235.655: Total time for which application threads were stopped: 0.0805753 seconds, Stopping threads took: 0.0005264 seconds
{Heap before GC invocations=131 (full 0):
 garbage-first heap   total 1912832K, used 1570716K [0x000000008b400000, 0x000000008b503a60, 0x0000000100000000)
  region size 1024K, 1120 young (1146880K), 39 survivors (39936K)
 Metaspace       used 147233K, capacity 154379K, committed 154544K, reserved 1183744K
  class space    used 19733K, capacity 21067K, committed 21168K, reserved 1048576K
2020-07-20T09:30:05.747+0000: 1241.683: [GC pause (G1 Evacuation Pause) (young)
Desired survivor size 73400320 bytes, new threshold 15 (max 15)
- age   1:    6561696 bytes,    6561696 total
- age   2:   11276832 bytes,   17838528 total
- age   3:   18562232 bytes,   36400760 total
- age   4:     151184 bytes,   36551944 total
- age   5:    1647024 bytes,   38198968 total
- age   6:     135856 bytes,   38334824 total
- age   7:     108616 bytes,   38443440 total
- age   8:     107760 bytes,   38551200 total
- age   9:     100520 bytes,   38651720 total
- age  10:      89248 bytes,   38740968 total
- age  11:     139672 bytes,   38880640 total
- age  12:      97992 bytes,   38978632 total
- age  13:     131736 bytes,   39110368 total
, 0.0613229 secs]
   [Parallel Time: 56.6 ms, GC Workers: 4]
      [GC Worker Start (ms): Min: 1241683.6, Avg: 1241683.9, Max: 1241684.6, Diff: 1.0]
      [Ext Root Scanning (ms): Min: 5.0, Avg: 5.9, Max: 6.8, Diff: 1.8, Sum: 23.5]
      [Update RS (ms): Min: 10.2, Avg: 10.6, Max: 11.0, Diff: 0.8, Sum: 42.5]
         [Processed Buffers: Min: 11, Avg: 25.2, Max: 39, Diff: 28, Sum: 101]
      [Scan RS (ms): Min: 0.2, Avg: 0.4, Max: 0.5, Diff: 0.3, Sum: 1.4]
      [Code Root Scanning (ms): Min: 0.0, Avg: 0.1, Max: 0.3, Diff: 0.3, Sum: 0.3]
      [Object Copy (ms): Min: 39.1, Avg: 39.2, Max: 39.4, Diff: 0.4, Sum: 156.9]
      [Termination (ms): Min: 0.0, Avg: 0.0, Max: 0.1, Diff: 0.1, Sum: 0.2]
         [Termination Attempts: Min: 8, Avg: 14.5, Max: 22, Diff: 14, Sum: 58]
      [GC Worker Other (ms): Min: 0.0, Avg: 0.0, Max: 0.0, Diff: 0.0, Sum: 0.1]
      [GC Worker Total (ms): Min: 55.5, Avg: 56.2, Max: 56.5, Diff: 1.0, Sum: 225.0]
      [GC Worker End (ms): Min: 1241740.1, Avg: 1241740.1, Max: 1241740.1, Diff: 0.0]
   [Code Root Fixup: 0.0 ms]
   [Code Root Purge: 0.0 ms]
   [Clear CT: 0.4 ms]
   [Other: 4.3 ms]
      [Choose CSet: 0.0 ms]
      [Ref Proc: 2.1 ms]
      [Ref Enq: 0.1 ms]
      [Redirty Cards: 0.3 ms]
      [Humongous Register: 0.1 ms]
      [Humongous Reclaim: 0.0 ms]
      [Free CSet: 1.0 ms]
   [Eden: 1081.0M(1081.0M)->0.0B(1076.0M) Survivors: 39936.0K->45056.0K Heap: 1533.9M(1868.0M)->457.4M(1868.0M)]
Heap after GC invocations=132 (full 0):
 garbage-first heap   total 1912832K, used 468380K [0x000000008b400000, 0x000000008b503a60, 0x0000000100000000)
  region size 1024K, 44 young (45056K), 44 survivors (45056K)
 Metaspace       used 147233K, capacity 154379K, committed 154544K, reserved 1183744K
  class space    used 19733K, capacity 21067K, committed 21168K, reserved 1048576K
}
 [Times: user=0.19 sys=0.01, real=0.06 secs] 
2020-07-20T09:30:05.809+0000: 1241.745: Total time for which application threads were stopped: 0.0637125 seconds, Stopping threads took: 0.0007002 seconds
{Heap before GC invocations=132 (full 0):
 garbage-first heap   total 1912832K, used 1572252K [0x000000008b400000, 0x000000008b503a60, 0x0000000100000000)
  region size 1024K, 1120 young (1146880K), 44 survivors (45056K)
 Metaspace       used 147234K, capacity 154379K, committed 154544K, reserved 1183744K
  class space    used 19733K, capacity 21067K, committed 21168K, reserved 1048576K
2020-07-20T09:30:09.671+0000: 1245.607: [GC pause (G1 Evacuation Pause) (young)
Desired survivor size 73400320 bytes, new threshold 15 (max 15)
- age   1:   10455992 bytes,   10455992 total
- age   2:    1457088 bytes,   11913080 total
- age   3:   11250736 bytes,   23163816 total
- age   4:   18167264 bytes,   41331080 total
- age   5:     151024 bytes,   41482104 total
- age   6:    1643976 bytes,   43126080 total
- age   7:     133792 bytes,   43259872 total
- age   8:     104560 bytes,   43364432 total
- age   9:      94288 bytes,   43458720 total
- age  10:     100488 bytes,   43559208 total
- age  11:      89248 bytes,   43648456 total
- age  12:     139672 bytes,   43788128 total
- age  13:      97928 bytes,   43886056 total
- age  14:     131736 bytes,   44017792 total
, 0.0874320 secs]
   [Parallel Time: 82.5 ms, GC Workers: 4]
      [GC Worker Start (ms): Min: 1245607.0, Avg: 1245609.8, Max: 1245616.6, Diff: 9.6]
      [Ext Root Scanning (ms): Min: 0.0, Avg: 5.0, Max: 7.4, Diff: 7.3, Sum: 19.9]
      [Update RS (ms): Min: 9.2, Avg: 10.8, Max: 11.4, Diff: 2.2, Sum: 43.3]
         [Processed Buffers: Min: 3, Avg: 25.0, Max: 38, Diff: 35, Sum: 100]
      [Scan RS (ms): Min: 0.3, Avg: 0.3, Max: 0.3, Diff: 0.0, Sum: 1.3]
      [Code Root Scanning (ms): Min: 0.0, Avg: 0.0, Max: 0.1, Diff: 0.1, Sum: 0.2]
      [Object Copy (ms): Min: 63.1, Avg: 63.3, Max: 63.6, Diff: 0.5, Sum: 253.1]
      [Termination (ms): Min: 0.0, Avg: 0.1, Max: 0.1, Diff: 0.1, Sum: 0.4]
         [Termination Attempts: Min: 7, Avg: 9.2, Max: 13, Diff: 6, Sum: 37]
      [GC Worker Other (ms): Min: 0.0, Avg: 0.1, Max: 0.1, Diff: 0.1, Sum: 0.2]
      [GC Worker Total (ms): Min: 72.9, Avg: 79.6, Max: 82.4, Diff: 9.6, Sum: 318.5]
      [GC Worker End (ms): Min: 1245689.4, Avg: 1245689.4, Max: 1245689.4, Diff: 0.0]
   [Code Root Fixup: 0.1 ms]
   [Code Root Purge: 0.0 ms]
   [Clear CT: 0.4 ms]
   [Other: 4.4 ms]
      [Choose CSet: 0.0 ms]
      [Ref Proc: 2.2 ms]
      [Ref Enq: 0.2 ms]
      [Redirty Cards: 0.3 ms]
      [Humongous Register: 0.2 ms]
      [Humongous Reclaim: 0.0 ms]
      [Free CSet: 1.0 ms]
   [Eden: 1076.0M(1076.0M)->0.0B(1048.0M) Survivors: 45056.0K->73728.0K Heap: 1535.4M(1868.0M)->487.4M(1868.0M)]
Heap after GC invocations=133 (full 0):
 garbage-first heap   total 1912832K, used 499100K [0x000000008b400000, 0x000000008b503a60, 0x0000000100000000)
  region size 1024K, 72 young (73728K), 72 survivors (73728K)
 Metaspace       used 147234K, capacity 154379K, committed 154544K, reserved 1183744K
  class space    used 19733K, capacity 21067K, committed 21168K, reserved 1048576K
}
 [Times: user=0.27 sys=0.01, real=0.09 secs] 
2020-07-20T09:30:09.758+0000: 1245.694: Total time for which application threads were stopped: 0.0893186 seconds, Stopping threads took: 0.0004885 seconds
{Heap before GC invocations=133 (full 0):
 garbage-first heap   total 1912832K, used 1574300K [0x000000008b400000, 0x000000008b503a60, 0x0000000100000000)
  region size 1024K, 1120 young (1146880K), 72 survivors (73728K)
 Metaspace       used 147247K, capacity 154379K, committed 154544K, reserved 1183744K
  class space    used 19733K, capacity 21067K, committed 21168K, reserved 1048576K
2020-07-20T09:30:12.812+0000: 1248.748: [GC pause (G1 Evacuation Pause) (young)
Desired survivor size 73400320 bytes, new threshold 15 (max 15)
- age   1:   36715240 bytes,   36715240 total
- age   2:    4035664 bytes,   40750904 total
- age   3:    1456280 bytes,   42207184 total
- age   4:   11232376 bytes,   53439560 total
- age   5:   18166512 bytes,   71606072 total
- age   6:     150672 bytes,   71756744 total
- age   7:     154280 bytes,   71911024 total
- age   8:      96496 bytes,   72007520 total
- age   9:     104440 bytes,   72111960 total
- age  10:      94288 bytes,   72206248 total
- age  11:     100392 bytes,   72306640 total
- age  12:      75296 bytes,   72381936 total
- age  13:     139544 bytes,   72521480 total
- age  14:      97712 bytes,   72619192 total
- age  15:     131072 bytes,   72750264 total
, 0.0718598 secs]
   [Parallel Time: 66.2 ms, GC Workers: 4]
      [GC Worker Start (ms): Min: 1248748.4, Avg: 1248748.4, Max: 1248748.5, Diff: 0.1]
      [Ext Root Scanning (ms): Min: 4.9, Avg: 5.0, Max: 5.2, Diff: 0.3, Sum: 20.0]
      [Update RS (ms): Min: 11.6, Avg: 13.7, Max: 19.5, Diff: 8.0, Sum: 54.8]
         [Processed Buffers: Min: 12, Avg: 24.0, Max: 41, Diff: 29, Sum: 96]
      [Scan RS (ms): Min: 0.1, Avg: 0.3, Max: 0.5, Diff: 0.4, Sum: 1.1]
      [Code Root Scanning (ms): Min: 0.0, Avg: 0.0, Max: 0.1, Diff: 0.1, Sum: 0.2]
      [Object Copy (ms): Min: 41.1, Avg: 46.7, Max: 48.6, Diff: 7.5, Sum: 186.9]
      [Termination (ms): Min: 0.0, Avg: 0.1, Max: 0.3, Diff: 0.3, Sum: 0.6]
         [Termination Attempts: Min: 6, Avg: 7.5, Max: 10, Diff: 4, Sum: 30]
      [GC Worker Other (ms): Min: 0.0, Avg: 0.0, Max: 0.0, Diff: 0.0, Sum: 0.1]
      [GC Worker Total (ms): Min: 65.8, Avg: 65.9, Max: 66.0, Diff: 0.2, Sum: 263.7]
      [GC Worker End (ms): Min: 1248814.3, Avg: 1248814.4, Max: 1248814.5, Diff: 0.2]
   [Code Root Fixup: 0.1 ms]
   [Code Root Purge: 0.0 ms]
   [Clear CT: 0.4 ms]
   [Other: 5.2 ms]
      [Choose CSet: 0.0 ms]
      [Ref Proc: 3.3 ms]
      [Ref Enq: 0.2 ms]
      [Redirty Cards: 0.3 ms]
      [Humongous Register: 0.1 ms]
      [Humongous Reclaim: 0.1 ms]
      [Free CSet: 0.9 ms]
   [Eden: 1048.0M(1048.0M)->0.0B(1071.0M) Survivors: 73728.0K->50176.0K Heap: 1537.4M(1868.0M)->464.5M(1868.0M)]
Heap after GC invocations=134 (full 0):
 garbage-first heap   total 1912832K, used 475680K [0x000000008b400000, 0x000000008b503a60, 0x0000000100000000)
  region size 1024K, 49 young (50176K), 49 survivors (50176K)
 Metaspace       used 147247K, capacity 154379K, committed 154544K, reserved 1183744K
  class space    used 19733K, capacity 21067K, committed 21168K, reserved 1048576K
}
 [Times: user=0.24 sys=0.00, real=0.08 secs] 
2020-07-20T09:30:12.884+0000: 1248.820: Total time for which application threads were stopped: 0.0731189 seconds, Stopping threads took: 0.0003199 seconds
{Heap before GC invocations=134 (full 0):
 garbage-first heap   total 1912832K, used 1574432K [0x000000008b400000, 0x000000008b503a60, 0x0000000100000000)
  region size 1024K, 1120 young (1146880K), 49 survivors (50176K)
 Metaspace       used 147248K, capacity 154379K, committed 154544K, reserved 1183744K
  class space    used 19733K, capacity 21067K, committed 21168K, reserved 1048576K
2020-07-20T09:30:14.946+0000: 1250.882: [GC pause (G1 Evacuation Pause) (young)
Desired survivor size 73400320 bytes, new threshold 15 (max 15)
- age   1:   25198824 bytes,   25198824 total
- age   2:   18302944 bytes,   43501768 total
- age   3:    1617312 bytes,   45119080 total
- age   4:    1443448 bytes,   46562528 total
- age   5:     938648 bytes,   47501176 total
- age   6:     453296 bytes,   47954472 total
- age   7:     148992 bytes,   48103464 total
- age   8:     151232 bytes,   48254696 total
- age   9:      96464 bytes,   48351160 total
- age  10:     104280 bytes,   48455440 total
- age  11:      94256 bytes,   48549696 total
- age  12:      91944 bytes,   48641640 total
- age  13:      75232 bytes,   48716872 total
- age  14:     139512 bytes,   48856384 total
- age  15:      97680 bytes,   48954064 total
, 0.0785183 secs]
   [Parallel Time: 74.3 ms, GC Workers: 4]
      [GC Worker Start (ms): Min: 1250881.9, Avg: 1250882.0, Max: 1250882.0, Diff: 0.1]
      [Ext Root Scanning (ms): Min: 5.5, Avg: 5.8, Max: 6.1, Diff: 0.6, Sum: 23.2]
      [Update RS (ms): Min: 9.0, Avg: 9.3, Max: 9.8, Diff: 0.7, Sum: 37.0]
         [Processed Buffers: Min: 13, Avg: 20.2, Max: 32, Diff: 19, Sum: 81]
      [Scan RS (ms): Min: 0.1, Avg: 0.3, Max: 0.4, Diff: 0.3, Sum: 1.2]
      [Code Root Scanning (ms): Min: 0.0, Avg: 0.1, Max: 0.1, Diff: 0.1, Sum: 0.2]
      [Object Copy (ms): Min: 58.2, Avg: 58.5, Max: 58.8, Diff: 0.5, Sum: 234.1]
      [Termination (ms): Min: 0.0, Avg: 0.0, Max: 0.1, Diff: 0.1, Sum: 0.1]
         [Termination Attempts: Min: 1, Avg: 1.0, Max: 1, Diff: 0, Sum: 4]
      [GC Worker Other (ms): Min: 0.0, Avg: 0.1, Max: 0.4, Diff: 0.3, Sum: 0.5]
      [GC Worker Total (ms): Min: 74.0, Avg: 74.1, Max: 74.1, Diff: 0.1, Sum: 296.3]
      [GC Worker End (ms): Min: 1250956.1, Avg: 1250956.1, Max: 1250956.1, Diff: 0.0]
   [Code Root Fixup: 0.0 ms]
   [Code Root Purge: 0.0 ms]
   [Clear CT: 0.5 ms]
   [Other: 3.7 ms]
      [Choose CSet: 0.0 ms]
      [Ref Proc: 1.7 ms]
      [Ref Enq: 0.2 ms]
      [Redirty Cards: 0.3 ms]
      [Humongous Register: 0.1 ms]
      [Humongous Reclaim: 0.0 ms]
      [Free CSet: 1.0 ms]
   [Eden: 1071.0M(1071.0M)->0.0B(1054.0M) Survivors: 50176.0K->67584.0K Heap: 1537.5M(1868.0M)->484.1M(1868.0M)]
Heap after GC invocations=135 (full 0):
 garbage-first heap   total 1912832K, used 495761K [0x000000008b400000, 0x000000008b503a60, 0x0000000100000000)
  region size 1024K, 66 young (67584K), 66 survivors (67584K)
 Metaspace       used 147248K, capacity 154379K, committed 154544K, reserved 1183744K
  class space    used 19733K, capacity 21067K, committed 21168K, reserved 1048576K
}
 [Times: user=0.25 sys=0.00, real=0.08 secs] 
2020-07-20T09:30:15.025+0000: 1250.960: Total time for which application threads were stopped: 0.0862287 seconds, Stopping threads took: 0.0062562 seconds
{Heap before GC invocations=135 (full 0):
 garbage-first heap   total 1912832K, used 1575057K [0x000000008b400000, 0x000000008b503a60, 0x0000000100000000)
  region size 1024K, 1120 young (1146880K), 66 survivors (67584K)
 Metaspace       used 147248K, capacity 154379K, committed 154544K, reserved 1183744K
  class space    used 19733K, capacity 21067K, committed 21168K, reserved 1048576K
2020-07-20T09:30:18.227+0000: 1254.163: [GC pause (G1 Evacuation Pause) (young)
Desired survivor size 73400320 bytes, new threshold 15 (max 15)
- age   1:   24101448 bytes,   24101448 total
- age   2:   19101752 bytes,   43203200 total
- age   3:   18292984 bytes,   61496184 total
- age   4:    1616368 bytes,   63112552 total
- age   5:    1443400 bytes,   64555952 total
- age   6:     938304 bytes,   65494256 total
- age   7:     451880 bytes,   65946136 total
- age   8:     148992 bytes,   66095128 total
- age   9:     151168 bytes,   66246296 total
- age  10:      96400 bytes,   66342696 total
- age  11:     104248 bytes,   66446944 total
- age  12:      93256 bytes,   66540200 total
- age  13:      91800 bytes,   66632000 total
- age  14:      75104 bytes,   66707104 total
- age  15:     139288 bytes,   66846392 total
, 0.0803458 secs]
   [Parallel Time: 76.2 ms, GC Workers: 4]
      [GC Worker Start (ms): Min: 1254163.2, Avg: 1254165.1, Max: 1254167.0, Diff: 3.8]
      [Ext Root Scanning (ms): Min: 4.5, Avg: 6.4, Max: 8.5, Diff: 4.0, Sum: 25.7]
      [Update RS (ms): Min: 11.1, Avg: 11.2, Max: 11.3, Diff: 0.2, Sum: 44.8]
         [Processed Buffers: Min: 14, Avg: 24.8, Max: 40, Diff: 26, Sum: 99]
      [Scan RS (ms): Min: 0.2, Avg: 0.4, Max: 0.5, Diff: 0.3, Sum: 1.6]
      [Code Root Scanning (ms): Min: 0.0, Avg: 0.1, Max: 0.1, Diff: 0.1, Sum: 0.3]
      [Object Copy (ms): Min: 55.8, Avg: 56.0, Max: 56.2, Diff: 0.4, Sum: 224.2]
      [Termination (ms): Min: 0.0, Avg: 0.1, Max: 0.1, Diff: 0.0, Sum: 0.2]
         [Termination Attempts: Min: 11, Avg: 16.5, Max: 26, Diff: 15, Sum: 66]
      [GC Worker Other (ms): Min: 0.0, Avg: 0.1, Max: 0.1, Diff: 0.1, Sum: 0.2]
      [GC Worker Total (ms): Min: 72.3, Avg: 74.2, Max: 76.1, Diff: 3.8, Sum: 296.9]
      [GC Worker End (ms): Min: 1254239.3, Avg: 1254239.3, Max: 1254239.4, Diff: 0.0]
   [Code Root Fixup: 0.1 ms]
   [Code Root Purge: 0.0 ms]
   [Clear CT: 0.4 ms]
   [Other: 3.7 ms]
      [Choose CSet: 0.0 ms]
      [Ref Proc: 1.7 ms]
      [Ref Enq: 0.2 ms]
      [Redirty Cards: 0.2 ms]
      [Humongous Register: 0.1 ms]
      [Humongous Reclaim: 0.1 ms]
      [Free CSet: 1.0 ms]
   [Eden: 1054.0M(1054.0M)->0.0B(1072.0M) Survivors: 67584.0K->49152.0K Heap: 1538.1M(1868.0M)->464.3M(1868.0M)]
Heap after GC invocations=136 (full 0):
 garbage-first heap   total 1912832K, used 475451K [0x000000008b400000, 0x000000008b503a60, 0x0000000100000000)
  region size 1024K, 48 young (49152K), 48 survivors (49152K)
 Metaspace       used 147248K, capacity 154379K, committed 154544K, reserved 1183744K
  class space    used 19733K, capacity 21067K, committed 21168K, reserved 1048576K
}
 [Times: user=0.21 sys=0.03, real=0.08 secs] 
2020-07-20T09:30:18.308+0000: 1254.244: Total time for which application threads were stopped: 0.0827341 seconds, Stopping threads took: 0.0007553 seconds
{Heap before GC invocations=136 (full 0):
 garbage-first heap   total 1912832K, used 1575227K [0x000000008b400000, 0x000000008b503a60, 0x0000000100000000)
  region size 1024K, 1120 young (1146880K), 48 survivors (49152K)
 Metaspace       used 147248K, capacity 154379K, committed 154544K, reserved 1183744K
  class space    used 19733K, capacity 21067K, committed 21168K, reserved 1048576K
2020-07-20T09:30:21.682+0000: 1257.618: [GC pause (G1 Evacuation Pause) (young)
Desired survivor size 73400320 bytes, new threshold 15 (max 15)
- age   1:   29886272 bytes,   29886272 total
- age   2:    9356080 bytes,   39242352 total
- age   3:    1632992 bytes,   40875344 total
- age   4:    1931328 bytes,   42806672 total
- age   5:    1616112 bytes,   44422784 total
- age   6:    1443352 bytes,   45866136 total
- age   7:     938272 bytes,   46804408 total
- age   8:     449384 bytes,   47253792 total
- age   9:     148736 bytes,   47402528 total
- age  10:     150656 bytes,   47553184 total
- age  11:      96304 bytes,   47649488 total
- age  12:     104064 bytes,   47753552 total
- age  13:      84768 bytes,   47838320 total
- age  14:      86552 bytes,   47924872 total
- age  15:      75048 bytes,   47999920 total
, 0.0916763 secs]
   [Parallel Time: 87.1 ms, GC Workers: 4]
      [GC Worker Start (ms): Min: 1257618.9, Avg: 1257618.9, Max: 1257619.0, Diff: 0.1]
      [Ext Root Scanning (ms): Min: 5.0, Avg: 5.1, Max: 5.3, Diff: 0.3, Sum: 20.5]
      [Update RS (ms): Min: 10.2, Avg: 10.3, Max: 10.5, Diff: 0.3, Sum: 41.1]
         [Processed Buffers: Min: 9, Avg: 24.2, Max: 43, Diff: 34, Sum: 97]
      [Scan RS (ms): Min: 0.2, Avg: 0.3, Max: 0.4, Diff: 0.2, Sum: 1.3]
      [Code Root Scanning (ms): Min: 0.0, Avg: 0.0, Max: 0.1, Diff: 0.1, Sum: 0.2]
      [Object Copy (ms): Min: 70.9, Avg: 71.0, Max: 71.1, Diff: 0.2, Sum: 284.0]
      [Termination (ms): Min: 0.0, Avg: 0.1, Max: 0.1, Diff: 0.1, Sum: 0.3]
         [Termination Attempts: Min: 2, Avg: 6.0, Max: 10, Diff: 8, Sum: 24]
      [GC Worker Other (ms): Min: 0.0, Avg: 0.0, Max: 0.0, Diff: 0.0, Sum: 0.1]
      [GC Worker Total (ms): Min: 86.8, Avg: 86.8, Max: 86.9, Diff: 0.1, Sum: 347.4]
      [GC Worker End (ms): Min: 1257705.8, Avg: 1257705.8, Max: 1257705.8, Diff: 0.0]
   [Code Root Fixup: 0.1 ms]
   [Code Root Purge: 0.0 ms]
   [Clear CT: 0.4 ms]
   [Other: 4.2 ms]
      [Choose CSet: 0.0 ms]
      [Ref Proc: 2.0 ms]
      [Ref Enq: 0.1 ms]
      [Redirty Cards: 0.3 ms]
      [Humongous Register: 0.2 ms]
      [Humongous Reclaim: 0.0 ms]
      [Free CSet: 1.0 ms]
   [Eden: 1072.0M(1072.0M)->0.0B(1047.0M) Survivors: 49152.0K->74752.0K Heap: 1538.3M(1868.0M)->491.4M(1868.0M)]
Heap after GC invocations=137 (full 0):
 garbage-first heap   total 1912832K, used 503194K [0x000000008b400000, 0x000000008b503a60, 0x0000000100000000)
  region size 1024K, 73 young (74752K), 73 survivors (74752K)
 Metaspace       used 147248K, capacity 154379K, committed 154544K, reserved 1183744K
  class space    used 19733K, capacity 21067K, committed 21168K, reserved 1048576K
}
 [Times: user=0.29 sys=0.01, real=0.09 secs] 
2020-07-20T09:30:21.774+0000: 1257.710: Total time for which application threads were stopped: 0.0929662 seconds, Stopping threads took: 0.0002245 seconds
{Heap before GC invocations=137 (full 0):
 garbage-first heap   total 1912832K, used 1579418K [0x000000008b400000, 0x000000008b503a60, 0x0000000100000000)
  region size 1024K, 1120 young (1146880K), 73 survivors (74752K)
 Metaspace       used 147256K, capacity 154383K, committed 154544K, reserved 1183744K
  class space    used 19733K, capacity 21067K, committed 21168K, reserved 1048576K
2020-07-20T09:30:24.834+0000: 1260.770: [GC pause (G1 Evacuation Pause) (young)
Desired survivor size 73400320 bytes, new threshold 7 (max 15)
- age   1:   36623288 bytes,   36623288 total
- age   2:   23180104 bytes,   59803392 total
- age   3:    9264784 bytes,   69068176 total
- age   4:    1440392 bytes,   70508568 total
- age   5:    1703976 bytes,   72212544 total
- age   6:     738032 bytes,   72950576 total
- age   7:     512872 bytes,   73463448 total
- age   8:     286024 bytes,   73749472 total
- age   9:     360944 bytes,   74110416 total
- age  10:     148304 bytes,   74258720 total
- age  11:     150592 bytes,   74409312 total
- age  12:      96272 bytes,   74505584 total
- age  13:     101616 bytes,   74607200 total
- age  14:      82992 bytes,   74690192 total
- age  15:      86408 bytes,   74776600 total
, 0.0621527 secs]
   [Parallel Time: 57.9 ms, GC Workers: 4]
      [GC Worker Start (ms): Min: 1260770.1, Avg: 1260770.1, Max: 1260770.1, Diff: 0.0]
      [Ext Root Scanning (ms): Min: 5.0, Avg: 5.1, Max: 5.3, Diff: 0.3, Sum: 20.4]
      [Update RS (ms): Min: 8.0, Avg: 8.0, Max: 8.0, Diff: 0.1, Sum: 32.0]
         [Processed Buffers: Min: 19, Avg: 25.8, Max: 42, Diff: 23, Sum: 103]
      [Scan RS (ms): Min: 0.2, Avg: 0.3, Max: 0.3, Diff: 0.0, Sum: 1.0]
      [Code Root Scanning (ms): Min: 0.0, Avg: 0.0, Max: 0.1, Diff: 0.1, Sum: 0.2]
      [Object Copy (ms): Min: 44.2, Avg: 44.3, Max: 44.4, Diff: 0.2, Sum: 177.3]
      [Termination (ms): Min: 0.0, Avg: 0.0, Max: 0.0, Diff: 0.0, Sum: 0.1]
         [Termination Attempts: Min: 6, Avg: 11.8, Max: 17, Diff: 11, Sum: 47]
      [GC Worker Other (ms): Min: 0.0, Avg: 0.0, Max: 0.1, Diff: 0.0, Sum: 0.2]
      [GC Worker Total (ms): Min: 57.8, Avg: 57.8, Max: 57.8, Diff: 0.0, Sum: 231.1]
      [GC Worker End (ms): Min: 1260827.9, Avg: 1260827.9, Max: 1260827.9, Diff: 0.0]
   [Code Root Fixup: 0.1 ms]
   [Code Root Purge: 0.0 ms]
   [Clear CT: 0.4 ms]
   [Other: 3.9 ms]
      [Choose CSet: 0.0 ms]
      [Ref Proc: 1.9 ms]
      [Ref Enq: 0.1 ms]
      [Redirty Cards: 0.2 ms]
      [Humongous Register: 0.2 ms]
      [Humongous Reclaim: 0.1 ms]
      [Free CSet: 0.9 ms]
   [Eden: 1047.0M(1047.0M)->0.0B(1072.0M) Survivors: 74752.0K->49152.0K Heap: 1542.4M(1868.0M)->467.4M(1868.0M)]
Heap after GC invocations=138 (full 0):
 garbage-first heap   total 1912832K, used 478640K [0x000000008b400000, 0x000000008b503a60, 0x0000000100000000)
  region size 1024K, 48 young (49152K), 48 survivors (49152K)
 Metaspace       used 147256K, capacity 154383K, committed 154544K, reserved 1183744K
  class space    used 19733K, capacity 21067K, committed 21168K, reserved 1048576K
}
 [Times: user=0.19 sys=0.01, real=0.06 secs] 
2020-07-20T09:30:24.896+0000: 1260.832: Total time for which application threads were stopped: 0.0670360 seconds, Stopping threads took: 0.0036250 seconds
{Heap before GC invocations=138 (full 0):
 garbage-first heap   total 1912832K, used 1576368K [0x000000008b400000, 0x000000008b503a60, 0x0000000100000000)
  region size 1024K, 1120 young (1146880K), 48 survivors (49152K)
 Metaspace       used 147265K, capacity 154383K, committed 154544K, reserved 1183744K
  class space    used 19733K, capacity 21067K, committed 21168K, reserved 1048576K
2020-07-20T09:30:28.046+0000: 1263.982: [GC pause (G1 Evacuation Pause) (young)
Desired survivor size 73400320 bytes, new threshold 15 (max 15)
- age   1:   25044952 bytes,   25044952 total
- age   2:   18290552 bytes,   43335504 total
- age   3:     249352 bytes,   43584856 total
- age   4:     433064 bytes,   44017920 total
- age   5:     441664 bytes,   44459584 total
- age   6:    1663760 bytes,   46123344 total
- age   7:     655264 bytes,   46778608 total
, 0.0568491 secs]
   [Parallel Time: 52.6 ms, GC Workers: 4]
      [GC Worker Start (ms): Min: 1263982.3, Avg: 1263982.4, Max: 1263982.4, Diff: 0.1]
      [Ext Root Scanning (ms): Min: 5.7, Avg: 5.9, Max: 6.1, Diff: 0.4, Sum: 23.5]
      [Update RS (ms): Min: 11.8, Avg: 11.9, Max: 11.9, Diff: 0.1, Sum: 47.4]
         [Processed Buffers: Min: 19, Avg: 26.0, Max: 43, Diff: 24, Sum: 104]
      [Scan RS (ms): Min: 0.4, Avg: 0.4, Max: 0.4, Diff: 0.1, Sum: 1.6]
      [Code Root Scanning (ms): Min: 0.0, Avg: 0.0, Max: 0.1, Diff: 0.0, Sum: 0.1]
      [Object Copy (ms): Min: 34.0, Avg: 34.2, Max: 34.3, Diff: 0.3, Sum: 136.7]
      [Termination (ms): Min: 0.0, Avg: 0.0, Max: 0.1, Diff: 0.0, Sum: 0.1]
         [Termination Attempts: Min: 1, Avg: 1.8, Max: 2, Diff: 1, Sum: 7]
      [GC Worker Other (ms): Min: 0.0, Avg: 0.0, Max: 0.1, Diff: 0.1, Sum: 0.2]
      [GC Worker Total (ms): Min: 52.3, Avg: 52.4, Max: 52.5, Diff: 0.1, Sum: 209.6]
      [GC Worker End (ms): Min: 1264034.7, Avg: 1264034.8, Max: 1264034.8, Diff: 0.1]
   [Code Root Fixup: 0.0 ms]
   [Code Root Purge: 0.0 ms]
   [Clear CT: 0.3 ms]
   [Other: 3.9 ms]
      [Choose CSet: 0.0 ms]
      [Ref Proc: 2.0 ms]
      [Ref Enq: 0.2 ms]
      [Redirty Cards: 0.2 ms]
      [Humongous Register: 0.1 ms]
      [Humongous Reclaim: 0.1 ms]
      [Free CSet: 1.0 ms]
   [Eden: 1072.0M(1072.0M)->0.0B(1086.0M) Survivors: 49152.0K->34816.0K Heap: 1539.4M(1868.0M)->449.4M(1868.0M)]
Heap after GC invocations=139 (full 0):
 garbage-first heap   total 1912832K, used 460208K [0x000000008b400000, 0x000000008b503a60, 0x0000000100000000)
  region size 1024K, 34 young (34816K), 34 survivors (34816K)
 Metaspace       used 147265K, capacity 154383K, committed 154544K, reserved 1183744K
  class space    used 19733K, capacity 21067K, committed 21168K, reserved 1048576K
}
 [Times: user=0.18 sys=0.00, real=0.06 secs] 
2020-07-20T09:30:28.103+0000: 1264.039: Total time for which application threads were stopped: 0.0619732 seconds, Stopping threads took: 0.0035943 seconds
{Heap before GC invocations=139 (full 0):
 garbage-first heap   total 1912832K, used 1574320K [0x000000008b400000, 0x000000008b503a60, 0x0000000100000000)
  region size 1024K, 1120 young (1146880K), 34 survivors (34816K)
 Metaspace       used 147266K, capacity 154383K, committed 154544K, reserved 1183744K
  class space    used 19733K, capacity 21067K, committed 21168K, reserved 1048576K
2020-07-20T09:30:31.548+0000: 1267.484: [GC pause (G1 Evacuation Pause) (young)
Desired survivor size 73400320 bytes, new threshold 15 (max 15)
- age   1:   25587176 bytes,   25587176 total
- age   2:    3172656 bytes,   28759832 total
- age   3:     358320 bytes,   29118152 total
- age   4:     241792 bytes,   29359944 total
- age   5:     432824 bytes,   29792768 total
- age   6:     424904 bytes,   30217672 total
- age   7:    1659752 bytes,   31877424 total
- age   8:     641472 bytes,   32518896 total
, 0.0750497 secs]
   [Parallel Time: 70.5 ms, GC Workers: 4]
      [GC Worker Start (ms): Min: 1267484.0, Avg: 1267484.0, Max: 1267484.1, Diff: 0.1]
      [Ext Root Scanning (ms): Min: 5.5, Avg: 5.6, Max: 5.8, Diff: 0.4, Sum: 22.4]
      [Update RS (ms): Min: 7.0, Avg: 7.0, Max: 7.1, Diff: 0.1, Sum: 28.1]
         [Processed Buffers: Min: 13, Avg: 23.5, Max: 33, Diff: 20, Sum: 94]
      [Scan RS (ms): Min: 0.3, Avg: 0.3, Max: 0.4, Diff: 0.1, Sum: 1.3]
      [Code Root Scanning (ms): Min: 0.0, Avg: 0.0, Max: 0.0, Diff: 0.0, Sum: 0.1]
      [Object Copy (ms): Min: 56.8, Avg: 57.1, Max: 57.5, Diff: 0.6, Sum: 228.5]
      [Termination (ms): Min: 0.0, Avg: 0.3, Max: 0.4, Diff: 0.4, Sum: 1.2]
         [Termination Attempts: Min: 2, Avg: 7.5, Max: 10, Diff: 8, Sum: 30]
      [GC Worker Other (ms): Min: 0.0, Avg: 0.0, Max: 0.1, Diff: 0.0, Sum: 0.2]
      [GC Worker Total (ms): Min: 70.4, Avg: 70.4, Max: 70.5, Diff: 0.1, Sum: 281.8]
      [GC Worker End (ms): Min: 1267554.5, Avg: 1267554.5, Max: 1267554.5, Diff: 0.0]
   [Code Root Fixup: 0.0 ms]
   [Code Root Purge: 0.0 ms]
   [Clear CT: 0.4 ms]
   [Other: 4.0 ms]
      [Choose CSet: 0.0 ms]
      [Ref Proc: 1.9 ms]
      [Ref Enq: 0.1 ms]
      [Redirty Cards: 0.5 ms]
      [Humongous Register: 0.1 ms]
      [Humongous Reclaim: 0.0 ms]
      [Free CSet: 1.0 ms]
   [Eden: 1086.0M(1086.0M)->0.0B(1059.0M) Survivors: 34816.0K->62464.0K Heap: 1537.4M(1868.0M)->478.4M(1868.0M)]
Heap after GC invocations=140 (full 0):
 garbage-first heap   total 1912832K, used 489904K [0x000000008b400000, 0x000000008b503a60, 0x0000000100000000)
  region size 1024K, 61 young (62464K), 61 survivors (62464K)
 Metaspace       used 147266K, capacity 154383K, committed 154544K, reserved 1183744K
  class space    used 19733K, capacity 21067K, committed 21168K, reserved 1048576K
}
 [Times: user=0.25 sys=0.00, real=0.08 secs] 
2020-07-20T09:30:31.623+0000: 1267.559: Total time for which application threads were stopped: 0.0837462 seconds, Stopping threads took: 0.0072675 seconds
{Heap before GC invocations=140 (full 0):
 garbage-first heap   total 1912832K, used 1576368K [0x000000008b400000, 0x000000008b503a60, 0x0000000100000000)
  region size 1024K, 1120 young (1146880K), 61 survivors (62464K)
 Metaspace       used 147268K, capacity 154383K, committed 154544K, reserved 1183744K
  class space    used 19733K, capacity 21067K, committed 21168K, reserved 1048576K
2020-07-20T09:30:34.677+0000: 1270.613: [GC pause (G1 Evacuation Pause) (young)
Desired survivor size 73400320 bytes, new threshold 15 (max 15)
- age   1:   35677392 bytes,   35677392 total
- age   2:   19093480 bytes,   54770872 total
- age   3:    3155848 bytes,   57926720 total
- age   4:     357960 bytes,   58284680 total
- age   5:     241616 bytes,   58526296 total
- age   6:     432760 bytes,   58959056 total
- age   7:     424808 bytes,   59383864 total
- age   8:    1652560 bytes,   61036424 total
- age   9:     627184 bytes,   61663608 total
, 0.0535527 secs]
   [Parallel Time: 48.4 ms, GC Workers: 4]
      [GC Worker Start (ms): Min: 1270613.9, Avg: 1270613.9, Max: 1270614.0, Diff: 0.1]
      [Ext Root Scanning (ms): Min: 4.8, Avg: 5.0, Max: 5.1, Diff: 0.3, Sum: 19.9]
      [Update RS (ms): Min: 9.1, Avg: 9.2, Max: 9.3, Diff: 0.2, Sum: 36.7]
         [Processed Buffers: Min: 11, Avg: 24.0, Max: 38, Diff: 27, Sum: 96]
      [Scan RS (ms): Min: 0.3, Avg: 0.4, Max: 0.4, Diff: 0.1, Sum: 1.5]
      [Code Root Scanning (ms): Min: 0.0, Avg: 0.0, Max: 0.0, Diff: 0.0, Sum: 0.1]
      [Object Copy (ms): Min: 33.4, Avg: 33.5, Max: 33.7, Diff: 0.3, Sum: 134.2]
      [Termination (ms): Min: 0.0, Avg: 0.0, Max: 0.0, Diff: 0.0, Sum: 0.0]
         [Termination Attempts: Min: 1, Avg: 1.0, Max: 1, Diff: 0, Sum: 4]
      [GC Worker Other (ms): Min: 0.1, Avg: 0.1, Max: 0.1, Diff: 0.0, Sum: 0.3]
      [GC Worker Total (ms): Min: 48.1, Avg: 48.2, Max: 48.2, Diff: 0.1, Sum: 192.6]
      [GC Worker End (ms): Min: 1270662.1, Avg: 1270662.1, Max: 1270662.1, Diff: 0.0]
   [Code Root Fixup: 0.0 ms]
   [Code Root Purge: 0.0 ms]
   [Clear CT: 0.4 ms]
   [Other: 4.7 ms]
      [Choose CSet: 0.0 ms]
      [Ref Proc: 2.6 ms]
      [Ref Enq: 0.1 ms]
      [Redirty Cards: 0.3 ms]
      [Humongous Register: 0.2 ms]
      [Humongous Reclaim: 0.1 ms]
      [Free CSet: 0.9 ms]
   [Eden: 1059.0M(1059.0M)->0.0B(1081.0M) Survivors: 62464.0K->39936.0K Heap: 1539.4M(1868.0M)->456.4M(1868.0M)]
Heap after GC invocations=141 (full 0):
 garbage-first heap   total 1912832K, used 467376K [0x000000008b400000, 0x000000008b503a60, 0x0000000100000000)
  region size 1024K, 39 young (39936K), 39 survivors (39936K)
 Metaspace       used 147268K, capacity 154383K, committed 154544K, reserved 1183744K
  class space    used 19733K, capacity 21067K, committed 21168K, reserved 1048576K
}
 [Times: user=0.18 sys=0.00, real=0.05 secs] 
2020-07-20T09:30:34.731+0000: 1270.667: Total time for which application threads were stopped: 0.0602534 seconds, Stopping threads took: 0.0054941 seconds
{Heap before GC invocations=141 (full 0):
 garbage-first heap   total 1912832K, used 1576368K [0x000000008b400000, 0x000000008b503a60, 0x0000000100000000)
  region size 1024K, 1120 young (1146880K), 39 survivors (39936K)
 Metaspace       used 147269K, capacity 154383K, committed 154544K, reserved 1183744K
  class space    used 19733K, capacity 21067K, committed 21168K, reserved 1048576K
2020-07-20T09:30:37.802+0000: 1273.738: [GC pause (G1 Evacuation Pause) (young)
Desired survivor size 73400320 bytes, new threshold 15 (max 15)
- age   1:   22171488 bytes,   22171488 total
- age   2:   11996400 bytes,   34167888 total
- age   3:     243512 bytes,   34411400 total
- age   4:     390560 bytes,   34801960 total
- age   5:     281880 bytes,   35083840 total
- age   6:     195808 bytes,   35279648 total
- age   7:     381928 bytes,   35661576 total
- age   8:     389352 bytes,   36050928 total
- age   9:    1636256 bytes,   37687184 total
- age  10:     453872 bytes,   38141056 total
, 0.0792857 secs]
   [Parallel Time: 75.0 ms, GC Workers: 4]
      [GC Worker Start (ms): Min: 1273737.8, Avg: 1273737.9, Max: 1273737.9, Diff: 0.1]
      [Ext Root Scanning (ms): Min: 5.6, Avg: 6.1, Max: 6.6, Diff: 0.9, Sum: 24.2]
      [Update RS (ms): Min: 12.2, Avg: 12.8, Max: 14.4, Diff: 2.2, Sum: 51.1]
         [Processed Buffers: Min: 16, Avg: 26.2, Max: 36, Diff: 20, Sum: 105]
      [Scan RS (ms): Min: 0.1, Avg: 0.3, Max: 0.4, Diff: 0.3, Sum: 1.1]
      [Code Root Scanning (ms): Min: 0.0, Avg: 0.0, Max: 0.1, Diff: 0.1, Sum: 0.2]
      [Object Copy (ms): Min: 51.5, Avg: 54.0, Max: 56.2, Diff: 4.8, Sum: 215.9]
      [Termination (ms): Min: 0.0, Avg: 1.7, Max: 2.3, Diff: 2.3, Sum: 6.9]
         [Termination Attempts: Min: 1, Avg: 4.5, Max: 8, Diff: 7, Sum: 18]
      [GC Worker Other (ms): Min: 0.0, Avg: 0.0, Max: 0.0, Diff: 0.0, Sum: 0.1]
      [GC Worker Total (ms): Min: 74.8, Avg: 74.9, Max: 74.9, Diff: 0.1, Sum: 299.5]
      [GC Worker End (ms): Min: 1273812.7, Avg: 1273812.7, Max: 1273812.8, Diff: 0.1]
   [Code Root Fixup: 0.1 ms]
   [Code Root Purge: 0.0 ms]
   [Clear CT: 0.4 ms]
   [Other: 3.8 ms]
      [Choose CSet: 0.0 ms]
      [Ref Proc: 1.9 ms]
      [Ref Enq: 0.1 ms]
      [Redirty Cards: 0.2 ms]
      [Humongous Register: 0.1 ms]
      [Humongous Reclaim: 0.0 ms]
      [Free CSet: 0.9 ms]
   [Eden: 1081.0M(1081.0M)->0.0B(1060.0M) Survivors: 39936.0K->61440.0K Heap: 1539.4M(1868.0M)->479.9M(1868.0M)]
Heap after GC invocations=142 (full 0):
 garbage-first heap   total 1912832K, used 491440K [0x000000008b400000, 0x000000008b503a60, 0x0000000100000000)
  region size 1024K, 60 young (61440K), 60 survivors (61440K)
 Metaspace       used 147269K, capacity 154383K, committed 154544K, reserved 1183744K
  class space    used 19733K, capacity 21067K, committed 21168K, reserved 1048576K
}
 [Times: user=0.24 sys=0.01, real=0.08 secs] 
2020-07-20T09:30:37.881+0000: 1273.817: Total time for which application threads were stopped: 0.0858442 seconds, Stopping threads took: 0.0054281 seconds
{Heap before GC invocations=142 (full 0):
 garbage-first heap   total 1912832K, used 1576880K [0x000000008b400000, 0x000000008b503a60, 0x0000000100000000)
  region size 1024K, 1120 young (1146880K), 60 survivors (61440K)
 Metaspace       used 147273K, capacity 154383K, committed 154544K, reserved 1183744K
  class space    used 19734K, capacity 21067K, committed 21168K, reserved 1048576K
2020-07-20T09:30:40.793+0000: 1276.729: [GC pause (G1 Evacuation Pause) (young)
Desired survivor size 73400320 bytes, new threshold 15 (max 15)
- age   1:   29295384 bytes,   29295384 total
- age   2:   16139536 bytes,   45434920 total
- age   3:   11532712 bytes,   56967632 total
- age   4:     242912 bytes,   57210544 total
- age   5:     388816 bytes,   57599360 total
- age   6:     262320 bytes,   57861680 total
- age   7:     193832 bytes,   58055512 total
- age   8:     380064 bytes,   58435576 total
- age   9:     384944 bytes,   58820520 total
- age  10:    1623984 bytes,   60444504 total
- age  11:     432264 bytes,   60876768 total
, 0.0530744 secs]
   [Parallel Time: 48.8 ms, GC Workers: 4]
      [GC Worker Start (ms): Min: 1276729.2, Avg: 1276729.3, Max: 1276729.3, Diff: 0.1]
      [Ext Root Scanning (ms): Min: 5.7, Avg: 5.9, Max: 6.1, Diff: 0.3, Sum: 23.6]
      [Update RS (ms): Min: 7.9, Avg: 8.0, Max: 8.0, Diff: 0.1, Sum: 32.0]
         [Processed Buffers: Min: 19, Avg: 25.8, Max: 43, Diff: 24, Sum: 103]
      [Scan RS (ms): Min: 0.2, Avg: 0.3, Max: 0.3, Diff: 0.1, Sum: 1.0]
      [Code Root Scanning (ms): Min: 0.0, Avg: 0.0, Max: 0.0, Diff: 0.0, Sum: 0.1]
      [Object Copy (ms): Min: 34.3, Avg: 34.4, Max: 34.6, Diff: 0.3, Sum: 137.6]
      [Termination (ms): Min: 0.0, Avg: 0.0, Max: 0.0, Diff: 0.0, Sum: 0.0]
         [Termination Attempts: Min: 1, Avg: 1.0, Max: 1, Diff: 0, Sum: 4]
      [GC Worker Other (ms): Min: 0.0, Avg: 0.1, Max: 0.1, Diff: 0.1, Sum: 0.2]
      [GC Worker Total (ms): Min: 48.6, Avg: 48.6, Max: 48.7, Diff: 0.2, Sum: 194.6]
      [GC Worker End (ms): Min: 1276777.9, Avg: 1276777.9, Max: 1276777.9, Diff: 0.1]
   [Code Root Fixup: 0.0 ms]
   [Code Root Purge: 0.0 ms]
   [Clear CT: 0.4 ms]
   [Other: 3.8 ms]
      [Choose CSet: 0.0 ms]
      [Ref Proc: 2.0 ms]
      [Ref Enq: 0.1 ms]
      [Redirty Cards: 0.2 ms]
      [Humongous Register: 0.1 ms]
      [Humongous Reclaim: 0.0 ms]
      [Free CSet: 1.0 ms]
   [Eden: 1060.0M(1060.0M)->0.0B(1079.0M) Survivors: 61440.0K->41984.0K Heap: 1539.9M(1868.0M)->458.4M(1868.0M)]
Heap after GC invocations=143 (full 0):
 garbage-first heap   total 1912832K, used 469424K [0x000000008b400000, 0x000000008b503a60, 0x0000000100000000)
  region size 1024K, 41 young (41984K), 41 survivors (41984K)
 Metaspace       used 147273K, capacity 154383K, committed 154544K, reserved 1183744K
  class space    used 19734K, capacity 21067K, committed 21168K, reserved 1048576K
}
 [Times: user=0.15 sys=0.02, real=0.05 secs] 
2020-07-20T09:30:40.847+0000: 1276.782: Total time for which application threads were stopped: 0.0544662 seconds, Stopping threads took: 0.0003194 seconds
{Heap before GC invocations=143 (full 0):
 garbage-first heap   total 1912832K, used 1576368K [0x000000008b400000, 0x000000008b503a60, 0x0000000100000000)
  region size 1024K, 1120 young (1146880K), 41 survivors (41984K)
 Metaspace       used 147274K, capacity 154383K, committed 154544K, reserved 1183744K
  class space    used 19734K, capacity 21067K, committed 21168K, reserved 1048576K
2020-07-20T09:30:43.802+0000: 1279.738: [GC pause (G1 Evacuation Pause) (young)
Desired survivor size 73400320 bytes, new threshold 15 (max 15)
- age   1:   24259000 bytes,   24259000 total
- age   2:   11518232 bytes,   35777232 total
- age   3:    1004048 bytes,   36781280 total
- age   4:     274064 bytes,   37055344 total
- age   5:     242704 bytes,   37298048 total
- age   6:     388608 bytes,   37686656 total
- age   7:     261000 bytes,   37947656 total
- age   8:     187672 bytes,   38135328 total
- age   9:     380032 bytes,   38515360 total
- age  10:     383944 bytes,   38899304 total
- age  11:     152688 bytes,   39051992 total
- age  12:     432264 bytes,   39484256 total
, 0.0804433 secs]
   [Parallel Time: 76.2 ms, GC Workers: 4]
      [GC Worker Start (ms): Min: 1279738.4, Avg: 1279738.4, Max: 1279738.4, Diff: 0.1]
      [Ext Root Scanning (ms): Min: 6.3, Avg: 7.0, Max: 9.0, Diff: 2.7, Sum: 28.1]
      [Update RS (ms): Min: 8.3, Avg: 10.0, Max: 10.5, Diff: 2.2, Sum: 39.8]
         [Processed Buffers: Min: 16, Avg: 24.0, Max: 29, Diff: 13, Sum: 96]
      [Scan RS (ms): Min: 0.3, Avg: 0.4, Max: 0.4, Diff: 0.1, Sum: 1.5]
      [Code Root Scanning (ms): Min: 0.0, Avg: 0.0, Max: 0.1, Diff: 0.0, Sum: 0.2]
      [Object Copy (ms): Min: 58.2, Avg: 58.6, Max: 58.8, Diff: 0.6, Sum: 234.4]
      [Termination (ms): Min: 0.0, Avg: 0.1, Max: 0.1, Diff: 0.1, Sum: 0.2]
         [Termination Attempts: Min: 1, Avg: 7.2, Max: 12, Diff: 11, Sum: 29]
      [GC Worker Other (ms): Min: 0.0, Avg: 0.0, Max: 0.1, Diff: 0.0, Sum: 0.2]
      [GC Worker Total (ms): Min: 76.0, Avg: 76.1, Max: 76.1, Diff: 0.1, Sum: 304.4]
      [GC Worker End (ms): Min: 1279814.5, Avg: 1279814.5, Max: 1279814.5, Diff: 0.1]
   [Code Root Fixup: 0.1 ms]
   [Code Root Purge: 0.0 ms]
   [Clear CT: 0.4 ms]
   [Other: 3.7 ms]
      [Choose CSet: 0.0 ms]
      [Ref Proc: 1.9 ms]
      [Ref Enq: 0.1 ms]
      [Redirty Cards: 0.2 ms]
      [Humongous Register: 0.1 ms]
      [Humongous Reclaim: 0.0 ms]
      [Free CSet: 1.0 ms]
   [Eden: 1079.0M(1079.0M)->0.0B(1060.0M) Survivors: 41984.0K->61440.0K Heap: 1539.4M(1868.0M)->479.9M(1868.0M)]
Heap after GC invocations=144 (full 0):
 garbage-first heap   total 1912832K, used 491440K [0x000000008b400000, 0x000000008b503a60, 0x0000000100000000)
  region size 1024K, 60 young (61440K), 60 survivors (61440K)
 Metaspace       used 147274K, capacity 154383K, committed 154544K, reserved 1183744K
  class space    used 19734K, capacity 21067K, committed 21168K, reserved 1048576K
}
 [Times: user=0.27 sys=0.00, real=0.08 secs] 
2020-07-20T09:30:43.883+0000: 1279.819: Total time for which application threads were stopped: 0.0854199 seconds, Stopping threads took: 0.0033193 seconds
{Heap before GC invocations=144 (full 0):
 garbage-first heap   total 1912832K, used 1576880K [0x000000008b400000, 0x000000008b503a60, 0x0000000100000000)
  region size 1024K, 1120 young (1146880K), 60 survivors (61440K)
 Metaspace       used 147274K, capacity 154383K, committed 154544K, reserved 1183744K
  class space    used 19734K, capacity 21067K, committed 21168K, reserved 1048576K
2020-07-20T09:30:46.848+0000: 1282.784: [GC pause (G1 Evacuation Pause) (young)
Desired survivor size 73400320 bytes, new threshold 15 (max 15)
- age   1:   29067432 bytes,   29067432 total
- age   2:   17750456 bytes,   46817888 total
- age   3:   11133832 bytes,   57951720 total
- age   4:    1003672 bytes,   58955392 total
- age   5:     273880 bytes,   59229272 total
- age   6:     242544 bytes,   59471816 total
- age   7:     388320 bytes,   59860136 total
- age   8:     259632 bytes,   60119768 total
- age   9:     187608 bytes,   60307376 total
- age  10:     380032 bytes,   60687408 total
- age  11:     381984 bytes,   61069392 total
- age  12:     152688 bytes,   61222080 total
- age  13:     432264 bytes,   61654344 total
, 0.0579403 secs]
   [Parallel Time: 52.4 ms, GC Workers: 4]
      [GC Worker Start (ms): Min: 1282784.6, Avg: 1282784.6, Max: 1282784.7, Diff: 0.1]
      [Ext Root Scanning (ms): Min: 5.1, Avg: 5.2, Max: 5.3, Diff: 0.2, Sum: 20.7]
      [Update RS (ms): Min: 8.3, Avg: 8.4, Max: 8.6, Diff: 0.2, Sum: 33.6]
         [Processed Buffers: Min: 16, Avg: 23.2, Max: 31, Diff: 15, Sum: 93]
      [Scan RS (ms): Min: 0.2, Avg: 0.3, Max: 0.4, Diff: 0.2, Sum: 1.2]
      [Code Root Scanning (ms): Min: 0.0, Avg: 0.0, Max: 0.0, Diff: 0.0, Sum: 0.1]
      [Object Copy (ms): Min: 38.2, Avg: 38.3, Max: 38.4, Diff: 0.3, Sum: 153.2]
      [Termination (ms): Min: 0.0, Avg: 0.0, Max: 0.0, Diff: 0.0, Sum: 0.0]
         [Termination Attempts: Min: 1, Avg: 1.5, Max: 2, Diff: 1, Sum: 6]
      [GC Worker Other (ms): Min: 0.0, Avg: 0.1, Max: 0.1, Diff: 0.1, Sum: 0.2]
      [GC Worker Total (ms): Min: 52.2, Avg: 52.3, Max: 52.4, Diff: 0.1, Sum: 209.2]
      [GC Worker End (ms): Min: 1282836.9, Avg: 1282836.9, Max: 1282837.0, Diff: 0.1]
   [Code Root Fixup: 0.0 ms]
   [Code Root Purge: 0.0 ms]
   [Clear CT: 0.5 ms]
   [Other: 5.0 ms]
      [Choose CSet: 0.0 ms]
      [Ref Proc: 3.1 ms]
      [Ref Enq: 0.1 ms]
      [Redirty Cards: 0.3 ms]
      [Humongous Register: 0.1 ms]
      [Humongous Reclaim: 0.1 ms]
      [Free CSet: 0.9 ms]
   [Eden: 1060.0M(1060.0M)->0.0B(1075.0M) Survivors: 61440.0K->46080.0K Heap: 1539.9M(1868.0M)->462.4M(1868.0M)]
Heap after GC invocations=145 (full 0):
 garbage-first heap   total 1912832K, used 473520K [0x000000008b400000, 0x000000008b503a60, 0x0000000100000000)
  region size 1024K, 45 young (46080K), 45 survivors (46080K)
 Metaspace       used 147274K, capacity 154383K, committed 154544K, reserved 1183744K
  class space    used 19734K, capacity 21067K, committed 21168K, reserved 1048576K
}
 [Times: user=0.19 sys=0.00, real=0.06 secs] 
2020-07-20T09:30:46.907+0000: 1282.843: Total time for which application threads were stopped: 0.0590051 seconds, Stopping threads took: 0.0002594 seconds
{Heap before GC invocations=145 (full 0):
 garbage-first heap   total 1912832K, used 1576368K [0x000000008b400000, 0x000000008b503a60, 0x0000000100000000)
  region size 1024K, 1120 young (1146880K), 45 survivors (46080K)
 Metaspace       used 147290K, capacity 154383K, committed 154544K, reserved 1183744K
  class space    used 19734K, capacity 21067K, committed 21168K, reserved 1048576K
2020-07-20T09:30:49.710+0000: 1285.646: [GC pause (G1 Evacuation Pause) (young)
Desired survivor size 73400320 bytes, new threshold 15 (max 15)
- age   1:   28151568 bytes,   28151568 total
- age   2:    8840584 bytes,   36992152 total
- age   3:    2583296 bytes,   39575448 total
- age   4:     835888 bytes,   40411336 total
- age   5:    1003512 bytes,   41414848 total
- age   6:     273704 bytes,   41688552 total
- age   7:     242416 bytes,   41930968 total
- age   8:     388128 bytes,   42319096 total
- age   9:     257712 bytes,   42576808 total
- age  10:     187576 bytes,   42764384 total
- age  11:     379944 bytes,   43144328 total
- age  12:     378104 bytes,   43522432 total
- age  13:     152512 bytes,   43674944 total
- age  14:     432120 bytes,   44107064 total
, 0.0805544 secs]
   [Parallel Time: 76.2 ms, GC Workers: 4]
      [GC Worker Start (ms): Min: 1285646.4, Avg: 1285646.5, Max: 1285646.5, Diff: 0.1]
      [Ext Root Scanning (ms): Min: 5.2, Avg: 5.3, Max: 5.5, Diff: 0.3, Sum: 21.3]
      [Update RS (ms): Min: 10.3, Avg: 10.6, Max: 11.2, Diff: 0.9, Sum: 42.2]
         [Processed Buffers: Min: 10, Avg: 24.0, Max: 44, Diff: 34, Sum: 96]
      [Scan RS (ms): Min: 0.2, Avg: 0.3, Max: 0.4, Diff: 0.2, Sum: 1.3]
      [Code Root Scanning (ms): Min: 0.0, Avg: 0.0, Max: 0.1, Diff: 0.1, Sum: 0.2]
      [Object Copy (ms): Min: 59.3, Avg: 59.7, Max: 60.0, Diff: 0.7, Sum: 238.8]
      [Termination (ms): Min: 0.0, Avg: 0.0, Max: 0.0, Diff: 0.0, Sum: 0.1]
         [Termination Attempts: Min: 9, Avg: 16.5, Max: 26, Diff: 17, Sum: 66]
      [GC Worker Other (ms): Min: 0.0, Avg: 0.0, Max: 0.1, Diff: 0.0, Sum: 0.2]
      [GC Worker Total (ms): Min: 76.0, Avg: 76.0, Max: 76.1, Diff: 0.1, Sum: 304.1]
      [GC Worker End (ms): Min: 1285722.5, Avg: 1285722.5, Max: 1285722.5, Diff: 0.0]
   [Code Root Fixup: 0.0 ms]
   [Code Root Purge: 0.0 ms]
   [Clear CT: 0.4 ms]
   [Other: 4.0 ms]
      [Choose CSet: 0.0 ms]
      [Ref Proc: 2.0 ms]
      [Ref Enq: 0.1 ms]
      [Redirty Cards: 0.2 ms]
      [Humongous Register: 0.1 ms]
      [Humongous Reclaim: 0.0 ms]
      [Free CSet: 1.0 ms]
   [Eden: 1075.0M(1075.0M)->0.0B(1055.0M) Survivors: 46080.0K->66560.0K Heap: 1539.4M(1868.0M)->484.4M(1868.0M)]
Heap after GC invocations=146 (full 0):
 garbage-first heap   total 1912832K, used 496048K [0x000000008b400000, 0x000000008b503a60, 0x0000000100000000)
  region size 1024K, 65 young (66560K), 65 survivors (66560K)
 Metaspace       used 147290K, capacity 154383K, committed 154544K, reserved 1183744K
  class space    used 19734K, capacity 21067K, committed 21168K, reserved 1048576K
}
 [Times: user=0.26 sys=0.00, real=0.08 secs] 
2020-07-20T09:30:49.791+0000: 1285.727: Total time for which application threads were stopped: 0.0829955 seconds, Stopping threads took: 0.0013986 seconds
{Heap before GC invocations=146 (full 0):
 garbage-first heap   total 1912832K, used 1578416K [0x000000008b400000, 0x000000008b503a60, 0x0000000100000000)
  region size 1024K, 1120 young (1146880K), 65 survivors (66560K)
 Metaspace       used 147293K, capacity 154383K, committed 154544K, reserved 1183744K
  class space    used 19734K, capacity 21067K, committed 21168K, reserved 1048576K
2020-07-20T09:30:53.086+0000: 1289.021: [GC pause (G1 Evacuation Pause) (young)
Desired survivor size 73400320 bytes, new threshold 15 (max 15)
- age   1:   31418384 bytes,   31418384 total
- age   2:   21459640 bytes,   52878024 total
- age   3:    7941112 bytes,   60819136 total
- age   4:    1875712 bytes,   62694848 total
- age   5:     328304 bytes,   63023152 total
- age   6:     297000 bytes,   63320152 total
- age   7:     273648 bytes,   63593800 total
- age   8:     235336 bytes,   63829136 total
- age   9:     368792 bytes,   64197928 total
- age  10:     256400 bytes,   64454328 total
- age  11:     184776 bytes,   64639104 total
- age  12:     378808 bytes,   65017912 total
- age  13:     376088 bytes,   65394000 total
- age  14:     152384 bytes,   65546384 total
- age  15:     432040 bytes,   65978424 total
, 0.0609459 secs]
   [Parallel Time: 56.0 ms, GC Workers: 4]
      [GC Worker Start (ms): Min: 1289021.7, Avg: 1289021.8, Max: 1289021.8, Diff: 0.1]
      [Ext Root Scanning (ms): Min: 5.2, Avg: 5.3, Max: 5.4, Diff: 0.3, Sum: 21.1]
      [Update RS (ms): Min: 9.2, Avg: 9.4, Max: 9.8, Diff: 0.6, Sum: 37.7]
         [Processed Buffers: Min: 15, Avg: 25.2, Max: 34, Diff: 19, Sum: 101]
      [Scan RS (ms): Min: 0.3, Avg: 0.3, Max: 0.4, Diff: 0.1, Sum: 1.3]
      [Code Root Scanning (ms): Min: 0.0, Avg: 0.0, Max: 0.1, Diff: 0.1, Sum: 0.1]
      [Object Copy (ms): Min: 40.4, Avg: 40.6, Max: 40.8, Diff: 0.4, Sum: 162.5]
      [Termination (ms): Min: 0.0, Avg: 0.0, Max: 0.0, Diff: 0.0, Sum: 0.1]
         [Termination Attempts: Min: 8, Avg: 11.8, Max: 15, Diff: 7, Sum: 47]
      [GC Worker Other (ms): Min: 0.0, Avg: 0.1, Max: 0.1, Diff: 0.1, Sum: 0.4]
      [GC Worker Total (ms): Min: 55.7, Avg: 55.8, Max: 55.9, Diff: 0.2, Sum: 223.3]
      [GC Worker End (ms): Min: 1289077.5, Avg: 1289077.6, Max: 1289077.6, Diff: 0.1]
   [Code Root Fixup: 0.1 ms]
   [Code Root Purge: 0.0 ms]
   [Clear CT: 0.6 ms]
   [Other: 4.3 ms]
      [Choose CSet: 0.0 ms]
      [Ref Proc: 2.3 ms]
      [Ref Enq: 0.2 ms]
      [Redirty Cards: 0.3 ms]
      [Humongous Register: 0.1 ms]
      [Humongous Reclaim: 0.1 ms]
      [Free CSet: 1.0 ms]
   [Eden: 1055.0M(1055.0M)->0.0B(1073.0M) Survivors: 66560.0K->48128.0K Heap: 1541.4M(1868.0M)->464.8M(1868.0M)]
Heap after GC invocations=147 (full 0):
 garbage-first heap   total 1912832K, used 476002K [0x000000008b400000, 0x000000008b503a60, 0x0000000100000000)
  region size 1024K, 47 young (48128K), 47 survivors (48128K)
 Metaspace       used 147293K, capacity 154383K, committed 154544K, reserved 1183744K
  class space    used 19734K, capacity 21067K, committed 21168K, reserved 1048576K
}
 [Times: user=0.20 sys=0.01, real=0.06 secs] 
2020-07-20T09:30:53.147+0000: 1289.083: Total time for which application threads were stopped: 0.0636996 seconds, Stopping threads took: 0.0018080 seconds
{Heap before GC invocations=147 (full 0):
 garbage-first heap   total 1912832K, used 1576802K [0x000000008b400000, 0x000000008b503a60, 0x0000000100000000)
  region size 1024K, 1120 young (1146880K), 47 survivors (48128K)
 Metaspace       used 147298K, capacity 154447K, committed 154800K, reserved 1183744K
  class space    used 19734K, capacity 21067K, committed 21168K, reserved 1048576K
2020-07-20T09:30:56.327+0000: 1292.263: [GC pause (G1 Evacuation Pause) (young)
Desired survivor size 73400320 bytes, new threshold 15 (max 15)
- age   1:   28381248 bytes,   28381248 total
- age   2:   12843688 bytes,   41224936 total
- age   3:     244840 bytes,   41469776 total
- age   4:     323520 bytes,   41793296 total
- age   5:    1753400 bytes,   43546696 total
- age   6:     328248 bytes,   43874944 total
- age   7:     283432 bytes,   44158376 total
- age   8:     273520 bytes,   44431896 total
- age   9:     235176 bytes,   44667072 total
- age  10:     364256 bytes,   45031328 total
- age  11:     251056 bytes,   45282384 total
- age  12:     184680 bytes,   45467064 total
- age  13:     378776 bytes,   45845840 total
- age  14:     375880 bytes,   46221720 total
- age  15:     151768 bytes,   46373488 total
, 0.0506842 secs]
   [Parallel Time: 46.4 ms, GC Workers: 4]
      [GC Worker Start (ms): Min: 1292263.6, Avg: 1292263.6, Max: 1292263.6, Diff: 0.1]
      [Ext Root Scanning (ms): Min: 5.0, Avg: 5.1, Max: 5.3, Diff: 0.2, Sum: 20.4]
      [Update RS (ms): Min: 8.8, Avg: 8.9, Max: 9.0, Diff: 0.2, Sum: 35.5]
         [Processed Buffers: Min: 12, Avg: 24.8, Max: 34, Diff: 22, Sum: 99]
      [Scan RS (ms): Min: 0.3, Avg: 0.3, Max: 0.4, Diff: 0.1, Sum: 1.3]
      [Code Root Scanning (ms): Min: 0.0, Avg: 0.0, Max: 0.0, Diff: 0.0, Sum: 0.1]
      [Object Copy (ms): Min: 31.7, Avg: 31.8, Max: 31.9, Diff: 0.3, Sum: 127.2]
      [Termination (ms): Min: 0.0, Avg: 0.0, Max: 0.0, Diff: 0.0, Sum: 0.0]
         [Termination Attempts: Min: 2, Avg: 3.8, Max: 5, Diff: 3, Sum: 15]
      [GC Worker Other (ms): Min: 0.0, Avg: 0.1, Max: 0.1, Diff: 0.1, Sum: 0.4]
      [GC Worker Total (ms): Min: 46.2, Avg: 46.3, Max: 46.3, Diff: 0.1, Sum: 185.0]
      [GC Worker End (ms): Min: 1292309.8, Avg: 1292309.9, Max: 1292309.9, Diff: 0.1]
   [Code Root Fixup: 0.0 ms]
   [Code Root Purge: 0.0 ms]
   [Clear CT: 0.4 ms]
   [Other: 3.8 ms]
      [Choose CSet: 0.0 ms]
      [Ref Proc: 2.1 ms]
      [Ref Enq: 0.1 ms]
      [Redirty Cards: 0.2 ms]
      [Humongous Register: 0.1 ms]
      [Humongous Reclaim: 0.1 ms]
      [Free CSet: 1.0 ms]
   [Eden: 1073.0M(1073.0M)->0.0B(1085.0M) Survivors: 48128.0K->35840.0K Heap: 1539.8M(1868.0M)->453.7M(1868.0M)]
Heap after GC invocations=148 (full 0):
 garbage-first heap   total 1912832K, used 464539K [0x000000008b400000, 0x000000008b503a60, 0x0000000100000000)
  region size 1024K, 35 young (35840K), 35 survivors (35840K)
 Metaspace       used 147298K, capacity 154447K, committed 154800K, reserved 1183744K
  class space    used 19734K, capacity 21067K, committed 21168K, reserved 1048576K
}
 [Times: user=0.16 sys=0.00, real=0.05 secs] 
2020-07-20T09:30:56.378+0000: 1292.314: Total time for which application threads were stopped: 0.0576690 seconds, Stopping threads took: 0.0061109 seconds
{Heap before GC invocations=148 (full 0):
 garbage-first heap   total 1912832K, used 1577627K [0x000000008b400000, 0x000000008b503a60, 0x0000000100000000)
  region size 1024K, 1120 young (1146880K), 35 survivors (35840K)
 Metaspace       used 147298K, capacity 154447K, committed 154800K, reserved 1183744K
  class space    used 19734K, capacity 21067K, committed 21168K, reserved 1048576K
2020-07-20T09:30:59.396+0000: 1295.332: [GC pause (G1 Evacuation Pause) (young)
Desired survivor size 73400320 bytes, new threshold 15 (max 15)
- age   1:   27951944 bytes,   27951944 total
- age   2:    1439128 bytes,   29391072 total
- age   3:     271536 bytes,   29662608 total
- age   4:     238808 bytes,   29901416 total
- age   5:     316952 bytes,   30218368 total
- age   6:    1744072 bytes,   31962440 total
- age   7:     321640 bytes,   32284080 total
- age   8:     270744 bytes,   32554824 total
- age   9:     273488 bytes,   32828312 total
- age  10:     233920 bytes,   33062232 total
- age  11:     356576 bytes,   33418808 total
- age  12:     246976 bytes,   33665784 total
- age  13:     183272 bytes,   33849056 total
- age  14:     378752 bytes,   34227808 total
- age  15:     375816 bytes,   34603624 total
, 0.0688402 secs]
   [Parallel Time: 64.7 ms, GC Workers: 4]
      [GC Worker Start (ms): Min: 1295332.3, Avg: 1295332.3, Max: 1295332.3, Diff: 0.1]
      [Ext Root Scanning (ms): Min: 5.1, Avg: 5.2, Max: 5.4, Diff: 0.3, Sum: 20.9]
      [Update RS (ms): Min: 7.9, Avg: 8.0, Max: 8.1, Diff: 0.1, Sum: 32.0]
         [Processed Buffers: Min: 15, Avg: 23.2, Max: 36, Diff: 21, Sum: 93]
      [Scan RS (ms): Min: 0.2, Avg: 0.3, Max: 0.4, Diff: 0.2, Sum: 1.3]
      [Code Root Scanning (ms): Min: 0.0, Avg: 0.1, Max: 0.1, Diff: 0.1, Sum: 0.2]
      [Object Copy (ms): Min: 50.3, Avg: 50.6, Max: 50.8, Diff: 0.5, Sum: 202.5]
      [Termination (ms): Min: 0.0, Avg: 0.1, Max: 0.1, Diff: 0.1, Sum: 0.3]
         [Termination Attempts: Min: 3, Avg: 21.0, Max: 27, Diff: 24, Sum: 84]
      [GC Worker Other (ms): Min: 0.0, Avg: 0.1, Max: 0.1, Diff: 0.1, Sum: 0.2]
      [GC Worker Total (ms): Min: 64.3, Avg: 64.4, Max: 64.5, Diff: 0.2, Sum: 257.4]
      [GC Worker End (ms): Min: 1295396.6, Avg: 1295396.7, Max: 1295396.8, Diff: 0.1]
   [Code Root Fixup: 0.0 ms]
   [Code Root Purge: 0.0 ms]
   [Clear CT: 0.4 ms]
   [Other: 3.7 ms]
      [Choose CSet: 0.0 ms]
      [Ref Proc: 1.9 ms]
      [Ref Enq: 0.2 ms]
      [Redirty Cards: 0.3 ms]
      [Humongous Register: 0.1 ms]
      [Humongous Reclaim: 0.0 ms]
      [Free CSet: 0.9 ms]
   [Eden: 1085.0M(1085.0M)->0.0B(1063.0M) Survivors: 35840.0K->58368.0K Heap: 1540.7M(1868.0M)->478.1M(1868.0M)]
Heap after GC invocations=149 (full 0):
 garbage-first heap   total 1912832K, used 489572K [0x000000008b400000, 0x000000008b503a60, 0x0000000100000000)
  region size 1024K, 57 young (58368K), 57 survivors (58368K)
 Metaspace       used 147298K, capacity 154447K, committed 154800K, reserved 1183744K
  class space    used 19734K, capacity 21067K, committed 21168K, reserved 1048576K
}
 [Times: user=0.23 sys=0.00, real=0.07 secs] 
2020-07-20T09:30:59.465+0000: 1295.401: Total time for which application threads were stopped: 0.0759204 seconds, Stopping threads took: 0.0061535 seconds
{Heap before GC invocations=149 (full 0):
 garbage-first heap   total 1912832K, used 1578084K [0x000000008b400000, 0x000000008b503a60, 0x0000000100000000)
  region size 1024K, 1120 young (1146880K), 57 survivors (58368K)
 Metaspace       used 147304K, capacity 154447K, committed 154800K, reserved 1183744K
  class space    used 19734K, capacity 21067K, committed 21168K, reserved 1048576K
2020-07-20T09:31:02.455+0000: 1298.391: [GC pause (G1 Evacuation Pause) (young)
Desired survivor size 73400320 bytes, new threshold 15 (max 15)
- age   1:   30059840 bytes,   30059840 total
- age   2:   21427160 bytes,   51487000 total
- age   3:    1331816 bytes,   52818816 total
- age   4:     256512 bytes,   53075328 total
- age   5:     201056 bytes,   53276384 total
- age   6:     235872 bytes,   53512256 total
- age   7:    1685312 bytes,   55197568 total
- age   8:     277376 bytes,   55474944 total
- age   9:     221056 bytes,   55696000 total
- age  10:     271696 bytes,   55967696 total
- age  11:     233560 bytes,   56201256 total
- age  12:     350072 bytes,   56551328 total
- age  13:     244224 bytes,   56795552 total
- age  14:     181760 bytes,   56977312 total
- age  15:     378232 bytes,   57355544 total
, 0.0604451 secs]
   [Parallel Time: 56.1 ms, GC Workers: 4]
      [GC Worker Start (ms): Min: 1298391.3, Avg: 1298391.3, Max: 1298391.4, Diff: 0.1]
      [Ext Root Scanning (ms): Min: 6.3, Avg: 6.9, Max: 8.7, Diff: 2.3, Sum: 27.8]
      [Update RS (ms): Min: 8.1, Avg: 9.2, Max: 9.7, Diff: 1.6, Sum: 37.0]
         [Processed Buffers: Min: 12, Avg: 24.2, Max: 41, Diff: 29, Sum: 97]
      [Scan RS (ms): Min: 0.2, Avg: 0.3, Max: 0.4, Diff: 0.3, Sum: 1.2]
      [Code Root Scanning (ms): Min: 0.0, Avg: 0.1, Max: 0.2, Diff: 0.1, Sum: 0.3]
      [Object Copy (ms): Min: 38.9, Avg: 39.2, Max: 39.4, Diff: 0.5, Sum: 156.9]
      [Termination (ms): Min: 0.0, Avg: 0.0, Max: 0.0, Diff: 0.0, Sum: 0.1]
         [Termination Attempts: Min: 1, Avg: 3.2, Max: 6, Diff: 5, Sum: 13]
      [GC Worker Other (ms): Min: 0.0, Avg: 0.1, Max: 0.1, Diff: 0.1, Sum: 0.2]
      [GC Worker Total (ms): Min: 55.8, Avg: 55.9, Max: 55.9, Diff: 0.1, Sum: 223.5]
      [GC Worker End (ms): Min: 1298447.2, Avg: 1298447.2, Max: 1298447.3, Diff: 0.0]
   [Code Root Fixup: 0.0 ms]
   [Code Root Purge: 0.0 ms]
   [Clear CT: 0.4 ms]
   [Other: 4.0 ms]
      [Choose CSet: 0.0 ms]
      [Ref Proc: 1.9 ms]
      [Ref Enq: 0.2 ms]
      [Redirty Cards: 0.2 ms]
      [Humongous Register: 0.1 ms]
      [Humongous Reclaim: 0.1 ms]
      [Free CSet: 1.0 ms]
   [Eden: 1063.0M(1063.0M)->0.0B(1077.0M) Survivors: 58368.0K->44032.0K Heap: 1541.1M(1868.0M)->462.2M(1868.0M)]
Heap after GC invocations=150 (full 0):
 garbage-first heap   total 1912832K, used 473246K [0x000000008b400000, 0x000000008b503a60, 0x0000000100000000)
  region size 1024K, 43 young (44032K), 43 survivors (44032K)
 Metaspace       used 147304K, capacity 154447K, committed 154800K, reserved 1183744K
  class space    used 19734K, capacity 21067K, committed 21168K, reserved 1048576K
}
 [Times: user=0.20 sys=0.00, real=0.06 secs] 
2020-07-20T09:31:02.516+0000: 1298.452: Total time for which application threads were stopped: 0.0634594 seconds, Stopping threads took: 0.0011427 seconds
{Heap before GC invocations=150 (full 0):
 garbage-first heap   total 1912832K, used 1578142K [0x000000008b400000, 0x000000008b503a60, 0x0000000100000000)
  region size 1024K, 1120 young (1146880K), 43 survivors (44032K)
 Metaspace       used 147304K, capacity 154447K, committed 154800K, reserved 1183744K
  class space    used 19734K, capacity 21067K, committed 21168K, reserved 1048576K
2020-07-20T09:31:05.581+0000: 1301.517: [GC pause (G1 Evacuation Pause) (young)
Desired survivor size 73400320 bytes, new threshold 15 (max 15)
- age   1:   27368808 bytes,   27368808 total
- age   2:   10179104 bytes,   37547912 total
- age   3:     216056 bytes,   37763968 total
- age   4:     255936 bytes,   38019904 total
- age   5:     256248 bytes,   38276152 total
- age   6:     200840 bytes,   38476992 total
- age   7:     234304 bytes,   38711296 total
- age   8:    1682264 bytes,   40393560 total
- age   9:     277280 bytes,   40670840 total
- age  10:     216856 bytes,   40887696 total
- age  11:     258280 bytes,   41145976 total
- age  12:     233464 bytes,   41379440 total
- age  13:     348848 bytes,   41728288 total
- age  14:     244160 bytes,   41972448 total
- age  15:     181728 bytes,   42154176 total
, 0.0811005 secs]
   [Parallel Time: 76.9 ms, GC Workers: 4]
      [GC Worker Start (ms): Min: 1301517.5, Avg: 1301517.5, Max: 1301517.6, Diff: 0.1]
      [Ext Root Scanning (ms): Min: 5.2, Avg: 5.4, Max: 5.5, Diff: 0.3, Sum: 21.4]
      [Update RS (ms): Min: 10.3, Avg: 10.4, Max: 10.4, Diff: 0.1, Sum: 41.5]
         [Processed Buffers: Min: 8, Avg: 23.8, Max: 45, Diff: 37, Sum: 95]
      [Scan RS (ms): Min: 0.3, Avg: 0.4, Max: 0.4, Diff: 0.1, Sum: 1.5]
      [Code Root Scanning (ms): Min: 0.0, Avg: 0.0, Max: 0.1, Diff: 0.1, Sum: 0.1]
      [Object Copy (ms): Min: 60.5, Avg: 60.6, Max: 60.7, Diff: 0.1, Sum: 242.4]
      [Termination (ms): Min: 0.0, Avg: 0.0, Max: 0.0, Diff: 0.0, Sum: 0.1]
         [Termination Attempts: Min: 6, Avg: 12.0, Max: 17, Diff: 11, Sum: 48]
      [GC Worker Other (ms): Min: 0.0, Avg: 0.0, Max: 0.0, Diff: 0.0, Sum: 0.1]
      [GC Worker Total (ms): Min: 76.7, Avg: 76.8, Max: 76.8, Diff: 0.1, Sum: 307.2]
      [GC Worker End (ms): Min: 1301594.3, Avg: 1301594.3, Max: 1301594.3, Diff: 0.0]
   [Code Root Fixup: 0.0 ms]
   [Code Root Purge: 0.0 ms]
   [Clear CT: 0.4 ms]
   [Other: 3.8 ms]
      [Choose CSet: 0.0 ms]
      [Ref Proc: 2.1 ms]
      [Ref Enq: 0.1 ms]
      [Redirty Cards: 0.2 ms]
      [Humongous Register: 0.1 ms]
      [Humongous Reclaim: 0.0 ms]
      [Free CSet: 0.9 ms]
   [Eden: 1077.0M(1077.0M)->0.0B(1054.0M) Survivors: 44032.0K->67584.0K Heap: 1541.2M(1868.0M)->488.0M(1868.0M)]
Heap after GC invocations=151 (full 0):
 garbage-first heap   total 1912832K, used 499706K [0x000000008b400000, 0x000000008b503a60, 0x0000000100000000)
  region size 1024K, 66 young (67584K), 66 survivors (67584K)
 Metaspace       used 147304K, capacity 154447K, committed 154800K, reserved 1183744K
  class space    used 19734K, capacity 21067K, committed 21168K, reserved 1048576K
}
 [Times: user=0.26 sys=0.00, real=0.08 secs] 
2020-07-20T09:31:05.663+0000: 1301.599: Total time for which application threads were stopped: 0.0823445 seconds, Stopping threads took: 0.0003425 seconds
{Heap before GC invocations=151 (full 0):
 garbage-first heap   total 1912832K, used 1579002K [0x000000008b400000, 0x000000008b503a60, 0x0000000100000000)
  region size 1024K, 1120 young (1146880K), 66 survivors (67584K)
 Metaspace       used 147304K, capacity 154447K, committed 154800K, reserved 1183744K
  class space    used 19734K, capacity 21067K, committed 21168K, reserved 1048576K
2020-07-20T09:31:08.973+0000: 1304.909: [GC pause (G1 Evacuation Pause) (young)
Desired survivor size 73400320 bytes, new threshold 15 (max 15)
- age   1:   31578888 bytes,   31578888 total
- age   2:   21262856 bytes,   52841744 total
- age   3:   10160616 bytes,   63002360 total
- age   4:     214896 bytes,   63217256 total
- age   5:     246544 bytes,   63463800 total
- age   6:     256120 bytes,   63719920 total
- age   7:     200744 bytes,   63920664 total
- age   8:     234240 bytes,   64154904 total
- age   9:    1682024 bytes,   65836928 total
- age  10:     277048 bytes,   66113976 total
- age  11:     214960 bytes,   66328936 total
- age  12:     258216 bytes,   66587152 total
- age  13:     233464 bytes,   66820616 total
- age  14:     345376 bytes,   67165992 total
- age  15:     242056 bytes,   67408048 total
, 0.0613631 secs]
   [Parallel Time: 57.3 ms, GC Workers: 4]
      [GC Worker Start (ms): Min: 1304909.1, Avg: 1304911.2, Max: 1304913.9, Diff: 4.8]
      [Ext Root Scanning (ms): Min: 2.5, Avg: 6.1, Max: 7.9, Diff: 5.5, Sum: 24.5]
      [Update RS (ms): Min: 6.1, Avg: 9.2, Max: 10.3, Diff: 4.2, Sum: 36.9]
         [Processed Buffers: Min: 13, Avg: 24.8, Max: 40, Diff: 27, Sum: 99]
      [Scan RS (ms): Min: 0.2, Avg: 0.3, Max: 0.3, Diff: 0.1, Sum: 1.0]
      [Code Root Scanning (ms): Min: 0.0, Avg: 0.0, Max: 0.1, Diff: 0.1, Sum: 0.2]
      [Object Copy (ms): Min: 39.2, Avg: 39.3, Max: 39.5, Diff: 0.3, Sum: 157.3]
      [Termination (ms): Min: 0.0, Avg: 0.0, Max: 0.1, Diff: 0.0, Sum: 0.2]
         [Termination Attempts: Min: 2, Avg: 5.0, Max: 8, Diff: 6, Sum: 20]
      [GC Worker Other (ms): Min: 0.0, Avg: 0.0, Max: 0.1, Diff: 0.1, Sum: 0.1]
      [GC Worker Total (ms): Min: 52.3, Avg: 55.0, Max: 57.1, Diff: 4.8, Sum: 220.2]
      [GC Worker End (ms): Min: 1304966.2, Avg: 1304966.2, Max: 1304966.3, Diff: 0.0]
   [Code Root Fixup: 0.0 ms]
   [Code Root Purge: 0.0 ms]
   [Clear CT: 0.4 ms]
   [Other: 3.7 ms]
      [Choose CSet: 0.0 ms]
      [Ref Proc: 1.9 ms]
      [Ref Enq: 0.1 ms]
      [Redirty Cards: 0.1 ms]
      [Humongous Register: 0.1 ms]
      [Humongous Reclaim: 0.1 ms]
      [Free CSet: 0.9 ms]
   [Eden: 1054.0M(1054.0M)->0.0B(1073.0M) Survivors: 67584.0K->48128.0K Heap: 1542.0M(1868.0M)->467.3M(1868.0M)]
Heap after GC invocations=152 (full 0):
 garbage-first heap   total 1912832K, used 478511K [0x000000008b400000, 0x000000008b503a60, 0x0000000100000000)
  region size 1024K, 47 young (48128K), 47 survivors (48128K)
 Metaspace       used 147304K, capacity 154447K, committed 154800K, reserved 1183744K
  class space    used 19734K, capacity 21067K, committed 21168K, reserved 1048576K
}
 [Times: user=0.19 sys=0.00, real=0.06 secs] 
2020-07-20T09:31:09.035+0000: 1304.970: Total time for which application threads were stopped: 0.0637022 seconds, Stopping threads took: 0.0014211 seconds
{Heap before GC invocations=152 (full 0):
 garbage-first heap   total 1912832K, used 1579311K [0x000000008b400000, 0x000000008b503a60, 0x0000000100000000)
  region size 1024K, 1120 young (1146880K), 47 survivors (48128K)
 Metaspace       used 147304K, capacity 154447K, committed 154800K, reserved 1183744K
  class space    used 19734K, capacity 21067K, committed 21168K, reserved 1048576K
2020-07-20T09:31:11.953+0000: 1307.889: [GC pause (G1 Evacuation Pause) (young)
Desired survivor size 73400320 bytes, new threshold 15 (max 15)
- age   1:   28537384 bytes,   28537384 total
- age   2:   13428008 bytes,   41965392 total
- age   3:     795696 bytes,   42761088 total
- age   4:     935632 bytes,   43696720 total
- age   5:     214672 bytes,   43911392 total
- age   6:     246448 bytes,   44157840 total
- age   7:     256120 bytes,   44413960 total
- age   8:     200680 bytes,   44614640 total
- age   9:     234208 bytes,   44848848 total
- age  10:     193736 bytes,   45042584 total
- age  11:     235792 bytes,   45278376 total
- age  12:     214896 bytes,   45493272 total
- age  13:     257448 bytes,   45750720 total
- age  14:     232496 bytes,   45983216 total
- age  15:     344680 bytes,   46327896 total
, 0.0863388 secs]
   [Parallel Time: 81.8 ms, GC Workers: 4]
      [GC Worker Start (ms): Min: 1307889.5, Avg: 1307889.6, Max: 1307889.6, Diff: 0.1]
      [Ext Root Scanning (ms): Min: 5.0, Avg: 5.1, Max: 5.2, Diff: 0.3, Sum: 20.3]
      [Update RS (ms): Min: 7.4, Avg: 7.9, Max: 9.1, Diff: 1.7, Sum: 31.4]
         [Processed Buffers: Min: 11, Avg: 22.5, Max: 32, Diff: 21, Sum: 90]
      [Scan RS (ms): Min: 0.3, Avg: 0.3, Max: 0.3, Diff: 0.0, Sum: 1.3]
      [Code Root Scanning (ms): Min: 0.0, Avg: 0.0, Max: 0.1, Diff: 0.1, Sum: 0.1]
      [Object Copy (ms): Min: 67.1, Avg: 68.3, Max: 68.9, Diff: 1.7, Sum: 273.3]
      [Termination (ms): Min: 0.0, Avg: 0.0, Max: 0.1, Diff: 0.1, Sum: 0.1]
         [Termination Attempts: Min: 3, Avg: 5.2, Max: 8, Diff: 5, Sum: 21]
      [GC Worker Other (ms): Min: 0.0, Avg: 0.0, Max: 0.1, Diff: 0.0, Sum: 0.1]
      [GC Worker Total (ms): Min: 81.6, Avg: 81.6, Max: 81.7, Diff: 0.1, Sum: 326.6]
      [GC Worker End (ms): Min: 1307971.2, Avg: 1307971.2, Max: 1307971.2, Diff: 0.0]
   [Code Root Fixup: 0.0 ms]
   [Code Root Purge: 0.0 ms]
   [Clear CT: 0.4 ms]
   [Other: 4.1 ms]
      [Choose CSet: 0.0 ms]
      [Ref Proc: 2.1 ms]
      [Ref Enq: 0.1 ms]
      [Redirty Cards: 0.2 ms]
      [Humongous Register: 0.1 ms]
      [Humongous Reclaim: 0.0 ms]
      [Free CSet: 0.9 ms]
   [Eden: 1073.0M(1073.0M)->0.0B(1047.0M) Survivors: 48128.0K->74752.0K Heap: 1542.3M(1868.0M)->495.2M(1868.0M)]
Heap after GC invocations=153 (full 0):
 garbage-first heap   total 1912832K, used 507067K [0x000000008b400000, 0x000000008b503a60, 0x0000000100000000)
  region size 1024K, 73 young (74752K), 73 survivors (74752K)
 Metaspace       used 147304K, capacity 154447K, committed 154800K, reserved 1183744K
  class space    used 19734K, capacity 21067K, committed 21168K, reserved 1048576K
}
 [Times: user=0.27 sys=0.01, real=0.08 secs] 
2020-07-20T09:31:12.040+0000: 1307.976: Total time for which application threads were stopped: 0.0875705 seconds, Stopping threads took: 0.0002052 seconds
{Heap before GC invocations=153 (full 0):
 garbage-first heap   total 1912832K, used 1581243K [0x000000008b400000, 0x000000008b503a60, 0x0000000100000000)
  region size 1024K, 1120 young (1146880K), 73 survivors (74752K)
 Metaspace       used 147310K, capacity 154447K, committed 154800K, reserved 1183744K
  class space    used 19734K, capacity 21067K, committed 21168K, reserved 1048576K
2020-07-20T09:31:14.662+0000: 1310.598: [GC pause (G1 Evacuation Pause) (young)
Desired survivor size 73400320 bytes, new threshold 7 (max 15)
- age   1:   35100064 bytes,   35100064 total
- age   2:   22929576 bytes,   58029640 total
- age   3:   13425288 bytes,   71454928 total
- age   4:     794688 bytes,   72249616 total
- age   5:     935424 bytes,   73185040 total
- age   6:     214624 bytes,   73399664 total
- age   7:     246256 bytes,   73645920 total
- age   8:     256008 bytes,   73901928 total
- age   9:     200680 bytes,   74102608 total
- age  10:     234144 bytes,   74336752 total
- age  11:     191832 bytes,   74528584 total
- age  12:     235760 bytes,   74764344 total
- age  13:     214840 bytes,   74979184 total
- age  14:     255912 bytes,   75235096 total
- age  15:     225448 bytes,   75460544 total
, 0.0703565 secs]
   [Parallel Time: 66.0 ms, GC Workers: 4]
      [GC Worker Start (ms): Min: 1310597.8, Avg: 1310597.8, Max: 1310597.9, Diff: 0.1]
      [Ext Root Scanning (ms): Min: 5.0, Avg: 5.1, Max: 5.3, Diff: 0.3, Sum: 20.5]
      [Update RS (ms): Min: 9.8, Avg: 10.0, Max: 10.1, Diff: 0.3, Sum: 39.8]
         [Processed Buffers: Min: 11, Avg: 23.0, Max: 50, Diff: 39, Sum: 92]
      [Scan RS (ms): Min: 0.3, Avg: 0.3, Max: 0.4, Diff: 0.2, Sum: 1.4]
      [Code Root Scanning (ms): Min: 0.0, Avg: 0.0, Max: 0.1, Diff: 0.1, Sum: 0.2]
      [Object Copy (ms): Min: 50.1, Avg: 50.3, Max: 50.4, Diff: 0.2, Sum: 201.0]
      [Termination (ms): Min: 0.0, Avg: 0.1, Max: 0.1, Diff: 0.1, Sum: 0.3]
         [Termination Attempts: Min: 4, Avg: 7.0, Max: 10, Diff: 6, Sum: 28]
      [GC Worker Other (ms): Min: 0.0, Avg: 0.0, Max: 0.0, Diff: 0.0, Sum: 0.1]
      [GC Worker Total (ms): Min: 65.8, Avg: 65.8, Max: 65.9, Diff: 0.1, Sum: 263.3]
      [GC Worker End (ms): Min: 1310663.7, Avg: 1310663.7, Max: 1310663.7, Diff: 0.0]
   [Code Root Fixup: 0.1 ms]
   [Code Root Purge: 0.0 ms]
   [Clear CT: 0.4 ms]
   [Other: 3.9 ms]
      [Choose CSet: 0.0 ms]
      [Ref Proc: 2.1 ms]
      [Ref Enq: 0.1 ms]
      [Redirty Cards: 0.2 ms]
      [Humongous Register: 0.1 ms]
      [Humongous Reclaim: 0.0 ms]
      [Free CSet: 0.9 ms]
   [Eden: 1047.0M(1047.0M)->0.0B(1068.0M) Survivors: 74752.0K->53248.0K Heap: 1544.2M(1868.0M)->476.2M(1868.0M)]
Heap after GC invocations=154 (full 0):
 garbage-first heap   total 1912832K, used 487651K [0x000000008b400000, 0x000000008b503a60, 0x0000000100000000)
  region size 1024K, 52 young (53248K), 52 survivors (53248K)
 Metaspace       used 147310K, capacity 154447K, committed 154800K, reserved 1183744K
  class space    used 19734K, capacity 21067K, committed 21168K, reserved 1048576K
}
 [Times: user=0.20 sys=0.02, real=0.06 secs] 
2020-07-20T09:31:14.732+0000: 1310.668: Total time for which application threads were stopped: 0.0722221 seconds, Stopping threads took: 0.0009992 seconds
{Heap before GC invocations=154 (full 0):
 garbage-first heap   total 1912832K, used 1581283K [0x000000008b400000, 0x000000008b503a60, 0x0000000100000000)
  region size 1024K, 1120 young (1146880K), 52 survivors (53248K)
 Metaspace       used 147314K, capacity 154447K, committed 154800K, reserved 1183744K
  class space    used 19734K, capacity 21067K, committed 21168K, reserved 1048576K
2020-07-20T09:31:17.767+0000: 1313.703: [GC pause (G1 Evacuation Pause) (young)
Desired survivor size 73400320 bytes, new threshold 15 (max 15)
- age   1:   26311568 bytes,   26311568 total
- age   2:   19971840 bytes,   46283408 total
- age   3:    2258088 bytes,   48541496 total
- age   4:     960568 bytes,   49502064 total
- age   5:     794528 bytes,   50296592 total
- age   6:     935296 bytes,   51231888 total
- age   7:     214624 bytes,   51446512 total
, 0.1168087 secs]
   [Parallel Time: 113.5 ms, GC Workers: 4]
      [GC Worker Start (ms): Min: 1313712.6, Avg: 1313712.6, Max: 1313712.7, Diff: 0.1]
      [Ext Root Scanning (ms): Min: 4.9, Avg: 5.0, Max: 5.1, Diff: 0.3, Sum: 19.9]
      [Update RS (ms): Min: 7.8, Avg: 7.9, Max: 7.9, Diff: 0.1, Sum: 31.4]
         [Processed Buffers: Min: 15, Avg: 24.8, Max: 40, Diff: 25, Sum: 99]
      [Scan RS (ms): Min: 0.2, Avg: 0.3, Max: 0.3, Diff: 0.1, Sum: 1.0]
      [Code Root Scanning (ms): Min: 0.0, Avg: 0.0, Max: 0.1, Diff: 0.1, Sum: 0.1]
      [Object Copy (ms): Min: 75.4, Avg: 77.0, Max: 81.5, Diff: 6.0, Sum: 308.1]
      [Termination (ms): Min: 0.0, Avg: 4.4, Max: 5.9, Diff: 5.9, Sum: 17.6]
         [Termination Attempts: Min: 1, Avg: 1.0, Max: 1, Diff: 0, Sum: 4]
      [GC Worker Other (ms): Min: 0.0, Avg: 0.0, Max: 0.0, Diff: 0.0, Sum: 0.1]
      [GC Worker Total (ms): Min: 94.5, Avg: 94.6, Max: 94.7, Diff: 0.2, Sum: 378.3]
      [GC Worker End (ms): Min: 1313807.1, Avg: 1313807.2, Max: 1313807.3, Diff: 0.1]
   [Code Root Fixup: 0.0 ms]
   [Code Root Purge: 0.0 ms]
   [Clear CT: 0.3 ms]
   [Other: 3.0 ms]
      [Choose CSet: 0.0 ms]
      [Ref Proc: 1.3 ms]
      [Ref Enq: 0.1 ms]
      [Redirty Cards: 0.1 ms]
      [Humongous Register: 0.1 ms]
      [Humongous Reclaim: 0.0 ms]
      [Free CSet: 0.9 ms]
   [Eden: 1068.0M(1068.0M)->0.0B(1044.0M) Survivors: 53248.0K->77824.0K Heap: 1544.2M(1868.0M)->500.2M(1868.0M)]
Heap after GC invocations=155 (full 0):
 garbage-first heap   total 1912832K, used 512227K [0x000000008b400000, 0x000000008b503a60, 0x0000000100000000)
  region size 1024K, 76 young (77824K), 76 survivors (77824K)
 Metaspace       used 147314K, capacity 154447K, committed 154800K, reserved 1183744K
  class space    used 19734K, capacity 21067K, committed 21168K, reserved 1048576K
}
 [Times: user=0.29 sys=0.00, real=0.12 secs] 
2020-07-20T09:31:17.884+0000: 1313.820: Total time for which application threads were stopped: 0.1179021 seconds, Stopping threads took: 0.0002067 seconds
{Heap before GC invocations=155 (full 0):
 garbage-first heap   total 1912832K, used 1583331K [0x000000008b400000, 0x000000008b503a60, 0x0000000100000000)
  region size 1024K, 1120 young (1146880K), 76 survivors (77824K)
 Metaspace       used 147320K, capacity 154451K, committed 154800K, reserved 1183744K
  class space    used 19734K, capacity 21067K, committed 21168K, reserved 1048576K
2020-07-20T09:31:22.528+0000: 1318.464: [GC pause (G1 Evacuation Pause) (young)
Desired survivor size 73400320 bytes, new threshold 4 (max 15)
- age   1:   34419616 bytes,   34419616 total
- age   2:   19416600 bytes,   53836216 total
- age   3:   18941688 bytes,   72777904 total
- age   4:    1858288 bytes,   74636192 total
- age   5:     375048 bytes,   75011240 total
- age   6:     366528 bytes,   75377768 total
- age   7:     269904 bytes,   75647672 total
- age   8:     170408 bytes,   75818080 total
, 0.0556969 secs]
   [Parallel Time: 50.2 ms, GC Workers: 4]
      [GC Worker Start (ms): Min: 1318464.4, Avg: 1318464.5, Max: 1318464.5, Diff: 0.0]
      [Ext Root Scanning (ms): Min: 4.8, Avg: 4.9, Max: 5.0, Diff: 0.2, Sum: 19.6]
      [Update RS (ms): Min: 8.6, Avg: 8.6, Max: 8.8, Diff: 0.2, Sum: 34.5]
         [Processed Buffers: Min: 14, Avg: 27.0, Max: 40, Diff: 26, Sum: 108]
      [Scan RS (ms): Min: 0.2, Avg: 0.3, Max: 0.4, Diff: 0.2, Sum: 1.3]
      [Code Root Scanning (ms): Min: 0.0, Avg: 0.0, Max: 0.1, Diff: 0.0, Sum: 0.1]
      [Object Copy (ms): Min: 36.0, Avg: 36.1, Max: 36.2, Diff: 0.2, Sum: 144.5]
      [Termination (ms): Min: 0.0, Avg: 0.0, Max: 0.1, Diff: 0.0, Sum: 0.1]
         [Termination Attempts: Min: 9, Avg: 18.8, Max: 31, Diff: 22, Sum: 75]
      [GC Worker Other (ms): Min: 0.0, Avg: 0.0, Max: 0.1, Diff: 0.0, Sum: 0.2]
      [GC Worker Total (ms): Min: 50.1, Avg: 50.1, Max: 50.1, Diff: 0.1, Sum: 200.3]
      [GC Worker End (ms): Min: 1318514.5, Avg: 1318514.5, Max: 1318514.6, Diff: 0.0]
   [Code Root Fixup: 0.0 ms]
   [Code Root Purge: 0.0 ms]
   [Clear CT: 0.5 ms]
   [Other: 5.0 ms]
      [Choose CSet: 0.0 ms]
      [Ref Proc: 3.2 ms]
      [Ref Enq: 0.1 ms]
      [Redirty Cards: 0.2 ms]
      [Humongous Register: 0.1 ms]
      [Humongous Reclaim: 0.1 ms]
      [Free CSet: 0.9 ms]
   [Eden: 1044.0M(1044.0M)->0.0B(1080.0M) Survivors: 77824.0K->40960.0K Heap: 1546.2M(1868.0M)->465.6M(1868.0M)]
Heap after GC invocations=156 (full 0):
 garbage-first heap   total 1912832K, used 476772K [0x000000008b400000, 0x000000008b503a60, 0x0000000100000000)
  region size 1024K, 40 young (40960K), 40 survivors (40960K)
 Metaspace       used 147320K, capacity 154451K, committed 154800K, reserved 1183744K
  class space    used 19734K, capacity 21067K, committed 21168K, reserved 1048576K
}
 [Times: user=0.19 sys=0.00, real=0.06 secs] 
2020-07-20T09:31:22.584+0000: 1318.520: Total time for which application threads were stopped: 0.0625443 seconds, Stopping threads took: 0.0060616 seconds
{Heap before GC invocations=156 (full 0):
 garbage-first heap   total 1912832K, used 1582692K [0x000000008b400000, 0x000000008b503a60, 0x0000000100000000)
  region size 1024K, 1120 young (1146880K), 40 survivors (40960K)
 Metaspace       used 147320K, capacity 154451K, committed 154800K, reserved 1183744K
  class space    used 19734K, capacity 21067K, committed 21168K, reserved 1048576K
2020-07-20T09:31:29.736+0000: 1325.671: [GC pause (G1 Evacuation Pause) (young)
Desired survivor size 73400320 bytes, new threshold 15 (max 15)
- age   1:   15725296 bytes,   15725296 total
- age   2:   20345120 bytes,   36070416 total
- age   3:    3916520 bytes,   39986936 total
- age   4:     170160 bytes,   40157096 total
, 0.0607074 secs]
   [Parallel Time: 56.2 ms, GC Workers: 4]
      [GC Worker Start (ms): Min: 1325671.7, Avg: 1325672.9, Max: 1325676.4, Diff: 4.7]
      [Ext Root Scanning (ms): Min: 2.0, Avg: 5.4, Max: 6.7, Diff: 4.7, Sum: 21.5]
      [Update RS (ms): Min: 12.4, Avg: 12.4, Max: 12.5, Diff: 0.1, Sum: 49.8]
         [Processed Buffers: Min: 17, Avg: 29.2, Max: 51, Diff: 34, Sum: 117]
      [Scan RS (ms): Min: 0.3, Avg: 0.3, Max: 0.4, Diff: 0.1, Sum: 1.4]
      [Code Root Scanning (ms): Min: 0.0, Avg: 0.0, Max: 0.1, Diff: 0.1, Sum: 0.2]
      [Object Copy (ms): Min: 36.4, Avg: 36.6, Max: 36.8, Diff: 0.4, Sum: 146.4]
      [Termination (ms): Min: 0.0, Avg: 0.0, Max: 0.0, Diff: 0.0, Sum: 0.1]
         [Termination Attempts: Min: 2, Avg: 4.5, Max: 8, Diff: 6, Sum: 18]
      [GC Worker Other (ms): Min: 0.0, Avg: 0.0, Max: 0.1, Diff: 0.1, Sum: 0.2]
      [GC Worker Total (ms): Min: 51.3, Avg: 54.8, Max: 56.1, Diff: 4.7, Sum: 219.4]
      [GC Worker End (ms): Min: 1325727.7, Avg: 1325727.7, Max: 1325727.8, Diff: 0.0]
   [Code Root Fixup: 0.0 ms]
   [Code Root Purge: 0.0 ms]
   [Clear CT: 0.5 ms]
   [Other: 3.9 ms]
      [Choose CSet: 0.0 ms]
      [Ref Proc: 2.1 ms]
      [Ref Enq: 0.1 ms]
      [Redirty Cards: 0.3 ms]
      [Humongous Register: 0.1 ms]
      [Humongous Reclaim: 0.0 ms]
      [Free CSet: 1.0 ms]
   [Eden: 1080.0M(1080.0M)->0.0B(1077.0M) Survivors: 40960.0K->44032.0K Heap: 1545.6M(1868.0M)->468.6M(1868.0M)]
Heap after GC invocations=157 (full 0):
 garbage-first heap   total 1912832K, used 479844K [0x000000008b400000, 0x000000008b503a60, 0x0000000100000000)
  region size 1024K, 43 young (44032K), 43 survivors (44032K)
 Metaspace       used 147320K, capacity 154451K, committed 154800K, reserved 1183744K
  class space    used 19734K, capacity 21067K, committed 21168K, reserved 1048576K
}
 [Times: user=0.18 sys=0.01, real=0.06 secs] 
2020-07-20T09:31:29.797+0000: 1325.732: Total time for which application threads were stopped: 0.0625555 seconds, Stopping threads took: 0.0005684 seconds
{Heap before GC invocations=157 (full 0):
 garbage-first heap   total 1912832K, used 1584740K [0x000000008b400000, 0x000000008b503a60, 0x0000000100000000)
  region size 1024K, 1120 young (1146880K), 43 survivors (44032K)
 Metaspace       used 147334K, capacity 154451K, committed 154800K, reserved 1183744K
  class space    used 19734K, capacity 21067K, committed 21168K, reserved 1048576K
2020-07-20T09:31:35.498+0000: 1331.434: [GC pause (G1 Evacuation Pause) (young)
Desired survivor size 73400320 bytes, new threshold 15 (max 15)
- age   1:    8105592 bytes,    8105592 total
- age   2:   10543664 bytes,   18649256 total
- age   3:   20343904 bytes,   38993160 total
- age   4:    3907128 bytes,   42900288 total
- age   5:     170128 bytes,   43070416 total
, 0.0700571 secs]
   [Parallel Time: 65.9 ms, GC Workers: 4]
      [GC Worker Start (ms): Min: 1331434.4, Avg: 1331434.4, Max: 1331434.5, Diff: 0.1]
      [Ext Root Scanning (ms): Min: 5.7, Avg: 5.8, Max: 6.1, Diff: 0.4, Sum: 23.2]
      [Update RS (ms): Min: 13.0, Avg: 13.1, Max: 13.2, Diff: 0.1, Sum: 52.3]
         [Processed Buffers: Min: 14, Avg: 29.8, Max: 52, Diff: 38, Sum: 119]
      [Scan RS (ms): Min: 0.3, Avg: 0.4, Max: 0.6, Diff: 0.3, Sum: 1.6]
      [Code Root Scanning (ms): Min: 0.0, Avg: 0.0, Max: 0.1, Diff: 0.1, Sum: 0.1]
      [Object Copy (ms): Min: 46.2, Avg: 46.3, Max: 46.6, Diff: 0.4, Sum: 185.4]
      [Termination (ms): Min: 0.0, Avg: 0.0, Max: 0.1, Diff: 0.0, Sum: 0.2]
         [Termination Attempts: Min: 6, Avg: 9.0, Max: 14, Diff: 8, Sum: 36]
      [GC Worker Other (ms): Min: 0.0, Avg: 0.1, Max: 0.1, Diff: 0.1, Sum: 0.2]
      [GC Worker Total (ms): Min: 65.7, Avg: 65.8, Max: 65.8, Diff: 0.1, Sum: 263.1]
      [GC Worker End (ms): Min: 1331500.2, Avg: 1331500.2, Max: 1331500.2, Diff: 0.0]
   [Code Root Fixup: 0.0 ms]
   [Code Root Purge: 0.0 ms]
   [Clear CT: 0.3 ms]
   [Other: 3.7 ms]
      [Choose CSet: 0.0 ms]
      [Ref Proc: 1.9 ms]
      [Ref Enq: 0.2 ms]
      [Redirty Cards: 0.2 ms]
      [Humongous Register: 0.1 ms]
      [Humongous Reclaim: 0.0 ms]
      [Free CSet: 0.9 ms]
   [Eden: 1077.0M(1077.0M)->0.0B(1069.0M) Survivors: 44032.0K->52224.0K Heap: 1547.6M(1868.0M)->478.1M(1868.0M)]
Heap after GC invocations=158 (full 0):
 garbage-first heap   total 1912832K, used 489572K [0x000000008b400000, 0x000000008b503a60, 0x0000000100000000)
  region size 1024K, 51 young (52224K), 51 survivors (52224K)
 Metaspace       used 147334K, capacity 154451K, committed 154800K, reserved 1183744K
  class space    used 19734K, capacity 21067K, committed 21168K, reserved 1048576K
}
 [Times: user=0.22 sys=0.01, real=0.07 secs] 
2020-07-20T09:31:35.569+0000: 1331.504: Total time for which application threads were stopped: 0.0728860 seconds, Stopping threads took: 0.0013720 seconds
{Heap before GC invocations=158 (full 0):
 garbage-first heap   total 1912832K, used 1586276K [0x000000008b400000, 0x000000008b503a60, 0x0000000100000000)
  region size 1024K, 1120 young (1146880K), 51 survivors (52224K)
 Metaspace       used 147350K, capacity 154527K, committed 154800K, reserved 1183744K
  class space    used 19735K, capacity 21069K, committed 21168K, reserved 1048576K
2020-07-20T09:31:39.106+0000: 1335.042: [GC pause (G1 Evacuation Pause) (young)
Desired survivor size 73400320 bytes, new threshold 15 (max 15)
- age   1:   17290760 bytes,   17290760 total
- age   2:     996904 bytes,   18287664 total
- age   3:    9228224 bytes,   27515888 total
- age   4:   20336056 bytes,   47851944 total
- age   5:    3901344 bytes,   51753288 total
- age   6:     167720 bytes,   51921008 total
, 0.0640395 secs]
   [Parallel Time: 60.0 ms, GC Workers: 4]
      [GC Worker Start (ms): Min: 1335042.4, Avg: 1335043.9, Max: 1335048.6, Diff: 6.2]
      [Ext Root Scanning (ms): Min: 0.0, Avg: 4.2, Max: 5.7, Diff: 5.7, Sum: 16.8]
      [Update RS (ms): Min: 15.9, Avg: 16.0, Max: 16.1, Diff: 0.2, Sum: 64.1]
         [Processed Buffers: Min: 15, Avg: 28.0, Max: 56, Diff: 41, Sum: 112]
      [Scan RS (ms): Min: 0.2, Avg: 0.5, Max: 0.9, Diff: 0.7, Sum: 2.0]
      [Code Root Scanning (ms): Min: 0.0, Avg: 3.1, Max: 12.1, Diff: 12.1, Sum: 12.3]
      [Object Copy (ms): Min: 25.9, Avg: 34.4, Max: 37.3, Diff: 11.4, Sum: 137.7]
      [Termination (ms): Min: 0.0, Avg: 0.1, Max: 0.1, Diff: 0.1, Sum: 0.3]
         [Termination Attempts: Min: 1, Avg: 4.0, Max: 7, Diff: 6, Sum: 16]
      [GC Worker Other (ms): Min: 0.0, Avg: 0.0, Max: 0.0, Diff: 0.0, Sum: 0.1]
      [GC Worker Total (ms): Min: 53.7, Avg: 58.3, Max: 59.9, Diff: 6.2, Sum: 233.3]
      [GC Worker End (ms): Min: 1335102.2, Avg: 1335102.2, Max: 1335102.3, Diff: 0.1]
   [Code Root Fixup: 0.0 ms]
   [Code Root Purge: 0.0 ms]
   [Clear CT: 0.4 ms]
   [Other: 3.6 ms]
      [Choose CSet: 0.0 ms]
      [Ref Proc: 1.9 ms]
      [Ref Enq: 0.1 ms]
      [Redirty Cards: 0.2 ms]
      [Humongous Register: 0.1 ms]
      [Humongous Reclaim: 0.1 ms]
      [Free CSet: 0.9 ms]
   [Eden: 1069.0M(1069.0M)->0.0B(1086.0M) Survivors: 52224.0K->34816.0K Heap: 1549.1M(1868.0M)->459.1M(1868.0M)]
Heap after GC invocations=159 (full 0):
 garbage-first heap   total 1912832K, used 470116K [0x000000008b400000, 0x000000008b503a60, 0x0000000100000000)
  region size 1024K, 34 young (34816K), 34 survivors (34816K)
 Metaspace       used 147350K, capacity 154527K, committed 154800K, reserved 1183744K
  class space    used 19735K, capacity 21069K, committed 21168K, reserved 1048576K
}
 [Times: user=0.17 sys=0.00, real=0.06 secs] 
2020-07-20T09:31:39.171+0000: 1335.106: Total time for which application threads were stopped: 0.0709654 seconds, Stopping threads took: 0.0060841 seconds
{Heap before GC invocations=159 (full 0):
 garbage-first heap   total 1912832K, used 1584228K [0x000000008b400000, 0x000000008b503a60, 0x0000000100000000)
  region size 1024K, 1120 young (1146880K), 34 survivors (34816K)
 Metaspace       used 147368K, capacity 154547K, committed 154800K, reserved 1183744K
  class space    used 19737K, capacity 21073K, committed 21168K, reserved 1048576K
2020-07-20T09:31:42.170+0000: 1338.106: [GC pause (G1 Evacuation Pause) (young)
Desired survivor size 73400320 bytes, new threshold 15 (max 15)
- age   1:   25687760 bytes,   25687760 total
- age   2:    5479888 bytes,   31167648 total
- age   3:     672040 bytes,   31839688 total
- age   4:     678144 bytes,   32517832 total
- age   5:     257768 bytes,   32775600 total
- age   6:     256464 bytes,   33032064 total
- age   7:     163560 bytes,   33195624 total
, 0.0711002 secs]
   [Parallel Time: 66.6 ms, GC Workers: 4]
      [GC Worker Start (ms): Min: 1338106.2, Avg: 1338106.2, Max: 1338106.2, Diff: 0.1]
      [Ext Root Scanning (ms): Min: 4.9, Avg: 5.0, Max: 5.1, Diff: 0.2, Sum: 19.9]
      [Update RS (ms): Min: 11.9, Avg: 12.1, Max: 12.5, Diff: 0.7, Sum: 48.3]
         [Processed Buffers: Min: 11, Avg: 26.5, Max: 41, Diff: 30, Sum: 106]
      [Scan RS (ms): Min: 0.2, Avg: 0.3, Max: 0.4, Diff: 0.2, Sum: 1.3]
      [Code Root Scanning (ms): Min: 0.0, Avg: 0.1, Max: 0.2, Diff: 0.2, Sum: 0.3]
      [Object Copy (ms): Min: 48.6, Avg: 48.9, Max: 49.0, Diff: 0.5, Sum: 195.5]
      [Termination (ms): Min: 0.0, Avg: 0.0, Max: 0.0, Diff: 0.0, Sum: 0.0]
         [Termination Attempts: Min: 1, Avg: 1.0, Max: 1, Diff: 0, Sum: 4]
      [GC Worker Other (ms): Min: 0.0, Avg: 0.1, Max: 0.1, Diff: 0.1, Sum: 0.2]
      [GC Worker Total (ms): Min: 66.4, Avg: 66.4, Max: 66.5, Diff: 0.1, Sum: 265.6]
      [GC Worker End (ms): Min: 1338172.6, Avg: 1338172.6, Max: 1338172.7, Diff: 0.1]
   [Code Root Fixup: 0.1 ms]
   [Code Root Purge: 0.0 ms]
   [Clear CT: 0.4 ms]
   [Other: 4.0 ms]
      [Choose CSet: 0.0 ms]
      [Ref Proc: 2.2 ms]
      [Ref Enq: 0.1 ms]
      [Redirty Cards: 0.2 ms]
      [Humongous Register: 0.1 ms]
      [Humongous Reclaim: 0.0 ms]
      [Free CSet: 1.0 ms]
   [Eden: 1086.0M(1086.0M)->0.0B(1068.0M) Survivors: 34816.0K->53248.0K Heap: 1547.1M(1868.0M)->479.1M(1868.0M)]
Heap after GC invocations=160 (full 0):
 garbage-first heap   total 1912832K, used 490596K [0x000000008b400000, 0x000000008b503a60, 0x0000000100000000)
  region size 1024K, 52 young (53248K), 52 survivors (53248K)
 Metaspace       used 147368K, capacity 154547K, committed 154800K, reserved 1183744K
  class space    used 19737K, capacity 21073K, committed 21168K, reserved 1048576K
}
 [Times: user=0.22 sys=0.01, real=0.08 secs] 
2020-07-20T09:31:42.241+0000: 1338.177: Total time for which application threads were stopped: 0.0768964 seconds, Stopping threads took: 0.0044551 seconds
{Heap before GC invocations=160 (full 0):
 garbage-first heap   total 1912832K, used 1584228K [0x000000008b400000, 0x000000008b503a60, 0x0000000100000000)
  region size 1024K, 1120 young (1146880K), 52 survivors (53248K)
 Metaspace       used 147369K, capacity 154547K, committed 154800K, reserved 1183744K
  class space    used 19737K, capacity 21073K, committed 21168K, reserved 1048576K
2020-07-20T09:31:45.274+0000: 1341.210: [GC pause (G1 Evacuation Pause) (young)
Desired survivor size 73400320 bytes, new threshold 15 (max 15)
- age   1:   26359096 bytes,   26359096 total
- age   2:   18326056 bytes,   44685152 total
- age   3:    5467416 bytes,   50152568 total
- age   4:     652648 bytes,   50805216 total
- age   5:     664136 bytes,   51469352 total
- age   6:     254448 bytes,   51723800 total
- age   7:     256408 bytes,   51980208 total
- age   8:     163400 bytes,   52143608 total
, 0.0609479 secs]
   [Parallel Time: 55.8 ms, GC Workers: 4]
      [GC Worker Start (ms): Min: 1341209.9, Avg: 1341210.0, Max: 1341210.0, Diff: 0.1]
      [Ext Root Scanning (ms): Min: 7.7, Avg: 7.9, Max: 8.0, Diff: 0.4, Sum: 31.5]
      [Update RS (ms): Min: 12.2, Avg: 12.3, Max: 12.4, Diff: 0.2, Sum: 49.1]
         [Processed Buffers: Min: 16, Avg: 24.0, Max: 34, Diff: 18, Sum: 96]
      [Scan RS (ms): Min: 0.4, Avg: 0.5, Max: 0.5, Diff: 0.2, Sum: 1.8]
      [Code Root Scanning (ms): Min: 0.0, Avg: 0.1, Max: 0.2, Diff: 0.2, Sum: 0.3]
      [Object Copy (ms): Min: 34.6, Avg: 34.8, Max: 34.9, Diff: 0.3, Sum: 139.4]
      [Termination (ms): Min: 0.0, Avg: 0.0, Max: 0.0, Diff: 0.0, Sum: 0.0]
         [Termination Attempts: Min: 1, Avg: 1.2, Max: 2, Diff: 1, Sum: 5]
      [GC Worker Other (ms): Min: 0.1, Avg: 0.1, Max: 0.1, Diff: 0.1, Sum: 0.4]
      [GC Worker Total (ms): Min: 55.6, Avg: 55.6, Max: 55.7, Diff: 0.1, Sum: 222.6]
      [GC Worker End (ms): Min: 1341265.6, Avg: 1341265.6, Max: 1341265.7, Diff: 0.1]
   [Code Root Fixup: 0.1 ms]
   [Code Root Purge: 0.0 ms]
   [Clear CT: 0.5 ms]
   [Other: 4.5 ms]
      [Choose CSet: 0.0 ms]
      [Ref Proc: 2.2 ms]
      [Ref Enq: 0.2 ms]
      [Redirty Cards: 0.3 ms]
      [Humongous Register: 0.1 ms]
      [Humongous Reclaim: 0.1 ms]
      [Free CSet: 1.4 ms]
   [Eden: 1068.0M(1068.0M)->0.0B(1085.0M) Survivors: 53248.0K->35840.0K Heap: 1547.1M(1868.0M)->460.6M(1868.0M)]
Heap after GC invocations=161 (full 0):
 garbage-first heap   total 1912832K, used 471652K [0x000000008b400000, 0x000000008b503a60, 0x0000000100000000)
  region size 1024K, 35 young (35840K), 35 survivors (35840K)
 Metaspace       used 147369K, capacity 154547K, committed 154800K, reserved 1183744K
  class space    used 19737K, capacity 21073K, committed 21168K, reserved 1048576K
}
 [Times: user=0.18 sys=0.01, real=0.06 secs] 
2020-07-20T09:31:45.335+0000: 1341.271: Total time for which application threads were stopped: 0.0639660 seconds, Stopping threads took: 0.0019008 seconds
{Heap before GC invocations=161 (full 0):
 garbage-first heap   total 1912832K, used 1584740K [0x000000008b400000, 0x000000008b503a60, 0x0000000100000000)
  region size 1024K, 1120 young (1146880K), 35 survivors (35840K)
 Metaspace       used 147370K, capacity 154547K, committed 154800K, reserved 1183744K
  class space    used 19737K, capacity 21073K, committed 21168K, reserved 1048576K
2020-07-20T09:31:48.352+0000: 1344.288: [GC pause (G1 Evacuation Pause) (young)
Desired survivor size 73400320 bytes, new threshold 15 (max 15)
- age   1:   25267528 bytes,   25267528 total
- age   2:    5728520 bytes,   30996048 total
- age   3:    1242096 bytes,   32238144 total
- age   4:     813120 bytes,   33051264 total
- age   5:     648568 bytes,   33699832 total
- age   6:     662528 bytes,   34362360 total
- age   7:     254336 bytes,   34616696 total
- age   8:     256312 bytes,   34873008 total
- age   9:     163304 bytes,   35036312 total
, 0.0825297 secs]
   [Parallel Time: 77.4 ms, GC Workers: 4]
      [GC Worker Start (ms): Min: 1344288.8, Avg: 1344288.8, Max: 1344288.8, Diff: 0.1]
      [Ext Root Scanning (ms): Min: 8.6, Avg: 8.7, Max: 8.9, Diff: 0.2, Sum: 34.9]
      [Update RS (ms): Min: 10.8, Avg: 11.1, Max: 11.5, Diff: 0.7, Sum: 44.5]
         [Processed Buffers: Min: 15, Avg: 25.2, Max: 41, Diff: 26, Sum: 101]
      [Scan RS (ms): Min: 0.3, Avg: 0.4, Max: 0.6, Diff: 0.3, Sum: 1.6]
      [Code Root Scanning (ms): Min: 0.0, Avg: 0.1, Max: 0.2, Diff: 0.2, Sum: 0.3]
      [Object Copy (ms): Min: 56.6, Avg: 56.8, Max: 57.0, Diff: 0.4, Sum: 227.2]
      [Termination (ms): Min: 0.0, Avg: 0.0, Max: 0.0, Diff: 0.0, Sum: 0.1]
         [Termination Attempts: Min: 1, Avg: 2.0, Max: 3, Diff: 2, Sum: 8]
      [GC Worker Other (ms): Min: 0.0, Avg: 0.0, Max: 0.1, Diff: 0.0, Sum: 0.1]
      [GC Worker Total (ms): Min: 77.2, Avg: 77.2, Max: 77.3, Diff: 0.1, Sum: 308.9]
      [GC Worker End (ms): Min: 1344366.0, Avg: 1344366.0, Max: 1344366.0, Diff: 0.0]
   [Code Root Fixup: 0.1 ms]
   [Code Root Purge: 0.0 ms]
   [Clear CT: 0.5 ms]
   [Other: 4.6 ms]
      [Choose CSet: 0.0 ms]
      [Ref Proc: 2.0 ms]
      [Ref Enq: 0.2 ms]
      [Redirty Cards: 0.3 ms]
      [Humongous Register: 0.2 ms]
      [Humongous Reclaim: 0.0 ms]
      [Free CSet: 1.4 ms]
   [Eden: 1085.0M(1085.0M)->0.0B(1063.0M) Survivors: 35840.0K->58368.0K Heap: 1547.6M(1868.0M)->484.6M(1868.0M)]
Heap after GC invocations=162 (full 0):
 garbage-first heap   total 1912832K, used 496228K [0x000000008b400000, 0x000000008b503a60, 0x0000000100000000)
  region size 1024K, 57 young (58368K), 57 survivors (58368K)
 Metaspace       used 147370K, capacity 154547K, committed 154800K, reserved 1183744K
  class space    used 19737K, capacity 21073K, committed 21168K, reserved 1048576K
}
 [Times: user=0.28 sys=0.00, real=0.09 secs] 
2020-07-20T09:31:48.435+0000: 1344.371: Total time for which application threads were stopped: 0.0838309 seconds, Stopping threads took: 0.0002192 seconds
{Heap before GC invocations=162 (full 0):
 garbage-first heap   total 1912832K, used 1584740K [0x000000008b400000, 0x000000008b503a60, 0x0000000100000000)
  region size 1024K, 1120 young (1146880K), 57 survivors (58368K)
 Metaspace       used 147371K, capacity 154547K, committed 154800K, reserved 1183744K
  class space    used 19737K, capacity 21073K, committed 21168K, reserved 1048576K
2020-07-20T09:31:51.958+0000: 1347.894: [GC pause (G1 Evacuation Pause) (young)
Desired survivor size 73400320 bytes, new threshold 15 (max 15)
- age   1:   30086736 bytes,   30086736 total
- age   2:   19544752 bytes,   49631488 total
- age   3:    5087280 bytes,   54718768 total
- age   4:    1091808 bytes,   55810576 total
- age   5:     443944 bytes,   56254520 total
- age   6:     411880 bytes,   56666400 total
- age   7:     479400 bytes,   57145800 total
- age   8:     137200 bytes,   57283000 total
- age   9:     126840 bytes,   57409840 total
- age  10:     105608 bytes,   57515448 total
, 0.0571373 secs]
   [Parallel Time: 52.9 ms, GC Workers: 4]
      [GC Worker Start (ms): Min: 1347894.2, Avg: 1347894.3, Max: 1347894.4, Diff: 0.1]
      [Ext Root Scanning (ms): Min: 4.9, Avg: 5.0, Max: 5.2, Diff: 0.3, Sum: 19.8]
      [Update RS (ms): Min: 8.7, Avg: 8.7, Max: 8.7, Diff: 0.0, Sum: 34.7]
         [Processed Buffers: Min: 18, Avg: 26.8, Max: 43, Diff: 25, Sum: 107]
      [Scan RS (ms): Min: 0.3, Avg: 0.3, Max: 0.3, Diff: 0.0, Sum: 1.1]
      [Code Root Scanning (ms): Min: 0.0, Avg: 0.1, Max: 0.1, Diff: 0.1, Sum: 0.3]
      [Object Copy (ms): Min: 38.4, Avg: 38.6, Max: 38.7, Diff: 0.3, Sum: 154.4]
      [Termination (ms): Min: 0.0, Avg: 0.0, Max: 0.0, Diff: 0.0, Sum: 0.0]
         [Termination Attempts: Min: 1, Avg: 2.5, Max: 4, Diff: 3, Sum: 10]
      [GC Worker Other (ms): Min: 0.0, Avg: 0.1, Max: 0.1, Diff: 0.1, Sum: 0.3]
      [GC Worker Total (ms): Min: 52.6, Avg: 52.7, Max: 52.7, Diff: 0.1, Sum: 210.6]
      [GC Worker End (ms): Min: 1347946.9, Avg: 1347947.0, Max: 1347947.0, Diff: 0.1]
   [Code Root Fixup: 0.0 ms]
   [Code Root Purge: 0.0 ms]
   [Clear CT: 0.4 ms]
   [Other: 3.8 ms]
      [Choose CSet: 0.0 ms]
      [Ref Proc: 2.0 ms]
      [Ref Enq: 0.1 ms]
      [Redirty Cards: 0.2 ms]
      [Humongous Register: 0.1 ms]
      [Humongous Reclaim: 0.0 ms]
      [Free CSet: 1.0 ms]
   [Eden: 1063.0M(1063.0M)->0.0B(1078.0M) Survivors: 58368.0K->43008.0K Heap: 1547.6M(1868.0M)->467.6M(1868.0M)]
Heap after GC invocations=163 (full 0):
 garbage-first heap   total 1912832K, used 478820K [0x000000008b400000, 0x000000008b503a60, 0x0000000100000000)
  region size 1024K, 42 young (43008K), 42 survivors (43008K)
 Metaspace       used 147371K, capacity 154547K, committed 154800K, reserved 1183744K
  class space    used 19737K, capacity 21073K, committed 21168K, reserved 1048576K
}
 [Times: user=0.19 sys=0.00, real=0.06 secs] 
2020-07-20T09:31:52.016+0000: 1347.951: Total time for which application threads were stopped: 0.0582539 seconds, Stopping threads took: 0.0002215 seconds
{Heap before GC invocations=163 (full 0):
 garbage-first heap   total 1912832K, used 1584740K [0x000000008b400000, 0x000000008b503a60, 0x0000000100000000)
  region size 1024K, 1120 young (1146880K), 42 survivors (43008K)
 Metaspace       used 147373K, capacity 154547K, committed 154800K, reserved 1183744K
  class space    used 19737K, capacity 21073K, committed 21168K, reserved 1048576K
2020-07-20T09:31:54.942+0000: 1350.878: [GC pause (G1 Evacuation Pause) (young)
Desired survivor size 73400320 bytes, new threshold 15 (max 15)
- age   1:   28983888 bytes,   28983888 total
- age   2:    7247480 bytes,   36231368 total
- age   3:     401488 bytes,   36632856 total
- age   4:    1632832 bytes,   38265688 total
- age   5:    1073120 bytes,   39338808 total
- age   6:     438688 bytes,   39777496 total
- age   7:     411880 bytes,   40189376 total
- age   8:     478720 bytes,   40668096 total
- age   9:     137008 bytes,   40805104 total
- age  10:     121376 bytes,   40926480 total
- age  11:     105384 bytes,   41031864 total
, 0.0901458 secs]
   [Parallel Time: 84.9 ms, GC Workers: 4]
      [GC Worker Start (ms): Min: 1350878.4, Avg: 1350878.4, Max: 1350878.4, Diff: 0.1]
      [Ext Root Scanning (ms): Min: 5.0, Avg: 5.2, Max: 5.3, Diff: 0.3, Sum: 20.6]
      [Update RS (ms): Min: 9.8, Avg: 9.9, Max: 10.0, Diff: 0.2, Sum: 39.6]
         [Processed Buffers: Min: 16, Avg: 25.2, Max: 37, Diff: 21, Sum: 101]
      [Scan RS (ms): Min: 0.3, Avg: 0.3, Max: 0.4, Diff: 0.1, Sum: 1.4]
      [Code Root Scanning (ms): Min: 0.0, Avg: 0.1, Max: 0.2, Diff: 0.2, Sum: 0.4]
      [Object Copy (ms): Min: 68.9, Avg: 69.0, Max: 69.0, Diff: 0.1, Sum: 275.9]
      [Termination (ms): Min: 0.0, Avg: 0.0, Max: 0.0, Diff: 0.0, Sum: 0.1]
         [Termination Attempts: Min: 1, Avg: 1.5, Max: 2, Diff: 1, Sum: 6]
      [GC Worker Other (ms): Min: 0.0, Avg: 0.1, Max: 0.2, Diff: 0.2, Sum: 0.4]
      [GC Worker Total (ms): Min: 84.6, Avg: 84.6, Max: 84.7, Diff: 0.2, Sum: 338.4]
      [GC Worker End (ms): Min: 1350962.9, Avg: 1350963.0, Max: 1350963.1, Diff: 0.2]
   [Code Root Fixup: 0.2 ms]
   [Code Root Purge: 0.0 ms]
   [Clear CT: 0.4 ms]
   [Other: 4.6 ms]
      [Choose CSet: 0.0 ms]
      [Ref Proc: 2.0 ms]
      [Ref Enq: 0.2 ms]
      [Redirty Cards: 0.2 ms]
      [Humongous Register: 0.1 ms]
      [Humongous Reclaim: 0.0 ms]
      [Free CSet: 1.3 ms]
   [Eden: 1078.0M(1078.0M)->0.0B(1056.0M) Survivors: 43008.0K->65536.0K Heap: 1547.6M(1868.0M)->491.1M(1868.0M)]
Heap after GC invocations=164 (full 0):
 garbage-first heap   total 1912832K, used 502884K [0x000000008b400000, 0x000000008b503a60, 0x0000000100000000)
  region size 1024K, 64 young (65536K), 64 survivors (65536K)
 Metaspace       used 147373K, capacity 154547K, committed 154800K, reserved 1183744K
  class space    used 19737K, capacity 21073K, committed 21168K, reserved 1048576K
}
 [Times: user=0.25 sys=0.02, real=0.08 secs] 
2020-07-20T09:31:55.033+0000: 1350.969: Total time for which application threads were stopped: 0.0976267 seconds, Stopping threads took: 0.0063741 seconds
{Heap before GC invocations=164 (full 0):
 garbage-first heap   total 1912832K, used 1586276K [0x000000008b400000, 0x000000008b503a60, 0x0000000100000000)
  region size 1024K, 1120 young (1146880K), 64 survivors (65536K)
 Metaspace       used 147374K, capacity 154547K, committed 154800K, reserved 1183744K
  class space    used 19737K, capacity 21073K, committed 21168K, reserved 1048576K
2020-07-20T09:31:58.329+0000: 1354.265: [GC pause (G1 Evacuation Pause) (young)
Desired survivor size 73400320 bytes, new threshold 15 (max 15)
- age   1:   30915824 bytes,   30915824 total
- age   2:   21984520 bytes,   52900344 total
- age   3:    7240552 bytes,   60140896 total
- age   4:     391904 bytes,   60532800 total
- age   5:    1632776 bytes,   62165576 total
- age   6:    1070352 bytes,   63235928 total
- age   7:     438656 bytes,   63674584 total
- age   8:     411784 bytes,   64086368 total
- age   9:     478624 bytes,   64564992 total
- age  10:     133704 bytes,   64698696 total
- age  11:     121216 bytes,   64819912 total
- age  12:     104808 bytes,   64924720 total
, 0.0668313 secs]
   [Parallel Time: 62.4 ms, GC Workers: 4]
      [GC Worker Start (ms): Min: 1354265.2, Avg: 1354266.0, Max: 1354268.6, Diff: 3.4]
      [Ext Root Scanning (ms): Min: 3.6, Avg: 6.5, Max: 8.8, Diff: 5.3, Sum: 26.0]
      [Update RS (ms): Min: 11.5, Avg: 12.4, Max: 13.0, Diff: 1.5, Sum: 49.7]
         [Processed Buffers: Min: 14, Avg: 26.0, Max: 37, Diff: 23, Sum: 104]
      [Scan RS (ms): Min: 0.2, Avg: 0.3, Max: 0.4, Diff: 0.2, Sum: 1.3]
      [Code Root Scanning (ms): Min: 0.0, Avg: 0.1, Max: 0.2, Diff: 0.2, Sum: 0.4]
      [Object Copy (ms): Min: 41.7, Avg: 41.9, Max: 42.2, Diff: 0.5, Sum: 167.8]
      [Termination (ms): Min: 0.0, Avg: 0.0, Max: 0.0, Diff: 0.0, Sum: 0.0]
         [Termination Attempts: Min: 1, Avg: 1.2, Max: 2, Diff: 1, Sum: 5]
      [GC Worker Other (ms): Min: 0.0, Avg: 0.0, Max: 0.1, Diff: 0.0, Sum: 0.2]
      [GC Worker Total (ms): Min: 58.8, Avg: 61.3, Max: 62.2, Diff: 3.4, Sum: 245.4]
      [GC Worker End (ms): Min: 1354327.4, Avg: 1354327.4, Max: 1354327.4, Diff: 0.0]
   [Code Root Fixup: 0.0 ms]
   [Code Root Purge: 0.0 ms]
   [Clear CT: 0.5 ms]
   [Other: 3.9 ms]
      [Choose CSet: 0.0 ms]
      [Ref Proc: 2.0 ms]
      [Ref Enq: 0.2 ms]
      [Redirty Cards: 0.3 ms]
      [Humongous Register: 0.1 ms]
      [Humongous Reclaim: 0.1 ms]
      [Free CSet: 0.9 ms]
   [Eden: 1056.0M(1056.0M)->0.0B(1079.0M) Survivors: 65536.0K->41984.0K Heap: 1549.1M(1868.0M)->468.6M(1868.0M)]
Heap after GC invocations=165 (full 0):
 garbage-first heap   total 1912832K, used 479844K [0x000000008b400000, 0x000000008b503a60, 0x0000000100000000)
  region size 1024K, 41 young (41984K), 41 survivors (41984K)
 Metaspace       used 147374K, capacity 154547K, committed 154800K, reserved 1183744K
  class space    used 19737K, capacity 21073K, committed 21168K, reserved 1048576K
}
 [Times: user=0.20 sys=0.01, real=0.07 secs] 
2020-07-20T09:31:58.396+0000: 1354.332: Total time for which application threads were stopped: 0.0694050 seconds, Stopping threads took: 0.0009270 seconds
{Heap before GC invocations=165 (full 0):
 garbage-first heap   total 1912832K, used 1586788K [0x000000008b400000, 0x000000008b503a60, 0x0000000100000000)
  region size 1024K, 1120 young (1146880K), 41 survivors (41984K)
 Metaspace       used 147375K, capacity 154547K, committed 154800K, reserved 1183744K
  class space    used 19737K, capacity 21073K, committed 21168K, reserved 1048576K
2020-07-20T09:32:01.570+0000: 1357.506: [GC pause (G1 Evacuation Pause) (young)
Desired survivor size 73400320 bytes, new threshold 15 (max 15)
- age   1:   24707208 bytes,   24707208 total
- age   2:   10961496 bytes,   35668704 total
- age   3:     565296 bytes,   36234000 total
- age   4:     492624 bytes,   36726624 total
- age   5:     380368 bytes,   37106992 total
- age   6:    1616728 bytes,   38723720 total
- age   7:    1054072 bytes,   39777792 total
- age   8:     403280 bytes,   40181072 total
- age   9:     389688 bytes,   40570760 total
- age  10:     458928 bytes,   41029688 total
- age  11:     120008 bytes,   41149696 total
- age  12:     108056 bytes,   41257752 total
- age  13:     103304 bytes,   41361056 total
, 0.0875658 secs]
   [Parallel Time: 82.9 ms, GC Workers: 4]
      [GC Worker Start (ms): Min: 1357506.2, Avg: 1357506.3, Max: 1357506.3, Diff: 0.1]
      [Ext Root Scanning (ms): Min: 5.0, Avg: 5.1, Max: 5.3, Diff: 0.3, Sum: 20.4]
      [Update RS (ms): Min: 11.4, Avg: 11.6, Max: 11.7, Diff: 0.3, Sum: 46.3]
         [Processed Buffers: Min: 20, Avg: 26.5, Max: 31, Diff: 11, Sum: 106]
      [Scan RS (ms): Min: 0.3, Avg: 0.3, Max: 0.3, Diff: 0.1, Sum: 1.2]
      [Code Root Scanning (ms): Min: 0.0, Avg: 0.1, Max: 0.1, Diff: 0.1, Sum: 0.3]
      [Object Copy (ms): Min: 65.4, Avg: 65.6, Max: 65.7, Diff: 0.3, Sum: 262.3]
      [Termination (ms): Min: 0.0, Avg: 0.0, Max: 0.0, Diff: 0.0, Sum: 0.1]
         [Termination Attempts: Min: 11, Avg: 13.5, Max: 15, Diff: 4, Sum: 54]
      [GC Worker Other (ms): Min: 0.0, Avg: 0.1, Max: 0.1, Diff: 0.1, Sum: 0.3]
      [GC Worker Total (ms): Min: 82.7, Avg: 82.7, Max: 82.7, Diff: 0.0, Sum: 330.8]
      [GC Worker End (ms): Min: 1357588.9, Avg: 1357589.0, Max: 1357589.0, Diff: 0.1]
   [Code Root Fixup: 0.0 ms]
   [Code Root Purge: 0.0 ms]
   [Clear CT: 0.4 ms]
   [Other: 4.2 ms]
      [Choose CSet: 0.0 ms]
      [Ref Proc: 2.0 ms]
      [Ref Enq: 0.1 ms]
      [Redirty Cards: 0.3 ms]
      [Humongous Register: 0.2 ms]
      [Humongous Reclaim: 0.0 ms]
      [Free CSet: 1.0 ms]
   [Eden: 1079.0M(1079.0M)->0.0B(1054.0M) Survivors: 41984.0K->67584.0K Heap: 1549.6M(1868.0M)->495.1M(1868.0M)]
Heap after GC invocations=166 (full 0):
 garbage-first heap   total 1912832K, used 506980K [0x000000008b400000, 0x000000008b503a60, 0x0000000100000000)
  region size 1024K, 66 young (67584K), 66 survivors (67584K)
 Metaspace       used 147375K, capacity 154547K, committed 154800K, reserved 1183744K
  class space    used 19737K, capacity 21073K, committed 21168K, reserved 1048576K
}
 [Times: user=0.27 sys=0.02, real=0.09 secs] 
2020-07-20T09:32:01.658+0000: 1357.593: Total time for which application threads were stopped: 0.0928216 seconds, Stopping threads took: 0.0040834 seconds
{Heap before GC invocations=166 (full 0):
 garbage-first heap   total 1912832K, used 1586276K [0x000000008b400000, 0x000000008b503a60, 0x0000000100000000)
  region size 1024K, 1120 young (1146880K), 66 survivors (67584K)
 Metaspace       used 147377K, capacity 154547K, committed 154800K, reserved 1183744K
  class space    used 19737K, capacity 21073K, committed 21168K, reserved 1048576K
2020-07-20T09:32:04.810+0000: 1360.746: [GC pause (G1 Evacuation Pause) (young)
Desired survivor size 73400320 bytes, new threshold 15 (max 15)
- age   1:   33303408 bytes,   33303408 total
- age   2:   17737224 bytes,   51040632 total
- age   3:   10959416 bytes,   62000048 total
- age   4:     563472 bytes,   62563520 total
- age   5:     491992 bytes,   63055512 total
- age   6:     380248 bytes,   63435760 total
- age   7:    1613488 bytes,   65049248 total
- age   8:    1049800 bytes,   66099048 total
- age   9:     390456 bytes,   66489504 total
- age  10:     389688 bytes,   66879192 total
- age  11:     454960 bytes,   67334152 total
- age  12:     119976 bytes,   67454128 total
- age  13:     107384 bytes,   67561512 total
- age  14:     103240 bytes,   67664752 total
, 0.0589161 secs]
   [Parallel Time: 54.3 ms, GC Workers: 4]
      [GC Worker Start (ms): Min: 1360746.6, Avg: 1360746.6, Max: 1360746.6, Diff: 0.1]
      [Ext Root Scanning (ms): Min: 4.9, Avg: 5.0, Max: 5.1, Diff: 0.2, Sum: 19.9]
      [Update RS (ms): Min: 10.4, Avg: 10.5, Max: 10.7, Diff: 0.3, Sum: 42.1]
         [Processed Buffers: Min: 16, Avg: 26.2, Max: 39, Diff: 23, Sum: 105]
      [Scan RS (ms): Min: 0.2, Avg: 0.3, Max: 0.4, Diff: 0.2, Sum: 1.2]
      [Code Root Scanning (ms): Min: 0.0, Avg: 0.1, Max: 0.1, Diff: 0.1, Sum: 0.3]
      [Object Copy (ms): Min: 38.0, Avg: 38.2, Max: 38.3, Diff: 0.3, Sum: 152.7]
      [Termination (ms): Min: 0.0, Avg: 0.0, Max: 0.0, Diff: 0.0, Sum: 0.1]
         [Termination Attempts: Min: 1, Avg: 1.0, Max: 1, Diff: 0, Sum: 4]
      [GC Worker Other (ms): Min: 0.0, Avg: 0.0, Max: 0.1, Diff: 0.0, Sum: 0.1]
      [GC Worker Total (ms): Min: 54.1, Avg: 54.1, Max: 54.1, Diff: 0.1, Sum: 216.4]
      [GC Worker End (ms): Min: 1360800.7, Avg: 1360800.7, Max: 1360800.7, Diff: 0.0]
   [Code Root Fixup: 0.1 ms]
   [Code Root Purge: 0.0 ms]
   [Clear CT: 0.4 ms]
   [Other: 4.2 ms]
      [Choose CSet: 0.0 ms]
      [Ref Proc: 2.1 ms]
      [Ref Enq: 0.2 ms]
      [Redirty Cards: 0.3 ms]
      [Humongous Register: 0.2 ms]
      [Humongous Reclaim: 0.0 ms]
      [Free CSet: 1.0 ms]
   [Eden: 1054.0M(1054.0M)->0.0B(1075.0M) Survivors: 67584.0K->46080.0K Heap: 1549.1M(1868.0M)->472.6M(1868.0M)]
Heap after GC invocations=167 (full 0):
 garbage-first heap   total 1912832K, used 483940K [0x000000008b400000, 0x000000008b503a60, 0x0000000100000000)
  region size 1024K, 45 young (46080K), 45 survivors (46080K)
 Metaspace       used 147377K, capacity 154547K, committed 154800K, reserved 1183744K
  class space    used 19737K, capacity 21073K, committed 21168K, reserved 1048576K
}
 [Times: user=0.20 sys=0.00, real=0.06 secs] 
2020-07-20T09:32:04.869+0000: 1360.805: Total time for which application threads were stopped: 0.0644358 seconds, Stopping threads took: 0.0039357 seconds
{Heap before GC invocations=167 (full 0):
 garbage-first heap   total 1912832K, used 1584740K [0x000000008b400000, 0x000000008b503a60, 0x0000000100000000)
  region size 1024K, 1120 young (1146880K), 45 survivors (46080K)
 Metaspace       used 147386K, capacity 154547K, committed 154800K, reserved 1183744K
  class space    used 19737K, capacity 21073K, committed 21168K, reserved 1048576K
2020-07-20T09:32:10.541+0000: 1366.477: [GC pause (G1 Evacuation Pause) (young)
Desired survivor size 73400320 bytes, new threshold 15 (max 15)
- age   1:   24463312 bytes,   24463312 total
- age   2:   13183048 bytes,   37646360 total
- age   3:    1392536 bytes,   39038896 total
- age   4:     535080 bytes,   39573976 total
- age   5:     563224 bytes,   40137200 total
- age   6:     491768 bytes,   40628968 total
- age   7:     380216 bytes,   41009184 total
- age   8:    1613392 bytes,   42622576 total
- age   9:    1047656 bytes,   43670232 total
- age  10:     368512 bytes,   44038744 total
- age  11:     389320 bytes,   44428064 total
- age  12:     451744 bytes,   44879808 total
- age  13:     119944 bytes,   44999752 total
- age  14:     107288 bytes,   45107040 total
- age  15:     103176 bytes,   45210216 total
, 0.0739014 secs]
   [Parallel Time: 69.3 ms, GC Workers: 4]
      [GC Worker Start (ms): Min: 1366477.0, Avg: 1366477.1, Max: 1366477.2, Diff: 0.2]
      [Ext Root Scanning (ms): Min: 10.2, Avg: 11.0, Max: 11.5, Diff: 1.3, Sum: 43.8]
      [Update RS (ms): Min: 19.0, Avg: 19.9, Max: 21.0, Diff: 2.0, Sum: 79.4]
         [Processed Buffers: Min: 1, Avg: 32.0, Max: 57, Diff: 56, Sum: 128]
      [Scan RS (ms): Min: 0.1, Avg: 0.3, Max: 0.5, Diff: 0.4, Sum: 1.1]
      [Code Root Scanning (ms): Min: 0.0, Avg: 0.1, Max: 0.2, Diff: 0.2, Sum: 0.3]
      [Object Copy (ms): Min: 37.8, Avg: 37.9, Max: 37.9, Diff: 0.2, Sum: 151.6]
      [Termination (ms): Min: 0.0, Avg: 0.0, Max: 0.0, Diff: 0.0, Sum: 0.1]
         [Termination Attempts: Min: 1, Avg: 1.0, Max: 1, Diff: 0, Sum: 4]
      [GC Worker Other (ms): Min: 0.0, Avg: 0.0, Max: 0.1, Diff: 0.0, Sum: 0.2]
      [GC Worker Total (ms): Min: 69.0, Avg: 69.1, Max: 69.2, Diff: 0.2, Sum: 276.4]
      [GC Worker End (ms): Min: 1366546.2, Avg: 1366546.2, Max: 1366546.2, Diff: 0.0]
   [Code Root Fixup: 0.0 ms]
   [Code Root Purge: 0.0 ms]
   [Clear CT: 0.4 ms]
   [Other: 4.1 ms]
      [Choose CSet: 0.0 ms]
      [Ref Proc: 2.2 ms]
      [Ref Enq: 0.2 ms]
      [Redirty Cards: 0.2 ms]
      [Humongous Register: 0.1 ms]
      [Humongous Reclaim: 0.0 ms]
      [Free CSet: 1.0 ms]
   [Eden: 1075.0M(1075.0M)->0.0B(1076.0M) Survivors: 46080.0K->45056.0K Heap: 1547.6M(1868.0M)->471.2M(1868.0M)]
Heap after GC invocations=168 (full 0):
 garbage-first heap   total 1912832K, used 482509K [0x000000008b400000, 0x000000008b503a60, 0x0000000100000000)
  region size 1024K, 44 young (45056K), 44 survivors (45056K)
 Metaspace       used 147386K, capacity 154547K, committed 154800K, reserved 1183744K
  class space    used 19737K, capacity 21073K, committed 21168K, reserved 1048576K
}
 [Times: user=0.18 sys=0.02, real=0.07 secs] 
2020-07-20T09:32:10.615+0000: 1366.551: Total time for which application threads were stopped: 0.0759406 seconds, Stopping threads took: 0.0005967 seconds
{Heap before GC invocations=168 (full 0):
 garbage-first heap   total 1912832K, used 1584333K [0x000000008b400000, 0x000000008b503a60, 0x0000000100000000)
  region size 1024K, 1120 young (1146880K), 44 survivors (45056K)
 Metaspace       used 147390K, capacity 154547K, committed 154800K, reserved 1183744K
  class space    used 19737K, capacity 21073K, committed 21168K, reserved 1048576K
2020-07-20T09:32:34.872+0000: 1390.808: [GC pause (G1 Evacuation Pause) (young)
Desired survivor size 73400320 bytes, new threshold 15 (max 15)
- age   1:    8934464 bytes,    8934464 total
- age   2:   16914496 bytes,   25848960 total
- age   3:   11817600 bytes,   37666560 total
- age   4:     527800 bytes,   38194360 total
- age   5:     534976 bytes,   38729336 total
- age   6:     547120 bytes,   39276456 total
- age   7:     468088 bytes,   39744544 total
- age   8:     377376 bytes,   40121920 total
- age   9:     611440 bytes,   40733360 total
- age  10:     536336 bytes,   41269696 total
- age  11:     363336 bytes,   41633032 total
- age  12:     388008 bytes,   42021040 total
- age  13:     450048 bytes,   42471088 total
- age  14:     108400 bytes,   42579488 total
- age  15:     107288 bytes,   42686776 total
, 0.0718449 secs]
   [Parallel Time: 66.7 ms, GC Workers: 4]
      [GC Worker Start (ms): Min: 1390808.6, Avg: 1390811.7, Max: 1390820.6, Diff: 12.0]
      [Ext Root Scanning (ms): Min: 0.0, Avg: 8.4, Max: 11.7, Diff: 11.6, Sum: 33.8]
      [Update RS (ms): Min: 19.6, Avg: 19.7, Max: 19.9, Diff: 0.3, Sum: 78.9]
         [Processed Buffers: Min: 15, Avg: 34.8, Max: 54, Diff: 39, Sum: 139]
      [Scan RS (ms): Min: 0.4, Avg: 0.4, Max: 0.5, Diff: 0.1, Sum: 1.7]
      [Code Root Scanning (ms): Min: 0.0, Avg: 0.1, Max: 0.3, Diff: 0.3, Sum: 0.5]
      [Object Copy (ms): Min: 34.2, Avg: 34.6, Max: 35.0, Diff: 0.8, Sum: 138.5]
      [Termination (ms): Min: 0.0, Avg: 0.0, Max: 0.0, Diff: 0.0, Sum: 0.0]
         [Termination Attempts: Min: 1, Avg: 1.8, Max: 4, Diff: 3, Sum: 7]
      [GC Worker Other (ms): Min: 0.1, Avg: 0.1, Max: 0.1, Diff: 0.0, Sum: 0.4]
      [GC Worker Total (ms): Min: 54.6, Avg: 63.4, Max: 66.4, Diff: 11.9, Sum: 253.8]
      [GC Worker End (ms): Min: 1390875.1, Avg: 1390875.1, Max: 1390875.1, Diff: 0.1]
   [Code Root Fixup: 0.0 ms]
   [Code Root Purge: 0.0 ms]
   [Clear CT: 0.5 ms]
   [Other: 4.6 ms]
      [Choose CSet: 0.0 ms]
      [Ref Proc: 1.7 ms]
      [Ref Enq: 0.1 ms]
      [Redirty Cards: 0.3 ms]
      [Humongous Register: 0.2 ms]
      [Humongous Reclaim: 0.1 ms]
      [Free CSet: 1.4 ms]
   [Eden: 1076.0M(1076.0M)->0.0B(1080.0M) Survivors: 45056.0K->40960.0K Heap: 1547.2M(1868.0M)->463.8M(1868.0M)]
Heap after GC invocations=169 (full 0):
 garbage-first heap   total 1912832K, used 474949K [0x000000008b400000, 0x000000008b503a60, 0x0000000100000000)
  region size 1024K, 40 young (40960K), 40 survivors (40960K)
 Metaspace       used 147390K, capacity 154547K, committed 154800K, reserved 1183744K
  class space    used 19737K, capacity 21073K, committed 21168K, reserved 1048576K
}
 [Times: user=0.24 sys=0.01, real=0.08 secs] 
2020-07-20T09:32:34.944+0000: 1390.880: Total time for which application threads were stopped: 0.0745606 seconds, Stopping threads took: 0.0005807 seconds
{Heap before GC invocations=169 (full 0):
 garbage-first heap   total 1912832K, used 1580869K [0x000000008b400000, 0x000000008b503a60, 0x0000000100000000)
  region size 1024K, 1120 young (1146880K), 40 survivors (40960K)
 Metaspace       used 147414K, capacity 154611K, committed 154800K, reserved 1183744K
  class space    used 19737K, capacity 21073K, committed 21168K, reserved 1048576K
2020-07-20T09:35:15.549+0000: 1551.485: [GC pause (G1 Evacuation Pause) (young)
Desired survivor size 73400320 bytes, new threshold 15 (max 15)
- age   1:    5483096 bytes,    5483096 total
- age   2:    3047192 bytes,    8530288 total
- age   3:   16704752 bytes,   25235040 total
- age   4:   11561264 bytes,   36796304 total
- age   5:     326280 bytes,   37122584 total
- age   6:     179032 bytes,   37301616 total
- age   7:     308904 bytes,   37610520 total
- age   8:     238712 bytes,   37849232 total
- age   9:     227352 bytes,   38076584 total
- age  10:     440456 bytes,   38517040 total
- age  11:     412944 bytes,   38929984 total
- age  12:     356952 bytes,   39286936 total
- age  13:     378672 bytes,   39665608 total
- age  14:     443176 bytes,   40108784 total
- age  15:      92640 bytes,   40201424 total
, 0.0503714 secs]
   [Parallel Time: 46.4 ms, GC Workers: 4]
      [GC Worker Start (ms): Min: 1551485.5, Avg: 1551485.6, Max: 1551485.6, Diff: 0.1]
      [Ext Root Scanning (ms): Min: 5.6, Avg: 6.3, Max: 8.3, Diff: 2.6, Sum: 25.4]
      [Update RS (ms): Min: 9.2, Avg: 10.7, Max: 11.3, Diff: 2.1, Sum: 42.6]
         [Processed Buffers: Min: 27, Avg: 34.2, Max: 43, Diff: 16, Sum: 137]
      [Scan RS (ms): Min: 0.2, Avg: 0.3, Max: 0.4, Diff: 0.2, Sum: 1.1]
      [Code Root Scanning (ms): Min: 0.0, Avg: 0.1, Max: 0.3, Diff: 0.2, Sum: 0.4]
      [Object Copy (ms): Min: 28.6, Avg: 28.8, Max: 29.0, Diff: 0.3, Sum: 115.3]
      [Termination (ms): Min: 0.0, Avg: 0.0, Max: 0.0, Diff: 0.0, Sum: 0.0]
         [Termination Attempts: Min: 1, Avg: 2.0, Max: 3, Diff: 2, Sum: 8]
      [GC Worker Other (ms): Min: 0.0, Avg: 0.1, Max: 0.1, Diff: 0.0, Sum: 0.2]
      [GC Worker Total (ms): Min: 46.2, Avg: 46.3, Max: 46.3, Diff: 0.1, Sum: 185.1]
      [GC Worker End (ms): Min: 1551531.8, Avg: 1551531.8, Max: 1551531.8, Diff: 0.0]
   [Code Root Fixup: 0.0 ms]
   [Code Root Purge: 0.0 ms]
   [Clear CT: 0.3 ms]
   [Other: 3.6 ms]
      [Choose CSet: 0.0 ms]
      [Ref Proc: 1.5 ms]
      [Ref Enq: 0.1 ms]
      [Redirty Cards: 0.2 ms]
      [Humongous Register: 0.2 ms]
      [Humongous Reclaim: 0.0 ms]
      [Free CSet: 1.0 ms]
   [Eden: 1080.0M(1080.0M)->0.0B(1079.0M) Survivors: 40960.0K->41984.0K Heap: 1543.8M(1868.0M)->464.5M(1868.0M)]
Heap after GC invocations=170 (full 0):
 garbage-first heap   total 1912832K, used 475615K [0x000000008b400000, 0x000000008b503a60, 0x0000000100000000)
  region size 1024K, 41 young (41984K), 41 survivors (41984K)
 Metaspace       used 147414K, capacity 154611K, committed 154800K, reserved 1183744K
  class space    used 19737K, capacity 21073K, committed 21168K, reserved 1048576K
}
 [Times: user=0.19 sys=0.01, real=0.05 secs] 
2020-07-20T09:35:15.600+0000: 1551.536: Total time for which application threads were stopped: 0.0521520 seconds, Stopping threads took: 0.0003223 seconds
{Heap before GC invocations=170 (full 0):
 garbage-first heap   total 1912832K, used 1580511K [0x000000008b400000, 0x000000008b503a60, 0x0000000100000000)
  region size 1024K, 1120 young (1146880K), 41 survivors (41984K)
 Metaspace       used 147464K, capacity 154619K, committed 154800K, reserved 1183744K
  class space    used 19737K, capacity 21073K, committed 21168K, reserved 1048576K
2020-07-20T09:37:52.670+0000: 1708.606: [GC pause (G1 Evacuation Pause) (young)
Desired survivor size 73400320 bytes, new threshold 15 (max 15)
- age   1:    6365344 bytes,    6365344 total
- age   2:     753240 bytes,    7118584 total
- age   3:    1496976 bytes,    8615560 total
- age   4:   16698000 bytes,   25313560 total
- age   5:   11557888 bytes,   36871448 total
- age   6:     323600 bytes,   37195048 total
- age   7:     175592 bytes,   37370640 total
- age   8:     306288 bytes,   37676928 total
- age   9:     233272 bytes,   37910200 total
- age  10:     223664 bytes,   38133864 total
- age  11:     437904 bytes,   38571768 total
- age  12:     409880 bytes,   38981648 total
- age  13:     356056 bytes,   39337704 total
- age  14:     378000 bytes,   39715704 total
- age  15:     443048 bytes,   40158752 total
, 0.0520863 secs]
   [Parallel Time: 47.8 ms, GC Workers: 4]
      [GC Worker Start (ms): Min: 1708606.4, Avg: 1708606.4, Max: 1708606.5, Diff: 0.1]
      [Ext Root Scanning (ms): Min: 5.8, Avg: 6.5, Max: 8.5, Diff: 2.8, Sum: 25.9]
      [Update RS (ms): Min: 10.1, Avg: 12.0, Max: 12.8, Diff: 2.7, Sum: 47.9]
         [Processed Buffers: Min: 18, Avg: 33.0, Max: 41, Diff: 23, Sum: 132]
      [Scan RS (ms): Min: 0.1, Avg: 0.3, Max: 0.4, Diff: 0.4, Sum: 1.2]
      [Code Root Scanning (ms): Min: 0.0, Avg: 0.1, Max: 0.3, Diff: 0.3, Sum: 0.5]
      [Object Copy (ms): Min: 28.4, Avg: 28.7, Max: 28.9, Diff: 0.5, Sum: 114.6]
      [Termination (ms): Min: 0.0, Avg: 0.0, Max: 0.0, Diff: 0.0, Sum: 0.0]
         [Termination Attempts: Min: 1, Avg: 2.5, Max: 4, Diff: 3, Sum: 10]
      [GC Worker Other (ms): Min: 0.0, Avg: 0.1, Max: 0.1, Diff: 0.1, Sum: 0.3]
      [GC Worker Total (ms): Min: 47.5, Avg: 47.6, Max: 47.7, Diff: 0.1, Sum: 190.4]
      [GC Worker End (ms): Min: 1708654.0, Avg: 1708654.0, Max: 1708654.1, Diff: 0.1]
   [Code Root Fixup: 0.0 ms]
   [Code Root Purge: 0.0 ms]
   [Clear CT: 0.3 ms]
   [Other: 3.9 ms]
      [Choose CSet: 0.0 ms]
      [Ref Proc: 1.4 ms]
      [Ref Enq: 0.1 ms]
      [Redirty Cards: 0.3 ms]
      [Humongous Register: 0.2 ms]
      [Humongous Reclaim: 0.0 ms]
      [Free CSet: 1.2 ms]
   [Eden: 1079.0M(1079.0M)->0.0B(1081.0M) Survivors: 41984.0K->39936.0K Heap: 1543.5M(1868.0M)->463.4M(1868.0M)]
Heap after GC invocations=171 (full 0):
 garbage-first heap   total 1912832K, used 474531K [0x000000008b400000, 0x000000008b503a60, 0x0000000100000000)
  region size 1024K, 39 young (39936K), 39 survivors (39936K)
 Metaspace       used 147464K, capacity 154619K, committed 154800K, reserved 1183744K
  class space    used 19737K, capacity 21073K, committed 21168K, reserved 1048576K
}
 [Times: user=0.19 sys=0.00, real=0.06 secs] 
2020-07-20T09:37:52.722+0000: 1708.658: Total time for which application threads were stopped: 0.0539150 seconds, Stopping threads took: 0.0002963 seconds
{Heap before GC invocations=171 (full 0):
 garbage-first heap   total 1912832K, used 1581475K [0x000000008b400000, 0x000000008b503a60, 0x0000000100000000)
  region size 1024K, 1120 young (1146880K), 39 survivors (39936K)
 Metaspace       used 147498K, capacity 154683K, committed 154800K, reserved 1183744K
  class space    used 19738K, capacity 21073K, committed 21168K, reserved 1048576K
2020-07-20T09:40:17.864+0000: 1853.800: [GC pause (G1 Evacuation Pause) (young)
Desired survivor size 73400320 bytes, new threshold 15 (max 15)
- age   1:    6710920 bytes,    6710920 total
- age   2:     222128 bytes,    6933048 total
- age   3:     437032 bytes,    7370080 total
- age   4:    1496976 bytes,    8867056 total
- age   5:   16698000 bytes,   25565056 total
- age   6:   11557888 bytes,   37122944 total
- age   7:     323480 bytes,   37446424 total
- age   8:     175592 bytes,   37622016 total
- age   9:     305744 bytes,   37927760 total
- age  10:     228128 bytes,   38155888 total
- age  11:     223664 bytes,   38379552 total
- age  12:     437072 bytes,   38816624 total
- age  13:     409880 bytes,   39226504 total
- age  14:     355768 bytes,   39582272 total
- age  15:     373728 bytes,   39956000 total
, 0.0501114 secs]
   [Parallel Time: 46.1 ms, GC Workers: 4]
      [GC Worker Start (ms): Min: 1853800.9, Avg: 1853801.0, Max: 1853801.1, Diff: 0.1]
      [Ext Root Scanning (ms): Min: 5.6, Avg: 6.4, Max: 8.5, Diff: 2.9, Sum: 25.4]
      [Update RS (ms): Min: 9.1, Avg: 11.0, Max: 11.7, Diff: 2.6, Sum: 43.9]
         [Processed Buffers: Min: 20, Avg: 32.5, Max: 47, Diff: 27, Sum: 130]
      [Scan RS (ms): Min: 0.2, Avg: 0.3, Max: 0.4, Diff: 0.2, Sum: 1.1]
      [Code Root Scanning (ms): Min: 0.0, Avg: 0.1, Max: 0.2, Diff: 0.2, Sum: 0.5]
      [Object Copy (ms): Min: 27.7, Avg: 28.1, Max: 28.3, Diff: 0.5, Sum: 112.3]
      [Termination (ms): Min: 0.0, Avg: 0.0, Max: 0.0, Diff: 0.0, Sum: 0.0]
         [Termination Attempts: Min: 1, Avg: 2.8, Max: 6, Diff: 5, Sum: 11]
      [GC Worker Other (ms): Min: 0.0, Avg: 0.1, Max: 0.1, Diff: 0.1, Sum: 0.3]
      [GC Worker Total (ms): Min: 45.8, Avg: 45.9, Max: 45.9, Diff: 0.1, Sum: 183.5]
      [GC Worker End (ms): Min: 1853846.9, Avg: 1853846.9, Max: 1853846.9, Diff: 0.1]
   [Code Root Fixup: 0.0 ms]
   [Code Root Purge: 0.0 ms]
   [Clear CT: 0.4 ms]
   [Other: 3.6 ms]
      [Choose CSet: 0.0 ms]
      [Ref Proc: 1.5 ms]
      [Ref Enq: 0.1 ms]
      [Redirty Cards: 0.2 ms]
      [Humongous Register: 0.2 ms]
      [Humongous Reclaim: 0.0 ms]
      [Free CSet: 1.0 ms]
   [Eden: 1081.0M(1081.0M)->0.0B(1079.0M) Survivors: 39936.0K->41984.0K Heap: 1544.4M(1868.0M)->465.4M(1868.0M)]
Heap after GC invocations=172 (full 0):
 garbage-first heap   total 1912832K, used 476595K [0x000000008b400000, 0x000000008b503a60, 0x0000000100000000)
  region size 1024K, 41 young (41984K), 41 survivors (41984K)
 Metaspace       used 147498K, capacity 154683K, committed 154800K, reserved 1183744K
  class space    used 19738K, capacity 21073K, committed 21168K, reserved 1048576K
}
 [Times: user=0.19 sys=0.00, real=0.05 secs] 
2020-07-20T09:40:17.915+0000: 1853.851: Total time for which application threads were stopped: 0.0519083 seconds, Stopping threads took: 0.0003748 seconds
{Heap before GC invocations=172 (full 0):
 garbage-first heap   total 1912832K, used 1581491K [0x000000008b400000, 0x000000008b503a60, 0x0000000100000000)
  region size 1024K, 1120 young (1146880K), 41 survivors (41984K)
 Metaspace       used 147573K, capacity 154767K, committed 155056K, reserved 1183744K
  class space    used 19738K, capacity 21073K, committed 21168K, reserved 1048576K
2020-07-20T09:43:23.906+0000: 2039.842: [GC pause (G1 Evacuation Pause) (young)
Desired survivor size 73400320 bytes, new threshold 15 (max 15)
- age   1:    6328200 bytes,    6328200 total
- age   2:     660808 bytes,    6989008 total
- age   3:     189576 bytes,    7178584 total
- age   4:     437000 bytes,    7615584 total
- age   5:    1496976 bytes,    9112560 total
- age   6:   16698000 bytes,   25810560 total
- age   7:   11557824 bytes,   37368384 total
- age   8:     323480 bytes,   37691864 total
- age   9:     175592 bytes,   37867456 total
- age  10:     301048 bytes,   38168504 total
- age  11:     228088 bytes,   38396592 total
- age  12:     223664 bytes,   38620256 total
- age  13:     437072 bytes,   39057328 total
- age  14:     409880 bytes,   39467208 total
- age  15:     355704 bytes,   39822912 total
, 0.0493627 secs]
   [Parallel Time: 45.4 ms, GC Workers: 4]
      [GC Worker Start (ms): Min: 2039842.4, Avg: 2039842.5, Max: 2039842.6, Diff: 0.1]
      [Ext Root Scanning (ms): Min: 5.4, Avg: 6.0, Max: 7.8, Diff: 2.4, Sum: 24.2]
      [Update RS (ms): Min: 9.2, Avg: 10.7, Max: 11.3, Diff: 2.1, Sum: 42.9]
         [Processed Buffers: Min: 17, Avg: 32.5, Max: 45, Diff: 28, Sum: 130]
      [Scan RS (ms): Min: 0.2, Avg: 0.3, Max: 0.4, Diff: 0.1, Sum: 1.2]
      [Code Root Scanning (ms): Min: 0.0, Avg: 0.1, Max: 0.2, Diff: 0.2, Sum: 0.5]
      [Object Copy (ms): Min: 27.6, Avg: 27.9, Max: 28.1, Diff: 0.5, Sum: 111.5]
      [Termination (ms): Min: 0.0, Avg: 0.0, Max: 0.0, Diff: 0.0, Sum: 0.0]
         [Termination Attempts: Min: 1, Avg: 2.0, Max: 3, Diff: 2, Sum: 8]
      [GC Worker Other (ms): Min: 0.0, Avg: 0.1, Max: 0.1, Diff: 0.1, Sum: 0.3]
      [GC Worker Total (ms): Min: 45.1, Avg: 45.2, Max: 45.2, Diff: 0.1, Sum: 180.6]
      [GC Worker End (ms): Min: 2039887.6, Avg: 2039887.7, Max: 2039887.7, Diff: 0.1]
   [Code Root Fixup: 0.0 ms]
   [Code Root Purge: 0.0 ms]
   [Clear CT: 0.3 ms]
   [Other: 3.6 ms]
      [Choose CSet: 0.0 ms]
      [Ref Proc: 1.4 ms]
      [Ref Enq: 0.1 ms]
      [Redirty Cards: 0.2 ms]
      [Humongous Register: 0.2 ms]
      [Humongous Reclaim: 0.0 ms]
      [Free CSet: 1.1 ms]
   [Eden: 1079.0M(1079.0M)->0.0B(1080.0M) Survivors: 41984.0K->40960.0K Heap: 1544.4M(1868.0M)->465.6M(1868.0M)]
Heap after GC invocations=173 (full 0):
 garbage-first heap   total 1912832K, used 476741K [0x000000008b400000, 0x000000008b503a60, 0x0000000100000000)
  region size 1024K, 40 young (40960K), 40 survivors (40960K)
 Metaspace       used 147573K, capacity 154767K, committed 155056K, reserved 1183744K
  class space    used 19738K, capacity 21073K, committed 21168K, reserved 1048576K
}
 [Times: user=0.18 sys=0.00, real=0.05 secs] 
2020-07-20T09:43:23.956+0000: 2039.892: Total time for which application threads were stopped: 0.0510842 seconds, Stopping threads took: 0.0002527 seconds
{Heap before GC invocations=173 (full 0):
 garbage-first heap   total 1912832K, used 1584709K [0x000000008b400000, 0x000000008b503a60, 0x0000000100000000)
  region size 1024K, 1120 young (1146880K), 40 survivors (40960K)
 Metaspace       used 147657K, capacity 154831K, committed 155056K, reserved 1183744K
  class space    used 19740K, capacity 21073K, committed 21168K, reserved 1048576K
2020-07-20T09:45:02.621+0000: 2138.557: [GC pause (G1 Evacuation Pause) (young)
Desired survivor size 73400320 bytes, new threshold 15 (max 15)
- age   1:    5999640 bytes,    5999640 total
- age   2:     328496 bytes,    6328136 total
- age   3:     659976 bytes,    6988112 total
- age   4:     189512 bytes,    7177624 total
- age   5:     437000 bytes,    7614624 total
- age   6:    1496976 bytes,    9111600 total
- age   7:   16698000 bytes,   25809600 total
- age   8:   11557824 bytes,   37367424 total
- age   9:     322544 bytes,   37689968 total
- age  10:     172888 bytes,   37862856 total
- age  11:     301048 bytes,   38163904 total
- age  12:     228088 bytes,   38391992 total
- age  13:     223664 bytes,   38615656 total
- age  14:     437072 bytes,   39052728 total
- age  15:     409880 bytes,   39462608 total
, 0.0364700 secs]
   [Parallel Time: 32.1 ms, GC Workers: 4]
      [GC Worker Start (ms): Min: 2138558.0, Avg: 2138558.1, Max: 2138558.2, Diff: 0.1]
      [Ext Root Scanning (ms): Min: 5.6, Avg: 6.1, Max: 7.6, Diff: 2.1, Sum: 24.4]
      [Update RS (ms): Min: 10.2, Avg: 11.3, Max: 11.7, Diff: 1.5, Sum: 45.4]
         [Processed Buffers: Min: 27, Avg: 33.5, Max: 50, Diff: 23, Sum: 134]
      [Scan RS (ms): Min: 0.2, Avg: 0.3, Max: 0.3, Diff: 0.1, Sum: 1.1]
      [Code Root Scanning (ms): Min: 0.0, Avg: 0.1, Max: 0.3, Diff: 0.3, Sum: 0.6]
      [Object Copy (ms): Min: 13.7, Avg: 13.8, Max: 14.1, Diff: 0.4, Sum: 55.3]
      [Termination (ms): Min: 0.0, Avg: 0.0, Max: 0.0, Diff: 0.0, Sum: 0.0]
         [Termination Attempts: Min: 1, Avg: 2.2, Max: 3, Diff: 2, Sum: 9]
      [GC Worker Other (ms): Min: 0.0, Avg: 0.1, Max: 0.1, Diff: 0.1, Sum: 0.4]
      [GC Worker Total (ms): Min: 31.7, Avg: 31.8, Max: 31.8, Diff: 0.1, Sum: 127.2]
      [GC Worker End (ms): Min: 2138589.8, Avg: 2138589.9, Max: 2138589.9, Diff: 0.1]
   [Code Root Fixup: 0.0 ms]
   [Code Root Purge: 0.0 ms]
   [Clear CT: 0.3 ms]
   [Other: 4.0 ms]
      [Choose CSet: 0.0 ms]
      [Ref Proc: 1.6 ms]
      [Ref Enq: 0.2 ms]
      [Redirty Cards: 0.2 ms]
      [Humongous Register: 0.2 ms]
      [Humongous Reclaim: 0.1 ms]
      [Free CSet: 1.1 ms]
   [Eden: 1080.0M(1080.0M)->0.0B(1101.0M) Survivors: 40960.0K->19456.0K Heap: 1547.6M(1868.0M)->445.2M(1868.0M)]
Heap after GC invocations=174 (full 0):
 garbage-first heap   total 1912832K, used 455869K [0x000000008b400000, 0x000000008b503a60, 0x0000000100000000)
  region size 1024K, 19 young (19456K), 19 survivors (19456K)
 Metaspace       used 147657K, capacity 154831K, committed 155056K, reserved 1183744K
  class space    used 19740K, capacity 21073K, committed 21168K, reserved 1048576K
}
 [Times: user=0.12 sys=0.00, real=0.03 secs] 
2020-07-20T09:45:02.658+0000: 2138.594: Total time for which application threads were stopped: 0.0452161 seconds, Stopping threads took: 0.0066535 seconds
{Heap before GC invocations=174 (full 0):
 garbage-first heap   total 1912832K, used 1583293K [0x000000008b400000, 0x000000008b503a60, 0x0000000100000000)
  region size 1024K, 1120 young (1146880K), 19 survivors (19456K)
 Metaspace       used 147663K, capacity 154831K, committed 155056K, reserved 1183744K
  class space    used 19740K, capacity 21073K, committed 21168K, reserved 1048576K
2020-07-20T09:45:17.086+0000: 2153.022: [GC pause (G1 Evacuation Pause) (young)
Desired survivor size 73400320 bytes, new threshold 15 (max 15)
- age   1:   11940824 bytes,   11940824 total
- age   2:      41912 bytes,   11982736 total
- age   3:     328240 bytes,   12310976 total
- age   4:     659528 bytes,   12970504 total
- age   5:     189192 bytes,   13159696 total
- age   6:     435488 bytes,   13595184 total
- age   7:     674680 bytes,   14269864 total
- age   8:     384480 bytes,   14654344 total
- age   9:     407024 bytes,   15061368 total
- age  10:     316760 bytes,   15378128 total
- age  11:     171528 bytes,   15549656 total
- age  12:     299232 bytes,   15848888 total
- age  13:     226712 bytes,   16075600 total
- age  14:     222384 bytes,   16297984 total
- age  15:     436048 bytes,   16734032 total
, 0.0765611 secs]
   [Parallel Time: 71.2 ms, GC Workers: 4]
      [GC Worker Start (ms): Min: 2153022.4, Avg: 2153027.5, Max: 2153036.6, Diff: 14.2]
      [Ext Root Scanning (ms): Min: 0.0, Avg: 6.2, Max: 10.6, Diff: 10.6, Sum: 24.9]
      [Update RS (ms): Min: 12.9, Avg: 15.6, Max: 16.7, Diff: 3.7, Sum: 62.5]
         [Processed Buffers: Min: 9, Avg: 28.8, Max: 58, Diff: 49, Sum: 115]
      [Scan RS (ms): Min: 0.3, Avg: 0.4, Max: 0.6, Diff: 0.3, Sum: 1.8]
      [Code Root Scanning (ms): Min: 0.0, Avg: 0.2, Max: 0.4, Diff: 0.4, Sum: 0.7]
      [Object Copy (ms): Min: 43.1, Avg: 43.3, Max: 43.7, Diff: 0.6, Sum: 173.3]
      [Termination (ms): Min: 0.0, Avg: 0.1, Max: 0.2, Diff: 0.2, Sum: 0.5]
         [Termination Attempts: Min: 1, Avg: 1.0, Max: 1, Diff: 0, Sum: 4]
      [GC Worker Other (ms): Min: 0.0, Avg: 0.0, Max: 0.1, Diff: 0.0, Sum: 0.2]
      [GC Worker Total (ms): Min: 56.9, Avg: 65.9, Max: 71.0, Diff: 14.1, Sum: 263.7]
      [GC Worker End (ms): Min: 2153093.4, Avg: 2153093.4, Max: 2153093.5, Diff: 0.1]
   [Code Root Fixup: 0.0 ms]
   [Code Root Purge: 0.0 ms]
   [Clear CT: 0.5 ms]
   [Other: 4.8 ms]
      [Choose CSet: 0.0 ms]
      [Ref Proc: 2.6 ms]
      [Ref Enq: 0.2 ms]
      [Redirty Cards: 0.3 ms]
      [Humongous Register: 0.1 ms]
      [Humongous Reclaim: 0.0 ms]
      [Free CSet: 1.1 ms]
   [Eden: 1101.0M(1101.0M)->0.0B(1080.0M) Survivors: 19456.0K->40960.0K Heap: 1546.2M(1868.0M)->466.7M(1868.0M)]
Heap after GC invocations=175 (full 0):
 garbage-first heap   total 1912832K, used 477871K [0x000000008b400000, 0x000000008b503a60, 0x0000000100000000)
  region size 1024K, 40 young (40960K), 40 survivors (40960K)
 Metaspace       used 147663K, capacity 154831K, committed 155056K, reserved 1183744K
  class space    used 19740K, capacity 21073K, committed 21168K, reserved 1048576K
}
 [Times: user=0.20 sys=0.00, real=0.08 secs] 
2020-07-20T09:45:17.163+0000: 2153.099: Total time for which application threads were stopped: 0.0793921 seconds, Stopping threads took: 0.0013331 seconds
{Heap before GC invocations=175 (full 0):
 garbage-first heap   total 1912832K, used 1585839K [0x000000008b400000, 0x000000008b503a60, 0x0000000100000000)
  region size 1024K, 1120 young (1146880K), 40 survivors (40960K)
 Metaspace       used 147666K, capacity 154831K, committed 155056K, reserved 1183744K
  class space    used 19740K, capacity 21073K, committed 21168K, reserved 1048576K
2020-07-20T09:45:30.289+0000: 2166.225: [GC pause (G1 Evacuation Pause) (young)
Desired survivor size 73400320 bytes, new threshold 15 (max 15)
- age   1:   30215816 bytes,   30215816 total
- age   2:    5859632 bytes,   36075448 total
- age   3:      41816 bytes,   36117264 total
- age   4:     296000 bytes,   36413264 total
- age   5:     659528 bytes,   37072792 total
- age   6:     189192 bytes,   37261984 total
- age   7:     435488 bytes,   37697472 total
- age   8:     668400 bytes,   38365872 total
- age   9:     383280 bytes,   38749152 total
- age  10:     407008 bytes,   39156160 total
- age  11:     316760 bytes,   39472920 total
- age  12:     171528 bytes,   39644448 total
- age  13:     299232 bytes,   39943680 total
- age  14:     226712 bytes,   40170392 total
- age  15:     222384 bytes,   40392776 total
, 0.0482691 secs]
   [Parallel Time: 43.3 ms, GC Workers: 4]
      [GC Worker Start (ms): Min: 2166225.1, Avg: 2166227.0, Max: 2166232.6, Diff: 7.4]
      [Ext Root Scanning (ms): Min: 0.0, Avg: 4.3, Max: 5.9, Diff: 5.9, Sum: 17.2]
      [Update RS (ms): Min: 9.2, Avg: 10.3, Max: 10.8, Diff: 1.6, Sum: 41.0]
         [Processed Buffers: Min: 22, Avg: 28.0, Max: 34, Diff: 12, Sum: 112]
      [Scan RS (ms): Min: 0.2, Avg: 0.3, Max: 0.3, Diff: 0.2, Sum: 1.1]
      [Code Root Scanning (ms): Min: 0.0, Avg: 0.1, Max: 0.2, Diff: 0.2, Sum: 0.4]
      [Object Copy (ms): Min: 26.1, Avg: 26.2, Max: 26.4, Diff: 0.3, Sum: 104.8]
      [Termination (ms): Min: 0.0, Avg: 0.0, Max: 0.1, Diff: 0.1, Sum: 0.2]
         [Termination Attempts: Min: 3, Avg: 5.2, Max: 7, Diff: 4, Sum: 21]
      [GC Worker Other (ms): Min: 0.0, Avg: 0.1, Max: 0.1, Diff: 0.1, Sum: 0.2]
      [GC Worker Total (ms): Min: 35.7, Avg: 41.2, Max: 43.1, Diff: 7.4, Sum: 164.9]
      [GC Worker End (ms): Min: 2166268.2, Avg: 2166268.3, Max: 2166268.3, Diff: 0.1]
   [Code Root Fixup: 0.0 ms]
   [Code Root Purge: 0.0 ms]
   [Clear CT: 0.5 ms]
   [Other: 4.4 ms]
      [Choose CSet: 0.0 ms]
      [Ref Proc: 2.2 ms]
      [Ref Enq: 0.2 ms]
      [Redirty Cards: 0.3 ms]
      [Humongous Register: 0.2 ms]
      [Humongous Reclaim: 0.1 ms]
      [Free CSet: 0.9 ms]
   [Eden: 1080.0M(1080.0M)->0.0B(1090.0M) Survivors: 40960.0K->30720.0K Heap: 1548.7M(1868.0M)->457.1M(1868.0M)]
Heap after GC invocations=176 (full 0):
 garbage-first heap   total 1912832K, used 468060K [0x000000008b400000, 0x000000008b503a60, 0x0000000100000000)
  region size 1024K, 30 young (30720K), 30 survivors (30720K)
 Metaspace       used 147666K, capacity 154831K, committed 155056K, reserved 1183744K
  class space    used 19740K, capacity 21073K, committed 21168K, reserved 1048576K
}
 [Times: user=0.15 sys=0.00, real=0.05 secs] 
2020-07-20T09:45:30.337+0000: 2166.273: Total time for which application threads were stopped: 0.0495123 seconds, Stopping threads took: 0.0002582 seconds
{Heap before GC invocations=176 (full 0):
 garbage-first heap   total 1912832K, used 1588316K [0x000000008b400000, 0x000000008b503a60, 0x0000000100000000)
  region size 1024K, 1120 young (1146880K), 30 survivors (30720K)
 Metaspace       used 147672K, capacity 154831K, committed 155056K, reserved 1183744K
  class space    used 19740K, capacity 21073K, committed 21168K, reserved 1048576K
2020-07-20T09:45:42.360+0000: 2178.296: [GC pause (G1 Evacuation Pause) (young)
Desired survivor size 73400320 bytes, new threshold 15 (max 15)
- age   1:   22755008 bytes,   22755008 total
- age   2:    1759416 bytes,   24514424 total
- age   3:    1034336 bytes,   25548760 total
- age   4:      41816 bytes,   25590576 total
- age   5:     287368 bytes,   25877944 total
- age   6:     641144 bytes,   26519088 total
- age   7:     189192 bytes,   26708280 total
- age   8:     435488 bytes,   27143768 total
- age   9:     665752 bytes,   27809520 total
- age  10:     379528 bytes,   28189048 total
- age  11:     406912 bytes,   28595960 total
- age  12:     316760 bytes,   28912720 total
- age  13:     171528 bytes,   29084248 total
- age  14:     299232 bytes,   29383480 total
- age  15:     226712 bytes,   29610192 total
, 0.0348203 secs]
   [Parallel Time: 30.9 ms, GC Workers: 4]
      [GC Worker Start (ms): Min: 2178296.2, Avg: 2178296.2, Max: 2178296.3, Diff: 0.1]
      [Ext Root Scanning (ms): Min: 5.1, Avg: 5.2, Max: 5.4, Diff: 0.3, Sum: 21.0]
      [Update RS (ms): Min: 10.8, Avg: 10.8, Max: 10.9, Diff: 0.2, Sum: 43.3]
         [Processed Buffers: Min: 14, Avg: 31.0, Max: 49, Diff: 35, Sum: 124]
      [Scan RS (ms): Min: 0.3, Avg: 0.3, Max: 0.4, Diff: 0.1, Sum: 1.2]
      [Code Root Scanning (ms): Min: 0.0, Avg: 0.1, Max: 0.2, Diff: 0.2, Sum: 0.3]
      [Object Copy (ms): Min: 14.2, Avg: 14.2, Max: 14.3, Diff: 0.2, Sum: 56.9]
      [Termination (ms): Min: 0.0, Avg: 0.0, Max: 0.0, Diff: 0.0, Sum: 0.1]
         [Termination Attempts: Min: 1, Avg: 1.0, Max: 1, Diff: 0, Sum: 4]
      [GC Worker Other (ms): Min: 0.0, Avg: 0.0, Max: 0.0, Diff: 0.0, Sum: 0.1]
      [GC Worker Total (ms): Min: 30.7, Avg: 30.7, Max: 30.8, Diff: 0.1, Sum: 122.9]
      [GC Worker End (ms): Min: 2178327.0, Avg: 2178327.0, Max: 2178327.0, Diff: 0.0]
   [Code Root Fixup: 0.0 ms]
   [Code Root Purge: 0.0 ms]
   [Clear CT: 0.3 ms]
   [Other: 3.6 ms]
      [Choose CSet: 0.0 ms]
      [Ref Proc: 1.9 ms]
      [Ref Enq: 0.1 ms]
      [Redirty Cards: 0.2 ms]
      [Humongous Register: 0.1 ms]
      [Humongous Reclaim: 0.1 ms]
      [Free CSet: 0.9 ms]
   [Eden: 1090.0M(1090.0M)->0.0B(1101.0M) Survivors: 30720.0K->19456.0K Heap: 1551.1M(1868.0M)->447.9M(1868.0M)]
Heap after GC invocations=177 (full 0):
 garbage-first heap   total 1912832K, used 458637K [0x000000008b400000, 0x000000008b503a60, 0x0000000100000000)
  region size 1024K, 19 young (19456K), 19 survivors (19456K)
 Metaspace       used 147672K, capacity 154831K, committed 155056K, reserved 1183744K
  class space    used 19740K, capacity 21073K, committed 21168K, reserved 1048576K
}
 [Times: user=0.13 sys=0.00, real=0.04 secs] 
2020-07-20T09:45:42.395+0000: 2178.331: Total time for which application threads were stopped: 0.0359144 seconds, Stopping threads took: 0.0001890 seconds
{Heap before GC invocations=177 (full 0):
 garbage-first heap   total 1912832K, used 1586061K [0x000000008b400000, 0x000000008b503a60, 0x0000000100000000)
  region size 1024K, 1120 young (1146880K), 19 survivors (19456K)
 Metaspace       used 147672K, capacity 154831K, committed 155056K, reserved 1183744K
  class space    used 19740K, capacity 21073K, committed 21168K, reserved 1048576K
2020-07-20T09:45:48.590+0000: 2184.526: [GC pause (G1 Evacuation Pause) (young)
Desired survivor size 73400320 bytes, new threshold 15 (max 15)
- age   1:   13238144 bytes,   13238144 total
- age   2:     527768 bytes,   13765912 total
- age   3:     213504 bytes,   13979416 total
- age   4:    1012368 bytes,   14991784 total
- age   5:      41752 bytes,   15033536 total
- age   6:     261944 bytes,   15295480 total
- age   7:     544408 bytes,   15839888 total
- age   8:     189160 bytes,   16029048 total
- age   9:     424528 bytes,   16453576 total
- age  10:     573472 bytes,   17027048 total
- age  11:     308744 bytes,   17335792 total
- age  12:     337616 bytes,   17673408 total
- age  13:     242200 bytes,   17915608 total
- age  14:     162920 bytes,   18078528 total
- age  15:     218144 bytes,   18296672 total
, 0.0518286 secs]
   [Parallel Time: 47.3 ms, GC Workers: 4]
      [GC Worker Start (ms): Min: 2184526.4, Avg: 2184526.4, Max: 2184526.4, Diff: 0.1]
      [Ext Root Scanning (ms): Min: 6.0, Avg: 6.9, Max: 9.2, Diff: 3.2, Sum: 27.8]
      [Update RS (ms): Min: 9.8, Avg: 11.9, Max: 12.9, Diff: 3.1, Sum: 47.7]
         [Processed Buffers: Min: 22, Avg: 26.5, Max: 34, Diff: 12, Sum: 106]
      [Scan RS (ms): Min: 0.1, Avg: 0.3, Max: 0.5, Diff: 0.4, Sum: 1.2]
      [Code Root Scanning (ms): Min: 0.0, Avg: 0.1, Max: 0.2, Diff: 0.2, Sum: 0.4]
      [Object Copy (ms): Min: 27.6, Avg: 27.8, Max: 27.9, Diff: 0.3, Sum: 111.3]
      [Termination (ms): Min: 0.0, Avg: 0.0, Max: 0.0, Diff: 0.0, Sum: 0.1]
         [Termination Attempts: Min: 1, Avg: 2.8, Max: 5, Diff: 4, Sum: 11]
      [GC Worker Other (ms): Min: 0.0, Avg: 0.1, Max: 0.2, Diff: 0.2, Sum: 0.4]
      [GC Worker Total (ms): Min: 47.2, Avg: 47.2, Max: 47.2, Diff: 0.0, Sum: 188.9]
      [GC Worker End (ms): Min: 2184573.6, Avg: 2184573.6, Max: 2184573.6, Diff: 0.0]
   [Code Root Fixup: 0.0 ms]
   [Code Root Purge: 0.0 ms]
   [Clear CT: 0.5 ms]
   [Other: 4.0 ms]
      [Choose CSet: 0.0 ms]
      [Ref Proc: 2.2 ms]
      [Ref Enq: 0.1 ms]
      [Redirty Cards: 0.3 ms]
      [Humongous Register: 0.1 ms]
      [Humongous Reclaim: 0.0 ms]
      [Free CSet: 0.9 ms]
   [Eden: 1101.0M(1101.0M)->0.0B(1088.0M) Survivors: 19456.0K->32768.0K Heap: 1548.9M(1868.0M)->461.8M(1868.0M)]
Heap after GC invocations=178 (full 0):
 garbage-first heap   total 1912832K, used 472833K [0x000000008b400000, 0x000000008b503a60, 0x0000000100000000)
  region size 1024K, 32 young (32768K), 32 survivors (32768K)
 Metaspace       used 147672K, capacity 154831K, committed 155056K, reserved 1183744K
  class space    used 19740K, capacity 21073K, committed 21168K, reserved 1048576K
}
 [Times: user=0.18 sys=0.00, real=0.06 secs] 
2020-07-20T09:45:48.642+0000: 2184.578: Total time for which application threads were stopped: 0.0538937 seconds, Stopping threads took: 0.0005101 seconds
{Heap before GC invocations=178 (full 0):
 garbage-first heap   total 1912832K, used 1588993K [0x000000008b400000, 0x000000008b503a60, 0x0000000100000000)
  region size 1024K, 1120 young (1146880K), 32 survivors (32768K)
 Metaspace       used 147673K, capacity 154831K, committed 155056K, reserved 1183744K
  class space    used 19740K, capacity 21073K, committed 21168K, reserved 1048576K
2020-07-20T09:46:01.093+0000: 2197.029: [GC pause (G1 Evacuation Pause) (young)
Desired survivor size 73400320 bytes, new threshold 15 (max 15)
- age   1:   18388280 bytes,   18388280 total
- age   2:    8116760 bytes,   26505040 total
- age   3:     524296 bytes,   27029336 total
- age   4:     211792 bytes,   27241128 total
- age   5:    1004904 bytes,   28246032 total
- age   6:      41752 bytes,   28287784 total
- age   7:     261944 bytes,   28549728 total
- age   8:     523816 bytes,   29073544 total
- age   9:     189160 bytes,   29262704 total
- age  10:     422224 bytes,   29684928 total
- age  11:     562776 bytes,   30247704 total
- age  12:     306064 bytes,   30553768 total
- age  13:     327232 bytes,   30881000 total
- age  14:     236936 bytes,   31117936 total
- age  15:     162920 bytes,   31280856 total
, 0.0346371 secs]
   [Parallel Time: 30.5 ms, GC Workers: 4]
      [GC Worker Start (ms): Min: 2197029.6, Avg: 2197029.6, Max: 2197029.7, Diff: 0.1]
      [Ext Root Scanning (ms): Min: 4.9, Avg: 5.0, Max: 5.1, Diff: 0.3, Sum: 19.9]
      [Update RS (ms): Min: 12.1, Avg: 12.1, Max: 12.1, Diff: 0.0, Sum: 48.4]
         [Processed Buffers: Min: 16, Avg: 29.0, Max: 41, Diff: 25, Sum: 116]
      [Scan RS (ms): Min: 0.3, Avg: 0.3, Max: 0.4, Diff: 0.1, Sum: 1.3]
      [Code Root Scanning (ms): Min: 0.0, Avg: 0.1, Max: 0.1, Diff: 0.1, Sum: 0.3]
      [Object Copy (ms): Min: 12.7, Avg: 12.8, Max: 13.0, Diff: 0.3, Sum: 51.4]
      [Termination (ms): Min: 0.0, Avg: 0.0, Max: 0.0, Diff: 0.0, Sum: 0.0]
         [Termination Attempts: Min: 1, Avg: 2.0, Max: 3, Diff: 2, Sum: 8]
      [GC Worker Other (ms): Min: 0.0, Avg: 0.1, Max: 0.1, Diff: 0.1, Sum: 0.3]
      [GC Worker Total (ms): Min: 30.4, Avg: 30.4, Max: 30.4, Diff: 0.0, Sum: 121.6]
      [GC Worker End (ms): Min: 2197060.0, Avg: 2197060.0, Max: 2197060.1, Diff: 0.1]
   [Code Root Fixup: 0.0 ms]
   [Code Root Purge: 0.0 ms]
   [Clear CT: 0.3 ms]
   [Other: 3.8 ms]
      [Choose CSet: 0.0 ms]
      [Ref Proc: 2.0 ms]
      [Ref Enq: 0.1 ms]
      [Redirty Cards: 0.3 ms]
      [Humongous Register: 0.1 ms]
      [Humongous Reclaim: 0.1 ms]
      [Free CSet: 0.9 ms]
   [Eden: 1088.0M(1088.0M)->0.0B(1102.0M) Survivors: 32768.0K->18432.0K Heap: 1551.8M(1868.0M)->446.0M(1868.0M)]
Heap after GC invocations=179 (full 0):
 garbage-first heap   total 1912832K, used 456666K [0x000000008b400000, 0x000000008b503a60, 0x0000000100000000)
  region size 1024K, 18 young (18432K), 18 survivors (18432K)
 Metaspace       used 147673K, capacity 154831K, committed 155056K, reserved 1183744K
  class space    used 19740K, capacity 21073K, committed 21168K, reserved 1048576K
}
 [Times: user=0.11 sys=0.00, real=0.03 secs] 
2020-07-20T09:46:01.128+0000: 2197.064: Total time for which application threads were stopped: 0.0382161 seconds, Stopping threads took: 0.0026757 seconds
{Heap before GC invocations=179 (full 0):
 garbage-first heap   total 1912832K, used 1585114K [0x000000008b400000, 0x000000008b503a60, 0x0000000100000000)
  region size 1024K, 1120 young (1146880K), 18 survivors (18432K)
 Metaspace       used 147673K, capacity 154831K, committed 155056K, reserved 1183744K
  class space    used 19740K, capacity 21073K, committed 21168K, reserved 1048576K
2020-07-20T09:46:17.214+0000: 2213.150: [GC pause (G1 Evacuation Pause) (young)
Desired survivor size 73400320 bytes, new threshold 15 (max 15)
- age   1:    9187664 bytes,    9187664 total
- age   2:    1222552 bytes,   10410216 total
- age   3:    2004848 bytes,   12415064 total
- age   4:     503840 bytes,   12918904 total
- age   5:     209008 bytes,   13127912 total
- age   6:     702120 bytes,   13830032 total
- age   7:      38544 bytes,   13868576 total
- age   8:     261912 bytes,   14130488 total
- age   9:     522008 bytes,   14652496 total
- age  10:     187752 bytes,   14840248 total
- age  11:     416016 bytes,   15256264 total
- age  12:     562376 bytes,   15818640 total
- age  13:     304992 bytes,   16123632 total
- age  14:     325656 bytes,   16449288 total
- age  15:     236936 bytes,   16686224 total
, 0.0887482 secs]
   [Parallel Time: 82.4 ms, GC Workers: 4]
      [GC Worker Start (ms): Min: 2213150.3, Avg: 2213150.3, Max: 2213150.4, Diff: 0.1]
      [Ext Root Scanning (ms): Min: 7.2, Avg: 7.3, Max: 7.5, Diff: 0.3, Sum: 29.1]
      [Update RS (ms): Min: 17.7, Avg: 17.8, Max: 18.1, Diff: 0.4, Sum: 71.4]
         [Processed Buffers: Min: 18, Avg: 29.8, Max: 43, Diff: 25, Sum: 119]
      [Scan RS (ms): Min: 0.3, Avg: 0.5, Max: 0.6, Diff: 0.3, Sum: 1.8]
      [Code Root Scanning (ms): Min: 0.0, Avg: 0.1, Max: 0.2, Diff: 0.2, Sum: 0.4]
      [Object Copy (ms): Min: 54.1, Avg: 54.3, Max: 54.5, Diff: 0.4, Sum: 217.3]
      [Termination (ms): Min: 0.0, Avg: 0.0, Max: 0.1, Diff: 0.1, Sum: 0.1]
         [Termination Attempts: Min: 7, Avg: 12.2, Max: 23, Diff: 16, Sum: 49]
      [GC Worker Other (ms): Min: 0.0, Avg: 0.0, Max: 0.1, Diff: 0.1, Sum: 0.2]
      [GC Worker Total (ms): Min: 80.0, Avg: 80.1, Max: 80.1, Diff: 0.2, Sum: 320.3]
      [GC Worker End (ms): Min: 2213230.4, Avg: 2213230.4, Max: 2213230.4, Diff: 0.0]
   [Code Root Fixup: 0.1 ms]
   [Code Root Purge: 0.0 ms]
   [Clear CT: 0.6 ms]
   [Other: 5.7 ms]
      [Choose CSet: 0.0 ms]
      [Ref Proc: 2.7 ms]
      [Ref Enq: 0.2 ms]
      [Redirty Cards: 0.5 ms]
      [Humongous Register: 0.2 ms]
      [Humongous Reclaim: 0.0 ms]
      [Free CSet: 1.4 ms]
   [Eden: 1102.0M(1102.0M)->0.0B(1075.0M) Survivors: 18432.0K->46080.0K Heap: 1548.0M(1868.0M)->473.3M(1868.0M)]
Heap after GC invocations=180 (full 0):
 garbage-first heap   total 1912832K, used 484653K [0x000000008b400000, 0x000000008b503a60, 0x0000000100000000)
  region size 1024K, 45 young (46080K), 45 survivors (46080K)
 Metaspace       used 147673K, capacity 154831K, committed 155056K, reserved 1183744K
  class space    used 19740K, capacity 21073K, committed 21168K, reserved 1048576K
}
 [Times: user=0.23 sys=0.01, real=0.09 secs] 
2020-07-20T09:46:17.303+0000: 2213.239: Total time for which application threads were stopped: 0.0901624 seconds, Stopping threads took: 0.0004094 seconds
{Heap before GC invocations=180 (full 0):
 garbage-first heap   total 1912832K, used 1587501K [0x000000008b400000, 0x000000008b503a60, 0x0000000100000000)
  region size 1024K, 1120 young (1146880K), 45 survivors (46080K)
 Metaspace       used 147678K, capacity 154839K, committed 155056K, reserved 1183744K
  class space    used 19740K, capacity 21073K, committed 21168K, reserved 1048576K
2020-07-20T09:46:43.996+0000: 2239.932: [GC pause (G1 Evacuation Pause) (young)
Desired survivor size 73400320 bytes, new threshold 15 (max 15)
- age   1:   34861616 bytes,   34861616 total
- age   2:    4732880 bytes,   39594496 total
- age   3:    1220200 bytes,   40814696 total
- age   4:     462216 bytes,   41276912 total
- age   5:     501800 bytes,   41778712 total
- age   6:     163264 bytes,   41941976 total
- age   7:     701184 bytes,   42643160 total
- age   8:      38544 bytes,   42681704 total
- age   9:     261912 bytes,   42943616 total
- age  10:     522008 bytes,   43465624 total
- age  11:     187752 bytes,   43653376 total
- age  12:     416016 bytes,   44069392 total
- age  13:     562328 bytes,   44631720 total
- age  14:     304944 bytes,   44936664 total
- age  15:     325656 bytes,   45262320 total
, 0.0597029 secs]
   [Parallel Time: 55.6 ms, GC Workers: 4]
      [GC Worker Start (ms): Min: 2239932.1, Avg: 2239932.5, Max: 2239933.4, Diff: 1.3]
      [Ext Root Scanning (ms): Min: 5.8, Avg: 7.4, Max: 8.5, Diff: 2.7, Sum: 29.8]
      [Update RS (ms): Min: 14.0, Avg: 14.4, Max: 14.9, Diff: 1.0, Sum: 57.8]
         [Processed Buffers: Min: 22, Avg: 32.0, Max: 52, Diff: 30, Sum: 128]
      [Scan RS (ms): Min: 0.3, Avg: 0.4, Max: 0.4, Diff: 0.1, Sum: 1.5]
      [Code Root Scanning (ms): Min: 0.0, Avg: 0.1, Max: 0.2, Diff: 0.1, Sum: 0.4]
      [Object Copy (ms): Min: 32.5, Avg: 32.7, Max: 32.9, Diff: 0.4, Sum: 130.7]
      [Termination (ms): Min: 0.0, Avg: 0.0, Max: 0.0, Diff: 0.0, Sum: 0.1]
         [Termination Attempts: Min: 1, Avg: 3.0, Max: 6, Diff: 5, Sum: 12]
      [GC Worker Other (ms): Min: 0.0, Avg: 0.0, Max: 0.1, Diff: 0.0, Sum: 0.2]
      [GC Worker Total (ms): Min: 54.1, Avg: 55.1, Max: 55.4, Diff: 1.3, Sum: 220.3]
      [GC Worker End (ms): Min: 2239987.5, Avg: 2239987.5, Max: 2239987.6, Diff: 0.0]
   [Code Root Fixup: 0.0 ms]
   [Code Root Purge: 0.0 ms]
   [Clear CT: 0.4 ms]
   [Other: 3.7 ms]
      [Choose CSet: 0.0 ms]
      [Ref Proc: 1.8 ms]
      [Ref Enq: 0.1 ms]
      [Redirty Cards: 0.3 ms]
      [Humongous Register: 0.1 ms]
      [Humongous Reclaim: 0.1 ms]
      [Free CSet: 1.0 ms]
   [Eden: 1075.0M(1075.0M)->0.0B(1087.0M) Survivors: 46080.0K->33792.0K Heap: 1550.3M(1868.0M)->461.8M(1868.0M)]
Heap after GC invocations=181 (full 0):
 garbage-first heap   total 1912832K, used 472856K [0x000000008b400000, 0x000000008b503a60, 0x0000000100000000)
  region size 1024K, 33 young (33792K), 33 survivors (33792K)
 Metaspace       used 147678K, capacity 154839K, committed 155056K, reserved 1183744K
  class space    used 19740K, capacity 21073K, committed 21168K, reserved 1048576K
}
 [Times: user=0.19 sys=0.01, real=0.06 secs] 
2020-07-20T09:46:44.056+0000: 2239.992: Total time for which application threads were stopped: 0.0614462 seconds, Stopping threads took: 0.0003971 seconds
{Heap before GC invocations=181 (full 0):
 garbage-first heap   total 1912832K, used 1587992K [0x000000008b400000, 0x000000008b503a60, 0x0000000100000000)
  region size 1024K, 1120 young (1146880K), 33 survivors (33792K)
 Metaspace       used 147679K, capacity 154839K, committed 155056K, reserved 1183744K
  class space    used 19740K, capacity 21073K, committed 21168K, reserved 1048576K
2020-07-20T09:46:55.942+0000: 2251.878: [GC pause (G1 Evacuation Pause) (young)
Desired survivor size 73400320 bytes, new threshold 15 (max 15)
- age   1:   26942488 bytes,   26942488 total
- age   2:     146288 bytes,   27088776 total
- age   3:     916840 bytes,   28005616 total
- age   4:    1219080 bytes,   29224696 total
- age   5:     167568 bytes,   29392264 total
- age   6:     192744 bytes,   29585008 total
- age   7:     161872 bytes,   29746880 total
- age   8:     699144 bytes,   30446024 total
- age   9:      35208 bytes,   30481232 total
- age  10:     260152 bytes,   30741384 total
- age  11:     521000 bytes,   31262384 total
- age  12:     187752 bytes,   31450136 total
- age  13:     416016 bytes,   31866152 total
- age  14:     559352 bytes,   32425504 total
- age  15:     304608 bytes,   32730112 total
, 0.0418538 secs]
   [Parallel Time: 37.3 ms, GC Workers: 4]
      [GC Worker Start (ms): Min: 2251878.2, Avg: 2251878.3, Max: 2251878.3, Diff: 0.1]
      [Ext Root Scanning (ms): Min: 4.9, Avg: 5.0, Max: 5.2, Diff: 0.3, Sum: 20.1]
      [Update RS (ms): Min: 9.2, Avg: 9.3, Max: 9.5, Diff: 0.3, Sum: 37.2]
         [Processed Buffers: Min: 21, Avg: 26.2, Max: 30, Diff: 9, Sum: 105]
      [Scan RS (ms): Min: 0.3, Avg: 0.4, Max: 0.5, Diff: 0.3, Sum: 1.5]
      [Code Root Scanning (ms): Min: 0.0, Avg: 0.1, Max: 0.2, Diff: 0.2, Sum: 0.4]
      [Object Copy (ms): Min: 22.1, Avg: 22.3, Max: 22.4, Diff: 0.3, Sum: 89.2]
      [Termination (ms): Min: 0.0, Avg: 0.0, Max: 0.1, Diff: 0.1, Sum: 0.1]
         [Termination Attempts: Min: 1, Avg: 1.2, Max: 2, Diff: 1, Sum: 5]
      [GC Worker Other (ms): Min: 0.0, Avg: 0.0, Max: 0.0, Diff: 0.0, Sum: 0.1]
      [GC Worker Total (ms): Min: 37.1, Avg: 37.2, Max: 37.2, Diff: 0.1, Sum: 148.6]
      [GC Worker End (ms): Min: 2251915.4, Avg: 2251915.4, Max: 2251915.4, Diff: 0.0]
   [Code Root Fixup: 0.0 ms]
   [Code Root Purge: 0.0 ms]
   [Clear CT: 0.4 ms]
   [Other: 4.1 ms]
      [Choose CSet: 0.0 ms]
      [Ref Proc: 1.9 ms]
      [Ref Enq: 0.1 ms]
      [Redirty Cards: 0.2 ms]
      [Humongous Register: 0.2 ms]
      [Humongous Reclaim: 0.0 ms]
      [Free CSet: 1.0 ms]
   [Eden: 1087.0M(1087.0M)->0.0B(1094.0M) Survivors: 33792.0K->26624.0K Heap: 1550.8M(1868.0M)->454.7M(1868.0M)]
Heap after GC invocations=182 (full 0):
 garbage-first heap   total 1912832K, used 465617K [0x000000008b400000, 0x000000008b503a60, 0x0000000100000000)
  region size 1024K, 26 young (26624K), 26 survivors (26624K)
 Metaspace       used 147679K, capacity 154839K, committed 155056K, reserved 1183744K
  class space    used 19740K, capacity 21073K, committed 21168K, reserved 1048576K
}
 [Times: user=0.14 sys=0.00, real=0.04 secs] 
2020-07-20T09:46:55.984+0000: 2251.920: Total time for which application threads were stopped: 0.0462970 seconds, Stopping threads took: 0.0032914 seconds
{Heap before GC invocations=182 (full 0):
 garbage-first heap   total 1912832K, used 1589969K [0x000000008b400000, 0x000000008b503a60, 0x0000000100000000)
  region size 1024K, 1120 young (1146880K), 26 survivors (26624K)
 Metaspace       used 147680K, capacity 154839K, committed 155056K, reserved 1183744K
  class space    used 19740K, capacity 21073K, committed 21168K, reserved 1048576K
2020-07-20T09:47:07.134+0000: 2263.070: [GC pause (G1 Evacuation Pause) (young)
Desired survivor size 73400320 bytes, new threshold 15 (max 15)
- age   1:   17767000 bytes,   17767000 total
- age   2:    1956968 bytes,   19723968 total
- age   3:     142872 bytes,   19866840 total
- age   4:     908768 bytes,   20775608 total
- age   5:    1211488 bytes,   21987096 total
- age   6:     166248 bytes,   22153344 total
- age   7:     191552 bytes,   22344896 total
- age   8:     161232 bytes,   22506128 total
- age   9:     698800 bytes,   23204928 total
- age  10:      32824 bytes,   23237752 total
- age  11:     259776 bytes,   23497528 total
- age  12:     521000 bytes,   24018528 total
- age  13:     187752 bytes,   24206280 total
- age  14:     416016 bytes,   24622296 total
- age  15:     559352 bytes,   25181648 total
, 0.0335574 secs]
   [Parallel Time: 29.0 ms, GC Workers: 4]
      [GC Worker Start (ms): Min: 2263070.3, Avg: 2263070.3, Max: 2263070.4, Diff: 0.1]
      [Ext Root Scanning (ms): Min: 4.9, Avg: 5.0, Max: 5.1, Diff: 0.3, Sum: 19.9]
      [Update RS (ms): Min: 10.0, Avg: 10.1, Max: 10.3, Diff: 0.2, Sum: 40.4]
         [Processed Buffers: Min: 16, Avg: 26.8, Max: 50, Diff: 34, Sum: 107]
      [Scan RS (ms): Min: 0.3, Avg: 0.3, Max: 0.4, Diff: 0.1, Sum: 1.3]
      [Code Root Scanning (ms): Min: 0.0, Avg: 0.1, Max: 0.1, Diff: 0.1, Sum: 0.3]
      [Object Copy (ms): Min: 13.2, Avg: 13.4, Max: 13.4, Diff: 0.2, Sum: 53.4]
      [Termination (ms): Min: 0.0, Avg: 0.1, Max: 0.1, Diff: 0.1, Sum: 0.3]
         [Termination Attempts: Min: 1, Avg: 1.5, Max: 2, Diff: 1, Sum: 6]
      [GC Worker Other (ms): Min: 0.0, Avg: 0.0, Max: 0.0, Diff: 0.0, Sum: 0.1]
      [GC Worker Total (ms): Min: 28.9, Avg: 28.9, Max: 29.0, Diff: 0.0, Sum: 115.8]
      [GC Worker End (ms): Min: 2263099.2, Avg: 2263099.3, Max: 2263099.3, Diff: 0.1]
   [Code Root Fixup: 0.0 ms]
   [Code Root Purge: 0.0 ms]
   [Clear CT: 0.5 ms]
   [Other: 4.0 ms]
      [Choose CSet: 0.0 ms]
      [Ref Proc: 2.1 ms]
      [Ref Enq: 0.1 ms]
      [Redirty Cards: 0.2 ms]
      [Humongous Register: 0.1 ms]
      [Humongous Reclaim: 0.0 ms]
      [Free CSet: 0.9 ms]
   [Eden: 1094.0M(1094.0M)->0.0B(1101.0M) Survivors: 26624.0K->19456.0K Heap: 1552.7M(1868.0M)->450.4M(1868.0M)]
Heap after GC invocations=183 (full 0):
 garbage-first heap   total 1912832K, used 461230K [0x000000008b400000, 0x000000008b503a60, 0x0000000100000000)
  region size 1024K, 19 young (19456K), 19 survivors (19456K)
 Metaspace       used 147680K, capacity 154839K, committed 155056K, reserved 1183744K
  class space    used 19740K, capacity 21073K, committed 21168K, reserved 1048576K
}
 [Times: user=0.11 sys=0.00, real=0.03 secs] 
2020-07-20T09:47:07.168+0000: 2263.104: Total time for which application threads were stopped: 0.0386128 seconds, Stopping threads took: 0.0036468 seconds
{Heap before GC invocations=183 (full 0):
 garbage-first heap   total 1912832K, used 1588654K [0x000000008b400000, 0x000000008b503a60, 0x0000000100000000)
  region size 1024K, 1120 young (1146880K), 19 survivors (19456K)
 Metaspace       used 147683K, capacity 154839K, committed 155056K, reserved 1183744K
  class space    used 19740K, capacity 21073K, committed 21168K, reserved 1048576K
2020-07-20T09:47:14.250+0000: 2270.186: [GC pause (G1 Evacuation Pause) (young)
Desired survivor size 73400320 bytes, new threshold 15 (max 15)
- age   1:   10110280 bytes,   10110280 total
- age   2:     451304 bytes,   10561584 total
- age   3:    1938336 bytes,   12499920 total
- age   4:     119544 bytes,   12619464 total
- age   5:     583344 bytes,   13202808 total
- age   6:    1023616 bytes,   14226424 total
- age   7:     154200 bytes,   14380624 total
- age   8:     190848 bytes,   14571472 total
- age   9:     160784 bytes,   14732256 total
- age  10:     690064 bytes,   15422320 total
- age  11:      32760 bytes,   15455080 total
- age  12:     259776 bytes,   15714856 total
- age  13:     521000 bytes,   16235856 total
- age  14:     187752 bytes,   16423608 total
- age  15:     416016 bytes,   16839624 total
, 0.0646867 secs]
   [Parallel Time: 59.9 ms, GC Workers: 4]
      [GC Worker Start (ms): Min: 2270186.4, Avg: 2270186.5, Max: 2270186.5, Diff: 0.0]
      [Ext Root Scanning (ms): Min: 6.6, Avg: 7.9, Max: 11.4, Diff: 4.8, Sum: 31.4]
      [Update RS (ms): Min: 15.2, Avg: 20.2, Max: 25.9, Diff: 10.7, Sum: 80.9]
         [Processed Buffers: Min: 19, Avg: 33.2, Max: 57, Diff: 38, Sum: 133]
      [Scan RS (ms): Min: 0.1, Avg: 0.3, Max: 0.5, Diff: 0.5, Sum: 1.2]
      [Code Root Scanning (ms): Min: 0.0, Avg: 0.1, Max: 0.2, Diff: 0.2, Sum: 0.3]
      [Object Copy (ms): Min: 27.1, Avg: 31.2, Max: 32.6, Diff: 5.6, Sum: 124.6]
      [Termination (ms): Min: 0.0, Avg: 0.1, Max: 0.2, Diff: 0.2, Sum: 0.5]
         [Termination Attempts: Min: 1, Avg: 1.0, Max: 1, Diff: 0, Sum: 4]
      [GC Worker Other (ms): Min: 0.0, Avg: 0.0, Max: 0.0, Diff: 0.0, Sum: 0.1]
      [GC Worker Total (ms): Min: 59.7, Avg: 59.8, Max: 59.8, Diff: 0.1, Sum: 239.1]
      [GC Worker End (ms): Min: 2270246.2, Avg: 2270246.2, Max: 2270246.3, Diff: 0.0]
   [Code Root Fixup: 0.0 ms]
   [Code Root Purge: 0.0 ms]
   [Clear CT: 0.6 ms]
   [Other: 4.2 ms]
      [Choose CSet: 0.0 ms]
      [Ref Proc: 2.4 ms]
      [Ref Enq: 0.1 ms]
      [Redirty Cards: 0.3 ms]
      [Humongous Register: 0.1 ms]
      [Humongous Reclaim: 0.0 ms]
      [Free CSet: 0.9 ms]
   [Eden: 1101.0M(1101.0M)->0.0B(1091.0M) Survivors: 19456.0K->29696.0K Heap: 1551.4M(1868.0M)->461.2M(1868.0M)]
Heap after GC invocations=184 (full 0):
 garbage-first heap   total 1912832K, used 472276K [0x000000008b400000, 0x000000008b503a60, 0x0000000100000000)
  region size 1024K, 29 young (29696K), 29 survivors (29696K)
 Metaspace       used 147683K, capacity 154839K, committed 155056K, reserved 1183744K
  class space    used 19740K, capacity 21073K, committed 21168K, reserved 1048576K
}
 [Times: user=0.16 sys=0.01, real=0.07 secs] 
2020-07-20T09:47:14.315+0000: 2270.251: Total time for which application threads were stopped: 0.0659335 seconds, Stopping threads took: 0.0003135 seconds
{Heap before GC invocations=184 (full 0):
 garbage-first heap   total 1912832K, used 1591508K [0x000000008b400000, 0x000000008b503a60, 0x0000000100000000)
  region size 1024K, 1120 young (1146880K), 29 survivors (29696K)
 Metaspace       used 147698K, capacity 154857K, committed 155056K, reserved 1183744K
  class space    used 19742K, capacity 21076K, committed 21168K, reserved 1048576K
2020-07-20T09:47:33.879+0000: 2289.814: [GC pause (G1 Evacuation Pause) (young)
Desired survivor size 73400320 bytes, new threshold 15 (max 15)
- age   1:   18421480 bytes,   18421480 total
- age   2:    5476320 bytes,   23897800 total
- age   3:     434792 bytes,   24332592 total
- age   4:     386136 bytes,   24718728 total
- age   5:     112296 bytes,   24831024 total
- age   6:     144888 bytes,   24975912 total
- age   7:     794760 bytes,   25770672 total
- age   8:     148600 bytes,   25919272 total
- age   9:     190208 bytes,   26109480 total
- age  10:     160688 bytes,   26270168 total
- age  11:     672248 bytes,   26942416 total
- age  12:      32760 bytes,   26975176 total
- age  13:     259008 bytes,   27234184 total
- age  14:     520920 bytes,   27755104 total
- age  15:     187752 bytes,   27942856 total
, 0.0947484 secs]
   [Parallel Time: 88.4 ms, GC Workers: 4]
      [GC Worker Start (ms): Min: 2289814.7, Avg: 2289819.1, Max: 2289820.6, Diff: 5.9]
      [Ext Root Scanning (ms): Min: 6.0, Avg: 8.5, Max: 16.1, Diff: 10.2, Sum: 34.2]
      [Update RS (ms): Min: 12.6, Avg: 15.1, Max: 16.1, Diff: 3.5, Sum: 60.4]
         [Processed Buffers: Min: 13, Avg: 31.2, Max: 60, Diff: 47, Sum: 125]
      [Scan RS (ms): Min: 0.3, Avg: 0.4, Max: 0.6, Diff: 0.3, Sum: 1.7]
      [Code Root Scanning (ms): Min: 0.0, Avg: 0.1, Max: 0.1, Diff: 0.1, Sum: 0.3]
      [Object Copy (ms): Min: 59.0, Avg: 59.5, Max: 59.7, Diff: 0.7, Sum: 237.9]
      [Termination (ms): Min: 0.0, Avg: 0.0, Max: 0.0, Diff: 0.0, Sum: 0.1]
         [Termination Attempts: Min: 10, Avg: 17.8, Max: 21, Diff: 11, Sum: 71]
      [GC Worker Other (ms): Min: 0.0, Avg: 0.2, Max: 0.3, Diff: 0.3, Sum: 0.6]
      [GC Worker Total (ms): Min: 82.2, Avg: 83.8, Max: 88.1, Diff: 5.8, Sum: 335.3]
      [GC Worker End (ms): Min: 2289902.8, Avg: 2289902.9, Max: 2289903.1, Diff: 0.2]
   [Code Root Fixup: 0.1 ms]
   [Code Root Purge: 0.0 ms]
   [Clear CT: 0.4 ms]
   [Other: 5.9 ms]
      [Choose CSet: 0.0 ms]
      [Ref Proc: 3.8 ms]
      [Ref Enq: 0.3 ms]
      [Redirty Cards: 0.2 ms]
      [Humongous Register: 0.1 ms]
      [Humongous Reclaim: 0.1 ms]
      [Free CSet: 1.0 ms]
   [Eden: 1091.0M(1091.0M)->0.0B(1064.0M) Survivors: 29696.0K->57344.0K Heap: 1554.2M(1868.0M)->488.6M(1868.0M)]
Heap after GC invocations=185 (full 0):
 garbage-first heap   total 1912832K, used 500292K [0x000000008b400000, 0x000000008b503a60, 0x0000000100000000)
  region size 1024K, 56 young (57344K), 56 survivors (57344K)
 Metaspace       used 147698K, capacity 154857K, committed 155056K, reserved 1183744K
  class space    used 19742K, capacity 21076K, committed 21168K, reserved 1048576K
}
 [Times: user=0.25 sys=0.00, real=0.10 secs] 
2020-07-20T09:47:33.974+0000: 2289.909: Total time for which application threads were stopped: 0.0965388 seconds, Stopping threads took: 0.0003337 seconds
{Heap before GC invocations=185 (full 0):
 garbage-first heap   total 1912832K, used 1589828K [0x000000008b400000, 0x000000008b503a60, 0x0000000100000000)
  region size 1024K, 1120 young (1146880K), 56 survivors (57344K)
 Metaspace       used 147698K, capacity 154857K, committed 155056K, reserved 1183744K
  class space    used 19742K, capacity 21076K, committed 21168K, reserved 1048576K
2020-07-20T09:47:43.421+0000: 2299.357: [GC pause (G1 Evacuation Pause) (young)
Desired survivor size 73400320 bytes, new threshold 15 (max 15)
- age   1:   36310856 bytes,   36310856 total
- age   2:   10605368 bytes,   46916224 total
- age   3:    5367776 bytes,   52284000 total
- age   4:     426288 bytes,   52710288 total
- age   5:      71736 bytes,   52782024 total
- age   6:      94520 bytes,   52876544 total
- age   7:     140112 bytes,   53016656 total
- age   8:     792880 bytes,   53809536 total
- age   9:     147288 bytes,   53956824 total
- age  10:     173280 bytes,   54130104 total
- age  11:     159704 bytes,   54289808 total
- age  12:     660064 bytes,   54949872 total
- age  13:      32760 bytes,   54982632 total
- age  14:     259008 bytes,   55241640 total
- age  15:     520920 bytes,   55762560 total
, 0.0629616 secs]
   [Parallel Time: 58.6 ms, GC Workers: 4]
      [GC Worker Start (ms): Min: 2299357.6, Avg: 2299357.7, Max: 2299357.7, Diff: 0.1]
      [Ext Root Scanning (ms): Min: 4.9, Avg: 5.0, Max: 5.2, Diff: 0.2, Sum: 20.1]
      [Update RS (ms): Min: 10.9, Avg: 11.0, Max: 11.1, Diff: 0.2, Sum: 43.9]
         [Processed Buffers: Min: 19, Avg: 29.5, Max: 37, Diff: 18, Sum: 118]
      [Scan RS (ms): Min: 0.2, Avg: 0.4, Max: 0.5, Diff: 0.2, Sum: 1.5]
      [Code Root Scanning (ms): Min: 0.0, Avg: 0.1, Max: 0.2, Diff: 0.2, Sum: 0.4]
      [Object Copy (ms): Min: 41.8, Avg: 41.9, Max: 42.1, Diff: 0.2, Sum: 167.7]
      [Termination (ms): Min: 0.0, Avg: 0.1, Max: 0.1, Diff: 0.1, Sum: 0.3]
         [Termination Attempts: Min: 6, Avg: 9.8, Max: 16, Diff: 10, Sum: 39]
      [GC Worker Other (ms): Min: 0.0, Avg: 0.0, Max: 0.0, Diff: 0.0, Sum: 0.1]
      [GC Worker Total (ms): Min: 58.4, Avg: 58.5, Max: 58.5, Diff: 0.0, Sum: 233.8]
      [GC Worker End (ms): Min: 2299416.1, Avg: 2299416.1, Max: 2299416.1, Diff: 0.0]
   [Code Root Fixup: 0.0 ms]
   [Code Root Purge: 0.0 ms]
   [Clear CT: 0.4 ms]
   [Other: 4.0 ms]
      [Choose CSet: 0.0 ms]
      [Ref Proc: 2.1 ms]
      [Ref Enq: 0.2 ms]
      [Redirty Cards: 0.3 ms]
      [Humongous Register: 0.1 ms]
      [Humongous Reclaim: 0.0 ms]
      [Free CSet: 0.9 ms]
   [Eden: 1064.0M(1064.0M)->0.0B(1075.0M) Survivors: 57344.0K->46080.0K Heap: 1552.6M(1868.0M)->476.6M(1868.0M)]
Heap after GC invocations=186 (full 0):
 garbage-first heap   total 1912832K, used 488075K [0x000000008b400000, 0x000000008b503a60, 0x0000000100000000)
  region size 1024K, 45 young (46080K), 45 survivors (46080K)
 Metaspace       used 147698K, capacity 154857K, committed 155056K, reserved 1183744K
  class space    used 19742K, capacity 21076K, committed 21168K, reserved 1048576K
}
 [Times: user=0.21 sys=0.00, real=0.06 secs] 
2020-07-20T09:47:43.485+0000: 2299.421: Total time for which application threads were stopped: 0.0676955 seconds, Stopping threads took: 0.0038465 seconds
{Heap before GC invocations=186 (full 0):
 garbage-first heap   total 1912832K, used 1590923K [0x000000008b400000, 0x000000008b503a60, 0x0000000100000000)
  region size 1024K, 1120 young (1146880K), 45 survivors (46080K)
 Metaspace       used 147698K, capacity 154857K, committed 155056K, reserved 1183744K
  class space    used 19742K, capacity 21076K, committed 21168K, reserved 1048576K
2020-07-20T09:47:51.881+0000: 2307.817: [GC pause (G1 Evacuation Pause) (young)
Desired survivor size 73400320 bytes, new threshold 15 (max 15)
- age   1:   35621088 bytes,   35621088 total
- age   2:    3719720 bytes,   39340808 total
- age   3:    2109088 bytes,   41449896 total
- age   4:     488176 bytes,   41938072 total
- age   5:     424688 bytes,   42362760 total
- age   6:      59848 bytes,   42422608 total
- age   7:      93784 bytes,   42516392 total
- age   8:     139728 bytes,   42656120 total
- age   9:     792752 bytes,   43448872 total
- age  10:     145136 bytes,   43594008 total
- age  11:     173088 bytes,   43767096 total
- age  12:     159448 bytes,   43926544 total
- age  13:     659896 bytes,   44586440 total
- age  14:      32760 bytes,   44619200 total
- age  15:     259008 bytes,   44878208 total
, 0.0586140 secs]
   [Parallel Time: 54.4 ms, GC Workers: 4]
      [GC Worker Start (ms): Min: 2307817.6, Avg: 2307817.7, Max: 2307817.8, Diff: 0.2]
      [Ext Root Scanning (ms): Min: 5.5, Avg: 6.0, Max: 6.9, Diff: 1.4, Sum: 23.9]
      [Update RS (ms): Min: 11.8, Avg: 12.5, Max: 12.7, Diff: 1.0, Sum: 49.9]
         [Processed Buffers: Min: 20, Avg: 26.2, Max: 33, Diff: 13, Sum: 105]
      [Scan RS (ms): Min: 0.3, Avg: 0.3, Max: 0.4, Diff: 0.1, Sum: 1.1]
      [Code Root Scanning (ms): Min: 0.0, Avg: 0.1, Max: 0.1, Diff: 0.1, Sum: 0.2]
      [Object Copy (ms): Min: 35.2, Avg: 35.3, Max: 35.5, Diff: 0.3, Sum: 141.4]
      [Termination (ms): Min: 0.0, Avg: 0.0, Max: 0.0, Diff: 0.0, Sum: 0.0]
         [Termination Attempts: Min: 1, Avg: 1.8, Max: 2, Diff: 1, Sum: 7]
      [GC Worker Other (ms): Min: 0.0, Avg: 0.1, Max: 0.1, Diff: 0.1, Sum: 0.2]
      [GC Worker Total (ms): Min: 54.2, Avg: 54.2, Max: 54.2, Diff: 0.1, Sum: 216.8]
      [GC Worker End (ms): Min: 2307871.9, Avg: 2307871.9, Max: 2307872.0, Diff: 0.1]
   [Code Root Fixup: 0.0 ms]
   [Code Root Purge: 0.0 ms]
   [Clear CT: 0.4 ms]
   [Other: 3.8 ms]
      [Choose CSet: 0.0 ms]
      [Ref Proc: 1.8 ms]
      [Ref Enq: 0.1 ms]
      [Redirty Cards: 0.2 ms]
      [Humongous Register: 0.2 ms]
      [Humongous Reclaim: 0.0 ms]
      [Free CSet: 1.0 ms]
   [Eden: 1075.0M(1075.0M)->0.0B(1082.0M) Survivors: 46080.0K->38912.0K Heap: 1553.6M(1868.0M)->469.7M(1868.0M)]
Heap after GC invocations=187 (full 0):
 garbage-first heap   total 1912832K, used 480976K [0x000000008b400000, 0x000000008b503a60, 0x0000000100000000)
  region size 1024K, 38 young (38912K), 38 survivors (38912K)
 Metaspace       used 147698K, capacity 154857K, committed 155056K, reserved 1183744K
  class space    used 19742K, capacity 21076K, committed 21168K, reserved 1048576K
}
 [Times: user=0.19 sys=0.00, real=0.05 secs] 
2020-07-20T09:47:51.940+0000: 2307.876: Total time for which application threads were stopped: 0.0603822 seconds, Stopping threads took: 0.0009480 seconds
{Heap before GC invocations=187 (full 0):
 garbage-first heap   total 1912832K, used 1590992K [0x000000008b400000, 0x000000008b503a60, 0x0000000100000000)
  region size 1024K, 1120 young (1146880K), 38 survivors (38912K)
 Metaspace       used 147698K, capacity 154857K, committed 155056K, reserved 1183744K
  class space    used 19742K, capacity 21076K, committed 21168K, reserved 1048576K
2020-07-20T09:48:14.421+0000: 2330.357: [GC pause (G1 Evacuation Pause) (young)
Desired survivor size 73400320 bytes, new threshold 15 (max 15)
- age   1:   29921040 bytes,   29921040 total
- age   2:    1710920 bytes,   31631960 total
- age   3:     855648 bytes,   32487608 total
- age   4:    2108448 bytes,   34596056 total
- age   5:     486776 bytes,   35082832 total
- age   6:     413512 bytes,   35496344 total
- age   7:      56480 bytes,   35552824 total
- age   8:      93304 bytes,   35646128 total
- age   9:     139488 bytes,   35785616 total
- age  10:     792528 bytes,   36578144 total
- age  11:     129552 bytes,   36707696 total
- age  12:     172872 bytes,   36880568 total
- age  13:     159320 bytes,   37039888 total
- age  14:     659896 bytes,   37699784 total
- age  15:      32504 bytes,   37732288 total
, 0.0454025 secs]
   [Parallel Time: 41.1 ms, GC Workers: 4]
      [GC Worker Start (ms): Min: 2330357.6, Avg: 2330357.7, Max: 2330357.7, Diff: 0.2]
      [Ext Root Scanning (ms): Min: 4.7, Avg: 4.9, Max: 5.1, Diff: 0.4, Sum: 19.6]
      [Update RS (ms): Min: 10.1, Avg: 10.1, Max: 10.2, Diff: 0.1, Sum: 40.5]
         [Processed Buffers: Min: 18, Avg: 30.0, Max: 48, Diff: 30, Sum: 120]
      [Scan RS (ms): Min: 0.3, Avg: 0.4, Max: 0.5, Diff: 0.2, Sum: 1.5]
      [Code Root Scanning (ms): Min: 0.0, Avg: 0.0, Max: 0.1, Diff: 0.1, Sum: 0.2]
      [Object Copy (ms): Min: 25.1, Avg: 25.3, Max: 25.4, Diff: 0.2, Sum: 101.2]
      [Termination (ms): Min: 0.0, Avg: 0.1, Max: 0.1, Diff: 0.1, Sum: 0.3]
         [Termination Attempts: Min: 4, Avg: 8.0, Max: 12, Diff: 8, Sum: 32]
      [GC Worker Other (ms): Min: 0.0, Avg: 0.0, Max: 0.0, Diff: 0.0, Sum: 0.1]
      [GC Worker Total (ms): Min: 40.8, Avg: 40.9, Max: 40.9, Diff: 0.1, Sum: 163.4]
      [GC Worker End (ms): Min: 2330398.5, Avg: 2330398.5, Max: 2330398.6, Diff: 0.0]
   [Code Root Fixup: 0.0 ms]
   [Code Root Purge: 0.0 ms]
   [Clear CT: 0.4 ms]
   [Other: 3.9 ms]
      [Choose CSet: 0.0 ms]
      [Ref Proc: 1.9 ms]
      [Ref Enq: 0.2 ms]
      [Redirty Cards: 0.3 ms]
      [Humongous Register: 0.1 ms]
      [Humongous Reclaim: 0.0 ms]
      [Free CSet: 1.1 ms]
   [Eden: 1082.0M(1082.0M)->0.0B(1090.0M) Survivors: 38912.0K->30720.0K Heap: 1553.7M(1868.0M)->461.9M(1868.0M)]
Heap after GC invocations=188 (full 0):
 garbage-first heap   total 1912832K, used 472983K [0x000000008b400000, 0x000000008b503a60, 0x0000000100000000)
  region size 1024K, 30 young (30720K), 30 survivors (30720K)
 Metaspace       used 147698K, capacity 154857K, committed 155056K, reserved 1183744K
  class space    used 19742K, capacity 21076K, committed 21168K, reserved 1048576K
}
 [Times: user=0.15 sys=0.00, real=0.04 secs] 
2020-07-20T09:48:14.467+0000: 2330.403: Total time for which application threads were stopped: 0.0464221 seconds, Stopping threads took: 0.0002176 seconds
{Heap before GC invocations=188 (full 0):
 garbage-first heap   total 1912832K, used 1593239K [0x000000008b400000, 0x000000008b503a60, 0x0000000100000000)
  region size 1024K, 1120 young (1146880K), 30 survivors (30720K)
 Metaspace       used 147699K, capacity 154857K, committed 155056K, reserved 1183744K
  class space    used 19742K, capacity 21076K, committed 21168K, reserved 1048576K
2020-07-20T09:48:21.133+0000: 2337.069: [GC pause (G1 Evacuation Pause) (young)
Desired survivor size 73400320 bytes, new threshold 15 (max 15)
- age   1:   22320608 bytes,   22320608 total
- age   2:     402904 bytes,   22723512 total
- age   3:     160320 bytes,   22883832 total
- age   4:     807400 bytes,   23691232 total
- age   5:    2098816 bytes,   25790048 total
- age   6:     183152 bytes,   25973200 total
- age   7:     126808 bytes,   26100008 total
- age   8:      55968 bytes,   26155976 total
- age   9:      92984 bytes,   26248960 total
- age  10:     136080 bytes,   26385040 total
- age  11:     792464 bytes,   27177504 total
- age  12:     127360 bytes,   27304864 total
- age  13:     172808 bytes,   27477672 total
- age  14:     159256 bytes,   27636928 total
- age  15:     658392 bytes,   28295320 total
, 0.0355191 secs]
   [Parallel Time: 31.5 ms, GC Workers: 4]
      [GC Worker Start (ms): Min: 2337069.4, Avg: 2337069.5, Max: 2337069.5, Diff: 0.1]
      [Ext Root Scanning (ms): Min: 5.0, Avg: 5.1, Max: 5.3, Diff: 0.3, Sum: 20.6]
      [Update RS (ms): Min: 9.0, Avg: 9.0, Max: 9.1, Diff: 0.0, Sum: 36.2]
         [Processed Buffers: Min: 17, Avg: 24.0, Max: 37, Diff: 20, Sum: 96]
      [Scan RS (ms): Min: 0.3, Avg: 0.3, Max: 0.4, Diff: 0.2, Sum: 1.3]
      [Code Root Scanning (ms): Min: 0.0, Avg: 0.0, Max: 0.1, Diff: 0.0, Sum: 0.1]
      [Object Copy (ms): Min: 16.5, Avg: 16.7, Max: 16.8, Diff: 0.3, Sum: 66.7]
      [Termination (ms): Min: 0.0, Avg: 0.0, Max: 0.0, Diff: 0.0, Sum: 0.0]
         [Termination Attempts: Min: 1, Avg: 1.8, Max: 3, Diff: 2, Sum: 7]
      [GC Worker Other (ms): Min: 0.0, Avg: 0.1, Max: 0.1, Diff: 0.1, Sum: 0.3]
      [GC Worker Total (ms): Min: 31.2, Avg: 31.3, Max: 31.4, Diff: 0.1, Sum: 125.3]
      [GC Worker End (ms): Min: 2337100.8, Avg: 2337100.8, Max: 2337100.8, Diff: 0.1]
   [Code Root Fixup: 0.0 ms]
   [Code Root Purge: 0.0 ms]
   [Clear CT: 0.4 ms]
   [Other: 3.6 ms]
      [Choose CSet: 0.0 ms]
      [Ref Proc: 1.9 ms]
      [Ref Enq: 0.1 ms]
      [Redirty Cards: 0.2 ms]
      [Humongous Register: 0.1 ms]
      [Humongous Reclaim: 0.0 ms]
      [Free CSet: 1.0 ms]
   [Eden: 1090.0M(1090.0M)->0.0B(1098.0M) Survivors: 30720.0K->22528.0K Heap: 1555.9M(1868.0M)->457.0M(1868.0M)]
Heap after GC invocations=189 (full 0):
 garbage-first heap   total 1912832K, used 467999K [0x000000008b400000, 0x000000008b503a60, 0x0000000100000000)
  region size 1024K, 22 young (22528K), 22 survivors (22528K)
 Metaspace       used 147699K, capacity 154857K, committed 155056K, reserved 1183744K
  class space    used 19742K, capacity 21076K, committed 21168K, reserved 1048576K
}
 [Times: user=0.12 sys=0.00, real=0.03 secs] 
2020-07-20T09:48:21.169+0000: 2337.105: Total time for which application threads were stopped: 0.0397134 seconds, Stopping threads took: 0.0033250 seconds
{Heap before GC invocations=189 (full 0):
 garbage-first heap   total 1912832K, used 1592351K [0x000000008b400000, 0x000000008b503a60, 0x0000000100000000)
  region size 1024K, 1120 young (1146880K), 22 survivors (22528K)
 Metaspace       used 147699K, capacity 154857K, committed 155056K, reserved 1183744K
  class space    used 19742K, capacity 21076K, committed 21168K, reserved 1048576K
2020-07-20T09:48:27.110+0000: 2343.046: [GC pause (G1 Evacuation Pause) (young)
Desired survivor size 73400320 bytes, new threshold 15 (max 15)
- age   1:   13741352 bytes,   13741352 total
- age   2:    2040544 bytes,   15781896 total
- age   3:     400392 bytes,   16182288 total
- age   4:     159248 bytes,   16341536 total
- age   5:     785792 bytes,   17127328 total
- age   6:    1930384 bytes,   19057712 total
- age   7:     177960 bytes,   19235672 total
- age   8:     126192 bytes,   19361864 total
- age   9:      54848 bytes,   19416712 total
- age  10:      92536 bytes,   19509248 total
- age  11:     117256 bytes,   19626504 total
- age  12:     792304 bytes,   20418808 total
- age  13:     122280 bytes,   20541088 total
- age  14:     167792 bytes,   20708880 total
- age  15:     159080 bytes,   20867960 total
, 0.0624774 secs]
   [Parallel Time: 57.6 ms, GC Workers: 4]
      [GC Worker Start (ms): Min: 2343046.8, Avg: 2343048.7, Max: 2343052.6, Diff: 5.8]
      [Ext Root Scanning (ms): Min: 2.7, Avg: 6.7, Max: 9.5, Diff: 6.8, Sum: 26.8]
      [Update RS (ms): Min: 12.2, Avg: 12.8, Max: 13.1, Diff: 0.9, Sum: 51.4]
         [Processed Buffers: Min: 21, Avg: 28.8, Max: 47, Diff: 26, Sum: 115]
      [Scan RS (ms): Min: 0.3, Avg: 0.4, Max: 0.5, Diff: 0.2, Sum: 1.4]
      [Code Root Scanning (ms): Min: 0.0, Avg: 0.0, Max: 0.1, Diff: 0.1, Sum: 0.2]
      [Object Copy (ms): Min: 35.2, Avg: 35.5, Max: 35.9, Diff: 0.7, Sum: 141.8]
      [Termination (ms): Min: 0.0, Avg: 0.0, Max: 0.0, Diff: 0.0, Sum: 0.0]
         [Termination Attempts: Min: 1, Avg: 1.0, Max: 1, Diff: 0, Sum: 4]
      [GC Worker Other (ms): Min: 0.0, Avg: 0.1, Max: 0.2, Diff: 0.1, Sum: 0.4]
      [GC Worker Total (ms): Min: 51.6, Avg: 55.5, Max: 57.4, Diff: 5.7, Sum: 222.1]
      [GC Worker End (ms): Min: 2343104.2, Avg: 2343104.2, Max: 2343104.3, Diff: 0.1]
   [Code Root Fixup: 0.0 ms]
   [Code Root Purge: 0.0 ms]
   [Clear CT: 0.4 ms]
   [Other: 4.4 ms]
      [Choose CSet: 0.0 ms]
      [Ref Proc: 2.3 ms]
      [Ref Enq: 0.1 ms]
      [Redirty Cards: 0.2 ms]
      [Humongous Register: 0.2 ms]
      [Humongous Reclaim: 0.1 ms]
      [Free CSet: 1.0 ms]
   [Eden: 1098.0M(1098.0M)->0.0B(1079.0M) Survivors: 22528.0K->41984.0K Heap: 1555.0M(1868.0M)->476.0M(1868.0M)]
Heap after GC invocations=190 (full 0):
 garbage-first heap   total 1912832K, used 487459K [0x000000008b400000, 0x000000008b503a60, 0x0000000100000000)
  region size 1024K, 41 young (41984K), 41 survivors (41984K)
 Metaspace       used 147699K, capacity 154857K, committed 155056K, reserved 1183744K
  class space    used 19742K, capacity 21076K, committed 21168K, reserved 1048576K
}
 [Times: user=0.21 sys=0.00, real=0.07 secs] 
2020-07-20T09:48:27.173+0000: 2343.109: Total time for which application threads were stopped: 0.0649570 seconds, Stopping threads took: 0.0004453 seconds
{Heap before GC invocations=190 (full 0):
 garbage-first heap   total 1912832K, used 1596451K [0x000000008b400000, 0x000000008b503a60, 0x0000000100000000)
  region size 1024K, 1120 young (1146880K), 41 survivors (41984K)
 Metaspace       used 147699K, capacity 154857K, committed 155056K, reserved 1183744K
  class space    used 19742K, capacity 21076K, committed 21168K, reserved 1048576K
2020-07-20T09:48:31.571+0000: 2347.507: [GC pause (G1 Evacuation Pause) (young)
Desired survivor size 73400320 bytes, new threshold 15 (max 15)
- age   1:   26028328 bytes,   26028328 total
- age   2:    8842320 bytes,   34870648 total
- age   3:    2013768 bytes,   36884416 total
- age   4:     399728 bytes,   37284144 total
- age   5:     158512 bytes,   37442656 total
- age   6:     438832 bytes,   37881488 total
- age   7:    1880848 bytes,   39762336 total
- age   8:     177680 bytes,   39940016 total
- age   9:     125904 bytes,   40065920 total
- age  10:      54384 bytes,   40120304 total
- age  11:      92344 bytes,   40212648 total
- age  12:     117192 bytes,   40329840 total
- age  13:     792176 bytes,   41122016 total
- age  14:     122120 bytes,   41244136 total
- age  15:     167728 bytes,   41411864 total
, 0.0764985 secs]
   [Parallel Time: 72.0 ms, GC Workers: 4]
      [GC Worker Start (ms): Min: 2347507.6, Avg: 2347507.6, Max: 2347507.7, Diff: 0.1]
      [Ext Root Scanning (ms): Min: 5.1, Avg: 5.2, Max: 5.3, Diff: 0.3, Sum: 20.7]
      [Update RS (ms): Min: 11.1, Avg: 11.1, Max: 11.2, Diff: 0.1, Sum: 44.5]
         [Processed Buffers: Min: 14, Avg: 27.5, Max: 49, Diff: 35, Sum: 110]
      [Scan RS (ms): Min: 0.3, Avg: 0.3, Max: 0.3, Diff: 0.1, Sum: 1.2]
      [Code Root Scanning (ms): Min: 0.0, Avg: 0.0, Max: 0.0, Diff: 0.0, Sum: 0.1]
      [Object Copy (ms): Min: 54.9, Avg: 55.0, Max: 55.1, Diff: 0.2, Sum: 219.9]
      [Termination (ms): Min: 0.0, Avg: 0.1, Max: 0.1, Diff: 0.1, Sum: 0.3]
         [Termination Attempts: Min: 5, Avg: 11.2, Max: 16, Diff: 11, Sum: 45]
      [GC Worker Other (ms): Min: 0.0, Avg: 0.0, Max: 0.0, Diff: 0.0, Sum: 0.1]
      [GC Worker Total (ms): Min: 71.6, Avg: 71.7, Max: 71.7, Diff: 0.1, Sum: 286.7]
      [GC Worker End (ms): Min: 2347579.3, Avg: 2347579.3, Max: 2347579.3, Diff: 0.0]
   [Code Root Fixup: 0.0 ms]
   [Code Root Purge: 0.0 ms]
   [Clear CT: 0.4 ms]
   [Other: 4.1 ms]
      [Choose CSet: 0.0 ms]
      [Ref Proc: 2.2 ms]
      [Ref Enq: 0.2 ms]
      [Redirty Cards: 0.3 ms]
      [Humongous Register: 0.1 ms]
      [Humongous Reclaim: 0.1 ms]
      [Free CSet: 0.9 ms]
   [Eden: 1079.0M(1079.0M)->0.0B(1061.0M) Survivors: 41984.0K->60416.0K Heap: 1559.0M(1868.0M)->496.2M(1868.0M)]
Heap after GC invocations=191 (full 0):
 garbage-first heap   total 1912832K, used 508149K [0x000000008b400000, 0x000000008b503a60, 0x0000000100000000)
  region size 1024K, 59 young (60416K), 59 survivors (60416K)
 Metaspace       used 147699K, capacity 154857K, committed 155056K, reserved 1183744K
  class space    used 19742K, capacity 21076K, committed 21168K, reserved 1048576K
}
 [Times: user=0.26 sys=0.00, real=0.08 secs] 
2020-07-20T09:48:31.648+0000: 2347.584: Total time for which application threads were stopped: 0.0779566 seconds, Stopping threads took: 0.0006492 seconds
{Heap before GC invocations=191 (full 0):
 garbage-first heap   total 1912832K, used 1594613K [0x000000008b400000, 0x000000008b503a60, 0x0000000100000000)
  region size 1024K, 1120 young (1146880K), 59 survivors (60416K)
 Metaspace       used 147700K, capacity 154857K, committed 155056K, reserved 1183744K
  class space    used 19742K, capacity 21076K, committed 21168K, reserved 1048576K
2020-07-20T09:48:36.539+0000: 2352.475: [GC pause (G1 Evacuation Pause) (young)
Desired survivor size 73400320 bytes, new threshold 15 (max 15)
- age   1:   24303288 bytes,   24303288 total
- age   2:   19001376 bytes,   43304664 total
- age   3:    8682064 bytes,   51986728 total
- age   4:    1992600 bytes,   53979328 total
- age   5:     395056 bytes,   54374384 total
- age   6:     157160 bytes,   54531544 total
- age   7:     431552 bytes,   54963096 total
- age   8:    1880240 bytes,   56843336 total
- age   9:     173680 bytes,   57017016 total
- age  10:     110208 bytes,   57127224 total
- age  11:      38880 bytes,   57166104 total
- age  12:      92312 bytes,   57258416 total
- age  13:     117168 bytes,   57375584 total
- age  14:     791824 bytes,   58167408 total
- age  15:     122120 bytes,   58289528 total
, 0.0610385 secs]
   [Parallel Time: 56.3 ms, GC Workers: 4]
      [GC Worker Start (ms): Min: 2352474.9, Avg: 2352474.9, Max: 2352474.9, Diff: 0.1]
      [Ext Root Scanning (ms): Min: 6.7, Avg: 7.7, Max: 10.5, Diff: 3.7, Sum: 31.0]
      [Update RS (ms): Min: 12.7, Avg: 15.2, Max: 16.3, Diff: 3.6, Sum: 60.9]
         [Processed Buffers: Min: 26, Avg: 28.8, Max: 32, Diff: 6, Sum: 115]
      [Scan RS (ms): Min: 0.2, Avg: 0.3, Max: 0.4, Diff: 0.1, Sum: 1.3]
      [Code Root Scanning (ms): Min: 0.0, Avg: 0.0, Max: 0.0, Diff: 0.0, Sum: 0.1]
      [Object Copy (ms): Min: 32.5, Avg: 32.7, Max: 32.9, Diff: 0.5, Sum: 130.7]
      [Termination (ms): Min: 0.0, Avg: 0.0, Max: 0.1, Diff: 0.1, Sum: 0.1]
         [Termination Attempts: Min: 1, Avg: 1.0, Max: 1, Diff: 0, Sum: 4]
      [GC Worker Other (ms): Min: 0.0, Avg: 0.1, Max: 0.2, Diff: 0.1, Sum: 0.4]
      [GC Worker Total (ms): Min: 56.1, Avg: 56.1, Max: 56.2, Diff: 0.1, Sum: 224.5]
      [GC Worker End (ms): Min: 2352531.0, Avg: 2352531.0, Max: 2352531.1, Diff: 0.1]
   [Code Root Fixup: 0.0 ms]
   [Code Root Purge: 0.0 ms]
   [Clear CT: 0.5 ms]
   [Other: 4.2 ms]
      [Choose CSet: 0.0 ms]
      [Ref Proc: 2.1 ms]
      [Ref Enq: 0.2 ms]
      [Redirty Cards: 0.3 ms]
      [Humongous Register: 0.1 ms]
      [Humongous Reclaim: 0.1 ms]
      [Free CSet: 0.9 ms]
   [Eden: 1061.0M(1061.0M)->0.0B(1084.0M) Survivors: 60416.0K->36864.0K Heap: 1557.2M(1868.0M)->471.9M(1868.0M)]
Heap after GC invocations=192 (full 0):
 garbage-first heap   total 1912832K, used 483229K [0x000000008b400000, 0x000000008b503a60, 0x0000000100000000)
  region size 1024K, 36 young (36864K), 36 survivors (36864K)
 Metaspace       used 147700K, capacity 154857K, committed 155056K, reserved 1183744K
  class space    used 19742K, capacity 21076K, committed 21168K, reserved 1048576K
}
 [Times: user=0.19 sys=0.00, real=0.06 secs] 
2020-07-20T09:48:36.600+0000: 2352.536: Total time for which application threads were stopped: 0.0639734 seconds, Stopping threads took: 0.0008160 seconds
{Heap before GC invocations=192 (full 0):
 garbage-first heap   total 1912832K, used 1595293K [0x000000008b400000, 0x000000008b503a60, 0x0000000100000000)
  region size 1024K, 1120 young (1146880K), 36 survivors (36864K)
 Metaspace       used 147701K, capacity 154857K, committed 155056K, reserved 1183744K
  class space    used 19742K, capacity 21076K, committed 21168K, reserved 1048576K
2020-07-20T09:48:42.406+0000: 2358.342: [GC pause (G1 Evacuation Pause) (young)
Desired survivor size 73400320 bytes, new threshold 15 (max 15)
- age   1:   21101584 bytes,   21101584 total
- age   2:    7237600 bytes,   28339184 total
- age   3:     907152 bytes,   29246336 total
- age   4:     471840 bytes,   29718176 total
- age   5:    1987432 bytes,   31705608 total
- age   6:     394736 bytes,   32100344 total
- age   7:      48160 bytes,   32148504 total
- age   8:     236464 bytes,   32384968 total
- age   9:    1880112 bytes,   34265080 total
- age  10:     172104 bytes,   34437184 total
- age  11:     110080 bytes,   34547264 total
- age  12:      38656 bytes,   34585920 total
- age  13:      92248 bytes,   34678168 total
- age  14:     117136 bytes,   34795304 total
- age  15:     791792 bytes,   35587096 total
, 0.0811649 secs]
   [Parallel Time: 76.9 ms, GC Workers: 4]
      [GC Worker Start (ms): Min: 2358342.0, Avg: 2358342.1, Max: 2358342.2, Diff: 0.1]
      [Ext Root Scanning (ms): Min: 5.1, Avg: 5.3, Max: 5.7, Diff: 0.6, Sum: 21.3]
      [Update RS (ms): Min: 14.5, Avg: 14.6, Max: 14.8, Diff: 0.4, Sum: 58.5]
         [Processed Buffers: Min: 20, Avg: 31.5, Max: 54, Diff: 34, Sum: 126]
      [Scan RS (ms): Min: 0.2, Avg: 0.3, Max: 0.3, Diff: 0.1, Sum: 1.2]
      [Code Root Scanning (ms): Min: 0.0, Avg: 0.0, Max: 0.0, Diff: 0.0, Sum: 0.1]
      [Object Copy (ms): Min: 56.2, Avg: 56.4, Max: 56.5, Diff: 0.2, Sum: 225.4]
      [Termination (ms): Min: 0.0, Avg: 0.0, Max: 0.1, Diff: 0.0, Sum: 0.2]
         [Termination Attempts: Min: 10, Avg: 15.0, Max: 23, Diff: 13, Sum: 60]
      [GC Worker Other (ms): Min: 0.0, Avg: 0.0, Max: 0.0, Diff: 0.0, Sum: 0.1]
      [GC Worker Total (ms): Min: 76.6, Avg: 76.7, Max: 76.7, Diff: 0.1, Sum: 306.8]
      [GC Worker End (ms): Min: 2358418.8, Avg: 2358418.8, Max: 2358418.8, Diff: 0.0]
   [Code Root Fixup: 0.0 ms]
   [Code Root Purge: 0.0 ms]
   [Clear CT: 0.4 ms]
   [Other: 3.8 ms]
      [Choose CSet: 0.0 ms]
      [Ref Proc: 1.9 ms]
      [Ref Enq: 0.1 ms]
      [Redirty Cards: 0.2 ms]
      [Humongous Register: 0.2 ms]
      [Humongous Reclaim: 0.0 ms]
      [Free CSet: 0.9 ms]
   [Eden: 1084.0M(1084.0M)->0.0B(1062.0M) Survivors: 36864.0K->59392.0K Heap: 1557.9M(1868.0M)->496.3M(1868.0M)]
Heap after GC invocations=193 (full 0):
 garbage-first heap   total 1912832K, used 508162K [0x000000008b400000, 0x000000008b503a60, 0x0000000100000000)
  region size 1024K, 58 young (59392K), 58 survivors (59392K)
 Metaspace       used 147701K, capacity 154857K, committed 155056K, reserved 1183744K
  class space    used 19742K, capacity 21076K, committed 21168K, reserved 1048576K
}
 [Times: user=0.26 sys=0.01, real=0.08 secs] 
2020-07-20T09:48:42.487+0000: 2358.423: Total time for which application threads were stopped: 0.0851193 seconds, Stopping threads took: 0.0028523 seconds
{Heap before GC invocations=193 (full 0):
 garbage-first heap   total 1912832K, used 1595650K [0x000000008b400000, 0x000000008b503a60, 0x0000000100000000)
  region size 1024K, 1120 young (1146880K), 58 survivors (59392K)
 Metaspace       used 147704K, capacity 154857K, committed 155056K, reserved 1183744K
  class space    used 19742K, capacity 21076K, committed 21168K, reserved 1048576K
2020-07-20T09:48:48.528+0000: 2364.464: [GC pause (G1 Evacuation Pause) (young)
Desired survivor size 73400320 bytes, new threshold 15 (max 15)
- age   1:   32051904 bytes,   32051904 total
- age   2:   15507888 bytes,   47559792 total
- age   3:    7230672 bytes,   54790464 total
- age   4:     905504 bytes,   55695968 total
- age   5:     465128 bytes,   56161096 total
- age   6:     435992 bytes,   56597088 total
- age   7:     394352 bytes,   56991440 total
- age   8:      44112 bytes,   57035552 total
- age   9:     233096 bytes,   57268648 total
- age  10:    1879360 bytes,   59148008 total
- age  11:     156400 bytes,   59304408 total
- age  12:     109960 bytes,   59414368 total
- age  13:      38528 bytes,   59452896 total
- age  14:      92152 bytes,   59545048 total
- age  15:     115536 bytes,   59660584 total
, 0.0631288 secs]
   [Parallel Time: 58.6 ms, GC Workers: 4]
      [GC Worker Start (ms): Min: 2364464.0, Avg: 2364464.0, Max: 2364464.0, Diff: 0.1]
      [Ext Root Scanning (ms): Min: 6.1, Avg: 6.4, Max: 7.3, Diff: 1.3, Sum: 25.7]
      [Update RS (ms): Min: 12.1, Avg: 12.8, Max: 13.1, Diff: 0.9, Sum: 51.1]
         [Processed Buffers: Min: 19, Avg: 29.0, Max: 47, Diff: 28, Sum: 116]
      [Scan RS (ms): Min: 0.3, Avg: 0.4, Max: 0.4, Diff: 0.1, Sum: 1.4]
      [Code Root Scanning (ms): Min: 0.0, Avg: 0.0, Max: 0.1, Diff: 0.1, Sum: 0.1]
      [Object Copy (ms): Min: 38.7, Avg: 38.9, Max: 39.0, Diff: 0.4, Sum: 155.4]
      [Termination (ms): Min: 0.0, Avg: 0.0, Max: 0.0, Diff: 0.0, Sum: 0.1]
         [Termination Attempts: Min: 1, Avg: 1.2, Max: 2, Diff: 1, Sum: 5]
      [GC Worker Other (ms): Min: 0.0, Avg: 0.0, Max: 0.1, Diff: 0.0, Sum: 0.2]
      [GC Worker Total (ms): Min: 58.5, Avg: 58.5, Max: 58.5, Diff: 0.1, Sum: 234.0]
      [GC Worker End (ms): Min: 2364522.5, Avg: 2364522.5, Max: 2364522.5, Diff: 0.0]
   [Code Root Fixup: 0.0 ms]
   [Code Root Purge: 0.0 ms]
   [Clear CT: 0.5 ms]
   [Other: 4.0 ms]
      [Choose CSet: 0.0 ms]
      [Ref Proc: 2.1 ms]
      [Ref Enq: 0.1 ms]
      [Redirty Cards: 0.3 ms]
      [Humongous Register: 0.1 ms]
      [Humongous Reclaim: 0.0 ms]
      [Free CSet: 1.0 ms]
   [Eden: 1062.0M(1062.0M)->0.0B(1080.0M) Survivors: 59392.0K->40960.0K Heap: 1558.3M(1868.0M)->477.4M(1868.0M)]
Heap after GC invocations=194 (full 0):
 garbage-first heap   total 1912832K, used 488886K [0x000000008b400000, 0x000000008b503a60, 0x0000000100000000)
  region size 1024K, 40 young (40960K), 40 survivors (40960K)
 Metaspace       used 147704K, capacity 154857K, committed 155056K, reserved 1183744K
  class space    used 19742K, capacity 21076K, committed 21168K, reserved 1048576K
}
 [Times: user=0.20 sys=0.00, real=0.06 secs] 
2020-07-20T09:48:48.591+0000: 2364.527: Total time for which application threads were stopped: 0.0651741 seconds, Stopping threads took: 0.0005007 seconds
{Heap before GC invocations=194 (full 0):
 garbage-first heap   total 1912832K, used 1596854K [0x000000008b400000, 0x000000008b503a60, 0x0000000100000000)
  region size 1024K, 1120 young (1146880K), 40 survivors (40960K)
 Metaspace       used 147704K, capacity 154857K, committed 155056K, reserved 1183744K
  class space    used 19742K, capacity 21076K, committed 21168K, reserved 1048576K
2020-07-20T09:48:54.211+0000: 2370.147: [GC pause (G1 Evacuation Pause) (young)
Desired survivor size 73400320 bytes, new threshold 15 (max 15)
- age   1:   26448320 bytes,   26448320 total
- age   2:    6999064 bytes,   33447384 total
- age   3:    1235752 bytes,   34683136 total
- age   4:    1176384 bytes,   35859520 total
- age   5:     905096 bytes,   36764616 total
- age   6:     464184 bytes,   37228800 total
- age   7:     435608 bytes,   37664408 total
- age   8:     104272 bytes,   37768680 total
- age   9:      40008 bytes,   37808688 total
- age  10:     230376 bytes,   38039064 total
- age  11:    1878672 bytes,   39917736 total
- age  12:     156368 bytes,   40074104 total
- age  13:     109832 bytes,   40183936 total
- age  14:      38496 bytes,   40222432 total
- age  15:      92120 bytes,   40314552 total
, 0.0968657 secs]
   [Parallel Time: 92.7 ms, GC Workers: 4]
      [GC Worker Start (ms): Min: 2370147.7, Avg: 2370147.8, Max: 2370147.8, Diff: 0.1]
      [Ext Root Scanning (ms): Min: 5.7, Avg: 6.2, Max: 7.2, Diff: 1.4, Sum: 24.6]
      [Update RS (ms): Min: 19.0, Avg: 20.4, Max: 22.7, Diff: 3.7, Sum: 81.4]
         [Processed Buffers: Min: 15, Avg: 28.5, Max: 40, Diff: 25, Sum: 114]
      [Scan RS (ms): Min: 0.1, Avg: 0.3, Max: 0.5, Diff: 0.4, Sum: 1.3]
      [Code Root Scanning (ms): Min: 0.0, Avg: 0.1, Max: 0.1, Diff: 0.1, Sum: 0.2]
      [Object Copy (ms): Min: 63.8, Avg: 65.5, Max: 66.3, Diff: 2.5, Sum: 261.9]
      [Termination (ms): Min: 0.0, Avg: 0.0, Max: 0.0, Diff: 0.0, Sum: 0.1]
         [Termination Attempts: Min: 5, Avg: 6.0, Max: 7, Diff: 2, Sum: 24]
      [GC Worker Other (ms): Min: 0.0, Avg: 0.1, Max: 0.1, Diff: 0.0, Sum: 0.2]
      [GC Worker Total (ms): Min: 92.4, Avg: 92.5, Max: 92.5, Diff: 0.1, Sum: 369.9]
      [GC Worker End (ms): Min: 2370240.2, Avg: 2370240.2, Max: 2370240.3, Diff: 0.0]
   [Code Root Fixup: 0.0 ms]
   [Code Root Purge: 0.0 ms]
   [Clear CT: 0.3 ms]
   [Other: 3.8 ms]
      [Choose CSet: 0.0 ms]
      [Ref Proc: 1.8 ms]
      [Ref Enq: 0.1 ms]
      [Redirty Cards: 0.2 ms]
      [Humongous Register: 0.2 ms]
      [Humongous Reclaim: 0.0 ms]
      [Free CSet: 1.0 ms]
   [Eden: 1080.0M(1080.0M)->0.0B(1052.0M) Survivors: 40960.0K->69632.0K Heap: 1559.4M(1868.0M)->507.1M(1868.0M)]
Heap after GC invocations=195 (full 0):
 garbage-first heap   total 1912832K, used 519319K [0x000000008b400000, 0x000000008b503a60, 0x0000000100000000)
  region size 1024K, 68 young (69632K), 68 survivors (69632K)
 Metaspace       used 147704K, capacity 154857K, committed 155056K, reserved 1183744K
  class space    used 19742K, capacity 21076K, committed 21168K, reserved 1048576K
}
 [Times: user=0.30 sys=0.00, real=0.10 secs] 
2020-07-20T09:48:54.308+0000: 2370.244: Total time for which application threads were stopped: 0.1036877 seconds, Stopping threads took: 0.0047719 seconds
{Heap before GC invocations=195 (full 0):
 garbage-first heap   total 1912832K, used 1596567K [0x000000008b400000, 0x000000008b503a60, 0x0000000100000000)
  region size 1024K, 1120 young (1146880K), 68 survivors (69632K)
 Metaspace       used 147704K, capacity 154857K, committed 155056K, reserved 1183744K
  class space    used 19742K, capacity 21076K, committed 21168K, reserved 1048576K
2020-07-20T09:48:59.560+0000: 2375.496: [GC pause (G1 Evacuation Pause) (young)
Desired survivor size 73400320 bytes, new threshold 15 (max 15)
- age   1:   33736208 bytes,   33736208 total
- age   2:   20885688 bytes,   54621896 total
- age   3:    6979496 bytes,   61601392 total
- age   4:    1235000 bytes,   62836392 total
- age   5:    1175512 bytes,   64011904 total
- age   6:     904416 bytes,   64916320 total
- age   7:     463256 bytes,   65379576 total
- age   8:     435480 bytes,   65815056 total
- age   9:     100344 bytes,   65915400 total
- age  10:      39720 bytes,   65955120 total
- age  11:     227440 bytes,   66182560 total
- age  12:    1878528 bytes,   68061088 total
- age  13:     156160 bytes,   68217248 total
- age  14:     104848 bytes,   68322096 total
- age  15:      33336 bytes,   68355432 total
, 0.0573646 secs]
   [Parallel Time: 52.9 ms, GC Workers: 4]
      [GC Worker Start (ms): Min: 2375496.4, Avg: 2375496.5, Max: 2375496.5, Diff: 0.1]
      [Ext Root Scanning (ms): Min: 5.1, Avg: 5.2, Max: 5.4, Diff: 0.3, Sum: 20.8]
      [Update RS (ms): Min: 13.5, Avg: 13.6, Max: 13.8, Diff: 0.3, Sum: 54.4]
         [Processed Buffers: Min: 15, Avg: 30.0, Max: 39, Diff: 24, Sum: 120]
      [Scan RS (ms): Min: 0.2, Avg: 0.3, Max: 0.4, Diff: 0.2, Sum: 1.2]
      [Code Root Scanning (ms): Min: 0.0, Avg: 0.0, Max: 0.1, Diff: 0.0, Sum: 0.2]
      [Object Copy (ms): Min: 33.2, Avg: 33.4, Max: 33.5, Diff: 0.4, Sum: 133.7]
      [Termination (ms): Min: 0.0, Avg: 0.0, Max: 0.0, Diff: 0.0, Sum: 0.0]
         [Termination Attempts: Min: 1, Avg: 3.2, Max: 5, Diff: 4, Sum: 13]
      [GC Worker Other (ms): Min: 0.0, Avg: 0.0, Max: 0.1, Diff: 0.0, Sum: 0.2]
      [GC Worker Total (ms): Min: 52.6, Avg: 52.6, Max: 52.7, Diff: 0.1, Sum: 210.5]
      [GC Worker End (ms): Min: 2375549.1, Avg: 2375549.1, Max: 2375549.1, Diff: 0.0]
   [Code Root Fixup: 0.0 ms]
   [Code Root Purge: 0.0 ms]
   [Clear CT: 0.4 ms]
   [Other: 4.1 ms]
      [Choose CSet: 0.0 ms]
      [Ref Proc: 1.9 ms]
      [Ref Enq: 0.1 ms]
      [Redirty Cards: 0.3 ms]
      [Humongous Register: 0.2 ms]
      [Humongous Reclaim: 0.1 ms]
      [Free CSet: 1.0 ms]
   [Eden: 1052.0M(1052.0M)->0.0B(1081.0M) Survivors: 69632.0K->39936.0K Heap: 1559.1M(1868.0M)->476.2M(1868.0M)]
Heap after GC invocations=196 (full 0):
 garbage-first heap   total 1912832K, used 487635K [0x000000008b400000, 0x000000008b503a60, 0x0000000100000000)
  region size 1024K, 39 young (39936K), 39 survivors (39936K)
 Metaspace       used 147704K, capacity 154857K, committed 155056K, reserved 1183744K
  class space    used 19742K, capacity 21076K, committed 21168K, reserved 1048576K
}
 [Times: user=0.19 sys=0.01, real=0.06 secs] 
2020-07-20T09:48:59.618+0000: 2375.554: Total time for which application threads were stopped: 0.0584373 seconds, Stopping threads took: 0.0001277 seconds
{Heap before GC invocations=196 (full 0):
 garbage-first heap   total 1912832K, used 1594579K [0x000000008b400000, 0x000000008b503a60, 0x0000000100000000)
  region size 1024K, 1120 young (1146880K), 39 survivors (39936K)
 Metaspace       used 147711K, capacity 154889K, committed 155056K, reserved 1183744K
  class space    used 19743K, capacity 21108K, committed 21168K, reserved 1048576K
2020-07-20T09:49:13.980+0000: 2389.916: [GC pause (G1 Evacuation Pause) (young)
Desired survivor size 73400320 bytes, new threshold 15 (max 15)
- age   1:   17882008 bytes,   17882008 total
- age   2:   10331912 bytes,   28213920 total
- age   3:     834720 bytes,   29048640 total
- age   4:    2665544 bytes,   31714184 total
- age   5:    1234248 bytes,   32948432 total
- age   6:    1174920 bytes,   34123352 total
- age   7:     902896 bytes,   35026248 total
- age   8:     457320 bytes,   35483568 total
- age   9:     137240 bytes,   35620808 total
- age  10:     100024 bytes,   35720832 total
- age  11:      39560 bytes,   35760392 total
- age  12:     225848 bytes,   35986240 total
- age  13:    1878480 bytes,   37864720 total
- age  14:     151128 bytes,   38015848 total
- age  15:     104816 bytes,   38120664 total
, 0.0821055 secs]
   [Parallel Time: 76.3 ms, GC Workers: 4]
      [GC Worker Start (ms): Min: 2389916.3, Avg: 2389916.5, Max: 2389916.6, Diff: 0.3]
      [Ext Root Scanning (ms): Min: 6.0, Avg: 6.8, Max: 8.9, Diff: 3.0, Sum: 27.1]
      [Update RS (ms): Min: 22.4, Avg: 24.4, Max: 25.6, Diff: 3.2, Sum: 97.6]
         [Processed Buffers: Min: 24, Avg: 36.5, Max: 48, Diff: 24, Sum: 146]
      [Scan RS (ms): Min: 0.2, Avg: 0.5, Max: 0.6, Diff: 0.4, Sum: 1.9]
      [Code Root Scanning (ms): Min: 0.0, Avg: 0.0, Max: 0.1, Diff: 0.1, Sum: 0.1]
      [Object Copy (ms): Min: 44.0, Avg: 44.2, Max: 44.4, Diff: 0.4, Sum: 176.6]
      [Termination (ms): Min: 0.0, Avg: 0.0, Max: 0.0, Diff: 0.0, Sum: 0.0]
         [Termination Attempts: Min: 1, Avg: 1.8, Max: 3, Diff: 2, Sum: 7]
      [GC Worker Other (ms): Min: 0.0, Avg: 0.1, Max: 0.1, Diff: 0.1, Sum: 0.3]
      [GC Worker Total (ms): Min: 75.8, Avg: 75.9, Max: 76.1, Diff: 0.3, Sum: 303.6]
      [GC Worker End (ms): Min: 2389992.4, Avg: 2389992.4, Max: 2389992.5, Diff: 0.1]
   [Code Root Fixup: 0.0 ms]
   [Code Root Purge: 0.0 ms]
   [Clear CT: 0.5 ms]
   [Other: 5.3 ms]
      [Choose CSet: 0.0 ms]
      [Ref Proc: 3.0 ms]
      [Ref Enq: 0.3 ms]
      [Redirty Cards: 0.5 ms]
      [Humongous Register: 0.1 ms]
      [Humongous Reclaim: 0.1 ms]
      [Free CSet: 0.9 ms]
   [Eden: 1081.0M(1081.0M)->0.0B(1080.0M) Survivors: 39936.0K->40960.0K Heap: 1557.2M(1868.0M)->475.3M(1868.0M)]
Heap after GC invocations=197 (full 0):
 garbage-first heap   total 1912832K, used 486723K [0x000000008b400000, 0x000000008b503a60, 0x0000000100000000)
  region size 1024K, 40 young (40960K), 40 survivors (40960K)
 Metaspace       used 147711K, capacity 154889K, committed 155056K, reserved 1183744K
  class space    used 19743K, capacity 21108K, committed 21168K, reserved 1048576K
}
 [Times: user=0.21 sys=0.02, real=0.09 secs] 
2020-07-20T09:49:14.062+0000: 2389.998: Total time for which application threads were stopped: 0.0840328 seconds, Stopping threads took: 0.0004030 seconds
{Heap before GC invocations=197 (full 0):
 garbage-first heap   total 1912832K, used 1596739K [0x000000008b400000, 0x000000008b503a60, 0x0000000100000000)
  region size 1024K, 1120 young (1146880K), 40 survivors (40960K)
 Metaspace       used 147711K, capacity 154889K, committed 155056K, reserved 1183744K
  class space    used 19743K, capacity 21108K, committed 21168K, reserved 1048576K
2020-07-20T09:49:20.257+0000: 2396.193: [GC pause (G1 Evacuation Pause) (young)
Desired survivor size 73400320 bytes, new threshold 15 (max 15)
- age   1:   10213840 bytes,   10213840 total
- age   2:   12243176 bytes,   22457016 total
- age   3:    9995936 bytes,   32452952 total
- age   4:     412848 bytes,   32865800 total
- age   5:     751424 bytes,   33617224 total
- age   6:     740448 bytes,   34357672 total
- age   7:     980640 bytes,   35338312 total
- age   8:     902688 bytes,   36241000 total
- age   9:     456912 bytes,   36697912 total
- age  10:     104920 bytes,   36802832 total
- age  11:      99136 bytes,   36901968 total
- age  12:      31720 bytes,   36933688 total
- age  13:     217488 bytes,   37151176 total
- age  14:    1877672 bytes,   39028848 total
- age  15:     151072 bytes,   39179920 total
, 0.0505990 secs]
   [Parallel Time: 46.3 ms, GC Workers: 4]
      [GC Worker Start (ms): Min: 2396193.7, Avg: 2396193.7, Max: 2396193.8, Diff: 0.1]
      [Ext Root Scanning (ms): Min: 5.0, Avg: 5.1, Max: 5.2, Diff: 0.2, Sum: 20.4]
      [Update RS (ms): Min: 13.0, Avg: 13.2, Max: 13.4, Diff: 0.3, Sum: 52.7]
         [Processed Buffers: Min: 21, Avg: 28.5, Max: 33, Diff: 12, Sum: 114]
      [Scan RS (ms): Min: 0.2, Avg: 0.3, Max: 0.4, Diff: 0.2, Sum: 1.3]
      [Code Root Scanning (ms): Min: 0.0, Avg: 0.0, Max: 0.1, Diff: 0.1, Sum: 0.1]
      [Object Copy (ms): Min: 27.4, Avg: 27.5, Max: 27.7, Diff: 0.2, Sum: 110.1]
      [Termination (ms): Min: 0.0, Avg: 0.0, Max: 0.0, Diff: 0.0, Sum: 0.0]
         [Termination Attempts: Min: 1, Avg: 1.5, Max: 3, Diff: 2, Sum: 6]
      [GC Worker Other (ms): Min: 0.1, Avg: 0.1, Max: 0.1, Diff: 0.0, Sum: 0.3]
      [GC Worker Total (ms): Min: 46.2, Avg: 46.2, Max: 46.2, Diff: 0.1, Sum: 184.8]
      [GC Worker End (ms): Min: 2396239.9, Avg: 2396239.9, Max: 2396239.9, Diff: 0.0]
   [Code Root Fixup: 0.0 ms]
   [Code Root Purge: 0.0 ms]
   [Clear CT: 0.3 ms]
   [Other: 3.9 ms]
      [Choose CSet: 0.0 ms]
      [Ref Proc: 2.0 ms]
      [Ref Enq: 0.1 ms]
      [Redirty Cards: 0.2 ms]
      [Humongous Register: 0.1 ms]
      [Humongous Reclaim: 0.0 ms]
      [Free CSet: 0.9 ms]
   [Eden: 1080.0M(1080.0M)->0.0B(1088.0M) Survivors: 40960.0K->32768.0K Heap: 1559.3M(1868.0M)->470.0M(1868.0M)]
Heap after GC invocations=198 (full 0):
 garbage-first heap   total 1912832K, used 481246K [0x000000008b400000, 0x000000008b503a60, 0x0000000100000000)
  region size 1024K, 32 young (32768K), 32 survivors (32768K)
 Metaspace       used 147711K, capacity 154889K, committed 155056K, reserved 1183744K
  class space    used 19743K, capacity 21108K, committed 21168K, reserved 1048576K
}
 [Times: user=0.17 sys=0.00, real=0.05 secs] 
2020-07-20T09:49:20.308+0000: 2396.244: Total time for which application threads were stopped: 0.0536333 seconds, Stopping threads took: 0.0020632 seconds
{Heap before GC invocations=198 (full 0):
 garbage-first heap   total 1912832K, used 1597406K [0x000000008b400000, 0x000000008b503a60, 0x0000000100000000)
  region size 1024K, 1120 young (1146880K), 32 survivors (32768K)
 Metaspace       used 147716K, capacity 154889K, committed 155056K, reserved 1183744K
  class space    used 19743K, capacity 21108K, committed 21168K, reserved 1048576K
2020-07-20T09:49:25.285+0000: 2401.221: [GC pause (G1 Evacuation Pause) (young)
Desired survivor size 73400320 bytes, new threshold 15 (max 15)
- age   1:   22070720 bytes,   22070720 total
- age   2:    2239368 bytes,   24310088 total
- age   3:     419016 bytes,   24729104 total
- age   4:     550408 bytes,   25279512 total
- age   5:     381912 bytes,   25661424 total
- age   6:     720808 bytes,   26382232 total
- age   7:     698400 bytes,   27080632 total
- age   8:     959936 bytes,   28040568 total
- age   9:     900880 bytes,   28941448 total
- age  10:     431536 bytes,   29372984 total
- age  11:      88704 bytes,   29461688 total
- age  12:      83984 bytes,   29545672 total
- age  13:      31336 bytes,   29577008 total
- age  14:     212952 bytes,   29789960 total
- age  15:    1875976 bytes,   31665936 total
, 0.0693120 secs]
   [Parallel Time: 65.1 ms, GC Workers: 4]
      [GC Worker Start (ms): Min: 2401221.6, Avg: 2401221.7, Max: 2401221.7, Diff: 0.1]
      [Ext Root Scanning (ms): Min: 5.0, Avg: 5.1, Max: 5.3, Diff: 0.3, Sum: 20.4]
      [Update RS (ms): Min: 14.1, Avg: 14.1, Max: 14.1, Diff: 0.0, Sum: 56.5]
         [Processed Buffers: Min: 20, Avg: 31.2, Max: 45, Diff: 25, Sum: 125]
      [Scan RS (ms): Min: 0.3, Avg: 0.3, Max: 0.4, Diff: 0.2, Sum: 1.2]
      [Code Root Scanning (ms): Min: 0.0, Avg: 0.0, Max: 0.1, Diff: 0.1, Sum: 0.2]
      [Object Copy (ms): Min: 45.0, Avg: 45.3, Max: 45.4, Diff: 0.4, Sum: 181.2]
      [Termination (ms): Min: 0.0, Avg: 0.0, Max: 0.1, Diff: 0.0, Sum: 0.1]
         [Termination Attempts: Min: 6, Avg: 9.2, Max: 12, Diff: 6, Sum: 37]
      [GC Worker Other (ms): Min: 0.0, Avg: 0.1, Max: 0.1, Diff: 0.1, Sum: 0.3]
      [GC Worker Total (ms): Min: 64.9, Avg: 65.0, Max: 65.0, Diff: 0.1, Sum: 259.8]
      [GC Worker End (ms): Min: 2401286.6, Avg: 2401286.6, Max: 2401286.6, Diff: 0.1]
   [Code Root Fixup: 0.1 ms]
   [Code Root Purge: 0.0 ms]
   [Clear CT: 0.5 ms]
   [Other: 3.7 ms]
      [Choose CSet: 0.0 ms]
      [Ref Proc: 1.8 ms]
      [Ref Enq: 0.1 ms]
      [Redirty Cards: 0.3 ms]
      [Humongous Register: 0.1 ms]
      [Humongous Reclaim: 0.0 ms]
      [Free CSet: 0.9 ms]
   [Eden: 1088.0M(1088.0M)->0.0B(1071.0M) Survivors: 32768.0K->50176.0K Heap: 1560.0M(1868.0M)->490.8M(1868.0M)]
Heap after GC invocations=199 (full 0):
 garbage-first heap   total 1912832K, used 502597K [0x000000008b400000, 0x000000008b503a60, 0x0000000100000000)
  region size 1024K, 49 young (50176K), 49 survivors (50176K)
 Metaspace       used 147716K, capacity 154889K, committed 155056K, reserved 1183744K
  class space    used 19743K, capacity 21108K, committed 21168K, reserved 1048576K
}
 [Times: user=0.22 sys=0.01, real=0.07 secs] 
2020-07-20T09:49:25.355+0000: 2401.291: Total time for which application threads were stopped: 0.0736101 seconds, Stopping threads took: 0.0034220 seconds
{Heap before GC invocations=199 (full 0):
 garbage-first heap   total 1912832K, used 1599301K [0x000000008b400000, 0x000000008b503a60, 0x0000000100000000)
  region size 1024K, 1120 young (1146880K), 49 survivors (50176K)
 Metaspace       used 147716K, capacity 154889K, committed 155056K, reserved 1183744K
  class space    used 19743K, capacity 21108K, committed 21168K, reserved 1048576K
2020-07-20T09:49:30.006+0000: 2405.942: [GC pause (G1 Evacuation Pause) (young)
Desired survivor size 73400320 bytes, new threshold 15 (max 15)
- age   1:   26438616 bytes,   26438616 total
- age   2:   16650912 bytes,   43089528 total
- age   3:    1925064 bytes,   45014592 total
- age   4:     393200 bytes,   45407792 total
- age   5:     539152 bytes,   45946944 total
- age   6:     376344 bytes,   46323288 total
- age   7:     710256 bytes,   47033544 total
- age   8:     695488 bytes,   47729032 total
- age   9:     959680 bytes,   48688712 total
- age  10:     892312 bytes,   49581024 total
- age  11:     137224 bytes,   49718248 total
- age  12:      88384 bytes,   49806632 total
- age  13:      83728 bytes,   49890360 total
- age  14:      31240 bytes,   49921600 total
- age  15:     212856 bytes,   50134456 total
, 0.0641862 secs]
   [Parallel Time: 60.0 ms, GC Workers: 4]
      [GC Worker Start (ms): Min: 2405942.4, Avg: 2405942.4, Max: 2405942.4, Diff: 0.1]
      [Ext Root Scanning (ms): Min: 4.8, Avg: 5.0, Max: 5.1, Diff: 0.3, Sum: 19.9]
      [Update RS (ms): Min: 19.4, Avg: 19.6, Max: 20.2, Diff: 0.8, Sum: 78.5]
         [Processed Buffers: Min: 16, Avg: 34.5, Max: 63, Diff: 47, Sum: 138]
      [Scan RS (ms): Min: 0.2, Avg: 0.4, Max: 0.5, Diff: 0.2, Sum: 1.5]
      [Code Root Scanning (ms): Min: 0.0, Avg: 0.0, Max: 0.1, Diff: 0.1, Sum: 0.2]
      [Object Copy (ms): Min: 34.2, Avg: 34.7, Max: 34.9, Diff: 0.7, Sum: 138.9]
      [Termination (ms): Min: 0.0, Avg: 0.0, Max: 0.1, Diff: 0.1, Sum: 0.2]
         [Termination Attempts: Min: 3, Avg: 4.2, Max: 5, Diff: 2, Sum: 17]
      [GC Worker Other (ms): Min: 0.0, Avg: 0.0, Max: 0.1, Diff: 0.0, Sum: 0.1]
      [GC Worker Total (ms): Min: 59.8, Avg: 59.8, Max: 59.8, Diff: 0.1, Sum: 239.3]
      [GC Worker End (ms): Min: 2406002.2, Avg: 2406002.2, Max: 2406002.2, Diff: 0.0]
   [Code Root Fixup: 0.0 ms]
   [Code Root Purge: 0.0 ms]
   [Clear CT: 0.4 ms]
   [Other: 3.8 ms]
      [Choose CSet: 0.0 ms]
      [Ref Proc: 1.8 ms]
      [Ref Enq: 0.2 ms]
      [Redirty Cards: 0.4 ms]
      [Humongous Register: 0.1 ms]
      [Humongous Reclaim: 0.0 ms]
      [Free CSet: 0.9 ms]
   [Eden: 1071.0M(1071.0M)->0.0B(1085.0M) Survivors: 50176.0K->35840.0K Heap: 1561.8M(1868.0M)->476.7M(1868.0M)]
Heap after GC invocations=200 (full 0):
 garbage-first heap   total 1912832K, used 488121K [0x000000008b400000, 0x000000008b503a60, 0x0000000100000000)
  region size 1024K, 35 young (35840K), 35 survivors (35840K)
 Metaspace       used 147716K, capacity 154889K, committed 155056K, reserved 1183744K
  class space    used 19743K, capacity 21108K, committed 21168K, reserved 1048576K
}
 [Times: user=0.20 sys=0.00, real=0.06 secs] 
2020-07-20T09:49:30.071+0000: 2406.007: Total time for which application threads were stopped: 0.0703914 seconds, Stopping threads took: 0.0054000 seconds
{Heap before GC invocations=200 (full 0):
 garbage-first heap   total 1912832K, used 1601209K [0x000000008b400000, 0x000000008b503a60, 0x0000000100000000)
  region size 1024K, 1120 young (1146880K), 35 survivors (35840K)
 Metaspace       used 147724K, capacity 154953K, committed 155056K, reserved 1183744K
  class space    used 19743K, capacity 21108K, committed 21168K, reserved 1048576K
2020-07-20T09:49:36.022+0000: 2411.958: [GC pause (G1 Evacuation Pause) (young)
Desired survivor size 73400320 bytes, new threshold 15 (max 15)
- age   1:   23845728 bytes,   23845728 total
- age   2:    3816440 bytes,   27662168 total
- age   3:     721144 bytes,   28383312 total
- age   4:    1907240 bytes,   30290552 total
- age   5:     392384 bytes,   30682936 total
- age   6:     538944 bytes,   31221880 total
- age   7:     375976 bytes,   31597856 total
- age   8:     710128 bytes,   32307984 total
- age   9:     695120 bytes,   33003104 total
- age  10:     956064 bytes,   33959168 total
- age  11:     891840 bytes,   34851008 total
- age  12:     135288 bytes,   34986296 total
- age  13:      88160 bytes,   35074456 total
- age  14:      83632 bytes,   35158088 total
- age  15:      31144 bytes,   35189232 total
, 0.0439564 secs]
   [Parallel Time: 39.9 ms, GC Workers: 4]
      [GC Worker Start (ms): Min: 2411957.8, Avg: 2411957.9, Max: 2411957.9, Diff: 0.1]
      [Ext Root Scanning (ms): Min: 4.8, Avg: 4.9, Max: 5.1, Diff: 0.3, Sum: 19.6]
      [Update RS (ms): Min: 11.1, Avg: 11.3, Max: 11.5, Diff: 0.4, Sum: 45.0]
         [Processed Buffers: Min: 22, Avg: 29.8, Max: 48, Diff: 26, Sum: 119]
      [Scan RS (ms): Min: 0.1, Avg: 0.4, Max: 0.5, Diff: 0.5, Sum: 1.5]
      [Code Root Scanning (ms): Min: 0.0, Avg: 0.0, Max: 0.1, Diff: 0.1, Sum: 0.1]
      [Object Copy (ms): Min: 22.8, Avg: 23.1, Max: 23.2, Diff: 0.4, Sum: 92.4]
      [Termination (ms): Min: 0.0, Avg: 0.0, Max: 0.0, Diff: 0.0, Sum: 0.0]
         [Termination Attempts: Min: 1, Avg: 3.2, Max: 6, Diff: 5, Sum: 13]
      [GC Worker Other (ms): Min: 0.0, Avg: 0.1, Max: 0.1, Diff: 0.1, Sum: 0.3]
      [GC Worker Total (ms): Min: 39.6, Avg: 39.7, Max: 39.8, Diff: 0.1, Sum: 158.9]
      [GC Worker End (ms): Min: 2411997.5, Avg: 2411997.6, Max: 2411997.6, Diff: 0.1]
   [Code Root Fixup: 0.0 ms]
   [Code Root Purge: 0.0 ms]
   [Clear CT: 0.4 ms]
   [Other: 3.6 ms]
      [Choose CSet: 0.0 ms]
      [Ref Proc: 1.8 ms]
      [Ref Enq: 0.1 ms]
      [Redirty Cards: 0.3 ms]
      [Humongous Register: 0.1 ms]
      [Humongous Reclaim: 0.0 ms]
      [Free CSet: 1.0 ms]
   [Eden: 1085.0M(1085.0M)->0.0B(1094.0M) Survivors: 35840.0K->26624.0K Heap: 1563.7M(1868.0M)->466.1M(1868.0M)]
Heap after GC invocations=201 (full 0):
 garbage-first heap   total 1912832K, used 477281K [0x000000008b400000, 0x000000008b503a60, 0x0000000100000000)
  region size 1024K, 26 young (26624K), 26 survivors (26624K)
 Metaspace       used 147724K, capacity 154953K, committed 155056K, reserved 1183744K
  class space    used 19743K, capacity 21108K, committed 21168K, reserved 1048576K
}
 [Times: user=0.15 sys=0.00, real=0.04 secs] 
2020-07-20T09:49:36.066+0000: 2412.002: Total time for which application threads were stopped: 0.0452692 seconds, Stopping threads took: 0.0004663 seconds
{Heap before GC invocations=201 (full 0):
 garbage-first heap   total 1912832K, used 1599585K [0x000000008b400000, 0x000000008b503a60, 0x0000000100000000)
  region size 1024K, 1120 young (1146880K), 26 survivors (26624K)
 Metaspace       used 147728K, capacity 154953K, committed 155056K, reserved 1183744K
  class space    used 19743K, capacity 21108K, committed 21168K, reserved 1048576K
2020-07-20T09:49:42.706+0000: 2418.642: [GC pause (G1 Evacuation Pause) (young)
Desired survivor size 73400320 bytes, new threshold 15 (max 15)
- age   1:   16235400 bytes,   16235400 total
- age   2:    1490928 bytes,   17726328 total
- age   3:     559104 bytes,   18285432 total
- age   4:     460248 bytes,   18745680 total
- age   5:    1876312 bytes,   20621992 total
- age   6:     391336 bytes,   21013328 total
- age   7:     538536 bytes,   21551864 total
- age   8:     374880 bytes,   21926744 total
- age   9:     709816 bytes,   22636560 total
- age  10:     550920 bytes,   23187480 total
- age  11:     805312 bytes,   23992792 total
- age  12:     891440 bytes,   24884232 total
- age  13:     118224 bytes,   25002456 total
- age  14:      88040 bytes,   25090496 total
- age  15:      83440 bytes,   25173936 total
, 0.0792354 secs]
   [Parallel Time: 74.9 ms, GC Workers: 4]
      [GC Worker Start (ms): Min: 2418641.9, Avg: 2418642.0, Max: 2418642.0, Diff: 0.1]
      [Ext Root Scanning (ms): Min: 5.7, Avg: 6.0, Max: 7.0, Diff: 1.3, Sum: 24.1]
      [Update RS (ms): Min: 12.5, Avg: 13.2, Max: 13.4, Diff: 0.9, Sum: 52.8]
         [Processed Buffers: Min: 25, Avg: 30.5, Max: 38, Diff: 13, Sum: 122]
      [Scan RS (ms): Min: 0.3, Avg: 0.4, Max: 0.5, Diff: 0.2, Sum: 1.5]
      [Code Root Scanning (ms): Min: 0.0, Avg: 0.0, Max: 0.0, Diff: 0.0, Sum: 0.1]
      [Object Copy (ms): Min: 54.6, Avg: 55.0, Max: 55.1, Diff: 0.5, Sum: 219.8]
      [Termination (ms): Min: 0.0, Avg: 0.1, Max: 0.2, Diff: 0.2, Sum: 0.4]
         [Termination Attempts: Min: 1, Avg: 1.0, Max: 1, Diff: 0, Sum: 4]
      [GC Worker Other (ms): Min: 0.0, Avg: 0.0, Max: 0.0, Diff: 0.0, Sum: 0.1]
      [GC Worker Total (ms): Min: 74.7, Avg: 74.7, Max: 74.8, Diff: 0.2, Sum: 298.9]
      [GC Worker End (ms): Min: 2418716.7, Avg: 2418716.7, Max: 2418716.8, Diff: 0.1]
   [Code Root Fixup: 0.0 ms]
   [Code Root Purge: 0.0 ms]
   [Clear CT: 0.4 ms]
   [Other: 3.9 ms]
      [Choose CSet: 0.0 ms]
      [Ref Proc: 1.9 ms]
      [Ref Enq: 0.2 ms]
      [Redirty Cards: 0.3 ms]
      [Humongous Register: 0.1 ms]
      [Humongous Reclaim: 0.0 ms]
      [Free CSet: 1.0 ms]
   [Eden: 1094.0M(1094.0M)->0.0B(1058.0M) Survivors: 26624.0K->63488.0K Heap: 1562.1M(1868.0M)->503.8M(1868.0M)]
Heap after GC invocations=202 (full 0):
 garbage-first heap   total 1912832K, used 515841K [0x000000008b400000, 0x000000008b503a60, 0x0000000100000000)
  region size 1024K, 62 young (63488K), 62 survivors (63488K)
 Metaspace       used 147728K, capacity 154953K, committed 155056K, reserved 1183744K
  class space    used 19743K, capacity 21108K, committed 21168K, reserved 1048576K
}
 [Times: user=0.27 sys=0.00, real=0.08 secs] 
2020-07-20T09:49:42.785+0000: 2418.721: Total time for which application threads were stopped: 0.0826099 seconds, Stopping threads took: 0.0021470 seconds
{Heap before GC invocations=202 (full 0):
 garbage-first heap   total 1912832K, used 1601281K [0x000000008b400000, 0x000000008b503a60, 0x0000000100000000)
  region size 1024K, 1120 young (1146880K), 62 survivors (63488K)
 Metaspace       used 147736K, capacity 154953K, committed 155056K, reserved 1183744K
  class space    used 19743K, capacity 21108K, committed 21168K, reserved 1048576K
2020-07-20T09:49:49.458+0000: 2425.394: [GC pause (G1 Evacuation Pause) (young)
Desired survivor size 73400320 bytes, new threshold 15 (max 15)
- age   1:   43205848 bytes,   43205848 total
- age   2:   11523080 bytes,   54728928 total
- age   3:    1485584 bytes,   56214512 total
- age   4:     558360 bytes,   56772872 total
- age   5:     453360 bytes,   57226232 total
- age   6:     343856 bytes,   57570088 total
- age   7:     391176 bytes,   57961264 total
- age   8:     538280 bytes,   58499544 total
- age   9:     371184 bytes,   58870728 total
- age  10:     702488 bytes,   59573216 total
- age  11:     550664 bytes,   60123880 total
- age  12:     801392 bytes,   60925272 total
- age  13:     891184 bytes,   61816456 total
- age  14:     118128 bytes,   61934584 total
- age  15:      87864 bytes,   62022448 total
, 0.0793214 secs]
   [Parallel Time: 73.5 ms, GC Workers: 4]
      [GC Worker Start (ms): Min: 2425394.3, Avg: 2425394.3, Max: 2425394.4, Diff: 0.1]
      [Ext Root Scanning (ms): Min: 5.2, Avg: 5.4, Max: 5.6, Diff: 0.4, Sum: 21.5]
      [Update RS (ms): Min: 12.4, Avg: 12.4, Max: 12.5, Diff: 0.0, Sum: 49.8]
         [Processed Buffers: Min: 15, Avg: 29.0, Max: 42, Diff: 27, Sum: 116]
      [Scan RS (ms): Min: 0.3, Avg: 0.4, Max: 0.4, Diff: 0.1, Sum: 1.5]
      [Code Root Scanning (ms): Min: 0.0, Avg: 0.1, Max: 0.1, Diff: 0.1, Sum: 0.2]
      [Object Copy (ms): Min: 54.9, Avg: 55.0, Max: 55.1, Diff: 0.3, Sum: 220.1]
      [Termination (ms): Min: 0.0, Avg: 0.0, Max: 0.0, Diff: 0.0, Sum: 0.0]
         [Termination Attempts: Min: 1, Avg: 1.0, Max: 1, Diff: 0, Sum: 4]
      [GC Worker Other (ms): Min: 0.0, Avg: 0.0, Max: 0.1, Diff: 0.0, Sum: 0.2]
      [GC Worker Total (ms): Min: 73.3, Avg: 73.3, Max: 73.4, Diff: 0.1, Sum: 293.3]
      [GC Worker End (ms): Min: 2425467.6, Avg: 2425467.6, Max: 2425467.7, Diff: 0.1]
   [Code Root Fixup: 0.0 ms]
   [Code Root Purge: 0.0 ms]
   [Clear CT: 0.5 ms]
   [Other: 5.3 ms]
      [Choose CSet: 0.0 ms]
      [Ref Proc: 3.2 ms]
      [Ref Enq: 0.2 ms]
      [Redirty Cards: 0.5 ms]
      [Humongous Register: 0.1 ms]
      [Humongous Reclaim: 0.1 ms]
      [Free CSet: 1.0 ms]
   [Eden: 1058.0M(1058.0M)->0.0B(1068.0M) Survivors: 63488.0K->53248.0K Heap: 1563.8M(1868.0M)->494.4M(1868.0M)]
Heap after GC invocations=203 (full 0):
 garbage-first heap   total 1912832K, used 506217K [0x000000008b400000, 0x000000008b503a60, 0x0000000100000000)
  region size 1024K, 52 young (53248K), 52 survivors (53248K)
 Metaspace       used 147736K, capacity 154953K, committed 155056K, reserved 1183744K
  class space    used 19743K, capacity 21108K, committed 21168K, reserved 1048576K
}
 [Times: user=0.21 sys=0.02, real=0.08 secs] 
2020-07-20T09:49:49.538+0000: 2425.474: Total time for which application threads were stopped: 0.0847253 seconds, Stopping threads took: 0.0040245 seconds
{Heap before GC invocations=203 (full 0):
 garbage-first heap   total 1912832K, used 1601897K [0x000000008b400000, 0x000000008b503a60, 0x0000000100000000)
  region size 1024K, 1120 young (1146880K), 52 survivors (53248K)
 Metaspace       used 147747K, capacity 154953K, committed 155056K, reserved 1183744K
  class space    used 19743K, capacity 21108K, committed 21168K, reserved 1048576K
2020-07-20T09:49:54.705+0000: 2430.641: [GC pause (G1 Evacuation Pause) (young)
Desired survivor size 73400320 bytes, new threshold 15 (max 15)
- age   1:   37180640 bytes,   37180640 total
- age   2:    7673048 bytes,   44853688 total
- age   3:     588176 bytes,   45441864 total
- age   4:    1484864 bytes,   46926728 total
- age   5:     557800 bytes,   47484528 total
- age   6:     451112 bytes,   47935640 total
- age   7:     325568 bytes,   48261208 total
- age   8:     391080 bytes,   48652288 total
- age   9:     534552 bytes,   49186840 total
- age  10:     266488 bytes,   49453328 total
- age  11:     511576 bytes,   49964904 total
- age  12:     548384 bytes,   50513288 total
- age  13:     798872 bytes,   51312160 total
- age  14:     891088 bytes,   52203248 total
- age  15:     113096 bytes,   52316344 total
, 0.0569161 secs]
   [Parallel Time: 52.6 ms, GC Workers: 4]
      [GC Worker Start (ms): Min: 2430641.4, Avg: 2430641.4, Max: 2430641.4, Diff: 0.1]
      [Ext Root Scanning (ms): Min: 4.9, Avg: 5.0, Max: 5.1, Diff: 0.2, Sum: 19.9]
      [Update RS (ms): Min: 14.0, Avg: 14.1, Max: 14.3, Diff: 0.3, Sum: 56.4]
         [Processed Buffers: Min: 22, Avg: 32.8, Max: 45, Diff: 23, Sum: 131]
      [Scan RS (ms): Min: 0.2, Avg: 0.3, Max: 0.4, Diff: 0.2, Sum: 1.3]
      [Code Root Scanning (ms): Min: 0.0, Avg: 0.0, Max: 0.1, Diff: 0.1, Sum: 0.1]
      [Object Copy (ms): Min: 32.9, Avg: 32.9, Max: 33.1, Diff: 0.2, Sum: 131.8]
      [Termination (ms): Min: 0.0, Avg: 0.0, Max: 0.1, Diff: 0.1, Sum: 0.1]
         [Termination Attempts: Min: 1, Avg: 1.8, Max: 3, Diff: 2, Sum: 7]
      [GC Worker Other (ms): Min: 0.0, Avg: 0.0, Max: 0.1, Diff: 0.1, Sum: 0.2]
      [GC Worker Total (ms): Min: 52.4, Avg: 52.4, Max: 52.5, Diff: 0.1, Sum: 209.8]
      [GC Worker End (ms): Min: 2430693.8, Avg: 2430693.8, Max: 2430693.9, Diff: 0.1]
   [Code Root Fixup: 0.0 ms]
   [Code Root Purge: 0.0 ms]
   [Clear CT: 0.4 ms]
   [Other: 3.9 ms]
      [Choose CSet: 0.0 ms]
      [Ref Proc: 2.1 ms]
      [Ref Enq: 0.1 ms]
      [Redirty Cards: 0.3 ms]
      [Humongous Register: 0.1 ms]
      [Humongous Reclaim: 0.0 ms]
      [Free CSet: 0.9 ms]
   [Eden: 1068.0M(1068.0M)->0.0B(1084.0M) Survivors: 53248.0K->36864.0K Heap: 1564.4M(1868.0M)->478.0M(1868.0M)]
Heap after GC invocations=204 (full 0):
 garbage-first heap   total 1912832K, used 489446K [0x000000008b400000, 0x000000008b503a60, 0x0000000100000000)
  region size 1024K, 36 young (36864K), 36 survivors (36864K)
 Metaspace       used 147747K, capacity 154953K, committed 155056K, reserved 1183744K
  class space    used 19743K, capacity 21108K, committed 21168K, reserved 1048576K
}
 [Times: user=0.20 sys=0.00, real=0.06 secs] 
2020-07-20T09:49:54.762+0000: 2430.698: Total time for which application threads were stopped: 0.0616516 seconds, Stopping threads took: 0.0039315 seconds
{Heap before GC invocations=204 (full 0):
 garbage-first heap   total 1912832K, used 1599462K [0x000000008b400000, 0x000000008b503a60, 0x0000000100000000)
  region size 1024K, 1120 young (1146880K), 36 survivors (36864K)
 Metaspace       used 147775K, capacity 154953K, committed 155056K, reserved 1183744K
  class space    used 19743K, capacity 21108K, committed 21168K, reserved 1048576K
2020-07-20T09:50:12.210+0000: 2448.146: [GC pause (G1 Evacuation Pause) (young)
Desired survivor size 73400320 bytes, new threshold 15 (max 15)
- age   1:   25162288 bytes,   25162288 total
- age   2:    1776184 bytes,   26938472 total
- age   3:    1861728 bytes,   28800200 total
- age   4:     462464 bytes,   29262664 total
- age   5:    1166960 bytes,   30429624 total
- age   6:     557080 bytes,   30986704 total
- age   7:     443016 bytes,   31429720 total
- age   8:     325408 bytes,   31755128 total
- age   9:     358648 bytes,   32113776 total
- age  10:     274632 bytes,   32388408 total
- age  11:     258296 bytes,   32646704 total
- age  12:     504264 bytes,   33150968 total
- age  13:     542216 bytes,   33693184 total
- age  14:     793672 bytes,   34486856 total
- age  15:     890880 bytes,   35377736 total
, 0.0895710 secs]
   [Parallel Time: 85.2 ms, GC Workers: 4]
      [GC Worker Start (ms): Min: 2448146.7, Avg: 2448146.8, Max: 2448146.8, Diff: 0.1]
      [Ext Root Scanning (ms): Min: 5.2, Avg: 5.3, Max: 5.5, Diff: 0.3, Sum: 21.3]
      [Update RS (ms): Min: 27.7, Avg: 28.0, Max: 28.3, Diff: 0.7, Sum: 112.1]
         [Processed Buffers: Min: 23, Avg: 39.5, Max: 82, Diff: 59, Sum: 158]
      [Scan RS (ms): Min: 0.3, Avg: 0.5, Max: 0.6, Diff: 0.4, Sum: 1.9]
      [Code Root Scanning (ms): Min: 0.0, Avg: 0.0, Max: 0.1, Diff: 0.1, Sum: 0.2]
      [Object Copy (ms): Min: 50.9, Avg: 51.0, Max: 51.1, Diff: 0.2, Sum: 204.1]
      [Termination (ms): Min: 0.0, Avg: 0.0, Max: 0.0, Diff: 0.0, Sum: 0.1]
         [Termination Attempts: Min: 15, Avg: 19.0, Max: 25, Diff: 10, Sum: 76]
      [GC Worker Other (ms): Min: 0.1, Avg: 0.1, Max: 0.2, Diff: 0.1, Sum: 0.5]
      [GC Worker Total (ms): Min: 85.0, Avg: 85.0, Max: 85.1, Diff: 0.1, Sum: 340.1]
      [GC Worker End (ms): Min: 2448231.7, Avg: 2448231.8, Max: 2448231.8, Diff: 0.0]
   [Code Root Fixup: 0.0 ms]
   [Code Root Purge: 0.0 ms]
   [Clear CT: 0.4 ms]
   [Other: 4.0 ms]
      [Choose CSet: 0.0 ms]
      [Ref Proc: 1.9 ms]
      [Ref Enq: 0.1 ms]
      [Redirty Cards: 0.4 ms]
      [Humongous Register: 0.2 ms]
      [Humongous Reclaim: 0.0 ms]
      [Free CSet: 0.9 ms]
   [Eden: 1084.0M(1084.0M)->0.0B(1072.0M) Survivors: 36864.0K->49152.0K Heap: 1562.0M(1868.0M)->489.4M(1868.0M)]
Heap after GC invocations=205 (full 0):
 garbage-first heap   total 1912832K, used 501138K [0x000000008b400000, 0x000000008b503a60, 0x0000000100000000)
  region size 1024K, 48 young (49152K), 48 survivors (49152K)
 Metaspace       used 147775K, capacity 154953K, committed 155056K, reserved 1183744K
  class space    used 19743K, capacity 21108K, committed 21168K, reserved 1048576K
}
 [Times: user=0.26 sys=0.00, real=0.09 secs] 
2020-07-20T09:50:12.300+0000: 2448.236: Total time for which application threads were stopped: 0.0910936 seconds, Stopping threads took: 0.0005638 seconds
{Heap before GC invocations=205 (full 0):
 garbage-first heap   total 1912832K, used 1600914K [0x000000008b400000, 0x000000008b503a60, 0x0000000100000000)
  region size 1024K, 1120 young (1146880K), 48 survivors (49152K)
 Metaspace       used 147785K, capacity 154953K, committed 155056K, reserved 1183744K
  class space    used 19743K, capacity 21108K, committed 21168K, reserved 1048576K
2020-07-20T09:50:17.595+0000: 2453.530: [GC pause (G1 Evacuation Pause) (young)
Desired survivor size 73400320 bytes, new threshold 15 (max 15)
- age   1:   20999944 bytes,   20999944 total
- age   2:   18710120 bytes,   39710064 total
- age   3:    1772144 bytes,   41482208 total
- age   4:    1813208 bytes,   43295416 total
- age   5:     438776 bytes,   43734192 total
- age   6:    1151216 bytes,   44885408 total
- age   7:     554600 bytes,   45440008 total
- age   8:     441592 bytes,   45881600 total
- age   9:     293544 bytes,   46175144 total
- age  10:     340824 bytes,   46515968 total
- age  11:     266032 bytes,   46782000 total
- age  12:     257816 bytes,   47039816 total
- age  13:     503232 bytes,   47543048 total
- age  14:     542040 bytes,   48085088 total
- age  15:     793384 bytes,   48878472 total
, 0.0639580 secs]
   [Parallel Time: 60.1 ms, GC Workers: 4]
      [GC Worker Start (ms): Min: 2453530.6, Avg: 2453530.6, Max: 2453530.7, Diff: 0.1]
      [Ext Root Scanning (ms): Min: 4.8, Avg: 4.9, Max: 5.1, Diff: 0.2, Sum: 19.7]
      [Update RS (ms): Min: 16.9, Avg: 17.0, Max: 17.0, Diff: 0.1, Sum: 67.8]
         [Processed Buffers: Min: 22, Avg: 33.5, Max: 56, Diff: 34, Sum: 134]
      [Scan RS (ms): Min: 0.3, Avg: 0.4, Max: 0.5, Diff: 0.2, Sum: 1.5]
      [Code Root Scanning (ms): Min: 0.0, Avg: 0.0, Max: 0.1, Diff: 0.1, Sum: 0.2]
      [Object Copy (ms): Min: 37.4, Avg: 37.5, Max: 37.7, Diff: 0.2, Sum: 150.1]
      [Termination (ms): Min: 0.0, Avg: 0.0, Max: 0.0, Diff: 0.0, Sum: 0.0]
         [Termination Attempts: Min: 1, Avg: 1.2, Max: 2, Diff: 1, Sum: 5]
      [GC Worker Other (ms): Min: 0.0, Avg: 0.0, Max: 0.1, Diff: 0.0, Sum: 0.2]
      [GC Worker Total (ms): Min: 59.9, Avg: 59.9, Max: 59.9, Diff: 0.1, Sum: 239.6]
      [GC Worker End (ms): Min: 2453590.5, Avg: 2453590.5, Max: 2453590.6, Diff: 0.1]
   [Code Root Fixup: 0.0 ms]
   [Code Root Purge: 0.0 ms]
   [Clear CT: 0.4 ms]
   [Other: 3.5 ms]
      [Choose CSet: 0.0 ms]
      [Ref Proc: 1.7 ms]
      [Ref Enq: 0.1 ms]
      [Redirty Cards: 0.3 ms]
      [Humongous Register: 0.1 ms]
      [Humongous Reclaim: 0.0 ms]
      [Free CSet: 0.9 ms]
   [Eden: 1072.0M(1072.0M)->0.0B(1079.0M) Survivors: 49152.0K->41984.0K Heap: 1563.4M(1868.0M)->483.6M(1868.0M)]
Heap after GC invocations=206 (full 0):
 garbage-first heap   total 1912832K, used 495229K [0x000000008b400000, 0x000000008b503a60, 0x0000000100000000)
  region size 1024K, 41 young (41984K), 41 survivors (41984K)
 Metaspace       used 147785K, capacity 154953K, committed 155056K, reserved 1183744K
  class space    used 19743K, capacity 21108K, committed 21168K, reserved 1048576K
}
 [Times: user=0.22 sys=0.00, real=0.06 secs] 
2020-07-20T09:50:17.659+0000: 2453.595: Total time for which application threads were stopped: 0.0650185 seconds, Stopping threads took: 0.0002502 seconds
{Heap before GC invocations=206 (full 0):
 garbage-first heap   total 1912832K, used 1602173K [0x000000008b400000, 0x000000008b503a60, 0x0000000100000000)
  region size 1024K, 1120 young (1146880K), 41 survivors (41984K)
 Metaspace       used 147785K, capacity 154953K, committed 155056K, reserved 1183744K
  class space    used 19743K, capacity 21108K, committed 21168K, reserved 1048576K
2020-07-20T09:50:21.717+0000: 2457.653: [GC pause (G1 Evacuation Pause) (young)
Desired survivor size 73400320 bytes, new threshold 15 (max 15)
- age   1:   32522920 bytes,   32522920 total
- age   2:    1993144 bytes,   34516064 total
- age   3:    1437048 bytes,   35953112 total
- age   4:     267888 bytes,   36221000 total
- age   5:     322560 bytes,   36543560 total
- age   6:     435392 bytes,   36978952 total
- age   7:    1150992 bytes,   38129944 total
- age   8:     554376 bytes,   38684320 total
- age   9:     422024 bytes,   39106344 total
- age  10:     287624 bytes,   39393968 total
- age  11:     340696 bytes,   39734664 total
- age  12:     265872 bytes,   40000536 total
- age  13:     257480 bytes,   40258016 total
- age  14:     503104 bytes,   40761120 total
- age  15:     541912 bytes,   41303032 total
, 0.0582977 secs]
   [Parallel Time: 52.2 ms, GC Workers: 4]
      [GC Worker Start (ms): Min: 2457653.5, Avg: 2457653.5, Max: 2457653.5, Diff: 0.1]
      [Ext Root Scanning (ms): Min: 4.9, Avg: 5.0, Max: 5.2, Diff: 0.2, Sum: 20.1]
      [Update RS (ms): Min: 20.5, Avg: 20.6, Max: 21.1, Diff: 0.7, Sum: 82.6]
         [Processed Buffers: Min: 15, Avg: 33.2, Max: 67, Diff: 52, Sum: 133]
      [Scan RS (ms): Min: 0.2, Avg: 0.4, Max: 0.4, Diff: 0.3, Sum: 1.5]
      [Code Root Scanning (ms): Min: 0.0, Avg: 0.0, Max: 0.1, Diff: 0.1, Sum: 0.1]
      [Object Copy (ms): Min: 25.1, Avg: 25.5, Max: 25.7, Diff: 0.5, Sum: 101.9]
      [Termination (ms): Min: 0.0, Avg: 0.0, Max: 0.0, Diff: 0.0, Sum: 0.0]
         [Termination Attempts: Min: 1, Avg: 2.2, Max: 3, Diff: 2, Sum: 9]
      [GC Worker Other (ms): Min: 0.0, Avg: 0.3, Max: 0.4, Diff: 0.4, Sum: 1.1]
      [GC Worker Total (ms): Min: 51.6, Avg: 51.8, Max: 51.9, Diff: 0.4, Sum: 207.3]
      [GC Worker End (ms): Min: 2457705.1, Avg: 2457705.3, Max: 2457705.4, Diff: 0.3]
   [Code Root Fixup: 0.0 ms]
   [Code Root Purge: 0.0 ms]
   [Clear CT: 0.5 ms]
   [Other: 5.6 ms]
      [Choose CSet: 0.0 ms]
      [Ref Proc: 3.7 ms]
      [Ref Enq: 0.2 ms]
      [Redirty Cards: 0.3 ms]
      [Humongous Register: 0.1 ms]
      [Humongous Reclaim: 0.0 ms]
      [Free CSet: 0.9 ms]
   [Eden: 1079.0M(1079.0M)->0.0B(1094.0M) Survivors: 41984.0K->26624.0K Heap: 1564.6M(1868.0M)->469.0M(1868.0M)]
Heap after GC invocations=207 (full 0):
 garbage-first heap   total 1912832K, used 480299K [0x000000008b400000, 0x000000008b503a60, 0x0000000100000000)
  region size 1024K, 26 young (26624K), 26 survivors (26624K)
 Metaspace       used 147785K, capacity 154953K, committed 155056K, reserved 1183744K
  class space    used 19743K, capacity 21108K, committed 21168K, reserved 1048576K
}
 [Times: user=0.19 sys=0.00, real=0.06 secs] 
2020-07-20T09:50:21.776+0000: 2457.712: Total time for which application threads were stopped: 0.0621568 seconds, Stopping threads took: 0.0030877 seconds
{Heap before GC invocations=207 (full 0):
 garbage-first heap   total 1912832K, used 1602603K [0x000000008b400000, 0x000000008b503a60, 0x0000000100000000)
  region size 1024K, 1120 young (1146880K), 26 survivors (26624K)
 Metaspace       used 147787K, capacity 154953K, committed 155056K, reserved 1183744K
  class space    used 19743K, capacity 21108K, committed 21168K, reserved 1048576K
2020-07-20T09:50:27.598+0000: 2463.534: [GC pause (G1 Evacuation Pause) (young)
Desired survivor size 73400320 bytes, new threshold 15 (max 15)
- age   1:   15801480 bytes,   15801480 total
- age   2:    1924888 bytes,   17726368 total
- age   3:    1605576 bytes,   19331944 total
- age   4:    1435920 bytes,   20767864 total
- age   5:     267280 bytes,   21035144 total
- age   6:     322304 bytes,   21357448 total
- age   7:     432296 bytes,   21789744 total
- age   8:    1150768 bytes,   22940512 total
- age   9:     553528 bytes,   23494040 total
- age  10:     116088 bytes,   23610128 total
- age  11:     287552 bytes,   23897680 total
- age  12:     339432 bytes,   24237112 total
- age  13:     265560 bytes,   24502672 total
- age  14:     256184 bytes,   24758856 total
- age  15:     502032 bytes,   25260888 total
, 0.0924369 secs]
   [Parallel Time: 88.0 ms, GC Workers: 4]
      [GC Worker Start (ms): Min: 2463533.9, Avg: 2463534.3, Max: 2463535.5, Diff: 1.6]
      [Ext Root Scanning (ms): Min: 6.3, Avg: 8.1, Max: 12.8, Diff: 6.6, Sum: 32.4]
      [Update RS (ms): Min: 20.9, Avg: 21.6, Max: 22.8, Diff: 1.8, Sum: 86.4]
         [Processed Buffers: Min: 15, Avg: 33.2, Max: 61, Diff: 46, Sum: 133]
      [Scan RS (ms): Min: 0.1, Avg: 0.4, Max: 0.5, Diff: 0.4, Sum: 1.6]
      [Code Root Scanning (ms): Min: 0.0, Avg: 0.0, Max: 0.1, Diff: 0.1, Sum: 0.1]
      [Object Copy (ms): Min: 52.2, Avg: 57.1, Max: 59.5, Diff: 7.3, Sum: 228.6]
      [Termination (ms): Min: 0.0, Avg: 0.0, Max: 0.0, Diff: 0.0, Sum: 0.1]
         [Termination Attempts: Min: 6, Avg: 8.0, Max: 11, Diff: 5, Sum: 32]
      [GC Worker Other (ms): Min: 0.0, Avg: 0.1, Max: 0.2, Diff: 0.2, Sum: 0.5]
      [GC Worker Total (ms): Min: 86.3, Avg: 87.4, Max: 87.9, Diff: 1.6, Sum: 349.6]
      [GC Worker End (ms): Min: 2463621.6, Avg: 2463621.7, Max: 2463621.8, Diff: 0.2]
   [Code Root Fixup: 0.0 ms]
   [Code Root Purge: 0.0 ms]
   [Clear CT: 0.4 ms]
   [Other: 4.0 ms]
      [Choose CSet: 0.0 ms]
      [Ref Proc: 2.0 ms]
      [Ref Enq: 0.1 ms]
      [Redirty Cards: 0.4 ms]
      [Humongous Register: 0.1 ms]
      [Humongous Reclaim: 0.0 ms]
      [Free CSet: 0.9 ms]
   [Eden: 1094.0M(1094.0M)->0.0B(1061.0M) Survivors: 26624.0K->60416.0K Heap: 1565.0M(1868.0M)->505.4M(1868.0M)]
Heap after GC invocations=208 (full 0):
 garbage-first heap   total 1912832K, used 517503K [0x000000008b400000, 0x000000008b503a60, 0x0000000100000000)
  region size 1024K, 59 young (60416K), 59 survivors (60416K)
 Metaspace       used 147787K, capacity 154953K, committed 155056K, reserved 1183744K
  class space    used 19743K, capacity 21108K, committed 21168K, reserved 1048576K
}
 [Times: user=0.27 sys=0.04, real=0.09 secs] 
2020-07-20T09:50:27.690+0000: 2463.626: Total time for which application threads were stopped: 0.0966369 seconds, Stopping threads took: 0.0030314 seconds
{Heap before GC invocations=208 (full 0):
 garbage-first heap   total 1912832K, used 1606015K [0x000000008b400000, 0x000000008b503a60, 0x0000000100000000)
  region size 1024K, 1120 young (1146880K), 59 survivors (60416K)
 Metaspace       used 147792K, capacity 155017K, committed 155312K, reserved 1183744K
  class space    used 19743K, capacity 21108K, committed 21168K, reserved 1048576K
2020-07-20T09:50:33.587+0000: 2469.523: [GC pause (G1 Evacuation Pause) (young)
Desired survivor size 73400320 bytes, new threshold 15 (max 15)
- age   1:   40746352 bytes,   40746352 total
- age   2:   11157800 bytes,   51904152 total
- age   3:    1902080 bytes,   53806232 total
- age   4:    1601680 bytes,   55407912 total
- age   5:    1435632 bytes,   56843544 total
- age   6:     265464 bytes,   57109008 total
- age   7:     322016 bytes,   57431024 total
- age   8:     431848 bytes,   57862872 total
- age   9:     894240 bytes,   58757112 total
- age  10:     516208 bytes,   59273320 total
- age  11:     115600 bytes,   59388920 total
- age  12:     287488 bytes,   59676408 total
- age  13:     339336 bytes,   60015744 total
- age  14:     265560 bytes,   60281304 total
- age  15:     256088 bytes,   60537392 total
, 0.0707464 secs]
   [Parallel Time: 66.1 ms, GC Workers: 4]
      [GC Worker Start (ms): Min: 2469523.4, Avg: 2469523.4, Max: 2469523.4, Diff: 0.1]
      [Ext Root Scanning (ms): Min: 5.3, Avg: 5.5, Max: 5.7, Diff: 0.4, Sum: 21.8]
      [Update RS (ms): Min: 14.8, Avg: 14.8, Max: 14.9, Diff: 0.1, Sum: 59.2]
         [Processed Buffers: Min: 15, Avg: 32.2, Max: 40, Diff: 25, Sum: 129]
      [Scan RS (ms): Min: 0.3, Avg: 0.3, Max: 0.4, Diff: 0.2, Sum: 1.4]
      [Code Root Scanning (ms): Min: 0.0, Avg: 0.1, Max: 0.1, Diff: 0.1, Sum: 0.2]
      [Object Copy (ms): Min: 44.9, Avg: 45.2, Max: 45.3, Diff: 0.4, Sum: 180.6]
      [Termination (ms): Min: 0.0, Avg: 0.1, Max: 0.1, Diff: 0.1, Sum: 0.4]
         [Termination Attempts: Min: 6, Avg: 11.2, Max: 14, Diff: 8, Sum: 45]
      [GC Worker Other (ms): Min: 0.0, Avg: 0.0, Max: 0.1, Diff: 0.0, Sum: 0.2]
      [GC Worker Total (ms): Min: 65.9, Avg: 66.0, Max: 66.0, Diff: 0.1, Sum: 263.9]
      [GC Worker End (ms): Min: 2469589.4, Avg: 2469589.4, Max: 2469589.4, Diff: 0.0]
   [Code Root Fixup: 0.0 ms]
   [Code Root Purge: 0.0 ms]
   [Clear CT: 0.5 ms]
   [Other: 4.1 ms]
      [Choose CSet: 0.0 ms]
      [Ref Proc: 2.1 ms]
      [Ref Enq: 0.1 ms]
      [Redirty Cards: 0.4 ms]
      [Humongous Register: 0.1 ms]
      [Humongous Reclaim: 0.1 ms]
      [Free CSet: 1.0 ms]
   [Eden: 1061.0M(1061.0M)->0.0B(1069.0M) Survivors: 60416.0K->52224.0K Heap: 1568.4M(1868.0M)->497.9M(1868.0M)]
Heap after GC invocations=209 (full 0):
 garbage-first heap   total 1912832K, used 509891K [0x000000008b400000, 0x000000008b503a60, 0x0000000100000000)
  region size 1024K, 51 young (52224K), 51 survivors (52224K)
 Metaspace       used 147792K, capacity 155017K, committed 155312K, reserved 1183744K
  class space    used 19743K, capacity 21108K, committed 21168K, reserved 1048576K
}
 [Times: user=0.24 sys=0.00, real=0.07 secs] 
2020-07-20T09:50:33.658+0000: 2469.594: Total time for which application threads were stopped: 0.0722452 seconds, Stopping threads took: 0.0003606 seconds
{Heap before GC invocations=209 (full 0):
 garbage-first heap   total 1912832K, used 1606595K [0x000000008b400000, 0x000000008b503a60, 0x0000000100000000)
  region size 1024K, 1120 young (1146880K), 51 survivors (52224K)
 Metaspace       used 147792K, capacity 155017K, committed 155312K, reserved 1183744K
  class space    used 19743K, capacity 21108K, committed 21168K, reserved 1048576K
2020-07-20T09:50:37.885+0000: 2473.821: [GC pause (G1 Evacuation Pause) (young)
Desired survivor size 73400320 bytes, new threshold 15 (max 15)
- age   1:   34839304 bytes,   34839304 total
- age   2:    6953040 bytes,   41792344 total
- age   3:    1080880 bytes,   42873224 total
- age   4:    1898104 bytes,   44771328 total
- age   5:    1576816 bytes,   46348144 total
- age   6:    1432624 bytes,   47780768 total
- age   7:     261856 bytes,   48042624 total
- age   8:     321824 bytes,   48364448 total
- age   9:     424448 bytes,   48788896 total
- age  10:     888648 bytes,   49677544 total
- age  11:     515776 bytes,   50193320 total
- age  12:     115280 bytes,   50308600 total
- age  13:     287456 bytes,   50596056 total
- age  14:     339240 bytes,   50935296 total
- age  15:     265432 bytes,   51200728 total
, 0.0599013 secs]
   [Parallel Time: 55.7 ms, GC Workers: 4]
      [GC Worker Start (ms): Min: 2473821.5, Avg: 2473821.5, Max: 2473821.5, Diff: 0.0]
      [Ext Root Scanning (ms): Min: 5.1, Avg: 5.2, Max: 5.3, Diff: 0.2, Sum: 20.6]
      [Update RS (ms): Min: 16.4, Avg: 16.5, Max: 16.8, Diff: 0.4, Sum: 66.1]
         [Processed Buffers: Min: 25, Avg: 33.8, Max: 46, Diff: 21, Sum: 135]
      [Scan RS (ms): Min: 0.1, Avg: 0.3, Max: 0.4, Diff: 0.3, Sum: 1.4]
      [Code Root Scanning (ms): Min: 0.0, Avg: 0.0, Max: 0.1, Diff: 0.1, Sum: 0.1]
      [Object Copy (ms): Min: 33.3, Avg: 33.4, Max: 33.6, Diff: 0.3, Sum: 133.7]
      [Termination (ms): Min: 0.0, Avg: 0.0, Max: 0.1, Diff: 0.1, Sum: 0.2]
         [Termination Attempts: Min: 3, Avg: 31.5, Max: 100, Diff: 97, Sum: 126]
      [GC Worker Other (ms): Min: 0.0, Avg: 0.0, Max: 0.0, Diff: 0.0, Sum: 0.1]
      [GC Worker Total (ms): Min: 55.5, Avg: 55.6, Max: 55.6, Diff: 0.1, Sum: 222.3]
      [GC Worker End (ms): Min: 2473877.1, Avg: 2473877.1, Max: 2473877.1, Diff: 0.0]
   [Code Root Fixup: 0.0 ms]
   [Code Root Purge: 0.0 ms]
   [Clear CT: 0.4 ms]
   [Other: 3.8 ms]
      [Choose CSet: 0.0 ms]
      [Ref Proc: 2.0 ms]
      [Ref Enq: 0.1 ms]
      [Redirty Cards: 0.3 ms]
      [Humongous Register: 0.1 ms]
      [Humongous Reclaim: 0.0 ms]
      [Free CSet: 1.0 ms]
   [Eden: 1069.0M(1069.0M)->0.0B(1083.0M) Survivors: 52224.0K->37888.0K Heap: 1568.9M(1868.0M)->484.3M(1868.0M)]
Heap after GC invocations=210 (full 0):
 garbage-first heap   total 1912832K, used 495910K [0x000000008b400000, 0x000000008b503a60, 0x0000000100000000)
  region size 1024K, 37 young (37888K), 37 survivors (37888K)
 Metaspace       used 147792K, capacity 155017K, committed 155312K, reserved 1183744K
  class space    used 19743K, capacity 21108K, committed 21168K, reserved 1048576K
}
 [Times: user=0.20 sys=0.00, real=0.06 secs] 
2020-07-20T09:50:37.946+0000: 2473.881: Total time for which application threads were stopped: 0.0647849 seconds, Stopping threads took: 0.0040606 seconds
{Heap before GC invocations=210 (full 0):
 garbage-first heap   total 1912832K, used 1606950K [0x000000008b400000, 0x000000008b503a60, 0x0000000100000000)
  region size 1024K, 1120 young (1146880K), 37 survivors (37888K)
 Metaspace       used 147801K, capacity 155021K, committed 155312K, reserved 1183744K
  class space    used 19743K, capacity 21108K, committed 21168K, reserved 1048576K
2020-07-20T09:50:43.381+0000: 2479.317: [GC pause (G1 Evacuation Pause) (young)
Desired survivor size 73400320 bytes, new threshold 15 (max 15)
- age   1:   25957832 bytes,   25957832 total
- age   2:    2697912 bytes,   28655744 total
- age   3:     256432 bytes,   28912176 total
- age   4:     691416 bytes,   29603592 total
- age   5:    1885592 bytes,   31489184 total
- age   6:    1367240 bytes,   32856424 total
- age   7:    1331040 bytes,   34187464 total
- age   8:     261632 bytes,   34449096 total
- age   9:     318064 bytes,   34767160 total
- age  10:     121480 bytes,   34888640 total
- age  11:     882848 bytes,   35771488 total
- age  12:     510808 bytes,   36282296 total
- age  13:     110248 bytes,   36392544 total
- age  14:     287280 bytes,   36679824 total
- age  15:     336504 bytes,   37016328 total
, 0.0706031 secs]
   [Parallel Time: 66.3 ms, GC Workers: 4]
      [GC Worker Start (ms): Min: 2479317.7, Avg: 2479317.7, Max: 2479317.8, Diff: 0.1]
      [Ext Root Scanning (ms): Min: 4.9, Avg: 5.0, Max: 5.1, Diff: 0.2, Sum: 19.9]
      [Update RS (ms): Min: 22.9, Avg: 23.0, Max: 23.2, Diff: 0.3, Sum: 92.0]
         [Processed Buffers: Min: 32, Avg: 37.5, Max: 50, Diff: 18, Sum: 150]
      [Scan RS (ms): Min: 0.3, Avg: 0.4, Max: 0.5, Diff: 0.3, Sum: 1.7]
      [Code Root Scanning (ms): Min: 0.0, Avg: 0.0, Max: 0.1, Diff: 0.1, Sum: 0.2]
      [Object Copy (ms): Min: 37.5, Avg: 37.6, Max: 37.7, Diff: 0.2, Sum: 150.6]
      [Termination (ms): Min: 0.0, Avg: 0.0, Max: 0.0, Diff: 0.0, Sum: 0.0]
         [Termination Attempts: Min: 1, Avg: 1.5, Max: 2, Diff: 1, Sum: 6]
      [GC Worker Other (ms): Min: 0.1, Avg: 0.1, Max: 0.1, Diff: 0.0, Sum: 0.2]
      [GC Worker Total (ms): Min: 66.1, Avg: 66.1, Max: 66.2, Diff: 0.1, Sum: 264.6]
      [GC Worker End (ms): Min: 2479383.9, Avg: 2479383.9, Max: 2479383.9, Diff: 0.0]
   [Code Root Fixup: 0.0 ms]
   [Code Root Purge: 0.0 ms]
   [Clear CT: 0.4 ms]
   [Other: 3.9 ms]
      [Choose CSet: 0.0 ms]
      [Ref Proc: 1.7 ms]
      [Ref Enq: 0.2 ms]
      [Redirty Cards: 0.3 ms]
      [Humongous Register: 0.2 ms]
      [Humongous Reclaim: 0.0 ms]
      [Free CSet: 1.0 ms]
   [Eden: 1083.0M(1083.0M)->0.0B(1079.0M) Survivors: 37888.0K->41984.0K Heap: 1569.3M(1868.0M)->488.8M(1868.0M)]
Heap after GC invocations=211 (full 0):
 garbage-first heap   total 1912832K, used 500502K [0x000000008b400000, 0x000000008b503a60, 0x0000000100000000)
  region size 1024K, 41 young (41984K), 41 survivors (41984K)
 Metaspace       used 147801K, capacity 155021K, committed 155312K, reserved 1183744K
  class space    used 19743K, capacity 21108K, committed 21168K, reserved 1048576K
}
 [Times: user=0.22 sys=0.01, real=0.06 secs] 
2020-07-20T09:50:43.452+0000: 2479.388: Total time for which application threads were stopped: 0.0716657 seconds, Stopping threads took: 0.0001669 seconds
{Heap before GC invocations=211 (full 0):
 garbage-first heap   total 1912832K, used 1605398K [0x000000008b400000, 0x000000008b503a60, 0x0000000100000000)
  region size 1024K, 1120 young (1146880K), 41 survivors (41984K)
 Metaspace       used 147801K, capacity 155021K, committed 155312K, reserved 1183744K
  class space    used 19743K, capacity 21108K, committed 21168K, reserved 1048576K
2020-07-20T09:50:50.757+0000: 2486.693: [GC pause (G1 Evacuation Pause) (young)
Desired survivor size 73400320 bytes, new threshold 15 (max 15)
- age   1:   12820376 bytes,   12820376 total
- age   2:   20020400 bytes,   32840776 total
- age   3:    2683488 bytes,   35524264 total
- age   4:     253144 bytes,   35777408 total
- age   5:     689632 bytes,   36467040 total
- age   6:     408776 bytes,   36875816 total
- age   7:    1281032 bytes,   38156848 total
- age   8:    1323624 bytes,   39480472 total
- age   9:     191424 bytes,   39671896 total
- age  10:      73704 bytes,   39745600 total
- age  11:     109352 bytes,   39854952 total
- age  12:     882096 bytes,   40737048 total
- age  13:     510128 bytes,   41247176 total
- age  14:     110200 bytes,   41357376 total
- age  15:     287064 bytes,   41644440 total
, 0.0686009 secs]
   [Parallel Time: 64.4 ms, GC Workers: 4]
      [GC Worker Start (ms): Min: 2486693.5, Avg: 2486693.5, Max: 2486693.6, Diff: 0.1]
      [Ext Root Scanning (ms): Min: 4.8, Avg: 4.9, Max: 5.1, Diff: 0.2, Sum: 19.7]
      [Update RS (ms): Min: 16.7, Avg: 16.9, Max: 17.0, Diff: 0.2, Sum: 67.4]
         [Processed Buffers: Min: 22, Avg: 35.0, Max: 48, Diff: 26, Sum: 140]
      [Scan RS (ms): Min: 0.3, Avg: 0.3, Max: 0.4, Diff: 0.1, Sum: 1.3]
      [Code Root Scanning (ms): Min: 0.0, Avg: 0.0, Max: 0.1, Diff: 0.1, Sum: 0.2]
      [Object Copy (ms): Min: 41.9, Avg: 42.0, Max: 42.1, Diff: 0.2, Sum: 167.9]
      [Termination (ms): Min: 0.0, Avg: 0.0, Max: 0.0, Diff: 0.0, Sum: 0.0]
         [Termination Attempts: Min: 1, Avg: 2.5, Max: 5, Diff: 4, Sum: 10]
      [GC Worker Other (ms): Min: 0.0, Avg: 0.1, Max: 0.1, Diff: 0.1, Sum: 0.3]
      [GC Worker Total (ms): Min: 64.2, Avg: 64.2, Max: 64.3, Diff: 0.1, Sum: 256.9]
      [GC Worker End (ms): Min: 2486757.7, Avg: 2486757.8, Max: 2486757.8, Diff: 0.1]
   [Code Root Fixup: 0.0 ms]
   [Code Root Purge: 0.0 ms]
   [Clear CT: 0.4 ms]
   [Other: 3.7 ms]
      [Choose CSet: 0.0 ms]
      [Ref Proc: 1.8 ms]
      [Ref Enq: 0.1 ms]
      [Redirty Cards: 0.3 ms]
      [Humongous Register: 0.1 ms]
      [Humongous Reclaim: 0.0 ms]
      [Free CSet: 0.9 ms]
   [Eden: 1079.0M(1079.0M)->0.0B(1076.0M) Survivors: 41984.0K->45056.0K Heap: 1567.8M(1868.0M)->491.7M(1868.0M)]
Heap after GC invocations=212 (full 0):
 garbage-first heap   total 1912832K, used 503517K [0x000000008b400000, 0x000000008b503a60, 0x0000000100000000)
  region size 1024K, 44 young (45056K), 44 survivors (45056K)
 Metaspace       used 147801K, capacity 155021K, committed 155312K, reserved 1183744K
  class space    used 19743K, capacity 21108K, committed 21168K, reserved 1048576K
}
 [Times: user=0.23 sys=0.00, real=0.07 secs] 
2020-07-20T09:50:50.826+0000: 2486.762: Total time for which application threads were stopped: 0.0752837 seconds, Stopping threads took: 0.0059201 seconds
{Heap before GC invocations=212 (full 0):
 garbage-first heap   total 1912832K, used 1607389K [0x000000008b400000, 0x000000008b503a60, 0x0000000100000000)
  region size 1024K, 1120 young (1146880K), 44 survivors (45056K)
 Metaspace       used 147801K, capacity 155021K, committed 155312K, reserved 1183744K
  class space    used 19743K, capacity 21108K, committed 21168K, reserved 1048576K
2020-07-20T09:50:56.686+0000: 2492.622: [GC pause (G1 Evacuation Pause) (young)
Desired survivor size 73400320 bytes, new threshold 15 (max 15)
- age   1:    8260384 bytes,    8260384 total
- age   2:    7906256 bytes,   16166640 total
- age   3:   20010344 bytes,   36176984 total
- age   4:    2683424 bytes,   38860408 total
- age   5:     253144 bytes,   39113552 total
- age   6:     689088 bytes,   39802640 total
- age   7:     408600 bytes,   40211240 total
- age   8:    1278152 bytes,   41489392 total
- age   9:    1322320 bytes,   42811712 total
- age  10:     184672 bytes,   42996384 total
- age  11:      73568 bytes,   43069952 total
- age  12:     109352 bytes,   43179304 total
- age  13:     881904 bytes,   44061208 total
- age  14:     509888 bytes,   44571096 total
- age  15:     110152 bytes,   44681248 total
, 0.0844265 secs]
   [Parallel Time: 80.1 ms, GC Workers: 4]
      [GC Worker Start (ms): Min: 2492622.5, Avg: 2492622.5, Max: 2492622.5, Diff: 0.1]
      [Ext Root Scanning (ms): Min: 6.2, Avg: 7.0, Max: 9.4, Diff: 3.2, Sum: 28.0]
      [Update RS (ms): Min: 18.1, Avg: 20.3, Max: 21.1, Diff: 3.0, Sum: 81.0]
         [Processed Buffers: Min: 15, Avg: 35.0, Max: 72, Diff: 57, Sum: 140]
      [Scan RS (ms): Min: 0.2, Avg: 0.3, Max: 0.5, Diff: 0.2, Sum: 1.4]
      [Code Root Scanning (ms): Min: 0.0, Avg: 0.0, Max: 0.1, Diff: 0.1, Sum: 0.2]
      [Object Copy (ms): Min: 51.9, Avg: 52.1, Max: 52.3, Diff: 0.5, Sum: 208.6]
      [Termination (ms): Min: 0.0, Avg: 0.0, Max: 0.1, Diff: 0.1, Sum: 0.2]
         [Termination Attempts: Min: 4, Avg: 7.0, Max: 13, Diff: 9, Sum: 28]
      [GC Worker Other (ms): Min: 0.0, Avg: 0.1, Max: 0.1, Diff: 0.0, Sum: 0.2]
      [GC Worker Total (ms): Min: 79.9, Avg: 79.9, Max: 79.9, Diff: 0.0, Sum: 319.6]
      [GC Worker End (ms): Min: 2492702.4, Avg: 2492702.4, Max: 2492702.4, Diff: 0.0]
   [Code Root Fixup: 0.0 ms]
   [Code Root Purge: 0.0 ms]
   [Clear CT: 0.4 ms]
   [Other: 3.9 ms]
      [Choose CSet: 0.0 ms]
      [Ref Proc: 2.0 ms]
      [Ref Enq: 0.2 ms]
      [Redirty Cards: 0.3 ms]
      [Humongous Register: 0.1 ms]
      [Humongous Reclaim: 0.0 ms]
      [Free CSet: 0.9 ms]
   [Eden: 1076.0M(1076.0M)->0.0B(1063.0M) Survivors: 45056.0K->58368.0K Heap: 1569.7M(1868.0M)->507.0M(1868.0M)]
Heap after GC invocations=213 (full 0):
 garbage-first heap   total 1912832K, used 519161K [0x000000008b400000, 0x000000008b503a60, 0x0000000100000000)
  region size 1024K, 57 young (58368K), 57 survivors (58368K)
 Metaspace       used 147801K, capacity 155021K, committed 155312K, reserved 1183744K
  class space    used 19743K, capacity 21108K, committed 21168K, reserved 1048576K
}
 [Times: user=0.27 sys=0.02, real=0.08 secs] 
2020-07-20T09:50:56.771+0000: 2492.707: Total time for which application threads were stopped: 0.0888940 seconds, Stopping threads took: 0.0027594 seconds
{Heap before GC invocations=213 (full 0):
 garbage-first heap   total 1912832K, used 1607673K [0x000000008b400000, 0x000000008b503a60, 0x0000000100000000)
  region size 1024K, 1120 young (1146880K), 57 survivors (58368K)
 Metaspace       used 147802K, capacity 155021K, committed 155312K, reserved 1183744K
  class space    used 19743K, capacity 21108K, committed 21168K, reserved 1048576K
2020-07-20T09:51:00.587+0000: 2496.523: [GC pause (G1 Evacuation Pause) (young)
Desired survivor size 73400320 bytes, new threshold 15 (max 15)
- age   1:   19420576 bytes,   19420576 total
- age   2:    3203952 bytes,   22624528 total
- age   3:    7851008 bytes,   30475536 total
- age   4:   19615784 bytes,   50091320 total
- age   5:    2682648 bytes,   52773968 total
- age   6:     252784 bytes,   53026752 total
- age   7:     688736 bytes,   53715488 total
- age   8:     408224 bytes,   54123712 total
- age   9:    1271024 bytes,   55394736 total
- age  10:    1130408 bytes,   56525144 total
- age  11:      79352 bytes,   56604496 total
- age  12:      73448 bytes,   56677944 total
- age  13:     109232 bytes,   56787176 total
- age  14:     881808 bytes,   57668984 total
- age  15:     509856 bytes,   58178840 total
, 0.0713546 secs]
   [Parallel Time: 66.9 ms, GC Workers: 4]
      [GC Worker Start (ms): Min: 2496522.9, Avg: 2496523.1, Max: 2496523.2, Diff: 0.3]
      [Ext Root Scanning (ms): Min: 5.0, Avg: 5.2, Max: 5.5, Diff: 0.5, Sum: 20.8]
      [Update RS (ms): Min: 21.0, Avg: 21.0, Max: 21.1, Diff: 0.1, Sum: 84.1]
         [Processed Buffers: Min: 28, Avg: 33.2, Max: 38, Diff: 10, Sum: 133]
      [Scan RS (ms): Min: 0.3, Avg: 0.4, Max: 0.4, Diff: 0.1, Sum: 1.5]
      [Code Root Scanning (ms): Min: 0.0, Avg: 0.1, Max: 0.1, Diff: 0.1, Sum: 0.2]
      [Object Copy (ms): Min: 39.7, Avg: 39.8, Max: 40.0, Diff: 0.3, Sum: 159.3]
      [Termination (ms): Min: 0.0, Avg: 0.0, Max: 0.0, Diff: 0.0, Sum: 0.0]
         [Termination Attempts: Min: 3, Avg: 6.2, Max: 9, Diff: 6, Sum: 25]
      [GC Worker Other (ms): Min: 0.0, Avg: 0.1, Max: 0.1, Diff: 0.1, Sum: 0.3]
      [GC Worker Total (ms): Min: 66.4, Avg: 66.6, Max: 66.8, Diff: 0.3, Sum: 266.2]
      [GC Worker End (ms): Min: 2496589.6, Avg: 2496589.6, Max: 2496589.7, Diff: 0.1]
   [Code Root Fixup: 0.1 ms]
   [Code Root Purge: 0.0 ms]
   [Clear CT: 0.5 ms]
   [Other: 3.9 ms]
      [Choose CSet: 0.0 ms]
      [Ref Proc: 1.9 ms]
      [Ref Enq: 0.1 ms]
      [Redirty Cards: 0.4 ms]
      [Humongous Register: 0.1 ms]
      [Humongous Reclaim: 0.1 ms]
      [Free CSet: 0.9 ms]
   [Eden: 1063.0M(1063.0M)->0.0B(1078.0M) Survivors: 58368.0K->43008.0K Heap: 1570.0M(1868.0M)->490.5M(1868.0M)]
Heap after GC invocations=214 (full 0):
 garbage-first heap   total 1912832K, used 502296K [0x000000008b400000, 0x000000008b503a60, 0x0000000100000000)
  region size 1024K, 42 young (43008K), 42 survivors (43008K)
 Metaspace       used 147802K, capacity 155021K, committed 155312K, reserved 1183744K
  class space    used 19743K, capacity 21108K, committed 21168K, reserved 1048576K
}
 [Times: user=0.23 sys=0.00, real=0.07 secs] 
2020-07-20T09:51:00.658+0000: 2496.594: Total time for which application threads were stopped: 0.0724293 seconds, Stopping threads took: 0.0001407 seconds
{Heap before GC invocations=214 (full 0):
 garbage-first heap   total 1912832K, used 1608216K [0x000000008b400000, 0x000000008b503a60, 0x0000000100000000)
  region size 1024K, 1120 young (1146880K), 42 survivors (43008K)
 Metaspace       used 147802K, capacity 155021K, committed 155312K, reserved 1183744K
  class space    used 19743K, capacity 21108K, committed 21168K, reserved 1048576K
2020-07-20T09:51:04.245+0000: 2500.181: [GC pause (G1 Evacuation Pause) (young)
Desired survivor size 73400320 bytes, new threshold 15 (max 15)
- age   1:   23467112 bytes,   23467112 total
- age   2:    4814464 bytes,   28281576 total
- age   3:    3202160 bytes,   31483736 total
- age   4:    3863992 bytes,   35347728 total
- age   5:     920784 bytes,   36268512 total
- age   6:     238904 bytes,   36507416 total
- age   7:     250248 bytes,   36757664 total
- age   8:     684552 bytes,   37442216 total
- age   9:     403672 bytes,   37845888 total
- age  10:    1267456 bytes,   39113344 total
- age  11:    1128760 bytes,   40242104 total
- age  12:      79184 bytes,   40321288 total
- age  13:      73320 bytes,   40394608 total
- age  14:     109072 bytes,   40503680 total
- age  15:     881712 bytes,   41385392 total
, 0.1031567 secs]
   [Parallel Time: 99.2 ms, GC Workers: 4]
      [GC Worker Start (ms): Min: 2500181.5, Avg: 2500181.6, Max: 2500181.6, Diff: 0.1]
      [Ext Root Scanning (ms): Min: 5.1, Avg: 5.2, Max: 5.3, Diff: 0.3, Sum: 20.6]
      [Update RS (ms): Min: 25.1, Avg: 25.1, Max: 25.2, Diff: 0.1, Sum: 100.6]
         [Processed Buffers: Min: 28, Avg: 36.8, Max: 50, Diff: 22, Sum: 147]
      [Scan RS (ms): Min: 0.3, Avg: 0.4, Max: 0.5, Diff: 0.2, Sum: 1.4]
      [Code Root Scanning (ms): Min: 0.0, Avg: 0.0, Max: 0.1, Diff: 0.0, Sum: 0.2]
      [Object Copy (ms): Min: 67.4, Avg: 67.6, Max: 68.2, Diff: 0.8, Sum: 270.6]
      [Termination (ms): Min: 0.0, Avg: 0.7, Max: 0.9, Diff: 0.9, Sum: 2.6]
         [Termination Attempts: Min: 1, Avg: 2.0, Max: 4, Diff: 3, Sum: 8]
      [GC Worker Other (ms): Min: 0.0, Avg: 0.0, Max: 0.0, Diff: 0.0, Sum: 0.1]
      [GC Worker Total (ms): Min: 99.0, Avg: 99.0, Max: 99.1, Diff: 0.1, Sum: 396.1]
      [GC Worker End (ms): Min: 2500280.6, Avg: 2500280.6, Max: 2500280.6, Diff: 0.1]
   [Code Root Fixup: 0.1 ms]
   [Code Root Purge: 0.0 ms]
   [Clear CT: 0.4 ms]
   [Other: 3.6 ms]
      [Choose CSet: 0.0 ms]
      [Ref Proc: 1.7 ms]
      [Ref Enq: 0.1 ms]
      [Redirty Cards: 0.3 ms]
      [Humongous Register: 0.1 ms]
      [Humongous Reclaim: 0.0 ms]
      [Free CSet: 0.9 ms]
   [Eden: 1078.0M(1078.0M)->0.0B(1062.0M) Survivors: 43008.0K->59392.0K Heap: 1570.5M(1868.0M)->509.6M(1868.0M)]
Heap after GC invocations=215 (full 0):
 garbage-first heap   total 1912832K, used 521827K [0x000000008b400000, 0x000000008b503a60, 0x0000000100000000)
  region size 1024K, 58 young (59392K), 58 survivors (59392K)
 Metaspace       used 147802K, capacity 155021K, committed 155312K, reserved 1183744K
  class space    used 19743K, capacity 21108K, committed 21168K, reserved 1048576K
}
 [Times: user=0.32 sys=0.02, real=0.10 secs] 
2020-07-20T09:51:04.349+0000: 2500.285: Total time for which application threads were stopped: 0.1047004 seconds, Stopping threads took: 0.0006747 seconds
{Heap before GC invocations=215 (full 0):
 garbage-first heap   total 1912832K, used 1609315K [0x000000008b400000, 0x000000008b503a60, 0x0000000100000000)
  region size 1024K, 1120 young (1146880K), 58 survivors (59392K)
 Metaspace       used 147816K, capacity 155021K, committed 155312K, reserved 1183744K
  class space    used 19743K, capacity 21108K, committed 21168K, reserved 1048576K
2020-07-20T09:51:08.589+0000: 2504.525: [GC pause (G1 Evacuation Pause) (young)
Desired survivor size 73400320 bytes, new threshold 15 (max 15)
- age   1:   23441760 bytes,   23441760 total
- age   2:   18333224 bytes,   41774984 total
- age   3:    4800624 bytes,   46575608 total
- age   4:    3200920 bytes,   49776528 total
- age   5:    3858280 bytes,   53634808 total
- age   6:     919440 bytes,   54554248 total
- age   7:     238296 bytes,   54792544 total
- age   8:     250120 bytes,   55042664 total
- age   9:     684520 bytes,   55727184 total
- age  10:     403512 bytes,   56130696 total
- age  11:    1243440 bytes,   57374136 total
- age  12:    1127208 bytes,   58501344 total
- age  13:      78992 bytes,   58580336 total
- age  14:      73160 bytes,   58653496 total
- age  15:     108976 bytes,   58762472 total
, 0.0759762 secs]
   [Parallel Time: 72.0 ms, GC Workers: 4]
      [GC Worker Start (ms): Min: 2504525.6, Avg: 2504525.6, Max: 2504525.6, Diff: 0.0]
      [Ext Root Scanning (ms): Min: 5.1, Avg: 5.2, Max: 5.3, Diff: 0.2, Sum: 20.8]
      [Update RS (ms): Min: 23.4, Avg: 23.4, Max: 23.5, Diff: 0.1, Sum: 93.7]
         [Processed Buffers: Min: 21, Avg: 36.2, Max: 58, Diff: 37, Sum: 145]
      [Scan RS (ms): Min: 0.3, Avg: 0.3, Max: 0.4, Diff: 0.1, Sum: 1.4]
      [Code Root Scanning (ms): Min: 0.0, Avg: 0.1, Max: 0.2, Diff: 0.1, Sum: 0.3]
      [Object Copy (ms): Min: 42.6, Avg: 42.7, Max: 42.8, Diff: 0.2, Sum: 170.9]
      [Termination (ms): Min: 0.0, Avg: 0.0, Max: 0.0, Diff: 0.0, Sum: 0.0]
         [Termination Attempts: Min: 1, Avg: 2.5, Max: 4, Diff: 3, Sum: 10]
      [GC Worker Other (ms): Min: 0.0, Avg: 0.1, Max: 0.1, Diff: 0.1, Sum: 0.3]
      [GC Worker Total (ms): Min: 71.8, Avg: 71.9, Max: 71.9, Diff: 0.1, Sum: 287.4]
      [GC Worker End (ms): Min: 2504597.4, Avg: 2504597.4, Max: 2504597.5, Diff: 0.1]
   [Code Root Fixup: 0.0 ms]
   [Code Root Purge: 0.0 ms]
   [Clear CT: 0.4 ms]
   [Other: 3.6 ms]
      [Choose CSet: 0.0 ms]
      [Ref Proc: 1.7 ms]
      [Ref Enq: 0.1 ms]
      [Redirty Cards: 0.3 ms]
      [Humongous Register: 0.1 ms]
      [Humongous Reclaim: 0.0 ms]
      [Free CSet: 1.0 ms]
   [Eden: 1062.0M(1062.0M)->0.0B(1075.0M) Survivors: 59392.0K->46080.0K Heap: 1571.6M(1868.0M)->495.3M(1868.0M)]
Heap after GC invocations=216 (full 0):
 garbage-first heap   total 1912832K, used 507212K [0x000000008b400000, 0x000000008b503a60, 0x0000000100000000)
  region size 1024K, 45 young (46080K), 45 survivors (46080K)
 Metaspace       used 147816K, capacity 155021K, committed 155312K, reserved 1183744K
  class space    used 19743K, capacity 21108K, committed 21168K, reserved 1048576K
}
 [Times: user=0.25 sys=0.01, real=0.08 secs] 
2020-07-20T09:51:08.666+0000: 2504.602: Total time for which application threads were stopped: 0.0783373 seconds, Stopping threads took: 0.0014692 seconds
{Heap before GC invocations=216 (full 0):
 garbage-first heap   total 1912832K, used 1610060K [0x000000008b400000, 0x000000008b503a60, 0x0000000100000000)
  region size 1024K, 1120 young (1146880K), 45 survivors (46080K)
 Metaspace       used 147819K, capacity 155021K, committed 155312K, reserved 1183744K
  class space    used 19744K, capacity 21108K, committed 21168K, reserved 1048576K
2020-07-20T09:51:12.856+0000: 2508.792: [GC pause (G1 Evacuation Pause) (young)
Desired survivor size 73400320 bytes, new threshold 15 (max 15)
- age   1:   25873224 bytes,   25873224 total
- age   2:    4895776 bytes,   30769000 total
- age   3:     859784 bytes,   31628784 total
- age   4:    1242976 bytes,   32871760 total
- age   5:    3199352 bytes,   36071112 total
- age   6:    3858216 bytes,   39929328 total
- age   7:     918976 bytes,   40848304 total
- age   8:     237928 bytes,   41086232 total
- age   9:     249832 bytes,   41336064 total
- age  10:     684328 bytes,   42020392 total
- age  11:     403224 bytes,   42423616 total
- age  12:    1238360 bytes,   43661976 total
- age  13:    1127112 bytes,   44789088 total
- age  14:      78800 bytes,   44867888 total
- age  15:      72984 bytes,   44940872 total
, 0.1477228 secs]
   [Parallel Time: 141.0 ms, GC Workers: 4]
      [GC Worker Start (ms): Min: 2508792.5, Avg: 2508792.5, Max: 2508792.6, Diff: 0.1]
      [Ext Root Scanning (ms): Min: 5.8, Avg: 7.7, Max: 13.0, Diff: 7.2, Sum: 30.6]
      [Update RS (ms): Min: 36.8, Avg: 42.7, Max: 46.6, Diff: 9.8, Sum: 170.9]
         [Processed Buffers: Min: 19, Avg: 37.2, Max: 73, Diff: 54, Sum: 149]
      [Scan RS (ms): Min: 0.3, Avg: 0.5, Max: 0.8, Diff: 0.6, Sum: 2.0]
      [Code Root Scanning (ms): Min: 0.0, Avg: 0.0, Max: 0.1, Diff: 0.1, Sum: 0.1]
      [Object Copy (ms): Min: 87.9, Avg: 89.9, Max: 90.6, Diff: 2.7, Sum: 359.6]
      [Termination (ms): Min: 0.0, Avg: 0.0, Max: 0.0, Diff: 0.0, Sum: 0.1]
         [Termination Attempts: Min: 11, Avg: 16.5, Max: 20, Diff: 9, Sum: 66]
      [GC Worker Other (ms): Min: 0.0, Avg: 0.1, Max: 0.1, Diff: 0.1, Sum: 0.4]
      [GC Worker Total (ms): Min: 140.9, Avg: 140.9, Max: 141.0, Diff: 0.1, Sum: 563.6]
      [GC Worker End (ms): Min: 2508933.4, Avg: 2508933.4, Max: 2508933.5, Diff: 0.1]
   [Code Root Fixup: 0.0 ms]
   [Code Root Purge: 0.0 ms]
   [Clear CT: 1.5 ms]
   [Other: 5.2 ms]
      [Choose CSet: 0.0 ms]
      [Ref Proc: 1.6 ms]
      [Ref Enq: 0.1 ms]
      [Redirty Cards: 2.0 ms]
      [Humongous Register: 0.1 ms]
      [Humongous Reclaim: 0.0 ms]
      [Free CSet: 0.9 ms]
   [Eden: 1075.0M(1075.0M)->0.0B(1050.0M) Survivors: 46080.0K->71680.0K Heap: 1572.3M(1868.0M)->522.6M(1868.0M)]
Heap after GC invocations=217 (full 0):
 garbage-first heap   total 1912832K, used 535143K [0x000000008b400000, 0x000000008b503a60, 0x0000000100000000)
  region size 1024K, 70 young (71680K), 70 survivors (71680K)
 Metaspace       used 147819K, capacity 155021K, committed 155312K, reserved 1183744K
  class space    used 19744K, capacity 21108K, committed 21168K, reserved 1048576K
}
 [Times: user=0.32 sys=0.01, real=0.15 secs] 
2020-07-20T09:51:13.004+0000: 2508.940: Total time for which application threads were stopped: 0.1568253 seconds, Stopping threads took: 0.0076023 seconds
{Heap before GC invocations=217 (full 0):
 garbage-first heap   total 1912832K, used 1612391K [0x000000008b400000, 0x000000008b503a60, 0x0000000100000000)
  region size 1024K, 1120 young (1146880K), 70 survivors (71680K)
 Metaspace       used 147829K, capacity 155021K, committed 155312K, reserved 1183744K
  class space    used 19744K, capacity 21108K, committed 21168K, reserved 1048576K
2020-07-20T09:51:17.266+0000: 2513.201: [GC pause (G1 Evacuation Pause) (young)
Desired survivor size 73400320 bytes, new threshold 15 (max 15)
- age   1:   31180600 bytes,   31180600 total
- age   2:   20320488 bytes,   51501088 total
- age   3:    4889056 bytes,   56390144 total
- age   4:     858632 bytes,   57248776 total
- age   5:    1242616 bytes,   58491392 total
- age   6:    3197528 bytes,   61688920 total
- age   7:    3627504 bytes,   65316424 total
- age   8:     915392 bytes,   66231816 total
- age   9:     234096 bytes,   66465912 total
- age  10:     249512 bytes,   66715424 total
- age  11:     684200 bytes,   67399624 total
- age  12:     402112 bytes,   67801736 total
- age  13:    1232552 bytes,   69034288 total
- age  14:    1125736 bytes,   70160024 total
- age  15:      73848 bytes,   70233872 total
, 0.0824639 secs]
   [Parallel Time: 77.8 ms, GC Workers: 4]
      [GC Worker Start (ms): Min: 2513202.0, Avg: 2513202.6, Max: 2513204.6, Diff: 2.6]
      [Ext Root Scanning (ms): Min: 3.1, Avg: 5.0, Max: 5.8, Diff: 2.6, Sum: 20.0]
      [Update RS (ms): Min: 19.8, Avg: 19.8, Max: 19.9, Diff: 0.1, Sum: 79.3]
         [Processed Buffers: Min: 19, Avg: 33.5, Max: 43, Diff: 24, Sum: 134]
      [Scan RS (ms): Min: 0.3, Avg: 0.4, Max: 0.4, Diff: 0.2, Sum: 1.4]
      [Code Root Scanning (ms): Min: 0.0, Avg: 0.0, Max: 0.1, Diff: 0.1, Sum: 0.1]
      [Object Copy (ms): Min: 51.4, Avg: 51.6, Max: 51.9, Diff: 0.4, Sum: 206.4]
      [Termination (ms): Min: 0.0, Avg: 0.0, Max: 0.1, Diff: 0.1, Sum: 0.1]
         [Termination Attempts: Min: 2, Avg: 10.8, Max: 19, Diff: 17, Sum: 43]
      [GC Worker Other (ms): Min: 0.0, Avg: 0.0, Max: 0.0, Diff: 0.0, Sum: 0.1]
      [GC Worker Total (ms): Min: 74.9, Avg: 76.9, Max: 77.6, Diff: 2.6, Sum: 307.5]
      [GC Worker End (ms): Min: 2513279.5, Avg: 2513279.5, Max: 2513279.5, Diff: 0.0]
   [Code Root Fixup: 0.0 ms]
   [Code Root Purge: 0.0 ms]
   [Clear CT: 0.4 ms]
   [Other: 4.3 ms]
      [Choose CSet: 0.0 ms]
      [Ref Proc: 2.1 ms]
      [Ref Enq: 0.1 ms]
      [Redirty Cards: 0.4 ms]
      [Humongous Register: 0.2 ms]
      [Humongous Reclaim: 0.1 ms]
      [Free CSet: 0.9 ms]
   [Eden: 1050.0M(1050.0M)->0.0B(1064.0M) Survivors: 71680.0K->57344.0K Heap: 1574.6M(1868.0M)->507.2M(1868.0M)]
Heap after GC invocations=218 (full 0):
 garbage-first heap   total 1912832K, used 519387K [0x000000008b400000, 0x000000008b503a60, 0x0000000100000000)
  region size 1024K, 56 young (57344K), 56 survivors (57344K)
 Metaspace       used 147829K, capacity 155021K, committed 155312K, reserved 1183744K
  class space    used 19744K, capacity 21108K, committed 21168K, reserved 1048576K
}
 [Times: user=0.26 sys=0.00, real=0.08 secs] 
2020-07-20T09:51:17.348+0000: 2513.284: Total time for which application threads were stopped: 0.0862091 seconds, Stopping threads took: 0.0027407 seconds
{Heap before GC invocations=218 (full 0):
 garbage-first heap   total 1912832K, used 1610971K [0x000000008b400000, 0x000000008b503a60, 0x0000000100000000)
  region size 1024K, 1120 young (1146880K), 56 survivors (57344K)
 Metaspace       used 147830K, capacity 155021K, committed 155312K, reserved 1183744K
  class space    used 19744K, capacity 21108K, committed 21168K, reserved 1048576K
2020-07-20T09:51:21.458+0000: 2517.394: [GC pause (G1 Evacuation Pause) (young)
Desired survivor size 73400320 bytes, new threshold 15 (max 15)
- age   1:   35413528 bytes,   35413528 total
- age   2:    9532312 bytes,   44945840 total
- age   3:     511968 bytes,   45457808 total
- age   4:     411000 bytes,   45868808 total
- age   5:     532888 bytes,   46401696 total
- age   6:     554056 bytes,   46955752 total
- age   7:    2261368 bytes,   49217120 total
- age   8:    2023800 bytes,   51240920 total
- age   9:     914952 bytes,   52155872 total
- age  10:     233520 bytes,   52389392 total
- age  11:     249224 bytes,   52638616 total
- age  12:     668344 bytes,   53306960 total
- age  13:      81320 bytes,   53388280 total
- age  14:    1231272 bytes,   54619552 total
- age  15:    1125520 bytes,   55745072 total
, 0.0735740 secs]
   [Parallel Time: 69.7 ms, GC Workers: 4]
      [GC Worker Start (ms): Min: 2517393.9, Avg: 2517393.9, Max: 2517393.9, Diff: 0.1]
      [Ext Root Scanning (ms): Min: 5.1, Avg: 5.1, Max: 5.3, Diff: 0.2, Sum: 20.5]
      [Update RS (ms): Min: 20.1, Avg: 20.2, Max: 20.5, Diff: 0.5, Sum: 80.8]
         [Processed Buffers: Min: 13, Avg: 34.5, Max: 44, Diff: 31, Sum: 138]
      [Scan RS (ms): Min: 0.3, Avg: 0.3, Max: 0.4, Diff: 0.1, Sum: 1.3]
      [Code Root Scanning (ms): Min: 0.0, Avg: 0.0, Max: 0.1, Diff: 0.1, Sum: 0.2]
      [Object Copy (ms): Min: 43.4, Avg: 43.7, Max: 43.9, Diff: 0.5, Sum: 174.9]
      [Termination (ms): Min: 0.0, Avg: 0.0, Max: 0.1, Diff: 0.1, Sum: 0.1]
         [Termination Attempts: Min: 1, Avg: 3.5, Max: 5, Diff: 4, Sum: 14]
      [GC Worker Other (ms): Min: 0.0, Avg: 0.1, Max: 0.2, Diff: 0.1, Sum: 0.4]
      [GC Worker Total (ms): Min: 69.5, Avg: 69.6, Max: 69.6, Diff: 0.1, Sum: 278.2]
      [GC Worker End (ms): Min: 2517463.4, Avg: 2517463.4, Max: 2517463.5, Diff: 0.1]
   [Code Root Fixup: 0.0 ms]
   [Code Root Purge: 0.0 ms]
   [Clear CT: 0.4 ms]
   [Other: 3.5 ms]
      [Choose CSet: 0.0 ms]
      [Ref Proc: 1.6 ms]
      [Ref Enq: 0.1 ms]
      [Redirty Cards: 0.3 ms]
      [Humongous Register: 0.1 ms]
      [Humongous Reclaim: 0.0 ms]
      [Free CSet: 0.9 ms]
   [Eden: 1064.0M(1064.0M)->0.0B(1076.0M) Survivors: 57344.0K->45056.0K Heap: 1573.2M(1868.0M)->495.8M(1868.0M)]
Heap after GC invocations=219 (full 0):
 garbage-first heap   total 1912832K, used 507698K [0x000000008b400000, 0x000000008b503a60, 0x0000000100000000)
  region size 1024K, 44 young (45056K), 44 survivors (45056K)
 Metaspace       used 147830K, capacity 155021K, committed 155312K, reserved 1183744K
  class space    used 19744K, capacity 21108K, committed 21168K, reserved 1048576K
}
 [Times: user=0.24 sys=0.00, real=0.07 secs] 
2020-07-20T09:51:21.532+0000: 2517.467: Total time for which application threads were stopped: 0.0747609 seconds, Stopping threads took: 0.0002121 seconds
{Heap before GC invocations=219 (full 0):
 garbage-first heap   total 1912832K, used 1611570K [0x000000008b400000, 0x000000008b503a60, 0x0000000100000000)
  region size 1024K, 1120 young (1146880K), 44 survivors (45056K)
 Metaspace       used 147831K, capacity 155021K, committed 155312K, reserved 1183744K
  class space    used 19744K, capacity 21108K, committed 21168K, reserved 1048576K
2020-07-20T09:51:25.558+0000: 2521.494: [GC pause (G1 Evacuation Pause) (young)
Desired survivor size 73400320 bytes, new threshold 15 (max 15)
- age   1:   27479432 bytes,   27479432 total
- age   2:    5034552 bytes,   32513984 total
- age   3:     978856 bytes,   33492840 total
- age   4:     510888 bytes,   34003728 total
- age   5:     406144 bytes,   34409872 total
- age   6:     532680 bytes,   34942552 total
- age   7:     552600 bytes,   35495152 total
- age   8:    2244184 bytes,   37739336 total
- age   9:    2013024 bytes,   39752360 total
- age  10:     909632 bytes,   40661992 total
- age  11:     224944 bytes,   40886936 total
- age  12:     241400 bytes,   41128336 total
- age  13:     383456 bytes,   41511792 total
- age  14:      80960 bytes,   41592752 total
- age  15:    1222832 bytes,   42815584 total
, 0.1107099 secs]
   [Parallel Time: 106.5 ms, GC Workers: 4]
      [GC Worker Start (ms): Min: 2521494.3, Avg: 2521494.4, Max: 2521494.4, Diff: 0.1]
      [Ext Root Scanning (ms): Min: 6.0, Avg: 6.8, Max: 9.1, Diff: 3.1, Sum: 27.3]
      [Update RS (ms): Min: 19.6, Avg: 21.5, Max: 22.2, Diff: 2.7, Sum: 86.0]
         [Processed Buffers: Min: 31, Avg: 40.0, Max: 47, Diff: 16, Sum: 160]
      [Scan RS (ms): Min: 0.3, Avg: 0.4, Max: 0.4, Diff: 0.1, Sum: 1.4]
      [Code Root Scanning (ms): Min: 0.0, Avg: 0.0, Max: 0.1, Diff: 0.0, Sum: 0.1]
      [Object Copy (ms): Min: 77.3, Avg: 77.5, Max: 77.7, Diff: 0.4, Sum: 310.1]
      [Termination (ms): Min: 0.0, Avg: 0.1, Max: 0.1, Diff: 0.1, Sum: 0.3]
         [Termination Attempts: Min: 5, Avg: 9.2, Max: 16, Diff: 11, Sum: 37]
      [GC Worker Other (ms): Min: 0.0, Avg: 0.0, Max: 0.0, Diff: 0.0, Sum: 0.1]
      [GC Worker Total (ms): Min: 106.3, Avg: 106.3, Max: 106.3, Diff: 0.1, Sum: 425.3]
      [GC Worker End (ms): Min: 2521600.7, Avg: 2521600.7, Max: 2521600.7, Diff: 0.0]
   [Code Root Fixup: 0.0 ms]
   [Code Root Purge: 0.0 ms]
   [Clear CT: 0.5 ms]
   [Other: 3.7 ms]
      [Choose CSet: 0.0 ms]
      [Ref Proc: 1.8 ms]
      [Ref Enq: 0.1 ms]
      [Redirty Cards: 0.4 ms]
      [Humongous Register: 0.1 ms]
      [Humongous Reclaim: 0.1 ms]
      [Free CSet: 0.9 ms]
   [Eden: 1076.0M(1076.0M)->0.0B(1048.0M) Survivors: 45056.0K->73728.0K Heap: 1573.8M(1868.0M)->527.7M(1868.0M)]
Heap after GC invocations=220 (full 0):
 garbage-first heap   total 1912832K, used 540366K [0x000000008b400000, 0x000000008b503a60, 0x0000000100000000)
  region size 1024K, 72 young (73728K), 72 survivors (73728K)
 Metaspace       used 147831K, capacity 155021K, committed 155312K, reserved 1183744K
  class space    used 19744K, capacity 21108K, committed 21168K, reserved 1048576K
}
 [Times: user=0.35 sys=0.00, real=0.11 secs] 
2020-07-20T09:51:25.669+0000: 2521.605: Total time for which application threads were stopped: 0.1152581 seconds, Stopping threads took: 0.0030076 seconds
{Heap before GC invocations=220 (full 0):
 garbage-first heap   total 1912832K, used 1613518K [0x000000008b400000, 0x000000008b503a60, 0x0000000100000000)
  region size 1024K, 1120 young (1146880K), 72 survivors (73728K)
 Metaspace       used 147833K, capacity 155021K, committed 155312K, reserved 1183744K
  class space    used 19744K, capacity 21108K, committed 21168K, reserved 1048576K
2020-07-20T09:51:29.942+0000: 2525.878: [GC pause (G1 Evacuation Pause) (young)
Desired survivor size 73400320 bytes, new threshold 15 (max 15)
- age   1:   37258096 bytes,   37258096 total
- age   2:   22149648 bytes,   59407744 total
- age   3:    4992088 bytes,   64399832 total
- age   4:     974784 bytes,   65374616 total
- age   5:     509664 bytes,   65884280 total
- age   6:     404496 bytes,   66288776 total
- age   7:     532360 bytes,   66821136 total
- age   8:     531824 bytes,   67352960 total
- age   9:    2235400 bytes,   69588360 total
- age  10:    2008640 bytes,   71597000 total
- age  11:     909536 bytes,   72506536 total
- age  12:     221920 bytes,   72728456 total
- age  13:     234520 bytes,   72962976 total
- age  14:     383208 bytes,   73346184 total
- age  15:      80800 bytes,   73426984 total
, 0.1049079 secs]
   [Parallel Time: 99.9 ms, GC Workers: 4]
      [GC Worker Start (ms): Min: 2525878.1, Avg: 2525878.2, Max: 2525878.2, Diff: 0.1]
      [Ext Root Scanning (ms): Min: 5.0, Avg: 5.1, Max: 5.3, Diff: 0.2, Sum: 20.4]
      [Update RS (ms): Min: 29.6, Avg: 29.6, Max: 29.7, Diff: 0.1, Sum: 118.5]
         [Processed Buffers: Min: 27, Avg: 38.0, Max: 54, Diff: 27, Sum: 152]
      [Scan RS (ms): Min: 0.3, Avg: 0.3, Max: 0.4, Diff: 0.1, Sum: 1.4]
      [Code Root Scanning (ms): Min: 0.0, Avg: 0.0, Max: 0.1, Diff: 0.1, Sum: 0.2]
      [Object Copy (ms): Min: 64.2, Avg: 64.4, Max: 64.6, Diff: 0.4, Sum: 257.8]
      [Termination (ms): Min: 0.0, Avg: 0.0, Max: 0.1, Diff: 0.1, Sum: 0.1]
         [Termination Attempts: Min: 4, Avg: 8.5, Max: 14, Diff: 10, Sum: 34]
      [GC Worker Other (ms): Min: 0.0, Avg: 0.0, Max: 0.0, Diff: 0.0, Sum: 0.1]
      [GC Worker Total (ms): Min: 99.6, Avg: 99.6, Max: 99.7, Diff: 0.1, Sum: 398.5]
      [GC Worker End (ms): Min: 2525977.8, Avg: 2525977.8, Max: 2525977.8, Diff: 0.0]
   [Code Root Fixup: 0.0 ms]
   [Code Root Purge: 0.0 ms]
   [Clear CT: 0.5 ms]
   [Other: 4.5 ms]
      [Choose CSet: 0.0 ms]
      [Ref Proc: 2.3 ms]
      [Ref Enq: 0.1 ms]
      [Redirty Cards: 0.4 ms]
      [Humongous Register: 0.2 ms]
      [Humongous Reclaim: 0.1 ms]
      [Free CSet: 0.9 ms]
   [Eden: 1048.0M(1048.0M)->0.0B(1064.0M) Survivors: 73728.0K->57344.0K Heap: 1575.7M(1868.0M)->511.0M(1868.0M)]
Heap after GC invocations=221 (full 0):
 garbage-first heap   total 1912832K, used 523302K [0x000000008b400000, 0x000000008b503a60, 0x0000000100000000)
  region size 1024K, 56 young (57344K), 56 survivors (57344K)
 Metaspace       used 147833K, capacity 155021K, committed 155312K, reserved 1183744K
  class space    used 19744K, capacity 21108K, committed 21168K, reserved 1048576K
}
 [Times: user=0.30 sys=0.01, real=0.10 secs] 
2020-07-20T09:51:30.047+0000: 2525.983: Total time for which application threads were stopped: 0.1103790 seconds, Stopping threads took: 0.0043694 seconds
{Heap before GC invocations=221 (full 0):
 garbage-first heap   total 1912832K, used 1614886K [0x000000008b400000, 0x000000008b503a60, 0x0000000100000000)
  region size 1024K, 1120 young (1146880K), 56 survivors (57344K)
 Metaspace       used 147833K, capacity 155021K, committed 155312K, reserved 1183744K
  class space    used 19744K, capacity 21108K, committed 21168K, reserved 1048576K
2020-07-20T09:51:34.612+0000: 2530.548: [GC pause (G1 Evacuation Pause) (young)
Desired survivor size 73400320 bytes, new threshold 15 (max 15)
- age   1:   28175792 bytes,   28175792 total
- age   2:   14106520 bytes,   42282312 total
- age   3:    2702208 bytes,   44984520 total
- age   4:    1687280 bytes,   46671800 total
- age   5:     969400 bytes,   47641200 total
- age   6:     508840 bytes,   48150040 total
- age   7:     403552 bytes,   48553592 total
- age   8:     519488 bytes,   49073080 total
- age   9:     523712 bytes,   49596792 total
- age  10:    2233992 bytes,   51830784 total
- age  11:    2000576 bytes,   53831360 total
- age  12:     907568 bytes,   54738928 total
- age  13:      89376 bytes,   54828304 total
- age  14:      73928 bytes,   54902232 total
- age  15:     383048 bytes,   55285280 total
, 0.0703115 secs]
   [Parallel Time: 66.2 ms, GC Workers: 4]
      [GC Worker Start (ms): Min: 2530548.6, Avg: 2530548.6, Max: 2530548.7, Diff: 0.1]
      [Ext Root Scanning (ms): Min: 4.9, Avg: 5.1, Max: 5.2, Diff: 0.3, Sum: 20.3]
      [Update RS (ms): Min: 17.3, Avg: 17.4, Max: 17.6, Diff: 0.3, Sum: 69.6]
         [Processed Buffers: Min: 26, Avg: 36.0, Max: 49, Diff: 23, Sum: 144]
      [Scan RS (ms): Min: 0.2, Avg: 0.3, Max: 0.4, Diff: 0.2, Sum: 1.3]
      [Code Root Scanning (ms): Min: 0.0, Avg: 0.0, Max: 0.1, Diff: 0.1, Sum: 0.2]
      [Object Copy (ms): Min: 43.0, Avg: 43.1, Max: 43.3, Diff: 0.3, Sum: 172.5]
      [Termination (ms): Min: 0.0, Avg: 0.0, Max: 0.0, Diff: 0.0, Sum: 0.0]
         [Termination Attempts: Min: 6, Avg: 7.0, Max: 10, Diff: 4, Sum: 28]
      [GC Worker Other (ms): Min: 0.0, Avg: 0.1, Max: 0.1, Diff: 0.1, Sum: 0.3]
      [GC Worker Total (ms): Min: 66.0, Avg: 66.0, Max: 66.1, Diff: 0.1, Sum: 264.2]
      [GC Worker End (ms): Min: 2530614.6, Avg: 2530614.7, Max: 2530614.7, Diff: 0.1]
   [Code Root Fixup: 0.0 ms]
   [Code Root Purge: 0.0 ms]
   [Clear CT: 0.4 ms]
   [Other: 3.7 ms]
      [Choose CSet: 0.0 ms]
      [Ref Proc: 1.8 ms]
      [Ref Enq: 0.1 ms]
      [Redirty Cards: 0.3 ms]
      [Humongous Register: 0.1 ms]
      [Humongous Reclaim: 0.1 ms]
      [Free CSet: 0.9 ms]
   [Eden: 1064.0M(1064.0M)->0.0B(1077.0M) Survivors: 57344.0K->44032.0K Heap: 1577.0M(1868.0M)->497.1M(1868.0M)]
Heap after GC invocations=222 (full 0):
 garbage-first heap   total 1912832K, used 509073K [0x000000008b400000, 0x000000008b503a60, 0x0000000100000000)
  region size 1024K, 43 young (44032K), 43 survivors (44032K)
 Metaspace       used 147833K, capacity 155021K, committed 155312K, reserved 1183744K
  class space    used 19744K, capacity 21108K, committed 21168K, reserved 1048576K
}
 [Times: user=0.24 sys=0.00, real=0.08 secs] 
2020-07-20T09:51:34.683+0000: 2530.619: Total time for which application threads were stopped: 0.0713201 seconds, Stopping threads took: 0.0001274 seconds
{Heap before GC invocations=222 (full 0):
 garbage-first heap   total 1912832K, used 1613969K [0x000000008b400000, 0x000000008b503a60, 0x0000000100000000)
  region size 1024K, 1120 young (1146880K), 43 survivors (44032K)
 Metaspace       used 147834K, capacity 155021K, committed 155312K, reserved 1183744K
  class space    used 19744K, capacity 21108K, committed 21168K, reserved 1048576K
2020-07-20T09:51:39.458+0000: 2535.393: [GC pause (G1 Evacuation Pause) (young)
Desired survivor size 73400320 bytes, new threshold 15 (max 15)
- age   1:   28915888 bytes,   28915888 total
- age   2:    1301928 bytes,   30217816 total
- age   3:    1138040 bytes,   31355856 total
- age   4:    1772448 bytes,   33128304 total
- age   5:    1679848 bytes,   34808152 total
- age   6:     945688 bytes,   35753840 total
- age   7:     507472 bytes,   36261312 total
- age   8:     402080 bytes,   36663392 total
- age   9:     518024 bytes,   37181416 total
- age  10:     522312 bytes,   37703728 total
- age  11:    2228824 bytes,   39932552 total
- age  12:    1991128 bytes,   41923680 total
- age  13:     891632 bytes,   42815312 total
- age  14:      80864 bytes,   42896176 total
- age  15:      73512 bytes,   42969688 total
, 0.0703759 secs]
   [Parallel Time: 65.3 ms, GC Workers: 4]
      [GC Worker Start (ms): Min: 2535393.8, Avg: 2535393.9, Max: 2535393.9, Diff: 0.1]
      [Ext Root Scanning (ms): Min: 7.6, Avg: 7.7, Max: 7.9, Diff: 0.3, Sum: 30.7]
      [Update RS (ms): Min: 17.9, Avg: 18.3, Max: 19.1, Diff: 1.2, Sum: 73.0]
         [Processed Buffers: Min: 17, Avg: 36.0, Max: 49, Diff: 32, Sum: 144]
      [Scan RS (ms): Min: 0.4, Avg: 0.5, Max: 0.6, Diff: 0.2, Sum: 1.9]
      [Code Root Scanning (ms): Min: 0.0, Avg: 0.0, Max: 0.1, Diff: 0.1, Sum: 0.2]
      [Object Copy (ms): Min: 37.7, Avg: 38.5, Max: 39.0, Diff: 1.3, Sum: 154.2]
      [Termination (ms): Min: 0.0, Avg: 0.0, Max: 0.0, Diff: 0.0, Sum: 0.1]
         [Termination Attempts: Min: 1, Avg: 2.2, Max: 3, Diff: 2, Sum: 9]
      [GC Worker Other (ms): Min: 0.0, Avg: 0.0, Max: 0.0, Diff: 0.0, Sum: 0.1]
      [GC Worker Total (ms): Min: 65.0, Avg: 65.1, Max: 65.1, Diff: 0.1, Sum: 260.3]
      [GC Worker End (ms): Min: 2535458.9, Avg: 2535458.9, Max: 2535458.9, Diff: 0.0]
   [Code Root Fixup: 0.0 ms]
   [Code Root Purge: 0.0 ms]
   [Clear CT: 0.4 ms]
   [Other: 4.6 ms]
      [Choose CSet: 0.0 ms]
      [Ref Proc: 2.2 ms]
      [Ref Enq: 0.1 ms]
      [Redirty Cards: 0.4 ms]
      [Humongous Register: 0.1 ms]
      [Humongous Reclaim: 0.1 ms]
      [Free CSet: 1.3 ms]
   [Eden: 1077.0M(1077.0M)->0.0B(1082.0M) Survivors: 44032.0K->38912.0K Heap: 1576.1M(1868.0M)->491.9M(1868.0M)]
Heap after GC invocations=223 (full 0):
 garbage-first heap   total 1912832K, used 503703K [0x000000008b400000, 0x000000008b503a60, 0x0000000100000000)
  region size 1024K, 38 young (38912K), 38 survivors (38912K)
 Metaspace       used 147834K, capacity 155021K, committed 155312K, reserved 1183744K
  class space    used 19744K, capacity 21108K, committed 21168K, reserved 1048576K
}
 [Times: user=0.24 sys=0.00, real=0.07 secs] 
2020-07-20T09:51:39.528+0000: 2535.464: Total time for which application threads were stopped: 0.0726621 seconds, Stopping threads took: 0.0010974 seconds
{Heap before GC invocations=223 (full 0):
 garbage-first heap   total 1912832K, used 1615767K [0x000000008b400000, 0x000000008b503a60, 0x0000000100000000)
  region size 1024K, 1120 young (1146880K), 38 survivors (38912K)
 Metaspace       used 147835K, capacity 155021K, committed 155312K, reserved 1183744K
  class space    used 19744K, capacity 21108K, committed 21168K, reserved 1048576K
2020-07-20T09:51:43.946+0000: 2539.882: [GC pause (G1 Evacuation Pause) (young)
Desired survivor size 73400320 bytes, new threshold 15 (max 15)
- age   1:   22960584 bytes,   22960584 total
- age   2:    1109984 bytes,   24070568 total
- age   3:    1297688 bytes,   25368256 total
- age   4:    1137504 bytes,   26505760 total
- age   5:    1772256 bytes,   28278016 total
- age   6:    1679432 bytes,   29957448 total
- age   7:     939832 bytes,   30897280 total
- age   8:     507072 bytes,   31404352 total
- age   9:     401984 bytes,   31806336 total
- age  10:     517864 bytes,   32324200 total
- age  11:     520680 bytes,   32844880 total
- age  12:    2228824 bytes,   35073704 total
- age  13:    1987480 bytes,   37061184 total
- age  14:     650016 bytes,   37711200 total
- age  15:      24344 bytes,   37735544 total
, 0.0660320 secs]
   [Parallel Time: 61.2 ms, GC Workers: 4]
      [GC Worker Start (ms): Min: 2539882.3, Avg: 2539882.4, Max: 2539882.4, Diff: 0.1]
      [Ext Root Scanning (ms): Min: 6.1, Avg: 6.7, Max: 8.4, Diff: 2.3, Sum: 26.8]
      [Update RS (ms): Min: 21.5, Avg: 22.9, Max: 23.4, Diff: 1.9, Sum: 91.6]
         [Processed Buffers: Min: 22, Avg: 36.8, Max: 48, Diff: 26, Sum: 147]
      [Scan RS (ms): Min: 0.3, Avg: 0.4, Max: 0.5, Diff: 0.2, Sum: 1.7]
      [Code Root Scanning (ms): Min: 0.0, Avg: 0.0, Max: 0.1, Diff: 0.1, Sum: 0.1]
      [Object Copy (ms): Min: 30.7, Avg: 30.9, Max: 31.1, Diff: 0.4, Sum: 123.8]
      [Termination (ms): Min: 0.0, Avg: 0.0, Max: 0.0, Diff: 0.0, Sum: 0.0]
         [Termination Attempts: Min: 1, Avg: 3.8, Max: 6, Diff: 5, Sum: 15]
      [GC Worker Other (ms): Min: 0.0, Avg: 0.1, Max: 0.1, Diff: 0.1, Sum: 0.2]
      [GC Worker Total (ms): Min: 61.0, Avg: 61.1, Max: 61.2, Diff: 0.1, Sum: 244.4]
      [GC Worker End (ms): Min: 2539943.4, Avg: 2539943.5, Max: 2539943.5, Diff: 0.1]
   [Code Root Fixup: 0.0 ms]
   [Code Root Purge: 0.0 ms]
   [Clear CT: 0.4 ms]
   [Other: 4.3 ms]
      [Choose CSet: 0.0 ms]
      [Ref Proc: 2.3 ms]
      [Ref Enq: 0.1 ms]
      [Redirty Cards: 0.3 ms]
      [Humongous Register: 0.1 ms]
      [Humongous Reclaim: 0.1 ms]
      [Free CSet: 1.0 ms]
   [Eden: 1082.0M(1082.0M)->0.0B(1090.0M) Survivors: 38912.0K->30720.0K Heap: 1577.9M(1868.0M)->486.5M(1868.0M)]
Heap after GC invocations=224 (full 0):
 garbage-first heap   total 1912832K, used 498176K [0x000000008b400000, 0x000000008b503a60, 0x0000000100000000)
  region size 1024K, 30 young (30720K), 30 survivors (30720K)
 Metaspace       used 147835K, capacity 155021K, committed 155312K, reserved 1183744K
  class space    used 19744K, capacity 21108K, committed 21168K, reserved 1048576K
}
 [Times: user=0.19 sys=0.02, real=0.06 secs] 
2020-07-20T09:51:44.013+0000: 2539.948: Total time for which application threads were stopped: 0.0705963 seconds, Stopping threads took: 0.0030044 seconds
{Heap before GC invocations=224 (full 0):
 garbage-first heap   total 1912832K, used 1614336K [0x000000008b400000, 0x000000008b503a60, 0x0000000100000000)
  region size 1024K, 1120 young (1146880K), 30 survivors (30720K)
 Metaspace       used 147835K, capacity 155021K, committed 155312K, reserved 1183744K
  class space    used 19744K, capacity 21108K, committed 21168K, reserved 1048576K
2020-07-20T09:51:48.422+0000: 2544.357: [GC pause (G1 Evacuation Pause) (young)
Desired survivor size 73400320 bytes, new threshold 15 (max 15)
- age   1:   16952680 bytes,   16952680 total
- age   2:     410752 bytes,   17363432 total
- age   3:     938264 bytes,   18301696 total
- age   4:    1149128 bytes,   19450824 total
- age   5:    1074416 bytes,   20525240 total
- age   6:    1718912 bytes,   22244152 total
- age   7:     336792 bytes,   22580944 total
- age   8:     719488 bytes,   23300432 total
- age   9:     499136 bytes,   23799568 total
- age  10:     394240 bytes,   24193808 total
- age  11:     509752 bytes,   24703560 total
- age  12:     511792 bytes,   25215352 total
- age  13:    2225400 bytes,   27440752 total
- age  14:    1979760 bytes,   29420512 total
- age  15:     649888 bytes,   30070400 total
, 0.0874961 secs]
   [Parallel Time: 83.0 ms, GC Workers: 4]
      [GC Worker Start (ms): Min: 2544357.8, Avg: 2544357.9, Max: 2544357.9, Diff: 0.1]
      [Ext Root Scanning (ms): Min: 5.0, Avg: 5.1, Max: 5.3, Diff: 0.3, Sum: 20.5]
      [Update RS (ms): Min: 23.4, Avg: 23.4, Max: 23.5, Diff: 0.2, Sum: 93.7]
         [Processed Buffers: Min: 18, Avg: 35.2, Max: 50, Diff: 32, Sum: 141]
      [Scan RS (ms): Min: 0.3, Avg: 0.4, Max: 0.6, Diff: 0.3, Sum: 1.5]
      [Code Root Scanning (ms): Min: 0.0, Avg: 0.0, Max: 0.1, Diff: 0.1, Sum: 0.1]
      [Object Copy (ms): Min: 53.7, Avg: 53.8, Max: 53.8, Diff: 0.1, Sum: 215.1]
      [Termination (ms): Min: 0.0, Avg: 0.0, Max: 0.0, Diff: 0.0, Sum: 0.1]
         [Termination Attempts: Min: 9, Avg: 12.5, Max: 19, Diff: 10, Sum: 50]
      [GC Worker Other (ms): Min: 0.0, Avg: 0.1, Max: 0.1, Diff: 0.1, Sum: 0.3]
      [GC Worker Total (ms): Min: 82.8, Avg: 82.9, Max: 82.9, Diff: 0.1, Sum: 331.4]
      [GC Worker End (ms): Min: 2544440.7, Avg: 2544440.7, Max: 2544440.8, Diff: 0.1]
   [Code Root Fixup: 0.0 ms]
   [Code Root Purge: 0.0 ms]
   [Clear CT: 0.3 ms]
   [Other: 4.1 ms]
      [Choose CSet: 0.0 ms]
      [Ref Proc: 1.9 ms]
      [Ref Enq: 0.2 ms]
      [Redirty Cards: 0.4 ms]
      [Humongous Register: 0.2 ms]
      [Humongous Reclaim: 0.0 ms]
      [Free CSet: 0.9 ms]
   [Eden: 1090.0M(1090.0M)->0.0B(1068.0M) Survivors: 30720.0K->53248.0K Heap: 1576.5M(1868.0M)->509.2M(1868.0M)]
Heap after GC invocations=225 (full 0):
 garbage-first heap   total 1912832K, used 521369K [0x000000008b400000, 0x000000008b503a60, 0x0000000100000000)
  region size 1024K, 52 young (53248K), 52 survivors (53248K)
 Metaspace       used 147835K, capacity 155021K, committed 155312K, reserved 1183744K
  class space    used 19744K, capacity 21108K, committed 21168K, reserved 1048576K
}
 [Times: user=0.27 sys=0.00, real=0.08 secs] 
2020-07-20T09:51:48.509+0000: 2544.445: Total time for which application threads were stopped: 0.0893490 seconds, Stopping threads took: 0.0008479 seconds
{Heap before GC invocations=225 (full 0):
 garbage-first heap   total 1912832K, used 1617049K [0x000000008b400000, 0x000000008b503a60, 0x0000000100000000)
  region size 1024K, 1120 young (1146880K), 52 survivors (53248K)
 Metaspace       used 147836K, capacity 155021K, committed 155312K, reserved 1183744K
  class space    used 19744K, capacity 21108K, committed 21168K, reserved 1048576K
2020-07-20T09:51:52.430+0000: 2548.366: [GC pause (G1 Evacuation Pause) (young)
Desired survivor size 73400320 bytes, new threshold 15 (max 15)
- age   1:   28933496 bytes,   28933496 total
- age   2:   11750120 bytes,   40683616 total
- age   3:     397168 bytes,   41080784 total
- age   4:     808392 bytes,   41889176 total
- age   5:    1131112 bytes,   43020288 total
- age   6:    1058552 bytes,   44078840 total
- age   7:    1705632 bytes,   45784472 total
- age   8:     336024 bytes,   46120496 total
- age   9:     717920 bytes,   46838416 total
- age  10:     499040 bytes,   47337456 total
- age  11:     391888 bytes,   47729344 total
- age  12:     507544 bytes,   48236888 total
- age  13:     509504 bytes,   48746392 total
- age  14:    2216392 bytes,   50962784 total
- age  15:    1978688 bytes,   52941472 total
, 0.0769975 secs]
   [Parallel Time: 72.1 ms, GC Workers: 4]
      [GC Worker Start (ms): Min: 2548366.5, Avg: 2548366.5, Max: 2548366.6, Diff: 0.1]
      [Ext Root Scanning (ms): Min: 4.9, Avg: 5.1, Max: 5.2, Diff: 0.3, Sum: 20.3]
      [Update RS (ms): Min: 23.3, Avg: 23.5, Max: 23.8, Diff: 0.5, Sum: 93.8]
         [Processed Buffers: Min: 27, Avg: 38.0, Max: 51, Diff: 24, Sum: 152]
      [Scan RS (ms): Min: 0.2, Avg: 0.3, Max: 0.4, Diff: 0.2, Sum: 1.3]
      [Code Root Scanning (ms): Min: 0.0, Avg: 0.0, Max: 0.1, Diff: 0.1, Sum: 0.1]
      [Object Copy (ms): Min: 42.7, Avg: 43.0, Max: 43.1, Diff: 0.4, Sum: 171.8]
      [Termination (ms): Min: 0.0, Avg: 0.1, Max: 0.1, Diff: 0.1, Sum: 0.3]
         [Termination Attempts: Min: 9, Avg: 13.8, Max: 17, Diff: 8, Sum: 55]
      [GC Worker Other (ms): Min: 0.0, Avg: 0.0, Max: 0.0, Diff: 0.0, Sum: 0.1]
      [GC Worker Total (ms): Min: 71.9, Avg: 71.9, Max: 72.0, Diff: 0.1, Sum: 287.7]
      [GC Worker End (ms): Min: 2548438.4, Avg: 2548438.4, Max: 2548438.5, Diff: 0.0]
   [Code Root Fixup: 0.0 ms]
   [Code Root Purge: 0.0 ms]
   [Clear CT: 0.5 ms]
   [Other: 4.4 ms]
      [Choose CSet: 0.0 ms]
      [Ref Proc: 2.4 ms]
      [Ref Enq: 0.1 ms]
      [Redirty Cards: 0.4 ms]
      [Humongous Register: 0.1 ms]
      [Humongous Reclaim: 0.0 ms]
      [Free CSet: 0.9 ms]
   [Eden: 1068.0M(1068.0M)->0.0B(1080.0M) Survivors: 53248.0K->40960.0K Heap: 1579.2M(1868.0M)->498.8M(1868.0M)]
Heap after GC invocations=226 (full 0):
 garbage-first heap   total 1912832K, used 510799K [0x000000008b400000, 0x000000008b503a60, 0x0000000100000000)
  region size 1024K, 40 young (40960K), 40 survivors (40960K)
 Metaspace       used 147836K, capacity 155021K, committed 155312K, reserved 1183744K
  class space    used 19744K, capacity 21108K, committed 21168K, reserved 1048576K
}
 [Times: user=0.24 sys=0.01, real=0.08 secs] 
2020-07-20T09:51:52.508+0000: 2548.443: Total time for which application threads were stopped: 0.0841006 seconds, Stopping threads took: 0.0061880 seconds
{Heap before GC invocations=226 (full 0):
 garbage-first heap   total 1912832K, used 1618767K [0x000000008b400000, 0x000000008b503a60, 0x0000000100000000)
  region size 1024K, 1120 young (1146880K), 40 survivors (40960K)
 Metaspace       used 147836K, capacity 155021K, committed 155312K, reserved 1183744K
  class space    used 19744K, capacity 21108K, committed 21168K, reserved 1048576K
2020-07-20T09:51:56.798+0000: 2552.734: [GC pause (G1 Evacuation Pause) (young)
Desired survivor size 73400320 bytes, new threshold 15 (max 15)
- age   1:   23998432 bytes,   23998432 total
- age   2:    2821064 bytes,   26819496 total
- age   3:    2318360 bytes,   29137856 total
- age   4:     396640 bytes,   29534496 total
- age   5:     808008 bytes,   30342504 total
- age   6:    1130984 bytes,   31473488 total
- age   7:    1057488 bytes,   32530976 total
- age   8:    1701728 bytes,   34232704 total
- age   9:     332536 bytes,   34565240 total
- age  10:     715944 bytes,   35281184 total
- age  11:     498944 bytes,   35780128 total
- age  12:     391760 bytes,   36171888 total
- age  13:     506136 bytes,   36678024 total
- age  14:     503928 bytes,   37181952 total
- age  15:    2212840 bytes,   39394792 total
, 0.1078588 secs]
   [Parallel Time: 102.3 ms, GC Workers: 4]
      [GC Worker Start (ms): Min: 2552734.2, Avg: 2552734.2, Max: 2552734.3, Diff: 0.1]
      [Ext Root Scanning (ms): Min: 5.8, Avg: 6.1, Max: 6.9, Diff: 1.1, Sum: 24.4]
      [Update RS (ms): Min: 32.5, Avg: 33.0, Max: 33.2, Diff: 0.7, Sum: 132.0]
         [Processed Buffers: Min: 32, Avg: 41.0, Max: 55, Diff: 23, Sum: 164]
      [Scan RS (ms): Min: 0.4, Avg: 0.4, Max: 0.5, Diff: 0.1, Sum: 1.6]
      [Code Root Scanning (ms): Min: 0.0, Avg: 0.0, Max: 0.1, Diff: 0.0, Sum: 0.1]
      [Object Copy (ms): Min: 62.3, Avg: 62.5, Max: 62.7, Diff: 0.4, Sum: 250.2]
      [Termination (ms): Min: 0.0, Avg: 0.0, Max: 0.0, Diff: 0.0, Sum: 0.0]
         [Termination Attempts: Min: 1, Avg: 1.0, Max: 1, Diff: 0, Sum: 4]
      [GC Worker Other (ms): Min: 0.0, Avg: 0.1, Max: 0.1, Diff: 0.1, Sum: 0.3]
      [GC Worker Total (ms): Min: 102.1, Avg: 102.1, Max: 102.2, Diff: 0.0, Sum: 408.6]
      [GC Worker End (ms): Min: 2552836.3, Avg: 2552836.4, Max: 2552836.4, Diff: 0.1]
   [Code Root Fixup: 0.2 ms]
   [Code Root Purge: 0.0 ms]
   [Clear CT: 0.4 ms]
   [Other: 5.0 ms]
      [Choose CSet: 0.0 ms]
      [Ref Proc: 2.2 ms]
      [Ref Enq: 0.2 ms]
      [Redirty Cards: 0.4 ms]
      [Humongous Register: 0.1 ms]
      [Humongous Reclaim: 0.1 ms]
      [Free CSet: 1.1 ms]
   [Eden: 1080.0M(1080.0M)->0.0B(1056.0M) Survivors: 40960.0K->65536.0K Heap: 1580.8M(1868.0M)->526.8M(1868.0M)]
Heap after GC invocations=227 (full 0):
 garbage-first heap   total 1912832K, used 539404K [0x000000008b400000, 0x000000008b503a60, 0x0000000100000000)
  region size 1024K, 64 young (65536K), 64 survivors (65536K)
 Metaspace       used 147836K, capacity 155021K, committed 155312K, reserved 1183744K
  class space    used 19744K, capacity 21108K, committed 21168K, reserved 1048576K
}
 [Times: user=0.34 sys=0.01, real=0.11 secs] 
2020-07-20T09:51:56.906+0000: 2552.842: Total time for which application threads were stopped: 0.1132954 seconds, Stopping threads took: 0.0038784 seconds
{Heap before GC invocations=227 (full 0):
 garbage-first heap   total 1912832K, used 1622796K [0x000000008b400000, 0x000000008b503a60, 0x0000000100000000)
  region size 1024K, 1120 young (1146880K), 64 survivors (65536K)
 Metaspace       used 147836K, capacity 155021K, committed 155312K, reserved 1183744K
  class space    used 19744K, capacity 21108K, committed 21168K, reserved 1048576K
2020-07-20T09:52:02.156+0000: 2558.092: [GC pause (G1 Evacuation Pause) (young)
Desired survivor size 73400320 bytes, new threshold 15 (max 15)
- age   1:   36372712 bytes,   36372712 total
- age   2:   17659320 bytes,   54032032 total
- age   3:    1398032 bytes,   55430064 total
- age   4:    2046640 bytes,   57476704 total
- age   5:     395248 bytes,   57871952 total
- age   6:     800568 bytes,   58672520 total
- age   7:    1125072 bytes,   59797592 total
- age   8:    1054472 bytes,   60852064 total
- age   9:    1700504 bytes,   62552568 total
- age  10:     320024 bytes,   62872592 total
- age  11:     710760 bytes,   63583352 total
- age  12:     498704 bytes,   64082056 total
- age  13:     389552 bytes,   64471608 total
- age  14:     504968 bytes,   64976576 total
- age  15:     500280 bytes,   65476856 total
, 0.0878751 secs]
   [Parallel Time: 83.5 ms, GC Workers: 4]
      [GC Worker Start (ms): Min: 2558092.6, Avg: 2558094.9, Max: 2558101.7, Diff: 9.1]
      [Ext Root Scanning (ms): Min: 0.0, Avg: 5.0, Max: 6.9, Diff: 6.9, Sum: 19.9]
      [Update RS (ms): Min: 24.5, Avg: 26.1, Max: 26.7, Diff: 2.1, Sum: 104.4]
         [Processed Buffers: Min: 29, Avg: 38.8, Max: 45, Diff: 16, Sum: 155]
      [Scan RS (ms): Min: 0.2, Avg: 0.3, Max: 0.3, Diff: 0.1, Sum: 1.0]
      [Code Root Scanning (ms): Min: 0.0, Avg: 0.0, Max: 0.0, Diff: 0.0, Sum: 0.1]
      [Object Copy (ms): Min: 49.4, Avg: 49.6, Max: 49.8, Diff: 0.4, Sum: 198.3]
      [Termination (ms): Min: 0.0, Avg: 0.1, Max: 0.1, Diff: 0.1, Sum: 0.3]
         [Termination Attempts: Min: 3, Avg: 5.5, Max: 9, Diff: 6, Sum: 22]
      [GC Worker Other (ms): Min: 0.0, Avg: 0.0, Max: 0.1, Diff: 0.0, Sum: 0.2]
      [GC Worker Total (ms): Min: 74.2, Avg: 81.1, Max: 83.4, Diff: 9.1, Sum: 324.3]
      [GC Worker End (ms): Min: 2558175.9, Avg: 2558175.9, Max: 2558175.9, Diff: 0.0]
   [Code Root Fixup: 0.1 ms]
   [Code Root Purge: 0.0 ms]
   [Clear CT: 0.4 ms]
   [Other: 3.9 ms]
      [Choose CSet: 0.0 ms]
      [Ref Proc: 2.0 ms]
      [Ref Enq: 0.1 ms]
      [Redirty Cards: 0.4 ms]
      [Humongous Register: 0.1 ms]
      [Humongous Reclaim: 0.0 ms]
      [Free CSet: 0.9 ms]
   [Eden: 1056.0M(1056.0M)->0.0B(1065.0M) Survivors: 65536.0K->56320.0K Heap: 1584.8M(1868.0M)->520.0M(1868.0M)]
Heap after GC invocations=228 (full 0):
 garbage-first heap   total 1912832K, used 532461K [0x000000008b400000, 0x000000008b503a60, 0x0000000100000000)
  region size 1024K, 55 young (56320K), 55 survivors (56320K)
 Metaspace       used 147836K, capacity 155021K, committed 155312K, reserved 1183744K
  class space    used 19744K, capacity 21108K, committed 21168K, reserved 1048576K
}
 [Times: user=0.27 sys=0.01, real=0.09 secs] 
2020-07-20T09:52:02.245+0000: 2558.180: Total time for which application threads were stopped: 0.0896132 seconds, Stopping threads took: 0.0006545 seconds
{Heap before GC invocations=228 (full 0):
 garbage-first heap   total 1912832K, used 1623021K [0x000000008b400000, 0x000000008b503a60, 0x0000000100000000)
  region size 1024K, 1120 young (1146880K), 55 survivors (56320K)
 Metaspace       used 147849K, capacity 155021K, committed 155312K, reserved 1183744K
  class space    used 19744K, capacity 21108K, committed 21168K, reserved 1048576K
2020-07-20T09:52:21.702+0000: 2577.638: [GC pause (G1 Evacuation Pause) (young)
Desired survivor size 73400320 bytes, new threshold 15 (max 15)
- age   1:   34719536 bytes,   34719536 total
- age   2:    8115568 bytes,   42835104 total
- age   3:    1267360 bytes,   44102464 total
- age   4:    1397632 bytes,   45500096 total
- age   5:    2043240 bytes,   47543336 total
- age   6:     395024 bytes,   47938360 total
- age   7:     784928 bytes,   48723288 total
- age   8:    1112288 bytes,   49835576 total
- age   9:    1054120 bytes,   50889696 total
- age  10:    1688128 bytes,   52577824 total
- age  11:     314632 bytes,   52892456 total
- age  12:     710152 bytes,   53602608 total
- age  13:     498544 bytes,   54101152 total
- age  14:     386176 bytes,   54487328 total
- age  15:     501496 bytes,   54988824 total
, 0.0956589 secs]
   [Parallel Time: 91.0 ms, GC Workers: 4]
      [GC Worker Start (ms): Min: 2577638.9, Avg: 2577639.1, Max: 2577639.3, Diff: 0.4]
      [Ext Root Scanning (ms): Min: 6.9, Avg: 9.2, Max: 13.5, Diff: 6.6, Sum: 36.6]
      [Update RS (ms): Min: 26.2, Avg: 30.4, Max: 32.2, Diff: 6.0, Sum: 121.5]
         [Processed Buffers: Min: 19, Avg: 37.0, Max: 47, Diff: 28, Sum: 148]
      [Scan RS (ms): Min: 0.3, Avg: 0.5, Max: 0.7, Diff: 0.4, Sum: 2.2]
      [Code Root Scanning (ms): Min: 0.0, Avg: 0.1, Max: 0.1, Diff: 0.1, Sum: 0.2]
      [Object Copy (ms): Min: 50.2, Avg: 50.5, Max: 50.8, Diff: 0.6, Sum: 201.9]
      [Termination (ms): Min: 0.0, Avg: 0.0, Max: 0.0, Diff: 0.0, Sum: 0.0]
         [Termination Attempts: Min: 1, Avg: 3.0, Max: 4, Diff: 3, Sum: 12]
      [GC Worker Other (ms): Min: 0.0, Avg: 0.1, Max: 0.1, Diff: 0.0, Sum: 0.2]
      [GC Worker Total (ms): Min: 90.5, Avg: 90.7, Max: 90.9, Diff: 0.4, Sum: 362.6]
      [GC Worker End (ms): Min: 2577729.7, Avg: 2577729.7, Max: 2577729.8, Diff: 0.0]
   [Code Root Fixup: 0.0 ms]
   [Code Root Purge: 0.0 ms]
   [Clear CT: 0.4 ms]
   [Other: 4.2 ms]
      [Choose CSet: 0.0 ms]
      [Ref Proc: 1.8 ms]
      [Ref Enq: 0.2 ms]
      [Redirty Cards: 0.3 ms]
      [Humongous Register: 0.2 ms]
      [Humongous Reclaim: 0.1 ms]
      [Free CSet: 0.9 ms]
   [Eden: 1065.0M(1065.0M)->0.0B(1074.0M) Survivors: 56320.0K->47104.0K Heap: 1585.0M(1868.0M)->509.8M(1868.0M)]
Heap after GC invocations=229 (full 0):
 garbage-first heap   total 1912832K, used 521997K [0x000000008b400000, 0x000000008b503a60, 0x0000000100000000)
  region size 1024K, 46 young (47104K), 46 survivors (47104K)
 Metaspace       used 147849K, capacity 155021K, committed 155312K, reserved 1183744K
  class space    used 19744K, capacity 21108K, committed 21168K, reserved 1048576K
}
 [Times: user=0.26 sys=0.01, real=0.09 secs] 
2020-07-20T09:52:21.798+0000: 2577.734: Total time for which application threads were stopped: 0.0974427 seconds, Stopping threads took: 0.0003626 seconds
{Heap before GC invocations=229 (full 0):
 garbage-first heap   total 1912832K, used 1625869K [0x000000008b400000, 0x000000008b503a60, 0x0000000100000000)
  region size 1024K, 1120 young (1146880K), 46 survivors (47104K)
 Metaspace       used 147849K, capacity 155021K, committed 155312K, reserved 1183744K
  class space    used 19744K, capacity 21108K, committed 21168K, reserved 1048576K
2020-07-20T09:52:25.998+0000: 2581.933: [GC pause (G1 Evacuation Pause) (young)
Desired survivor size 73400320 bytes, new threshold 15 (max 15)
- age   1:   30975704 bytes,   30975704 total
- age   2:    3894872 bytes,   34870576 total
- age   3:    1195768 bytes,   36066344 total
- age   4:    1266960 bytes,   37333304 total
- age   5:    1397280 bytes,   38730584 total
- age   6:     510632 bytes,   39241216 total
- age   7:     390840 bytes,   39632056 total
- age   8:     780144 bytes,   40412200 total
- age   9:    1112160 bytes,   41524360 total
- age  10:    1052424 bytes,   42576784 total
- age  11:    1425560 bytes,   44002344 total
- age  12:     261128 bytes,   44263472 total
- age  13:     702168 bytes,   44965640 total
- age  14:     492712 bytes,   45458352 total
- age  15:     373400 bytes,   45831752 total
, 0.0737944 secs]
   [Parallel Time: 69.6 ms, GC Workers: 4]
      [GC Worker Start (ms): Min: 2581933.8, Avg: 2581933.8, Max: 2581933.9, Diff: 0.1]
      [Ext Root Scanning (ms): Min: 5.0, Avg: 5.1, Max: 5.2, Diff: 0.3, Sum: 20.3]
      [Update RS (ms): Min: 22.3, Avg: 22.5, Max: 22.8, Diff: 0.6, Sum: 89.8]
         [Processed Buffers: Min: 16, Avg: 33.2, Max: 45, Diff: 29, Sum: 133]
      [Scan RS (ms): Min: 0.2, Avg: 0.4, Max: 0.5, Diff: 0.3, Sum: 1.4]
      [Code Root Scanning (ms): Min: 0.0, Avg: 0.0, Max: 0.1, Diff: 0.1, Sum: 0.2]
      [Object Copy (ms): Min: 41.5, Avg: 41.5, Max: 41.7, Diff: 0.2, Sum: 166.2]
      [Termination (ms): Min: 0.0, Avg: 0.0, Max: 0.0, Diff: 0.0, Sum: 0.0]
         [Termination Attempts: Min: 1, Avg: 5.5, Max: 11, Diff: 10, Sum: 22]
      [GC Worker Other (ms): Min: 0.0, Avg: 0.1, Max: 0.1, Diff: 0.1, Sum: 0.2]
      [GC Worker Total (ms): Min: 69.5, Avg: 69.5, Max: 69.6, Diff: 0.1, Sum: 278.0]
      [GC Worker End (ms): Min: 2582003.3, Avg: 2582003.3, Max: 2582003.4, Diff: 0.1]
   [Code Root Fixup: 0.0 ms]
   [Code Root Purge: 0.0 ms]
   [Clear CT: 0.4 ms]
   [Other: 3.7 ms]
      [Choose CSet: 0.0 ms]
      [Ref Proc: 1.8 ms]
      [Ref Enq: 0.1 ms]
      [Redirty Cards: 0.3 ms]
      [Humongous Register: 0.1 ms]
      [Humongous Reclaim: 0.0 ms]
      [Free CSet: 0.9 ms]
   [Eden: 1074.0M(1074.0M)->0.0B(1081.0M) Survivors: 47104.0K->39936.0K Heap: 1587.8M(1868.0M)->505.5M(1868.0M)]
Heap after GC invocations=230 (full 0):
 garbage-first heap   total 1912832K, used 517643K [0x000000008b400000, 0x000000008b503a60, 0x0000000100000000)
  region size 1024K, 39 young (39936K), 39 survivors (39936K)
 Metaspace       used 147849K, capacity 155021K, committed 155312K, reserved 1183744K
  class space    used 19744K, capacity 21108K, committed 21168K, reserved 1048576K
}
 [Times: user=0.23 sys=0.00, real=0.07 secs] 
2020-07-20T09:52:26.072+0000: 2582.007: Total time for which application threads were stopped: 0.0788660 seconds, Stopping threads took: 0.0040091 seconds
{Heap before GC invocations=230 (full 0):
 garbage-first heap   total 1912832K, used 1626635K [0x000000008b400000, 0x000000008b503a60, 0x0000000100000000)
  region size 1024K, 1120 young (1146880K), 39 survivors (39936K)
 Metaspace       used 147854K, capacity 155021K, committed 155312K, reserved 1183744K
  class space    used 19744K, capacity 21108K, committed 21168K, reserved 1048576K
2020-07-20T09:52:29.678+0000: 2585.613: [GC pause (G1 Evacuation Pause) (young)
Desired survivor size 73400320 bytes, new threshold 15 (max 15)
- age   1:   26591808 bytes,   26591808 total
- age   2:    1910296 bytes,   28502104 total
- age   3:     207760 bytes,   28709864 total
- age   4:    1090352 bytes,   29800216 total
- age   5:    1265136 bytes,   31065352 total
- age   6:    1396392 bytes,   32461744 total
- age   7:     502440 bytes,   32964184 total
- age   8:     390520 bytes,   33354704 total
- age   9:     774128 bytes,   34128832 total
- age  10:    1104120 bytes,   35232952 total
- age  11:    1039352 bytes,   36272304 total
- age  12:    1425240 bytes,   37697544 total
- age  13:     257280 bytes,   37954824 total
- age  14:     678368 bytes,   38633192 total
- age  15:     480648 bytes,   39113840 total
, 0.0922416 secs]
   [Parallel Time: 86.7 ms, GC Workers: 4]
      [GC Worker Start (ms): Min: 2585613.6, Avg: 2585613.7, Max: 2585613.7, Diff: 0.1]
      [Ext Root Scanning (ms): Min: 5.1, Avg: 5.2, Max: 5.3, Diff: 0.2, Sum: 20.8]
      [Update RS (ms): Min: 17.9, Avg: 18.1, Max: 18.6, Diff: 0.8, Sum: 72.4]
         [Processed Buffers: Min: 27, Avg: 34.5, Max: 48, Diff: 21, Sum: 138]
      [Scan RS (ms): Min: 0.1, Avg: 0.3, Max: 0.5, Diff: 0.3, Sum: 1.2]
      [Code Root Scanning (ms): Min: 0.0, Avg: 0.0, Max: 0.0, Diff: 0.0, Sum: 0.1]
      [Object Copy (ms): Min: 62.4, Avg: 62.9, Max: 63.1, Diff: 0.7, Sum: 251.5]
      [Termination (ms): Min: 0.0, Avg: 0.0, Max: 0.1, Diff: 0.1, Sum: 0.2]
         [Termination Attempts: Min: 2, Avg: 3.2, Max: 5, Diff: 3, Sum: 13]
      [GC Worker Other (ms): Min: 0.0, Avg: 0.0, Max: 0.1, Diff: 0.0, Sum: 0.1]
      [GC Worker Total (ms): Min: 86.5, Avg: 86.6, Max: 86.6, Diff: 0.1, Sum: 346.3]
      [GC Worker End (ms): Min: 2585700.2, Avg: 2585700.2, Max: 2585700.3, Diff: 0.0]
   [Code Root Fixup: 0.0 ms]
   [Code Root Purge: 0.0 ms]
   [Clear CT: 0.4 ms]
   [Other: 5.1 ms]
      [Choose CSet: 0.0 ms]
      [Ref Proc: 2.8 ms]
      [Ref Enq: 0.3 ms]
      [Redirty Cards: 0.4 ms]
      [Humongous Register: 0.1 ms]
      [Humongous Reclaim: 0.0 ms]
      [Free CSet: 1.0 ms]
   [Eden: 1081.0M(1081.0M)->0.0B(1058.0M) Survivors: 39936.0K->63488.0K Heap: 1588.5M(1868.0M)->531.1M(1868.0M)]
Heap after GC invocations=231 (full 0):
 garbage-first heap   total 1912832K, used 543873K [0x000000008b400000, 0x000000008b503a60, 0x0000000100000000)
  region size 1024K, 62 young (63488K), 62 survivors (63488K)
 Metaspace       used 147854K, capacity 155021K, committed 155312K, reserved 1183744K
  class space    used 19744K, capacity 21108K, committed 21168K, reserved 1048576K
}
 [Times: user=0.28 sys=0.01, real=0.09 secs] 
2020-07-20T09:52:29.772+0000: 2585.708: Total time for which application threads were stopped: 0.0983388 seconds, Stopping threads took: 0.0031015 seconds
{Heap before GC invocations=231 (full 0):
 garbage-first heap   total 1912832K, used 1627265K [0x000000008b400000, 0x000000008b503a60, 0x0000000100000000)
  region size 1024K, 1120 young (1146880K), 62 survivors (63488K)
 Metaspace       used 147854K, capacity 155021K, committed 155312K, reserved 1183744K
  class space    used 19744K, capacity 21108K, committed 21168K, reserved 1048576K
2020-07-20T09:52:33.786+0000: 2589.722: [GC pause (G1 Evacuation Pause) (young)
Desired survivor size 73400320 bytes, new threshold 15 (max 15)
- age   1:   30232536 bytes,   30232536 total
- age   2:   21844888 bytes,   52077424 total
- age   3:    1890872 bytes,   53968296 total
- age   4:     203448 bytes,   54171744 total
- age   5:     906752 bytes,   55078496 total
- age   6:    1259960 bytes,   56338456 total
- age   7:    1395976 bytes,   57734432 total
- age   8:     502232 bytes,   58236664 total
- age   9:     390296 bytes,   58626960 total
- age  10:     770904 bytes,   59397864 total
- age  11:    1022848 bytes,   60420712 total
- age  12:     828064 bytes,   61248776 total
- age  13:    1425048 bytes,   62673824 total
- age  14:     248320 bytes,   62922144 total
- age  15:     657248 bytes,   63579392 total
, 0.0809085 secs]
   [Parallel Time: 76.8 ms, GC Workers: 4]
      [GC Worker Start (ms): Min: 2589722.4, Avg: 2589722.4, Max: 2589722.5, Diff: 0.1]
      [Ext Root Scanning (ms): Min: 6.2, Avg: 6.8, Max: 8.5, Diff: 2.3, Sum: 27.3]
      [Update RS (ms): Min: 22.0, Avg: 23.2, Max: 23.6, Diff: 1.7, Sum: 92.8]
         [Processed Buffers: Min: 15, Avg: 35.5, Max: 55, Diff: 40, Sum: 142]
      [Scan RS (ms): Min: 0.3, Avg: 0.4, Max: 0.4, Diff: 0.1, Sum: 1.4]
      [Code Root Scanning (ms): Min: 0.0, Avg: 0.0, Max: 0.1, Diff: 0.0, Sum: 0.1]
      [Object Copy (ms): Min: 45.7, Avg: 46.1, Max: 46.3, Diff: 0.6, Sum: 184.3]
      [Termination (ms): Min: 0.0, Avg: 0.0, Max: 0.0, Diff: 0.0, Sum: 0.0]
         [Termination Attempts: Min: 1, Avg: 3.0, Max: 7, Diff: 6, Sum: 12]
      [GC Worker Other (ms): Min: 0.1, Avg: 0.1, Max: 0.2, Diff: 0.1, Sum: 0.5]
      [GC Worker Total (ms): Min: 76.5, Avg: 76.6, Max: 76.6, Diff: 0.1, Sum: 306.4]
      [GC Worker End (ms): Min: 2589799.0, Avg: 2589799.0, Max: 2589799.0, Diff: 0.1]
   [Code Root Fixup: 0.0 ms]
   [Code Root Purge: 0.0 ms]
   [Clear CT: 0.4 ms]
   [Other: 3.7 ms]
      [Choose CSet: 0.0 ms]
      [Ref Proc: 1.8 ms]
      [Ref Enq: 0.1 ms]
      [Redirty Cards: 0.4 ms]
      [Humongous Register: 0.1 ms]
      [Humongous Reclaim: 0.1 ms]
      [Free CSet: 0.9 ms]
   [Eden: 1058.0M(1058.0M)->0.0B(1071.0M) Survivors: 63488.0K->50176.0K Heap: 1589.1M(1868.0M)->516.4M(1868.0M)]
Heap after GC invocations=232 (full 0):
 garbage-first heap   total 1912832K, used 528821K [0x000000008b400000, 0x000000008b503a60, 0x0000000100000000)
  region size 1024K, 49 young (50176K), 49 survivors (50176K)
 Metaspace       used 147854K, capacity 155021K, committed 155312K, reserved 1183744K
  class space    used 19744K, capacity 21108K, committed 21168K, reserved 1048576K
}
 [Times: user=0.26 sys=0.00, real=0.08 secs] 
2020-07-20T09:52:33.867+0000: 2589.803: Total time for which application threads were stopped: 0.0844334 seconds, Stopping threads took: 0.0018536 seconds
{Heap before GC invocations=232 (full 0):
 garbage-first heap   total 1912832K, used 1629621K [0x000000008b400000, 0x000000008b503a60, 0x0000000100000000)
  region size 1024K, 1120 young (1146880K), 49 survivors (50176K)
 Metaspace       used 147862K, capacity 155029K, committed 155312K, reserved 1183744K
  class space    used 19744K, capacity 21108K, committed 21168K, reserved 1048576K
2020-07-20T09:52:37.684+0000: 2593.620: [GC pause (G1 Evacuation Pause) (young)
Desired survivor size 73400320 bytes, new threshold 15 (max 15)
- age   1:   28912416 bytes,   28912416 total
- age   2:    8737632 bytes,   37650048 total
- age   3:     793456 bytes,   38443504 total
- age   4:    1886976 bytes,   40330480 total
- age   5:     190120 bytes,   40520600 total
- age   6:     906528 bytes,   41427128 total
- age   7:    1259672 bytes,   42686800 total
- age   8:    1395880 bytes,   44082680 total
- age   9:     502080 bytes,   44584760 total
- age  10:     390024 bytes,   44974784 total
- age  11:     469960 bytes,   45444744 total
- age  12:    1022560 bytes,   46467304 total
- age  13:     827824 bytes,   47295128 total
- age  14:    1423592 bytes,   48718720 total
- age  15:     243400 bytes,   48962120 total
, 0.1021866 secs]
   [Parallel Time: 98.1 ms, GC Workers: 4]
      [GC Worker Start (ms): Min: 2593619.9, Avg: 2593619.9, Max: 2593620.0, Diff: 0.1]
      [Ext Root Scanning (ms): Min: 5.2, Avg: 5.4, Max: 5.6, Diff: 0.3, Sum: 21.4]
      [Update RS (ms): Min: 20.8, Avg: 20.8, Max: 20.9, Diff: 0.2, Sum: 83.3]
         [Processed Buffers: Min: 18, Avg: 35.8, Max: 44, Diff: 26, Sum: 143]
      [Scan RS (ms): Min: 0.3, Avg: 0.3, Max: 0.5, Diff: 0.2, Sum: 1.4]
      [Code Root Scanning (ms): Min: 0.0, Avg: 0.0, Max: 0.0, Diff: 0.0, Sum: 0.1]
      [Object Copy (ms): Min: 71.2, Avg: 71.3, Max: 71.4, Diff: 0.2, Sum: 285.3]
      [Termination (ms): Min: 0.0, Avg: 0.1, Max: 0.1, Diff: 0.1, Sum: 0.3]
         [Termination Attempts: Min: 12, Avg: 17.0, Max: 21, Diff: 9, Sum: 68]
      [GC Worker Other (ms): Min: 0.0, Avg: 0.0, Max: 0.1, Diff: 0.0, Sum: 0.2]
      [GC Worker Total (ms): Min: 98.0, Avg: 98.0, Max: 98.0, Diff: 0.0, Sum: 392.0]
      [GC Worker End (ms): Min: 2593717.9, Avg: 2593717.9, Max: 2593718.0, Diff: 0.1]
   [Code Root Fixup: 0.0 ms]
   [Code Root Purge: 0.0 ms]
   [Clear CT: 0.3 ms]
   [Other: 3.7 ms]
      [Choose CSet: 0.0 ms]
      [Ref Proc: 1.8 ms]
      [Ref Enq: 0.1 ms]
      [Redirty Cards: 0.3 ms]
      [Humongous Register: 0.1 ms]
      [Humongous Reclaim: 0.1 ms]
      [Free CSet: 0.9 ms]
   [Eden: 1071.0M(1071.0M)->0.0B(1042.0M) Survivors: 50176.0K->77824.0K Heap: 1591.4M(1868.0M)->546.7M(1868.0M)]
Heap after GC invocations=233 (full 0):
 garbage-first heap   total 1912832K, used 559826K [0x000000008b400000, 0x000000008b503a60, 0x0000000100000000)
  region size 1024K, 76 young (77824K), 76 survivors (77824K)
 Metaspace       used 147862K, capacity 155029K, committed 155312K, reserved 1183744K
  class space    used 19744K, capacity 21108K, committed 21168K, reserved 1048576K
}
 [Times: user=0.34 sys=0.00, real=0.10 secs] 
2020-07-20T09:52:37.786+0000: 2593.722: Total time for which application threads were stopped: 0.1093809 seconds, Stopping threads took: 0.0062205 seconds
{Heap before GC invocations=233 (full 0):
 garbage-first heap   total 1912832K, used 1628882K [0x000000008b400000, 0x000000008b503a60, 0x0000000100000000)
  region size 1024K, 1118 young (1144832K), 76 survivors (77824K)
 Metaspace       used 147868K, capacity 155093K, committed 155312K, reserved 1183744K
  class space    used 19744K, capacity 21108K, committed 21168K, reserved 1048576K
2020-07-20T09:52:41.830+0000: 2597.765: [GC pause (G1 Evacuation Pause) (young)
Desired survivor size 73400320 bytes, new threshold 9 (max 15)
- age   1:   37300312 bytes,   37300312 total
- age   2:   22633744 bytes,   59934056 total
- age   3:    7333944 bytes,   67268000 total
- age   4:     576912 bytes,   67844912 total
- age   5:    1879280 bytes,   69724192 total
- age   6:     187048 bytes,   69911240 total
- age   7:     903208 bytes,   70814448 total
- age   8:    1258216 bytes,   72072664 total
- age   9:    1395880 bytes,   73468544 total
- age  10:     482760 bytes,   73951304 total
- age  11:     370992 bytes,   74322296 total
- age  12:     466264 bytes,   74788560 total
- age  13:    1022464 bytes,   75811024 total
- age  14:     827760 bytes,   76638784 total
- age  15:    1423384 bytes,   78062168 total
, 0.0868414 secs]
   [Parallel Time: 82.7 ms, GC Workers: 4]
      [GC Worker Start (ms): Min: 2597765.7, Avg: 2597765.8, Max: 2597765.8, Diff: 0.1]
      [Ext Root Scanning (ms): Min: 5.0, Avg: 5.1, Max: 5.2, Diff: 0.3, Sum: 20.4]
      [Update RS (ms): Min: 21.2, Avg: 21.3, Max: 21.6, Diff: 0.4, Sum: 85.3]
         [Processed Buffers: Min: 25, Avg: 38.8, Max: 59, Diff: 34, Sum: 155]
      [Scan RS (ms): Min: 0.2, Avg: 0.3, Max: 0.4, Diff: 0.2, Sum: 1.3]
      [Code Root Scanning (ms): Min: 0.0, Avg: 0.0, Max: 0.1, Diff: 0.1, Sum: 0.1]
      [Object Copy (ms): Min: 55.4, Avg: 55.6, Max: 55.7, Diff: 0.3, Sum: 222.4]
      [Termination (ms): Min: 0.0, Avg: 0.0, Max: 0.0, Diff: 0.0, Sum: 0.1]
         [Termination Attempts: Min: 9, Avg: 14.2, Max: 20, Diff: 11, Sum: 57]
      [GC Worker Other (ms): Min: 0.0, Avg: 0.0, Max: 0.1, Diff: 0.0, Sum: 0.2]
      [GC Worker Total (ms): Min: 82.4, Avg: 82.5, Max: 82.5, Diff: 0.0, Sum: 329.8]
      [GC Worker End (ms): Min: 2597848.2, Avg: 2597848.2, Max: 2597848.2, Diff: 0.1]
   [Code Root Fixup: 0.0 ms]
   [Code Root Purge: 0.0 ms]
   [Clear CT: 0.4 ms]
   [Other: 3.7 ms]
      [Choose CSet: 0.0 ms]
      [Ref Proc: 1.7 ms]
      [Ref Enq: 0.1 ms]
      [Redirty Cards: 0.4 ms]
      [Humongous Register: 0.1 ms]
      [Humongous Reclaim: 0.0 ms]
      [Free CSet: 0.9 ms]
   [Eden: 1042.0M(1042.0M)->0.0B(1064.0M) Survivors: 77824.0K->57344.0K Heap: 1590.7M(1868.0M)->531.8M(1868.0M)]
Heap after GC invocations=234 (full 0):
 garbage-first heap   total 1912832K, used 544613K [0x000000008b400000, 0x000000008b503a60, 0x0000000100000000)
  region size 1024K, 56 young (57344K), 56 survivors (57344K)
 Metaspace       used 147868K, capacity 155093K, committed 155312K, reserved 1183744K
  class space    used 19744K, capacity 21108K, committed 21168K, reserved 1048576K
}
 [Times: user=0.28 sys=0.01, real=0.09 secs] 
2020-07-20T09:52:41.917+0000: 2597.853: Total time for which application threads were stopped: 0.0912497 seconds, Stopping threads took: 0.0034084 seconds
{Heap before GC invocations=234 (full 0):
 garbage-first heap   total 1912832K, used 1634149K [0x000000008b400000, 0x000000008b503a60, 0x0000000100000000)
  region size 1024K, 1120 young (1146880K), 56 survivors (57344K)
 Metaspace       used 147869K, capacity 155093K, committed 155312K, reserved 1183744K
  class space    used 19744K, capacity 21108K, committed 21168K, reserved 1048576K
2020-07-20T09:52:46.216+0000: 2602.152: [GC pause (G1 Evacuation Pause) (young)
Desired survivor size 73400320 bytes, new threshold 15 (max 15)
- age   1:   32314776 bytes,   32314776 total
- age   2:   15961104 bytes,   48275880 total
- age   3:    1282160 bytes,   49558040 total
- age   4:    1510032 bytes,   51068072 total
- age   5:     576336 bytes,   51644408 total
- age   6:    1876528 bytes,   53520936 total
- age   7:     186856 bytes,   53707792 total
- age   8:     899664 bytes,   54607456 total
- age   9:    1253392 bytes,   55860848 total
, 0.0785625 secs]
   [Parallel Time: 74.1 ms, GC Workers: 4]
      [GC Worker Start (ms): Min: 2602152.8, Avg: 2602152.8, Max: 2602152.9, Diff: 0.1]
      [Ext Root Scanning (ms): Min: 4.9, Avg: 5.1, Max: 5.2, Diff: 0.3, Sum: 20.2]
      [Update RS (ms): Min: 29.7, Avg: 29.7, Max: 29.8, Diff: 0.1, Sum: 118.9]
         [Processed Buffers: Min: 19, Avg: 47.2, Max: 72, Diff: 53, Sum: 189]
      [Scan RS (ms): Min: 0.3, Avg: 0.3, Max: 0.4, Diff: 0.1, Sum: 1.3]
      [Code Root Scanning (ms): Min: 0.0, Avg: 0.0, Max: 0.1, Diff: 0.0, Sum: 0.1]
      [Object Copy (ms): Min: 38.7, Avg: 38.8, Max: 39.0, Diff: 0.2, Sum: 155.3]
      [Termination (ms): Min: 0.0, Avg: 0.0, Max: 0.0, Diff: 0.0, Sum: 0.0]
         [Termination Attempts: Min: 1, Avg: 1.0, Max: 1, Diff: 0, Sum: 4]
      [GC Worker Other (ms): Min: 0.0, Avg: 0.0, Max: 0.1, Diff: 0.1, Sum: 0.2]
      [GC Worker Total (ms): Min: 74.0, Avg: 74.0, Max: 74.1, Diff: 0.1, Sum: 296.0]
      [GC Worker End (ms): Min: 2602226.8, Avg: 2602226.8, Max: 2602226.9, Diff: 0.1]
   [Code Root Fixup: 0.1 ms]
   [Code Root Purge: 0.0 ms]
   [Clear CT: 0.4 ms]
   [Other: 4.0 ms]
      [Choose CSet: 0.0 ms]
      [Ref Proc: 1.9 ms]
      [Ref Enq: 0.1 ms]
      [Redirty Cards: 0.3 ms]
      [Humongous Register: 0.2 ms]
      [Humongous Reclaim: 0.1 ms]
      [Free CSet: 1.0 ms]
   [Eden: 1064.0M(1064.0M)->0.0B(1076.0M) Survivors: 57344.0K->45056.0K Heap: 1595.8M(1868.0M)->518.3M(1868.0M)]
Heap after GC invocations=235 (full 0):
 garbage-first heap   total 1912832K, used 530789K [0x000000008b400000, 0x000000008b503a60, 0x0000000100000000)
  region size 1024K, 44 young (45056K), 44 survivors (45056K)
 Metaspace       used 147869K, capacity 155093K, committed 155312K, reserved 1183744K
  class space    used 19744K, capacity 21108K, committed 21168K, reserved 1048576K
}
 [Times: user=0.26 sys=0.01, real=0.08 secs] 
2020-07-20T09:52:46.295+0000: 2602.231: Total time for which application threads were stopped: 0.0859264 seconds, Stopping threads took: 0.0063717 seconds
{Heap before GC invocations=235 (full 0):
 garbage-first heap   total 1912832K, used 1634661K [0x000000008b400000, 0x000000008b503a60, 0x0000000100000000)
  region size 1024K, 1120 young (1146880K), 44 survivors (45056K)
 Metaspace       used 147870K, capacity 155093K, committed 155312K, reserved 1183744K
  class space    used 19744K, capacity 21108K, committed 21168K, reserved 1048576K
2020-07-20T09:52:49.785+0000: 2605.721: [GC pause (G1 Evacuation Pause) (young)
Desired survivor size 73400320 bytes, new threshold 15 (max 15)
- age   1:   30998504 bytes,   30998504 total
- age   2:    5875472 bytes,   36873976 total
- age   3:    1443336 bytes,   38317312 total
- age   4:    1268360 bytes,   39585672 total
- age   5:    1508632 bytes,   41094304 total
- age   6:     572280 bytes,   41666584 total
- age   7:     347592 bytes,   42014176 total
- age   8:     186760 bytes,   42200936 total
- age   9:     897528 bytes,   43098464 total
- age  10:    1241448 bytes,   44339912 total
, 0.0933918 secs]
   [Parallel Time: 89.0 ms, GC Workers: 4]
      [GC Worker Start (ms): Min: 2605721.5, Avg: 2605721.6, Max: 2605721.6, Diff: 0.1]
      [Ext Root Scanning (ms): Min: 5.0, Avg: 5.1, Max: 5.2, Diff: 0.2, Sum: 20.4]
      [Update RS (ms): Min: 19.0, Avg: 19.0, Max: 19.0, Diff: 0.0, Sum: 76.0]
         [Processed Buffers: Min: 18, Avg: 33.8, Max: 42, Diff: 24, Sum: 135]
      [Scan RS (ms): Min: 0.3, Avg: 0.3, Max: 0.3, Diff: 0.1, Sum: 1.2]
      [Code Root Scanning (ms): Min: 0.0, Avg: 0.0, Max: 0.0, Diff: 0.0, Sum: 0.1]
      [Object Copy (ms): Min: 64.2, Avg: 64.4, Max: 64.5, Diff: 0.2, Sum: 257.6]
      [Termination (ms): Min: 0.0, Avg: 0.0, Max: 0.0, Diff: 0.0, Sum: 0.1]
         [Termination Attempts: Min: 1, Avg: 2.0, Max: 3, Diff: 2, Sum: 8]
      [GC Worker Other (ms): Min: 0.0, Avg: 0.0, Max: 0.1, Diff: 0.0, Sum: 0.2]
      [GC Worker Total (ms): Min: 88.9, Avg: 88.9, Max: 88.9, Diff: 0.1, Sum: 355.5]
      [GC Worker End (ms): Min: 2605810.4, Avg: 2605810.5, Max: 2605810.5, Diff: 0.1]
   [Code Root Fixup: 0.0 ms]
   [Code Root Purge: 0.0 ms]
   [Clear CT: 0.4 ms]
   [Other: 4.0 ms]
      [Choose CSet: 0.0 ms]
      [Ref Proc: 2.1 ms]
      [Ref Enq: 0.1 ms]
      [Redirty Cards: 0.3 ms]
      [Humongous Register: 0.1 ms]
      [Humongous Reclaim: 0.0 ms]
      [Free CSet: 0.9 ms]
   [Eden: 1076.0M(1076.0M)->0.0B(1044.0M) Survivors: 45056.0K->73728.0K Heap: 1596.3M(1868.0M)->548.3M(1868.0M)]
Heap after GC invocations=236 (full 0):
 garbage-first heap   total 1912832K, used 561509K [0x000000008b400000, 0x000000008b503a60, 0x0000000100000000)
  region size 1024K, 72 young (73728K), 72 survivors (73728K)
 Metaspace       used 147870K, capacity 155093K, committed 155312K, reserved 1183744K
  class space    used 19744K, capacity 21108K, committed 21168K, reserved 1048576K
}
 [Times: user=0.32 sys=0.00, real=0.09 secs] 
2020-07-20T09:52:49.879+0000: 2605.815: Total time for which application threads were stopped: 0.0944894 seconds, Stopping threads took: 0.0002794 seconds
{Heap before GC invocations=236 (full 0):
 garbage-first heap   total 1912832K, used 1632613K [0x000000008b400000, 0x000000008b503a60, 0x0000000100000000)
  region size 1024K, 1116 young (1142784K), 72 survivors (73728K)
 Metaspace       used 147873K, capacity 155093K, committed 155312K, reserved 1183744K
  class space    used 19744K, capacity 21108K, committed 21168K, reserved 1048576K
2020-07-20T09:52:54.361+0000: 2610.297: [GC pause (G1 Evacuation Pause) (young)
Desired survivor size 73400320 bytes, new threshold 15 (max 15)
- age   1:   34077288 bytes,   34077288 total
- age   2:   25965808 bytes,   60043096 total
- age   3:    5868768 bytes,   65911864 total
- age   4:    1441296 bytes,   67353160 total
- age   5:    1266696 bytes,   68619856 total
- age   6:    1507736 bytes,   70127592 total
- age   7:     570440 bytes,   70698032 total
- age   8:     329872 bytes,   71027904 total
- age   9:     186568 bytes,   71214472 total
- age  10:     895504 bytes,   72109976 total
- age  11:    1238072 bytes,   73348048 total
, 0.0808130 secs]
   [Parallel Time: 76.2 ms, GC Workers: 4]
      [GC Worker Start (ms): Min: 2610297.1, Avg: 2610297.1, Max: 2610297.2, Diff: 0.1]
      [Ext Root Scanning (ms): Min: 5.5, Avg: 5.6, Max: 5.8, Diff: 0.3, Sum: 22.5]
      [Update RS (ms): Min: 23.1, Avg: 23.7, Max: 25.4, Diff: 2.3, Sum: 94.7]
         [Processed Buffers: Min: 25, Avg: 40.8, Max: 61, Diff: 36, Sum: 163]
      [Scan RS (ms): Min: 0.3, Avg: 0.4, Max: 0.4, Diff: 0.1, Sum: 1.4]
      [Code Root Scanning (ms): Min: 0.0, Avg: 0.0, Max: 0.1, Diff: 0.1, Sum: 0.1]
      [Object Copy (ms): Min: 44.5, Avg: 46.3, Max: 46.9, Diff: 2.4, Sum: 185.2]
      [Termination (ms): Min: 0.0, Avg: 0.0, Max: 0.0, Diff: 0.0, Sum: 0.1]
         [Termination Attempts: Min: 1, Avg: 1.8, Max: 3, Diff: 2, Sum: 7]
      [GC Worker Other (ms): Min: 0.0, Avg: 0.0, Max: 0.1, Diff: 0.1, Sum: 0.2]
      [GC Worker Total (ms): Min: 76.0, Avg: 76.0, Max: 76.1, Diff: 0.1, Sum: 304.1]
      [GC Worker End (ms): Min: 2610373.1, Avg: 2610373.2, Max: 2610373.2, Diff: 0.1]
   [Code Root Fixup: 0.0 ms]
   [Code Root Purge: 0.0 ms]
   [Clear CT: 0.5 ms]
   [Other: 4.1 ms]
      [Choose CSet: 0.0 ms]
      [Ref Proc: 1.7 ms]
      [Ref Enq: 0.2 ms]
      [Redirty Cards: 0.3 ms]
      [Humongous Register: 0.1 ms]
      [Humongous Reclaim: 0.1 ms]
      [Free CSet: 1.2 ms]
   [Eden: 1044.0M(1044.0M)->0.0B(1076.0M) Survivors: 73728.0K->45056.0K Heap: 1594.3M(1868.0M)->519.8M(1868.0M)]
Heap after GC invocations=237 (full 0):
 garbage-first heap   total 1912832K, used 532325K [0x000000008b400000, 0x000000008b503a60, 0x0000000100000000)
  region size 1024K, 44 young (45056K), 44 survivors (45056K)
 Metaspace       used 147873K, capacity 155093K, committed 155312K, reserved 1183744K
  class space    used 19744K, capacity 21108K, committed 21168K, reserved 1048576K
}
 [Times: user=0.27 sys=0.01, real=0.08 secs] 
2020-07-20T09:52:54.442+0000: 2610.378: Total time for which application threads were stopped: 0.0819669 seconds, Stopping threads took: 0.0001515 seconds
{Heap before GC invocations=237 (full 0):
 garbage-first heap   total 1912832K, used 1634149K [0x000000008b400000, 0x000000008b503a60, 0x0000000100000000)
  region size 1024K, 1120 young (1146880K), 44 survivors (45056K)
 Metaspace       used 147882K, capacity 155093K, committed 155312K, reserved 1183744K
  class space    used 19744K, capacity 21108K, committed 21168K, reserved 1048576K
2020-07-20T09:53:01.114+0000: 2617.050: [GC pause (G1 Evacuation Pause) (young)
Desired survivor size 73400320 bytes, new threshold 15 (max 15)
- age   1:   16139320 bytes,   16139320 total
- age   2:   15724976 bytes,   31864296 total
- age   3:    2747008 bytes,   34611304 total
- age   4:    1421496 bytes,   36032800 total
- age   5:    1434048 bytes,   37466848 total
- age   6:    1264008 bytes,   38730856 total
- age   7:    1487264 bytes,   40218120 total
- age   8:     569336 bytes,   40787456 total
- age   9:     329808 bytes,   41117264 total
- age  10:     185632 bytes,   41302896 total
- age  11:     803688 bytes,   42106584 total
- age  12:    1166376 bytes,   43272960 total
, 0.0988626 secs]
   [Parallel Time: 93.7 ms, GC Workers: 4]
      [GC Worker Start (ms): Min: 2617050.1, Avg: 2617052.7, Max: 2617060.6, Diff: 10.5]
      [Ext Root Scanning (ms): Min: 0.0, Avg: 6.1, Max: 9.7, Diff: 9.6, Sum: 24.4]
      [Update RS (ms): Min: 29.2, Avg: 32.7, Max: 37.9, Diff: 8.6, Sum: 130.9]
         [Processed Buffers: Min: 25, Avg: 42.2, Max: 60, Diff: 35, Sum: 169]
      [Scan RS (ms): Min: 0.1, Avg: 0.3, Max: 0.4, Diff: 0.3, Sum: 1.1]
      [Code Root Scanning (ms): Min: 0.0, Avg: 0.0, Max: 0.1, Diff: 0.1, Sum: 0.2]
      [Object Copy (ms): Min: 45.9, Avg: 51.6, Max: 53.8, Diff: 7.9, Sum: 206.5]
      [Termination (ms): Min: 0.0, Avg: 0.1, Max: 0.2, Diff: 0.2, Sum: 0.4]
         [Termination Attempts: Min: 1, Avg: 3.0, Max: 5, Diff: 4, Sum: 12]
      [GC Worker Other (ms): Min: 0.0, Avg: 0.0, Max: 0.1, Diff: 0.0, Sum: 0.1]
      [GC Worker Total (ms): Min: 83.1, Avg: 90.9, Max: 93.5, Diff: 10.5, Sum: 363.7]
      [GC Worker End (ms): Min: 2617143.6, Avg: 2617143.6, Max: 2617143.6, Diff: 0.0]
   [Code Root Fixup: 0.0 ms]
   [Code Root Purge: 0.0 ms]
   [Clear CT: 0.7 ms]
   [Other: 4.4 ms]
      [Choose CSet: 0.0 ms]
      [Ref Proc: 2.4 ms]
      [Ref Enq: 0.1 ms]
      [Redirty Cards: 0.4 ms]
      [Humongous Register: 0.1 ms]
      [Humongous Reclaim: 0.0 ms]
      [Free CSet: 1.0 ms]
   [Eden: 1076.0M(1076.0M)->0.0B(1072.0M) Survivors: 45056.0K->49152.0K Heap: 1595.8M(1868.0M)->524.3M(1868.0M)]
Heap after GC invocations=238 (full 0):
 garbage-first heap   total 1912832K, used 536933K [0x000000008b400000, 0x000000008b503a60, 0x0000000100000000)
  region size 1024K, 48 young (49152K), 48 survivors (49152K)
 Metaspace       used 147882K, capacity 155093K, committed 155312K, reserved 1183744K
  class space    used 19744K, capacity 21108K, committed 21168K, reserved 1048576K
}
 [Times: user=0.28 sys=0.00, real=0.10 secs] 
2020-07-20T09:53:01.213+0000: 2617.149: Total time for which application threads were stopped: 0.1009815 seconds, Stopping threads took: 0.0005083 seconds
{Heap before GC invocations=238 (full 0):
 garbage-first heap   total 1912832K, used 1634661K [0x000000008b400000, 0x000000008b503a60, 0x0000000100000000)
  region size 1024K, 1120 young (1146880K), 48 survivors (49152K)
 Metaspace       used 147910K, capacity 155101K, committed 155312K, reserved 1183744K
  class space    used 19744K, capacity 21108K, committed 21168K, reserved 1048576K
2020-07-20T09:53:07.502+0000: 2623.438: [GC pause (G1 Evacuation Pause) (young)
Desired survivor size 73400320 bytes, new threshold 15 (max 15)
- age   1:   10617408 bytes,   10617408 total
- age   2:   11092312 bytes,   21709720 total
- age   3:   15723736 bytes,   37433456 total
- age   4:    2738728 bytes,   40172184 total
- age   5:    1420072 bytes,   41592256 total
- age   6:    1427856 bytes,   43020112 total
- age   7:    1242448 bytes,   44262560 total
- age   8:    1476672 bytes,   45739232 total
- age   9:     569288 bytes,   46308520 total
- age  10:     329808 bytes,   46638328 total
- age  11:     182288 bytes,   46820616 total
- age  12:     800184 bytes,   47620800 total
- age  13:    1165560 bytes,   48786360 total
, 0.0831142 secs]
   [Parallel Time: 78.7 ms, GC Workers: 4]
      [GC Worker Start (ms): Min: 2623438.0, Avg: 2623439.7, Max: 2623444.6, Diff: 6.6]
      [Ext Root Scanning (ms): Min: 0.0, Avg: 4.3, Max: 5.9, Diff: 5.9, Sum: 17.3]
      [Update RS (ms): Min: 25.9, Avg: 26.3, Max: 26.5, Diff: 0.6, Sum: 105.1]
         [Processed Buffers: Min: 22, Avg: 40.5, Max: 60, Diff: 38, Sum: 162]
      [Scan RS (ms): Min: 0.3, Avg: 0.3, Max: 0.4, Diff: 0.2, Sum: 1.3]
      [Code Root Scanning (ms): Min: 0.0, Avg: 0.0, Max: 0.1, Diff: 0.1, Sum: 0.2]
      [Object Copy (ms): Min: 45.6, Avg: 45.8, Max: 46.0, Diff: 0.4, Sum: 183.3]
      [Termination (ms): Min: 0.0, Avg: 0.0, Max: 0.1, Diff: 0.1, Sum: 0.2]
         [Termination Attempts: Min: 1, Avg: 1.0, Max: 1, Diff: 0, Sum: 4]
      [GC Worker Other (ms): Min: 0.0, Avg: 0.0, Max: 0.0, Diff: 0.0, Sum: 0.1]
      [GC Worker Total (ms): Min: 72.0, Avg: 76.9, Max: 78.5, Diff: 6.5, Sum: 307.5]
      [GC Worker End (ms): Min: 2623516.6, Avg: 2623516.6, Max: 2623516.6, Diff: 0.0]
   [Code Root Fixup: 0.0 ms]
   [Code Root Purge: 0.0 ms]
   [Clear CT: 0.4 ms]
   [Other: 4.0 ms]
      [Choose CSet: 0.0 ms]
      [Ref Proc: 1.9 ms]
      [Ref Enq: 0.1 ms]
      [Redirty Cards: 0.3 ms]
      [Humongous Register: 0.2 ms]
      [Humongous Reclaim: 0.1 ms]
      [Free CSet: 1.0 ms]
   [Eden: 1072.0M(1072.0M)->0.0B(1068.0M) Survivors: 49152.0K->53248.0K Heap: 1596.3M(1868.0M)->526.3M(1868.0M)]
Heap after GC invocations=239 (full 0):
 garbage-first heap   total 1912832K, used 538981K [0x000000008b400000, 0x000000008b503a60, 0x0000000100000000)
  region size 1024K, 52 young (53248K), 52 survivors (53248K)
 Metaspace       used 147910K, capacity 155101K, committed 155312K, reserved 1183744K
  class space    used 19744K, capacity 21108K, committed 21168K, reserved 1048576K
}
 [Times: user=0.27 sys=0.00, real=0.08 secs] 
2020-07-20T09:53:07.585+0000: 2623.521: Total time for which application threads were stopped: 0.0869628 seconds, Stopping threads took: 0.0026948 seconds
{Heap before GC invocations=239 (full 0):
 garbage-first heap   total 1912832K, used 1634661K [0x000000008b400000, 0x000000008b503a60, 0x0000000100000000)
  region size 1024K, 1120 young (1146880K), 52 survivors (53248K)
 Metaspace       used 147914K, capacity 155101K, committed 155312K, reserved 1183744K
  class space    used 19744K, capacity 21108K, committed 21168K, reserved 1048576K
2020-07-20T09:53:11.363+0000: 2627.298: [GC pause (G1 Evacuation Pause) (young)
Desired survivor size 73400320 bytes, new threshold 15 (max 15)
- age   1:   11593912 bytes,   11593912 total
- age   2:    3471840 bytes,   15065752 total
- age   3:    9901808 bytes,   24967560 total
- age   4:   15720064 bytes,   40687624 total
- age   5:    2737712 bytes,   43425336 total
- age   6:    1415824 bytes,   44841160 total
- age   7:    1409872 bytes,   46251032 total
- age   8:    1238064 bytes,   47489096 total
- age   9:    1476168 bytes,   48965264 total
- age  10:     569136 bytes,   49534400 total
- age  11:     311904 bytes,   49846304 total
- age  12:     169368 bytes,   50015672 total
- age  13:     795160 bytes,   50810832 total
- age  14:    1165536 bytes,   51976368 total
, 0.1206374 secs]
   [Parallel Time: 116.1 ms, GC Workers: 4]
      [GC Worker Start (ms): Min: 2627298.7, Avg: 2627299.2, Max: 2627300.6, Diff: 1.9]
      [Ext Root Scanning (ms): Min: 5.2, Avg: 7.2, Max: 9.8, Diff: 4.5, Sum: 28.7]
      [Update RS (ms): Min: 23.4, Avg: 25.0, Max: 25.7, Diff: 2.3, Sum: 100.1]
         [Processed Buffers: Min: 24, Avg: 40.5, Max: 60, Diff: 36, Sum: 162]
      [Scan RS (ms): Min: 0.2, Avg: 0.4, Max: 0.5, Diff: 0.2, Sum: 1.5]
      [Code Root Scanning (ms): Min: 0.0, Avg: 0.1, Max: 0.2, Diff: 0.2, Sum: 0.3]
      [Object Copy (ms): Min: 82.5, Avg: 82.8, Max: 83.0, Diff: 0.5, Sum: 331.1]
      [Termination (ms): Min: 0.0, Avg: 0.0, Max: 0.0, Diff: 0.0, Sum: 0.1]
         [Termination Attempts: Min: 1, Avg: 2.0, Max: 3, Diff: 2, Sum: 8]
      [GC Worker Other (ms): Min: 0.0, Avg: 0.0, Max: 0.1, Diff: 0.0, Sum: 0.2]
      [GC Worker Total (ms): Min: 114.1, Avg: 115.5, Max: 115.9, Diff: 1.9, Sum: 461.8]
      [GC Worker End (ms): Min: 2627414.6, Avg: 2627414.7, Max: 2627414.7, Diff: 0.0]
   [Code Root Fixup: 0.1 ms]
   [Code Root Purge: 0.0 ms]
   [Clear CT: 0.4 ms]
   [Other: 4.1 ms]
      [Choose CSet: 0.0 ms]
      [Ref Proc: 2.0 ms]
      [Ref Enq: 0.1 ms]
      [Redirty Cards: 0.4 ms]
      [Humongous Register: 0.1 ms]
      [Humongous Reclaim: 0.0 ms]
      [Free CSet: 1.0 ms]
   [Eden: 1068.0M(1068.0M)->0.0B(1024.0M) Survivors: 53248.0K->83968.0K Heap: 1596.3M(1868.0M)->557.8M(1868.0M)]
Heap after GC invocations=240 (full 0):
 garbage-first heap   total 1912832K, used 571237K [0x000000008b400000, 0x000000008b503a60, 0x0000000100000000)
  region size 1024K, 82 young (83968K), 82 survivors (83968K)
 Metaspace       used 147914K, capacity 155101K, committed 155312K, reserved 1183744K
  class space    used 19744K, capacity 21108K, committed 21168K, reserved 1048576K
}
 [Times: user=0.40 sys=0.00, real=0.12 secs] 
2020-07-20T09:53:11.483+0000: 2627.419: Total time for which application threads were stopped: 0.1261489 seconds, Stopping threads took: 0.0037012 seconds
{Heap before GC invocations=240 (full 0):
 garbage-first heap   total 1912832K, used 1621861K [0x000000008b400000, 0x000000008b503a60, 0x0000000100000000)
  region size 1024K, 1106 young (1132544K), 82 survivors (83968K)
 Metaspace       used 147919K, capacity 155101K, committed 155312K, reserved 1183744K
  class space    used 19744K, capacity 21108K, committed 21168K, reserved 1048576K
2020-07-20T09:53:15.200+0000: 2631.136: [GC pause (G1 Evacuation Pause) (young)
Desired survivor size 72876032 bytes, new threshold 6 (max 15)
- age   1:   37528112 bytes,   37528112 total
- age   2:    6167560 bytes,   43695672 total
- age   3:    3350184 bytes,   47045856 total
- age   4:    9492080 bytes,   56537936 total
- age   5:   15719344 bytes,   72257280 total
- age   6:    2736872 bytes,   74994152 total
- age   7:    1415552 bytes,   76409704 total
- age   8:    1407496 bytes,   77817200 total
- age   9:    1237680 bytes,   79054880 total
- age  10:    1475944 bytes,   80530824 total
- age  11:     567256 bytes,   81098080 total
- age  12:     298200 bytes,   81396280 total
- age  13:     164248 bytes,   81560528 total
- age  14:     794944 bytes,   82355472 total
- age  15:    1165472 bytes,   83520944 total
, 0.1023676 secs]
   [Parallel Time: 97.8 ms, GC Workers: 4]
      [GC Worker Start (ms): Min: 2631136.0, Avg: 2631136.1, Max: 2631136.1, Diff: 0.1]
      [Ext Root Scanning (ms): Min: 5.0, Avg: 5.1, Max: 5.3, Diff: 0.3, Sum: 20.5]
      [Update RS (ms): Min: 28.2, Avg: 28.4, Max: 28.8, Diff: 0.6, Sum: 113.7]
         [Processed Buffers: Min: 22, Avg: 40.8, Max: 53, Diff: 31, Sum: 163]
      [Scan RS (ms): Min: 0.2, Avg: 0.3, Max: 0.4, Diff: 0.2, Sum: 1.3]
      [Code Root Scanning (ms): Min: 0.0, Avg: 0.0, Max: 0.1, Diff: 0.1, Sum: 0.2]
      [Object Copy (ms): Min: 63.4, Avg: 63.6, Max: 63.8, Diff: 0.3, Sum: 254.4]
      [Termination (ms): Min: 0.0, Avg: 0.0, Max: 0.0, Diff: 0.0, Sum: 0.1]
         [Termination Attempts: Min: 6, Avg: 10.2, Max: 15, Diff: 9, Sum: 41]
      [GC Worker Other (ms): Min: 0.0, Avg: 0.1, Max: 0.1, Diff: 0.0, Sum: 0.2]
      [GC Worker Total (ms): Min: 97.6, Avg: 97.6, Max: 97.6, Diff: 0.1, Sum: 390.5]
      [GC Worker End (ms): Min: 2631233.7, Avg: 2631233.7, Max: 2631233.7, Diff: 0.0]
   [Code Root Fixup: 0.0 ms]
   [Code Root Purge: 0.0 ms]
   [Clear CT: 0.4 ms]
   [Other: 4.2 ms]
      [Choose CSet: 0.0 ms]
      [Ref Proc: 1.8 ms]
      [Ref Enq: 0.1 ms]
      [Redirty Cards: 0.5 ms]
      [Humongous Register: 0.2 ms]
      [Humongous Reclaim: 0.1 ms]
      [Free CSet: 0.9 ms]
   [Eden: 1024.0M(1024.0M)->0.0B(1063.0M) Survivors: 83968.0K->58368.0K Heap: 1583.8M(1868.0M)->542.8M(1868.0M)]
Heap after GC invocations=241 (full 0):
 garbage-first heap   total 1912832K, used 555778K [0x000000008b400000, 0x000000008b503a60, 0x0000000100000000)
  region size 1024K, 57 young (58368K), 57 survivors (58368K)
 Metaspace       used 147919K, capacity 155101K, committed 155312K, reserved 1183744K
  class space    used 19744K, capacity 21108K, committed 21168K, reserved 1048576K
}
 [Times: user=0.33 sys=0.00, real=0.11 secs] 
2020-07-20T09:53:15.302+0000: 2631.238: Total time for which application threads were stopped: 0.1040205 seconds, Stopping threads took: 0.0006095 seconds
{Heap before GC invocations=241 (full 0):
 garbage-first heap   total 1912832K, used 1644290K [0x000000008b400000, 0x000000008b503a60, 0x0000000100000000)
  region size 1024K, 1120 young (1146880K), 57 survivors (58368K)
 Metaspace       used 147919K, capacity 155101K, committed 155312K, reserved 1183744K
  class space    used 19744K, capacity 21108K, committed 21168K, reserved 1048576K
2020-07-20T09:53:19.094+0000: 2635.029: [GC pause (G1 Evacuation Pause) (young)
Desired survivor size 73400320 bytes, new threshold 15 (max 15)
- age   1:   31442328 bytes,   31442328 total
- age   2:   15914808 bytes,   47357136 total
- age   3:    1620080 bytes,   48977216 total
- age   4:    3334896 bytes,   52312112 total
- age   5:    3662848 bytes,   55974960 total
- age   6:    1983280 bytes,   57958240 total
, 0.0865488 secs]
   [Parallel Time: 82.4 ms, GC Workers: 4]
      [GC Worker Start (ms): Min: 2635029.8, Avg: 2635029.8, Max: 2635029.8, Diff: 0.1]
      [Ext Root Scanning (ms): Min: 4.9, Avg: 5.0, Max: 5.1, Diff: 0.2, Sum: 19.9]
      [Update RS (ms): Min: 31.5, Avg: 31.7, Max: 31.8, Diff: 0.3, Sum: 126.6]
         [Processed Buffers: Min: 20, Avg: 38.8, Max: 55, Diff: 35, Sum: 155]
      [Scan RS (ms): Min: 2.0, Avg: 2.1, Max: 2.2, Diff: 0.2, Sum: 8.4]
      [Code Root Scanning (ms): Min: 0.0, Avg: 0.0, Max: 0.1, Diff: 0.1, Sum: 0.2]
      [Object Copy (ms): Min: 43.4, Avg: 43.5, Max: 43.6, Diff: 0.2, Sum: 173.9]
      [Termination (ms): Min: 0.0, Avg: 0.0, Max: 0.0, Diff: 0.0, Sum: 0.0]
         [Termination Attempts: Min: 3, Avg: 5.5, Max: 9, Diff: 6, Sum: 22]
      [GC Worker Other (ms): Min: 0.0, Avg: 0.1, Max: 0.1, Diff: 0.1, Sum: 0.2]
      [GC Worker Total (ms): Min: 82.3, Avg: 82.3, Max: 82.4, Diff: 0.1, Sum: 329.3]
      [GC Worker End (ms): Min: 2635112.1, Avg: 2635112.1, Max: 2635112.1, Diff: 0.1]
   [Code Root Fixup: 0.1 ms]
   [Code Root Purge: 0.0 ms]
   [Clear CT: 0.4 ms]
   [Other: 3.7 ms]
      [Choose CSet: 0.0 ms]
      [Ref Proc: 1.7 ms]
      [Ref Enq: 0.2 ms]
      [Redirty Cards: 0.3 ms]
      [Humongous Register: 0.1 ms]
      [Humongous Reclaim: 0.0 ms]
      [Free CSet: 1.0 ms]
   [Eden: 1063.0M(1063.0M)->0.0B(1075.0M) Survivors: 58368.0K->46080.0K Heap: 1605.8M(1868.0M)->528.8M(1868.0M)]
Heap after GC invocations=242 (full 0):
 garbage-first heap   total 1912832K, used 541442K [0x000000008b400000, 0x000000008b503a60, 0x0000000100000000)
  region size 1024K, 45 young (46080K), 45 survivors (46080K)
 Metaspace       used 147919K, capacity 155101K, committed 155312K, reserved 1183744K
  class space    used 19744K, capacity 21108K, committed 21168K, reserved 1048576K
}
 [Times: user=0.28 sys=0.00, real=0.08 secs] 
2020-07-20T09:53:19.180+0000: 2635.116: Total time for which application threads were stopped: 0.0912959 seconds, Stopping threads took: 0.0037665 seconds
{Heap before GC invocations=242 (full 0):
 garbage-first heap   total 1912832K, used 1644290K [0x000000008b400000, 0x000000008b503a60, 0x0000000100000000)
  region size 1024K, 1120 young (1146880K), 45 survivors (46080K)
 Metaspace       used 147919K, capacity 155101K, committed 155312K, reserved 1183744K
  class space    used 19744K, capacity 21108K, committed 21168K, reserved 1048576K
2020-07-20T09:53:22.838+0000: 2638.774: [GC pause (G1 Evacuation Pause) (young)
Desired survivor size 73400320 bytes, new threshold 15 (max 15)
- age   1:   26934880 bytes,   26934880 total
- age   2:    6737656 bytes,   33672536 total
- age   3:     462760 bytes,   34135296 total
- age   4:    1618112 bytes,   35753408 total
- age   5:    3334640 bytes,   39088048 total
- age   6:    3660640 bytes,   42748688 total
- age   7:    1983072 bytes,   44731760 total
, 0.1034018 secs]
   [Parallel Time: 99.3 ms, GC Workers: 4]
      [GC Worker Start (ms): Min: 2638774.3, Avg: 2638774.4, Max: 2638774.4, Diff: 0.1]
      [Ext Root Scanning (ms): Min: 5.9, Avg: 6.2, Max: 6.9, Diff: 1.0, Sum: 24.9]
      [Update RS (ms): Min: 23.9, Avg: 24.3, Max: 24.5, Diff: 0.5, Sum: 97.2]
         [Processed Buffers: Min: 18, Avg: 35.8, Max: 64, Diff: 46, Sum: 143]
      [Scan RS (ms): Min: 0.3, Avg: 0.3, Max: 0.4, Diff: 0.1, Sum: 1.4]
      [Code Root Scanning (ms): Min: 0.0, Avg: 0.1, Max: 0.1, Diff: 0.1, Sum: 0.2]
      [Object Copy (ms): Min: 68.0, Avg: 68.3, Max: 68.4, Diff: 0.4, Sum: 273.0]
      [Termination (ms): Min: 0.0, Avg: 0.0, Max: 0.0, Diff: 0.0, Sum: 0.0]
         [Termination Attempts: Min: 1, Avg: 1.8, Max: 2, Diff: 1, Sum: 7]
      [GC Worker Other (ms): Min: 0.0, Avg: 0.0, Max: 0.1, Diff: 0.1, Sum: 0.2]
      [GC Worker Total (ms): Min: 99.2, Avg: 99.2, Max: 99.3, Diff: 0.1, Sum: 397.0]
      [GC Worker End (ms): Min: 2638873.6, Avg: 2638873.6, Max: 2638873.6, Diff: 0.0]
   [Code Root Fixup: 0.1 ms]
   [Code Root Purge: 0.0 ms]
   [Clear CT: 0.4 ms]
   [Other: 3.6 ms]
      [Choose CSet: 0.0 ms]
      [Ref Proc: 1.6 ms]
      [Ref Enq: 0.2 ms]
      [Redirty Cards: 0.3 ms]
      [Humongous Register: 0.1 ms]
      [Humongous Reclaim: 0.0 ms]
      [Free CSet: 1.0 ms]
   [Eden: 1075.0M(1075.0M)->0.0B(1033.0M) Survivors: 46080.0K->74752.0K Heap: 1605.8M(1868.0M)->558.3M(1868.0M)]
Heap after GC invocations=243 (full 0):
 garbage-first heap   total 1912832K, used 571650K [0x000000008b400000, 0x000000008b503a60, 0x0000000100000000)
  region size 1024K, 73 young (74752K), 73 survivors (74752K)
 Metaspace       used 147919K, capacity 155101K, committed 155312K, reserved 1183744K
  class space    used 19744K, capacity 21108K, committed 21168K, reserved 1048576K
}
 [Times: user=0.33 sys=0.01, real=0.11 secs] 
2020-07-20T09:53:22.942+0000: 2638.878: Total time for which application threads were stopped: 0.1064270 seconds, Stopping threads took: 0.0014345 seconds
{Heap before GC invocations=243 (full 0):
 garbage-first heap   total 1912832K, used 1631490K [0x000000008b400000, 0x000000008b503a60, 0x0000000100000000)
  region size 1024K, 1106 young (1132544K), 73 survivors (74752K)
 Metaspace       used 147919K, capacity 155101K, committed 155312K, reserved 1183744K
  class space    used 19744K, capacity 21108K, committed 21168K, reserved 1048576K
2020-07-20T09:53:26.424+0000: 2642.360: [GC pause (G1 Evacuation Pause) (young)
Desired survivor size 72876032 bytes, new threshold 8 (max 15)
- age   1:   35128488 bytes,   35128488 total
- age   2:   21599808 bytes,   56728296 total
- age   3:    6262000 bytes,   62990296 total
- age   4:     461816 bytes,   63452112 total
- age   5:    1617424 bytes,   65069536 total
- age   6:    3334608 bytes,   68404144 total
- age   7:    3659776 bytes,   72063920 total
- age   8:    1982744 bytes,   74046664 total
, 0.0886606 secs]
   [Parallel Time: 84.1 ms, GC Workers: 4]
      [GC Worker Start (ms): Min: 2642360.4, Avg: 2642360.5, Max: 2642360.6, Diff: 0.2]
      [Ext Root Scanning (ms): Min: 5.4, Avg: 5.6, Max: 5.9, Diff: 0.5, Sum: 22.5]
      [Update RS (ms): Min: 23.6, Avg: 23.7, Max: 23.8, Diff: 0.2, Sum: 94.6]
         [Processed Buffers: Min: 12, Avg: 37.8, Max: 58, Diff: 46, Sum: 151]
      [Scan RS (ms): Min: 0.3, Avg: 0.4, Max: 0.4, Diff: 0.1, Sum: 1.4]
      [Code Root Scanning (ms): Min: 0.0, Avg: 0.0, Max: 0.1, Diff: 0.1, Sum: 0.1]
      [Object Copy (ms): Min: 53.9, Avg: 54.2, Max: 54.4, Diff: 0.5, Sum: 217.0]
      [Termination (ms): Min: 0.0, Avg: 0.0, Max: 0.0, Diff: 0.0, Sum: 0.1]
         [Termination Attempts: Min: 5, Avg: 8.5, Max: 11, Diff: 6, Sum: 34]
      [GC Worker Other (ms): Min: 0.0, Avg: 0.0, Max: 0.1, Diff: 0.0, Sum: 0.2]
      [GC Worker Total (ms): Min: 83.9, Avg: 84.0, Max: 84.0, Diff: 0.2, Sum: 336.0]
      [GC Worker End (ms): Min: 2642444.4, Avg: 2642444.5, Max: 2642444.5, Diff: 0.0]
   [Code Root Fixup: 0.0 ms]
   [Code Root Purge: 0.0 ms]
   [Clear CT: 0.4 ms]
   [Other: 4.1 ms]
      [Choose CSet: 0.0 ms]
      [Ref Proc: 2.2 ms]
      [Ref Enq: 0.1 ms]
      [Redirty Cards: 0.3 ms]
      [Humongous Register: 0.1 ms]
      [Humongous Reclaim: 0.1 ms]
      [Free CSet: 0.9 ms]
   [Eden: 1033.0M(1033.0M)->0.0B(1063.0M) Survivors: 74752.0K->58368.0K Heap: 1593.3M(1868.0M)->544.4M(1868.0M)]
Heap after GC invocations=244 (full 0):
 garbage-first heap   total 1912832K, used 557419K [0x000000008b400000, 0x000000008b503a60, 0x0000000100000000)
  region size 1024K, 57 young (58368K), 57 survivors (58368K)
 Metaspace       used 147919K, capacity 155101K, committed 155312K, reserved 1183744K
  class space    used 19744K, capacity 21108K, committed 21168K, reserved 1048576K
}
 [Times: user=0.28 sys=0.00, real=0.09 secs] 
2020-07-20T09:53:26.513+0000: 2642.449: Total time for which application threads were stopped: 0.0902882 seconds, Stopping threads took: 0.0003750 seconds
{Heap before GC invocations=244 (full 0):
 garbage-first heap   total 1912832K, used 1647979K [0x000000008b400000, 0x000000008b503a60, 0x0000000100000000)
  region size 1024K, 1120 young (1146880K), 57 survivors (58368K)
 Metaspace       used 147922K, capacity 155105K, committed 155312K, reserved 1183744K
  class space    used 19744K, capacity 21108K, committed 21168K, reserved 1048576K
2020-07-20T09:53:30.350+0000: 2646.285: [GC pause (G1 Evacuation Pause) (young)
Desired survivor size 73400320 bytes, new threshold 15 (max 15)
- age   1:   30001040 bytes,   30001040 total
- age   2:   15401144 bytes,   45402184 total
- age   3:     613552 bytes,   46015736 total
- age   4:    2091112 bytes,   48106848 total
- age   5:     451136 bytes,   48557984 total
- age   6:    1481248 bytes,   50039232 total
- age   7:    3334112 bytes,   53373344 total
- age   8:    3652392 bytes,   57025736 total
, 0.0764356 secs]
   [Parallel Time: 71.9 ms, GC Workers: 4]
      [GC Worker Start (ms): Min: 2646285.9, Avg: 2646285.9, Max: 2646286.0, Diff: 0.1]
      [Ext Root Scanning (ms): Min: 4.9, Avg: 5.0, Max: 5.2, Diff: 0.3, Sum: 20.0]
      [Update RS (ms): Min: 25.7, Avg: 25.8, Max: 26.0, Diff: 0.3, Sum: 103.2]
         [Processed Buffers: Min: 16, Avg: 39.0, Max: 58, Diff: 42, Sum: 156]
      [Scan RS (ms): Min: 0.2, Avg: 0.3, Max: 0.4, Diff: 0.2, Sum: 1.2]
      [Code Root Scanning (ms): Min: 0.0, Avg: 0.0, Max: 0.1, Diff: 0.1, Sum: 0.2]
      [Object Copy (ms): Min: 40.3, Avg: 40.5, Max: 40.6, Diff: 0.3, Sum: 162.0]
      [Termination (ms): Min: 0.0, Avg: 0.0, Max: 0.0, Diff: 0.0, Sum: 0.0]
         [Termination Attempts: Min: 1, Avg: 5.2, Max: 9, Diff: 8, Sum: 21]
      [GC Worker Other (ms): Min: 0.0, Avg: 0.1, Max: 0.1, Diff: 0.1, Sum: 0.3]
      [GC Worker Total (ms): Min: 71.7, Avg: 71.8, Max: 71.8, Diff: 0.0, Sum: 287.0]
      [GC Worker End (ms): Min: 2646357.6, Avg: 2646357.7, Max: 2646357.7, Diff: 0.1]
   [Code Root Fixup: 0.0 ms]
   [Code Root Purge: 0.0 ms]
   [Clear CT: 0.4 ms]
   [Other: 4.1 ms]
      [Choose CSet: 0.0 ms]
      [Ref Proc: 1.9 ms]
      [Ref Enq: 0.2 ms]
      [Redirty Cards: 0.3 ms]
      [Humongous Register: 0.2 ms]
      [Humongous Reclaim: 0.1 ms]
      [Free CSet: 0.9 ms]
   [Eden: 1063.0M(1063.0M)->0.0B(1077.0M) Survivors: 58368.0K->44032.0K Heap: 1609.4M(1868.0M)->530.4M(1868.0M)]
Heap after GC invocations=245 (full 0):
 garbage-first heap   total 1912832K, used 543083K [0x000000008b400000, 0x000000008b503a60, 0x0000000100000000)
  region size 1024K, 43 young (44032K), 43 survivors (44032K)
 Metaspace       used 147922K, capacity 155105K, committed 155312K, reserved 1183744K
  class space    used 19744K, capacity 21108K, committed 21168K, reserved 1048576K
}
 [Times: user=0.25 sys=0.00, real=0.08 secs] 
2020-07-20T09:53:30.426+0000: 2646.362: Total time for which application threads were stopped: 0.0782636 seconds, Stopping threads took: 0.0008669 seconds
{Heap before GC invocations=245 (full 0):
 garbage-first heap   total 1912832K, used 1647979K [0x000000008b400000, 0x000000008b503a60, 0x0000000100000000)
  region size 1024K, 1120 young (1146880K), 43 survivors (44032K)
 Metaspace       used 147922K, capacity 155105K, committed 155312K, reserved 1183744K
  class space    used 19744K, capacity 21108K, committed 21168K, reserved 1048576K
2020-07-20T09:53:33.849+0000: 2649.784: [GC pause (G1 Evacuation Pause) (young)
Desired survivor size 73400320 bytes, new threshold 15 (max 15)
- age   1:   27580928 bytes,   27580928 total
- age   2:    4324560 bytes,   31905488 total
- age   3:     375088 bytes,   32280576 total
- age   4:     415920 bytes,   32696496 total
- age   5:    1911704 bytes,   34608200 total
- age   6:     318768 bytes,   34926968 total
- age   7:     740288 bytes,   35667256 total
- age   8:    2779808 bytes,   38447064 total
- age   9:    3206872 bytes,   41653936 total
, 0.1009749 secs]
   [Parallel Time: 96.4 ms, GC Workers: 4]
      [GC Worker Start (ms): Min: 2649784.8, Avg: 2649784.9, Max: 2649784.9, Diff: 0.1]
      [Ext Root Scanning (ms): Min: 5.0, Avg: 5.1, Max: 5.3, Diff: 0.3, Sum: 20.3]
      [Update RS (ms): Min: 23.7, Avg: 23.9, Max: 24.5, Diff: 0.9, Sum: 95.7]
         [Processed Buffers: Min: 10, Avg: 37.5, Max: 64, Diff: 54, Sum: 150]
      [Scan RS (ms): Min: 0.2, Avg: 0.3, Max: 0.4, Diff: 0.2, Sum: 1.2]
      [Code Root Scanning (ms): Min: 0.0, Avg: 0.0, Max: 0.1, Diff: 0.1, Sum: 0.1]
      [Object Copy (ms): Min: 66.1, Avg: 66.8, Max: 67.1, Diff: 1.0, Sum: 267.2]
      [Termination (ms): Min: 0.0, Avg: 0.0, Max: 0.1, Diff: 0.0, Sum: 0.1]
         [Termination Attempts: Min: 8, Avg: 14.2, Max: 18, Diff: 10, Sum: 57]
      [GC Worker Other (ms): Min: 0.0, Avg: 0.1, Max: 0.1, Diff: 0.1, Sum: 0.3]
      [GC Worker Total (ms): Min: 96.2, Avg: 96.2, Max: 96.3, Diff: 0.1, Sum: 385.0]
      [GC Worker End (ms): Min: 2649881.1, Avg: 2649881.1, Max: 2649881.2, Diff: 0.1]
   [Code Root Fixup: 0.0 ms]
   [Code Root Purge: 0.0 ms]
   [Clear CT: 0.4 ms]
   [Other: 4.1 ms]
      [Choose CSet: 0.0 ms]
      [Ref Proc: 2.1 ms]
      [Ref Enq: 0.2 ms]
      [Redirty Cards: 0.3 ms]
      [Humongous Register: 0.1 ms]
      [Humongous Reclaim: 0.0 ms]
      [Free CSet: 1.0 ms]
   [Eden: 1077.0M(1077.0M)->0.0B(1033.0M) Survivors: 44032.0K->71680.0K Heap: 1609.4M(1868.0M)->559.9M(1868.0M)]
Heap after GC invocations=246 (full 0):
 garbage-first heap   total 1912832K, used 573291K [0x000000008b400000, 0x000000008b503a60, 0x0000000100000000)
  region size 1024K, 70 young (71680K), 70 survivors (71680K)
 Metaspace       used 147922K, capacity 155105K, committed 155312K, reserved 1183744K
  class space    used 19744K, capacity 21108K, committed 21168K, reserved 1048576K
}
 [Times: user=0.33 sys=0.01, real=0.10 secs] 
2020-07-20T09:53:33.950+0000: 2649.886: Total time for which application threads were stopped: 0.1023909 seconds, Stopping threads took: 0.0005375 seconds
{Heap before GC invocations=246 (full 0):
 garbage-first heap   total 1912832K, used 1633131K [0x000000008b400000, 0x000000008b503a60, 0x0000000100000000)
  region size 1024K, 1103 young (1129472K), 70 survivors (71680K)
 Metaspace       used 147923K, capacity 155105K, committed 155312K, reserved 1183744K
  class space    used 19744K, capacity 21108K, committed 21168K, reserved 1048576K
2020-07-20T09:53:37.410+0000: 2653.346: [GC pause (G1 Evacuation Pause) (young)
Desired survivor size 72351744 bytes, new threshold 15 (max 15)
- age   1:   35859112 bytes,   35859112 total
- age   2:   22156032 bytes,   58015144 total
- age   3:    4298408 bytes,   62313552 total
- age   4:     374504 bytes,   62688056 total
- age   5:     414960 bytes,   63103016 total
- age   6:    1908184 bytes,   65011200 total
- age   7:     318592 bytes,   65329792 total
- age   8:     717656 bytes,   66047448 total
- age   9:    2695080 bytes,   68742528 total
- age  10:    3168008 bytes,   71910536 total
, 0.0817581 secs]
   [Parallel Time: 77.2 ms, GC Workers: 4]
      [GC Worker Start (ms): Min: 2653346.0, Avg: 2653346.1, Max: 2653346.1, Diff: 0.1]
      [Ext Root Scanning (ms): Min: 5.0, Avg: 5.1, Max: 5.2, Diff: 0.2, Sum: 20.3]
      [Update RS (ms): Min: 22.4, Avg: 22.6, Max: 23.1, Diff: 0.7, Sum: 90.5]
         [Processed Buffers: Min: 17, Avg: 38.2, Max: 57, Diff: 40, Sum: 153]
      [Scan RS (ms): Min: 0.2, Avg: 0.3, Max: 0.3, Diff: 0.1, Sum: 1.2]
      [Code Root Scanning (ms): Min: 0.0, Avg: 0.0, Max: 0.1, Diff: 0.1, Sum: 0.2]
      [Object Copy (ms): Min: 48.6, Avg: 48.9, Max: 49.1, Diff: 0.5, Sum: 195.4]
      [Termination (ms): Min: 0.0, Avg: 0.1, Max: 0.1, Diff: 0.1, Sum: 0.3]
         [Termination Attempts: Min: 3, Avg: 6.5, Max: 9, Diff: 6, Sum: 26]
      [GC Worker Other (ms): Min: 0.0, Avg: 0.1, Max: 0.1, Diff: 0.1, Sum: 0.2]
      [GC Worker Total (ms): Min: 77.0, Avg: 77.0, Max: 77.1, Diff: 0.1, Sum: 308.1]
      [GC Worker End (ms): Min: 2653423.1, Avg: 2653423.1, Max: 2653423.1, Diff: 0.1]
   [Code Root Fixup: 0.1 ms]
   [Code Root Purge: 0.0 ms]
   [Clear CT: 0.4 ms]
   [Other: 4.1 ms]
      [Choose CSet: 0.0 ms]
      [Ref Proc: 2.3 ms]
      [Ref Enq: 0.1 ms]
      [Redirty Cards: 0.3 ms]
      [Humongous Register: 0.1 ms]
      [Humongous Reclaim: 0.0 ms]
      [Free CSet: 0.9 ms]
   [Eden: 1033.0M(1033.0M)->0.0B(1065.0M) Survivors: 71680.0K->55296.0K Heap: 1594.9M(1868.0M)->543.4M(1868.0M)]
Heap after GC invocations=247 (full 0):
 garbage-first heap   total 1912832K, used 556395K [0x000000008b400000, 0x000000008b503a60, 0x0000000100000000)
  region size 1024K, 54 young (55296K), 54 survivors (55296K)
 Metaspace       used 147923K, capacity 155105K, committed 155312K, reserved 1183744K
  class space    used 19744K, capacity 21108K, committed 21168K, reserved 1048576K
}
 [Times: user=0.26 sys=0.00, real=0.08 secs] 
2020-07-20T09:53:37.492+0000: 2653.428: Total time for which application threads were stopped: 0.0856290 seconds, Stopping threads took: 0.0029489 seconds
{Heap before GC invocations=247 (full 0):
 garbage-first heap   total 1912832K, used 1646955K [0x000000008b400000, 0x000000008b503a60, 0x0000000100000000)
  region size 1024K, 1119 young (1145856K), 54 survivors (55296K)
 Metaspace       used 147923K, capacity 155105K, committed 155312K, reserved 1183744K
  class space    used 19744K, capacity 21108K, committed 21168K, reserved 1048576K
2020-07-20T09:53:41.231+0000: 2657.167: [GC pause (G1 Evacuation Pause) (young)
Desired survivor size 73400320 bytes, new threshold 15 (max 15)
- age   1:   29345800 bytes,   29345800 total
- age   2:   13333728 bytes,   42679528 total
- age   3:     789584 bytes,   43469112 total
- age   4:     544208 bytes,   44013320 total
- age   5:     374328 bytes,   44387648 total
- age   6:     414544 bytes,   44802192 total
- age   7:    1901128 bytes,   46703320 total
- age   8:     318432 bytes,   47021752 total
- age   9:     696944 bytes,   47718696 total
- age  10:    2694888 bytes,   50413584 total
- age  11:    3165616 bytes,   53579200 total
, 0.0706875 secs]
   [Parallel Time: 66.1 ms, GC Workers: 4]
      [GC Worker Start (ms): Min: 2657166.9, Avg: 2657166.9, Max: 2657167.0, Diff: 0.1]
      [Ext Root Scanning (ms): Min: 6.4, Avg: 7.1, Max: 9.0, Diff: 2.6, Sum: 28.6]
      [Update RS (ms): Min: 21.3, Avg: 22.9, Max: 23.5, Diff: 2.2, Sum: 91.5]
         [Processed Buffers: Min: 23, Avg: 39.5, Max: 55, Diff: 32, Sum: 158]
      [Scan RS (ms): Min: 0.2, Avg: 0.3, Max: 0.5, Diff: 0.3, Sum: 1.4]
      [Code Root Scanning (ms): Min: 0.0, Avg: 0.0, Max: 0.1, Diff: 0.1, Sum: 0.2]
      [Object Copy (ms): Min: 35.2, Avg: 35.4, Max: 35.5, Diff: 0.3, Sum: 141.5]
      [Termination (ms): Min: 0.0, Avg: 0.0, Max: 0.0, Diff: 0.0, Sum: 0.0]
         [Termination Attempts: Min: 1, Avg: 1.0, Max: 1, Diff: 0, Sum: 4]
      [GC Worker Other (ms): Min: 0.0, Avg: 0.1, Max: 0.2, Diff: 0.2, Sum: 0.6]
      [GC Worker Total (ms): Min: 65.8, Avg: 65.9, Max: 66.0, Diff: 0.2, Sum: 263.7]
      [GC Worker End (ms): Min: 2657232.8, Avg: 2657232.9, Max: 2657232.9, Diff: 0.1]
   [Code Root Fixup: 0.1 ms]
   [Code Root Purge: 0.0 ms]
   [Clear CT: 0.4 ms]
   [Other: 4.2 ms]
      [Choose CSet: 0.0 ms]
      [Ref Proc: 2.0 ms]
      [Ref Enq: 0.2 ms]
      [Redirty Cards: 0.4 ms]
      [Humongous Register: 0.1 ms]
      [Humongous Reclaim: 0.1 ms]
      [Free CSet: 1.0 ms]
   [Eden: 1065.0M(1065.0M)->0.0B(1078.0M) Survivors: 55296.0K->43008.0K Heap: 1608.4M(1868.0M)->529.9M(1868.0M)]
Heap after GC invocations=248 (full 0):
 garbage-first heap   total 1912832K, used 542571K [0x000000008b400000, 0x000000008b503a60, 0x0000000100000000)
  region size 1024K, 42 young (43008K), 42 survivors (43008K)
 Metaspace       used 147923K, capacity 155105K, committed 155312K, reserved 1183744K
  class space    used 19744K, capacity 21108K, committed 21168K, reserved 1048576K
}
 [Times: user=0.24 sys=0.00, real=0.08 secs] 
2020-07-20T09:53:41.302+0000: 2657.238: Total time for which application threads were stopped: 0.0732197 seconds, Stopping threads took: 0.0006592 seconds
{Heap before GC invocations=248 (full 0):
 garbage-first heap   total 1912832K, used 1648491K [0x000000008b400000, 0x000000008b503a60, 0x0000000100000000)
  region size 1024K, 1120 young (1146880K), 42 survivors (43008K)
 Metaspace       used 147928K, capacity 155109K, committed 155312K, reserved 1183744K
  class space    used 19744K, capacity 21108K, committed 21168K, reserved 1048576K
2020-07-20T09:53:45.601+0000: 2661.537: [GC pause (G1 Evacuation Pause) (young)
Desired survivor size 73400320 bytes, new threshold 15 (max 15)
- age   1:   26707600 bytes,   26707600 total
- age   2:    2660960 bytes,   29368560 total
- age   3:    1519632 bytes,   30888192 total
- age   4:     788016 bytes,   31676208 total
- age   5:     543456 bytes,   32219664 total
- age   6:     373912 bytes,   32593576 total
- age   7:     414288 bytes,   33007864 total
- age   8:    1898600 bytes,   34906464 total
- age   9:     318368 bytes,   35224832 total
- age  10:     696688 bytes,   35921520 total
- age  11:    2694824 bytes,   38616344 total
- age  12:    3161376 bytes,   41777720 total
, 0.1161332 secs]
   [Parallel Time: 111.8 ms, GC Workers: 4]
      [GC Worker Start (ms): Min: 2661537.7, Avg: 2661539.4, Max: 2661544.6, Diff: 6.9]
      [Ext Root Scanning (ms): Min: 0.0, Avg: 4.4, Max: 6.1, Diff: 6.1, Sum: 17.8]
      [Update RS (ms): Min: 28.6, Avg: 28.7, Max: 28.9, Diff: 0.3, Sum: 114.7]
         [Processed Buffers: Min: 21, Avg: 38.8, Max: 58, Diff: 37, Sum: 155]
      [Scan RS (ms): Min: 0.1, Avg: 0.3, Max: 0.5, Diff: 0.4, Sum: 1.1]
      [Code Root Scanning (ms): Min: 0.0, Avg: 0.0, Max: 0.1, Diff: 0.1, Sum: 0.2]
      [Object Copy (ms): Min: 76.0, Avg: 76.4, Max: 76.7, Diff: 0.7, Sum: 305.8]
      [Termination (ms): Min: 0.0, Avg: 0.0, Max: 0.0, Diff: 0.0, Sum: 0.0]
         [Termination Attempts: Min: 1, Avg: 1.5, Max: 2, Diff: 1, Sum: 6]
      [GC Worker Other (ms): Min: 0.0, Avg: 0.1, Max: 0.1, Diff: 0.1, Sum: 0.2]
      [GC Worker Total (ms): Min: 104.8, Avg: 109.9, Max: 111.7, Diff: 6.9, Sum: 439.8]
      [GC Worker End (ms): Min: 2661649.3, Avg: 2661649.3, Max: 2661649.4, Diff: 0.0]
   [Code Root Fixup: 0.0 ms]
   [Code Root Purge: 0.0 ms]
   [Clear CT: 0.4 ms]
   [Other: 3.9 ms]
      [Choose CSet: 0.0 ms]
      [Ref Proc: 2.0 ms]
      [Ref Enq: 0.1 ms]
      [Redirty Cards: 0.3 ms]
      [Humongous Register: 0.1 ms]
      [Humongous Reclaim: 0.0 ms]
      [Free CSet: 1.0 ms]
   [Eden: 1078.0M(1078.0M)->0.0B(1031.0M) Survivors: 43008.0K->74752.0K Heap: 1609.9M(1868.0M)->560.4M(1868.0M)]
Heap after GC invocations=249 (full 0):
 garbage-first heap   total 1912832K, used 573803K [0x000000008b400000, 0x000000008b503a60, 0x0000000100000000)
  region size 1024K, 73 young (74752K), 73 survivors (74752K)
 Metaspace       used 147928K, capacity 155109K, committed 155312K, reserved 1183744K
  class space    used 19744K, capacity 21108K, committed 21168K, reserved 1048576K
}
 [Times: user=0.33 sys=0.01, real=0.11 secs] 
2020-07-20T09:53:45.718+0000: 2661.654: Total time for which application threads were stopped: 0.1194894 seconds, Stopping threads took: 0.0024155 seconds
{Heap before GC invocations=249 (full 0):
 garbage-first heap   total 1912832K, used 1631595K [0x000000008b400000, 0x000000008b503a60, 0x0000000100000000)
  region size 1024K, 1104 young (1130496K), 73 survivors (74752K)
 Metaspace       used 147928K, capacity 155109K, committed 155312K, reserved 1183744K
  class space    used 19744K, capacity 21108K, committed 21168K, reserved 1048576K
2020-07-20T09:53:49.722+0000: 2665.657: [GC pause (G1 Evacuation Pause) (young)
Desired survivor size 72351744 bytes, new threshold 13 (max 15)
- age   1:   42889552 bytes,   42889552 total
- age   2:   20084528 bytes,   62974080 total
- age   3:    1644208 bytes,   64618288 total
- age   4:     561824 bytes,   65180112 total
- age   5:     604984 bytes,   65785096 total
- age   6:     538520 bytes,   66323616 total
- age   7:     371256 bytes,   66694872 total
- age   8:     405840 bytes,   67100712 total
- age   9:     388272 bytes,   67488984 total
- age  10:     317360 bytes,   67806344 total
- age  11:     691360 bytes,   68497704 total
- age  12:    2693488 bytes,   71191192 total
- age  13:    3157104 bytes,   74348296 total
, 0.0885088 secs]
   [Parallel Time: 84.1 ms, GC Workers: 4]
      [GC Worker Start (ms): Min: 2665657.8, Avg: 2665657.9, Max: 2665657.9, Diff: 0.1]
      [Ext Root Scanning (ms): Min: 5.0, Avg: 5.1, Max: 5.2, Diff: 0.2, Sum: 20.3]
      [Update RS (ms): Min: 20.0, Avg: 20.0, Max: 20.1, Diff: 0.1, Sum: 80.0]
         [Processed Buffers: Min: 20, Avg: 36.5, Max: 50, Diff: 30, Sum: 146]
      [Scan RS (ms): Min: 0.3, Avg: 0.3, Max: 0.4, Diff: 0.1, Sum: 1.3]
      [Code Root Scanning (ms): Min: 0.0, Avg: 0.0, Max: 0.1, Diff: 0.1, Sum: 0.1]
      [Object Copy (ms): Min: 58.2, Avg: 58.3, Max: 58.4, Diff: 0.2, Sum: 233.4]
      [Termination (ms): Min: 0.0, Avg: 0.1, Max: 0.1, Diff: 0.1, Sum: 0.3]
         [Termination Attempts: Min: 5, Avg: 7.0, Max: 11, Diff: 6, Sum: 28]
      [GC Worker Other (ms): Min: 0.0, Avg: 0.0, Max: 0.0, Diff: 0.0, Sum: 0.1]
      [GC Worker Total (ms): Min: 83.9, Avg: 83.9, Max: 83.9, Diff: 0.0, Sum: 335.6]
      [GC Worker End (ms): Min: 2665741.8, Avg: 2665741.8, Max: 2665741.8, Diff: 0.0]
   [Code Root Fixup: 0.0 ms]
   [Code Root Purge: 0.0 ms]
   [Clear CT: 0.4 ms]
   [Other: 4.0 ms]
      [Choose CSet: 0.0 ms]
      [Ref Proc: 1.9 ms]
      [Ref Enq: 0.1 ms]
      [Redirty Cards: 0.4 ms]
      [Humongous Register: 0.2 ms]
      [Humongous Reclaim: 0.1 ms]
      [Free CSet: 0.9 ms]
   [Eden: 1031.0M(1031.0M)->0.0B(1050.0M) Survivors: 74752.0K->63488.0K Heap: 1593.4M(1868.0M)->552.4M(1868.0M)]
Heap after GC invocations=250 (full 0):
 garbage-first heap   total 1912832K, used 565677K [0x000000008b400000, 0x000000008b503a60, 0x0000000100000000)
  region size 1024K, 62 young (63488K), 62 survivors (63488K)
 Metaspace       used 147928K, capacity 155109K, committed 155312K, reserved 1183744K
  class space    used 19744K, capacity 21108K, committed 21168K, reserved 1048576K
}
 [Times: user=0.30 sys=0.00, real=0.08 secs] 
2020-07-20T09:53:49.810+0000: 2665.746: Total time for which application threads were stopped: 0.0941642 seconds, Stopping threads took: 0.0046275 seconds
{Heap before GC invocations=250 (full 0):
 garbage-first heap   total 1912832K, used 1642925K [0x000000008b400000, 0x000000008b503a60, 0x0000000100000000)
  region size 1024K, 1112 young (1138688K), 62 survivors (63488K)
 Metaspace       used 147928K, capacity 155109K, committed 155312K, reserved 1183744K
  class space    used 19744K, capacity 21108K, committed 21168K, reserved 1048576K
2020-07-20T09:53:53.353+0000: 2669.289: [GC pause (G1 Evacuation Pause) (young)
Desired survivor size 72876032 bytes, new threshold 15 (max 15)
- age   1:   39218784 bytes,   39218784 total
- age   2:   15350528 bytes,   54569312 total
- age   3:     980992 bytes,   55550304 total
- age   4:     535360 bytes,   56085664 total
- age   5:     561600 bytes,   56647264 total
- age   6:     594880 bytes,   57242144 total
- age   7:     538456 bytes,   57780600 total
- age   8:     371000 bytes,   58151600 total
- age   9:     405552 bytes,   58557152 total
- age  10:     385328 bytes,   58942480 total
- age  11:     315408 bytes,   59257888 total
- age  12:     691328 bytes,   59949216 total
- age  13:    2693488 bytes,   62642704 total
, 0.0846171 secs]
   [Parallel Time: 80.4 ms, GC Workers: 4]
      [GC Worker Start (ms): Min: 2669289.3, Avg: 2669289.3, Max: 2669289.4, Diff: 0.1]
      [Ext Root Scanning (ms): Min: 5.0, Avg: 5.1, Max: 5.2, Diff: 0.3, Sum: 20.4]
      [Update RS (ms): Min: 29.3, Avg: 29.4, Max: 29.4, Diff: 0.1, Sum: 117.4]
         [Processed Buffers: Min: 32, Avg: 42.2, Max: 56, Diff: 24, Sum: 169]
      [Scan RS (ms): Min: 0.3, Avg: 0.3, Max: 0.4, Diff: 0.1, Sum: 1.4]
      [Code Root Scanning (ms): Min: 0.0, Avg: 0.0, Max: 0.1, Diff: 0.1, Sum: 0.1]
      [Object Copy (ms): Min: 45.2, Avg: 45.3, Max: 45.3, Diff: 0.2, Sum: 181.1]
      [Termination (ms): Min: 0.0, Avg: 0.0, Max: 0.1, Diff: 0.1, Sum: 0.1]
         [Termination Attempts: Min: 11, Avg: 18.2, Max: 22, Diff: 11, Sum: 73]
      [GC Worker Other (ms): Min: 0.0, Avg: 0.1, Max: 0.1, Diff: 0.1, Sum: 0.2]
      [GC Worker Total (ms): Min: 80.2, Avg: 80.2, Max: 80.2, Diff: 0.1, Sum: 320.8]
      [GC Worker End (ms): Min: 2669369.5, Avg: 2669369.5, Max: 2669369.6, Diff: 0.1]
   [Code Root Fixup: 0.1 ms]
   [Code Root Purge: 0.0 ms]
   [Clear CT: 0.4 ms]
   [Other: 3.8 ms]
      [Choose CSet: 0.0 ms]
      [Ref Proc: 1.9 ms]
      [Ref Enq: 0.1 ms]
      [Redirty Cards: 0.3 ms]
      [Humongous Register: 0.1 ms]
      [Humongous Reclaim: 0.0 ms]
      [Free CSet: 1.0 ms]
   [Eden: 1050.0M(1050.0M)->0.0B(1070.0M) Survivors: 63488.0K->51200.0K Heap: 1604.4M(1868.0M)->540.9M(1868.0M)]
Heap after GC invocations=251 (full 0):
 garbage-first heap   total 1912832K, used 553901K [0x000000008b400000, 0x000000008b503a60, 0x0000000100000000)
  region size 1024K, 50 young (51200K), 50 survivors (51200K)
 Metaspace       used 147928K, capacity 155109K, committed 155312K, reserved 1183744K
  class space    used 19744K, capacity 21108K, committed 21168K, reserved 1048576K
}
 [Times: user=0.28 sys=0.00, real=0.08 secs] 
2020-07-20T09:53:53.438+0000: 2669.374: Total time for which application threads were stopped: 0.0858564 seconds, Stopping threads took: 0.0003609 seconds
{Heap before GC invocations=251 (full 0):
 garbage-first heap   total 1912832K, used 1651629K [0x000000008b400000, 0x000000008b503a60, 0x0000000100000000)
  region size 1024K, 1120 young (1146880K), 50 survivors (51200K)
 Metaspace       used 147930K, capacity 155109K, committed 155312K, reserved 1183744K
  class space    used 19744K, capacity 21108K, committed 21168K, reserved 1048576K
2020-07-20T09:53:57.034+0000: 2672.970: [GC pause (G1 Evacuation Pause) (young)
Desired survivor size 73400320 bytes, new threshold 15 (max 15)
- age   1:   33040192 bytes,   33040192 total
- age   2:    7757440 bytes,   40797632 total
- age   3:    2101808 bytes,   42899440 total
- age   4:     678072 bytes,   43577512 total
- age   5:     459208 bytes,   44036720 total
- age   6:     469912 bytes,   44506632 total
- age   7:     581312 bytes,   45087944 total
- age   8:     537424 bytes,   45625368 total
- age   9:     368152 bytes,   45993520 total
- age  10:     397648 bytes,   46391168 total
- age  11:     373768 bytes,   46764936 total
- age  12:     310320 bytes,   47075256 total
- age  13:     690888 bytes,   47766144 total
- age  14:    2681456 bytes,   50447600 total
, 0.0788023 secs]
   [Parallel Time: 73.0 ms, GC Workers: 4]
      [GC Worker Start (ms): Min: 2672970.1, Avg: 2672970.1, Max: 2672970.2, Diff: 0.1]
      [Ext Root Scanning (ms): Min: 5.8, Avg: 6.0, Max: 6.5, Diff: 0.7, Sum: 24.1]
      [Update RS (ms): Min: 21.6, Avg: 21.6, Max: 21.6, Diff: 0.0, Sum: 86.3]
         [Processed Buffers: Min: 26, Avg: 35.2, Max: 47, Diff: 21, Sum: 141]
      [Scan RS (ms): Min: 0.2, Avg: 0.4, Max: 0.5, Diff: 0.3, Sum: 1.4]
      [Code Root Scanning (ms): Min: 0.0, Avg: 0.1, Max: 0.1, Diff: 0.1, Sum: 0.3]
      [Object Copy (ms): Min: 44.4, Avg: 44.7, Max: 44.8, Diff: 0.5, Sum: 178.7]
      [Termination (ms): Min: 0.0, Avg: 0.0, Max: 0.0, Diff: 0.0, Sum: 0.1]
         [Termination Attempts: Min: 1, Avg: 1.5, Max: 2, Diff: 1, Sum: 6]
      [GC Worker Other (ms): Min: 0.0, Avg: 0.1, Max: 0.1, Diff: 0.1, Sum: 0.2]
      [GC Worker Total (ms): Min: 72.7, Avg: 72.8, Max: 72.8, Diff: 0.1, Sum: 291.2]
      [GC Worker End (ms): Min: 2673042.9, Avg: 2673042.9, Max: 2673042.9, Diff: 0.0]
   [Code Root Fixup: 0.2 ms]
   [Code Root Purge: 0.0 ms]
   [Clear CT: 0.4 ms]
   [Other: 5.3 ms]
      [Choose CSet: 0.0 ms]
      [Ref Proc: 2.4 ms]
      [Ref Enq: 0.2 ms]
      [Redirty Cards: 0.3 ms]
      [Humongous Register: 0.1 ms]
      [Humongous Reclaim: 0.1 ms]
      [Free CSet: 1.3 ms]
   [Eden: 1070.0M(1070.0M)->0.0B(1079.0M) Survivors: 51200.0K->41984.0K Heap: 1612.9M(1868.0M)->531.4M(1868.0M)]
Heap after GC invocations=252 (full 0):
 garbage-first heap   total 1912832K, used 544173K [0x000000008b400000, 0x000000008b503a60, 0x0000000100000000)
  region size 1024K, 41 young (41984K), 41 survivors (41984K)
 Metaspace       used 147930K, capacity 155109K, committed 155312K, reserved 1183744K
  class space    used 19744K, capacity 21108K, committed 21168K, reserved 1048576K
}
 [Times: user=0.25 sys=0.01, real=0.08 secs] 
2020-07-20T09:53:57.113+0000: 2673.049: Total time for which application threads were stopped: 0.0826583 seconds, Stopping threads took: 0.0023398 seconds
{Heap before GC invocations=252 (full 0):
 garbage-first heap   total 1912832K, used 1651117K [0x000000008b400000, 0x000000008b503a60, 0x0000000100000000)
  region size 1024K, 1120 young (1146880K), 41 survivors (41984K)
 Metaspace       used 147930K, capacity 155109K, committed 155312K, reserved 1183744K
  class space    used 19744K, capacity 21108K, committed 21168K, reserved 1048576K
2020-07-20T09:54:00.930+0000: 2676.866: [GC pause (G1 Evacuation Pause) (young)
Desired survivor size 73400320 bytes, new threshold 15 (max 15)
- age   1:   29145832 bytes,   29145832 total
- age   2:    1890992 bytes,   31036824 total
- age   3:     255144 bytes,   31291968 total
- age   4:    1987224 bytes,   33279192 total
- age   5:     670840 bytes,   33950032 total
- age   6:     447128 bytes,   34397160 total
- age   7:     464328 bytes,   34861488 total
- age   8:     575536 bytes,   35437024 total
- age   9:     528856 bytes,   35965880 total
- age  10:     363096 bytes,   36328976 total
- age  11:     396016 bytes,   36724992 total
- age  12:     373600 bytes,   37098592 total
- age  13:     309768 bytes,   37408360 total
- age  14:     690856 bytes,   38099216 total
- age  15:    2676160 bytes,   40775376 total
, 0.1024920 secs]
   [Parallel Time: 97.2 ms, GC Workers: 4]
      [GC Worker Start (ms): Min: 2676866.0, Avg: 2676868.3, Max: 2676872.6, Diff: 6.6]
      [Ext Root Scanning (ms): Min: 1.5, Avg: 5.7, Max: 8.1, Diff: 6.6, Sum: 22.8]
      [Update RS (ms): Min: 20.0, Avg: 20.0, Max: 20.1, Diff: 0.1, Sum: 80.0]
         [Processed Buffers: Min: 12, Avg: 34.5, Max: 53, Diff: 41, Sum: 138]
      [Scan RS (ms): Min: 0.2, Avg: 0.4, Max: 0.5, Diff: 0.3, Sum: 1.4]
      [Code Root Scanning (ms): Min: 0.0, Avg: 0.0, Max: 0.1, Diff: 0.1, Sum: 0.2]
      [Object Copy (ms): Min: 68.2, Avg: 68.4, Max: 68.8, Diff: 0.6, Sum: 273.7]
      [Termination (ms): Min: 0.0, Avg: 0.1, Max: 0.1, Diff: 0.1, Sum: 0.2]
         [Termination Attempts: Min: 11, Avg: 30.2, Max: 43, Diff: 32, Sum: 121]
      [GC Worker Other (ms): Min: 0.0, Avg: 0.1, Max: 0.1, Diff: 0.1, Sum: 0.3]
      [GC Worker Total (ms): Min: 90.4, Avg: 94.6, Max: 96.9, Diff: 6.6, Sum: 378.5]
      [GC Worker End (ms): Min: 2676962.9, Avg: 2676962.9, Max: 2676963.0, Diff: 0.1]
   [Code Root Fixup: 0.1 ms]
   [Code Root Purge: 0.0 ms]
   [Clear CT: 0.5 ms]
   [Other: 4.7 ms]
      [Choose CSet: 0.0 ms]
      [Ref Proc: 2.5 ms]
      [Ref Enq: 0.2 ms]
      [Redirty Cards: 0.5 ms]
      [Humongous Register: 0.1 ms]
      [Humongous Reclaim: 0.0 ms]
      [Free CSet: 0.9 ms]
   [Eden: 1079.0M(1079.0M)->0.0B(1029.0M) Survivors: 41984.0K->70656.0K Heap: 1612.4M(1868.0M)->564.6M(1868.0M)]
Heap after GC invocations=253 (full 0):
 garbage-first heap   total 1912832K, used 578113K [0x000000008b400000, 0x000000008b503a60, 0x0000000100000000)
  region size 1024K, 69 young (70656K), 69 survivors (70656K)
 Metaspace       used 147930K, capacity 155109K, committed 155312K, reserved 1183744K
  class space    used 19744K, capacity 21108K, committed 21168K, reserved 1048576K
}
 [Times: user=0.31 sys=0.01, real=0.10 secs] 
2020-07-20T09:54:01.033+0000: 2676.968: Total time for which application threads were stopped: 0.1102290 seconds, Stopping threads took: 0.0063807 seconds
{Heap before GC invocations=253 (full 0):
 garbage-first heap   total 1912832K, used 1633857K [0x000000008b400000, 0x000000008b503a60, 0x0000000100000000)
  region size 1024K, 1098 young (1124352K), 69 survivors (70656K)
 Metaspace       used 147930K, capacity 155109K, committed 155312K, reserved 1183744K
  class space    used 19744K, capacity 21108K, committed 21168K, reserved 1048576K
2020-07-20T09:54:04.500+0000: 2680.435: [GC pause (G1 Evacuation Pause) (young)
Desired survivor size 72351744 bytes, new threshold 15 (max 15)
- age   1:   38684032 bytes,   38684032 total
- age   2:   23573216 bytes,   62257248 total
- age   3:    1873128 bytes,   64130376 total
- age   4:     254440 bytes,   64384816 total
- age   5:    1983808 bytes,   66368624 total
- age   6:     670712 bytes,   67039336 total
- age   7:     446968 bytes,   67486304 total
- age   8:     463088 bytes,   67949392 total
- age   9:     558424 bytes,   68507816 total
- age  10:     527640 bytes,   69035456 total
- age  11:     363032 bytes,   69398488 total
- age  12:     392336 bytes,   69790824 total
- age  13:     372984 bytes,   70163808 total
- age  14:     309736 bytes,   70473544 total
- age  15:     690632 bytes,   71164176 total
, 0.0881316 secs]
   [Parallel Time: 83.5 ms, GC Workers: 4]
      [GC Worker Start (ms): Min: 2680435.9, Avg: 2680435.9, Max: 2680436.0, Diff: 0.1]
      [Ext Root Scanning (ms): Min: 5.1, Avg: 5.2, Max: 5.4, Diff: 0.3, Sum: 20.9]
      [Update RS (ms): Min: 31.5, Avg: 31.6, Max: 31.7, Diff: 0.3, Sum: 126.4]
         [Processed Buffers: Min: 25, Avg: 40.0, Max: 56, Diff: 31, Sum: 160]
      [Scan RS (ms): Min: 0.2, Avg: 0.3, Max: 0.4, Diff: 0.2, Sum: 1.3]
      [Code Root Scanning (ms): Min: 0.0, Avg: 0.0, Max: 0.1, Diff: 0.1, Sum: 0.2]
      [Object Copy (ms): Min: 45.7, Avg: 46.0, Max: 46.1, Diff: 0.4, Sum: 184.0]
      [Termination (ms): Min: 0.0, Avg: 0.0, Max: 0.1, Diff: 0.1, Sum: 0.2]
         [Termination Attempts: Min: 4, Avg: 13.5, Max: 20, Diff: 16, Sum: 54]
      [GC Worker Other (ms): Min: 0.0, Avg: 0.0, Max: 0.0, Diff: 0.0, Sum: 0.1]
      [GC Worker Total (ms): Min: 83.2, Avg: 83.3, Max: 83.3, Diff: 0.1, Sum: 333.1]
      [GC Worker End (ms): Min: 2680519.2, Avg: 2680519.2, Max: 2680519.2, Diff: 0.0]
   [Code Root Fixup: 0.0 ms]
   [Code Root Purge: 0.0 ms]
   [Clear CT: 0.5 ms]
   [Other: 4.1 ms]
      [Choose CSet: 0.0 ms]
      [Ref Proc: 2.1 ms]
      [Ref Enq: 0.1 ms]
      [Redirty Cards: 0.3 ms]
      [Humongous Register: 0.2 ms]
      [Humongous Reclaim: 0.0 ms]
      [Free CSet: 0.9 ms]
   [Eden: 1029.0M(1029.0M)->0.0B(1057.0M) Survivors: 70656.0K->55296.0K Heap: 1595.6M(1868.0M)->552.0M(1868.0M)]
Heap after GC invocations=254 (full 0):
 garbage-first heap   total 1912832K, used 565220K [0x000000008b400000, 0x000000008b503a60, 0x0000000100000000)
  region size 1024K, 54 young (55296K), 54 survivors (55296K)
 Metaspace       used 147930K, capacity 155109K, committed 155312K, reserved 1183744K
  class space    used 19744K, capacity 21108K, committed 21168K, reserved 1048576K
}
 [Times: user=0.28 sys=0.02, real=0.09 secs] 
2020-07-20T09:54:04.588+0000: 2680.524: Total time for which application threads were stopped: 0.0894890 seconds, Stopping threads took: 0.0003093 seconds
{Heap before GC invocations=254 (full 0):
 garbage-first heap   total 1912832K, used 1647588K [0x000000008b400000, 0x000000008b503a60, 0x0000000100000000)
  region size 1024K, 1111 young (1137664K), 54 survivors (55296K)
 Metaspace       used 147932K, capacity 155109K, committed 155312K, reserved 1183744K
  class space    used 19744K, capacity 21108K, committed 21168K, reserved 1048576K
2020-07-20T09:54:08.231+0000: 2684.166: [GC pause (G1 Evacuation Pause) (young)
Desired survivor size 72876032 bytes, new threshold 15 (max 15)
- age   1:   30690944 bytes,   30690944 total
- age   2:   14473992 bytes,   45164936 total
- age   3:    1389440 bytes,   46554376 total
- age   4:     700096 bytes,   47254472 total
- age   5:     254160 bytes,   47508632 total
- age   6:    1980064 bytes,   49488696 total
- age   7:     669016 bytes,   50157712 total
- age   8:     442712 bytes,   50600424 total
- age   9:     461640 bytes,   51062064 total
- age  10:     555184 bytes,   51617248 total
- age  11:     527208 bytes,   52144456 total
- age  12:     361760 bytes,   52506216 total
- age  13:     390192 bytes,   52896408 total
- age  14:     370232 bytes,   53266640 total
- age  15:     309672 bytes,   53576312 total
, 0.0699747 secs]
   [Parallel Time: 66.0 ms, GC Workers: 4]
      [GC Worker Start (ms): Min: 2684166.7, Avg: 2684166.7, Max: 2684166.8, Diff: 0.1]
      [Ext Root Scanning (ms): Min: 4.8, Avg: 5.0, Max: 5.1, Diff: 0.2, Sum: 19.8]
      [Update RS (ms): Min: 20.4, Avg: 20.5, Max: 20.5, Diff: 0.1, Sum: 81.9]
         [Processed Buffers: Min: 18, Avg: 32.5, Max: 45, Diff: 27, Sum: 130]
      [Scan RS (ms): Min: 0.3, Avg: 0.4, Max: 0.5, Diff: 0.2, Sum: 1.5]
      [Code Root Scanning (ms): Min: 0.0, Avg: 0.0, Max: 0.1, Diff: 0.0, Sum: 0.1]
      [Object Copy (ms): Min: 39.9, Avg: 40.0, Max: 40.1, Diff: 0.2, Sum: 160.0]
      [Termination (ms): Min: 0.0, Avg: 0.0, Max: 0.0, Diff: 0.0, Sum: 0.0]
         [Termination Attempts: Min: 2, Avg: 5.2, Max: 7, Diff: 5, Sum: 21]
      [GC Worker Other (ms): Min: 0.0, Avg: 0.1, Max: 0.1, Diff: 0.1, Sum: 0.2]
      [GC Worker Total (ms): Min: 65.8, Avg: 65.9, Max: 65.9, Diff: 0.1, Sum: 263.6]
      [GC Worker End (ms): Min: 2684232.6, Avg: 2684232.6, Max: 2684232.7, Diff: 0.1]
   [Code Root Fixup: 0.0 ms]
   [Code Root Purge: 0.0 ms]
   [Clear CT: 0.3 ms]
   [Other: 3.6 ms]
      [Choose CSet: 0.0 ms]
      [Ref Proc: 1.8 ms]
      [Ref Enq: 0.1 ms]
      [Redirty Cards: 0.3 ms]
      [Humongous Register: 0.1 ms]
      [Humongous Reclaim: 0.1 ms]
      [Free CSet: 0.9 ms]
   [Eden: 1057.0M(1057.0M)->0.0B(1080.0M) Survivors: 55296.0K->40960.0K Heap: 1609.0M(1868.0M)->534.3M(1868.0M)]
Heap after GC invocations=255 (full 0):
 garbage-first heap   total 1912832K, used 547133K [0x000000008b400000, 0x000000008b503a60, 0x0000000100000000)
  region size 1024K, 40 young (40960K), 40 survivors (40960K)
 Metaspace       used 147932K, capacity 155109K, committed 155312K, reserved 1183744K
  class space    used 19744K, capacity 21108K, committed 21168K, reserved 1048576K
}
 [Times: user=0.20 sys=0.01, real=0.08 secs] 
2020-07-20T09:54:08.301+0000: 2684.237: Total time for which application threads were stopped: 0.0717328 seconds, Stopping threads took: 0.0009188 seconds
{Heap before GC invocations=255 (full 0):
 garbage-first heap   total 1912832K, used 1657149K [0x000000008b400000, 0x000000008b503a60, 0x0000000100000000)
  region size 1024K, 1120 young (1146880K), 40 survivors (40960K)
 Metaspace       used 147932K, capacity 155109K, committed 155312K, reserved 1183744K
  class space    used 19744K, capacity 21108K, committed 21168K, reserved 1048576K
2020-07-20T09:54:13.211+0000: 2689.147: [GC pause (G1 Evacuation Pause) (young)
Desired survivor size 73400320 bytes, new threshold 15 (max 15)
- age   1:   27283800 bytes,   27283800 total
- age   2:    3282848 bytes,   30566648 total
- age   3:     765208 bytes,   31331856 total
- age   4:     790704 bytes,   32122560 total
- age   5:     339904 bytes,   32462464 total
- age   6:     253192 bytes,   32715656 total
- age   7:    1962136 bytes,   34677792 total
- age   8:     666392 bytes,   35344184 total
- age   9:     441312 bytes,   35785496 total
- age  10:     461552 bytes,   36247048 total
- age  11:     542528 bytes,   36789576 total
- age  12:     522200 bytes,   37311776 total
- age  13:     359672 bytes,   37671448 total
- age  14:     390128 bytes,   38061576 total
- age  15:     370232 bytes,   38431808 total
, 0.0543648 secs]
   [Parallel Time: 50.4 ms, GC Workers: 4]
      [GC Worker Start (ms): Min: 2689147.6, Avg: 2689147.7, Max: 2689147.7, Diff: 0.1]
      [Ext Root Scanning (ms): Min: 7.4, Avg: 7.8, Max: 8.5, Diff: 1.1, Sum: 31.1]
      [Update RS (ms): Min: 23.3, Avg: 24.3, Max: 25.0, Diff: 1.7, Sum: 97.1]
         [Processed Buffers: Min: 28, Avg: 36.0, Max: 53, Diff: 25, Sum: 144]
      [Scan RS (ms): Min: 0.1, Avg: 0.4, Max: 0.5, Diff: 0.4, Sum: 1.4]
      [Code Root Scanning (ms): Min: 0.0, Avg: 0.0, Max: 0.1, Diff: 0.1, Sum: 0.2]
      [Object Copy (ms): Min: 17.6, Avg: 17.7, Max: 17.8, Diff: 0.2, Sum: 70.7]
      [Termination (ms): Min: 0.0, Avg: 0.0, Max: 0.0, Diff: 0.0, Sum: 0.0]
         [Termination Attempts: Min: 1, Avg: 1.0, Max: 1, Diff: 0, Sum: 4]
      [GC Worker Other (ms): Min: 0.1, Avg: 0.1, Max: 0.1, Diff: 0.1, Sum: 0.4]
      [GC Worker Total (ms): Min: 50.2, Avg: 50.2, Max: 50.3, Diff: 0.1, Sum: 200.9]
      [GC Worker End (ms): Min: 2689197.8, Avg: 2689197.9, Max: 2689197.9, Diff: 0.1]
   [Code Root Fixup: 0.0 ms]
   [Code Root Purge: 0.0 ms]
   [Clear CT: 0.3 ms]
   [Other: 3.6 ms]
      [Choose CSet: 0.0 ms]
      [Ref Proc: 1.6 ms]
      [Ref Enq: 0.1 ms]
      [Redirty Cards: 0.3 ms]
      [Humongous Register: 0.1 ms]
      [Humongous Reclaim: 0.0 ms]
      [Free CSet: 0.9 ms]
   [Eden: 1080.0M(1080.0M)->0.0B(1098.0M) Survivors: 40960.0K->22528.0K Heap: 1618.3M(1868.0M)->518.8M(1868.0M)]
Heap after GC invocations=256 (full 0):
 garbage-first heap   total 1912832K, used 531269K [0x000000008b400000, 0x000000008b503a60, 0x0000000100000000)
  region size 1024K, 22 young (22528K), 22 survivors (22528K)
 Metaspace       used 147932K, capacity 155109K, committed 155312K, reserved 1183744K
  class space    used 19744K, capacity 21108K, committed 21168K, reserved 1048576K
}
 [Times: user=0.16 sys=0.00, real=0.06 secs] 
2020-07-20T09:54:13.266+0000: 2689.202: Total time for which application threads were stopped: 0.0560489 seconds, Stopping threads took: 0.0004065 seconds
{Heap before GC invocations=256 (full 0):
 garbage-first heap   total 1912832K, used 1657669K [0x000000008b400000, 0x000000008b503a60, 0x0000000100000000)
  region size 1024K, 1120 young (1146880K), 22 survivors (22528K)
 Metaspace       used 147946K, capacity 155173K, committed 155312K, reserved 1183744K
  class space    used 19744K, capacity 21108K, committed 21168K, reserved 1048576K
2020-07-20T09:54:19.625+0000: 2695.561: [GC pause (G1 Evacuation Pause) (young)
Desired survivor size 73400320 bytes, new threshold 15 (max 15)
- age   1:   11667504 bytes,   11667504 total
- age   2:     892024 bytes,   12559528 total
- age   3:     707096 bytes,   13266624 total
- age   4:     761744 bytes,   14028368 total
- age   5:     790528 bytes,   14818896 total
- age   6:     332192 bytes,   15151088 total
- age   7:     246424 bytes,   15397512 total
- age   8:    1923864 bytes,   17321376 total
- age   9:     658456 bytes,   17979832 total
- age  10:     425760 bytes,   18405592 total
- age  11:     453848 bytes,   18859440 total
- age  12:     494464 bytes,   19353904 total
- age  13:     505728 bytes,   19859632 total
- age  14:     337248 bytes,   20196880 total
- age  15:     358648 bytes,   20555528 total
, 0.0590892 secs]
   [Parallel Time: 55.0 ms, GC Workers: 4]
      [GC Worker Start (ms): Min: 2695561.2, Avg: 2695561.3, Max: 2695561.3, Diff: 0.0]
      [Ext Root Scanning (ms): Min: 5.4, Avg: 5.5, Max: 5.7, Diff: 0.4, Sum: 21.9]
      [Update RS (ms): Min: 27.4, Avg: 27.6, Max: 28.2, Diff: 0.8, Sum: 110.5]
         [Processed Buffers: Min: 27, Avg: 43.0, Max: 55, Diff: 28, Sum: 172]
      [Scan RS (ms): Min: 0.2, Avg: 0.3, Max: 0.5, Diff: 0.3, Sum: 1.3]
      [Code Root Scanning (ms): Min: 0.0, Avg: 0.0, Max: 0.1, Diff: 0.1, Sum: 0.1]
      [Object Copy (ms): Min: 21.0, Avg: 21.3, Max: 21.5, Diff: 0.5, Sum: 85.0]
      [Termination (ms): Min: 0.0, Avg: 0.0, Max: 0.0, Diff: 0.0, Sum: 0.0]
         [Termination Attempts: Min: 1, Avg: 2.2, Max: 4, Diff: 3, Sum: 9]
      [GC Worker Other (ms): Min: 0.0, Avg: 0.1, Max: 0.1, Diff: 0.1, Sum: 0.3]
      [GC Worker Total (ms): Min: 54.8, Avg: 54.8, Max: 54.8, Diff: 0.1, Sum: 219.2]
      [GC Worker End (ms): Min: 2695616.0, Avg: 2695616.1, Max: 2695616.1, Diff: 0.1]
   [Code Root Fixup: 0.0 ms]
   [Code Root Purge: 0.0 ms]
   [Clear CT: 0.4 ms]
   [Other: 3.7 ms]
      [Choose CSet: 0.0 ms]
      [Ref Proc: 1.7 ms]
      [Ref Enq: 0.1 ms]
      [Redirty Cards: 0.3 ms]
      [Humongous Register: 0.1 ms]
      [Humongous Reclaim: 0.1 ms]
      [Free CSet: 0.9 ms]
   [Eden: 1098.0M(1098.0M)->0.0B(1096.0M) Survivors: 22528.0K->24576.0K Heap: 1618.8M(1868.0M)->521.3M(1868.0M)]
Heap after GC invocations=257 (full 0):
 garbage-first heap   total 1912832K, used 533852K [0x000000008b400000, 0x000000008b503a60, 0x0000000100000000)
  region size 1024K, 24 young (24576K), 24 survivors (24576K)
 Metaspace       used 147946K, capacity 155173K, committed 155312K, reserved 1183744K
  class space    used 19744K, capacity 21108K, committed 21168K, reserved 1048576K
}
 [Times: user=0.18 sys=0.01, real=0.06 secs] 
2020-07-20T09:54:19.684+0000: 2695.620: Total time for which application threads were stopped: 0.0606278 seconds, Stopping threads took: 0.0002463 seconds
{Heap before GC invocations=257 (full 0):
 garbage-first heap   total 1912832K, used 1656156K [0x000000008b400000, 0x000000008b503a60, 0x0000000100000000)
  region size 1024K, 1120 young (1146880K), 24 survivors (24576K)
 Metaspace       used 147946K, capacity 155173K, committed 155312K, reserved 1183744K
  class space    used 19744K, capacity 21108K, committed 21168K, reserved 1048576K
2020-07-20T09:54:26.206+0000: 2702.141: [GC pause (G1 Evacuation Pause) (young)
Desired survivor size 73400320 bytes, new threshold 15 (max 15)
- age   1:   10548320 bytes,   10548320 total
- age   2:    5062960 bytes,   15611280 total
- age   3:     889264 bytes,   16500544 total
- age   4:     695160 bytes,   17195704 total
- age   5:     755584 bytes,   17951288 total
- age   6:     784760 bytes,   18736048 total
- age   7:     330272 bytes,   19066320 total
- age   8:     245456 bytes,   19311776 total
- age   9:     426904 bytes,   19738680 total
- age  10:     657048 bytes,   20395728 total
- age  11:     425040 bytes,   20820768 total
- age  12:     452792 bytes,   21273560 total
- age  13:     491112 bytes,   21764672 total
- age  14:     498288 bytes,   22262960 total
- age  15:     330040 bytes,   22593000 total
, 0.0699644 secs]
   [Parallel Time: 66.2 ms, GC Workers: 4]
      [GC Worker Start (ms): Min: 2702141.9, Avg: 2702141.9, Max: 2702142.0, Diff: 0.1]
      [Ext Root Scanning (ms): Min: 5.1, Avg: 5.2, Max: 5.4, Diff: 0.3, Sum: 20.9]
      [Update RS (ms): Min: 29.8, Avg: 29.9, Max: 30.1, Diff: 0.4, Sum: 119.5]
         [Processed Buffers: Min: 23, Avg: 42.5, Max: 82, Diff: 59, Sum: 170]
      [Scan RS (ms): Min: 0.1, Avg: 0.3, Max: 0.5, Diff: 0.3, Sum: 1.4]
      [Code Root Scanning (ms): Min: 0.0, Avg: 0.0, Max: 0.1, Diff: 0.1, Sum: 0.1]
      [Object Copy (ms): Min: 30.4, Avg: 30.5, Max: 30.7, Diff: 0.3, Sum: 122.2]
      [Termination (ms): Min: 0.0, Avg: 0.0, Max: 0.0, Diff: 0.0, Sum: 0.1]
         [Termination Attempts: Min: 1, Avg: 2.8, Max: 4, Diff: 3, Sum: 11]
      [GC Worker Other (ms): Min: 0.0, Avg: 0.0, Max: 0.0, Diff: 0.0, Sum: 0.1]
      [GC Worker Total (ms): Min: 66.0, Avg: 66.0, Max: 66.1, Diff: 0.1, Sum: 264.2]
      [GC Worker End (ms): Min: 2702207.9, Avg: 2702208.0, Max: 2702208.0, Diff: 0.0]
   [Code Root Fixup: 0.0 ms]
   [Code Root Purge: 0.0 ms]
   [Clear CT: 0.3 ms]
   [Other: 3.4 ms]
      [Choose CSet: 0.0 ms]
      [Ref Proc: 1.6 ms]
      [Ref Enq: 0.1 ms]
      [Redirty Cards: 0.3 ms]
      [Humongous Register: 0.2 ms]
      [Humongous Reclaim: 0.0 ms]
      [Free CSet: 0.9 ms]
   [Eden: 1096.0M(1096.0M)->0.0B(1091.0M) Survivors: 24576.0K->29696.0K Heap: 1617.3M(1868.0M)->526.8M(1868.0M)]
Heap after GC invocations=258 (full 0):
 garbage-first heap   total 1912832K, used 539478K [0x000000008b400000, 0x000000008b503a60, 0x0000000100000000)
  region size 1024K, 29 young (29696K), 29 survivors (29696K)
 Metaspace       used 147946K, capacity 155173K, committed 155312K, reserved 1183744K
  class space    used 19744K, capacity 21108K, committed 21168K, reserved 1048576K
}
 [Times: user=0.20 sys=0.01, real=0.07 secs] 
2020-07-20T09:54:26.276+0000: 2702.212: Total time for which application threads were stopped: 0.0734249 seconds, Stopping threads took: 0.0024584 seconds
{Heap before GC invocations=258 (full 0):
 garbage-first heap   total 1912832K, used 1656662K [0x000000008b400000, 0x000000008b503a60, 0x0000000100000000)
  region size 1024K, 1120 young (1146880K), 29 survivors (29696K)
 Metaspace       used 147946K, capacity 155173K, committed 155312K, reserved 1183744K
  class space    used 19744K, capacity 21108K, committed 21168K, reserved 1048576K
2020-07-20T09:54:29.961+0000: 2705.897: [GC pause (G1 Evacuation Pause) (young)
Desired survivor size 73400320 bytes, new threshold 15 (max 15)
- age   1:   11341576 bytes,   11341576 total
- age   2:    5868216 bytes,   17209792 total
- age   3:    4992080 bytes,   22201872 total
- age   4:     888408 bytes,   23090280 total
- age   5:     694968 bytes,   23785248 total
- age   6:     755584 bytes,   24540832 total
- age   7:     784696 bytes,   25325528 total
- age   8:     330120 bytes,   25655648 total
- age   9:     245408 bytes,   25901056 total
- age  10:     426880 bytes,   26327936 total
- age  11:     655944 bytes,   26983880 total
- age  12:     424928 bytes,   27408808 total
- age  13:     452104 bytes,   27860912 total
- age  14:     487544 bytes,   28348456 total
- age  15:     491480 bytes,   28839936 total
, 0.0932871 secs]
   [Parallel Time: 86.4 ms, GC Workers: 4]
      [GC Worker Start (ms): Min: 2705897.5, Avg: 2705897.5, Max: 2705897.6, Diff: 0.1]
      [Ext Root Scanning (ms): Min: 5.0, Avg: 5.1, Max: 5.2, Diff: 0.2, Sum: 20.4]
      [Update RS (ms): Min: 19.6, Avg: 19.7, Max: 19.7, Diff: 0.1, Sum: 78.6]
         [Processed Buffers: Min: 21, Avg: 34.2, Max: 50, Diff: 29, Sum: 137]
      [Scan RS (ms): Min: 0.2, Avg: 0.3, Max: 0.3, Diff: 0.0, Sum: 1.1]
      [Code Root Scanning (ms): Min: 0.0, Avg: 0.0, Max: 0.0, Diff: 0.0, Sum: 0.1]
      [Object Copy (ms): Min: 57.8, Avg: 57.9, Max: 58.0, Diff: 0.2, Sum: 231.6]
      [Termination (ms): Min: 0.0, Avg: 0.9, Max: 3.3, Diff: 3.3, Sum: 3.7]
         [Termination Attempts: Min: 1, Avg: 16.0, Max: 27, Diff: 26, Sum: 64]
      [GC Worker Other (ms): Min: 0.0, Avg: 0.0, Max: 0.0, Diff: 0.0, Sum: 0.1]
      [GC Worker Total (ms): Min: 83.1, Avg: 83.9, Max: 86.2, Diff: 3.2, Sum: 335.6]
      [GC Worker End (ms): Min: 2705980.6, Avg: 2705981.4, Max: 2705983.8, Diff: 3.2]
   [Code Root Fixup: 0.0 ms]
   [Code Root Purge: 0.0 ms]
   [Clear CT: 0.5 ms]
   [Other: 6.3 ms]
      [Choose CSet: 0.0 ms]
      [Ref Proc: 4.1 ms]
      [Ref Enq: 0.2 ms]
      [Redirty Cards: 0.6 ms]
      [Humongous Register: 0.1 ms]
      [Humongous Reclaim: 0.0 ms]
      [Free CSet: 0.9 ms]
   [Eden: 1091.0M(1091.0M)->0.0B(1063.0M) Survivors: 29696.0K->52224.0K Heap: 1617.8M(1868.0M)->550.1M(1868.0M)]
Heap after GC invocations=259 (full 0):
 garbage-first heap   total 1912832K, used 563277K [0x000000008b400000, 0x000000008b503a60, 0x0000000100000000)
  region size 1024K, 51 young (52224K), 51 survivors (52224K)
 Metaspace       used 147946K, capacity 155173K, committed 155312K, reserved 1183744K
  class space    used 19744K, capacity 21108K, committed 21168K, reserved 1048576K
}
 [Times: user=0.26 sys=0.00, real=0.09 secs] 
2020-07-20T09:54:30.055+0000: 2705.991: Total time for which application threads were stopped: 0.0981022 seconds, Stopping threads took: 0.0039347 seconds
{Heap before GC invocations=259 (full 0):
 garbage-first heap   total 1912832K, used 1653837K [0x000000008b400000, 0x000000008b503a60, 0x0000000100000000)
  region size 1024K, 1114 young (1140736K), 51 survivors (52224K)
 Metaspace       used 147948K, capacity 155173K, committed 155312K, reserved 1183744K
  class space    used 19744K, capacity 21108K, committed 21168K, reserved 1048576K
2020-07-20T09:54:33.294+0000: 2709.230: [GC pause (G1 Evacuation Pause) (young)
Desired survivor size 73400320 bytes, new threshold 15 (max 15)
- age   1:   29285936 bytes,   29285936 total
- age   2:    6186600 bytes,   35472536 total
- age   3:    5841824 bytes,   41314360 total
- age   4:    4990424 bytes,   46304784 total
- age   5:     886312 bytes,   47191096 total
- age   6:     694400 bytes,   47885496 total
- age   7:     743016 bytes,   48628512 total
- age   8:     784536 bytes,   49413048 total
- age   9:     329896 bytes,   49742944 total
- age  10:     245152 bytes,   49988096 total
- age  11:     426720 bytes,   50414816 total
- age  12:     655912 bytes,   51070728 total
- age  13:     424704 bytes,   51495432 total
- age  14:     452072 bytes,   51947504 total
- age  15:     484256 bytes,   52431760 total
, 0.0775002 secs]
   [Parallel Time: 73.3 ms, GC Workers: 4]
      [GC Worker Start (ms): Min: 2709230.0, Avg: 2709230.1, Max: 2709230.1, Diff: 0.1]
      [Ext Root Scanning (ms): Min: 8.6, Avg: 8.9, Max: 9.1, Diff: 0.5, Sum: 35.7]
      [Update RS (ms): Min: 21.4, Avg: 21.5, Max: 21.6, Diff: 0.2, Sum: 85.9]
         [Processed Buffers: Min: 16, Avg: 34.8, Max: 60, Diff: 44, Sum: 139]
      [Scan RS (ms): Min: 0.3, Avg: 0.4, Max: 0.4, Diff: 0.2, Sum: 1.4]
      [Code Root Scanning (ms): Min: 0.0, Avg: 0.0, Max: 0.0, Diff: 0.0, Sum: 0.1]
      [Object Copy (ms): Min: 42.1, Avg: 42.3, Max: 42.5, Diff: 0.4, Sum: 169.1]
      [Termination (ms): Min: 0.0, Avg: 0.0, Max: 0.0, Diff: 0.0, Sum: 0.1]
         [Termination Attempts: Min: 1, Avg: 4.0, Max: 6, Diff: 5, Sum: 16]
      [GC Worker Other (ms): Min: 0.1, Avg: 0.1, Max: 0.1, Diff: 0.1, Sum: 0.3]
      [GC Worker Total (ms): Min: 73.1, Avg: 73.2, Max: 73.2, Diff: 0.1, Sum: 292.6]
      [GC Worker End (ms): Min: 2709303.2, Avg: 2709303.2, Max: 2709303.2, Diff: 0.0]
   [Code Root Fixup: 0.0 ms]
   [Code Root Purge: 0.0 ms]
   [Clear CT: 0.3 ms]
   [Other: 3.8 ms]
      [Choose CSet: 0.0 ms]
      [Ref Proc: 1.9 ms]
      [Ref Enq: 0.1 ms]
      [Redirty Cards: 0.4 ms]
      [Humongous Register: 0.1 ms]
      [Humongous Reclaim: 0.1 ms]
      [Free CSet: 0.9 ms]
   [Eden: 1063.0M(1063.0M)->0.0B(1075.0M) Survivors: 52224.0K->46080.0K Heap: 1615.1M(1868.0M)->544.2M(1868.0M)]
Heap after GC invocations=260 (full 0):
 garbage-first heap   total 1912832K, used 557226K [0x000000008b400000, 0x000000008b503a60, 0x0000000100000000)
  region size 1024K, 45 young (46080K), 45 survivors (46080K)
 Metaspace       used 147948K, capacity 155173K, committed 155312K, reserved 1183744K
  class space    used 19744K, capacity 21108K, committed 21168K, reserved 1048576K
}
 [Times: user=0.25 sys=0.00, real=0.07 secs] 
2020-07-20T09:54:33.372+0000: 2709.308: Total time for which application threads were stopped: 0.0824870 seconds, Stopping threads took: 0.0036864 seconds
{Heap before GC invocations=260 (full 0):
 garbage-first heap   total 1912832K, used 1660074K [0x000000008b400000, 0x000000008b503a60, 0x0000000100000000)
  region size 1024K, 1120 young (1146880K), 45 survivors (46080K)
 Metaspace       used 147948K, capacity 155173K, committed 155312K, reserved 1183744K
  class space    used 19744K, capacity 21108K, committed 21168K, reserved 1048576K
2020-07-20T09:54:36.641+0000: 2712.577: [GC pause (G1 Evacuation Pause) (young)
Desired survivor size 73400320 bytes, new threshold 15 (max 15)
- age   1:   27659848 bytes,   27659848 total
- age   2:     884760 bytes,   28544608 total
- age   3:    2230440 bytes,   30775048 total
- age   4:    5839304 bytes,   36614352 total
- age   5:    1814904 bytes,   38429256 total
- age   6:     877976 bytes,   39307232 total
- age   7:     693864 bytes,   40001096 total
- age   8:     742784 bytes,   40743880 total
- age   9:     784312 bytes,   41528192 total
- age  10:     320008 bytes,   41848200 total
- age  11:     230360 bytes,   42078560 total
- age  12:     421640 bytes,   42500200 total
- age  13:     655848 bytes,   43156048 total
- age  14:     424472 bytes,   43580520 total
- age  15:     448184 bytes,   44028704 total
, 0.0986006 secs]
   [Parallel Time: 94.0 ms, GC Workers: 4]
      [GC Worker Start (ms): Min: 2712577.0, Avg: 2712577.0, Max: 2712577.1, Diff: 0.1]
      [Ext Root Scanning (ms): Min: 5.7, Avg: 5.8, Max: 6.1, Diff: 0.4, Sum: 23.3]
      [Update RS (ms): Min: 24.1, Avg: 24.2, Max: 24.8, Diff: 0.7, Sum: 97.0]
         [Processed Buffers: Min: 11, Avg: 36.0, Max: 52, Diff: 41, Sum: 144]
      [Scan RS (ms): Min: 0.3, Avg: 0.4, Max: 0.4, Diff: 0.1, Sum: 1.4]
      [Code Root Scanning (ms): Min: 0.0, Avg: 0.0, Max: 0.1, Diff: 0.1, Sum: 0.1]
      [Object Copy (ms): Min: 63.0, Avg: 63.3, Max: 63.6, Diff: 0.6, Sum: 253.4]
      [Termination (ms): Min: 0.0, Avg: 0.0, Max: 0.1, Diff: 0.1, Sum: 0.1]
         [Termination Attempts: Min: 5, Avg: 8.8, Max: 13, Diff: 8, Sum: 35]
      [GC Worker Other (ms): Min: 0.0, Avg: 0.1, Max: 0.1, Diff: 0.0, Sum: 0.2]
      [GC Worker Total (ms): Min: 93.8, Avg: 93.9, Max: 93.9, Diff: 0.1, Sum: 375.5]
      [GC Worker End (ms): Min: 2712670.9, Avg: 2712670.9, Max: 2712670.9, Diff: 0.0]
   [Code Root Fixup: 0.1 ms]
   [Code Root Purge: 0.0 ms]
   [Clear CT: 0.4 ms]
   [Other: 4.1 ms]
      [Choose CSet: 0.0 ms]
      [Ref Proc: 2.1 ms]
      [Ref Enq: 0.2 ms]
      [Redirty Cards: 0.3 ms]
      [Humongous Register: 0.1 ms]
      [Humongous Reclaim: 0.0 ms]
      [Free CSet: 0.9 ms]
   [Eden: 1075.0M(1075.0M)->0.0B(1024.0M) Survivors: 46080.0K->69632.0K Heap: 1621.2M(1868.0M)->569.9M(1868.0M)]
Heap after GC invocations=261 (full 0):
 garbage-first heap   total 1912832K, used 583526K [0x000000008b400000, 0x000000008b503a60, 0x0000000100000000)
  region size 1024K, 68 young (69632K), 68 survivors (69632K)
 Metaspace       used 147948K, capacity 155173K, committed 155312K, reserved 1183744K
  class space    used 19744K, capacity 21108K, committed 21168K, reserved 1048576K
}
 [Times: user=0.30 sys=0.01, real=0.09 secs] 
2020-07-20T09:54:36.740+0000: 2712.676: Total time for which application threads were stopped: 0.1068252 seconds, Stopping threads took: 0.0068195 seconds
{Heap before GC invocations=261 (full 0):
 garbage-first heap   total 1912832K, used 1632102K [0x000000008b400000, 0x000000008b503a60, 0x0000000100000000)
  region size 1024K, 1092 young (1118208K), 68 survivors (69632K)
 Metaspace       used 147959K, capacity 155191K, committed 155312K, reserved 1183744K
  class space    used 19745K, capacity 21111K, committed 21168K, reserved 1048576K
2020-07-20T09:54:40.045+0000: 2715.981: [GC pause (G1 Evacuation Pause) (young)
Desired survivor size 71827456 bytes, new threshold 15 (max 15)
- age   1:   31323176 bytes,   31323176 total
- age   2:   21953368 bytes,   53276544 total
- age   3:     649792 bytes,   53926336 total
- age   4:    2216824 bytes,   56143160 total
- age   5:    5838296 bytes,   61981456 total
- age   6:    1814784 bytes,   63796240 total
- age   7:     874384 bytes,   64670624 total
- age   8:     693336 bytes,   65363960 total
- age   9:     742784 bytes,   66106744 total
- age  10:     784056 bytes,   66890800 total
- age  11:     318080 bytes,   67208880 total
- age  12:     230232 bytes,   67439112 total
- age  13:     421544 bytes,   67860656 total
- age  14:     655736 bytes,   68516392 total
- age  15:     420512 bytes,   68936904 total
, 0.0883661 secs]
   [Parallel Time: 84.4 ms, GC Workers: 4]
      [GC Worker Start (ms): Min: 2715981.5, Avg: 2715981.6, Max: 2715981.6, Diff: 0.1]
      [Ext Root Scanning (ms): Min: 5.0, Avg: 5.1, Max: 5.3, Diff: 0.2, Sum: 20.5]
      [Update RS (ms): Min: 24.0, Avg: 24.2, Max: 24.3, Diff: 0.3, Sum: 96.6]
         [Processed Buffers: Min: 19, Avg: 36.0, Max: 55, Diff: 36, Sum: 144]
      [Scan RS (ms): Min: 0.2, Avg: 0.3, Max: 0.4, Diff: 0.3, Sum: 1.3]
      [Code Root Scanning (ms): Min: 0.0, Avg: 0.0, Max: 0.0, Diff: 0.0, Sum: 0.1]
      [Object Copy (ms): Min: 54.5, Avg: 54.6, Max: 54.7, Diff: 0.3, Sum: 218.4]
      [Termination (ms): Min: 0.0, Avg: 0.0, Max: 0.1, Diff: 0.1, Sum: 0.2]
         [Termination Attempts: Min: 7, Avg: 10.5, Max: 13, Diff: 6, Sum: 42]
      [GC Worker Other (ms): Min: 0.0, Avg: 0.0, Max: 0.0, Diff: 0.0, Sum: 0.1]
      [GC Worker Total (ms): Min: 84.3, Avg: 84.3, Max: 84.3, Diff: 0.1, Sum: 337.3]
      [GC Worker End (ms): Min: 2716065.9, Avg: 2716065.9, Max: 2716065.9, Diff: 0.0]
   [Code Root Fixup: 0.0 ms]
   [Code Root Purge: 0.0 ms]
   [Clear CT: 0.4 ms]
   [Other: 3.5 ms]
      [Choose CSet: 0.0 ms]
      [Ref Proc: 1.7 ms]
      [Ref Enq: 0.1 ms]
      [Redirty Cards: 0.4 ms]
      [Humongous Register: 0.1 ms]
      [Humongous Reclaim: 0.1 ms]
      [Free CSet: 0.9 ms]
   [Eden: 1024.0M(1024.0M)->0.0B(1055.0M) Survivors: 69632.0K->55296.0K Heap: 1593.9M(1868.0M)->555.1M(1868.0M)]
Heap after GC invocations=262 (full 0):
 garbage-first heap   total 1912832K, used 568424K [0x000000008b400000, 0x000000008b503a60, 0x0000000100000000)
  region size 1024K, 54 young (55296K), 54 survivors (55296K)
 Metaspace       used 147959K, capacity 155191K, committed 155312K, reserved 1183744K
  class space    used 19745K, capacity 21111K, committed 21168K, reserved 1048576K
}
 [Times: user=0.24 sys=0.03, real=0.09 secs] 
2020-07-20T09:54:40.134+0000: 2716.070: Total time for which application threads were stopped: 0.0926020 seconds, Stopping threads took: 0.0033715 seconds
{Heap before GC invocations=262 (full 0):
 garbage-first heap   total 1912832K, used 1650792K [0x000000008b400000, 0x000000008b503a60, 0x0000000100000000)
  region size 1024K, 1109 young (1135616K), 54 survivors (55296K)
 Metaspace       used 147959K, capacity 155191K, committed 155312K, reserved 1183744K
  class space    used 19745K, capacity 21111K, committed 21168K, reserved 1048576K
2020-07-20T09:54:43.370+0000: 2719.306: [GC pause (G1 Evacuation Pause) (young)
Desired survivor size 72876032 bytes, new threshold 15 (max 15)
- age   1:   28103248 bytes,   28103248 total
- age   2:   10447672 bytes,   38550920 total
- age   3:     408688 bytes,   38959608 total
- age   4:     649384 bytes,   39608992 total
- age   5:    2214824 bytes,   41823816 total
- age   6:    5835184 bytes,   47659000 total
- age   7:    1814432 bytes,   49473432 total
- age   8:     871616 bytes,   50345048 total
- age   9:     693208 bytes,   51038256 total
- age  10:     742752 bytes,   51781008 total
- age  11:     783960 bytes,   52564968 total
- age  12:     315768 bytes,   52880736 total
- age  13:     230104 bytes,   53110840 total
- age  14:     421384 bytes,   53532224 total
- age  15:     653024 bytes,   54185248 total
, 0.0765002 secs]
   [Parallel Time: 71.4 ms, GC Workers: 4]
      [GC Worker Start (ms): Min: 2719306.9, Avg: 2719306.9, Max: 2719307.0, Diff: 0.1]
      [Ext Root Scanning (ms): Min: 5.0, Avg: 5.1, Max: 5.2, Diff: 0.2, Sum: 20.3]
      [Update RS (ms): Min: 24.3, Avg: 24.5, Max: 24.7, Diff: 0.4, Sum: 98.0]
         [Processed Buffers: Min: 24, Avg: 36.2, Max: 52, Diff: 28, Sum: 145]
      [Scan RS (ms): Min: 0.2, Avg: 0.3, Max: 0.4, Diff: 0.2, Sum: 1.3]
      [Code Root Scanning (ms): Min: 0.0, Avg: 0.0, Max: 0.1, Diff: 0.1, Sum: 0.1]
      [Object Copy (ms): Min: 41.0, Avg: 41.2, Max: 41.3, Diff: 0.3, Sum: 164.8]
      [Termination (ms): Min: 0.0, Avg: 0.0, Max: 0.1, Diff: 0.1, Sum: 0.2]
         [Termination Attempts: Min: 1, Avg: 6.2, Max: 11, Diff: 10, Sum: 25]
      [GC Worker Other (ms): Min: 0.0, Avg: 0.0, Max: 0.0, Diff: 0.0, Sum: 0.1]
      [GC Worker Total (ms): Min: 71.2, Avg: 71.2, Max: 71.2, Diff: 0.0, Sum: 284.8]
      [GC Worker End (ms): Min: 2719378.1, Avg: 2719378.1, Max: 2719378.2, Diff: 0.0]
   [Code Root Fixup: 0.0 ms]
   [Code Root Purge: 0.0 ms]
   [Clear CT: 0.4 ms]
   [Other: 4.7 ms]
      [Choose CSet: 0.0 ms]
      [Ref Proc: 2.4 ms]
      [Ref Enq: 0.2 ms]
      [Redirty Cards: 0.4 ms]
      [Humongous Register: 0.2 ms]
      [Humongous Reclaim: 0.0 ms]
      [Free CSet: 0.9 ms]
   [Eden: 1055.0M(1055.0M)->0.0B(1079.0M) Survivors: 55296.0K->41984.0K Heap: 1612.1M(1868.0M)->542.9M(1868.0M)]
Heap after GC invocations=263 (full 0):
 garbage-first heap   total 1912832K, used 555888K [0x000000008b400000, 0x000000008b503a60, 0x0000000100000000)
  region size 1024K, 41 young (41984K), 41 survivors (41984K)
 Metaspace       used 147959K, capacity 155191K, committed 155312K, reserved 1183744K
  class space    used 19745K, capacity 21111K, committed 21168K, reserved 1048576K
}
 [Times: user=0.24 sys=0.00, real=0.09 secs] 
2020-07-20T09:54:43.457+0000: 2719.393: Total time for which application threads were stopped: 0.0935019 seconds, Stopping threads took: 0.0061474 seconds
{Heap before GC invocations=263 (full 0):
 garbage-first heap   total 1912832K, used 1662832K [0x000000008b400000, 0x000000008b503a60, 0x0000000100000000)
  region size 1024K, 1120 young (1146880K), 41 survivors (41984K)
 Metaspace       used 147959K, capacity 155191K, committed 155312K, reserved 1183744K
  class space    used 19745K, capacity 21111K, committed 21168K, reserved 1048576K
2020-07-20T09:54:47.314+0000: 2723.249: [GC pause (G1 Evacuation Pause) (young)
Desired survivor size 73400320 bytes, new threshold 15 (max 15)
- age   1:   25382576 bytes,   25382576 total
- age   2:     489152 bytes,   25871728 total
- age   3:     571008 bytes,   26442736 total
- age   4:     398848 bytes,   26841584 total
- age   5:     540640 bytes,   27382224 total
- age   6:    2196784 bytes,   29579008 total
- age   7:    5834848 bytes,   35413856 total
- age   8:    1769344 bytes,   37183200 total
- age   9:     867496 bytes,   38050696 total
- age  10:     693144 bytes,   38743840 total
- age  11:     741832 bytes,   39485672 total
- age  12:     769984 bytes,   40255656 total
- age  13:     314984 bytes,   40570640 total
- age  14:     229688 bytes,   40800328 total
- age  15:     418560 bytes,   41218888 total
, 0.0974826 secs]
   [Parallel Time: 93.0 ms, GC Workers: 4]
      [GC Worker Start (ms): Min: 2723249.6, Avg: 2723249.7, Max: 2723249.7, Diff: 0.1]
      [Ext Root Scanning (ms): Min: 5.0, Avg: 5.1, Max: 5.3, Diff: 0.3, Sum: 20.5]
      [Update RS (ms): Min: 21.1, Avg: 21.3, Max: 21.5, Diff: 0.4, Sum: 85.1]
         [Processed Buffers: Min: 25, Avg: 36.8, Max: 47, Diff: 22, Sum: 147]
      [Scan RS (ms): Min: 0.2, Avg: 0.3, Max: 0.4, Diff: 0.3, Sum: 1.3]
      [Code Root Scanning (ms): Min: 0.0, Avg: 0.0, Max: 0.1, Diff: 0.1, Sum: 0.1]
      [Object Copy (ms): Min: 65.9, Avg: 66.0, Max: 66.2, Diff: 0.3, Sum: 264.2]
      [Termination (ms): Min: 0.0, Avg: 0.0, Max: 0.0, Diff: 0.0, Sum: 0.0]
         [Termination Attempts: Min: 1, Avg: 2.5, Max: 4, Diff: 3, Sum: 10]
      [GC Worker Other (ms): Min: 0.0, Avg: 0.1, Max: 0.1, Diff: 0.1, Sum: 0.3]
      [GC Worker Total (ms): Min: 92.8, Avg: 92.9, Max: 92.9, Diff: 0.1, Sum: 371.5]
      [GC Worker End (ms): Min: 2723342.5, Avg: 2723342.5, Max: 2723342.6, Diff: 0.1]
   [Code Root Fixup: 0.0 ms]
   [Code Root Purge: 0.0 ms]
   [Clear CT: 0.5 ms]
   [Other: 3.9 ms]
      [Choose CSet: 0.0 ms]
      [Ref Proc: 2.0 ms]
      [Ref Enq: 0.1 ms]
      [Redirty Cards: 0.3 ms]
      [Humongous Register: 0.1 ms]
      [Humongous Reclaim: 0.0 ms]
      [Free CSet: 0.9 ms]
   [Eden: 1079.0M(1079.0M)->0.0B(1022.0M) Survivors: 41984.0K->69632.0K Heap: 1623.9M(1868.0M)->572.4M(1868.0M)]
Heap after GC invocations=264 (full 0):
 garbage-first heap   total 1912832K, used 586134K [0x000000008b400000, 0x000000008b503a60, 0x0000000100000000)
  region size 1024K, 68 young (69632K), 68 survivors (69632K)
 Metaspace       used 147959K, capacity 155191K, committed 155312K, reserved 1183744K
  class space    used 19745K, capacity 21111K, committed 21168K, reserved 1048576K
}
 [Times: user=0.31 sys=0.01, real=0.09 secs] 
2020-07-20T09:54:47.411+0000: 2723.347: Total time for which application threads were stopped: 0.0992118 seconds, Stopping threads took: 0.0008119 seconds
{Heap before GC invocations=264 (full 0):
 garbage-first heap   total 1912832K, used 1634710K [0x000000008b400000, 0x000000008b503a60, 0x0000000100000000)
  region size 1024K, 1090 young (1116160K), 68 survivors (69632K)
 Metaspace       used 147959K, capacity 155191K, committed 155312K, reserved 1183744K
  class space    used 19745K, capacity 21111K, committed 21168K, reserved 1048576K
2020-07-20T09:54:50.618+0000: 2726.554: [GC pause (G1 Evacuation Pause) (young)
Desired survivor size 71827456 bytes, new threshold 15 (max 15)
- age   1:   36037848 bytes,   36037848 total
- age   2:   19207904 bytes,   55245752 total
- age   3:     487992 bytes,   55733744 total
- age   4:     570088 bytes,   56303832 total
- age   5:     398144 bytes,   56701976 total
- age   6:     537432 bytes,   57239408 total
- age   7:    2196720 bytes,   59436128 total
- age   8:    4332880 bytes,   63769008 total
- age   9:    1764616 bytes,   65533624 total
- age  10:     867432 bytes,   66401056 total
- age  11:     692112 bytes,   67093168 total
- age  12:     739872 bytes,   67833040 total
- age  13:     769856 bytes,   68602896 total
- age  14:     314840 bytes,   68917736 total
- age  15:     229104 bytes,   69146840 total
, 0.0793322 secs]
   [Parallel Time: 74.7 ms, GC Workers: 4]
      [GC Worker Start (ms): Min: 2726554.0, Avg: 2726554.0, Max: 2726554.1, Diff: 0.1]
      [Ext Root Scanning (ms): Min: 5.1, Avg: 5.1, Max: 5.3, Diff: 0.2, Sum: 20.6]
      [Update RS (ms): Min: 22.7, Avg: 22.7, Max: 22.8, Diff: 0.1, Sum: 90.9]
         [Processed Buffers: Min: 26, Avg: 34.0, Max: 44, Diff: 18, Sum: 136]
      [Scan RS (ms): Min: 0.2, Avg: 0.3, Max: 0.4, Diff: 0.2, Sum: 1.3]
      [Code Root Scanning (ms): Min: 0.0, Avg: 0.0, Max: 0.0, Diff: 0.0, Sum: 0.1]
      [Object Copy (ms): Min: 46.1, Avg: 46.2, Max: 46.3, Diff: 0.2, Sum: 184.8]
      [Termination (ms): Min: 0.0, Avg: 0.0, Max: 0.0, Diff: 0.0, Sum: 0.0]
         [Termination Attempts: Min: 1, Avg: 1.0, Max: 1, Diff: 0, Sum: 4]
      [GC Worker Other (ms): Min: 0.0, Avg: 0.1, Max: 0.2, Diff: 0.1, Sum: 0.4]
      [GC Worker Total (ms): Min: 74.5, Avg: 74.5, Max: 74.6, Diff: 0.1, Sum: 298.1]
      [GC Worker End (ms): Min: 2726628.5, Avg: 2726628.6, Max: 2726628.6, Diff: 0.1]
   [Code Root Fixup: 0.1 ms]
   [Code Root Purge: 0.0 ms]
   [Clear CT: 0.5 ms]
   [Other: 4.1 ms]
      [Choose CSet: 0.0 ms]
      [Ref Proc: 1.9 ms]
      [Ref Enq: 0.3 ms]
      [Redirty Cards: 0.4 ms]
      [Humongous Register: 0.1 ms]
      [Humongous Reclaim: 0.0 ms]
      [Free CSet: 1.1 ms]
   [Eden: 1022.0M(1022.0M)->0.0B(1054.0M) Survivors: 69632.0K->53248.0K Heap: 1596.4M(1868.0M)->556.4M(1868.0M)]
Heap after GC invocations=265 (full 0):
 garbage-first heap   total 1912832K, used 569788K [0x000000008b400000, 0x000000008b503a60, 0x0000000100000000)
  region size 1024K, 52 young (53248K), 52 survivors (53248K)
 Metaspace       used 147959K, capacity 155191K, committed 155312K, reserved 1183744K
  class space    used 19745K, capacity 21111K, committed 21168K, reserved 1048576K
}
 [Times: user=0.27 sys=0.01, real=0.08 secs] 
2020-07-20T09:54:50.697+0000: 2726.633: Total time for which application threads were stopped: 0.0804340 seconds, Stopping threads took: 0.0002617 seconds
{Heap before GC invocations=265 (full 0):
 garbage-first heap   total 1912832K, used 1651132K [0x000000008b400000, 0x000000008b503a60, 0x0000000100000000)
  region size 1024K, 1106 young (1132544K), 52 survivors (53248K)
 Metaspace       used 147959K, capacity 155191K, committed 155312K, reserved 1183744K
  class space    used 19745K, capacity 21111K, committed 21168K, reserved 1048576K
2020-07-20T09:54:53.855+0000: 2729.791: [GC pause (G1 Evacuation Pause) (young)
Desired survivor size 72876032 bytes, new threshold 15 (max 15)
- age   1:   26093856 bytes,   26093856 total
- age   2:   11946024 bytes,   38039880 total
- age   3:     850944 bytes,   38890824 total
- age   4:     487576 bytes,   39378400 total
- age   5:     567608 bytes,   39946008 total
- age   6:     397184 bytes,   40343192 total
- age   7:     537160 bytes,   40880352 total
- age   8:    2196128 bytes,   43076480 total
- age   9:    4329600 bytes,   47406080 total
- age  10:    1764440 bytes,   49170520 total
- age  11:     776192 bytes,   49946712 total
- age  12:     612384 bytes,   50559096 total
- age  13:     677504 bytes,   51236600 total
- age  14:     713408 bytes,   51950008 total
- age  15:     307984 bytes,   52257992 total
, 0.1047056 secs]
   [Parallel Time: 100.9 ms, GC Workers: 4]
      [GC Worker Start (ms): Min: 2729791.3, Avg: 2729791.7, Max: 2729792.6, Diff: 1.2]
      [Ext Root Scanning (ms): Min: 4.4, Avg: 5.3, Max: 5.7, Diff: 1.4, Sum: 21.2]
      [Update RS (ms): Min: 23.9, Avg: 24.0, Max: 24.2, Diff: 0.3, Sum: 96.2]
         [Processed Buffers: Min: 22, Avg: 37.0, Max: 60, Diff: 38, Sum: 148]
      [Scan RS (ms): Min: 0.2, Avg: 0.3, Max: 0.5, Diff: 0.3, Sum: 1.4]
      [Code Root Scanning (ms): Min: 0.0, Avg: 0.0, Max: 0.0, Diff: 0.0, Sum: 0.1]
      [Object Copy (ms): Min: 70.5, Avg: 70.7, Max: 70.8, Diff: 0.2, Sum: 282.6]
      [Termination (ms): Min: 0.0, Avg: 0.0, Max: 0.1, Diff: 0.1, Sum: 0.2]
         [Termination Attempts: Min: 12, Avg: 13.5, Max: 16, Diff: 4, Sum: 54]
      [GC Worker Other (ms): Min: 0.0, Avg: 0.0, Max: 0.0, Diff: 0.0, Sum: 0.1]
      [GC Worker Total (ms): Min: 99.6, Avg: 100.4, Max: 100.7, Diff: 1.2, Sum: 401.7]
      [GC Worker End (ms): Min: 2729892.1, Avg: 2729892.1, Max: 2729892.2, Diff: 0.1]
   [Code Root Fixup: 0.1 ms]
   [Code Root Purge: 0.0 ms]
   [Clear CT: 0.3 ms]
   [Other: 3.4 ms]
      [Choose CSet: 0.0 ms]
      [Ref Proc: 1.6 ms]
      [Ref Enq: 0.1 ms]
      [Redirty Cards: 0.3 ms]
      [Humongous Register: 0.1 ms]
      [Humongous Reclaim: 0.0 ms]
      [Free CSet: 0.9 ms]
   [Eden: 1054.0M(1054.0M)->0.0B(997.0M) Survivors: 53248.0K->79872.0K Heap: 1612.4M(1868.0M)->584.8M(1868.0M)]
Heap after GC invocations=266 (full 0):
 garbage-first heap   total 1912832K, used 598865K [0x000000008b400000, 0x000000008b503a60, 0x0000000100000000)
  region size 1024K, 78 young (79872K), 78 survivors (79872K)
 Metaspace       used 147959K, capacity 155191K, committed 155312K, reserved 1183744K
  class space    used 19745K, capacity 21111K, committed 21168K, reserved 1048576K
}
 [Times: user=0.34 sys=0.02, real=0.10 secs] 
2020-07-20T09:54:53.960+0000: 2729.896: Total time for which application threads were stopped: 0.1117981 seconds, Stopping threads took: 0.0061293 seconds
{Heap before GC invocations=266 (full 0):
 garbage-first heap   total 1912832K, used 1619793K [0x000000008b400000, 0x000000008b503a60, 0x0000000100000000)
  region size 1024K, 1075 young (1100800K), 78 survivors (79872K)
 Metaspace       used 147959K, capacity 155191K, committed 155312K, reserved 1183744K
  class space    used 19745K, capacity 21111K, committed 21168K, reserved 1048576K
2020-07-20T09:54:56.693+0000: 2732.629: [GC pause (G1 Evacuation Pause) (young)
Desired survivor size 70778880 bytes, new threshold 9 (max 15)
- age   1:   33223392 bytes,   33223392 total
- age   2:   20868864 bytes,   54092256 total
- age   3:   11919232 bytes,   66011488 total
- age   4:     850736 bytes,   66862224 total
- age   5:     487448 bytes,   67349672 total
- age   6:     567368 bytes,   67917040 total
- age   7:     396928 bytes,   68313968 total
- age   8:     533352 bytes,   68847320 total
- age   9:    2195552 bytes,   71042872 total
- age  10:    4328960 bytes,   75371832 total
- age  11:    1763064 bytes,   77134896 total
- age  12:     759616 bytes,   77894512 total
- age  13:     604560 bytes,   78499072 total
- age  14:     669648 bytes,   79168720 total
- age  15:     706776 bytes,   79875496 total
, 0.0937108 secs]
   [Parallel Time: 89.4 ms, GC Workers: 4]
      [GC Worker Start (ms): Min: 2732629.3, Avg: 2732629.4, Max: 2732629.4, Diff: 0.1]
      [Ext Root Scanning (ms): Min: 6.4, Avg: 7.3, Max: 9.7, Diff: 3.3, Sum: 29.3]
      [Update RS (ms): Min: 24.6, Avg: 26.6, Max: 27.4, Diff: 2.8, Sum: 106.4]
         [Processed Buffers: Min: 14, Avg: 37.2, Max: 51, Diff: 37, Sum: 149]
      [Scan RS (ms): Min: 0.3, Avg: 0.4, Max: 0.4, Diff: 0.1, Sum: 1.4]
      [Code Root Scanning (ms): Min: 0.0, Avg: 0.0, Max: 0.0, Diff: 0.0, Sum: 0.1]
      [Object Copy (ms): Min: 54.6, Avg: 54.8, Max: 55.0, Diff: 0.4, Sum: 219.1]
      [Termination (ms): Min: 0.0, Avg: 0.0, Max: 0.0, Diff: 0.0, Sum: 0.1]
         [Termination Attempts: Min: 10, Avg: 16.8, Max: 20, Diff: 10, Sum: 67]
      [GC Worker Other (ms): Min: 0.0, Avg: 0.1, Max: 0.1, Diff: 0.1, Sum: 0.2]
      [GC Worker Total (ms): Min: 89.1, Avg: 89.2, Max: 89.2, Diff: 0.1, Sum: 356.7]
      [GC Worker End (ms): Min: 2732718.5, Avg: 2732718.5, Max: 2732718.5, Diff: 0.0]
   [Code Root Fixup: 0.1 ms]
   [Code Root Purge: 0.0 ms]
   [Clear CT: 0.3 ms]
   [Other: 3.9 ms]
      [Choose CSet: 0.0 ms]
      [Ref Proc: 1.9 ms]
      [Ref Enq: 0.2 ms]
      [Redirty Cards: 0.4 ms]
      [Humongous Register: 0.1 ms]
      [Humongous Reclaim: 0.1 ms]
      [Free CSet: 0.9 ms]
   [Eden: 997.0M(997.0M)->0.0B(1054.0M) Survivors: 79872.0K->47104.0K Heap: 1581.8M(1868.0M)->562.2M(1868.0M)]
Heap after GC invocations=267 (full 0):
 garbage-first heap   total 1912832K, used 575660K [0x000000008b400000, 0x000000008b503a60, 0x0000000100000000)
  region size 1024K, 46 young (47104K), 46 survivors (47104K)
 Metaspace       used 147959K, capacity 155191K, committed 155312K, reserved 1183744K
  class space    used 19745K, capacity 21111K, committed 21168K, reserved 1048576K
}
 [Times: user=0.30 sys=0.01, real=0.09 secs] 
2020-07-20T09:54:56.787+0000: 2732.723: Total time for which application threads were stopped: 0.0961943 seconds, Stopping threads took: 0.0006783 seconds
{Heap before GC invocations=267 (full 0):
 garbage-first heap   total 1912832K, used 1657004K [0x000000008b400000, 0x000000008b503a60, 0x0000000100000000)
  region size 1024K, 1100 young (1126400K), 46 survivors (47104K)
 Metaspace       used 147959K, capacity 155191K, committed 155312K, reserved 1183744K
  class space    used 19745K, capacity 21111K, committed 21168K, reserved 1048576K
2020-07-20T09:54:59.962+0000: 2735.898: [GC pause (G1 Evacuation Pause) (young)
Desired survivor size 72351744 bytes, new threshold 15 (max 15)
- age   1:   23317080 bytes,   23317080 total
- age   2:   16588792 bytes,   39905872 total
- age   3:    1090536 bytes,   40996408 total
- age   4:    1928120 bytes,   42924528 total
- age   5:     850512 bytes,   43775040 total
- age   6:     487256 bytes,   44262296 total
- age   7:     566792 bytes,   44829088 total
- age   8:     391056 bytes,   45220144 total
- age   9:     524456 bytes,   45744600 total
, 0.1177707 secs]
   [Parallel Time: 113.6 ms, GC Workers: 4]
      [GC Worker Start (ms): Min: 2735898.5, Avg: 2735898.6, Max: 2735898.6, Diff: 0.1]
      [Ext Root Scanning (ms): Min: 5.1, Avg: 5.2, Max: 5.3, Diff: 0.2, Sum: 20.9]
      [Update RS (ms): Min: 42.9, Avg: 43.0, Max: 43.0, Diff: 0.1, Sum: 171.9]
         [Processed Buffers: Min: 38, Avg: 52.8, Max: 63, Diff: 25, Sum: 211]
      [Scan RS (ms): Min: 0.2, Avg: 0.3, Max: 0.4, Diff: 0.1, Sum: 1.2]
      [Code Root Scanning (ms): Min: 0.0, Avg: 0.0, Max: 0.0, Diff: 0.0, Sum: 0.1]
      [Object Copy (ms): Min: 64.8, Avg: 64.9, Max: 65.0, Diff: 0.2, Sum: 259.6]
      [Termination (ms): Min: 0.0, Avg: 0.0, Max: 0.1, Diff: 0.1, Sum: 0.1]
         [Termination Attempts: Min: 8, Avg: 11.0, Max: 13, Diff: 5, Sum: 44]
      [GC Worker Other (ms): Min: 0.0, Avg: 0.0, Max: 0.0, Diff: 0.0, Sum: 0.1]
      [GC Worker Total (ms): Min: 113.5, Avg: 113.5, Max: 113.5, Diff: 0.0, Sum: 453.9]
      [GC Worker End (ms): Min: 2736012.0, Avg: 2736012.1, Max: 2736012.1, Diff: 0.0]
   [Code Root Fixup: 0.1 ms]
   [Code Root Purge: 0.0 ms]
   [Clear CT: 0.4 ms]
   [Other: 3.7 ms]
      [Choose CSet: 0.0 ms]
      [Ref Proc: 1.8 ms]
      [Ref Enq: 0.1 ms]
      [Redirty Cards: 0.2 ms]
      [Humongous Register: 0.2 ms]
      [Humongous Reclaim: 0.0 ms]
      [Free CSet: 0.9 ms]
   [Eden: 1054.0M(1054.0M)->0.0B(1000.0M) Survivors: 47104.0K->72704.0K Heap: 1618.2M(1868.0M)->589.2M(1868.0M)]
Heap after GC invocations=268 (full 0):
 garbage-first heap   total 1912832K, used 603308K [0x000000008b400000, 0x000000008b503a60, 0x0000000100000000)
  region size 1024K, 71 young (72704K), 71 survivors (72704K)
 Metaspace       used 147959K, capacity 155191K, committed 155312K, reserved 1183744K
  class space    used 19745K, capacity 21111K, committed 21168K, reserved 1048576K
}
 [Times: user=0.36 sys=0.02, real=0.11 secs] 
2020-07-20T09:55:00.080+0000: 2736.016: Total time for which application threads were stopped: 0.1226311 seconds, Stopping threads took: 0.0032905 seconds
{Heap before GC invocations=268 (full 0):
 garbage-first heap   total 1912832K, used 1629356K [0x000000008b400000, 0x000000008b503a60, 0x0000000100000000)
  region size 1024K, 1071 young (1096704K), 71 survivors (72704K)
 Metaspace       used 147966K, capacity 155191K, committed 155312K, reserved 1183744K
  class space    used 19745K, capacity 21111K, committed 21168K, reserved 1048576K
2020-07-20T09:55:03.712+0000: 2739.648: [GC pause (G1 Evacuation Pause) (young)
Desired survivor size 70254592 bytes, new threshold 7 (max 15)
- age   1:   31140288 bytes,   31140288 total
- age   2:   18240456 bytes,   49380744 total
- age   3:   16586592 bytes,   65967336 total
- age   4:    1089648 bytes,   67056984 total
- age   5:    1924952 bytes,   68981936 total
- age   6:     850384 bytes,   69832320 total
- age   7:     486456 bytes,   70318776 total
- age   8:     565720 bytes,   70884496 total
- age   9:     390960 bytes,   71275456 total
- age  10:     509824 bytes,   71785280 total
, 0.0760967 secs]
   [Parallel Time: 71.9 ms, GC Workers: 4]
      [GC Worker Start (ms): Min: 2739648.7, Avg: 2739648.7, Max: 2739648.8, Diff: 0.1]
      [Ext Root Scanning (ms): Min: 5.1, Avg: 5.2, Max: 5.4, Diff: 0.3, Sum: 20.8]
      [Update RS (ms): Min: 23.6, Avg: 23.7, Max: 24.3, Diff: 0.7, Sum: 95.0]
         [Processed Buffers: Min: 17, Avg: 35.8, Max: 47, Diff: 30, Sum: 143]
      [Scan RS (ms): Min: 0.2, Avg: 0.3, Max: 0.3, Diff: 0.2, Sum: 1.1]
      [Code Root Scanning (ms): Min: 0.0, Avg: 0.0, Max: 0.0, Diff: 0.0, Sum: 0.1]
      [Object Copy (ms): Min: 42.0, Avg: 42.4, Max: 42.6, Diff: 0.6, Sum: 169.5]
      [Termination (ms): Min: 0.0, Avg: 0.0, Max: 0.0, Diff: 0.0, Sum: 0.1]
         [Termination Attempts: Min: 8, Avg: 9.8, Max: 13, Diff: 5, Sum: 39]
      [GC Worker Other (ms): Min: 0.0, Avg: 0.1, Max: 0.1, Diff: 0.1, Sum: 0.3]
      [GC Worker Total (ms): Min: 71.7, Avg: 71.7, Max: 71.8, Diff: 0.1, Sum: 286.8]
      [GC Worker End (ms): Min: 2739720.4, Avg: 2739720.4, Max: 2739720.4, Diff: 0.0]
   [Code Root Fixup: 0.0 ms]
   [Code Root Purge: 0.0 ms]
   [Clear CT: 0.4 ms]
   [Other: 3.7 ms]
      [Choose CSet: 0.0 ms]
      [Ref Proc: 1.8 ms]
      [Ref Enq: 0.1 ms]
      [Redirty Cards: 0.3 ms]
      [Humongous Register: 0.2 ms]
      [Humongous Reclaim: 0.1 ms]
      [Free CSet: 0.8 ms]
   [Eden: 1000.0M(1000.0M)->0.0B(1050.0M) Survivors: 72704.0K->48128.0K Heap: 1591.2M(1868.0M)->565.5M(1868.0M)]
Heap after GC invocations=269 (full 0):
 garbage-first heap   total 1912832K, used 579046K [0x000000008b400000, 0x000000008b503a60, 0x0000000100000000)
  region size 1024K, 47 young (48128K), 47 survivors (48128K)
 Metaspace       used 147966K, capacity 155191K, committed 155312K, reserved 1183744K
  class space    used 19745K, capacity 21111K, committed 21168K, reserved 1048576K
}
 [Times: user=0.25 sys=0.00, real=0.08 secs] 
2020-07-20T09:55:03.789+0000: 2739.725: Total time for which application threads were stopped: 0.0773803 seconds, Stopping threads took: 0.0002914 seconds
{Heap before GC invocations=269 (full 0):
 garbage-first heap   total 1912832K, used 1656294K [0x000000008b400000, 0x000000008b503a60, 0x0000000100000000)
  region size 1024K, 1097 young (1123328K), 47 survivors (48128K)
 Metaspace       used 147973K, capacity 155259K, committed 155568K, reserved 1183744K
  class space    used 19745K, capacity 21111K, committed 21168K, reserved 1048576K
2020-07-20T09:55:06.869+0000: 2742.805: [GC pause (G1 Evacuation Pause) (young)
Desired survivor size 72351744 bytes, new threshold 15 (max 15)
- age   1:   27502184 bytes,   27502184 total
- age   2:   13534528 bytes,   41036712 total
- age   3:     909952 bytes,   41946664 total
- age   4:    1005648 bytes,   42952312 total
- age   5:     562952 bytes,   43515264 total
- age   6:    1751448 bytes,   45266712 total
- age   7:     462272 bytes,   45728984 total
, 0.1046627 secs]
   [Parallel Time: 100.3 ms, GC Workers: 4]
      [GC Worker Start (ms): Min: 2742805.1, Avg: 2742805.1, Max: 2742805.2, Diff: 0.1]
      [Ext Root Scanning (ms): Min: 5.1, Avg: 5.2, Max: 5.3, Diff: 0.2, Sum: 20.6]
      [Update RS (ms): Min: 25.2, Avg: 25.4, Max: 25.8, Diff: 0.6, Sum: 101.6]
         [Processed Buffers: Min: 22, Avg: 35.2, Max: 49, Diff: 27, Sum: 141]
      [Scan RS (ms): Min: 0.1, Avg: 0.3, Max: 0.5, Diff: 0.4, Sum: 1.3]
      [Code Root Scanning (ms): Min: 0.0, Avg: 0.0, Max: 0.1, Diff: 0.1, Sum: 0.1]
      [Object Copy (ms): Min: 68.9, Avg: 69.2, Max: 69.3, Diff: 0.5, Sum: 276.7]
      [Termination (ms): Min: 0.0, Avg: 0.0, Max: 0.1, Diff: 0.1, Sum: 0.1]
         [Termination Attempts: Min: 1, Avg: 5.8, Max: 11, Diff: 10, Sum: 23]
      [GC Worker Other (ms): Min: 0.0, Avg: 0.0, Max: 0.1, Diff: 0.0, Sum: 0.2]
      [GC Worker Total (ms): Min: 100.1, Avg: 100.1, Max: 100.2, Diff: 0.1, Sum: 400.6]
      [GC Worker End (ms): Min: 2742905.3, Avg: 2742905.3, Max: 2742905.3, Diff: 0.0]
   [Code Root Fixup: 0.0 ms]
   [Code Root Purge: 0.0 ms]
   [Clear CT: 0.5 ms]
   [Other: 3.9 ms]
      [Choose CSet: 0.0 ms]
      [Ref Proc: 2.1 ms]
      [Ref Enq: 0.1 ms]
      [Redirty Cards: 0.2 ms]
      [Humongous Register: 0.1 ms]
      [Humongous Reclaim: 0.0 ms]
      [Free CSet: 0.9 ms]
   [Eden: 1050.0M(1050.0M)->0.0B(996.0M) Survivors: 48128.0K->73728.0K Heap: 1617.5M(1868.0M)->592.5M(1868.0M)]
Heap after GC invocations=270 (full 0):
 garbage-first heap   total 1912832K, used 606694K [0x000000008b400000, 0x000000008b503a60, 0x0000000100000000)
  region size 1024K, 72 young (73728K), 72 survivors (73728K)
 Metaspace       used 147973K, capacity 155259K, committed 155568K, reserved 1183744K
  class space    used 19745K, capacity 21111K, committed 21168K, reserved 1048576K
}
 [Times: user=0.33 sys=0.01, real=0.11 secs] 
2020-07-20T09:55:06.974+0000: 2742.910: Total time for which application threads were stopped: 0.1057984 seconds, Stopping threads took: 0.0002464 seconds
{Heap before GC invocations=270 (full 0):
 garbage-first heap   total 1912832K, used 1628646K [0x000000008b400000, 0x000000008b503a60, 0x0000000100000000)
  region size 1024K, 1068 young (1093632K), 72 survivors (73728K)
 Metaspace       used 147973K, capacity 155259K, committed 155568K, reserved 1183744K
  class space    used 19745K, capacity 21111K, committed 21168K, reserved 1048576K
2020-07-20T09:55:10.286+0000: 2746.222: [GC pause (G1 Evacuation Pause) (young)
Desired survivor size 70254592 bytes, new threshold 4 (max 15)
- age   1:   33682432 bytes,   33682432 total
- age   2:   22205808 bytes,   55888240 total
- age   3:   13508400 bytes,   69396640 total
- age   4:     895776 bytes,   70292416 total
- age   5:     998936 bytes,   71291352 total
- age   6:     552632 bytes,   71843984 total
- age   7:    1742096 bytes,   73586080 total
- age   8:     451040 bytes,   74037120 total
, 0.1006810 secs]
   [Parallel Time: 96.7 ms, GC Workers: 4]
      [GC Worker Start (ms): Min: 2746222.3, Avg: 2746222.3, Max: 2746222.4, Diff: 0.0]
      [Ext Root Scanning (ms): Min: 5.2, Avg: 5.3, Max: 5.4, Diff: 0.3, Sum: 21.1]
      [Update RS (ms): Min: 26.9, Avg: 27.1, Max: 27.2, Diff: 0.3, Sum: 108.2]
         [Processed Buffers: Min: 25, Avg: 37.2, Max: 46, Diff: 21, Sum: 149]
      [Scan RS (ms): Min: 0.2, Avg: 0.3, Max: 0.5, Diff: 0.3, Sum: 1.3]
      [Code Root Scanning (ms): Min: 0.0, Avg: 0.0, Max: 0.0, Diff: 0.0, Sum: 0.1]
      [Object Copy (ms): Min: 63.6, Avg: 63.7, Max: 63.8, Diff: 0.3, Sum: 254.9]
      [Termination (ms): Min: 0.0, Avg: 0.1, Max: 0.1, Diff: 0.1, Sum: 0.3]
         [Termination Attempts: Min: 5, Avg: 8.2, Max: 13, Diff: 8, Sum: 33]
      [GC Worker Other (ms): Min: 0.0, Avg: 0.0, Max: 0.0, Diff: 0.0, Sum: 0.1]
      [GC Worker Total (ms): Min: 96.5, Avg: 96.5, Max: 96.6, Diff: 0.1, Sum: 386.0]
      [GC Worker End (ms): Min: 2746318.8, Avg: 2746318.9, Max: 2746318.9, Diff: 0.1]
   [Code Root Fixup: 0.0 ms]
   [Code Root Purge: 0.0 ms]
   [Clear CT: 0.3 ms]
   [Other: 3.6 ms]
      [Choose CSet: 0.0 ms]
      [Ref Proc: 1.8 ms]
      [Ref Enq: 0.1 ms]
      [Redirty Cards: 0.3 ms]
      [Humongous Register: 0.1 ms]
      [Humongous Reclaim: 0.0 ms]
      [Free CSet: 0.9 ms]
   [Eden: 996.0M(996.0M)->0.0B(1031.0M) Survivors: 73728.0K->53248.0K Heap: 1590.5M(1868.0M)->577.1M(1868.0M)]
Heap after GC invocations=271 (full 0):
 garbage-first heap   total 1912832K, used 590957K [0x000000008b400000, 0x000000008b503a60, 0x0000000100000000)
  region size 1024K, 52 young (53248K), 52 survivors (53248K)
 Metaspace       used 147973K, capacity 155259K, committed 155568K, reserved 1183744K
  class space    used 19745K, capacity 21111K, committed 21168K, reserved 1048576K
}
 [Times: user=0.31 sys=0.01, real=0.10 secs] 
2020-07-20T09:55:10.387+0000: 2746.323: Total time for which application threads were stopped: 0.1077598 seconds, Stopping threads took: 0.0061208 seconds
{Heap before GC invocations=271 (full 0):
 garbage-first heap   total 1912832K, used 1648749K [0x000000008b400000, 0x000000008b503a60, 0x0000000100000000)
  region size 1024K, 1083 young (1108992K), 52 survivors (53248K)
 Metaspace       used 147973K, capacity 155259K, committed 155568K, reserved 1183744K
  class space    used 19745K, capacity 21111K, committed 21168K, reserved 1048576K
2020-07-20T09:55:13.753+0000: 2749.689: [GC pause (G1 Evacuation Pause) (young)
Desired survivor size 71303168 bytes, new threshold 15 (max 15)
- age   1:   30721912 bytes,   30721912 total
- age   2:   18394008 bytes,   49115920 total
- age   3:    1706800 bytes,   50822720 total
- age   4:    1132720 bytes,   51955440 total
, 0.0799269 secs]
   [Parallel Time: 74.7 ms, GC Workers: 4]
      [GC Worker Start (ms): Min: 2749689.6, Avg: 2749689.7, Max: 2749689.7, Diff: 0.1]
      [Ext Root Scanning (ms): Min: 6.5, Avg: 7.3, Max: 9.7, Diff: 3.3, Sum: 29.4]
      [Update RS (ms): Min: 26.0, Avg: 28.3, Max: 29.3, Diff: 3.2, Sum: 113.2]
         [Processed Buffers: Min: 19, Avg: 39.0, Max: 62, Diff: 43, Sum: 156]
      [Scan RS (ms): Min: 0.1, Avg: 0.4, Max: 0.6, Diff: 0.5, Sum: 1.5]
      [Code Root Scanning (ms): Min: 0.0, Avg: 0.0, Max: 0.1, Diff: 0.1, Sum: 0.1]
      [Object Copy (ms): Min: 38.2, Avg: 38.4, Max: 38.6, Diff: 0.4, Sum: 153.7]
      [Termination (ms): Min: 0.0, Avg: 0.0, Max: 0.0, Diff: 0.0, Sum: 0.1]
         [Termination Attempts: Min: 1, Avg: 3.8, Max: 7, Diff: 6, Sum: 15]
      [GC Worker Other (ms): Min: 0.0, Avg: 0.1, Max: 0.1, Diff: 0.0, Sum: 0.2]
      [GC Worker Total (ms): Min: 74.5, Avg: 74.6, Max: 74.6, Diff: 0.1, Sum: 298.2]
      [GC Worker End (ms): Min: 2749764.2, Avg: 2749764.2, Max: 2749764.3, Diff: 0.0]
   [Code Root Fixup: 0.0 ms]
   [Code Root Purge: 0.0 ms]
   [Clear CT: 0.4 ms]
   [Other: 4.7 ms]
      [Choose CSet: 0.0 ms]
      [Ref Proc: 2.3 ms]
      [Ref Enq: 0.2 ms]
      [Redirty Cards: 0.3 ms]
      [Humongous Register: 0.2 ms]
      [Humongous Reclaim: 0.1 ms]
      [Free CSet: 1.2 ms]
   [Eden: 1031.0M(1031.0M)->0.0B(1058.0M) Survivors: 53248.0K->38912.0K Heap: 1610.1M(1868.0M)->563.6M(1868.0M)]
Heap after GC invocations=272 (full 0):
 garbage-first heap   total 1912832K, used 577133K [0x000000008b400000, 0x000000008b503a60, 0x0000000100000000)
  region size 1024K, 38 young (38912K), 38 survivors (38912K)
 Metaspace       used 147973K, capacity 155259K, committed 155568K, reserved 1183744K
  class space    used 19745K, capacity 21111K, committed 21168K, reserved 1048576K
}
 [Times: user=0.26 sys=0.00, real=0.08 secs] 
2020-07-20T09:55:13.833+0000: 2749.769: Total time for which application threads were stopped: 0.0883304 seconds, Stopping threads took: 0.0040930 seconds
{Heap before GC invocations=272 (full 0):
 garbage-first heap   total 1912832K, used 1662573K [0x000000008b400000, 0x000000008b503a60, 0x0000000100000000)
  region size 1024K, 1096 young (1122304K), 38 survivors (38912K)
 Metaspace       used 147974K, capacity 155259K, committed 155568K, reserved 1183744K
  class space    used 19745K, capacity 21111K, committed 21168K, reserved 1048576K
2020-07-20T09:55:17.175+0000: 2753.111: [GC pause (G1 Evacuation Pause) (young)
Desired survivor size 71827456 bytes, new threshold 15 (max 15)
- age   1:   28117136 bytes,   28117136 total
- age   2:    5721176 bytes,   33838312 total
- age   3:    1826912 bytes,   35665224 total
- age   4:    1569072 bytes,   37234296 total
- age   5:    1088352 bytes,   38322648 total
, 0.0994670 secs]
   [Parallel Time: 95.5 ms, GC Workers: 4]
      [GC Worker Start (ms): Min: 2753111.1, Avg: 2753111.1, Max: 2753111.1, Diff: 0.1]
      [Ext Root Scanning (ms): Min: 5.1, Avg: 5.2, Max: 5.3, Diff: 0.2, Sum: 20.7]
      [Update RS (ms): Min: 26.5, Avg: 26.6, Max: 26.8, Diff: 0.3, Sum: 106.5]
         [Processed Buffers: Min: 25, Avg: 38.2, Max: 48, Diff: 23, Sum: 153]
      [Scan RS (ms): Min: 0.2, Avg: 0.3, Max: 0.4, Diff: 0.2, Sum: 1.3]
      [Code Root Scanning (ms): Min: 0.0, Avg: 0.0, Max: 0.0, Diff: 0.0, Sum: 0.1]
      [Object Copy (ms): Min: 62.9, Avg: 63.1, Max: 63.3, Diff: 0.4, Sum: 252.6]
      [Termination (ms): Min: 0.0, Avg: 0.0, Max: 0.0, Diff: 0.0, Sum: 0.1]
         [Termination Attempts: Min: 4, Avg: 7.0, Max: 9, Diff: 5, Sum: 28]
      [GC Worker Other (ms): Min: 0.0, Avg: 0.0, Max: 0.1, Diff: 0.0, Sum: 0.1]
      [GC Worker Total (ms): Min: 95.3, Avg: 95.4, Max: 95.4, Diff: 0.0, Sum: 381.4]
      [GC Worker End (ms): Min: 2753206.5, Avg: 2753206.5, Max: 2753206.5, Diff: 0.0]
   [Code Root Fixup: 0.1 ms]
   [Code Root Purge: 0.0 ms]
   [Clear CT: 0.4 ms]
   [Other: 3.5 ms]
      [Choose CSet: 0.0 ms]
      [Ref Proc: 1.7 ms]
      [Ref Enq: 0.1 ms]
      [Redirty Cards: 0.3 ms]
      [Humongous Register: 0.1 ms]
      [Humongous Reclaim: 0.0 ms]
      [Free CSet: 0.9 ms]
   [Eden: 1058.0M(1058.0M)->0.0B(997.0M) Survivors: 38912.0K->68608.0K Heap: 1623.6M(1868.0M)->594.1M(1868.0M)]
Heap after GC invocations=273 (full 0):
 garbage-first heap   total 1912832K, used 608365K [0x000000008b400000, 0x000000008b503a60, 0x0000000100000000)
  region size 1024K, 67 young (68608K), 67 survivors (68608K)
 Metaspace       used 147974K, capacity 155259K, committed 155568K, reserved 1183744K
  class space    used 19745K, capacity 21111K, committed 21168K, reserved 1048576K
}
 [Times: user=0.33 sys=0.00, real=0.10 secs] 
2020-07-20T09:55:17.275+0000: 2753.211: Total time for which application threads were stopped: 0.1012846 seconds, Stopping threads took: 0.0009321 seconds
{Heap before GC invocations=273 (full 0):
 garbage-first heap   total 1912832K, used 1629293K [0x000000008b400000, 0x000000008b503a60, 0x0000000100000000)
  region size 1024K, 1064 young (1089536K), 67 survivors (68608K)
 Metaspace       used 147977K, capacity 155259K, committed 155568K, reserved 1183744K
  class space    used 19745K, capacity 21111K, committed 21168K, reserved 1048576K
2020-07-20T09:55:20.210+0000: 2756.145: [GC pause (G1 Evacuation Pause) (young)
Desired survivor size 69730304 bytes, new threshold 15 (max 15)
- age   1:   35648336 bytes,   35648336 total
- age   2:   22616432 bytes,   58264768 total
- age   3:    5226192 bytes,   63490960 total
- age   4:    1826080 bytes,   65317040 total
- age   5:    1535880 bytes,   66852920 total
- age   6:    1073360 bytes,   67926280 total
, 0.0732527 secs]
   [Parallel Time: 69.0 ms, GC Workers: 4]
      [GC Worker Start (ms): Min: 2756145.8, Avg: 2756145.9, Max: 2756145.9, Diff: 0.1]
      [Ext Root Scanning (ms): Min: 5.1, Avg: 5.2, Max: 5.3, Diff: 0.3, Sum: 20.7]
      [Update RS (ms): Min: 25.6, Avg: 25.8, Max: 26.2, Diff: 0.6, Sum: 103.1]
         [Processed Buffers: Min: 15, Avg: 37.5, Max: 51, Diff: 36, Sum: 150]
      [Scan RS (ms): Min: 0.3, Avg: 0.3, Max: 0.3, Diff: 0.0, Sum: 1.2]
      [Code Root Scanning (ms): Min: 0.0, Avg: 0.0, Max: 0.0, Diff: 0.0, Sum: 0.1]
      [Object Copy (ms): Min: 37.1, Avg: 37.5, Max: 37.7, Diff: 0.5, Sum: 149.8]
      [Termination (ms): Min: 0.0, Avg: 0.0, Max: 0.0, Diff: 0.0, Sum: 0.0]
         [Termination Attempts: Min: 1, Avg: 1.0, Max: 1, Diff: 0, Sum: 4]
      [GC Worker Other (ms): Min: 0.1, Avg: 0.1, Max: 0.2, Diff: 0.1, Sum: 0.5]
      [GC Worker Total (ms): Min: 68.8, Avg: 68.9, Max: 69.0, Diff: 0.1, Sum: 275.5]
      [GC Worker End (ms): Min: 2756214.7, Avg: 2756214.8, Max: 2756214.8, Diff: 0.1]
   [Code Root Fixup: 0.0 ms]
   [Code Root Purge: 0.0 ms]
   [Clear CT: 0.3 ms]
   [Other: 3.9 ms]
      [Choose CSet: 0.0 ms]
      [Ref Proc: 1.9 ms]
      [Ref Enq: 0.1 ms]
      [Redirty Cards: 0.3 ms]
      [Humongous Register: 0.2 ms]
      [Humongous Reclaim: 0.0 ms]
      [Free CSet: 0.9 ms]
   [Eden: 997.0M(997.0M)->0.0B(1047.0M) Survivors: 68608.0K->45056.0K Heap: 1591.1M(1868.0M)->569.6M(1868.0M)]
Heap after GC invocations=274 (full 0):
 garbage-first heap   total 1912832K, used 583277K [0x000000008b400000, 0x000000008b503a60, 0x0000000100000000)
  region size 1024K, 44 young (45056K), 44 survivors (45056K)
 Metaspace       used 147977K, capacity 155259K, committed 155568K, reserved 1183744K
  class space    used 19745K, capacity 21111K, committed 21168K, reserved 1048576K
}
 [Times: user=0.24 sys=0.01, real=0.08 secs] 
2020-07-20T09:55:20.283+0000: 2756.219: Total time for which application threads were stopped: 0.0774366 seconds, Stopping threads took: 0.0032223 seconds
{Heap before GC invocations=274 (full 0):
 garbage-first heap   total 1912832K, used 1657453K [0x000000008b400000, 0x000000008b503a60, 0x0000000100000000)
  region size 1024K, 1091 young (1117184K), 44 survivors (45056K)
 Metaspace       used 147977K, capacity 155259K, committed 155568K, reserved 1183744K
  class space    used 19745K, capacity 21111K, committed 21168K, reserved 1048576K
2020-07-20T09:55:22.616+0000: 2758.552: [GC pause (G1 Evacuation Pause) (young)
Desired survivor size 71827456 bytes, new threshold 15 (max 15)
- age   1:   23254432 bytes,   23254432 total
- age   2:   13566632 bytes,   36821064 total
- age   3:    1220216 bytes,   38041280 total
- age   4:    1442592 bytes,   39483872 total
- age   5:    1825440 bytes,   41309312 total
- age   6:    1524648 bytes,   42833960 total
- age   7:    1073280 bytes,   43907240 total
, 0.0861395 secs]
   [Parallel Time: 81.6 ms, GC Workers: 4]
      [GC Worker Start (ms): Min: 2758551.9, Avg: 2758551.9, Max: 2758552.0, Diff: 0.1]
      [Ext Root Scanning (ms): Min: 5.1, Avg: 5.2, Max: 5.3, Diff: 0.2, Sum: 20.7]
      [Update RS (ms): Min: 17.2, Avg: 17.3, Max: 17.5, Diff: 0.3, Sum: 69.3]
         [Processed Buffers: Min: 24, Avg: 32.5, Max: 43, Diff: 19, Sum: 130]
      [Scan RS (ms): Min: 4.9, Avg: 5.1, Max: 5.3, Diff: 0.4, Sum: 20.4]
      [Code Root Scanning (ms): Min: 0.0, Avg: 0.0, Max: 0.1, Diff: 0.0, Sum: 0.1]
      [Object Copy (ms): Min: 53.6, Avg: 53.7, Max: 53.9, Diff: 0.3, Sum: 214.8]
      [Termination (ms): Min: 0.0, Avg: 0.0, Max: 0.0, Diff: 0.0, Sum: 0.1]
         [Termination Attempts: Min: 9, Avg: 13.2, Max: 20, Diff: 11, Sum: 53]
      [GC Worker Other (ms): Min: 0.0, Avg: 0.1, Max: 0.1, Diff: 0.1, Sum: 0.3]
      [GC Worker Total (ms): Min: 81.4, Avg: 81.5, Max: 81.5, Diff: 0.1, Sum: 325.8]
      [GC Worker End (ms): Min: 2758633.4, Avg: 2758633.4, Max: 2758633.4, Diff: 0.1]
   [Code Root Fixup: 0.1 ms]
   [Code Root Purge: 0.0 ms]
   [Clear CT: 0.5 ms]
   [Other: 4.0 ms]
      [Choose CSet: 0.0 ms]
      [Ref Proc: 1.8 ms]
      [Ref Enq: 0.2 ms]
      [Redirty Cards: 0.4 ms]
      [Humongous Register: 0.1 ms]
      [Humongous Reclaim: 0.0 ms]
      [Free CSet: 1.0 ms]
   [Eden: 1047.0M(1047.0M)->0.0B(1011.0M) Survivors: 45056.0K->61440.0K Heap: 1618.6M(1868.0M)->587.1M(1868.0M)]
Heap after GC invocations=275 (full 0):
 garbage-first heap   total 1912832K, used 601197K [0x000000008b400000, 0x000000008b503a60, 0x0000000100000000)
  region size 1024K, 60 young (61440K), 60 survivors (61440K)
 Metaspace       used 147977K, capacity 155259K, committed 155568K, reserved 1183744K
  class space    used 19745K, capacity 21111K, committed 21168K, reserved 1048576K
}
 [Times: user=0.29 sys=0.00, real=0.09 secs] 
2020-07-20T09:55:22.702+0000: 2758.638: Total time for which application threads were stopped: 0.0922936 seconds, Stopping threads took: 0.0051743 seconds
{Heap before GC invocations=275 (full 0):
 garbage-first heap   total 1912832K, used 1636461K [0x000000008b400000, 0x000000008b503a60, 0x0000000100000000)
  region size 1024K, 1071 young (1096704K), 60 survivors (61440K)
 Metaspace       used 147977K, capacity 155259K, committed 155568K, reserved 1183744K
  class space    used 19745K, capacity 21111K, committed 21168K, reserved 1048576K
2020-07-20T09:55:25.803+0000: 2761.739: [GC pause (G1 Evacuation Pause) (young)
Desired survivor size 70254592 bytes, new threshold 15 (max 15)
- age   1:   22070080 bytes,   22070080 total
- age   2:   18074728 bytes,   40144808 total
- age   3:   13048624 bytes,   53193432 total
- age   4:    1219608 bytes,   54413040 total
- age   5:    1442344 bytes,   55855384 total
- age   6:    1820328 bytes,   57675712 total
- age   7:    1519312 bytes,   59195024 total
- age   8:    1072768 bytes,   60267792 total
, 0.0785535 secs]
   [Parallel Time: 74.5 ms, GC Workers: 4]
      [GC Worker Start (ms): Min: 2761738.8, Avg: 2761738.9, Max: 2761738.9, Diff: 0.1]
      [Ext Root Scanning (ms): Min: 5.0, Avg: 5.1, Max: 5.2, Diff: 0.3, Sum: 20.4]
      [Update RS (ms): Min: 24.6, Avg: 24.7, Max: 25.1, Diff: 0.6, Sum: 99.0]
         [Processed Buffers: Min: 22, Avg: 39.2, Max: 56, Diff: 34, Sum: 157]
      [Scan RS (ms): Min: 0.5, Avg: 0.9, Max: 1.0, Diff: 0.5, Sum: 3.5]
      [Code Root Scanning (ms): Min: 0.0, Avg: 0.0, Max: 0.1, Diff: 0.1, Sum: 0.1]
      [Object Copy (ms): Min: 40.7, Avg: 41.4, Max: 43.5, Diff: 2.7, Sum: 165.7]
      [Termination (ms): Min: 0.0, Avg: 2.2, Max: 2.9, Diff: 2.9, Sum: 8.8]
         [Termination Attempts: Min: 1, Avg: 3.0, Max: 7, Diff: 6, Sum: 12]
      [GC Worker Other (ms): Min: 0.0, Avg: 0.0, Max: 0.0, Diff: 0.0, Sum: 0.1]
      [GC Worker Total (ms): Min: 74.4, Avg: 74.4, Max: 74.4, Diff: 0.1, Sum: 297.7]
      [GC Worker End (ms): Min: 2761813.3, Avg: 2761813.3, Max: 2761813.3, Diff: 0.0]
   [Code Root Fixup: 0.1 ms]
   [Code Root Purge: 0.0 ms]
   [Clear CT: 0.4 ms]
   [Other: 3.6 ms]
      [Choose CSet: 0.0 ms]
      [Ref Proc: 1.7 ms]
      [Ref Enq: 0.1 ms]
      [Redirty Cards: 0.3 ms]
      [Humongous Register: 0.1 ms]
      [Humongous Reclaim: 0.0 ms]
      [Free CSet: 1.0 ms]
   [Eden: 1011.0M(1011.0M)->0.0B(1049.0M) Survivors: 61440.0K->44032.0K Heap: 1598.1M(1868.0M)->568.6M(1868.0M)]
Heap after GC invocations=276 (full 0):
 garbage-first heap   total 1912832K, used 582253K [0x000000008b400000, 0x000000008b503a60, 0x0000000100000000)
  region size 1024K, 43 young (44032K), 43 survivors (44032K)
 Metaspace       used 147977K, capacity 155259K, committed 155568K, reserved 1183744K
  class space    used 19745K, capacity 21111K, committed 21168K, reserved 1048576K
}
 [Times: user=0.27 sys=0.00, real=0.08 secs] 
2020-07-20T09:55:25.882+0000: 2761.817: Total time for which application threads were stopped: 0.0800593 seconds, Stopping threads took: 0.0006229 seconds
{Heap before GC invocations=276 (full 0):
 garbage-first heap   total 1912832K, used 1658477K [0x000000008b400000, 0x000000008b503a60, 0x0000000100000000)
  region size 1024K, 1092 young (1118208K), 43 survivors (44032K)
 Metaspace       used 147977K, capacity 155259K, committed 155568K, reserved 1183744K
  class space    used 19745K, capacity 21111K, committed 21168K, reserved 1048576K
2020-07-20T09:55:28.899+0000: 2764.834: [GC pause (G1 Evacuation Pause) (young)
Desired survivor size 71827456 bytes, new threshold 15 (max 15)
- age   1:   25409976 bytes,   25409976 total
- age   2:    6156840 bytes,   31566816 total
- age   3:    1711592 bytes,   33278408 total
- age   4:    3141736 bytes,   36420144 total
- age   5:    1219064 bytes,   37639208 total
- age   6:    1442208 bytes,   39081416 total
- age   7:    1820200 bytes,   40901616 total
- age   8:    1513400 bytes,   42415016 total
- age   9:    1072192 bytes,   43487208 total
, 0.1276908 secs]
   [Parallel Time: 123.5 ms, GC Workers: 4]
      [GC Worker Start (ms): Min: 2764834.8, Avg: 2764834.8, Max: 2764834.8, Diff: 0.1]
      [Ext Root Scanning (ms): Min: 8.7, Avg: 8.9, Max: 9.1, Diff: 0.3, Sum: 35.7]
      [Update RS (ms): Min: 32.4, Avg: 32.6, Max: 33.0, Diff: 0.7, Sum: 130.4]
         [Processed Buffers: Min: 23, Avg: 39.8, Max: 65, Diff: 42, Sum: 159]
      [Scan RS (ms): Min: 0.1, Avg: 0.9, Max: 2.7, Diff: 2.6, Sum: 3.7]
      [Code Root Scanning (ms): Min: 0.0, Avg: 0.1, Max: 0.1, Diff: 0.1, Sum: 0.2]
      [Object Copy (ms): Min: 79.2, Avg: 80.7, Max: 81.4, Diff: 2.2, Sum: 322.9]
      [Termination (ms): Min: 0.0, Avg: 0.0, Max: 0.0, Diff: 0.0, Sum: 0.1]
         [Termination Attempts: Min: 1, Avg: 2.0, Max: 4, Diff: 3, Sum: 8]
      [GC Worker Other (ms): Min: 0.0, Avg: 0.0, Max: 0.1, Diff: 0.0, Sum: 0.2]
      [GC Worker Total (ms): Min: 123.3, Avg: 123.3, Max: 123.3, Diff: 0.1, Sum: 493.2]
      [GC Worker End (ms): Min: 2764958.1, Avg: 2764958.1, Max: 2764958.1, Diff: 0.0]
   [Code Root Fixup: 0.0 ms]
   [Code Root Purge: 0.0 ms]
   [Clear CT: 0.3 ms]
   [Other: 3.8 ms]
      [Choose CSet: 0.0 ms]
      [Ref Proc: 1.9 ms]
      [Ref Enq: 0.1 ms]
      [Redirty Cards: 0.3 ms]
      [Humongous Register: 0.1 ms]
      [Humongous Reclaim: 0.0 ms]
      [Free CSet: 0.9 ms]
   [Eden: 1049.0M(1049.0M)->0.0B(995.0M) Survivors: 44032.0K->69632.0K Heap: 1619.6M(1868.0M)->595.6M(1868.0M)]
Heap after GC invocations=277 (full 0):
 garbage-first heap   total 1912832K, used 609901K [0x000000008b400000, 0x000000008b503a60, 0x0000000100000000)
  region size 1024K, 68 young (69632K), 68 survivors (69632K)
 Metaspace       used 147977K, capacity 155259K, committed 155568K, reserved 1183744K
  class space    used 19745K, capacity 21111K, committed 21168K, reserved 1048576K
}
 [Times: user=0.34 sys=0.00, real=0.13 secs] 
2020-07-20T09:55:29.027+0000: 2764.962: Total time for which application threads were stopped: 0.1405203 seconds, Stopping threads took: 0.0107213 seconds
{Heap before GC invocations=277 (full 0):
 garbage-first heap   total 1912832K, used 1628781K [0x000000008b400000, 0x000000008b503a60, 0x0000000100000000)
  region size 1024K, 1063 young (1088512K), 68 survivors (69632K)
 Metaspace       used 147977K, capacity 155259K, committed 155568K, reserved 1183744K
  class space    used 19745K, capacity 21111K, committed 21168K, reserved 1048576K
2020-07-20T09:55:31.975+0000: 2767.911: [GC pause (G1 Evacuation Pause) (young)
Desired survivor size 69730304 bytes, new threshold 15 (max 15)
- age   1:   31740056 bytes,   31740056 total
- age   2:   19582600 bytes,   51322656 total
- age   3:    5674280 bytes,   56996936 total
- age   4:    1711072 bytes,   58708008 total
- age   5:    3141552 bytes,   61849560 total
- age   6:    1218904 bytes,   63068464 total
- age   7:    1442144 bytes,   64510608 total
- age   8:    1819448 bytes,   66330056 total
- age   9:    1511592 bytes,   67841648 total
- age  10:    1072192 bytes,   68913840 total
, 0.1064966 secs]
   [Parallel Time: 95.9 ms, GC Workers: 4]
      [GC Worker Start (ms): Min: 2767911.1, Avg: 2767913.5, Max: 2767920.6, Diff: 9.4]
      [Ext Root Scanning (ms): Min: 0.0, Avg: 5.6, Max: 7.8, Diff: 7.7, Sum: 22.5]
      [Update RS (ms): Min: 30.1, Avg: 31.8, Max: 33.7, Diff: 3.7, Sum: 127.1]
         [Processed Buffers: Min: 10, Avg: 37.8, Max: 57, Diff: 47, Sum: 151]
      [Scan RS (ms): Min: 1.1, Avg: 4.4, Max: 10.1, Diff: 8.9, Sum: 17.7]
      [Code Root Scanning (ms): Min: 0.0, Avg: 0.0, Max: 0.1, Diff: 0.0, Sum: 0.1]
      [Object Copy (ms): Min: 46.1, Avg: 51.5, Max: 53.4, Diff: 7.3, Sum: 206.0]
      [Termination (ms): Min: 0.0, Avg: 0.0, Max: 0.0, Diff: 0.0, Sum: 0.1]
         [Termination Attempts: Min: 1, Avg: 1.8, Max: 4, Diff: 3, Sum: 7]
      [GC Worker Other (ms): Min: 0.0, Avg: 0.0, Max: 0.1, Diff: 0.0, Sum: 0.2]
      [GC Worker Total (ms): Min: 86.4, Avg: 93.4, Max: 95.8, Diff: 9.4, Sum: 373.7]
      [GC Worker End (ms): Min: 2768006.9, Avg: 2768006.9, Max: 2768006.9, Diff: 0.0]
   [Code Root Fixup: 0.1 ms]
   [Code Root Purge: 0.0 ms]
   [Clear CT: 0.5 ms]
   [Other: 10.0 ms]
      [Choose CSet: 0.0 ms]
      [Ref Proc: 7.4 ms]
      [Ref Enq: 0.1 ms]
      [Redirty Cards: 0.4 ms]
      [Humongous Register: 0.1 ms]
      [Humongous Reclaim: 0.1 ms]
      [Free CSet: 1.4 ms]
   [Eden: 995.0M(995.0M)->0.0B(1033.0M) Survivors: 69632.0K->52224.0K Heap: 1590.6M(1868.0M)->576.1M(1868.0M)]
Heap after GC invocations=278 (full 0):
 garbage-first heap   total 1912832K, used 589933K [0x000000008b400000, 0x000000008b503a60, 0x0000000100000000)
  region size 1024K, 51 young (52224K), 51 survivors (52224K)
 Metaspace       used 147977K, capacity 155259K, committed 155568K, reserved 1183744K
  class space    used 19745K, capacity 21111K, committed 21168K, reserved 1048576K
}
 [Times: user=0.31 sys=0.00, real=0.11 secs] 
2020-07-20T09:55:32.082+0000: 2768.018: Total time for which application threads were stopped: 0.1132091 seconds, Stopping threads took: 0.0052429 seconds
{Heap before GC invocations=278 (full 0):
 garbage-first heap   total 1912832K, used 1649773K [0x000000008b400000, 0x000000008b503a60, 0x0000000100000000)
  region size 1024K, 1084 young (1110016K), 51 survivors (52224K)
 Metaspace       used 147977K, capacity 155259K, committed 155568K, reserved 1183744K
  class space    used 19745K, capacity 21111K, committed 21168K, reserved 1048576K
2020-07-20T09:55:34.878+0000: 2770.814: [GC pause (G1 Evacuation Pause) (young)
Desired survivor size 71303168 bytes, new threshold 15 (max 15)
- age   1:   26216352 bytes,   26216352 total
- age   2:    9896832 bytes,   36113184 total
- age   3:    1361192 bytes,   37474376 total
- age   4:    1707984 bytes,   39182360 total
- age   5:    1710832 bytes,   40893192 total
- age   6:    3138376 bytes,   44031568 total
- age   7:    1218648 bytes,   45250216 total
- age   8:    1442016 bytes,   46692232 total
- age   9:    1819096 bytes,   48511328 total
- age  10:    1508776 bytes,   50020104 total
- age  11:    1056888 bytes,   51076992 total
, 0.1105649 secs]
   [Parallel Time: 105.8 ms, GC Workers: 4]
      [GC Worker Start (ms): Min: 2770814.5, Avg: 2770814.5, Max: 2770814.6, Diff: 0.1]
      [Ext Root Scanning (ms): Min: 5.0, Avg: 5.1, Max: 5.3, Diff: 0.3, Sum: 20.4]
      [Update RS (ms): Min: 27.9, Avg: 28.1, Max: 28.4, Diff: 0.5, Sum: 112.3]
         [Processed Buffers: Min: 27, Avg: 36.5, Max: 54, Diff: 27, Sum: 146]
      [Scan RS (ms): Min: 3.4, Avg: 3.7, Max: 3.9, Diff: 0.5, Sum: 14.6]
      [Code Root Scanning (ms): Min: 0.0, Avg: 0.0, Max: 0.1, Diff: 0.1, Sum: 0.1]
      [Object Copy (ms): Min: 68.5, Avg: 68.7, Max: 68.8, Diff: 0.2, Sum: 274.8]
      [Termination (ms): Min: 0.0, Avg: 0.0, Max: 0.0, Diff: 0.0, Sum: 0.0]
         [Termination Attempts: Min: 4, Avg: 6.8, Max: 10, Diff: 6, Sum: 27]
      [GC Worker Other (ms): Min: 0.0, Avg: 0.1, Max: 0.1, Diff: 0.1, Sum: 0.2]
      [GC Worker Total (ms): Min: 105.6, Avg: 105.6, Max: 105.7, Diff: 0.1, Sum: 422.5]
      [GC Worker End (ms): Min: 2770920.1, Avg: 2770920.2, Max: 2770920.2, Diff: 0.1]
   [Code Root Fixup: 0.0 ms]
   [Code Root Purge: 0.0 ms]
   [Clear CT: 0.5 ms]
   [Other: 4.2 ms]
      [Choose CSet: 0.0 ms]
      [Ref Proc: 1.9 ms]
      [Ref Enq: 0.1 ms]
      [Redirty Cards: 0.3 ms]
      [Humongous Register: 0.2 ms]
      [Humongous Reclaim: 0.0 ms]
      [Free CSet: 1.0 ms]
   [Eden: 1033.0M(1033.0M)->0.0B(985.0M) Survivors: 52224.0K->74752.0K Heap: 1611.1M(1868.0M)->600.6M(1868.0M)]
Heap after GC invocations=279 (full 0):
 garbage-first heap   total 1912832K, used 615021K [0x000000008b400000, 0x000000008b503a60, 0x0000000100000000)
  region size 1024K, 73 young (74752K), 73 survivors (74752K)
 Metaspace       used 147977K, capacity 155259K, committed 155568K, reserved 1183744K
  class space    used 19745K, capacity 21111K, committed 21168K, reserved 1048576K
}
 [Times: user=0.35 sys=0.01, real=0.11 secs] 
2020-07-20T09:55:34.989+0000: 2770.925: Total time for which application threads were stopped: 0.1180844 seconds, Stopping threads took: 0.0062625 seconds
{Heap before GC invocations=279 (full 0):
 garbage-first heap   total 1912832K, used 1625709K [0x000000008b400000, 0x000000008b503a60, 0x0000000100000000)
  region size 1024K, 1058 young (1083392K), 73 survivors (74752K)
 Metaspace       used 147978K, capacity 155259K, committed 155568K, reserved 1183744K
  class space    used 19745K, capacity 21111K, committed 21168K, reserved 1048576K
2020-07-20T09:55:38.338+0000: 2774.274: [GC pause (G1 Evacuation Pause) (young)
Desired survivor size 69730304 bytes, new threshold 10 (max 15)
- age   1:   31802616 bytes,   31802616 total
- age   2:   20022288 bytes,   51824904 total
- age   3:    9083000 bytes,   60907904 total
- age   4:     933024 bytes,   61840928 total
- age   5:    1412728 bytes,   63253656 total
- age   6:    1129072 bytes,   64382728 total
- age   7:    2647192 bytes,   67029920 total
- age   8:    1001768 bytes,   68031688 total
- age   9:    1441104 bytes,   69472792 total
- age  10:    1815960 bytes,   71288752 total
- age  11:    1491272 bytes,   72780024 total
- age  12:    1055408 bytes,   73835432 total
, 0.0885917 secs]
   [Parallel Time: 84.2 ms, GC Workers: 4]
      [GC Worker Start (ms): Min: 2774274.3, Avg: 2774274.3, Max: 2774274.4, Diff: 0.1]
      [Ext Root Scanning (ms): Min: 5.0, Avg: 5.2, Max: 5.3, Diff: 0.3, Sum: 20.7]
      [Update RS (ms): Min: 22.7, Avg: 23.1, Max: 24.3, Diff: 1.7, Sum: 92.6]
         [Processed Buffers: Min: 17, Avg: 35.2, Max: 62, Diff: 45, Sum: 141]
      [Scan RS (ms): Min: 3.0, Avg: 4.1, Max: 4.6, Diff: 1.5, Sum: 16.4]
      [Code Root Scanning (ms): Min: 0.0, Avg: 0.0, Max: 0.0, Diff: 0.0, Sum: 0.1]
      [Object Copy (ms): Min: 51.4, Avg: 51.4, Max: 51.5, Diff: 0.1, Sum: 205.8]
      [Termination (ms): Min: 0.0, Avg: 0.1, Max: 0.1, Diff: 0.1, Sum: 0.2]
         [Termination Attempts: Min: 6, Avg: 10.2, Max: 15, Diff: 9, Sum: 41]
      [GC Worker Other (ms): Min: 0.0, Avg: 0.0, Max: 0.1, Diff: 0.1, Sum: 0.1]
      [GC Worker Total (ms): Min: 83.9, Avg: 84.0, Max: 84.1, Diff: 0.1, Sum: 335.9]
      [GC Worker End (ms): Min: 2774358.3, Avg: 2774358.3, Max: 2774358.3, Diff: 0.1]
   [Code Root Fixup: 0.1 ms]
   [Code Root Purge: 0.0 ms]
   [Clear CT: 0.4 ms]
   [Other: 3.9 ms]
      [Choose CSet: 0.0 ms]
      [Ref Proc: 2.0 ms]
      [Ref Enq: 0.1 ms]
      [Redirty Cards: 0.3 ms]
      [Humongous Register: 0.1 ms]
      [Humongous Reclaim: 0.1 ms]
      [Free CSet: 0.9 ms]
   [Eden: 985.0M(985.0M)->0.0B(1035.0M) Survivors: 74752.0K->49152.0K Heap: 1587.6M(1868.0M)->577.3M(1868.0M)]
Heap after GC invocations=280 (full 0):
 garbage-first heap   total 1912832K, used 591191K [0x000000008b400000, 0x000000008b503a60, 0x0000000100000000)
  region size 1024K, 48 young (49152K), 48 survivors (49152K)
 Metaspace       used 147978K, capacity 155259K, committed 155568K, reserved 1183744K
  class space    used 19745K, capacity 21111K, committed 21168K, reserved 1048576K
}
 [Times: user=0.28 sys=0.01, real=0.09 secs] 
2020-07-20T09:55:38.427+0000: 2774.363: Total time for which application threads were stopped: 0.0899672 seconds, Stopping threads took: 0.0003276 seconds
{Heap before GC invocations=280 (full 0):
 garbage-first heap   total 1912832K, used 1653079K [0x000000008b400000, 0x000000008b503a60, 0x0000000100000000)
  region size 1024K, 1083 young (1108992K), 48 survivors (49152K)
 Metaspace       used 147978K, capacity 155259K, committed 155568K, reserved 1183744K
  class space    used 19745K, capacity 21111K, committed 21168K, reserved 1048576K
2020-07-20T09:55:41.475+0000: 2777.411: [GC pause (G1 Evacuation Pause) (young)
Desired survivor size 71303168 bytes, new threshold 15 (max 15)
- age   1:   25995936 bytes,   25995936 total
- age   2:   12454960 bytes,   38450896 total
- age   3:     691576 bytes,   39142472 total
- age   4:     699208 bytes,   39841680 total
- age   5:     764720 bytes,   40606400 total
- age   6:    1380624 bytes,   41987024 total
- age   7:    1070888 bytes,   43057912 total
- age   8:    2603952 bytes,   45661864 total
- age   9:     978280 bytes,   46640144 total
- age  10:    1437752 bytes,   48077896 total
, 0.1211426 secs]
   [Parallel Time: 116.3 ms, GC Workers: 4]
      [GC Worker Start (ms): Min: 2777411.1, Avg: 2777414.3, Max: 2777417.5, Diff: 6.4]
      [Ext Root Scanning (ms): Min: 4.6, Avg: 10.3, Max: 21.5, Diff: 16.9, Sum: 41.3]
      [Update RS (ms): Min: 18.8, Avg: 26.4, Max: 29.2, Diff: 10.5, Sum: 105.8]
         [Processed Buffers: Min: 27, Avg: 35.5, Max: 47, Diff: 20, Sum: 142]
      [Scan RS (ms): Min: 3.7, Avg: 3.8, Max: 4.1, Diff: 0.3, Sum: 15.3]
      [Code Root Scanning (ms): Min: 0.0, Avg: 0.0, Max: 0.1, Diff: 0.1, Sum: 0.2]
      [Object Copy (ms): Min: 72.0, Avg: 72.1, Max: 72.6, Diff: 0.6, Sum: 288.5]
      [Termination (ms): Min: 0.0, Avg: 0.0, Max: 0.1, Diff: 0.0, Sum: 0.1]
         [Termination Attempts: Min: 9, Avg: 19.5, Max: 40, Diff: 31, Sum: 78]
      [GC Worker Other (ms): Min: 0.1, Avg: 0.1, Max: 0.1, Diff: 0.1, Sum: 0.4]
      [GC Worker Total (ms): Min: 109.7, Avg: 112.9, Max: 116.1, Diff: 6.5, Sum: 451.6]
      [GC Worker End (ms): Min: 2777527.1, Avg: 2777527.2, Max: 2777527.2, Diff: 0.1]
   [Code Root Fixup: 0.1 ms]
   [Code Root Purge: 0.0 ms]
   [Clear CT: 0.6 ms]
   [Other: 4.3 ms]
      [Choose CSet: 0.0 ms]
      [Ref Proc: 2.1 ms]
      [Ref Enq: 0.2 ms]
      [Redirty Cards: 0.3 ms]
      [Humongous Register: 0.1 ms]
      [Humongous Reclaim: 0.0 ms]
      [Free CSet: 1.0 ms]
   [Eden: 1035.0M(1035.0M)->0.0B(981.0M) Survivors: 49152.0K->74752.0K Heap: 1614.3M(1868.0M)->604.8M(1868.0M)]
Heap after GC invocations=281 (full 0):
 garbage-first heap   total 1912832K, used 619351K [0x000000008b400000, 0x000000008b503a60, 0x0000000100000000)
  region size 1024K, 73 young (74752K), 73 survivors (74752K)
 Metaspace       used 147978K, capacity 155259K, committed 155568K, reserved 1183744K
  class space    used 19745K, capacity 21111K, committed 21168K, reserved 1048576K
}
 [Times: user=0.35 sys=0.02, real=0.12 secs] 
2020-07-20T09:55:41.596+0000: 2777.532: Total time for which application threads were stopped: 0.1242139 seconds, Stopping threads took: 0.0008781 seconds
{Heap before GC invocations=281 (full 0):
 garbage-first heap   total 1912832K, used 1623895K [0x000000008b400000, 0x000000008b503a60, 0x0000000100000000)
  region size 1024K, 1054 young (1079296K), 73 survivors (74752K)
 Metaspace       used 147979K, capacity 155259K, committed 155568K, reserved 1183744K
  class space    used 19745K, capacity 21111K, committed 21168K, reserved 1048576K
2020-07-20T09:55:44.791+0000: 2780.727: [GC pause (G1 Evacuation Pause) (young)
Desired survivor size 69206016 bytes, new threshold 8 (max 15)
- age   1:   32008776 bytes,   32008776 total
- age   2:   21032632 bytes,   53041408 total
- age   3:   12446472 bytes,   65487880 total
- age   4:     690760 bytes,   66178640 total
- age   5:     699152 bytes,   66877792 total
- age   6:     763096 bytes,   67640888 total
- age   7:    1379104 bytes,   69019992 total
- age   8:    1070536 bytes,   70090528 total
- age   9:    2598808 bytes,   72689336 total
- age  10:     976944 bytes,   73666280 total
- age  11:    1437232 bytes,   75103512 total
, 0.0983628 secs]
   [Parallel Time: 94.0 ms, GC Workers: 4]
      [GC Worker Start (ms): Min: 2780726.9, Avg: 2780727.0, Max: 2780727.0, Diff: 0.1]
      [Ext Root Scanning (ms): Min: 5.1, Avg: 5.2, Max: 5.3, Diff: 0.2, Sum: 20.8]
      [Update RS (ms): Min: 26.8, Avg: 29.4, Max: 37.0, Diff: 10.2, Sum: 117.7]
         [Processed Buffers: Min: 10, Avg: 34.2, Max: 59, Diff: 49, Sum: 137]
      [Scan RS (ms): Min: 0.1, Avg: 4.0, Max: 5.4, Diff: 5.3, Sum: 16.0]
      [Code Root Scanning (ms): Min: 0.0, Avg: 0.0, Max: 0.1, Diff: 0.1, Sum: 0.1]
      [Object Copy (ms): Min: 51.3, Avg: 54.9, Max: 56.3, Diff: 5.0, Sum: 219.7]
      [Termination (ms): Min: 0.0, Avg: 0.0, Max: 0.0, Diff: 0.0, Sum: 0.1]
         [Termination Attempts: Min: 2, Avg: 11.2, Max: 17, Diff: 15, Sum: 45]
      [GC Worker Other (ms): Min: 0.0, Avg: 0.0, Max: 0.0, Diff: 0.0, Sum: 0.1]
      [GC Worker Total (ms): Min: 93.6, Avg: 93.7, Max: 93.7, Diff: 0.1, Sum: 374.6]
      [GC Worker End (ms): Min: 2780820.6, Avg: 2780820.6, Max: 2780820.6, Diff: 0.0]
   [Code Root Fixup: 0.0 ms]
   [Code Root Purge: 0.0 ms]
   [Clear CT: 0.4 ms]
   [Other: 3.9 ms]
      [Choose CSet: 0.0 ms]
      [Ref Proc: 1.9 ms]
      [Ref Enq: 0.1 ms]
      [Redirty Cards: 0.3 ms]
      [Humongous Register: 0.1 ms]
      [Humongous Reclaim: 0.1 ms]
      [Free CSet: 1.0 ms]
   [Eden: 981.0M(981.0M)->0.0B(1035.0M) Survivors: 74752.0K->45056.0K Heap: 1585.8M(1868.0M)->581.2M(1868.0M)]
Heap after GC invocations=282 (full 0):
 garbage-first heap   total 1912832K, used 595119K [0x000000008b400000, 0x000000008b503a60, 0x0000000100000000)
  region size 1024K, 44 young (45056K), 44 survivors (45056K)
 Metaspace       used 147979K, capacity 155259K, committed 155568K, reserved 1183744K
  class space    used 19745K, capacity 21111K, committed 21168K, reserved 1048576K
}
 [Times: user=0.28 sys=0.01, real=0.10 secs] 
2020-07-20T09:55:44.889+0000: 2780.825: Total time for which application threads were stopped: 0.0997060 seconds, Stopping threads took: 0.0002984 seconds
{Heap before GC invocations=282 (full 0):
 garbage-first heap   total 1912832K, used 1657007K [0x000000008b400000, 0x000000008b503a60, 0x0000000100000000)
  region size 1024K, 1079 young (1104896K), 44 survivors (45056K)
 Metaspace       used 147984K, capacity 155259K, committed 155568K, reserved 1183744K
  class space    used 19745K, capacity 21111K, committed 21168K, reserved 1048576K
2020-07-20T09:55:47.809+0000: 2783.745: [GC pause (G1 Evacuation Pause) (young)
Desired survivor size 70778880 bytes, new threshold 15 (max 15)
- age   1:   23439224 bytes,   23439224 total
- age   2:   14726824 bytes,   38166048 total
- age   3:    1759272 bytes,   39925320 total
- age   4:     824624 bytes,   40749944 total
- age   5:     689912 bytes,   41439856 total
- age   6:     699056 bytes,   42138912 total
- age   7:     763016 bytes,   42901928 total
- age   8:    1378888 bytes,   44280816 total
, 0.0936306 secs]
   [Parallel Time: 89.6 ms, GC Workers: 4]
      [GC Worker Start (ms): Min: 2783745.4, Avg: 2783745.6, Max: 2783745.7, Diff: 0.3]
      [Ext Root Scanning (ms): Min: 5.0, Avg: 5.2, Max: 5.5, Diff: 0.4, Sum: 20.6]
      [Update RS (ms): Min: 20.1, Avg: 20.2, Max: 20.4, Diff: 0.4, Sum: 80.7]
         [Processed Buffers: Min: 20, Avg: 32.2, Max: 47, Diff: 27, Sum: 129]
      [Scan RS (ms): Min: 4.0, Avg: 4.1, Max: 4.2, Diff: 0.2, Sum: 16.6]
      [Code Root Scanning (ms): Min: 0.0, Avg: 0.0, Max: 0.0, Diff: 0.0, Sum: 0.1]
      [Object Copy (ms): Min: 59.6, Avg: 59.6, Max: 59.8, Diff: 0.2, Sum: 238.6]
      [Termination (ms): Min: 0.0, Avg: 0.1, Max: 0.1, Diff: 0.1, Sum: 0.2]
         [Termination Attempts: Min: 11, Avg: 16.5, Max: 26, Diff: 15, Sum: 66]
      [GC Worker Other (ms): Min: 0.0, Avg: 0.0, Max: 0.0, Diff: 0.0, Sum: 0.1]
      [GC Worker Total (ms): Min: 89.1, Avg: 89.2, Max: 89.4, Diff: 0.3, Sum: 356.9]
      [GC Worker End (ms): Min: 2783834.8, Avg: 2783834.8, Max: 2783834.8, Diff: 0.0]
   [Code Root Fixup: 0.1 ms]
   [Code Root Purge: 0.0 ms]
   [Clear CT: 0.4 ms]
   [Other: 3.6 ms]
      [Choose CSet: 0.0 ms]
      [Ref Proc: 1.7 ms]
      [Ref Enq: 0.1 ms]
      [Redirty Cards: 0.2 ms]
      [Humongous Register: 0.2 ms]
      [Humongous Reclaim: 0.0 ms]
      [Free CSet: 0.9 ms]
   [Eden: 1035.0M(1035.0M)->0.0B(981.0M) Survivors: 45056.0K->70656.0K Heap: 1618.2M(1868.0M)->607.7M(1868.0M)]
Heap after GC invocations=283 (full 0):
 garbage-first heap   total 1912832K, used 622255K [0x000000008b400000, 0x000000008b503a60, 0x0000000100000000)
  region size 1024K, 69 young (70656K), 69 survivors (70656K)
 Metaspace       used 147984K, capacity 155259K, committed 155568K, reserved 1183744K
  class space    used 19745K, capacity 21111K, committed 21168K, reserved 1048576K
}
 [Times: user=0.30 sys=0.01, real=0.10 secs] 
2020-07-20T09:55:47.903+0000: 2783.839: Total time for which application threads were stopped: 0.0961113 seconds, Stopping threads took: 0.0014417 seconds
{Heap before GC invocations=283 (full 0):
 garbage-first heap   total 1912832K, used 1626799K [0x000000008b400000, 0x000000008b503a60, 0x0000000100000000)
  region size 1024K, 1050 young (1075200K), 69 survivors (70656K)
 Metaspace       used 147986K, capacity 155259K, committed 155568K, reserved 1183744K
  class space    used 19745K, capacity 21111K, committed 21168K, reserved 1048576K
2020-07-20T09:55:51.105+0000: 2787.041: [GC pause (G1 Evacuation Pause) (young)
Desired survivor size 69206016 bytes, new threshold 9 (max 15)
- age   1:   31479608 bytes,   31479608 total
- age   2:   17540832 bytes,   49020440 total
- age   3:   14719824 bytes,   63740264 total
- age   4:    1757672 bytes,   65497936 total
- age   5:     823768 bytes,   66321704 total
- age   6:     686704 bytes,   67008408 total
- age   7:     698992 bytes,   67707400 total
- age   8:     762904 bytes,   68470304 total
- age   9:    1378792 bytes,   69849096 total
, 0.0743867 secs]
   [Parallel Time: 70.3 ms, GC Workers: 4]
      [GC Worker Start (ms): Min: 2787041.6, Avg: 2787041.6, Max: 2787041.6, Diff: 0.1]
      [Ext Root Scanning (ms): Min: 5.1, Avg: 5.2, Max: 5.4, Diff: 0.3, Sum: 20.8]
      [Update RS (ms): Min: 19.6, Avg: 19.7, Max: 19.7, Diff: 0.1, Sum: 78.8]
         [Processed Buffers: Min: 17, Avg: 31.8, Max: 46, Diff: 29, Sum: 127]
      [Scan RS (ms): Min: 1.7, Avg: 1.8, Max: 1.9, Diff: 0.1, Sum: 7.2]
      [Code Root Scanning (ms): Min: 0.0, Avg: 0.0, Max: 0.0, Diff: 0.0, Sum: 0.1]
      [Object Copy (ms): Min: 43.3, Avg: 43.4, Max: 43.5, Diff: 0.2, Sum: 173.6]
      [Termination (ms): Min: 0.0, Avg: 0.0, Max: 0.0, Diff: 0.0, Sum: 0.0]
         [Termination Attempts: Min: 1, Avg: 1.2, Max: 2, Diff: 1, Sum: 5]
      [GC Worker Other (ms): Min: 0.0, Avg: 0.1, Max: 0.1, Diff: 0.1, Sum: 0.2]
      [GC Worker Total (ms): Min: 70.1, Avg: 70.2, Max: 70.2, Diff: 0.1, Sum: 280.6]
      [GC Worker End (ms): Min: 2787111.7, Avg: 2787111.8, Max: 2787111.8, Diff: 0.0]
   [Code Root Fixup: 0.0 ms]
   [Code Root Purge: 0.0 ms]
   [Clear CT: 0.4 ms]
   [Other: 3.7 ms]
      [Choose CSet: 0.0 ms]
      [Ref Proc: 1.8 ms]
      [Ref Enq: 0.1 ms]
      [Redirty Cards: 0.2 ms]
      [Humongous Register: 0.1 ms]
      [Humongous Reclaim: 0.0 ms]
      [Free CSet: 0.9 ms]
   [Eden: 981.0M(981.0M)->0.0B(1031.0M) Survivors: 70656.0K->46080.0K Heap: 1588.7M(1868.0M)->584.6M(1868.0M)]
Heap after GC invocations=284 (full 0):
 garbage-first heap   total 1912832K, used 598591K [0x000000008b400000, 0x000000008b503a60, 0x0000000100000000)
  region size 1024K, 45 young (46080K), 45 survivors (46080K)
 Metaspace       used 147986K, capacity 155259K, committed 155568K, reserved 1183744K
  class space    used 19745K, capacity 21111K, committed 21168K, reserved 1048576K
}
 [Times: user=0.22 sys=0.02, real=0.07 secs] 
2020-07-20T09:55:51.180+0000: 2787.116: Total time for which application threads were stopped: 0.0813005 seconds, Stopping threads took: 0.0058735 seconds
{Heap before GC invocations=284 (full 0):
 garbage-first heap   total 1912832K, used 1656383K [0x000000008b400000, 0x000000008b503a60, 0x0000000100000000)
  region size 1024K, 1076 young (1101824K), 45 survivors (46080K)
 Metaspace       used 147986K, capacity 155259K, committed 155568K, reserved 1183744K
  class space    used 19745K, capacity 21111K, committed 21168K, reserved 1048576K
2020-07-20T09:55:54.254+0000: 2790.190: [GC pause (G1 Evacuation Pause) (young)
Desired survivor size 70778880 bytes, new threshold 15 (max 15)
- age   1:   24222432 bytes,   24222432 total
- age   2:   13938360 bytes,   38160792 total
- age   3:    1469784 bytes,   39630576 total
- age   4:    1445304 bytes,   41075880 total
- age   5:    1757264 bytes,   42833144 total
- age   6:     822584 bytes,   43655728 total
- age   7:     685760 bytes,   44341488 total
- age   8:     698632 bytes,   45040120 total
- age   9:     762872 bytes,   45802992 total
, 0.0985229 secs]
   [Parallel Time: 94.3 ms, GC Workers: 4]
      [GC Worker Start (ms): Min: 2790190.3, Avg: 2790190.4, Max: 2790190.4, Diff: 0.1]
      [Ext Root Scanning (ms): Min: 6.1, Avg: 6.7, Max: 8.5, Diff: 2.4, Sum: 26.9]
      [Update RS (ms): Min: 20.5, Avg: 22.1, Max: 22.7, Diff: 2.2, Sum: 88.2]
         [Processed Buffers: Min: 17, Avg: 34.8, Max: 59, Diff: 42, Sum: 139]
      [Scan RS (ms): Min: 1.8, Avg: 2.0, Max: 2.1, Diff: 0.3, Sum: 7.9]
      [Code Root Scanning (ms): Min: 0.0, Avg: 0.0, Max: 0.1, Diff: 0.1, Sum: 0.1]
      [Object Copy (ms): Min: 63.1, Avg: 63.3, Max: 63.5, Diff: 0.4, Sum: 253.2]
      [Termination (ms): Min: 0.0, Avg: 0.0, Max: 0.0, Diff: 0.0, Sum: 0.0]
         [Termination Attempts: Min: 1, Avg: 1.0, Max: 1, Diff: 0, Sum: 4]
      [GC Worker Other (ms): Min: 0.0, Avg: 0.1, Max: 0.1, Diff: 0.0, Sum: 0.2]
      [GC Worker Total (ms): Min: 94.1, Avg: 94.2, Max: 94.2, Diff: 0.1, Sum: 376.6]
      [GC Worker End (ms): Min: 2790284.5, Avg: 2790284.5, Max: 2790284.5, Diff: 0.0]
   [Code Root Fixup: 0.0 ms]
   [Code Root Purge: 0.0 ms]
   [Clear CT: 0.4 ms]
   [Other: 3.7 ms]
      [Choose CSet: 0.0 ms]
      [Ref Proc: 1.9 ms]
      [Ref Enq: 0.2 ms]
      [Redirty Cards: 0.2 ms]
      [Humongous Register: 0.1 ms]
      [Humongous Reclaim: 0.0 ms]
      [Free CSet: 0.9 ms]
   [Eden: 1031.0M(1031.0M)->0.0B(981.0M) Survivors: 46080.0K->69632.0K Heap: 1617.6M(1868.0M)->609.1M(1868.0M)]
Heap after GC invocations=285 (full 0):
 garbage-first heap   total 1912832K, used 623679K [0x000000008b400000, 0x000000008b503a60, 0x0000000100000000)
  region size 1024K, 68 young (69632K), 68 survivors (69632K)
 Metaspace       used 147986K, capacity 155259K, committed 155568K, reserved 1183744K
  class space    used 19745K, capacity 21111K, committed 21168K, reserved 1048576K
}
 [Times: user=0.32 sys=0.01, real=0.10 secs] 
2020-07-20T09:55:54.353+0000: 2790.289: Total time for which application threads were stopped: 0.1023062 seconds, Stopping threads took: 0.0021963 seconds
{Heap before GC invocations=285 (full 0):
 garbage-first heap   total 1912832K, used 1630271K [0x000000008b400000, 0x000000008b503a60, 0x0000000100000000)
  region size 1024K, 1049 young (1074176K), 68 survivors (69632K)
 Metaspace       used 147986K, capacity 155259K, committed 155568K, reserved 1183744K
  class space    used 19745K, capacity 21111K, committed 21168K, reserved 1048576K
2020-07-20T09:55:57.594+0000: 2793.530: [GC pause (G1 Evacuation Pause) (young)
Desired survivor size 69206016 bytes, new threshold 15 (max 15)
- age   1:   32286464 bytes,   32286464 total
- age   2:   17750592 bytes,   50037056 total
- age   3:   13064176 bytes,   63101232 total
- age   4:     681416 bytes,   63782648 total
- age   5:     839168 bytes,   64621816 total
- age   6:    1197256 bytes,   65819072 total
- age   7:     810416 bytes,   66629488 total
- age   8:     682184 bytes,   67311672 total
- age   9:     696232 bytes,   68007904 total
- age  10:     760232 bytes,   68768136 total
, 0.0771092 secs]
   [Parallel Time: 72.0 ms, GC Workers: 4]
      [GC Worker Start (ms): Min: 2793529.9, Avg: 2793530.9, Max: 2793533.9, Diff: 3.9]
      [Ext Root Scanning (ms): Min: 2.2, Avg: 5.2, Max: 6.3, Diff: 4.1, Sum: 20.7]
      [Update RS (ms): Min: 21.3, Avg: 21.5, Max: 22.0, Diff: 0.7, Sum: 86.0]
         [Processed Buffers: Min: 25, Avg: 33.8, Max: 44, Diff: 19, Sum: 135]
      [Scan RS (ms): Min: 0.1, Avg: 0.3, Max: 0.5, Diff: 0.3, Sum: 1.2]
      [Code Root Scanning (ms): Min: 0.0, Avg: 0.0, Max: 0.0, Diff: 0.0, Sum: 0.1]
      [Object Copy (ms): Min: 43.6, Avg: 43.8, Max: 43.9, Diff: 0.3, Sum: 175.2]
      [Termination (ms): Min: 0.0, Avg: 0.0, Max: 0.0, Diff: 0.0, Sum: 0.1]
         [Termination Attempts: Min: 4, Avg: 8.5, Max: 18, Diff: 14, Sum: 34]
      [GC Worker Other (ms): Min: 0.0, Avg: 0.1, Max: 0.1, Diff: 0.1, Sum: 0.2]
      [GC Worker Total (ms): Min: 68.0, Avg: 70.9, Max: 71.8, Diff: 3.9, Sum: 283.5]
      [GC Worker End (ms): Min: 2793601.8, Avg: 2793601.8, Max: 2793601.9, Diff: 0.1]
   [Code Root Fixup: 0.1 ms]
   [Code Root Purge: 0.0 ms]
   [Clear CT: 0.5 ms]
   [Other: 4.5 ms]
      [Choose CSet: 0.0 ms]
      [Ref Proc: 2.4 ms]
      [Ref Enq: 0.2 ms]
      [Redirty Cards: 0.3 ms]
      [Humongous Register: 0.1 ms]
      [Humongous Reclaim: 0.1 ms]
      [Free CSet: 0.9 ms]
   [Eden: 981.0M(981.0M)->0.0B(1021.0M) Survivors: 69632.0K->51200.0K Heap: 1592.1M(1868.0M)->589.1M(1868.0M)]
Heap after GC invocations=286 (full 0):
 garbage-first heap   total 1912832K, used 603199K [0x000000008b400000, 0x000000008b503a60, 0x0000000100000000)
  region size 1024K, 50 young (51200K), 50 survivors (51200K)
 Metaspace       used 147986K, capacity 155259K, committed 155568K, reserved 1183744K
  class space    used 19745K, capacity 21111K, committed 21168K, reserved 1048576K
}
 [Times: user=0.24 sys=0.01, real=0.07 secs] 
2020-07-20T09:55:57.671+0000: 2793.607: Total time for which application threads were stopped: 0.0817770 seconds, Stopping threads took: 0.0035507 seconds
{Heap before GC invocations=286 (full 0):
 garbage-first heap   total 1912832K, used 1650751K [0x000000008b400000, 0x000000008b503a60, 0x0000000100000000)
  region size 1024K, 1071 young (1096704K), 50 survivors (51200K)
 Metaspace       used 147986K, capacity 155259K, committed 155568K, reserved 1183744K
  class space    used 19745K, capacity 21111K, committed 21168K, reserved 1048576K
2020-07-20T09:56:00.911+0000: 2796.847: [GC pause (G1 Evacuation Pause) (young)
Desired survivor size 70254592 bytes, new threshold 15 (max 15)
- age   1:   27456872 bytes,   27456872 total
- age   2:   13240320 bytes,   40697192 total
- age   3:     609080 bytes,   41306272 total
- age   4:    2173760 bytes,   43480032 total
- age   5:     559672 bytes,   44039704 total
- age   6:     839040 bytes,   44878744 total
- age   7:    1177160 bytes,   46055904 total
- age   8:     807504 bytes,   46863408 total
- age   9:     681352 bytes,   47544760 total
- age  10:     693608 bytes,   48238368 total
- age  11:     759752 bytes,   48998120 total
, 0.0629840 secs]
   [Parallel Time: 58.0 ms, GC Workers: 4]
      [GC Worker Start (ms): Min: 2796848.7, Avg: 2796848.8, Max: 2796848.8, Diff: 0.1]
      [Ext Root Scanning (ms): Min: 5.0, Avg: 5.0, Max: 5.2, Diff: 0.2, Sum: 20.1]
      [Update RS (ms): Min: 21.6, Avg: 21.6, Max: 21.6, Diff: 0.0, Sum: 86.3]
         [Processed Buffers: Min: 21, Avg: 33.5, Max: 65, Diff: 44, Sum: 134]
      [Scan RS (ms): Min: 0.3, Avg: 0.4, Max: 0.4, Diff: 0.1, Sum: 1.4]
      [Code Root Scanning (ms): Min: 0.0, Avg: 0.0, Max: 0.0, Diff: 0.0, Sum: 0.1]
      [Object Copy (ms): Min: 30.4, Avg: 30.5, Max: 30.6, Diff: 0.2, Sum: 121.9]
      [Termination (ms): Min: 0.0, Avg: 0.0, Max: 0.0, Diff: 0.0, Sum: 0.0]
         [Termination Attempts: Min: 2, Avg: 2.2, Max: 3, Diff: 1, Sum: 9]
      [GC Worker Other (ms): Min: 0.0, Avg: 0.1, Max: 0.1, Diff: 0.1, Sum: 0.2]
      [GC Worker Total (ms): Min: 57.5, Avg: 57.5, Max: 57.6, Diff: 0.1, Sum: 230.1]
      [GC Worker End (ms): Min: 2796906.3, Avg: 2796906.3, Max: 2796906.3, Diff: 0.1]
   [Code Root Fixup: 0.0 ms]
   [Code Root Purge: 0.0 ms]
   [Clear CT: 0.4 ms]
   [Other: 4.6 ms]
      [Choose CSet: 0.0 ms]
      [Ref Proc: 1.7 ms]
      [Ref Enq: 0.1 ms]
      [Redirty Cards: 0.3 ms]
      [Humongous Register: 0.8 ms]
      [Humongous Reclaim: 0.0 ms]
      [Free CSet: 0.9 ms]
   [Eden: 1021.0M(1021.0M)->0.0B(1049.0M) Survivors: 51200.0K->35840.0K Heap: 1612.1M(1868.0M)->574.1M(1868.0M)]
Heap after GC invocations=287 (full 0):
 garbage-first heap   total 1912832K, used 587839K [0x000000008b400000, 0x000000008b503a60, 0x0000000100000000)
  region size 1024K, 35 young (35840K), 35 survivors (35840K)
 Metaspace       used 147986K, capacity 155259K, committed 155568K, reserved 1183744K
  class space    used 19745K, capacity 21111K, committed 21168K, reserved 1048576K
}
 [Times: user=0.19 sys=0.01, real=0.07 secs] 
2020-07-20T09:56:00.975+0000: 2796.910: Total time for which application threads were stopped: 0.0702216 seconds, Stopping threads took: 0.0054554 seconds
{Heap before GC invocations=287 (full 0):
 garbage-first heap   total 1912832K, used 1662015K [0x000000008b400000, 0x000000008b503a60, 0x0000000100000000)
  region size 1024K, 1084 young (1110016K), 35 survivors (35840K)
 Metaspace       used 147986K, capacity 155259K, committed 155568K, reserved 1183744K
  class space    used 19745K, capacity 21111K, committed 21168K, reserved 1048576K
2020-07-20T09:56:06.128+0000: 2802.064: [GC pause (G1 Evacuation Pause) (young)
Desired survivor size 71303168 bytes, new threshold 15 (max 15)
- age   1:   23673016 bytes,   23673016 total
- age   2:    2031760 bytes,   25704776 total
- age   3:     489232 bytes,   26194008 total
- age   4:     558416 bytes,   26752424 total
- age   5:    2135680 bytes,   28888104 total
- age   6:     491496 bytes,   29379600 total
- age   7:     786800 bytes,   30166400 total
- age   8:    1139480 bytes,   31305880 total
- age   9:     804672 bytes,   32110552 total
- age  10:     667032 bytes,   32777584 total
- age  11:     687984 bytes,   33465568 total
- age  12:     755488 bytes,   34221056 total
, 0.0912790 secs]
   [Parallel Time: 86.9 ms, GC Workers: 4]
      [GC Worker Start (ms): Min: 2802064.0, Avg: 2802064.1, Max: 2802064.1, Diff: 0.1]
      [Ext Root Scanning (ms): Min: 5.9, Avg: 6.3, Max: 7.5, Diff: 1.6, Sum: 25.3]
      [Update RS (ms): Min: 31.3, Avg: 32.2, Max: 32.7, Diff: 1.4, Sum: 129.0]
         [Processed Buffers: Min: 36, Avg: 38.8, Max: 43, Diff: 7, Sum: 155]
      [Scan RS (ms): Min: 0.3, Avg: 0.4, Max: 0.6, Diff: 0.3, Sum: 1.5]
      [Code Root Scanning (ms): Min: 0.0, Avg: 0.0, Max: 0.0, Diff: 0.0, Sum: 0.1]
      [Object Copy (ms): Min: 47.6, Avg: 47.7, Max: 47.9, Diff: 0.3, Sum: 190.9]
      [Termination (ms): Min: 0.0, Avg: 0.0, Max: 0.0, Diff: 0.0, Sum: 0.0]
         [Termination Attempts: Min: 1, Avg: 2.2, Max: 5, Diff: 4, Sum: 9]
      [GC Worker Other (ms): Min: 0.0, Avg: 0.1, Max: 0.1, Diff: 0.1, Sum: 0.3]
      [GC Worker Total (ms): Min: 86.7, Avg: 86.8, Max: 86.8, Diff: 0.0, Sum: 347.1]
      [GC Worker End (ms): Min: 2802150.8, Avg: 2802150.8, Max: 2802150.9, Diff: 0.1]
   [Code Root Fixup: 0.0 ms]
   [Code Root Purge: 0.0 ms]
   [Clear CT: 0.4 ms]
   [Other: 3.9 ms]
      [Choose CSet: 0.0 ms]
      [Ref Proc: 1.9 ms]
      [Ref Enq: 0.1 ms]
      [Redirty Cards: 0.4 ms]
      [Humongous Register: 0.1 ms]
      [Humongous Reclaim: 0.0 ms]
      [Free CSet: 0.9 ms]
   [Eden: 1049.0M(1049.0M)->0.0B(1037.0M) Survivors: 35840.0K->43008.0K Heap: 1623.1M(1868.0M)->581.6M(1868.0M)]
Heap after GC invocations=288 (full 0):
 garbage-first heap   total 1912832K, used 595519K [0x000000008b400000, 0x000000008b503a60, 0x0000000100000000)
  region size 1024K, 42 young (43008K), 42 survivors (43008K)
 Metaspace       used 147986K, capacity 155259K, committed 155568K, reserved 1183744K
  class space    used 19745K, capacity 21111K, committed 21168K, reserved 1048576K
}
 [Times: user=0.26 sys=0.02, real=0.09 secs] 
2020-07-20T09:56:06.219+0000: 2802.155: Total time for which application threads were stopped: 0.0933279 seconds, Stopping threads took: 0.0005482 seconds
{Heap before GC invocations=288 (full 0):
 garbage-first heap   total 1912832K, used 1657407K [0x000000008b400000, 0x000000008b503a60, 0x0000000100000000)
  region size 1024K, 1079 young (1104896K), 42 survivors (43008K)
 Metaspace       used 147987K, capacity 155259K, committed 155568K, reserved 1183744K
  class space    used 19745K, capacity 21111K, committed 21168K, reserved 1048576K
2020-07-20T09:56:13.359+0000: 2809.295: [GC pause (G1 Evacuation Pause) (young)
Desired survivor size 70778880 bytes, new threshold 15 (max 15)
- age   1:   13781144 bytes,   13781144 total
- age   2:   18586928 bytes,   32368072 total
- age   3:    1532000 bytes,   33900072 total
- age   4:     473712 bytes,   34373784 total
- age   5:     549848 bytes,   34923632 total
- age   6:    2127912 bytes,   37051544 total
- age   7:     468744 bytes,   37520288 total
- age   8:     776296 bytes,   38296584 total
- age   9:    1131624 bytes,   39428208 total
- age  10:     804296 bytes,   40232504 total
- age  11:     665696 bytes,   40898200 total
- age  12:     686448 bytes,   41584648 total
- age  13:     755072 bytes,   42339720 total
, 0.0690305 secs]
   [Parallel Time: 64.3 ms, GC Workers: 4]
      [GC Worker Start (ms): Min: 2809294.9, Avg: 2809295.0, Max: 2809295.0, Diff: 0.1]
      [Ext Root Scanning (ms): Min: 5.1, Avg: 5.3, Max: 5.6, Diff: 0.4, Sum: 21.3]
      [Update RS (ms): Min: 22.9, Avg: 23.0, Max: 23.1, Diff: 0.2, Sum: 91.9]
         [Processed Buffers: Min: 26, Avg: 38.8, Max: 59, Diff: 33, Sum: 155]
      [Scan RS (ms): Min: 0.2, Avg: 0.3, Max: 0.3, Diff: 0.1, Sum: 1.2]
      [Code Root Scanning (ms): Min: 0.0, Avg: 0.0, Max: 0.0, Diff: 0.0, Sum: 0.1]
      [Object Copy (ms): Min: 35.0, Avg: 35.4, Max: 35.5, Diff: 0.5, Sum: 141.5]
      [Termination (ms): Min: 0.0, Avg: 0.0, Max: 0.0, Diff: 0.0, Sum: 0.0]
         [Termination Attempts: Min: 1, Avg: 2.5, Max: 4, Diff: 3, Sum: 10]
      [GC Worker Other (ms): Min: 0.0, Avg: 0.1, Max: 0.1, Diff: 0.0, Sum: 0.3]
      [GC Worker Total (ms): Min: 64.0, Avg: 64.1, Max: 64.1, Diff: 0.1, Sum: 256.2]
      [GC Worker End (ms): Min: 2809359.0, Avg: 2809359.0, Max: 2809359.1, Diff: 0.0]
   [Code Root Fixup: 0.0 ms]
   [Code Root Purge: 0.0 ms]
   [Clear CT: 0.5 ms]
   [Other: 4.2 ms]
      [Choose CSet: 0.0 ms]
      [Ref Proc: 2.3 ms]
      [Ref Enq: 0.2 ms]
      [Redirty Cards: 0.3 ms]
      [Humongous Register: 0.1 ms]
      [Humongous Reclaim: 0.0 ms]
      [Free CSet: 0.9 ms]
   [Eden: 1037.0M(1037.0M)->0.0B(1037.0M) Survivors: 43008.0K->43008.0K Heap: 1618.6M(1868.0M)->581.1M(1868.0M)]
Heap after GC invocations=289 (full 0):
 garbage-first heap   total 1912832K, used 595007K [0x000000008b400000, 0x000000008b503a60, 0x0000000100000000)
  region size 1024K, 42 young (43008K), 42 survivors (43008K)
 Metaspace       used 147987K, capacity 155259K, committed 155568K, reserved 1183744K
  class space    used 19745K, capacity 21111K, committed 21168K, reserved 1048576K
}
 [Times: user=0.23 sys=0.01, real=0.07 secs] 
2020-07-20T09:56:13.428+0000: 2809.364: Total time for which application threads were stopped: 0.0704068 seconds, Stopping threads took: 0.0002353 seconds
{Heap before GC invocations=289 (full 0):
 garbage-first heap   total 1912832K, used 1658943K [0x000000008b400000, 0x000000008b503a60, 0x0000000100000000)
  region size 1024K, 1079 young (1104896K), 42 survivors (43008K)
 Metaspace       used 147987K, capacity 155259K, committed 155568K, reserved 1183744K
  class space    used 19745K, capacity 21111K, committed 21168K, reserved 1048576K
2020-07-20T09:56:18.917+0000: 2814.853: [GC pause (G1 Evacuation Pause) (young)
Desired survivor size 70778880 bytes, new threshold 15 (max 15)
- age   1:    6093264 bytes,    6093264 total
- age   2:    6805472 bytes,   12898736 total
- age   3:   18318568 bytes,   31217304 total
- age   4:    1528560 bytes,   32745864 total
- age   5:     468664 bytes,   33214528 total
- age   6:     548328 bytes,   33762856 total
- age   7:    2126024 bytes,   35888880 total
- age   8:     453480 bytes,   36342360 total
- age   9:     776264 bytes,   37118624 total
- age  10:    1131024 bytes,   38249648 total
- age  11:     804296 bytes,   39053944 total
- age  12:     665168 bytes,   39719112 total
- age  13:     684816 bytes,   40403928 total
- age  14:     755008 bytes,   41158936 total
, 0.0870387 secs]
   [Parallel Time: 82.9 ms, GC Workers: 4]
      [GC Worker Start (ms): Min: 2814853.8, Avg: 2814853.8, Max: 2814853.9, Diff: 0.1]
      [Ext Root Scanning (ms): Min: 5.1, Avg: 5.2, Max: 5.4, Diff: 0.3, Sum: 20.8]
      [Update RS (ms): Min: 25.9, Avg: 26.2, Max: 26.7, Diff: 0.7, Sum: 104.8]
         [Processed Buffers: Min: 23, Avg: 40.8, Max: 54, Diff: 31, Sum: 163]
      [Scan RS (ms): Min: 0.2, Avg: 0.3, Max: 0.4, Diff: 0.3, Sum: 1.2]
      [Code Root Scanning (ms): Min: 0.0, Avg: 0.0, Max: 0.0, Diff: 0.0, Sum: 0.1]
      [Object Copy (ms): Min: 50.6, Avg: 50.9, Max: 51.0, Diff: 0.4, Sum: 203.4]
      [Termination (ms): Min: 0.0, Avg: 0.1, Max: 0.2, Diff: 0.2, Sum: 0.5]
         [Termination Attempts: Min: 1, Avg: 4.5, Max: 8, Diff: 7, Sum: 18]
      [GC Worker Other (ms): Min: 0.0, Avg: 0.0, Max: 0.0, Diff: 0.0, Sum: 0.1]
      [GC Worker Total (ms): Min: 82.7, Avg: 82.8, Max: 82.8, Diff: 0.1, Sum: 331.0]
      [GC Worker End (ms): Min: 2814936.6, Avg: 2814936.6, Max: 2814936.6, Diff: 0.0]
   [Code Root Fixup: 0.0 ms]
   [Code Root Purge: 0.0 ms]
   [Clear CT: 0.4 ms]
   [Other: 3.7 ms]
      [Choose CSet: 0.0 ms]
      [Ref Proc: 1.7 ms]
      [Ref Enq: 0.1 ms]
      [Redirty Cards: 0.3 ms]
      [Humongous Register: 0.2 ms]
      [Humongous Reclaim: 0.0 ms]
      [Free CSet: 0.9 ms]
   [Eden: 1037.0M(1037.0M)->0.0B(1011.0M) Survivors: 43008.0K->54272.0K Heap: 1620.1M(1868.0M)->594.1M(1868.0M)]
Heap after GC invocations=290 (full 0):
 garbage-first heap   total 1912832K, used 608319K [0x000000008b400000, 0x000000008b503a60, 0x0000000100000000)
  region size 1024K, 53 young (54272K), 53 survivors (54272K)
 Metaspace       used 147987K, capacity 155259K, committed 155568K, reserved 1183744K
  class space    used 19745K, capacity 21111K, committed 21168K, reserved 1048576K
}
 [Times: user=0.26 sys=0.02, real=0.09 secs] 
2020-07-20T09:56:19.005+0000: 2814.941: Total time for which application threads were stopped: 0.0902007 seconds, Stopping threads took: 0.0021887 seconds
{Heap before GC invocations=290 (full 0):
 garbage-first heap   total 1912832K, used 1645631K [0x000000008b400000, 0x000000008b503a60, 0x0000000100000000)
  region size 1024K, 1064 young (1089536K), 53 survivors (54272K)
 Metaspace       used 147988K, capacity 155259K, committed 155568K, reserved 1183744K
  class space    used 19745K, capacity 21111K, committed 21168K, reserved 1048576K
2020-07-20T09:56:22.225+0000: 2818.161: [GC pause (G1 Evacuation Pause) (young)
Desired survivor size 69730304 bytes, new threshold 15 (max 15)
- age   1:   18826792 bytes,   18826792 total
- age   2:     899376 bytes,   19726168 total
- age   3:    6772000 bytes,   26498168 total
- age   4:   17920072 bytes,   44418240 total
- age   5:    1528320 bytes,   45946560 total
- age   6:     457344 bytes,   46403904 total
- age   7:     533144 bytes,   46937048 total
- age   8:     633792 bytes,   47570840 total
- age   9:     435312 bytes,   48006152 total
- age  10:     776232 bytes,   48782384 total
- age  11:    1128152 bytes,   49910536 total
- age  12:     803472 bytes,   50714008 total
- age  13:     657296 bytes,   51371304 total
- age  14:     679808 bytes,   52051112 total
- age  15:     754760 bytes,   52805872 total
, 0.0691091 secs]
   [Parallel Time: 65.2 ms, GC Workers: 4]
      [GC Worker Start (ms): Min: 2818161.6, Avg: 2818161.6, Max: 2818161.6, Diff: 0.0]
      [Ext Root Scanning (ms): Min: 5.0, Avg: 5.0, Max: 5.2, Diff: 0.2, Sum: 20.2]
      [Update RS (ms): Min: 21.7, Avg: 21.7, Max: 21.9, Diff: 0.2, Sum: 87.0]
         [Processed Buffers: Min: 22, Avg: 34.8, Max: 45, Diff: 23, Sum: 139]
      [Scan RS (ms): Min: 0.2, Avg: 0.3, Max: 0.5, Diff: 0.3, Sum: 1.4]
      [Code Root Scanning (ms): Min: 0.0, Avg: 0.0, Max: 0.0, Diff: 0.0, Sum: 0.1]
      [Object Copy (ms): Min: 37.7, Avg: 37.8, Max: 37.9, Diff: 0.2, Sum: 151.2]
      [Termination (ms): Min: 0.0, Avg: 0.0, Max: 0.0, Diff: 0.0, Sum: 0.1]
         [Termination Attempts: Min: 1, Avg: 1.5, Max: 2, Diff: 1, Sum: 6]
      [GC Worker Other (ms): Min: 0.0, Avg: 0.0, Max: 0.1, Diff: 0.1, Sum: 0.2]
      [GC Worker Total (ms): Min: 65.0, Avg: 65.0, Max: 65.1, Diff: 0.1, Sum: 260.1]
      [GC Worker End (ms): Min: 2818226.6, Avg: 2818226.6, Max: 2818226.7, Diff: 0.1]
   [Code Root Fixup: 0.0 ms]
   [Code Root Purge: 0.0 ms]
   [Clear CT: 0.4 ms]
   [Other: 3.5 ms]
      [Choose CSet: 0.0 ms]
      [Ref Proc: 1.6 ms]
      [Ref Enq: 0.1 ms]
      [Redirty Cards: 0.4 ms]
      [Humongous Register: 0.1 ms]
      [Humongous Reclaim: 0.1 ms]
      [Free CSet: 0.9 ms]
   [Eden: 1011.0M(1011.0M)->0.0B(1042.0M) Survivors: 54272.0K->39936.0K Heap: 1607.1M(1868.0M)->578.8M(1868.0M)]
Heap after GC invocations=291 (full 0):
 garbage-first heap   total 1912832K, used 592684K [0x000000008b400000, 0x000000008b503a60, 0x0000000100000000)
  region size 1024K, 39 young (39936K), 39 survivors (39936K)
 Metaspace       used 147988K, capacity 155259K, committed 155568K, reserved 1183744K
  class space    used 19745K, capacity 21111K, committed 21168K, reserved 1048576K
}
 [Times: user=0.22 sys=0.00, real=0.07 secs] 
2020-07-20T09:56:22.295+0000: 2818.231: Total time for which application threads were stopped: 0.0719623 seconds, Stopping threads took: 0.0019524 seconds
{Heap before GC invocations=291 (full 0):
 garbage-first heap   total 1912832K, used 1661740K [0x000000008b400000, 0x000000008b503a60, 0x0000000100000000)
  region size 1024K, 1081 young (1106944K), 39 survivors (39936K)
 Metaspace       used 147988K, capacity 155259K, committed 155568K, reserved 1183744K
  class space    used 19745K, capacity 21111K, committed 21168K, reserved 1048576K
2020-07-20T09:56:25.072+0000: 2821.007: [GC pause (G1 Evacuation Pause) (young)
Desired survivor size 71303168 bytes, new threshold 15 (max 15)
- age   1:   25343680 bytes,   25343680 total
- age   2:    5121136 bytes,   30464816 total
- age   3:     860744 bytes,   31325560 total
- age   4:     667960 bytes,   31993520 total
- age   5:     290672 bytes,   32284192 total
- age   6:     273496 bytes,   32557688 total
- age   7:     444520 bytes,   33002208 total
- age   8:     531752 bytes,   33533960 total
- age   9:     621704 bytes,   34155664 total
- age  10:     435224 bytes,   34590888 total
- age  11:     773776 bytes,   35364664 total
- age  12:    1124800 bytes,   36489464 total
- age  13:     797408 bytes,   37286872 total
- age  14:     657232 bytes,   37944104 total
- age  15:     679776 bytes,   38623880 total
, 0.0911394 secs]
   [Parallel Time: 86.8 ms, GC Workers: 4]
      [GC Worker Start (ms): Min: 2821007.8, Avg: 2821007.8, Max: 2821007.8, Diff: 0.1]
      [Ext Root Scanning (ms): Min: 5.3, Avg: 5.4, Max: 5.5, Diff: 0.3, Sum: 21.4]
      [Update RS (ms): Min: 23.5, Avg: 23.7, Max: 24.2, Diff: 0.7, Sum: 94.7]
         [Processed Buffers: Min: 17, Avg: 36.2, Max: 52, Diff: 35, Sum: 145]
      [Scan RS (ms): Min: 0.2, Avg: 0.3, Max: 0.4, Diff: 0.1, Sum: 1.3]
      [Code Root Scanning (ms): Min: 0.0, Avg: 0.0, Max: 0.0, Diff: 0.0, Sum: 0.1]
      [Object Copy (ms): Min: 56.8, Avg: 57.2, Max: 57.4, Diff: 0.6, Sum: 228.8]
      [Termination (ms): Min: 0.0, Avg: 0.1, Max: 0.1, Diff: 0.1, Sum: 0.3]
         [Termination Attempts: Min: 3, Avg: 3.5, Max: 4, Diff: 1, Sum: 14]
      [GC Worker Other (ms): Min: 0.0, Avg: 0.0, Max: 0.1, Diff: 0.1, Sum: 0.1]
      [GC Worker Total (ms): Min: 86.6, Avg: 86.7, Max: 86.7, Diff: 0.1, Sum: 346.6]
      [GC Worker End (ms): Min: 2821094.4, Avg: 2821094.5, Max: 2821094.5, Diff: 0.1]
   [Code Root Fixup: 0.0 ms]
   [Code Root Purge: 0.0 ms]
   [Clear CT: 0.3 ms]
   [Other: 3.9 ms]
      [Choose CSet: 0.0 ms]
      [Ref Proc: 2.1 ms]
      [Ref Enq: 0.1 ms]
      [Redirty Cards: 0.3 ms]
      [Humongous Register: 0.1 ms]
      [Humongous Reclaim: 0.0 ms]
      [Free CSet: 0.9 ms]
   [Eden: 1042.0M(1042.0M)->0.0B(995.0M) Survivors: 39936.0K->61440.0K Heap: 1622.8M(1868.0M)->603.2M(1868.0M)]
Heap after GC invocations=292 (full 0):
 garbage-first heap   total 1912832K, used 617691K [0x000000008b400000, 0x000000008b503a60, 0x0000000100000000)
  region size 1024K, 60 young (61440K), 60 survivors (61440K)
 Metaspace       used 147988K, capacity 155259K, committed 155568K, reserved 1183744K
  class space    used 19745K, capacity 21111K, committed 21168K, reserved 1048576K
}
 [Times: user=0.30 sys=0.00, real=0.10 secs] 
2020-07-20T09:56:25.163+0000: 2821.099: Total time for which application threads were stopped: 0.0982287 seconds, Stopping threads took: 0.0061637 seconds
{Heap before GC invocations=292 (full 0):
 garbage-first heap   total 1912832K, used 1636571K [0x000000008b400000, 0x000000008b503a60, 0x0000000100000000)
  region size 1024K, 1055 young (1080320K), 60 survivors (61440K)
 Metaspace       used 147988K, capacity 155259K, committed 155568K, reserved 1183744K
  class space    used 19745K, capacity 21111K, committed 21168K, reserved 1048576K
2020-07-20T09:56:28.094+0000: 2824.030: [GC pause (G1 Evacuation Pause) (young)
Desired survivor size 69206016 bytes, new threshold 15 (max 15)
- age   1:   29490000 bytes,   29490000 total
- age   2:   19420232 bytes,   48910232 total
- age   3:    4621144 bytes,   53531376 total
- age   4:     743608 bytes,   54274984 total
- age   5:     564552 bytes,   54839536 total
- age   6:     285344 bytes,   55124880 total
- age   7:     271504 bytes,   55396384 total
- age   8:     442960 bytes,   55839344 total
- age   9:     527256 bytes,   56366600 total
- age  10:     619600 bytes,   56986200 total
- age  11:     431280 bytes,   57417480 total
- age  12:     772408 bytes,   58189888 total
- age  13:    1119488 bytes,   59309376 total
- age  14:     796040 bytes,   60105416 total
- age  15:     657136 bytes,   60762552 total
, 0.0800716 secs]
   [Parallel Time: 75.0 ms, GC Workers: 4]
      [GC Worker Start (ms): Min: 2824030.0, Avg: 2824030.1, Max: 2824030.1, Diff: 0.1]
      [Ext Root Scanning (ms): Min: 5.5, Avg: 5.6, Max: 5.9, Diff: 0.3, Sum: 22.5]
      [Update RS (ms): Min: 31.0, Avg: 31.2, Max: 31.5, Diff: 0.4, Sum: 124.7]
         [Processed Buffers: Min: 19, Avg: 36.5, Max: 52, Diff: 33, Sum: 146]
      [Scan RS (ms): Min: 0.3, Avg: 0.4, Max: 0.4, Diff: 0.1, Sum: 1.5]
      [Code Root Scanning (ms): Min: 0.0, Avg: 0.0, Max: 0.0, Diff: 0.0, Sum: 0.1]
      [Object Copy (ms): Min: 37.2, Avg: 37.5, Max: 37.7, Diff: 0.5, Sum: 149.9]
      [Termination (ms): Min: 0.0, Avg: 0.0, Max: 0.1, Diff: 0.1, Sum: 0.1]
         [Termination Attempts: Min: 1, Avg: 1.0, Max: 1, Diff: 0, Sum: 4]
      [GC Worker Other (ms): Min: 0.0, Avg: 0.1, Max: 0.2, Diff: 0.2, Sum: 0.2]
      [GC Worker Total (ms): Min: 74.7, Avg: 74.8, Max: 74.8, Diff: 0.1, Sum: 299.0]
      [GC Worker End (ms): Min: 2824104.8, Avg: 2824104.8, Max: 2824104.8, Diff: 0.0]
   [Code Root Fixup: 0.2 ms]
   [Code Root Purge: 0.0 ms]
   [Clear CT: 0.3 ms]
   [Other: 4.6 ms]
      [Choose CSet: 0.0 ms]
      [Ref Proc: 2.1 ms]
      [Ref Enq: 0.2 ms]
      [Redirty Cards: 0.3 ms]
      [Humongous Register: 0.1 ms]
      [Humongous Reclaim: 0.1 ms]
      [Free CSet: 1.1 ms]
   [Eden: 995.0M(995.0M)->0.0B(1036.0M) Survivors: 61440.0K->41984.0K Heap: 1598.2M(1868.0M)->583.3M(1868.0M)]
Heap after GC invocations=293 (full 0):
 garbage-first heap   total 1912832K, used 597296K [0x000000008b400000, 0x000000008b503a60, 0x0000000100000000)
  region size 1024K, 41 young (41984K), 41 survivors (41984K)
 Metaspace       used 147988K, capacity 155259K, committed 155568K, reserved 1183744K
  class space    used 19745K, capacity 21111K, committed 21168K, reserved 1048576K
}
 [Times: user=0.25 sys=0.01, real=0.08 secs] 
2020-07-20T09:56:28.174+0000: 2824.110: Total time for which application threads were stopped: 0.0841068 seconds, Stopping threads took: 0.0027010 seconds
{Heap before GC invocations=293 (full 0):
 garbage-first heap   total 1912832K, used 1660208K [0x000000008b400000, 0x000000008b503a60, 0x0000000100000000)
  region size 1024K, 1077 young (1102848K), 41 survivors (41984K)
 Metaspace       used 147989K, capacity 155259K, committed 155568K, reserved 1183744K
  class space    used 19746K, capacity 21111K, committed 21168K, reserved 1048576K
2020-07-20T09:56:30.854+0000: 2826.790: [GC pause (G1 Evacuation Pause) (young)
Desired survivor size 70778880 bytes, new threshold 15 (max 15)
- age   1:   21952848 bytes,   21952848 total
- age   2:    9899288 bytes,   31852136 total
- age   3:     567736 bytes,   32419872 total
- age   4:    2086192 bytes,   34506064 total
- age   5:     731480 bytes,   35237544 total
- age   6:     548376 bytes,   35785920 total
- age   7:     283968 bytes,   36069888 total
- age   8:     270936 bytes,   36340824 total
- age   9:     441440 bytes,   36782264 total
- age  10:     527200 bytes,   37309464 total
- age  11:     619232 bytes,   37928696 total
- age  12:     429808 bytes,   38358504 total
- age  13:     770552 bytes,   39129056 total
- age  14:    1111840 bytes,   40240896 total
- age  15:     791048 bytes,   41031944 total
, 0.0935353 secs]
   [Parallel Time: 88.6 ms, GC Workers: 4]
      [GC Worker Start (ms): Min: 2826790.0, Avg: 2826790.2, Max: 2826790.6, Diff: 0.6]
      [Ext Root Scanning (ms): Min: 6.2, Avg: 7.6, Max: 10.5, Diff: 4.2, Sum: 30.3]
      [Update RS (ms): Min: 20.2, Avg: 22.3, Max: 23.0, Diff: 2.8, Sum: 89.1]
         [Processed Buffers: Min: 19, Avg: 36.8, Max: 66, Diff: 47, Sum: 147]
      [Scan RS (ms): Min: 0.2, Avg: 0.3, Max: 0.4, Diff: 0.2, Sum: 1.2]
      [Code Root Scanning (ms): Min: 0.0, Avg: 0.0, Max: 0.0, Diff: 0.0, Sum: 0.1]
      [Object Copy (ms): Min: 57.4, Avg: 58.0, Max: 58.5, Diff: 1.0, Sum: 232.2]
      [Termination (ms): Min: 0.0, Avg: 0.0, Max: 0.0, Diff: 0.0, Sum: 0.0]
         [Termination Attempts: Min: 1, Avg: 1.0, Max: 1, Diff: 0, Sum: 4]
      [GC Worker Other (ms): Min: 0.0, Avg: 0.1, Max: 0.1, Diff: 0.1, Sum: 0.3]
      [GC Worker Total (ms): Min: 87.8, Avg: 88.3, Max: 88.5, Diff: 0.6, Sum: 353.2]
      [GC Worker End (ms): Min: 2826878.5, Avg: 2826878.5, Max: 2826878.5, Diff: 0.1]
   [Code Root Fixup: 0.0 ms]
   [Code Root Purge: 0.0 ms]
   [Clear CT: 0.4 ms]
   [Other: 4.4 ms]
      [Choose CSet: 0.0 ms]
      [Ref Proc: 2.4 ms]
      [Ref Enq: 0.2 ms]
      [Redirty Cards: 0.3 ms]
      [Humongous Register: 0.1 ms]
      [Humongous Reclaim: 0.0 ms]
      [Free CSet: 0.9 ms]
   [Eden: 1036.0M(1036.0M)->0.0B(987.0M) Survivors: 41984.0K->64512.0K Heap: 1621.3M(1868.0M)->608.0M(1868.0M)]
Heap after GC invocations=294 (full 0):
 garbage-first heap   total 1912832K, used 622555K [0x000000008b400000, 0x000000008b503a60, 0x0000000100000000)
  region size 1024K, 63 young (64512K), 63 survivors (64512K)
 Metaspace       used 147989K, capacity 155259K, committed 155568K, reserved 1183744K
  class space    used 19746K, capacity 21111K, committed 21168K, reserved 1048576K
}
 [Times: user=0.29 sys=0.02, real=0.09 secs] 
2020-07-20T09:56:30.948+0000: 2826.884: Total time for which application threads were stopped: 0.0970717 seconds, Stopping threads took: 0.0022234 seconds
{Heap before GC invocations=294 (full 0):
 garbage-first heap   total 1912832K, used 1633243K [0x000000008b400000, 0x000000008b503a60, 0x0000000100000000)
  region size 1024K, 1050 young (1075200K), 63 survivors (64512K)
 Metaspace       used 147990K, capacity 155259K, committed 155568K, reserved 1183744K
  class space    used 19746K, capacity 21111K, committed 21168K, reserved 1048576K
2020-07-20T09:56:33.790+0000: 2829.725: [GC pause (G1 Evacuation Pause) (young)
Desired survivor size 69206016 bytes, new threshold 15 (max 15)
- age   1:   29112424 bytes,   29112424 total
- age   2:   15764280 bytes,   44876704 total
- age   3:    9881600 bytes,   54758304 total
- age   4:     566848 bytes,   55325152 total
- age   5:    2081200 bytes,   57406352 total
- age   6:     731480 bytes,   58137832 total
- age   7:     546744 bytes,   58684576 total
- age   8:     268992 bytes,   58953568 total
- age   9:     270808 bytes,   59224376 total
- age  10:     441376 bytes,   59665752 total
- age  11:     527040 bytes,   60192792 total
- age  12:     617344 bytes,   60810136 total
- age  13:     429712 bytes,   61239848 total
- age  14:     769016 bytes,   62008864 total
- age  15:    1109712 bytes,   63118576 total
, 0.0816332 secs]
   [Parallel Time: 77.4 ms, GC Workers: 4]
      [GC Worker Start (ms): Min: 2829725.8, Avg: 2829725.8, Max: 2829725.9, Diff: 0.1]
      [Ext Root Scanning (ms): Min: 5.1, Avg: 5.2, Max: 5.3, Diff: 0.2, Sum: 20.6]
      [Update RS (ms): Min: 25.3, Avg: 25.5, Max: 25.6, Diff: 0.3, Sum: 101.9]
         [Processed Buffers: Min: 30, Avg: 36.2, Max: 41, Diff: 11, Sum: 145]
      [Scan RS (ms): Min: 0.2, Avg: 0.3, Max: 0.3, Diff: 0.1, Sum: 1.2]
      [Code Root Scanning (ms): Min: 0.0, Avg: 0.0, Max: 0.0, Diff: 0.0, Sum: 0.1]
      [Object Copy (ms): Min: 46.0, Avg: 46.2, Max: 46.4, Diff: 0.4, Sum: 184.7]
      [Termination (ms): Min: 0.0, Avg: 0.0, Max: 0.0, Diff: 0.0, Sum: 0.1]
         [Termination Attempts: Min: 1, Avg: 3.0, Max: 4, Diff: 3, Sum: 12]
      [GC Worker Other (ms): Min: 0.0, Avg: 0.1, Max: 0.1, Diff: 0.1, Sum: 0.2]
      [GC Worker Total (ms): Min: 77.2, Avg: 77.2, Max: 77.3, Diff: 0.1, Sum: 308.9]
      [GC Worker End (ms): Min: 2829803.0, Avg: 2829803.1, Max: 2829803.1, Diff: 0.1]
   [Code Root Fixup: 0.1 ms]
   [Code Root Purge: 0.0 ms]
   [Clear CT: 0.4 ms]
   [Other: 3.7 ms]
      [Choose CSet: 0.0 ms]
      [Ref Proc: 1.8 ms]
      [Ref Enq: 0.2 ms]
      [Redirty Cards: 0.3 ms]
      [Humongous Register: 0.1 ms]
      [Humongous Reclaim: 0.0 ms]
      [Free CSet: 0.9 ms]
   [Eden: 987.0M(987.0M)->0.0B(1032.0M) Survivors: 64512.0K->43008.0K Heap: 1595.0M(1868.0M)->586.9M(1868.0M)]
Heap after GC invocations=295 (full 0):
 garbage-first heap   total 1912832K, used 600986K [0x000000008b400000, 0x000000008b503a60, 0x0000000100000000)
  region size 1024K, 42 young (43008K), 42 survivors (43008K)
 Metaspace       used 147990K, capacity 155259K, committed 155568K, reserved 1183744K
  class space    used 19746K, capacity 21111K, committed 21168K, reserved 1048576K
}
 [Times: user=0.26 sys=0.00, real=0.08 secs] 
2020-07-20T09:56:33.872+0000: 2829.807: Total time for which application threads were stopped: 0.0864728 seconds, Stopping threads took: 0.0037810 seconds
{Heap before GC invocations=295 (full 0):
 garbage-first heap   total 1912832K, used 1659802K [0x000000008b400000, 0x000000008b503a60, 0x0000000100000000)
  region size 1024K, 1074 young (1099776K), 42 survivors (43008K)
 Metaspace       used 147990K, capacity 155259K, committed 155568K, reserved 1183744K
  class space    used 19746K, capacity 21111K, committed 21168K, reserved 1048576K
2020-07-20T09:56:36.591+0000: 2832.527: [GC pause (G1 Evacuation Pause) (young)
Desired survivor size 70778880 bytes, new threshold 15 (max 15)
- age   1:   22780504 bytes,   22780504 total
- age   2:   10094992 bytes,   32875496 total
- age   3:     387320 bytes,   33262816 total
- age   4:     304424 bytes,   33567240 total
- age   5:     565680 bytes,   34132920 total
- age   6:    2080944 bytes,   36213864 total
- age   7:     731344 bytes,   36945208 total
- age   8:     545280 bytes,   37490488 total
- age   9:     268928 bytes,   37759416 total
- age  10:     270712 bytes,   38030128 total
- age  11:     441032 bytes,   38471160 total
- age  12:     527008 bytes,   38998168 total
- age  13:     616992 bytes,   39615160 total
- age  14:     428776 bytes,   40043936 total
- age  15:     767816 bytes,   40811752 total
, 0.0920939 secs]
   [Parallel Time: 88.0 ms, GC Workers: 4]
      [GC Worker Start (ms): Min: 2832527.3, Avg: 2832527.4, Max: 2832527.4, Diff: 0.1]
      [Ext Root Scanning (ms): Min: 5.1, Avg: 5.2, Max: 5.4, Diff: 0.2, Sum: 20.9]
      [Update RS (ms): Min: 28.4, Avg: 28.7, Max: 29.1, Diff: 0.6, Sum: 114.6]
         [Processed Buffers: Min: 17, Avg: 38.2, Max: 63, Diff: 46, Sum: 153]
      [Scan RS (ms): Min: 0.2, Avg: 0.3, Max: 0.4, Diff: 0.3, Sum: 1.3]
      [Code Root Scanning (ms): Min: 0.0, Avg: 0.0, Max: 0.0, Diff: 0.0, Sum: 0.1]
      [Object Copy (ms): Min: 53.3, Avg: 53.6, Max: 53.8, Diff: 0.5, Sum: 214.5]
      [Termination (ms): Min: 0.0, Avg: 0.0, Max: 0.0, Diff: 0.0, Sum: 0.0]
         [Termination Attempts: Min: 11, Avg: 15.0, Max: 20, Diff: 9, Sum: 60]
      [GC Worker Other (ms): Min: 0.0, Avg: 0.0, Max: 0.1, Diff: 0.0, Sum: 0.1]
      [GC Worker Total (ms): Min: 87.9, Avg: 87.9, Max: 87.9, Diff: 0.0, Sum: 351.5]
      [GC Worker End (ms): Min: 2832615.2, Avg: 2832615.3, Max: 2832615.3, Diff: 0.0]
   [Code Root Fixup: 0.1 ms]
   [Code Root Purge: 0.0 ms]
   [Clear CT: 0.3 ms]
   [Other: 3.7 ms]
      [Choose CSet: 0.0 ms]
      [Ref Proc: 1.8 ms]
      [Ref Enq: 0.1 ms]
      [Redirty Cards: 0.3 ms]
      [Humongous Register: 0.1 ms]
      [Humongous Reclaim: 0.0 ms]
      [Free CSet: 0.9 ms]
   [Eden: 1032.0M(1032.0M)->0.0B(994.0M) Survivors: 43008.0K->59392.0K Heap: 1620.9M(1868.0M)->606.5M(1868.0M)]
Heap after GC invocations=296 (full 0):
 garbage-first heap   total 1912832K, used 621043K [0x000000008b400000, 0x000000008b503a60, 0x0000000100000000)
  region size 1024K, 58 young (59392K), 58 survivors (59392K)
 Metaspace       used 147990K, capacity 155259K, committed 155568K, reserved 1183744K
  class space    used 19746K, capacity 21111K, committed 21168K, reserved 1048576K
}
 [Times: user=0.28 sys=0.02, real=0.10 secs] 
2020-07-20T09:56:36.683+0000: 2832.619: Total time for which application threads were stopped: 0.0959874 seconds, Stopping threads took: 0.0028995 seconds
{Heap before GC invocations=296 (full 0):
 garbage-first heap   total 1912832K, used 1638899K [0x000000008b400000, 0x000000008b503a60, 0x0000000100000000)
  region size 1024K, 1052 young (1077248K), 58 survivors (59392K)
 Metaspace       used 147990K, capacity 155259K, committed 155568K, reserved 1183744K
  class space    used 19746K, capacity 21111K, committed 21168K, reserved 1048576K
2020-07-20T09:56:39.594+0000: 2835.530: [GC pause (G1 Evacuation Pause) (young)
Desired survivor size 69206016 bytes, new threshold 15 (max 15)
- age   1:   24347264 bytes,   24347264 total
- age   2:   16959904 bytes,   41307168 total
- age   3:   10077288 bytes,   51384456 total
- age   4:     386800 bytes,   51771256 total
- age   5:     304048 bytes,   52075304 total
- age   6:     565520 bytes,   52640824 total
- age   7:    2080688 bytes,   54721512 total
- age   8:     731344 bytes,   55452856 total
- age   9:     542984 bytes,   55995840 total
- age  10:     268832 bytes,   56264672 total
- age  11:     270680 bytes,   56535352 total
- age  12:     441000 bytes,   56976352 total
- age  13:     526944 bytes,   57503296 total
- age  14:     615312 bytes,   58118608 total
- age  15:     427624 bytes,   58546232 total
, 0.0760123 secs]
   [Parallel Time: 71.8 ms, GC Workers: 4]
      [GC Worker Start (ms): Min: 2835530.4, Avg: 2835530.4, Max: 2835530.4, Diff: 0.1]
      [Ext Root Scanning (ms): Min: 5.0, Avg: 5.1, Max: 5.3, Diff: 0.3, Sum: 20.6]
      [Update RS (ms): Min: 29.2, Avg: 29.4, Max: 30.0, Diff: 0.8, Sum: 117.8]
         [Processed Buffers: Min: 28, Avg: 35.2, Max: 48, Diff: 20, Sum: 141]
      [Scan RS (ms): Min: 0.3, Avg: 0.4, Max: 0.4, Diff: 0.1, Sum: 1.5]
      [Code Root Scanning (ms): Min: 0.0, Avg: 0.0, Max: 0.1, Diff: 0.1, Sum: 0.1]
      [Object Copy (ms): Min: 36.1, Avg: 36.6, Max: 36.8, Diff: 0.7, Sum: 146.4]
      [Termination (ms): Min: 0.0, Avg: 0.0, Max: 0.0, Diff: 0.0, Sum: 0.1]
         [Termination Attempts: Min: 1, Avg: 1.0, Max: 1, Diff: 0, Sum: 4]
      [GC Worker Other (ms): Min: 0.0, Avg: 0.0, Max: 0.0, Diff: 0.0, Sum: 0.1]
      [GC Worker Total (ms): Min: 71.6, Avg: 71.6, Max: 71.7, Diff: 0.1, Sum: 286.6]
      [GC Worker End (ms): Min: 2835602.1, Avg: 2835602.1, Max: 2835602.1, Diff: 0.0]
   [Code Root Fixup: 0.0 ms]
   [Code Root Purge: 0.0 ms]
   [Clear CT: 0.4 ms]
   [Other: 3.8 ms]
      [Choose CSet: 0.0 ms]
      [Ref Proc: 1.8 ms]
      [Ref Enq: 0.1 ms]
      [Redirty Cards: 0.3 ms]
      [Humongous Register: 0.1 ms]
      [Humongous Reclaim: 0.0 ms]
      [Free CSet: 0.9 ms]
   [Eden: 994.0M(994.0M)->0.0B(1035.0M) Survivors: 59392.0K->39936.0K Heap: 1600.5M(1868.0M)->586.4M(1868.0M)]
Heap after GC invocations=297 (full 0):
 garbage-first heap   total 1912832K, used 600462K [0x000000008b400000, 0x000000008b503a60, 0x0000000100000000)
  region size 1024K, 39 young (39936K), 39 survivors (39936K)
 Metaspace       used 147990K, capacity 155259K, committed 155568K, reserved 1183744K
  class space    used 19746K, capacity 21111K, committed 21168K, reserved 1048576K
}
 [Times: user=0.22 sys=0.01, real=0.07 secs] 
2020-07-20T09:56:39.670+0000: 2835.606: Total time for which application threads were stopped: 0.0770349 seconds, Stopping threads took: 0.0001934 seconds
{Heap before GC invocations=297 (full 0):
 garbage-first heap   total 1912832K, used 1662350K [0x000000008b400000, 0x000000008b503a60, 0x0000000100000000)
  region size 1024K, 1074 young (1099776K), 39 survivors (39936K)
 Metaspace       used 147990K, capacity 155259K, committed 155568K, reserved 1183744K
  class space    used 19746K, capacity 21111K, committed 21168K, reserved 1048576K
2020-07-20T09:56:42.478+0000: 2838.414: [GC pause (G1 Evacuation Pause) (young)
Desired survivor size 70778880 bytes, new threshold 15 (max 15)
- age   1:   22833704 bytes,   22833704 total
- age   2:    7610032 bytes,   30443736 total
- age   3:     587832 bytes,   31031568 total
- age   4:     418984 bytes,   31450552 total
- age   5:     386680 bytes,   31837232 total
- age   6:     301824 bytes,   32139056 total
- age   7:     565008 bytes,   32704064 total
- age   8:    2080688 bytes,   34784752 total
- age   9:     731056 bytes,   35515808 total
- age  10:     541480 bytes,   36057288 total
- age  11:     268832 bytes,   36326120 total
- age  12:     270648 bytes,   36596768 total
- age  13:     440936 bytes,   37037704 total
- age  14:     526008 bytes,   37563712 total
- age  15:     613440 bytes,   38177152 total
, 0.0879469 secs]
   [Parallel Time: 83.2 ms, GC Workers: 4]
      [GC Worker Start (ms): Min: 2838414.0, Avg: 2838414.1, Max: 2838414.1, Diff: 0.1]
      [Ext Root Scanning (ms): Min: 5.0, Avg: 5.1, Max: 5.2, Diff: 0.2, Sum: 20.3]
      [Update RS (ms): Min: 22.4, Avg: 22.6, Max: 22.9, Diff: 0.5, Sum: 90.5]
         [Processed Buffers: Min: 15, Avg: 33.2, Max: 57, Diff: 42, Sum: 133]
      [Scan RS (ms): Min: 0.1, Avg: 0.3, Max: 0.4, Diff: 0.3, Sum: 1.1]
      [Code Root Scanning (ms): Min: 0.0, Avg: 0.0, Max: 0.0, Diff: 0.0, Sum: 0.1]
      [Object Copy (ms): Min: 55.0, Avg: 55.0, Max: 55.0, Diff: 0.1, Sum: 220.0]
      [Termination (ms): Min: 0.0, Avg: 0.0, Max: 0.0, Diff: 0.0, Sum: 0.1]
         [Termination Attempts: Min: 1, Avg: 3.5, Max: 5, Diff: 4, Sum: 14]
      [GC Worker Other (ms): Min: 0.0, Avg: 0.1, Max: 0.1, Diff: 0.1, Sum: 0.2]
      [GC Worker Total (ms): Min: 83.0, Avg: 83.1, Max: 83.1, Diff: 0.1, Sum: 332.2]
      [GC Worker End (ms): Min: 2838497.1, Avg: 2838497.1, Max: 2838497.2, Diff: 0.1]
   [Code Root Fixup: 0.0 ms]
   [Code Root Purge: 0.0 ms]
   [Clear CT: 0.5 ms]
   [Other: 4.2 ms]
      [Choose CSet: 0.0 ms]
      [Ref Proc: 2.2 ms]
      [Ref Enq: 0.1 ms]
      [Redirty Cards: 0.3 ms]
      [Humongous Register: 0.1 ms]
      [Humongous Reclaim: 0.0 ms]
      [Free CSet: 0.9 ms]
   [Eden: 1035.0M(1035.0M)->0.0B(988.0M) Survivors: 39936.0K->61440.0K Heap: 1623.4M(1868.0M)->609.7M(1868.0M)]
Heap after GC invocations=298 (full 0):
 garbage-first heap   total 1912832K, used 624345K [0x000000008b400000, 0x000000008b503a60, 0x0000000100000000)
  region size 1024K, 60 young (61440K), 60 survivors (61440K)
 Metaspace       used 147990K, capacity 155259K, committed 155568K, reserved 1183744K
  class space    used 19746K, capacity 21111K, committed 21168K, reserved 1048576K
}
 [Times: user=0.28 sys=0.01, real=0.09 secs] 
2020-07-20T09:56:42.566+0000: 2838.502: Total time for which application threads were stopped: 0.0931863 seconds, Stopping threads took: 0.0041209 seconds
{Heap before GC invocations=298 (full 0):
 garbage-first heap   total 1912832K, used 1638105K [0x000000008b400000, 0x000000008b503a60, 0x0000000100000000)
  region size 1024K, 1048 young (1073152K), 60 survivors (61440K)
 Metaspace       used 147990K, capacity 155259K, committed 155568K, reserved 1183744K
  class space    used 19746K, capacity 21111K, committed 21168K, reserved 1048576K
2020-07-20T09:56:45.522+0000: 2841.457: [GC pause (G1 Evacuation Pause) (young)
Desired survivor size 68681728 bytes, new threshold 15 (max 15)
- age   1:   28974992 bytes,   28974992 total
- age   2:   16359864 bytes,   45334856 total
- age   3:    7604024 bytes,   52938880 total
- age   4:     585976 bytes,   53524856 total
- age   5:     418720 bytes,   53943576 total
- age   6:     384256 bytes,   54327832 total
- age   7:     299904 bytes,   54627736 total
- age   8:     564784 bytes,   55192520 total
- age   9:    2080656 bytes,   57273176 total
- age  10:     731056 bytes,   58004232 total
- age  11:     539912 bytes,   58544144 total
- age  12:     268832 bytes,   58812976 total
- age  13:     270584 bytes,   59083560 total
- age  14:     439336 bytes,   59522896 total
- age  15:     524760 bytes,   60047656 total
, 0.0733105 secs]
   [Parallel Time: 68.3 ms, GC Workers: 4]
      [GC Worker Start (ms): Min: 2841457.9, Avg: 2841457.9, Max: 2841457.9, Diff: 0.1]
      [Ext Root Scanning (ms): Min: 4.9, Avg: 5.0, Max: 5.2, Diff: 0.2, Sum: 20.1]
      [Update RS (ms): Min: 25.4, Avg: 26.5, Max: 28.2, Diff: 2.8, Sum: 106.0]
         [Processed Buffers: Min: 20, Avg: 32.2, Max: 46, Diff: 26, Sum: 129]
      [Scan RS (ms): Min: 0.1, Avg: 0.3, Max: 0.6, Diff: 0.5, Sum: 1.1]
      [Code Root Scanning (ms): Min: 0.0, Avg: 0.0, Max: 0.0, Diff: 0.0, Sum: 0.1]
      [Object Copy (ms): Min: 34.9, Avg: 36.3, Max: 37.2, Diff: 2.4, Sum: 145.2]
      [Termination (ms): Min: 0.0, Avg: 0.0, Max: 0.0, Diff: 0.0, Sum: 0.1]
         [Termination Attempts: Min: 1, Avg: 2.0, Max: 3, Diff: 2, Sum: 8]
      [GC Worker Other (ms): Min: 0.0, Avg: 0.1, Max: 0.2, Diff: 0.1, Sum: 0.3]
      [GC Worker Total (ms): Min: 68.2, Avg: 68.2, Max: 68.2, Diff: 0.0, Sum: 272.8]
      [GC Worker End (ms): Min: 2841526.1, Avg: 2841526.1, Max: 2841526.1, Diff: 0.0]
   [Code Root Fixup: 0.0 ms]
   [Code Root Purge: 0.0 ms]
   [Clear CT: 0.5 ms]
   [Other: 4.5 ms]
      [Choose CSet: 0.0 ms]
      [Ref Proc: 2.3 ms]
      [Ref Enq: 0.2 ms]
      [Redirty Cards: 0.4 ms]
      [Humongous Register: 0.2 ms]
      [Humongous Reclaim: 0.0 ms]
      [Free CSet: 0.8 ms]
   [Eden: 988.0M(988.0M)->0.0B(1032.0M) Survivors: 61440.0K->38912.0K Heap: 1599.7M(1868.0M)->589.0M(1868.0M)]
Heap after GC invocations=299 (full 0):
 garbage-first heap   total 1912832K, used 603089K [0x000000008b400000, 0x000000008b503a60, 0x0000000100000000)
  region size 1024K, 38 young (38912K), 38 survivors (38912K)
 Metaspace       used 147990K, capacity 155259K, committed 155568K, reserved 1183744K
  class space    used 19746K, capacity 21111K, committed 21168K, reserved 1048576K
}
 [Times: user=0.22 sys=0.00, real=0.07 secs] 
2020-07-20T09:56:45.595+0000: 2841.531: Total time for which application threads were stopped: 0.0808405 seconds, Stopping threads took: 0.0065646 seconds
{Heap before GC invocations=299 (full 0):
 garbage-first heap   total 1912832K, used 1661905K [0x000000008b400000, 0x000000008b503a60, 0x0000000100000000)
  region size 1024K, 1070 young (1095680K), 38 survivors (38912K)
 Metaspace       used 147990K, capacity 155259K, committed 155568K, reserved 1183744K
  class space    used 19746K, capacity 21111K, committed 21168K, reserved 1048576K
2020-07-20T09:56:48.734+0000: 2844.670: [GC pause (G1 Evacuation Pause) (young)
Desired survivor size 70254592 bytes, new threshold 15 (max 15)
- age   1:   22395664 bytes,   22395664 total
- age   2:    9864320 bytes,   32259984 total
- age   3:     360144 bytes,   32620128 total
- age   4:     239832 bytes,   32859960 total
- age   5:     468320 bytes,   33328280 total
- age   6:     353576 bytes,   33681856 total
- age   7:     283416 bytes,   33965272 total
- age   8:     194528 bytes,   34159800 total
- age   9:     454336 bytes,   34614136 total
- age  10:    1534168 bytes,   36148304 total
- age  11:     412008 bytes,   36560312 total
- age  12:     370432 bytes,   36930744 total
- age  13:     168272 bytes,   37099016 total
- age  14:     153784 bytes,   37252800 total
- age  15:     314584 bytes,   37567384 total
, 0.0920763 secs]
   [Parallel Time: 87.9 ms, GC Workers: 4]
      [GC Worker Start (ms): Min: 2844669.9, Avg: 2844669.9, Max: 2844669.9, Diff: 0.1]
      [Ext Root Scanning (ms): Min: 5.0, Avg: 5.1, Max: 5.2, Diff: 0.2, Sum: 20.4]
      [Update RS (ms): Min: 22.6, Avg: 22.6, Max: 22.7, Diff: 0.2, Sum: 90.4]
         [Processed Buffers: Min: 19, Avg: 33.2, Max: 62, Diff: 43, Sum: 133]
      [Scan RS (ms): Min: 0.2, Avg: 0.3, Max: 0.4, Diff: 0.1, Sum: 1.3]
      [Code Root Scanning (ms): Min: 0.0, Avg: 0.0, Max: 0.0, Diff: 0.0, Sum: 0.1]
      [Object Copy (ms): Min: 59.4, Avg: 59.5, Max: 59.7, Diff: 0.3, Sum: 238.1]
      [Termination (ms): Min: 0.0, Avg: 0.0, Max: 0.0, Diff: 0.0, Sum: 0.1]
         [Termination Attempts: Min: 14, Avg: 16.0, Max: 19, Diff: 5, Sum: 64]
      [GC Worker Other (ms): Min: 0.0, Avg: 0.1, Max: 0.1, Diff: 0.1, Sum: 0.3]
      [GC Worker Total (ms): Min: 87.6, Avg: 87.7, Max: 87.7, Diff: 0.1, Sum: 350.7]
      [GC Worker End (ms): Min: 2844757.5, Avg: 2844757.6, Max: 2844757.6, Diff: 0.1]
   [Code Root Fixup: 0.0 ms]
   [Code Root Purge: 0.0 ms]
   [Clear CT: 0.4 ms]
   [Other: 3.8 ms]
      [Choose CSet: 0.0 ms]
      [Ref Proc: 1.8 ms]
      [Ref Enq: 0.1 ms]
      [Redirty Cards: 0.3 ms]
      [Humongous Register: 0.1 ms]
      [Humongous Reclaim: 0.0 ms]
      [Free CSet: 0.9 ms]
   [Eden: 1032.0M(1032.0M)->0.0B(991.0M) Survivors: 38912.0K->57344.0K Heap: 1623.0M(1868.0M)->609.4M(1868.0M)]
Heap after GC invocations=300 (full 0):
 garbage-first heap   total 1912832K, used 624018K [0x000000008b400000, 0x000000008b503a60, 0x0000000100000000)
  region size 1024K, 56 young (57344K), 56 survivors (57344K)
 Metaspace       used 147990K, capacity 155259K, committed 155568K, reserved 1183744K
  class space    used 19746K, capacity 21111K, committed 21168K, reserved 1048576K
}
 [Times: user=0.27 sys=0.02, real=0.09 secs] 
2020-07-20T09:56:48.827+0000: 2844.763: Total time for which application threads were stopped: 0.0975756 seconds, Stopping threads took: 0.0037752 seconds
{Heap before GC invocations=300 (full 0):
 garbage-first heap   total 1912832K, used 1638802K [0x000000008b400000, 0x000000008b503a60, 0x0000000100000000)
  region size 1024K, 1047 young (1072128K), 56 survivors (57344K)
 Metaspace       used 147990K, capacity 155259K, committed 155568K, reserved 1183744K
  class space    used 19746K, capacity 21111K, committed 21168K, reserved 1048576K
2020-07-20T09:56:51.501+0000: 2847.437: [GC pause (G1 Evacuation Pause) (young)
Desired survivor size 68681728 bytes, new threshold 15 (max 15)
- age   1:   28155488 bytes,   28155488 total
- age   2:   16245560 bytes,   44401048 total
- age   3:    9400808 bytes,   53801856 total
- age   4:     358360 bytes,   54160216 total
- age   5:     238440 bytes,   54398656 total
- age   6:     468232 bytes,   54866888 total
- age   7:     350016 bytes,   55216904 total
- age   8:     280704 bytes,   55497608 total
- age   9:     194408 bytes,   55692016 total
- age  10:     454256 bytes,   56146272 total
- age  11:     200352 bytes,   56346624 total
- age  12:     409424 bytes,   56756048 total
- age  13:     367728 bytes,   57123776 total
- age  14:     166024 bytes,   57289800 total
- age  15:     153640 bytes,   57443440 total
, 0.0645882 secs]
   [Parallel Time: 60.4 ms, GC Workers: 4]
      [GC Worker Start (ms): Min: 2847437.5, Avg: 2847437.5, Max: 2847437.6, Diff: 0.1]
      [Ext Root Scanning (ms): Min: 5.1, Avg: 5.1, Max: 5.3, Diff: 0.2, Sum: 20.5]
      [Update RS (ms): Min: 15.2, Avg: 15.5, Max: 16.3, Diff: 1.1, Sum: 62.2]
         [Processed Buffers: Min: 18, Avg: 27.0, Max: 49, Diff: 31, Sum: 108]
      [Scan RS (ms): Min: 0.1, Avg: 0.3, Max: 0.4, Diff: 0.3, Sum: 1.2]
      [Code Root Scanning (ms): Min: 0.0, Avg: 0.0, Max: 0.0, Diff: 0.0, Sum: 0.1]
      [Object Copy (ms): Min: 38.5, Avg: 39.2, Max: 39.5, Diff: 1.0, Sum: 156.9]
      [Termination (ms): Min: 0.0, Avg: 0.0, Max: 0.0, Diff: 0.0, Sum: 0.1]
         [Termination Attempts: Min: 1, Avg: 1.5, Max: 2, Diff: 1, Sum: 6]
      [GC Worker Other (ms): Min: 0.0, Avg: 0.0, Max: 0.0, Diff: 0.0, Sum: 0.1]
      [GC Worker Total (ms): Min: 60.3, Avg: 60.3, Max: 60.3, Diff: 0.0, Sum: 241.1]
      [GC Worker End (ms): Min: 2847497.8, Avg: 2847497.8, Max: 2847497.9, Diff: 0.0]
   [Code Root Fixup: 0.0 ms]
   [Code Root Purge: 0.0 ms]
   [Clear CT: 0.4 ms]
   [Other: 3.7 ms]
      [Choose CSet: 0.0 ms]
      [Ref Proc: 2.0 ms]
      [Ref Enq: 0.1 ms]
      [Redirty Cards: 0.3 ms]
      [Humongous Register: 0.1 ms]
      [Humongous Reclaim: 0.1 ms]
      [Free CSet: 0.9 ms]
   [Eden: 991.0M(991.0M)->0.0B(1023.0M) Survivors: 57344.0K->43008.0K Heap: 1600.4M(1868.0M)->593.7M(1868.0M)]
Heap after GC invocations=301 (full 0):
 garbage-first heap   total 1912832K, used 607901K [0x000000008b400000, 0x000000008b503a60, 0x0000000100000000)
  region size 1024K, 42 young (43008K), 42 survivors (43008K)
 Metaspace       used 147990K, capacity 155259K, committed 155568K, reserved 1183744K
  class space    used 19746K, capacity 21111K, committed 21168K, reserved 1048576K
}
 [Times: user=0.21 sys=0.01, real=0.06 secs] 
2020-07-20T09:56:51.566+0000: 2847.502: Total time for which application threads were stopped: 0.0677042 seconds, Stopping threads took: 0.0022341 seconds
{Heap before GC invocations=301 (full 0):
 garbage-first heap   total 1912832K, used 1657501K [0x000000008b400000, 0x000000008b503a60, 0x0000000100000000)
  region size 1024K, 1065 young (1090560K), 42 survivors (43008K)
 Metaspace       used 147990K, capacity 155259K, committed 155568K, reserved 1183744K
  class space    used 19746K, capacity 21111K, committed 21168K, reserved 1048576K
2020-07-20T09:56:54.722+0000: 2850.658: [GC pause (G1 Evacuation Pause) (young)
Desired survivor size 70254592 bytes, new threshold 15 (max 15)
- age   1:   26463576 bytes,   26463576 total
- age   2:   10627200 bytes,   37090776 total
- age   3:     995504 bytes,   38086280 total
- age   4:     365768 bytes,   38452048 total
- age   5:     358264 bytes,   38810312 total
- age   6:     238376 bytes,   39048688 total
- age   7:     468136 bytes,   39516824 total
- age   8:     349888 bytes,   39866712 total
- age   9:     280640 bytes,   40147352 total
- age  10:     194248 bytes,   40341600 total
- age  11:     454192 bytes,   40795792 total
- age  12:     200320 bytes,   40996112 total
- age  13:     404496 bytes,   41400608 total
- age  14:     367728 bytes,   41768336 total
- age  15:     163992 bytes,   41932328 total
, 0.0897829 secs]
   [Parallel Time: 85.6 ms, GC Workers: 4]
      [GC Worker Start (ms): Min: 2850658.0, Avg: 2850658.0, Max: 2850658.0, Diff: 0.1]
      [Ext Root Scanning (ms): Min: 5.3, Avg: 5.4, Max: 5.6, Diff: 0.3, Sum: 21.7]
      [Update RS (ms): Min: 17.8, Avg: 18.0, Max: 18.4, Diff: 0.6, Sum: 71.9]
         [Processed Buffers: Min: 14, Avg: 30.8, Max: 52, Diff: 38, Sum: 123]
      [Scan RS (ms): Min: 0.1, Avg: 0.3, Max: 0.4, Diff: 0.2, Sum: 1.2]
      [Code Root Scanning (ms): Min: 0.0, Avg: 0.0, Max: 0.0, Diff: 0.0, Sum: 0.1]
      [Object Copy (ms): Min: 61.2, Avg: 61.6, Max: 61.8, Diff: 0.6, Sum: 246.3]
      [Termination (ms): Min: 0.0, Avg: 0.0, Max: 0.1, Diff: 0.1, Sum: 0.2]
         [Termination Attempts: Min: 6, Avg: 8.8, Max: 12, Diff: 6, Sum: 35]
      [GC Worker Other (ms): Min: 0.0, Avg: 0.1, Max: 0.1, Diff: 0.1, Sum: 0.3]
      [GC Worker Total (ms): Min: 85.3, Avg: 85.4, Max: 85.5, Diff: 0.1, Sum: 341.6]
      [GC Worker End (ms): Min: 2850743.4, Avg: 2850743.4, Max: 2850743.5, Diff: 0.1]
   [Code Root Fixup: 0.1 ms]
   [Code Root Purge: 0.0 ms]
   [Clear CT: 0.4 ms]
   [Other: 3.8 ms]
      [Choose CSet: 0.0 ms]
      [Ref Proc: 1.8 ms]
      [Ref Enq: 0.1 ms]
      [Redirty Cards: 0.3 ms]
      [Humongous Register: 0.1 ms]
      [Humongous Reclaim: 0.0 ms]
      [Free CSet: 0.9 ms]
   [Eden: 1023.0M(1023.0M)->0.0B(961.0M) Survivors: 43008.0K->72704.0K Heap: 1618.7M(1868.0M)->624.4M(1868.0M)]
Heap after GC invocations=302 (full 0):
 garbage-first heap   total 1912832K, used 639350K [0x000000008b400000, 0x000000008b503a60, 0x0000000100000000)
  region size 1024K, 71 young (72704K), 71 survivors (72704K)
 Metaspace       used 147990K, capacity 155259K, committed 155568K, reserved 1183744K
  class space    used 19746K, capacity 21111K, committed 21168K, reserved 1048576K
}
 [Times: user=0.30 sys=0.00, real=0.08 secs] 
2020-07-20T09:56:54.812+0000: 2850.748: Total time for which application threads were stopped: 0.0948848 seconds, Stopping threads took: 0.0039523 seconds
{Heap before GC invocations=302 (full 0):
 garbage-first heap   total 1912832K, used 1623414K [0x000000008b400000, 0x000000008b503a60, 0x0000000100000000)
  region size 1024K, 1032 young (1056768K), 71 survivors (72704K)
 Metaspace       used 147990K, capacity 155259K, committed 155568K, reserved 1183744K
  class space    used 19746K, capacity 21111K, committed 21168K, reserved 1048576K
2020-07-20T09:56:57.750+0000: 2853.686: [GC pause (G1 Evacuation Pause) (young)
Desired survivor size 67633152 bytes, new threshold 5 (max 15)
- age   1:   35670672 bytes,   35670672 total
- age   2:   20660760 bytes,   56331432 total
- age   3:   10133360 bytes,   66464792 total
- age   4:     976128 bytes,   67440920 total
- age   5:     365688 bytes,   67806608 total
- age   6:     358048 bytes,   68164656 total
- age   7:     238344 bytes,   68403000 total
- age   8:     468040 bytes,   68871040 total
- age   9:     349728 bytes,   69220768 total
- age  10:     280512 bytes,   69501280 total
- age  11:     194056 bytes,   69695336 total
- age  12:     454128 bytes,   70149464 total
- age  13:     200288 bytes,   70349752 total
- age  14:     399824 bytes,   70749576 total
- age  15:     366352 bytes,   71115928 total
, 0.0756296 secs]
   [Parallel Time: 70.8 ms, GC Workers: 4]
      [GC Worker Start (ms): Min: 2853686.7, Avg: 2853686.8, Max: 2853686.9, Diff: 0.1]
      [Ext Root Scanning (ms): Min: 6.7, Avg: 7.0, Max: 7.2, Diff: 0.5, Sum: 28.1]
      [Update RS (ms): Min: 19.9, Avg: 20.0, Max: 20.1, Diff: 0.2, Sum: 80.1]
         [Processed Buffers: Min: 20, Avg: 30.8, Max: 46, Diff: 26, Sum: 123]
      [Scan RS (ms): Min: 0.3, Avg: 0.4, Max: 0.4, Diff: 0.2, Sum: 1.5]
      [Code Root Scanning (ms): Min: 0.0, Avg: 0.0, Max: 0.0, Diff: 0.0, Sum: 0.1]
      [Object Copy (ms): Min: 43.0, Avg: 43.2, Max: 43.5, Diff: 0.4, Sum: 172.8]
      [Termination (ms): Min: 0.0, Avg: 0.0, Max: 0.1, Diff: 0.1, Sum: 0.1]
         [Termination Attempts: Min: 4, Avg: 7.8, Max: 11, Diff: 7, Sum: 31]
      [GC Worker Other (ms): Min: 0.0, Avg: 0.0, Max: 0.1, Diff: 0.0, Sum: 0.2]
      [GC Worker Total (ms): Min: 70.6, Avg: 70.7, Max: 70.8, Diff: 0.1, Sum: 282.8]
      [GC Worker End (ms): Min: 2853757.5, Avg: 2853757.5, Max: 2853757.5, Diff: 0.0]
   [Code Root Fixup: 0.0 ms]
   [Code Root Purge: 0.0 ms]
   [Clear CT: 0.4 ms]
   [Other: 4.3 ms]
      [Choose CSet: 0.1 ms]
      [Ref Proc: 2.2 ms]
      [Ref Enq: 0.2 ms]
      [Redirty Cards: 0.4 ms]
      [Humongous Register: 0.1 ms]
      [Humongous Reclaim: 0.0 ms]
      [Free CSet: 0.9 ms]
   [Eden: 961.0M(961.0M)->0.0B(1015.0M) Survivors: 72704.0K->45056.0K Heap: 1585.4M(1868.0M)->599.5M(1868.0M)]
Heap after GC invocations=303 (full 0):
 garbage-first heap   total 1912832K, used 613914K [0x000000008b400000, 0x000000008b503a60, 0x0000000100000000)
  region size 1024K, 44 young (45056K), 44 survivors (45056K)
 Metaspace       used 147990K, capacity 155259K, committed 155568K, reserved 1183744K
  class space    used 19746K, capacity 21111K, committed 21168K, reserved 1048576K
}
 [Times: user=0.24 sys=0.00, real=0.08 secs] 
2020-07-20T09:56:57.826+0000: 2853.762: Total time for which application threads were stopped: 0.0852840 seconds, Stopping threads took: 0.0077910 seconds
{Heap before GC invocations=303 (full 0):
 garbage-first heap   total 1912832K, used 1655322K [0x000000008b400000, 0x000000008b503a60, 0x0000000100000000)
  region size 1024K, 1059 young (1084416K), 44 survivors (45056K)
 Metaspace       used 147990K, capacity 155259K, committed 155568K, reserved 1183744K
  class space    used 19746K, capacity 21111K, committed 21168K, reserved 1048576K
2020-07-20T09:57:00.654+0000: 2856.590: [GC pause (G1 Evacuation Pause) (young)
Desired survivor size 69730304 bytes, new threshold 15 (max 15)
- age   1:   24020344 bytes,   24020344 total
- age   2:   16184696 bytes,   40205040 total
- age   3:     694064 bytes,   40899104 total
- age   4:    2465272 bytes,   43364376 total
- age   5:     973328 bytes,   44337704 total
, 0.0634675 secs]
   [Parallel Time: 59.3 ms, GC Workers: 4]
      [GC Worker Start (ms): Min: 2856590.0, Avg: 2856590.0, Max: 2856590.1, Diff: 0.0]
      [Ext Root Scanning (ms): Min: 5.8, Avg: 6.0, Max: 6.3, Diff: 0.4, Sum: 24.0]
      [Update RS (ms): Min: 27.6, Avg: 27.7, Max: 27.7, Diff: 0.1, Sum: 110.6]
         [Processed Buffers: Min: 26, Avg: 34.8, Max: 48, Diff: 22, Sum: 139]
      [Scan RS (ms): Min: 0.3, Avg: 0.4, Max: 0.5, Diff: 0.2, Sum: 1.7]
      [Code Root Scanning (ms): Min: 0.0, Avg: 0.0, Max: 0.1, Diff: 0.1, Sum: 0.1]
      [Object Copy (ms): Min: 24.7, Avg: 24.9, Max: 25.1, Diff: 0.4, Sum: 99.7]
      [Termination (ms): Min: 0.0, Avg: 0.0, Max: 0.0, Diff: 0.0, Sum: 0.1]
         [Termination Attempts: Min: 1, Avg: 4.8, Max: 9, Diff: 8, Sum: 19]
      [GC Worker Other (ms): Min: 0.0, Avg: 0.1, Max: 0.1, Diff: 0.1, Sum: 0.2]
      [GC Worker Total (ms): Min: 59.1, Avg: 59.1, Max: 59.2, Diff: 0.0, Sum: 236.6]
      [GC Worker End (ms): Min: 2856649.2, Avg: 2856649.2, Max: 2856649.2, Diff: 0.1]
   [Code Root Fixup: 0.0 ms]
   [Code Root Purge: 0.0 ms]
   [Clear CT: 0.4 ms]
   [Other: 3.8 ms]
      [Choose CSet: 0.0 ms]
      [Ref Proc: 1.9 ms]
      [Ref Enq: 0.2 ms]
      [Redirty Cards: 0.3 ms]
      [Humongous Register: 0.1 ms]
      [Humongous Reclaim: 0.1 ms]
      [Free CSet: 0.9 ms]
   [Eden: 1015.0M(1015.0M)->0.0B(1040.0M) Survivors: 45056.0K->28672.0K Heap: 1616.5M(1868.0M)->583.0M(1868.0M)]
Heap after GC invocations=304 (full 0):
 garbage-first heap   total 1912832K, used 597018K [0x000000008b400000, 0x000000008b503a60, 0x0000000100000000)
  region size 1024K, 28 young (28672K), 28 survivors (28672K)
 Metaspace       used 147990K, capacity 155259K, committed 155568K, reserved 1183744K
  class space    used 19746K, capacity 21111K, committed 21168K, reserved 1048576K
}
 [Times: user=0.20 sys=0.00, real=0.06 secs] 
2020-07-20T09:57:00.718+0000: 2856.654: Total time for which application threads were stopped: 0.0664657 seconds, Stopping threads took: 0.0015975 seconds
{Heap before GC invocations=304 (full 0):
 garbage-first heap   total 1912832K, used 1661978K [0x000000008b400000, 0x000000008b503a60, 0x0000000100000000)
  region size 1024K, 1068 young (1093632K), 28 survivors (28672K)
 Metaspace       used 147994K, capacity 155259K, committed 155568K, reserved 1183744K
  class space    used 19746K, capacity 21111K, committed 21168K, reserved 1048576K
2020-07-20T09:57:03.820+0000: 2859.756: [GC pause (G1 Evacuation Pause) (young)
Desired survivor size 70254592 bytes, new threshold 15 (max 15)
- age   1:   20898672 bytes,   20898672 total
- age   2:    1268832 bytes,   22167504 total
- age   3:     854904 bytes,   23022408 total
- age   4:     693720 bytes,   23716128 total
- age   5:    2462056 bytes,   26178184 total
- age   6:     968296 bytes,   27146480 total
, 0.0743727 secs]
   [Parallel Time: 70.1 ms, GC Workers: 4]
      [GC Worker Start (ms): Min: 2859756.1, Avg: 2859756.1, Max: 2859756.2, Diff: 0.0]
      [Ext Root Scanning (ms): Min: 5.0, Avg: 5.1, Max: 5.3, Diff: 0.3, Sum: 20.6]
      [Update RS (ms): Min: 20.8, Avg: 20.8, Max: 20.8, Diff: 0.0, Sum: 83.2]
         [Processed Buffers: Min: 20, Avg: 29.5, Max: 35, Diff: 15, Sum: 118]
      [Scan RS (ms): Min: 0.3, Avg: 0.3, Max: 0.4, Diff: 0.1, Sum: 1.3]
      [Code Root Scanning (ms): Min: 0.0, Avg: 0.0, Max: 0.0, Diff: 0.0, Sum: 0.1]
      [Object Copy (ms): Min: 43.6, Avg: 43.7, Max: 43.8, Diff: 0.2, Sum: 174.7]
      [Termination (ms): Min: 0.0, Avg: 0.0, Max: 0.0, Diff: 0.0, Sum: 0.1]
         [Termination Attempts: Min: 2, Avg: 5.8, Max: 9, Diff: 7, Sum: 23]
      [GC Worker Other (ms): Min: 0.0, Avg: 0.0, Max: 0.0, Diff: 0.0, Sum: 0.1]
      [GC Worker Total (ms): Min: 70.0, Avg: 70.0, Max: 70.0, Diff: 0.0, Sum: 280.1]
      [GC Worker End (ms): Min: 2859826.2, Avg: 2859826.2, Max: 2859826.2, Diff: 0.0]
   [Code Root Fixup: 0.0 ms]
   [Code Root Purge: 0.0 ms]
   [Clear CT: 0.4 ms]
   [Other: 3.8 ms]
      [Choose CSet: 0.0 ms]
      [Ref Proc: 1.9 ms]
      [Ref Enq: 0.2 ms]
      [Redirty Cards: 0.4 ms]
      [Humongous Register: 0.1 ms]
      [Humongous Reclaim: 0.0 ms]
      [Free CSet: 0.9 ms]
   [Eden: 1040.0M(1040.0M)->0.0B(1009.0M) Survivors: 28672.0K->48128.0K Heap: 1623.0M(1868.0M)->602.0M(1868.0M)]
Heap after GC invocations=305 (full 0):
 garbage-first heap   total 1912832K, used 616474K [0x000000008b400000, 0x000000008b503a60, 0x0000000100000000)
  region size 1024K, 47 young (48128K), 47 survivors (48128K)
 Metaspace       used 147994K, capacity 155259K, committed 155568K, reserved 1183744K
  class space    used 19746K, capacity 21111K, committed 21168K, reserved 1048576K
}
 [Times: user=0.23 sys=0.01, real=0.08 secs] 
2020-07-20T09:57:03.895+0000: 2859.831: Total time for which application threads were stopped: 0.0755289 seconds, Stopping threads took: 0.0003050 seconds
{Heap before GC invocations=305 (full 0):
 garbage-first heap   total 1912832K, used 1653786K [0x000000008b400000, 0x000000008b503a60, 0x0000000100000000)
  region size 1024K, 1056 young (1081344K), 47 survivors (48128K)
 Metaspace       used 148005K, capacity 155263K, committed 155568K, reserved 1183744K
  class space    used 19746K, capacity 21111K, committed 21168K, reserved 1048576K
2020-07-20T09:57:06.809+0000: 2862.745: [GC pause (G1 Evacuation Pause) (young)
Desired survivor size 69206016 bytes, new threshold 15 (max 15)
- age   1:   25691168 bytes,   25691168 total
- age   2:   15335272 bytes,   41026440 total
- age   3:     791360 bytes,   41817800 total
- age   4:     836128 bytes,   42653928 total
- age   5:     693336 bytes,   43347264 total
- age   6:    2461528 bytes,   45808792 total
- age   7:     968200 bytes,   46776992 total
, 0.0509086 secs]
   [Parallel Time: 46.7 ms, GC Workers: 4]
      [GC Worker Start (ms): Min: 2862745.9, Avg: 2862745.9, Max: 2862746.0, Diff: 0.1]
      [Ext Root Scanning (ms): Min: 4.9, Avg: 5.0, Max: 5.1, Diff: 0.2, Sum: 20.1]
      [Update RS (ms): Min: 16.2, Avg: 16.3, Max: 16.7, Diff: 0.5, Sum: 65.3]
         [Processed Buffers: Min: 19, Avg: 28.5, Max: 46, Diff: 27, Sum: 114]
      [Scan RS (ms): Min: 0.2, Avg: 0.3, Max: 0.4, Diff: 0.2, Sum: 1.4]
      [Code Root Scanning (ms): Min: 0.0, Avg: 0.0, Max: 0.0, Diff: 0.0, Sum: 0.1]
      [Object Copy (ms): Min: 24.4, Avg: 24.4, Max: 24.5, Diff: 0.2, Sum: 97.7]
      [Termination (ms): Min: 0.0, Avg: 0.0, Max: 0.0, Diff: 0.0, Sum: 0.1]
         [Termination Attempts: Min: 1, Avg: 1.0, Max: 1, Diff: 0, Sum: 4]
      [GC Worker Other (ms): Min: 0.0, Avg: 0.0, Max: 0.0, Diff: 0.0, Sum: 0.1]
      [GC Worker Total (ms): Min: 46.2, Avg: 46.2, Max: 46.3, Diff: 0.1, Sum: 184.8]
      [GC Worker End (ms): Min: 2862792.1, Avg: 2862792.1, Max: 2862792.2, Diff: 0.0]
   [Code Root Fixup: 0.0 ms]
   [Code Root Purge: 0.0 ms]
   [Clear CT: 0.4 ms]
   [Other: 3.7 ms]
      [Choose CSet: 0.0 ms]
      [Ref Proc: 2.0 ms]
      [Ref Enq: 0.1 ms]
      [Redirty Cards: 0.2 ms]
      [Humongous Register: 0.1 ms]
      [Humongous Reclaim: 0.1 ms]
      [Free CSet: 0.9 ms]
   [Eden: 1009.0M(1009.0M)->0.0B(1041.0M) Survivors: 48128.0K->28672.0K Heap: 1615.0M(1868.0M)->583.5M(1868.0M)]
Heap after GC invocations=306 (full 0):
 garbage-first heap   total 1912832K, used 597530K [0x000000008b400000, 0x000000008b503a60, 0x0000000100000000)
  region size 1024K, 28 young (28672K), 28 survivors (28672K)
 Metaspace       used 148005K, capacity 155263K, committed 155568K, reserved 1183744K
  class space    used 19746K, capacity 21111K, committed 21168K, reserved 1048576K
}
 [Times: user=0.16 sys=0.00, real=0.05 secs] 
2020-07-20T09:57:06.861+0000: 2862.797: Total time for which application threads were stopped: 0.0577239 seconds, Stopping threads took: 0.0059950 seconds
{Heap before GC invocations=306 (full 0):
 garbage-first heap   total 1912832K, used 1665562K [0x000000008b400000, 0x000000008b503a60, 0x0000000100000000)
  region size 1024K, 1069 young (1094656K), 28 survivors (28672K)
 Metaspace       used 148008K, capacity 155263K, committed 155568K, reserved 1183744K
  class space    used 19746K, capacity 21111K, committed 21168K, reserved 1048576K
2020-07-20T09:57:10.094+0000: 2866.029: [GC pause (G1 Evacuation Pause) (young)
Desired survivor size 70254592 bytes, new threshold 15 (max 15)
- age   1:   22497376 bytes,   22497376 total
- age   2:     967744 bytes,   23465120 total
- age   3:     413560 bytes,   23878680 total
- age   4:     404920 bytes,   24283600 total
- age   5:     404520 bytes,   24688120 total
- age   6:     196112 bytes,   24884232 total
- age   7:    1805112 bytes,   26689344 total
- age   8:     611232 bytes,   27300576 total
, 0.0744886 secs]
   [Parallel Time: 70.6 ms, GC Workers: 4]
      [GC Worker Start (ms): Min: 2866029.6, Avg: 2866029.7, Max: 2866029.7, Diff: 0.1]
      [Ext Root Scanning (ms): Min: 5.0, Avg: 5.1, Max: 5.3, Diff: 0.2, Sum: 20.5]
      [Update RS (ms): Min: 23.3, Avg: 23.4, Max: 23.8, Diff: 0.5, Sum: 93.8]
         [Processed Buffers: Min: 14, Avg: 32.0, Max: 45, Diff: 31, Sum: 128]
      [Scan RS (ms): Min: 0.2, Avg: 0.3, Max: 0.4, Diff: 0.2, Sum: 1.2]
      [Code Root Scanning (ms): Min: 0.0, Avg: 0.0, Max: 0.0, Diff: 0.0, Sum: 0.1]
      [Object Copy (ms): Min: 41.2, Avg: 41.4, Max: 41.5, Diff: 0.3, Sum: 165.5]
      [Termination (ms): Min: 0.0, Avg: 0.0, Max: 0.1, Diff: 0.1, Sum: 0.2]
         [Termination Attempts: Min: 10, Avg: 11.8, Max: 13, Diff: 3, Sum: 47]
      [GC Worker Other (ms): Min: 0.0, Avg: 0.0, Max: 0.0, Diff: 0.0, Sum: 0.1]
      [GC Worker Total (ms): Min: 70.3, Avg: 70.3, Max: 70.4, Diff: 0.1, Sum: 281.4]
      [GC Worker End (ms): Min: 2866100.0, Avg: 2866100.0, Max: 2866100.0, Diff: 0.0]
   [Code Root Fixup: 0.0 ms]
   [Code Root Purge: 0.0 ms]
   [Clear CT: 0.3 ms]
   [Other: 3.6 ms]
      [Choose CSet: 0.0 ms]
      [Ref Proc: 1.8 ms]
      [Ref Enq: 0.2 ms]
      [Redirty Cards: 0.2 ms]
      [Humongous Register: 0.1 ms]
      [Humongous Reclaim: 0.0 ms]
      [Free CSet: 0.9 ms]
   [Eden: 1041.0M(1041.0M)->0.0B(1005.0M) Survivors: 28672.0K->48128.0K Heap: 1626.5M(1868.0M)->604.0M(1868.0M)]
Heap after GC invocations=307 (full 0):
 garbage-first heap   total 1912832K, used 618522K [0x000000008b400000, 0x000000008b503a60, 0x0000000100000000)
  region size 1024K, 47 young (48128K), 47 survivors (48128K)
 Metaspace       used 148008K, capacity 155263K, committed 155568K, reserved 1183744K
  class space    used 19746K, capacity 21111K, committed 21168K, reserved 1048576K
}
 [Times: user=0.22 sys=0.01, real=0.07 secs] 
2020-07-20T09:57:10.168+0000: 2866.104: Total time for which application threads were stopped: 0.0780093 seconds, Stopping threads took: 0.0027233 seconds
{Heap before GC invocations=307 (full 0):
 garbage-first heap   total 1912832K, used 1647642K [0x000000008b400000, 0x000000008b503a60, 0x0000000100000000)
  region size 1024K, 1052 young (1077248K), 47 survivors (48128K)
 Metaspace       used 148012K, capacity 155263K, committed 155568K, reserved 1183744K
  class space    used 19746K, capacity 21111K, committed 21168K, reserved 1048576K
2020-07-20T09:57:14.430+0000: 2870.365: [GC pause (G1 Evacuation Pause) (young)
Desired survivor size 69206016 bytes, new threshold 15 (max 15)
- age   1:   26334824 bytes,   26334824 total
- age   2:   16606528 bytes,   42941352 total
- age   3:     481240 bytes,   43422592 total
- age   4:     409824 bytes,   43832416 total
- age   5:     394728 bytes,   44227144 total
- age   6:     403056 bytes,   44630200 total
- age   7:     192160 bytes,   44822360 total
- age   8:    1804992 bytes,   46627352 total
- age   9:     606824 bytes,   47234176 total
, 0.0427611 secs]
   [Parallel Time: 38.5 ms, GC Workers: 4]
      [GC Worker Start (ms): Min: 2870365.7, Avg: 2870365.8, Max: 2870365.8, Diff: 0.1]
      [Ext Root Scanning (ms): Min: 4.8, Avg: 5.0, Max: 5.1, Diff: 0.3, Sum: 19.9]
      [Update RS (ms): Min: 22.1, Avg: 22.3, Max: 22.4, Diff: 0.3, Sum: 89.0]
         [Processed Buffers: Min: 23, Avg: 35.0, Max: 55, Diff: 32, Sum: 140]
      [Scan RS (ms): Min: 0.1, Avg: 0.3, Max: 0.4, Diff: 0.3, Sum: 1.2]
      [Code Root Scanning (ms): Min: 0.0, Avg: 0.0, Max: 0.1, Diff: 0.1, Sum: 0.1]
      [Object Copy (ms): Min: 10.6, Avg: 10.7, Max: 10.9, Diff: 0.3, Sum: 43.0]
      [Termination (ms): Min: 0.0, Avg: 0.0, Max: 0.0, Diff: 0.0, Sum: 0.0]
         [Termination Attempts: Min: 1, Avg: 1.8, Max: 2, Diff: 1, Sum: 7]
      [GC Worker Other (ms): Min: 0.0, Avg: 0.0, Max: 0.0, Diff: 0.0, Sum: 0.1]
      [GC Worker Total (ms): Min: 38.3, Avg: 38.3, Max: 38.4, Diff: 0.1, Sum: 153.4]
      [GC Worker End (ms): Min: 2870404.1, Avg: 2870404.1, Max: 2870404.1, Diff: 0.0]
   [Code Root Fixup: 0.0 ms]
   [Code Root Purge: 0.0 ms]
   [Clear CT: 0.3 ms]
   [Other: 3.9 ms]
      [Choose CSet: 0.0 ms]
      [Ref Proc: 2.1 ms]
      [Ref Enq: 0.1 ms]
      [Redirty Cards: 0.2 ms]
      [Humongous Register: 0.1 ms]
      [Humongous Reclaim: 0.0 ms]
      [Free CSet: 0.8 ms]
   [Eden: 1005.0M(1005.0M)->0.0B(1055.0M) Survivors: 48128.0K->18432.0K Heap: 1609.0M(1868.0M)->573.0M(1868.0M)]
Heap after GC invocations=308 (full 0):
 garbage-first heap   total 1912832K, used 586778K [0x000000008b400000, 0x000000008b503a60, 0x0000000100000000)
  region size 1024K, 18 young (18432K), 18 survivors (18432K)
 Metaspace       used 148012K, capacity 155263K, committed 155568K, reserved 1183744K
  class space    used 19746K, capacity 21111K, committed 21168K, reserved 1048576K
}
 [Times: user=0.14 sys=0.00, real=0.04 secs] 
2020-07-20T09:57:14.473+0000: 2870.408: Total time for which application threads were stopped: 0.0438683 seconds, Stopping threads took: 0.0001306 seconds
{Heap before GC invocations=308 (full 0):
 garbage-first heap   total 1912832K, used 1667098K [0x000000008b400000, 0x000000008b503a60, 0x0000000100000000)
  region size 1024K, 1073 young (1098752K), 18 survivors (18432K)
 Metaspace       used 148014K, capacity 155263K, committed 155568K, reserved 1183744K
  class space    used 19746K, capacity 21111K, committed 21168K, reserved 1048576K
2020-07-20T09:57:26.775+0000: 2882.711: [GC pause (G1 Evacuation Pause) (young)
Desired survivor size 70778880 bytes, new threshold 15 (max 15)
- age   1:    7729216 bytes,    7729216 total
- age   2:    2950856 bytes,   10680072 total
- age   3:    1349576 bytes,   12029648 total
- age   4:     410896 bytes,   12440544 total
- age   5:     409704 bytes,   12850248 total
- age   6:     394728 bytes,   13244976 total
- age   7:     402992 bytes,   13647968 total
- age   8:     190592 bytes,   13838560 total
- age   9:    1803664 bytes,   15642224 total
- age  10:     603448 bytes,   16245672 total
, 0.0554066 secs]
   [Parallel Time: 51.3 ms, GC Workers: 4]
      [GC Worker Start (ms): Min: 2882711.2, Avg: 2882711.3, Max: 2882711.3, Diff: 0.1]
      [Ext Root Scanning (ms): Min: 5.0, Avg: 5.1, Max: 5.3, Diff: 0.3, Sum: 20.4]
      [Update RS (ms): Min: 27.3, Avg: 27.3, Max: 27.5, Diff: 0.3, Sum: 109.3]
         [Processed Buffers: Min: 31, Avg: 41.5, Max: 52, Diff: 21, Sum: 166]
      [Scan RS (ms): Min: 0.2, Avg: 0.3, Max: 0.4, Diff: 0.1, Sum: 1.3]
      [Code Root Scanning (ms): Min: 0.0, Avg: 0.0, Max: 0.0, Diff: 0.0, Sum: 0.1]
      [Object Copy (ms): Min: 18.3, Avg: 18.4, Max: 18.5, Diff: 0.2, Sum: 73.5]
      [Termination (ms): Min: 0.0, Avg: 0.0, Max: 0.0, Diff: 0.0, Sum: 0.0]
         [Termination Attempts: Min: 1, Avg: 4.5, Max: 8, Diff: 7, Sum: 18]
      [GC Worker Other (ms): Min: 0.0, Avg: 0.0, Max: 0.1, Diff: 0.0, Sum: 0.2]
      [GC Worker Total (ms): Min: 51.1, Avg: 51.2, Max: 51.2, Diff: 0.1, Sum: 204.7]
      [GC Worker End (ms): Min: 2882762.4, Avg: 2882762.5, Max: 2882762.5, Diff: 0.0]
   [Code Root Fixup: 0.0 ms]
   [Code Root Purge: 0.0 ms]
   [Clear CT: 0.4 ms]
   [Other: 3.7 ms]
      [Choose CSet: 0.0 ms]
      [Ref Proc: 1.8 ms]
      [Ref Enq: 0.1 ms]
      [Redirty Cards: 0.2 ms]
      [Humongous Register: 0.2 ms]
      [Humongous Reclaim: 0.0 ms]
      [Free CSet: 0.9 ms]
   [Eden: 1055.0M(1055.0M)->0.0B(1055.0M) Survivors: 18432.0K->23552.0K Heap: 1628.0M(1868.0M)->576.0M(1868.0M)]
Heap after GC invocations=309 (full 0):
 garbage-first heap   total 1912832K, used 589850K [0x000000008b400000, 0x000000008b503a60, 0x0000000100000000)
  region size 1024K, 23 young (23552K), 23 survivors (23552K)
 Metaspace       used 148014K, capacity 155263K, committed 155568K, reserved 1183744K
  class space    used 19746K, capacity 21111K, committed 21168K, reserved 1048576K
}
 [Times: user=0.18 sys=0.00, real=0.05 secs] 
2020-07-20T09:57:26.831+0000: 2882.767: Total time for which application threads were stopped: 0.0565012 seconds, Stopping threads took: 0.0002076 seconds
{Heap before GC invocations=309 (full 0):
 garbage-first heap   total 1912832K, used 1672218K [0x000000008b400000, 0x000000008b503a60, 0x0000000100000000)
  region size 1024K, 1078 young (1103872K), 23 survivors (23552K)
 Metaspace       used 148014K, capacity 155263K, committed 155568K, reserved 1183744K
  class space    used 19746K, capacity 21111K, committed 21168K, reserved 1048576K
2020-07-20T09:57:30.949+0000: 2886.885: [GC pause (G1 Evacuation Pause) (young)
Desired survivor size 70778880 bytes, new threshold 15 (max 15)
- age   1:   16779312 bytes,   16779312 total
- age   2:     816376 bytes,   17595688 total
- age   3:    1077928 bytes,   18673616 total
- age   4:     559688 bytes,   19233304 total
- age   5:     265368 bytes,   19498672 total
- age   6:     245776 bytes,   19744448 total
- age   7:     199920 bytes,   19944368 total
- age   8:     302984 bytes,   20247352 total
- age   9:     142960 bytes,   20390312 total
- age  10:     302912 bytes,   20693224 total
- age  11:     212808 bytes,   20906032 total
, 0.0754892 secs]
   [Parallel Time: 71.3 ms, GC Workers: 4]
      [GC Worker Start (ms): Min: 2886885.5, Avg: 2886885.5, Max: 2886885.6, Diff: 0.0]
      [Ext Root Scanning (ms): Min: 5.0, Avg: 5.0, Max: 5.2, Diff: 0.2, Sum: 20.2]
      [Update RS (ms): Min: 13.9, Avg: 14.0, Max: 14.0, Diff: 0.1, Sum: 55.9]
         [Processed Buffers: Min: 20, Avg: 30.2, Max: 37, Diff: 17, Sum: 121]
      [Scan RS (ms): Min: 0.3, Avg: 0.3, Max: 0.4, Diff: 0.1, Sum: 1.3]
      [Code Root Scanning (ms): Min: 0.0, Avg: 0.0, Max: 0.0, Diff: 0.0, Sum: 0.1]
      [Object Copy (ms): Min: 51.6, Avg: 51.8, Max: 51.9, Diff: 0.3, Sum: 207.1]
      [Termination (ms): Min: 0.0, Avg: 0.0, Max: 0.1, Diff: 0.1, Sum: 0.1]
         [Termination Attempts: Min: 6, Avg: 6.8, Max: 9, Diff: 3, Sum: 27]
      [GC Worker Other (ms): Min: 0.0, Avg: 0.0, Max: 0.1, Diff: 0.0, Sum: 0.2]
      [GC Worker Total (ms): Min: 71.2, Avg: 71.2, Max: 71.2, Diff: 0.1, Sum: 284.8]
      [GC Worker End (ms): Min: 2886956.7, Avg: 2886956.7, Max: 2886956.8, Diff: 0.0]
   [Code Root Fixup: 0.0 ms]
   [Code Root Purge: 0.0 ms]
   [Clear CT: 0.4 ms]
   [Other: 3.7 ms]
      [Choose CSet: 0.0 ms]
      [Ref Proc: 1.8 ms]
      [Ref Enq: 0.1 ms]
      [Redirty Cards: 0.3 ms]
      [Humongous Register: 0.1 ms]
      [Humongous Reclaim: 0.0 ms]
      [Free CSet: 0.9 ms]
   [Eden: 1055.0M(1055.0M)->0.0B(995.0M) Survivors: 23552.0K->55296.0K Heap: 1633.0M(1868.0M)->609.5M(1868.0M)]
Heap after GC invocations=310 (full 0):
 garbage-first heap   total 1912832K, used 624154K [0x000000008b400000, 0x000000008b503a60, 0x0000000100000000)
  region size 1024K, 54 young (55296K), 54 survivors (55296K)
 Metaspace       used 148014K, capacity 155263K, committed 155568K, reserved 1183744K
  class space    used 19746K, capacity 21111K, committed 21168K, reserved 1048576K
}
 [Times: user=0.25 sys=0.00, real=0.08 secs] 
2020-07-20T09:57:31.025+0000: 2886.961: Total time for which application threads were stopped: 0.0765616 seconds, Stopping threads took: 0.0002059 seconds
{Heap before GC invocations=310 (full 0):
 garbage-first heap   total 1912832K, used 1643034K [0x000000008b400000, 0x000000008b503a60, 0x0000000100000000)
  region size 1024K, 1049 young (1074176K), 54 survivors (55296K)
 Metaspace       used 148015K, capacity 155263K, committed 155568K, reserved 1183744K
  class space    used 19746K, capacity 21111K, committed 21168K, reserved 1048576K
2020-07-20T09:57:34.752+0000: 2890.688: [GC pause (G1 Evacuation Pause) (young)
Desired survivor size 69206016 bytes, new threshold 15 (max 15)
- age   1:   40411888 bytes,   40411888 total
- age   2:   10765696 bytes,   51177584 total
- age   3:     816224 bytes,   51993808 total
- age   4:    1076504 bytes,   53070312 total
- age   5:     559432 bytes,   53629744 total
- age   6:     265000 bytes,   53894744 total
- age   7:     233040 bytes,   54127784 total
- age   8:     199792 bytes,   54327576 total
- age   9:     300072 bytes,   54627648 total
- age  10:     140808 bytes,   54768456 total
- age  11:     301528 bytes,   55069984 total
- age  12:     212648 bytes,   55282632 total
, 0.0691914 secs]
   [Parallel Time: 64.7 ms, GC Workers: 4]
      [GC Worker Start (ms): Min: 2890688.6, Avg: 2890688.6, Max: 2890688.7, Diff: 0.1]
      [Ext Root Scanning (ms): Min: 5.1, Avg: 5.2, Max: 5.3, Diff: 0.2, Sum: 20.8]
      [Update RS (ms): Min: 14.1, Avg: 14.1, Max: 14.2, Diff: 0.1, Sum: 56.5]
         [Processed Buffers: Min: 22, Avg: 29.8, Max: 39, Diff: 17, Sum: 119]
      [Scan RS (ms): Min: 0.2, Avg: 0.3, Max: 0.3, Diff: 0.1, Sum: 1.0]
      [Code Root Scanning (ms): Min: 0.0, Avg: 0.0, Max: 0.0, Diff: 0.0, Sum: 0.1]
      [Object Copy (ms): Min: 44.8, Avg: 44.9, Max: 45.0, Diff: 0.2, Sum: 179.6]
      [Termination (ms): Min: 0.0, Avg: 0.0, Max: 0.1, Diff: 0.1, Sum: 0.2]
         [Termination Attempts: Min: 8, Avg: 12.5, Max: 18, Diff: 10, Sum: 50]
      [GC Worker Other (ms): Min: 0.0, Avg: 0.0, Max: 0.0, Diff: 0.0, Sum: 0.1]
      [GC Worker Total (ms): Min: 64.5, Avg: 64.5, Max: 64.6, Diff: 0.0, Sum: 258.2]
      [GC Worker End (ms): Min: 2890753.2, Avg: 2890753.2, Max: 2890753.2, Diff: 0.0]
   [Code Root Fixup: 0.0 ms]
   [Code Root Purge: 0.0 ms]
   [Clear CT: 0.4 ms]
   [Other: 4.0 ms]
      [Choose CSet: 0.0 ms]
      [Ref Proc: 2.1 ms]
      [Ref Enq: 0.1 ms]
      [Redirty Cards: 0.3 ms]
      [Humongous Register: 0.1 ms]
      [Humongous Reclaim: 0.0 ms]
      [Free CSet: 0.9 ms]
   [Eden: 995.0M(995.0M)->0.0B(1013.0M) Survivors: 55296.0K->48128.0K Heap: 1604.5M(1868.0M)->600.5M(1868.0M)]
Heap after GC invocations=311 (full 0):
 garbage-first heap   total 1912832K, used 614938K [0x000000008b400000, 0x000000008b503a60, 0x0000000100000000)
  region size 1024K, 47 young (48128K), 47 survivors (48128K)
 Metaspace       used 148015K, capacity 155263K, committed 155568K, reserved 1183744K
  class space    used 19746K, capacity 21111K, committed 21168K, reserved 1048576K
}
 [Times: user=0.23 sys=0.00, real=0.08 secs] 
2020-07-20T09:57:34.822+0000: 2890.758: Total time for which application threads were stopped: 0.0765127 seconds, Stopping threads took: 0.0062681 seconds
{Heap before GC invocations=311 (full 0):
 garbage-first heap   total 1912832K, used 1654298K [0x000000008b400000, 0x000000008b503a60, 0x0000000100000000)
  region size 1024K, 1060 young (1085440K), 47 survivors (48128K)
 Metaspace       used 148015K, capacity 155263K, committed 155568K, reserved 1183744K
  class space    used 19746K, capacity 21111K, committed 21168K, reserved 1048576K
2020-07-20T09:57:38.162+0000: 2894.098: [GC pause (G1 Evacuation Pause) (young)
Desired survivor size 69730304 bytes, new threshold 15 (max 15)
- age   1:   34182224 bytes,   34182224 total
- age   2:    5488944 bytes,   39671168 total
- age   3:    3133632 bytes,   42804800 total
- age   4:     803792 bytes,   43608592 total
- age   5:     517024 bytes,   44125616 total
- age   6:     559040 bytes,   44684656 total
- age   7:     264608 bytes,   44949264 total
- age   8:     231408 bytes,   45180672 total
- age   9:     197512 bytes,   45378184 total
- age  10:     299904 bytes,   45678088 total
- age  11:     140712 bytes,   45818800 total
- age  12:     301400 bytes,   46120200 total
- age  13:     212552 bytes,   46332752 total
, 0.0682644 secs]
   [Parallel Time: 64.3 ms, GC Workers: 4]
      [GC Worker Start (ms): Min: 2894098.0, Avg: 2894098.0, Max: 2894098.0, Diff: 0.1]
      [Ext Root Scanning (ms): Min: 5.7, Avg: 6.1, Max: 6.9, Diff: 1.2, Sum: 24.3]
      [Update RS (ms): Min: 18.5, Avg: 19.1, Max: 19.3, Diff: 0.8, Sum: 76.2]
         [Processed Buffers: Min: 21, Avg: 30.0, Max: 39, Diff: 18, Sum: 120]
      [Scan RS (ms): Min: 0.4, Avg: 0.5, Max: 0.5, Diff: 0.2, Sum: 1.9]
      [Code Root Scanning (ms): Min: 0.0, Avg: 0.0, Max: 0.1, Diff: 0.1, Sum: 0.2]
      [Object Copy (ms): Min: 38.2, Avg: 38.4, Max: 38.5, Diff: 0.3, Sum: 153.5]
      [Termination (ms): Min: 0.0, Avg: 0.0, Max: 0.0, Diff: 0.0, Sum: 0.0]
         [Termination Attempts: Min: 1, Avg: 1.5, Max: 2, Diff: 1, Sum: 6]
      [GC Worker Other (ms): Min: 0.0, Avg: 0.1, Max: 0.2, Diff: 0.1, Sum: 0.4]
      [GC Worker Total (ms): Min: 64.1, Avg: 64.2, Max: 64.2, Diff: 0.1, Sum: 256.7]
      [GC Worker End (ms): Min: 2894162.1, Avg: 2894162.2, Max: 2894162.2, Diff: 0.1]
   [Code Root Fixup: 0.0 ms]
   [Code Root Purge: 0.0 ms]
   [Clear CT: 0.4 ms]
   [Other: 3.6 ms]
      [Choose CSet: 0.0 ms]
      [Ref Proc: 1.6 ms]
      [Ref Enq: 0.2 ms]
      [Redirty Cards: 0.3 ms]
      [Humongous Register: 0.1 ms]
      [Humongous Reclaim: 0.0 ms]
      [Free CSet: 0.9 ms]
   [Eden: 1013.0M(1013.0M)->0.0B(1029.0M) Survivors: 48128.0K->39936.0K Heap: 1615.5M(1868.0M)->592.5M(1868.0M)]
Heap after GC invocations=312 (full 0):
 garbage-first heap   total 1912832K, used 606746K [0x000000008b400000, 0x000000008b503a60, 0x0000000100000000)
  region size 1024K, 39 young (39936K), 39 survivors (39936K)
 Metaspace       used 148015K, capacity 155263K, committed 155568K, reserved 1183744K
  class space    used 19746K, capacity 21111K, committed 21168K, reserved 1048576K
}
 [Times: user=0.22 sys=0.01, real=0.06 secs] 
2020-07-20T09:57:38.230+0000: 2894.166: Total time for which application threads were stopped: 0.0702543 seconds, Stopping threads took: 0.0007000 seconds
{Heap before GC invocations=312 (full 0):
 garbage-first heap   total 1912832K, used 1662490K [0x000000008b400000, 0x000000008b503a60, 0x0000000100000000)
  region size 1024K, 1068 young (1093632K), 39 survivors (39936K)
 Metaspace       used 148015K, capacity 155263K, committed 155568K, reserved 1183744K
  class space    used 19746K, capacity 21111K, committed 21168K, reserved 1048576K
2020-07-20T09:57:41.757+0000: 2897.693: [GC pause (G1 Evacuation Pause) (young)
Desired survivor size 70254592 bytes, new threshold 15 (max 15)
- age   1:   31537080 bytes,   31537080 total
- age   2:     411992 bytes,   31949072 total
- age   3:     121520 bytes,   32070592 total
- age   4:    3129960 bytes,   35200552 total
- age   5:     803760 bytes,   36004312 total
- age   6:     516968 bytes,   36521280 total
- age   7:     558704 bytes,   37079984 total
- age   8:     264448 bytes,   37344432 total
- age   9:     228080 bytes,   37572512 total
- age  10:     197480 bytes,   37769992 total
- age  11:     299872 bytes,   38069864 total
- age  12:     140424 bytes,   38210288 total
- age  13:     301304 bytes,   38511592 total
- age  14:     212520 bytes,   38724112 total
, 0.0997689 secs]
   [Parallel Time: 95.6 ms, GC Workers: 4]
      [GC Worker Start (ms): Min: 2897693.5, Avg: 2897693.5, Max: 2897693.5, Diff: 0.1]
      [Ext Root Scanning (ms): Min: 5.0, Avg: 5.1, Max: 5.2, Diff: 0.2, Sum: 20.4]
      [Update RS (ms): Min: 17.3, Avg: 17.3, Max: 17.4, Diff: 0.2, Sum: 69.3]
         [Processed Buffers: Min: 18, Avg: 30.2, Max: 36, Diff: 18, Sum: 121]
      [Scan RS (ms): Min: 0.3, Avg: 0.4, Max: 0.6, Diff: 0.3, Sum: 1.7]
      [Code Root Scanning (ms): Min: 0.0, Avg: 0.0, Max: 0.0, Diff: 0.0, Sum: 0.1]
      [Object Copy (ms): Min: 72.2, Avg: 72.5, Max: 72.7, Diff: 0.5, Sum: 290.1]
      [Termination (ms): Min: 0.0, Avg: 0.0, Max: 0.0, Diff: 0.0, Sum: 0.1]
         [Termination Attempts: Min: 4, Avg: 8.2, Max: 10, Diff: 6, Sum: 33]
      [GC Worker Other (ms): Min: 0.0, Avg: 0.1, Max: 0.1, Diff: 0.1, Sum: 0.3]
      [GC Worker Total (ms): Min: 95.5, Avg: 95.5, Max: 95.5, Diff: 0.1, Sum: 382.0]
      [GC Worker End (ms): Min: 2897789.0, Avg: 2897789.0, Max: 2897789.0, Diff: 0.1]
   [Code Root Fixup: 0.0 ms]
   [Code Root Purge: 0.0 ms]
   [Clear CT: 0.4 ms]
   [Other: 3.7 ms]
      [Choose CSet: 0.0 ms]
      [Ref Proc: 1.9 ms]
      [Ref Enq: 0.1 ms]
      [Redirty Cards: 0.3 ms]
      [Humongous Register: 0.1 ms]
      [Humongous Reclaim: 0.0 ms]
      [Free CSet: 0.9 ms]
   [Eden: 1029.0M(1029.0M)->0.0B(955.0M) Survivors: 39936.0K->75776.0K Heap: 1623.5M(1868.0M)->629.0M(1868.0M)]
Heap after GC invocations=313 (full 0):
 garbage-first heap   total 1912832K, used 644122K [0x000000008b400000, 0x000000008b503a60, 0x0000000100000000)
  region size 1024K, 74 young (75776K), 74 survivors (75776K)
 Metaspace       used 148015K, capacity 155263K, committed 155568K, reserved 1183744K
  class space    used 19746K, capacity 21111K, committed 21168K, reserved 1048576K
}
 [Times: user=0.32 sys=0.01, real=0.10 secs] 
2020-07-20T09:57:41.857+0000: 2897.793: Total time for which application threads were stopped: 0.1016155 seconds, Stopping threads took: 0.0009987 seconds
{Heap before GC invocations=313 (full 0):
 garbage-first heap   total 1912832K, used 1626138K [0x000000008b400000, 0x000000008b503a60, 0x0000000100000000)
  region size 1024K, 1029 young (1053696K), 74 survivors (75776K)
 Metaspace       used 148015K, capacity 155263K, committed 155568K, reserved 1183744K
  class space    used 19746K, capacity 21111K, committed 21168K, reserved 1048576K
2020-07-20T09:57:44.898+0000: 2900.834: [GC pause (G1 Evacuation Pause) (young)
Desired survivor size 67633152 bytes, new threshold 2 (max 15)
- age   1:   42733624 bytes,   42733624 total
- age   2:   25706168 bytes,   68439792 total
- age   3:     394648 bytes,   68834440 total
- age   4:     121152 bytes,   68955592 total
- age   5:    3106712 bytes,   72062304 total
- age   6:     803760 bytes,   72866064 total
- age   7:     516840 bytes,   73382904 total
- age   8:     553464 bytes,   73936368 total
- age   9:     262784 bytes,   74199152 total
- age  10:     228048 bytes,   74427200 total
- age  11:     197480 bytes,   74624680 total
- age  12:     299744 bytes,   74924424 total
- age  13:     140296 bytes,   75064720 total
- age  14:     301176 bytes,   75365896 total
- age  15:     212376 bytes,   75578272 total
, 0.0881419 secs]
   [Parallel Time: 83.7 ms, GC Workers: 4]
      [GC Worker Start (ms): Min: 2900834.1, Avg: 2900834.1, Max: 2900834.1, Diff: 0.0]
      [Ext Root Scanning (ms): Min: 5.6, Avg: 5.8, Max: 6.0, Diff: 0.4, Sum: 23.1]
      [Update RS (ms): Min: 22.0, Avg: 22.0, Max: 22.1, Diff: 0.1, Sum: 88.2]
         [Processed Buffers: Min: 18, Avg: 33.8, Max: 52, Diff: 34, Sum: 135]
      [Scan RS (ms): Min: 0.2, Avg: 0.3, Max: 0.3, Diff: 0.1, Sum: 1.1]
      [Code Root Scanning (ms): Min: 0.0, Avg: 0.0, Max: 0.1, Diff: 0.1, Sum: 0.1]
      [Object Copy (ms): Min: 55.2, Avg: 55.4, Max: 55.5, Diff: 0.3, Sum: 221.6]
      [Termination (ms): Min: 0.0, Avg: 0.1, Max: 0.2, Diff: 0.1, Sum: 0.4]
         [Termination Attempts: Min: 5, Avg: 6.5, Max: 8, Diff: 3, Sum: 26]
      [GC Worker Other (ms): Min: 0.0, Avg: 0.0, Max: 0.1, Diff: 0.0, Sum: 0.2]
      [GC Worker Total (ms): Min: 83.6, Avg: 83.6, Max: 83.7, Diff: 0.0, Sum: 334.5]
      [GC Worker End (ms): Min: 2900917.7, Avg: 2900917.7, Max: 2900917.8, Diff: 0.1]
   [Code Root Fixup: 0.1 ms]
   [Code Root Purge: 0.0 ms]
   [Clear CT: 0.3 ms]
   [Other: 4.0 ms]
      [Choose CSet: 0.0 ms]
      [Ref Proc: 2.1 ms]
      [Ref Enq: 0.2 ms]
      [Redirty Cards: 0.4 ms]
      [Humongous Register: 0.1 ms]
      [Humongous Reclaim: 0.1 ms]
      [Free CSet: 0.9 ms]
   [Eden: 955.0M(955.0M)->0.0B(988.0M) Survivors: 75776.0K->54272.0K Heap: 1588.0M(1868.0M)->616.0M(1868.0M)]
Heap after GC invocations=314 (full 0):
 garbage-first heap   total 1912832K, used 630764K [0x000000008b400000, 0x000000008b503a60, 0x0000000100000000)
  region size 1024K, 53 young (54272K), 53 survivors (54272K)
 Metaspace       used 148015K, capacity 155263K, committed 155568K, reserved 1183744K
  class space    used 19746K, capacity 21111K, committed 21168K, reserved 1048576K
}
 [Times: user=0.28 sys=0.01, real=0.09 secs] 
2020-07-20T09:57:44.986+0000: 2900.922: Total time for which application threads were stopped: 0.0922140 seconds, Stopping threads took: 0.0028003 seconds
{Heap before GC invocations=314 (full 0):
 garbage-first heap   total 1912832K, used 1642476K [0x000000008b400000, 0x000000008b503a60, 0x0000000100000000)
  region size 1024K, 1041 young (1065984K), 53 survivors (54272K)
 Metaspace       used 148015K, capacity 155263K, committed 155568K, reserved 1183744K
  class space    used 19746K, capacity 21111K, committed 21168K, reserved 1048576K
2020-07-20T09:57:48.265+0000: 2904.201: [GC pause (G1 Evacuation Pause) (young)
Desired survivor size 68681728 bytes, new threshold 15 (max 15)
- age   1:   34056656 bytes,   34056656 total
- age   2:   19260816 bytes,   53317472 total
, 0.0758768 secs]
   [Parallel Time: 71.8 ms, GC Workers: 4]
      [GC Worker Start (ms): Min: 2904201.6, Avg: 2904201.6, Max: 2904201.6, Diff: 0.0]
      [Ext Root Scanning (ms): Min: 4.9, Avg: 5.0, Max: 5.2, Diff: 0.2, Sum: 20.1]
      [Update RS (ms): Min: 29.8, Avg: 30.0, Max: 30.7, Diff: 0.9, Sum: 120.1]
         [Processed Buffers: Min: 18, Avg: 40.0, Max: 51, Diff: 33, Sum: 160]
      [Scan RS (ms): Min: 0.2, Avg: 0.3, Max: 0.4, Diff: 0.2, Sum: 1.2]
      [Code Root Scanning (ms): Min: 0.0, Avg: 0.0, Max: 0.0, Diff: 0.0, Sum: 0.1]
      [Object Copy (ms): Min: 35.8, Avg: 36.3, Max: 36.6, Diff: 0.8, Sum: 145.1]
      [Termination (ms): Min: 0.0, Avg: 0.0, Max: 0.0, Diff: 0.0, Sum: 0.0]
         [Termination Attempts: Min: 1, Avg: 1.0, Max: 1, Diff: 0, Sum: 4]
      [GC Worker Other (ms): Min: 0.0, Avg: 0.0, Max: 0.1, Diff: 0.0, Sum: 0.2]
      [GC Worker Total (ms): Min: 71.7, Avg: 71.7, Max: 71.7, Diff: 0.1, Sum: 286.8]
      [GC Worker End (ms): Min: 2904273.3, Avg: 2904273.3, Max: 2904273.3, Diff: 0.0]
   [Code Root Fixup: 0.0 ms]
   [Code Root Purge: 0.0 ms]
   [Clear CT: 0.4 ms]
   [Other: 3.6 ms]
      [Choose CSet: 0.0 ms]
      [Ref Proc: 1.9 ms]
      [Ref Enq: 0.1 ms]
      [Redirty Cards: 0.2 ms]
      [Humongous Register: 0.1 ms]
      [Humongous Reclaim: 0.1 ms]
      [Free CSet: 0.9 ms]
   [Eden: 988.0M(988.0M)->0.0B(1017.0M) Survivors: 54272.0K->39936.0K Heap: 1604.0M(1868.0M)->599.5M(1868.0M)]
Heap after GC invocations=315 (full 0):
 garbage-first heap   total 1912832K, used 613868K [0x000000008b400000, 0x000000008b503a60, 0x0000000100000000)
  region size 1024K, 39 young (39936K), 39 survivors (39936K)
 Metaspace       used 148015K, capacity 155263K, committed 155568K, reserved 1183744K
  class space    used 19746K, capacity 21111K, committed 21168K, reserved 1048576K
}
 [Times: user=0.23 sys=0.02, real=0.08 secs] 
2020-07-20T09:57:48.342+0000: 2904.277: Total time for which application threads were stopped: 0.0791250 seconds, Stopping threads took: 0.0023824 seconds
{Heap before GC invocations=315 (full 0):
 garbage-first heap   total 1912832K, used 1657324K [0x000000008b400000, 0x000000008b503a60, 0x0000000100000000)
  region size 1024K, 1056 young (1081344K), 39 survivors (39936K)
 Metaspace       used 148015K, capacity 155263K, committed 155568K, reserved 1183744K
  class space    used 19746K, capacity 21111K, committed 21168K, reserved 1048576K
2020-07-20T09:57:51.437+0000: 2907.373: [GC pause (G1 Evacuation Pause) (young)
Desired survivor size 69206016 bytes, new threshold 15 (max 15)
- age   1:   29749352 bytes,   29749352 total
- age   2:    7847880 bytes,   37597232 total
- age   3:      89872 bytes,   37687104 total
, 0.0890972 secs]
   [Parallel Time: 85.1 ms, GC Workers: 4]
      [GC Worker Start (ms): Min: 2907373.6, Avg: 2907373.6, Max: 2907373.7, Diff: 0.0]
      [Ext Root Scanning (ms): Min: 4.9, Avg: 5.0, Max: 5.1, Diff: 0.2, Sum: 20.0]
      [Update RS (ms): Min: 12.7, Avg: 12.8, Max: 12.9, Diff: 0.2, Sum: 51.2]
         [Processed Buffers: Min: 11, Avg: 23.8, Max: 40, Diff: 29, Sum: 95]
      [Scan RS (ms): Min: 0.2, Avg: 0.3, Max: 0.4, Diff: 0.2, Sum: 1.3]
      [Code Root Scanning (ms): Min: 0.0, Avg: 0.0, Max: 0.0, Diff: 0.0, Sum: 0.1]
      [Object Copy (ms): Min: 66.6, Avg: 66.7, Max: 66.8, Diff: 0.3, Sum: 266.9]
      [Termination (ms): Min: 0.0, Avg: 0.0, Max: 0.1, Diff: 0.0, Sum: 0.2]
         [Termination Attempts: Min: 6, Avg: 13.0, Max: 17, Diff: 11, Sum: 52]
      [GC Worker Other (ms): Min: 0.0, Avg: 0.0, Max: 0.1, Diff: 0.0, Sum: 0.2]
      [GC Worker Total (ms): Min: 84.9, Avg: 85.0, Max: 85.0, Diff: 0.1, Sum: 339.9]
      [GC Worker End (ms): Min: 2907458.6, Avg: 2907458.6, Max: 2907458.6, Diff: 0.0]
   [Code Root Fixup: 0.0 ms]
   [Code Root Purge: 0.0 ms]
   [Clear CT: 0.4 ms]
   [Other: 3.5 ms]
      [Choose CSet: 0.0 ms]
      [Ref Proc: 1.7 ms]
      [Ref Enq: 0.1 ms]
      [Redirty Cards: 0.2 ms]
      [Humongous Register: 0.1 ms]
      [Humongous Reclaim: 0.0 ms]
      [Free CSet: 0.9 ms]
   [Eden: 1017.0M(1017.0M)->0.0B(962.0M) Survivors: 39936.0K->67584.0K Heap: 1618.5M(1868.0M)->628.5M(1868.0M)]
Heap after GC invocations=316 (full 0):
 garbage-first heap   total 1912832K, used 643564K [0x000000008b400000, 0x000000008b503a60, 0x0000000100000000)
  region size 1024K, 66 young (67584K), 66 survivors (67584K)
 Metaspace       used 148015K, capacity 155263K, committed 155568K, reserved 1183744K
  class space    used 19746K, capacity 21111K, committed 21168K, reserved 1048576K
}
 [Times: user=0.26 sys=0.02, real=0.09 secs] 
2020-07-20T09:57:51.527+0000: 2907.463: Total time for which application threads were stopped: 0.0971403 seconds, Stopping threads took: 0.0068871 seconds
{Heap before GC invocations=316 (full 0):
 garbage-first heap   total 1912832K, used 1628652K [0x000000008b400000, 0x000000008b503a60, 0x0000000100000000)
  region size 1024K, 1028 young (1052672K), 66 survivors (67584K)
 Metaspace       used 148015K, capacity 155263K, committed 155568K, reserved 1183744K
  class space    used 19746K, capacity 21111K, committed 21168K, reserved 1048576K
2020-07-20T09:57:54.717+0000: 2910.653: [GC pause (G1 Evacuation Pause) (young)
Desired survivor size 67633152 bytes, new threshold 15 (max 15)
- age   1:   35659256 bytes,   35659256 total
- age   2:   23096576 bytes,   58755832 total
- age   3:    7845760 bytes,   66601592 total
- age   4:      89528 bytes,   66691120 total
, 0.0613134 secs]
   [Parallel Time: 57.4 ms, GC Workers: 4]
      [GC Worker Start (ms): Min: 2910653.6, Avg: 2910653.6, Max: 2910653.6, Diff: 0.1]
      [Ext Root Scanning (ms): Min: 4.9, Avg: 4.9, Max: 5.1, Diff: 0.2, Sum: 19.7]
      [Update RS (ms): Min: 12.0, Avg: 12.1, Max: 12.2, Diff: 0.2, Sum: 48.3]
         [Processed Buffers: Min: 23, Avg: 26.8, Max: 29, Diff: 6, Sum: 107]
      [Scan RS (ms): Min: 0.2, Avg: 0.3, Max: 0.3, Diff: 0.1, Sum: 1.1]
      [Code Root Scanning (ms): Min: 0.0, Avg: 0.0, Max: 0.0, Diff: 0.0, Sum: 0.1]
      [Object Copy (ms): Min: 39.8, Avg: 39.9, Max: 39.9, Diff: 0.1, Sum: 159.6]
      [Termination (ms): Min: 0.0, Avg: 0.0, Max: 0.0, Diff: 0.0, Sum: 0.0]
         [Termination Attempts: Min: 7, Avg: 11.5, Max: 14, Diff: 7, Sum: 46]
      [GC Worker Other (ms): Min: 0.0, Avg: 0.1, Max: 0.1, Diff: 0.1, Sum: 0.2]
      [GC Worker Total (ms): Min: 57.2, Avg: 57.2, Max: 57.3, Diff: 0.1, Sum: 229.0]
      [GC Worker End (ms): Min: 2910710.8, Avg: 2910710.9, Max: 2910710.9, Diff: 0.1]
   [Code Root Fixup: 0.0 ms]
   [Code Root Purge: 0.0 ms]
   [Clear CT: 0.3 ms]
   [Other: 3.6 ms]
      [Choose CSet: 0.0 ms]
      [Ref Proc: 1.8 ms]
      [Ref Enq: 0.1 ms]
      [Redirty Cards: 0.2 ms]
      [Humongous Register: 0.1 ms]
      [Humongous Reclaim: 0.1 ms]
      [Free CSet: 0.9 ms]
   [Eden: 962.0M(962.0M)->0.0B(1010.0M) Survivors: 67584.0K->45056.0K Heap: 1590.5M(1868.0M)->604.5M(1868.0M)]
Heap after GC invocations=317 (full 0):
 garbage-first heap   total 1912832K, used 618988K [0x000000008b400000, 0x000000008b503a60, 0x0000000100000000)
  region size 1024K, 44 young (45056K), 44 survivors (45056K)
 Metaspace       used 148015K, capacity 155263K, committed 155568K, reserved 1183744K
  class space    used 19746K, capacity 21111K, committed 21168K, reserved 1048576K
}
 [Times: user=0.19 sys=0.01, real=0.06 secs] 
2020-07-20T09:57:54.779+0000: 2910.715: Total time for which application threads were stopped: 0.0658817 seconds, Stopping threads took: 0.0037239 seconds
{Heap before GC invocations=317 (full 0):
 garbage-first heap   total 1912832K, used 1655276K [0x000000008b400000, 0x000000008b503a60, 0x0000000100000000)
  region size 1024K, 1054 young (1079296K), 44 survivors (45056K)
 Metaspace       used 148017K, capacity 155263K, committed 155568K, reserved 1183744K
  class space    used 19746K, capacity 21111K, committed 21168K, reserved 1048576K
2020-07-20T09:57:58.328+0000: 2914.264: [GC pause (G1 Evacuation Pause) (young)
Desired survivor size 69206016 bytes, new threshold 15 (max 15)
- age   1:   28344760 bytes,   28344760 total
- age   2:   12749624 bytes,   41094384 total
- age   3:    1793496 bytes,   42887880 total
- age   4:     266008 bytes,   43153888 total
- age   5:      86288 bytes,   43240176 total
, 0.0504423 secs]
   [Parallel Time: 46.1 ms, GC Workers: 4]
      [GC Worker Start (ms): Min: 2914264.3, Avg: 2914264.3, Max: 2914264.3, Diff: 0.1]
      [Ext Root Scanning (ms): Min: 4.8, Avg: 4.9, Max: 5.0, Diff: 0.3, Sum: 19.6]
      [Update RS (ms): Min: 8.7, Avg: 8.7, Max: 8.9, Diff: 0.2, Sum: 34.9]
         [Processed Buffers: Min: 17, Avg: 22.5, Max: 25, Diff: 8, Sum: 90]
      [Scan RS (ms): Min: 0.1, Avg: 0.2, Max: 0.3, Diff: 0.2, Sum: 1.0]
      [Code Root Scanning (ms): Min: 0.0, Avg: 0.0, Max: 0.0, Diff: 0.0, Sum: 0.1]
      [Object Copy (ms): Min: 31.9, Avg: 32.0, Max: 32.1, Diff: 0.2, Sum: 128.0]
      [Termination (ms): Min: 0.0, Avg: 0.0, Max: 0.0, Diff: 0.0, Sum: 0.1]
         [Termination Attempts: Min: 1, Avg: 1.0, Max: 1, Diff: 0, Sum: 4]
      [GC Worker Other (ms): Min: 0.0, Avg: 0.0, Max: 0.0, Diff: 0.0, Sum: 0.1]
      [GC Worker Total (ms): Min: 45.9, Avg: 46.0, Max: 46.0, Diff: 0.1, Sum: 183.8]
      [GC Worker End (ms): Min: 2914310.2, Avg: 2914310.3, Max: 2914310.3, Diff: 0.0]
   [Code Root Fixup: 0.0 ms]
   [Code Root Purge: 0.0 ms]
   [Clear CT: 0.4 ms]
   [Other: 3.9 ms]
      [Choose CSet: 0.0 ms]
      [Ref Proc: 2.0 ms]
      [Ref Enq: 0.1 ms]
      [Redirty Cards: 0.2 ms]
      [Humongous Register: 0.1 ms]
      [Humongous Reclaim: 0.1 ms]
      [Free CSet: 0.9 ms]
   [Eden: 1010.0M(1010.0M)->0.0B(1023.0M) Survivors: 45056.0K->37888.0K Heap: 1616.5M(1868.0M)->596.0M(1868.0M)]
Heap after GC invocations=318 (full 0):
 garbage-first heap   total 1912832K, used 610284K [0x000000008b400000, 0x000000008b503a60, 0x0000000100000000)
  region size 1024K, 37 young (37888K), 37 survivors (37888K)
 Metaspace       used 148017K, capacity 155263K, committed 155568K, reserved 1183744K
  class space    used 19746K, capacity 21111K, committed 21168K, reserved 1048576K
}
 [Times: user=0.17 sys=0.01, real=0.05 secs] 
2020-07-20T09:57:58.379+0000: 2914.315: Total time for which application threads were stopped: 0.0515435 seconds, Stopping threads took: 0.0001979 seconds
{Heap before GC invocations=318 (full 0):
 garbage-first heap   total 1912832K, used 1661932K [0x000000008b400000, 0x000000008b503a60, 0x0000000100000000)
  region size 1024K, 1060 young (1085440K), 37 survivors (37888K)
 Metaspace       used 148017K, capacity 155263K, committed 155568K, reserved 1183744K
  class space    used 19746K, capacity 21111K, committed 21168K, reserved 1048576K
2020-07-20T09:58:01.728+0000: 2917.664: [GC pause (G1 Evacuation Pause) (young)
Desired survivor size 69730304 bytes, new threshold 15 (max 15)
- age   1:   31495144 bytes,   31495144 total
- age   2:    1778448 bytes,   33273592 total
- age   3:     299528 bytes,   33573120 total
- age   4:    1793008 bytes,   35366128 total
- age   5:     251704 bytes,   35617832 total
- age   6:      86008 bytes,   35703840 total
, 0.0457388 secs]
   [Parallel Time: 41.9 ms, GC Workers: 4]
      [GC Worker Start (ms): Min: 2917664.5, Avg: 2917664.6, Max: 2917664.6, Diff: 0.1]
      [Ext Root Scanning (ms): Min: 5.5, Avg: 5.6, Max: 5.8, Diff: 0.3, Sum: 22.4]
      [Update RS (ms): Min: 12.7, Avg: 12.9, Max: 13.1, Diff: 0.4, Sum: 51.5]
         [Processed Buffers: Min: 19, Avg: 24.8, Max: 32, Diff: 13, Sum: 99]
      [Scan RS (ms): Min: 0.1, Avg: 0.3, Max: 0.5, Diff: 0.4, Sum: 1.1]
      [Code Root Scanning (ms): Min: 0.0, Avg: 0.0, Max: 0.0, Diff: 0.0, Sum: 0.1]
      [Object Copy (ms): Min: 22.7, Avg: 22.9, Max: 22.9, Diff: 0.2, Sum: 91.4]
      [Termination (ms): Min: 0.0, Avg: 0.0, Max: 0.0, Diff: 0.0, Sum: 0.1]
         [Termination Attempts: Min: 2, Avg: 6.0, Max: 11, Diff: 9, Sum: 24]
      [GC Worker Other (ms): Min: 0.0, Avg: 0.0, Max: 0.1, Diff: 0.1, Sum: 0.2]
      [GC Worker Total (ms): Min: 41.6, Avg: 41.7, Max: 41.7, Diff: 0.1, Sum: 166.7]
      [GC Worker End (ms): Min: 2917706.2, Avg: 2917706.3, Max: 2917706.3, Diff: 0.0]
   [Code Root Fixup: 0.0 ms]
   [Code Root Purge: 0.0 ms]
   [Clear CT: 0.4 ms]
   [Other: 3.4 ms]
      [Choose CSet: 0.0 ms]
      [Ref Proc: 1.7 ms]
      [Ref Enq: 0.1 ms]
      [Redirty Cards: 0.2 ms]
      [Humongous Register: 0.1 ms]
      [Humongous Reclaim: 0.0 ms]
      [Free CSet: 0.9 ms]
   [Eden: 1023.0M(1023.0M)->0.0B(1031.0M) Survivors: 37888.0K->28672.0K Heap: 1623.0M(1868.0M)->588.5M(1868.0M)]
Heap after GC invocations=319 (full 0):
 garbage-first heap   total 1912832K, used 602604K [0x000000008b400000, 0x000000008b503a60, 0x0000000100000000)
  region size 1024K, 28 young (28672K), 28 survivors (28672K)
 Metaspace       used 148017K, capacity 155263K, committed 155568K, reserved 1183744K
  class space    used 19746K, capacity 21111K, committed 21168K, reserved 1048576K
}
 [Times: user=0.15 sys=0.01, real=0.05 secs] 
2020-07-20T09:58:01.774+0000: 2917.710: Total time for which application threads were stopped: 0.0475473 seconds, Stopping threads took: 0.0009549 seconds
{Heap before GC invocations=319 (full 0):
 garbage-first heap   total 1912832K, used 1660396K [0x000000008b400000, 0x000000008b503a60, 0x0000000100000000)
  region size 1024K, 1059 young (1084416K), 28 survivors (28672K)
 Metaspace       used 148017K, capacity 155263K, committed 155568K, reserved 1183744K
  class space    used 19746K, capacity 21111K, committed 21168K, reserved 1048576K
2020-07-20T09:58:04.862+0000: 2920.798: [GC pause (G1 Evacuation Pause) (young)
Desired survivor size 69730304 bytes, new threshold 15 (max 15)
- age   1:   23558744 bytes,   23558744 total
- age   2:     597720 bytes,   24156464 total
- age   3:     521208 bytes,   24677672 total
- age   4:     299088 bytes,   24976760 total
- age   5:    1789640 bytes,   26766400 total
- age   6:     246904 bytes,   27013304 total
- age   7:      81864 bytes,   27095168 total
, 0.0762718 secs]
   [Parallel Time: 72.0 ms, GC Workers: 4]
      [GC Worker Start (ms): Min: 2920798.1, Avg: 2920798.6, Max: 2920800.0, Diff: 1.9]
      [Ext Root Scanning (ms): Min: 3.9, Avg: 6.4, Max: 10.3, Diff: 6.4, Sum: 25.7]
      [Update RS (ms): Min: 13.3, Avg: 16.6, Max: 17.8, Diff: 4.5, Sum: 66.6]
         [Processed Buffers: Min: 26, Avg: 30.5, Max: 33, Diff: 7, Sum: 122]
      [Scan RS (ms): Min: 0.2, Avg: 0.2, Max: 0.3, Diff: 0.0, Sum: 1.0]
      [Code Root Scanning (ms): Min: 0.0, Avg: 0.0, Max: 0.0, Diff: 0.0, Sum: 0.1]
      [Object Copy (ms): Min: 48.0, Avg: 48.0, Max: 48.1, Diff: 0.1, Sum: 192.2]
      [Termination (ms): Min: 0.0, Avg: 0.0, Max: 0.0, Diff: 0.0, Sum: 0.0]
         [Termination Attempts: Min: 4, Avg: 5.0, Max: 6, Diff: 2, Sum: 20]
      [GC Worker Other (ms): Min: 0.0, Avg: 0.0, Max: 0.1, Diff: 0.1, Sum: 0.2]
      [GC Worker Total (ms): Min: 70.1, Avg: 71.4, Max: 71.9, Diff: 1.8, Sum: 285.7]
      [GC Worker End (ms): Min: 2920870.0, Avg: 2920870.0, Max: 2920870.0, Diff: 0.1]
   [Code Root Fixup: 0.0 ms]
   [Code Root Purge: 0.0 ms]
   [Clear CT: 0.3 ms]
   [Other: 3.9 ms]
      [Choose CSet: 0.0 ms]
      [Ref Proc: 2.1 ms]
      [Ref Enq: 0.2 ms]
      [Redirty Cards: 0.2 ms]
      [Humongous Register: 0.1 ms]
      [Humongous Reclaim: 0.0 ms]
      [Free CSet: 0.9 ms]
   [Eden: 1031.0M(1031.0M)->0.0B(988.0M) Survivors: 28672.0K->54272.0K Heap: 1621.5M(1868.0M)->616.0M(1868.0M)]
Heap after GC invocations=320 (full 0):
 garbage-first heap   total 1912832K, used 630764K [0x000000008b400000, 0x000000008b503a60, 0x0000000100000000)
  region size 1024K, 53 young (54272K), 53 survivors (54272K)
 Metaspace       used 148017K, capacity 155263K, committed 155568K, reserved 1183744K
  class space    used 19746K, capacity 21111K, committed 21168K, reserved 1048576K
}
 [Times: user=0.24 sys=0.00, real=0.07 secs] 
2020-07-20T09:58:04.938+0000: 2920.874: Total time for which application threads were stopped: 0.0832366 seconds, Stopping threads took: 0.0061002 seconds
{Heap before GC invocations=320 (full 0):
 garbage-first heap   total 1912832K, used 1642476K [0x000000008b400000, 0x000000008b503a60, 0x0000000100000000)
  region size 1024K, 1041 young (1065984K), 53 survivors (54272K)
 Metaspace       used 148017K, capacity 155263K, committed 155568K, reserved 1183744K
  class space    used 19746K, capacity 21111K, committed 21168K, reserved 1048576K
2020-07-20T09:58:08.234+0000: 2924.169: [GC pause (G1 Evacuation Pause) (young)
Desired survivor size 68681728 bytes, new threshold 15 (max 15)
- age   1:   34088664 bytes,   34088664 total
- age   2:   17463640 bytes,   51552304 total
- age   3:     123248 bytes,   51675552 total
- age   4:     386472 bytes,   52062024 total
- age   5:     298352 bytes,   52360376 total
- age   6:    1789432 bytes,   54149808 total
- age   7:     234192 bytes,   54384000 total
- age   8:      73808 bytes,   54457808 total
, 0.0657915 secs]
   [Parallel Time: 61.5 ms, GC Workers: 4]
      [GC Worker Start (ms): Min: 2924169.7, Avg: 2924169.8, Max: 2924169.8, Diff: 0.1]
      [Ext Root Scanning (ms): Min: 4.9, Avg: 5.0, Max: 5.2, Diff: 0.2, Sum: 20.2]
      [Update RS (ms): Min: 17.4, Avg: 17.5, Max: 17.8, Diff: 0.4, Sum: 70.0]
         [Processed Buffers: Min: 9, Avg: 27.5, Max: 44, Diff: 35, Sum: 110]
      [Scan RS (ms): Min: 0.2, Avg: 0.3, Max: 0.4, Diff: 0.2, Sum: 1.3]
      [Code Root Scanning (ms): Min: 0.0, Avg: 0.0, Max: 0.0, Diff: 0.0, Sum: 0.1]
      [Object Copy (ms): Min: 38.2, Avg: 38.3, Max: 38.4, Diff: 0.3, Sum: 153.3]
      [Termination (ms): Min: 0.0, Avg: 0.0, Max: 0.0, Diff: 0.0, Sum: 0.0]
         [Termination Attempts: Min: 1, Avg: 1.0, Max: 1, Diff: 0, Sum: 4]
      [GC Worker Other (ms): Min: 0.0, Avg: 0.1, Max: 0.1, Diff: 0.1, Sum: 0.3]
      [GC Worker Total (ms): Min: 61.2, Avg: 61.3, Max: 61.3, Diff: 0.1, Sum: 245.1]
      [GC Worker End (ms): Min: 2924231.0, Avg: 2924231.0, Max: 2924231.1, Diff: 0.1]
   [Code Root Fixup: 0.1 ms]
   [Code Root Purge: 0.0 ms]
   [Clear CT: 0.4 ms]
   [Other: 3.9 ms]
      [Choose CSet: 0.0 ms]
      [Ref Proc: 2.1 ms]
      [Ref Enq: 0.2 ms]
      [Redirty Cards: 0.2 ms]
      [Humongous Register: 0.1 ms]
      [Humongous Reclaim: 0.0 ms]
      [Free CSet: 0.9 ms]
   [Eden: 988.0M(988.0M)->0.0B(1016.0M) Survivors: 54272.0K->41984.0K Heap: 1604.0M(1868.0M)->602.0M(1868.0M)]
Heap after GC invocations=321 (full 0):
 garbage-first heap   total 1912832K, used 616428K [0x000000008b400000, 0x000000008b503a60, 0x0000000100000000)
  region size 1024K, 41 young (41984K), 41 survivors (41984K)
 Metaspace       used 148017K, capacity 155263K, committed 155568K, reserved 1183744K
  class space    used 19746K, capacity 21111K, committed 21168K, reserved 1048576K
}
 [Times: user=0.19 sys=0.02, real=0.06 secs] 
2020-07-20T09:58:08.300+0000: 2924.236: Total time for which application threads were stopped: 0.0683349 seconds, Stopping threads took: 0.0016113 seconds
{Heap before GC invocations=321 (full 0):
 garbage-first heap   total 1912832K, used 1658860K [0x000000008b400000, 0x000000008b503a60, 0x0000000100000000)
  region size 1024K, 1057 young (1082368K), 41 survivors (41984K)
 Metaspace       used 148017K, capacity 155263K, committed 155568K, reserved 1183744K
  class space    used 19746K, capacity 21111K, committed 21168K, reserved 1048576K
2020-07-20T09:58:11.372+0000: 2927.308: [GC pause (G1 Evacuation Pause) (young)
Desired survivor size 69730304 bytes, new threshold 15 (max 15)
- age   1:   30987096 bytes,   30987096 total
- age   2:    5940240 bytes,   36927336 total
- age   3:     959600 bytes,   37886936 total
- age   4:     123032 bytes,   38009968 total
- age   5:     386024 bytes,   38395992 total
- age   6:     298256 bytes,   38694248 total
- age   7:    1789240 bytes,   40483488 total
- age   8:     226080 bytes,   40709568 total
- age   9:      73584 bytes,   40783152 total
, 0.0912380 secs]
   [Parallel Time: 87.3 ms, GC Workers: 4]
      [GC Worker Start (ms): Min: 2927308.5, Avg: 2927308.5, Max: 2927308.5, Diff: 0.0]
      [Ext Root Scanning (ms): Min: 4.9, Avg: 5.0, Max: 5.1, Diff: 0.2, Sum: 20.0]
      [Update RS (ms): Min: 17.4, Avg: 17.6, Max: 17.8, Diff: 0.4, Sum: 70.4]
         [Processed Buffers: Min: 14, Avg: 30.5, Max: 49, Diff: 35, Sum: 122]
      [Scan RS (ms): Min: 0.1, Avg: 0.3, Max: 0.4, Diff: 0.3, Sum: 1.1]
      [Code Root Scanning (ms): Min: 0.0, Avg: 0.0, Max: 0.0, Diff: 0.0, Sum: 0.1]
      [Object Copy (ms): Min: 64.1, Avg: 64.1, Max: 64.3, Diff: 0.2, Sum: 256.5]
      [Termination (ms): Min: 0.0, Avg: 0.0, Max: 0.1, Diff: 0.1, Sum: 0.1]
         [Termination Attempts: Min: 3, Avg: 6.0, Max: 11, Diff: 8, Sum: 24]
      [GC Worker Other (ms): Min: 0.0, Avg: 0.1, Max: 0.1, Diff: 0.1, Sum: 0.3]
      [GC Worker Total (ms): Min: 87.1, Avg: 87.1, Max: 87.2, Diff: 0.1, Sum: 348.5]
      [GC Worker End (ms): Min: 2927395.5, Avg: 2927395.6, Max: 2927395.7, Diff: 0.1]
   [Code Root Fixup: 0.0 ms]
   [Code Root Purge: 0.0 ms]
   [Clear CT: 0.4 ms]
   [Other: 3.6 ms]
      [Choose CSet: 0.0 ms]
      [Ref Proc: 1.9 ms]
      [Ref Enq: 0.1 ms]
      [Redirty Cards: 0.2 ms]
      [Humongous Register: 0.1 ms]
      [Humongous Reclaim: 0.0 ms]
      [Free CSet: 0.9 ms]
   [Eden: 1016.0M(1016.0M)->0.0B(956.0M) Survivors: 41984.0K->70656.0K Heap: 1620.0M(1868.0M)->632.0M(1868.0M)]
Heap after GC invocations=322 (full 0):
 garbage-first heap   total 1912832K, used 647148K [0x000000008b400000, 0x000000008b503a60, 0x0000000100000000)
  region size 1024K, 69 young (70656K), 69 survivors (70656K)
 Metaspace       used 148017K, capacity 155263K, committed 155568K, reserved 1183744K
  class space    used 19746K, capacity 21111K, committed 21168K, reserved 1048576K
}
 [Times: user=0.30 sys=0.00, real=0.10 secs] 
2020-07-20T09:58:11.464+0000: 2927.400: Total time for which application threads were stopped: 0.0982841 seconds, Stopping threads took: 0.0061947 seconds
{Heap before GC invocations=322 (full 0):
 garbage-first heap   total 1912832K, used 1628140K [0x000000008b400000, 0x000000008b503a60, 0x0000000100000000)
  region size 1024K, 1025 young (1049600K), 69 survivors (70656K)
 Metaspace       used 148017K, capacity 155263K, committed 155568K, reserved 1183744K
  class space    used 19746K, capacity 21111K, committed 21168K, reserved 1048576K
2020-07-20T09:58:14.783+0000: 2930.719: [GC pause (G1 Evacuation Pause) (young)
Desired survivor size 67633152 bytes, new threshold 8 (max 15)
- age   1:   34954000 bytes,   34954000 total
- age   2:   24981712 bytes,   59935712 total
- age   3:    5905744 bytes,   65841456 total
- age   4:     958936 bytes,   66800392 total
- age   5:     122848 bytes,   66923240 total
- age   6:     385880 bytes,   67309120 total
- age   7:     297240 bytes,   67606360 total
- age   8:    1785736 bytes,   69392096 total
- age   9:     222920 bytes,   69615016 total
- age  10:      73424 bytes,   69688440 total
, 0.0697286 secs]
   [Parallel Time: 65.9 ms, GC Workers: 4]
      [GC Worker Start (ms): Min: 2930719.4, Avg: 2930719.4, Max: 2930719.4, Diff: 0.0]
      [Ext Root Scanning (ms): Min: 4.7, Avg: 4.8, Max: 5.0, Diff: 0.2, Sum: 19.3]
      [Update RS (ms): Min: 18.5, Avg: 18.7, Max: 19.1, Diff: 0.6, Sum: 74.7]
         [Processed Buffers: Min: 22, Avg: 34.0, Max: 46, Diff: 24, Sum: 136]
      [Scan RS (ms): Min: 0.1, Avg: 0.3, Max: 0.5, Diff: 0.4, Sum: 1.2]
      [Code Root Scanning (ms): Min: 0.0, Avg: 0.0, Max: 0.0, Diff: 0.0, Sum: 0.1]
      [Object Copy (ms): Min: 41.7, Avg: 41.9, Max: 42.1, Diff: 0.4, Sum: 167.7]
      [Termination (ms): Min: 0.0, Avg: 0.0, Max: 0.1, Diff: 0.1, Sum: 0.1]
         [Termination Attempts: Min: 1, Avg: 4.8, Max: 9, Diff: 8, Sum: 19]
      [GC Worker Other (ms): Min: 0.0, Avg: 0.0, Max: 0.1, Diff: 0.0, Sum: 0.1]
      [GC Worker Total (ms): Min: 65.8, Avg: 65.8, Max: 65.8, Diff: 0.0, Sum: 263.2]
      [GC Worker End (ms): Min: 2930785.2, Avg: 2930785.2, Max: 2930785.2, Diff: 0.0]
   [Code Root Fixup: 0.0 ms]
   [Code Root Purge: 0.0 ms]
   [Clear CT: 0.3 ms]
   [Other: 3.4 ms]
      [Choose CSet: 0.0 ms]
      [Ref Proc: 1.7 ms]
      [Ref Enq: 0.1 ms]
      [Redirty Cards: 0.3 ms]
      [Humongous Register: 0.1 ms]
      [Humongous Reclaim: 0.1 ms]
      [Free CSet: 0.8 ms]
   [Eden: 956.0M(956.0M)->0.0B(1012.0M) Survivors: 70656.0K->43008.0K Heap: 1590.0M(1868.0M)->605.0M(1868.0M)]
Heap after GC invocations=323 (full 0):
 garbage-first heap   total 1912832K, used 619476K [0x000000008b400000, 0x000000008b503a60, 0x0000000100000000)
  region size 1024K, 42 young (43008K), 42 survivors (43008K)
 Metaspace       used 148017K, capacity 155263K, committed 155568K, reserved 1183744K
  class space    used 19746K, capacity 21111K, committed 21168K, reserved 1048576K
}
 [Times: user=0.24 sys=0.00, real=0.07 secs] 
2020-07-20T09:58:14.853+0000: 2930.789: Total time for which application threads were stopped: 0.0706069 seconds, Stopping threads took: 0.0001274 seconds
{Heap before GC invocations=323 (full 0):
 garbage-first heap   total 1912832K, used 1655764K [0x000000008b400000, 0x000000008b503a60, 0x0000000100000000)
  region size 1024K, 1054 young (1079296K), 42 survivors (43008K)
 Metaspace       used 148018K, capacity 155263K, committed 155568K, reserved 1183744K
  class space    used 19746K, capacity 21111K, committed 21168K, reserved 1048576K
2020-07-20T09:58:20.569+0000: 2936.505: [GC pause (G1 Evacuation Pause) (young)
Desired survivor size 69206016 bytes, new threshold 15 (max 15)
- age   1:   23316520 bytes,   23316520 total
- age   2:   15572768 bytes,   38889288 total
- age   3:     313040 bytes,   39202328 total
- age   4:     703248 bytes,   39905576 total
- age   5:     608008 bytes,   40513584 total
- age   6:     114344 bytes,   40627928 total
- age   7:     374160 bytes,   41002088 total
- age   8:     287256 bytes,   41289344 total
, 0.0894171 secs]
   [Parallel Time: 85.3 ms, GC Workers: 4]
      [GC Worker Start (ms): Min: 2936505.2, Avg: 2936505.2, Max: 2936505.2, Diff: 0.1]
      [Ext Root Scanning (ms): Min: 4.8, Avg: 4.8, Max: 5.0, Diff: 0.2, Sum: 19.4]
      [Update RS (ms): Min: 33.1, Avg: 33.3, Max: 33.4, Diff: 0.3, Sum: 133.2]
         [Processed Buffers: Min: 34, Avg: 46.0, Max: 64, Diff: 30, Sum: 184]
      [Scan RS (ms): Min: 0.2, Avg: 0.3, Max: 0.4, Diff: 0.2, Sum: 1.2]
      [Code Root Scanning (ms): Min: 0.0, Avg: 0.0, Max: 0.0, Diff: 0.0, Sum: 0.1]
      [Object Copy (ms): Min: 46.5, Avg: 46.6, Max: 46.7, Diff: 0.2, Sum: 186.6]
      [Termination (ms): Min: 0.0, Avg: 0.0, Max: 0.0, Diff: 0.0, Sum: 0.1]
         [Termination Attempts: Min: 6, Avg: 15.8, Max: 28, Diff: 22, Sum: 63]
      [GC Worker Other (ms): Min: 0.0, Avg: 0.1, Max: 0.1, Diff: 0.1, Sum: 0.3]
      [GC Worker Total (ms): Min: 85.2, Avg: 85.2, Max: 85.2, Diff: 0.1, Sum: 340.7]
      [GC Worker End (ms): Min: 2936590.3, Avg: 2936590.4, Max: 2936590.4, Diff: 0.1]
   [Code Root Fixup: 0.0 ms]
   [Code Root Purge: 0.0 ms]
   [Clear CT: 0.4 ms]
   [Other: 3.6 ms]
      [Choose CSet: 0.0 ms]
      [Ref Proc: 1.9 ms]
      [Ref Enq: 0.1 ms]
      [Redirty Cards: 0.3 ms]
      [Humongous Register: 0.1 ms]
      [Humongous Reclaim: 0.0 ms]
      [Free CSet: 0.9 ms]
   [Eden: 1012.0M(1012.0M)->0.0B(1006.0M) Survivors: 43008.0K->46080.0K Heap: 1617.0M(1868.0M)->608.0M(1868.0M)]
Heap after GC invocations=324 (full 0):
 garbage-first heap   total 1912832K, used 622548K [0x000000008b400000, 0x000000008b503a60, 0x0000000100000000)
  region size 1024K, 45 young (46080K), 45 survivors (46080K)
 Metaspace       used 148018K, capacity 155263K, committed 155568K, reserved 1183744K
  class space    used 19746K, capacity 21111K, committed 21168K, reserved 1048576K
}
 [Times: user=0.28 sys=0.01, real=0.09 secs] 
2020-07-20T09:58:20.659+0000: 2936.595: Total time for which application threads were stopped: 0.0903807 seconds, Stopping threads took: 0.0001355 seconds
{Heap before GC invocations=324 (full 0):
 garbage-first heap   total 1912832K, used 1652692K [0x000000008b400000, 0x000000008b503a60, 0x0000000100000000)
  region size 1024K, 1051 young (1076224K), 45 survivors (46080K)
 Metaspace       used 148018K, capacity 155263K, committed 155568K, reserved 1183744K
  class space    used 19746K, capacity 21111K, committed 21168K, reserved 1048576K
2020-07-20T09:58:26.515+0000: 2942.451: [GC pause (G1 Evacuation Pause) (young)
Desired survivor size 69206016 bytes, new threshold 15 (max 15)
- age   1:    9256744 bytes,    9256744 total
- age   2:   18301792 bytes,   27558536 total
- age   3:   15564336 bytes,   43122872 total
- age   4:     310152 bytes,   43433024 total
- age   5:     694752 bytes,   44127776 total
- age   6:     604792 bytes,   44732568 total
- age   7:     105936 bytes,   44838504 total
- age   8:     369608 bytes,   45208112 total
- age   9:     282560 bytes,   45490672 total
, 0.0778331 secs]
   [Parallel Time: 73.3 ms, GC Workers: 4]
      [GC Worker Start (ms): Min: 2942451.4, Avg: 2942451.5, Max: 2942451.5, Diff: 0.1]
      [Ext Root Scanning (ms): Min: 4.8, Avg: 4.9, Max: 5.0, Diff: 0.2, Sum: 19.7]
      [Update RS (ms): Min: 26.0, Avg: 26.2, Max: 26.7, Diff: 0.7, Sum: 104.7]
         [Processed Buffers: Min: 23, Avg: 40.5, Max: 72, Diff: 49, Sum: 162]
      [Scan RS (ms): Min: 0.2, Avg: 0.3, Max: 0.3, Diff: 0.2, Sum: 1.2]
      [Code Root Scanning (ms): Min: 0.0, Avg: 0.0, Max: 0.0, Diff: 0.0, Sum: 0.1]
      [Object Copy (ms): Min: 41.2, Avg: 41.7, Max: 41.9, Diff: 0.7, Sum: 166.6]
      [Termination (ms): Min: 0.0, Avg: 0.0, Max: 0.1, Diff: 0.1, Sum: 0.2]
         [Termination Attempts: Min: 12, Avg: 17.5, Max: 21, Diff: 9, Sum: 70]
      [GC Worker Other (ms): Min: 0.0, Avg: 0.0, Max: 0.1, Diff: 0.0, Sum: 0.2]
      [GC Worker Total (ms): Min: 73.1, Avg: 73.1, Max: 73.2, Diff: 0.1, Sum: 292.5]
      [GC Worker End (ms): Min: 2942524.6, Avg: 2942524.6, Max: 2942524.6, Diff: 0.0]
   [Code Root Fixup: 0.0 ms]
   [Code Root Purge: 0.0 ms]
   [Clear CT: 0.3 ms]
   [Other: 4.2 ms]
      [Choose CSet: 0.0 ms]
      [Ref Proc: 2.1 ms]
      [Ref Enq: 0.2 ms]
      [Redirty Cards: 0.4 ms]
      [Humongous Register: 0.1 ms]
      [Humongous Reclaim: 0.0 ms]
      [Free CSet: 0.9 ms]
   [Eden: 1006.0M(1006.0M)->0.0B(1004.0M) Survivors: 46080.0K->47104.0K Heap: 1614.0M(1868.0M)->608.5M(1868.0M)]
Heap after GC invocations=325 (full 0):
 garbage-first heap   total 1912832K, used 623060K [0x000000008b400000, 0x000000008b503a60, 0x0000000100000000)
  region size 1024K, 46 young (47104K), 46 survivors (47104K)
 Metaspace       used 148018K, capacity 155263K, committed 155568K, reserved 1183744K
  class space    used 19746K, capacity 21111K, committed 21168K, reserved 1048576K
}
 [Times: user=0.27 sys=0.00, real=0.08 secs] 
2020-07-20T09:58:26.593+0000: 2942.529: Total time for which application threads were stopped: 0.0787280 seconds, Stopping threads took: 0.0001274 seconds
{Heap before GC invocations=325 (full 0):
 garbage-first heap   total 1912832K, used 1653204K [0x000000008b400000, 0x000000008b503a60, 0x0000000100000000)
  region size 1024K, 1050 young (1075200K), 46 survivors (47104K)
 Metaspace       used 148020K, capacity 155263K, committed 155568K, reserved 1183744K
  class space    used 19746K, capacity 21111K, committed 21168K, reserved 1048576K
2020-07-20T09:58:31.094+0000: 2947.029: [GC pause (G1 Evacuation Pause) (young)
Desired survivor size 69206016 bytes, new threshold 15 (max 15)
- age   1:    6559736 bytes,    6559736 total
- age   2:    3984048 bytes,   10543784 total
- age   3:   18285968 bytes,   28829752 total
- age   4:   15564096 bytes,   44393848 total
- age   5:     310120 bytes,   44703968 total
- age   6:     694688 bytes,   45398656 total
- age   7:     601592 bytes,   46000248 total
- age   8:     105936 bytes,   46106184 total
- age   9:     368552 bytes,   46474736 total
- age  10:     282336 bytes,   46757072 total
, 0.0999042 secs]
   [Parallel Time: 95.0 ms, GC Workers: 4]
      [GC Worker Start (ms): Min: 2947029.8, Avg: 2947029.9, Max: 2947029.9, Diff: 0.1]
      [Ext Root Scanning (ms): Min: 6.3, Avg: 6.5, Max: 6.8, Diff: 0.5, Sum: 26.0]
      [Update RS (ms): Min: 30.8, Avg: 31.0, Max: 31.4, Diff: 0.6, Sum: 123.9]
         [Processed Buffers: Min: 24, Avg: 41.5, Max: 62, Diff: 38, Sum: 166]
      [Scan RS (ms): Min: 0.2, Avg: 0.3, Max: 0.5, Diff: 0.3, Sum: 1.3]
      [Code Root Scanning (ms): Min: 0.0, Avg: 0.0, Max: 0.0, Diff: 0.0, Sum: 0.1]
      [Object Copy (ms): Min: 56.7, Avg: 56.9, Max: 57.2, Diff: 0.5, Sum: 227.8]
      [Termination (ms): Min: 0.0, Avg: 0.1, Max: 0.1, Diff: 0.1, Sum: 0.2]
         [Termination Attempts: Min: 1, Avg: 10.0, Max: 16, Diff: 15, Sum: 40]
      [GC Worker Other (ms): Min: 0.0, Avg: 0.0, Max: 0.1, Diff: 0.0, Sum: 0.1]
      [GC Worker Total (ms): Min: 94.8, Avg: 94.9, Max: 94.9, Diff: 0.1, Sum: 379.4]
      [GC Worker End (ms): Min: 2947124.7, Avg: 2947124.7, Max: 2947124.7, Diff: 0.0]
   [Code Root Fixup: 0.0 ms]
   [Code Root Purge: 0.0 ms]
   [Clear CT: 0.4 ms]
   [Other: 4.5 ms]
      [Choose CSet: 0.0 ms]
      [Ref Proc: 2.6 ms]
      [Ref Enq: 0.1 ms]
      [Redirty Cards: 0.4 ms]
      [Humongous Register: 0.1 ms]
      [Humongous Reclaim: 0.0 ms]
      [Free CSet: 0.9 ms]
   [Eden: 1004.0M(1004.0M)->0.0B(970.0M) Survivors: 47104.0K->62464.0K Heap: 1614.5M(1868.0M)->626.0M(1868.0M)]
Heap after GC invocations=326 (full 0):
 garbage-first heap   total 1912832K, used 640980K [0x000000008b400000, 0x000000008b503a60, 0x0000000100000000)
  region size 1024K, 61 young (62464K), 61 survivors (62464K)
 Metaspace       used 148020K, capacity 155263K, committed 155568K, reserved 1183744K
  class space    used 19746K, capacity 21111K, committed 21168K, reserved 1048576K
}
 [Times: user=0.32 sys=0.00, real=0.10 secs] 
2020-07-20T09:58:31.194+0000: 2947.130: Total time for which application threads were stopped: 0.1074281 seconds, Stopping threads took: 0.0061500 seconds
{Heap before GC invocations=326 (full 0):
 garbage-first heap   total 1912832K, used 1634260K [0x000000008b400000, 0x000000008b503a60, 0x0000000100000000)
  region size 1024K, 1031 young (1055744K), 61 survivors (62464K)
 Metaspace       used 148021K, capacity 155263K, committed 155568K, reserved 1183744K
  class space    used 19746K, capacity 21111K, committed 21168K, reserved 1048576K
2020-07-20T09:58:34.210+0000: 2950.146: [GC pause (G1 Evacuation Pause) (young)
Desired survivor size 67633152 bytes, new threshold 15 (max 15)
- age   1:   21729496 bytes,   21729496 total
- age   2:    1374584 bytes,   23104080 total
- age   3:    3951296 bytes,   27055376 total
- age   4:   18264664 bytes,   45320040 total
- age   5:   14181864 bytes,   59501904 total
- age   6:     309896 bytes,   59811800 total
- age   7:     694576 bytes,   60506376 total
- age   8:     588392 bytes,   61094768 total
- age   9:      87752 bytes,   61182520 total
- age  10:     368256 bytes,   61550776 total
- age  11:     282280 bytes,   61833056 total
, 0.0787499 secs]
   [Parallel Time: 74.4 ms, GC Workers: 4]
      [GC Worker Start (ms): Min: 2950146.1, Avg: 2950146.2, Max: 2950146.2, Diff: 0.1]
      [Ext Root Scanning (ms): Min: 4.8, Avg: 4.9, Max: 5.0, Diff: 0.2, Sum: 19.6]
      [Update RS (ms): Min: 26.5, Avg: 26.6, Max: 26.7, Diff: 0.1, Sum: 106.4]
         [Processed Buffers: Min: 20, Avg: 37.2, Max: 50, Diff: 30, Sum: 149]
      [Scan RS (ms): Min: 0.2, Avg: 0.3, Max: 0.3, Diff: 0.1, Sum: 1.2]
      [Code Root Scanning (ms): Min: 0.0, Avg: 0.0, Max: 0.0, Diff: 0.0, Sum: 0.1]
      [Object Copy (ms): Min: 42.2, Avg: 42.3, Max: 42.4, Diff: 0.1, Sum: 169.1]
      [Termination (ms): Min: 0.0, Avg: 0.0, Max: 0.0, Diff: 0.0, Sum: 0.0]
         [Termination Attempts: Min: 1, Avg: 1.0, Max: 1, Diff: 0, Sum: 4]
      [GC Worker Other (ms): Min: 0.1, Avg: 0.1, Max: 0.1, Diff: 0.0, Sum: 0.3]
      [GC Worker Total (ms): Min: 74.1, Avg: 74.2, Max: 74.2, Diff: 0.1, Sum: 296.7]
      [GC Worker End (ms): Min: 2950220.3, Avg: 2950220.3, Max: 2950220.4, Diff: 0.1]
   [Code Root Fixup: 0.0 ms]
   [Code Root Purge: 0.0 ms]
   [Clear CT: 0.4 ms]
   [Other: 3.9 ms]
      [Choose CSet: 0.0 ms]
      [Ref Proc: 2.1 ms]
      [Ref Enq: 0.1 ms]
      [Redirty Cards: 0.4 ms]
      [Humongous Register: 0.1 ms]
      [Humongous Reclaim: 0.0 ms]
      [Free CSet: 0.8 ms]
   [Eden: 970.0M(970.0M)->0.0B(1006.0M) Survivors: 62464.0K->46080.0K Heap: 1596.0M(1868.0M)->607.5M(1868.0M)]
Heap after GC invocations=327 (full 0):
 garbage-first heap   total 1912832K, used 622036K [0x000000008b400000, 0x000000008b503a60, 0x0000000100000000)
  region size 1024K, 45 young (46080K), 45 survivors (46080K)
 Metaspace       used 148021K, capacity 155263K, committed 155568K, reserved 1183744K
  class space    used 19746K, capacity 21111K, committed 21168K, reserved 1048576K
}
 [Times: user=0.26 sys=0.00, real=0.08 secs] 
2020-07-20T09:58:34.289+0000: 2950.225: Total time for which application threads were stopped: 0.0813330 seconds, Stopping threads took: 0.0017160 seconds
{Heap before GC invocations=327 (full 0):
 garbage-first heap   total 1912832K, used 1656276K [0x000000008b400000, 0x000000008b503a60, 0x0000000100000000)
  region size 1024K, 1051 young (1076224K), 45 survivors (46080K)
 Metaspace       used 148025K, capacity 155263K, committed 155568K, reserved 1183744K
  class space    used 19746K, capacity 21111K, committed 21168K, reserved 1048576K
2020-07-20T09:58:37.282+0000: 2953.217: [GC pause (G1 Evacuation Pause) (young)
Desired survivor size 69206016 bytes, new threshold 15 (max 15)
- age   1:   26953672 bytes,   26953672 total
- age   2:    9154304 bytes,   36107976 total
- age   3:    1242184 bytes,   37350160 total
- age   4:    3950176 bytes,   41300336 total
- age   5:    1079336 bytes,   42379672 total
- age   6:     538088 bytes,   42917760 total
- age   7:     309656 bytes,   43227416 total
- age   8:     693560 bytes,   43920976 total
- age   9:     569488 bytes,   44490464 total
- age  10:      86384 bytes,   44576848 total
- age  11:     367816 bytes,   44944664 total
- age  12:     282216 bytes,   45226880 total
, 0.0961934 secs]
   [Parallel Time: 92.2 ms, GC Workers: 4]
      [GC Worker Start (ms): Min: 2953217.7, Avg: 2953217.7, Max: 2953217.7, Diff: 0.1]
      [Ext Root Scanning (ms): Min: 4.9, Avg: 5.0, Max: 5.1, Diff: 0.2, Sum: 20.0]
      [Update RS (ms): Min: 24.9, Avg: 25.2, Max: 26.0, Diff: 1.1, Sum: 101.0]
         [Processed Buffers: Min: 24, Avg: 38.2, Max: 55, Diff: 31, Sum: 153]
      [Scan RS (ms): Min: 0.2, Avg: 0.3, Max: 0.4, Diff: 0.2, Sum: 1.2]
      [Code Root Scanning (ms): Min: 0.0, Avg: 0.0, Max: 0.1, Diff: 0.1, Sum: 0.1]
      [Object Copy (ms): Min: 60.9, Avg: 61.5, Max: 61.8, Diff: 0.9, Sum: 245.8]
      [Termination (ms): Min: 0.0, Avg: 0.0, Max: 0.0, Diff: 0.0, Sum: 0.0]
         [Termination Attempts: Min: 1, Avg: 1.8, Max: 3, Diff: 2, Sum: 7]
      [GC Worker Other (ms): Min: 0.1, Avg: 0.1, Max: 0.1, Diff: 0.1, Sum: 0.4]
      [GC Worker Total (ms): Min: 92.1, Avg: 92.1, Max: 92.1, Diff: 0.0, Sum: 368.5]
      [GC Worker End (ms): Min: 2953309.8, Avg: 2953309.8, Max: 2953309.8, Diff: 0.0]
   [Code Root Fixup: 0.0 ms]
   [Code Root Purge: 0.0 ms]
   [Clear CT: 0.4 ms]
   [Other: 3.5 ms]
      [Choose CSet: 0.0 ms]
      [Ref Proc: 1.7 ms]
      [Ref Enq: 0.1 ms]
      [Redirty Cards: 0.3 ms]
      [Humongous Register: 0.1 ms]
      [Humongous Reclaim: 0.0 ms]
      [Free CSet: 0.8 ms]
   [Eden: 1006.0M(1006.0M)->0.0B(968.0M) Survivors: 46080.0K->63488.0K Heap: 1617.5M(1868.0M)->626.5M(1868.0M)]
Heap after GC invocations=328 (full 0):
 garbage-first heap   total 1912832K, used 641492K [0x000000008b400000, 0x000000008b503a60, 0x0000000100000000)
  region size 1024K, 62 young (63488K), 62 survivors (63488K)
 Metaspace       used 148025K, capacity 155263K, committed 155568K, reserved 1183744K
  class space    used 19746K, capacity 21111K, committed 21168K, reserved 1048576K
}
 [Times: user=0.31 sys=0.00, real=0.09 secs] 
2020-07-20T09:58:37.378+0000: 2953.314: Total time for which application threads were stopped: 0.1082993 seconds, Stopping threads took: 0.0112626 seconds
{Heap before GC invocations=328 (full 0):
 garbage-first heap   total 1912832K, used 1632724K [0x000000008b400000, 0x000000008b503a60, 0x0000000100000000)
  region size 1024K, 1030 young (1054720K), 62 survivors (63488K)
 Metaspace       used 148025K, capacity 155263K, committed 155568K, reserved 1183744K
  class space    used 19746K, capacity 21111K, committed 21168K, reserved 1048576K
2020-07-20T09:58:40.326+0000: 2956.262: [GC pause (G1 Evacuation Pause) (young)
Desired survivor size 67633152 bytes, new threshold 15 (max 15)
- age   1:   24624688 bytes,   24624688 total
- age   2:   19631120 bytes,   44255808 total
- age   3:    9148512 bytes,   53404320 total
- age   4:    1241608 bytes,   54645928 total
- age   5:    3949904 bytes,   58595832 total
- age   6:    1078848 bytes,   59674680 total
- age   7:     537024 bytes,   60211704 total
- age   8:     304096 bytes,   60515800 total
- age   9:     688888 bytes,   61204688 total
- age  10:     562128 bytes,   61766816 total
- age  11:      86256 bytes,   61853072 total
- age  12:     367640 bytes,   62220712 total
- age  13:     282152 bytes,   62502864 total
, 0.0883361 secs]
   [Parallel Time: 83.7 ms, GC Workers: 4]
      [GC Worker Start (ms): Min: 2956261.9, Avg: 2956262.0, Max: 2956262.0, Diff: 0.1]
      [Ext Root Scanning (ms): Min: 5.4, Avg: 5.5, Max: 5.7, Diff: 0.3, Sum: 22.0]
      [Update RS (ms): Min: 26.9, Avg: 27.0, Max: 27.1, Diff: 0.1, Sum: 108.1]
         [Processed Buffers: Min: 21, Avg: 38.8, Max: 63, Diff: 42, Sum: 155]
      [Scan RS (ms): Min: 0.8, Avg: 0.9, Max: 1.0, Diff: 0.2, Sum: 3.6]
      [Code Root Scanning (ms): Min: 0.0, Avg: 0.0, Max: 0.0, Diff: 0.0, Sum: 0.1]
      [Object Copy (ms): Min: 49.8, Avg: 50.0, Max: 50.1, Diff: 0.4, Sum: 199.8]
      [Termination (ms): Min: 0.0, Avg: 0.1, Max: 0.1, Diff: 0.1, Sum: 0.3]
         [Termination Attempts: Min: 8, Avg: 14.0, Max: 20, Diff: 12, Sum: 56]
      [GC Worker Other (ms): Min: 0.0, Avg: 0.1, Max: 0.1, Diff: 0.0, Sum: 0.2]
      [GC Worker Total (ms): Min: 83.4, Avg: 83.5, Max: 83.6, Diff: 0.1, Sum: 334.0]
      [GC Worker End (ms): Min: 2956345.4, Avg: 2956345.5, Max: 2956345.5, Diff: 0.1]
   [Code Root Fixup: 0.0 ms]
   [Code Root Purge: 0.0 ms]
   [Clear CT: 0.4 ms]
   [Other: 4.2 ms]
      [Choose CSet: 0.0 ms]
      [Ref Proc: 2.3 ms]
      [Ref Enq: 0.1 ms]
      [Redirty Cards: 0.4 ms]
      [Humongous Register: 0.1 ms]
      [Humongous Reclaim: 0.0 ms]
      [Free CSet: 0.8 ms]
   [Eden: 968.0M(968.0M)->0.0B(988.0M) Survivors: 63488.0K->53248.0K Heap: 1594.5M(1868.0M)->617.0M(1868.0M)]
Heap after GC invocations=329 (full 0):
 garbage-first heap   total 1912832K, used 631764K [0x000000008b400000, 0x000000008b503a60, 0x0000000100000000)
  region size 1024K, 52 young (53248K), 52 survivors (53248K)
 Metaspace       used 148025K, capacity 155263K, committed 155568K, reserved 1183744K
  class space    used 19746K, capacity 21111K, committed 21168K, reserved 1048576K
}
 [Times: user=0.29 sys=0.00, real=0.09 secs] 
2020-07-20T09:58:40.414+0000: 2956.350: Total time for which application threads were stopped: 0.0909511 seconds, Stopping threads took: 0.0014455 seconds
{Heap before GC invocations=329 (full 0):
 garbage-first heap   total 1912832K, used 1645524K [0x000000008b400000, 0x000000008b503a60, 0x0000000100000000)
  region size 1024K, 1040 young (1064960K), 52 survivors (53248K)
 Metaspace       used 148025K, capacity 155263K, committed 155568K, reserved 1183744K
  class space    used 19746K, capacity 21111K, committed 21168K, reserved 1048576K
2020-07-20T09:58:42.961+0000: 2958.897: [GC pause (G1 Evacuation Pause) (young)
Desired survivor size 68157440 bytes, new threshold 15 (max 15)
- age   1:   29497760 bytes,   29497760 total
- age   2:   12741648 bytes,   42239408 total
- age   3:     539192 bytes,   42778600 total
- age   4:     933320 bytes,   43711920 total
- age   5:    1240216 bytes,   44952136 total
- age   6:    3949760 bytes,   48901896 total
- age   7:    1078120 bytes,   49980016 total
- age   8:     533512 bytes,   50513528 total
- age   9:     303176 bytes,   50816704 total
- age  10:     682720 bytes,   51499424 total
- age  11:     562000 bytes,   52061424 total
- age  12:      86160 bytes,   52147584 total
- age  13:     268560 bytes,   52416144 total
- age  14:     219168 bytes,   52635312 total
, 0.0699681 secs]
   [Parallel Time: 65.9 ms, GC Workers: 4]
      [GC Worker Start (ms): Min: 2958897.5, Avg: 2958897.6, Max: 2958897.6, Diff: 0.1]
      [Ext Root Scanning (ms): Min: 4.7, Avg: 4.9, Max: 5.0, Diff: 0.3, Sum: 19.4]
      [Update RS (ms): Min: 24.3, Avg: 24.5, Max: 24.7, Diff: 0.3, Sum: 97.9]
         [Processed Buffers: Min: 18, Avg: 34.8, Max: 49, Diff: 31, Sum: 139]
      [Scan RS (ms): Min: 2.0, Avg: 2.1, Max: 2.2, Diff: 0.3, Sum: 8.5]
      [Code Root Scanning (ms): Min: 0.0, Avg: 0.0, Max: 0.0, Diff: 0.0, Sum: 0.1]
      [Object Copy (ms): Min: 34.1, Avg: 34.2, Max: 34.3, Diff: 0.3, Sum: 136.7]
      [Termination (ms): Min: 0.0, Avg: 0.0, Max: 0.0, Diff: 0.0, Sum: 0.0]
         [Termination Attempts: Min: 1, Avg: 1.0, Max: 1, Diff: 0, Sum: 4]
      [GC Worker Other (ms): Min: 0.0, Avg: 0.1, Max: 0.1, Diff: 0.1, Sum: 0.3]
      [GC Worker Total (ms): Min: 65.7, Avg: 65.7, Max: 65.8, Diff: 0.1, Sum: 263.0]
      [GC Worker End (ms): Min: 2958963.3, Avg: 2958963.3, Max: 2958963.4, Diff: 0.1]
   [Code Root Fixup: 0.0 ms]
   [Code Root Purge: 0.0 ms]
   [Clear CT: 0.4 ms]
   [Other: 3.7 ms]
      [Choose CSet: 0.0 ms]
      [Ref Proc: 1.8 ms]
      [Ref Enq: 0.1 ms]
      [Redirty Cards: 0.3 ms]
      [Humongous Register: 0.1 ms]
      [Humongous Reclaim: 0.1 ms]
      [Free CSet: 0.9 ms]
   [Eden: 988.0M(988.0M)->0.0B(1024.0M) Survivors: 53248.0K->34816.0K Heap: 1607.0M(1868.0M)->599.0M(1868.0M)]
Heap after GC invocations=330 (full 0):
 garbage-first heap   total 1912832K, used 613332K [0x000000008b400000, 0x000000008b503a60, 0x0000000100000000)
  region size 1024K, 34 young (34816K), 34 survivors (34816K)
 Metaspace       used 148025K, capacity 155263K, committed 155568K, reserved 1183744K
  class space    used 19746K, capacity 21111K, committed 21168K, reserved 1048576K
}
 [Times: user=0.22 sys=0.00, real=0.06 secs] 
2020-07-20T09:58:43.032+0000: 2958.968: Total time for which application threads were stopped: 0.0717680 seconds, Stopping threads took: 0.0009461 seconds
{Heap before GC invocations=330 (full 0):
 garbage-first heap   total 1912832K, used 1661908K [0x000000008b400000, 0x000000008b503a60, 0x0000000100000000)
  region size 1024K, 1058 young (1083392K), 34 survivors (34816K)
 Metaspace       used 148025K, capacity 155263K, committed 155568K, reserved 1183744K
  class space    used 19746K, capacity 21111K, committed 21168K, reserved 1048576K
2020-07-20T09:58:46.237+0000: 2962.173: [GC pause (G1 Evacuation Pause) (young)
Desired survivor size 69730304 bytes, new threshold 15 (max 15)
- age   1:   22078472 bytes,   22078472 total
- age   2:    1086952 bytes,   23165424 total
- age   3:     413408 bytes,   23578832 total
- age   4:     538624 bytes,   24117456 total
- age   5:     931912 bytes,   25049368 total
- age   6:    1239576 bytes,   26288944 total
- age   7:    3949712 bytes,   30238656 total
- age   8:    1070296 bytes,   31308952 total
- age   9:     533408 bytes,   31842360 total
- age  10:     303112 bytes,   32145472 total
- age  11:     682224 bytes,   32827696 total
- age  12:     561888 bytes,   33389584 total
- age  13:      86064 bytes,   33475648 total
- age  14:     263168 bytes,   33738816 total
- age  15:     213904 bytes,   33952720 total
, 0.0857788 secs]
   [Parallel Time: 81.4 ms, GC Workers: 4]
      [GC Worker Start (ms): Min: 2962173.6, Avg: 2962173.6, Max: 2962173.6, Diff: 0.1]
      [Ext Root Scanning (ms): Min: 4.9, Avg: 5.0, Max: 5.1, Diff: 0.3, Sum: 20.0]
      [Update RS (ms): Min: 27.2, Avg: 27.4, Max: 27.8, Diff: 0.6, Sum: 109.4]
         [Processed Buffers: Min: 15, Avg: 39.2, Max: 61, Diff: 46, Sum: 157]
      [Scan RS (ms): Min: 0.8, Avg: 1.2, Max: 1.4, Diff: 0.6, Sum: 4.8]
      [Code Root Scanning (ms): Min: 0.0, Avg: 0.0, Max: 0.0, Diff: 0.0, Sum: 0.1]
      [Object Copy (ms): Min: 47.5, Avg: 47.5, Max: 47.6, Diff: 0.1, Sum: 190.1]
      [Termination (ms): Min: 0.0, Avg: 0.0, Max: 0.0, Diff: 0.0, Sum: 0.0]
         [Termination Attempts: Min: 1, Avg: 1.0, Max: 1, Diff: 0, Sum: 4]
      [GC Worker Other (ms): Min: 0.0, Avg: 0.1, Max: 0.1, Diff: 0.1, Sum: 0.4]
      [GC Worker Total (ms): Min: 81.1, Avg: 81.2, Max: 81.2, Diff: 0.1, Sum: 324.7]
      [GC Worker End (ms): Min: 2962254.7, Avg: 2962254.8, Max: 2962254.8, Diff: 0.1]
   [Code Root Fixup: 0.0 ms]
   [Code Root Purge: 0.0 ms]
   [Clear CT: 0.4 ms]
   [Other: 4.0 ms]
      [Choose CSet: 0.0 ms]
      [Ref Proc: 2.1 ms]
      [Ref Enq: 0.1 ms]
      [Redirty Cards: 0.4 ms]
      [Humongous Register: 0.1 ms]
      [Humongous Reclaim: 0.0 ms]
      [Free CSet: 0.9 ms]
   [Eden: 1024.0M(1024.0M)->0.0B(983.0M) Survivors: 34816.0K->55296.0K Heap: 1623.0M(1868.0M)->618.7M(1868.0M)]
Heap after GC invocations=331 (full 0):
 garbage-first heap   total 1912832K, used 633512K [0x000000008b400000, 0x000000008b503a60, 0x0000000100000000)
  region size 1024K, 54 young (55296K), 54 survivors (55296K)
 Metaspace       used 148025K, capacity 155263K, committed 155568K, reserved 1183744K
  class space    used 19746K, capacity 21111K, committed 21168K, reserved 1048576K
}
 [Times: user=0.28 sys=0.01, real=0.09 secs] 
2020-07-20T09:58:46.324+0000: 2962.259: Total time for which application threads were stopped: 0.0908611 seconds, Stopping threads took: 0.0042608 seconds
{Heap before GC invocations=331 (full 0):
 garbage-first heap   total 1912832K, used 1642152K [0x000000008b400000, 0x000000008b503a60, 0x0000000100000000)
  region size 1024K, 1037 young (1061888K), 54 survivors (55296K)
 Metaspace       used 148025K, capacity 155263K, committed 155568K, reserved 1183744K
  class space    used 19746K, capacity 21111K, committed 21168K, reserved 1048576K
2020-07-20T09:58:48.943+0000: 2964.879: [GC pause (G1 Evacuation Pause) (young)
Desired survivor size 68157440 bytes, new threshold 15 (max 15)
- age   1:   28792072 bytes,   28792072 total
- age   2:   14807432 bytes,   43599504 total
- age   3:    1009952 bytes,   44609456 total
- age   4:     411896 bytes,   45021352 total
- age   5:     529192 bytes,   45550544 total
- age   6:     929568 bytes,   46480112 total
- age   7:    1239304 bytes,   47719416 total
- age   8:    3556832 bytes,   51276248 total
- age   9:    1053776 bytes,   52330024 total
- age  10:     531736 bytes,   52861760 total
- age  11:     303016 bytes,   53164776 total
- age  12:     682096 bytes,   53846872 total
- age  13:     556728 bytes,   54403600 total
- age  14:      81928 bytes,   54485528 total
- age  15:     261704 bytes,   54747232 total
, 0.0716631 secs]
   [Parallel Time: 67.3 ms, GC Workers: 4]
      [GC Worker Start (ms): Min: 2964879.2, Avg: 2964879.3, Max: 2964879.3, Diff: 0.1]
      [Ext Root Scanning (ms): Min: 4.9, Avg: 5.0, Max: 5.2, Diff: 0.2, Sum: 20.0]
      [Update RS (ms): Min: 22.0, Avg: 22.1, Max: 22.6, Diff: 0.6, Sum: 88.5]
         [Processed Buffers: Min: 15, Avg: 32.5, Max: 47, Diff: 32, Sum: 130]
      [Scan RS (ms): Min: 2.3, Avg: 2.7, Max: 2.8, Diff: 0.5, Sum: 10.6]
      [Code Root Scanning (ms): Min: 0.0, Avg: 0.0, Max: 0.0, Diff: 0.0, Sum: 0.1]
      [Object Copy (ms): Min: 35.4, Avg: 35.8, Max: 37.1, Diff: 1.7, Sum: 143.4]
      [Termination (ms): Min: 0.0, Avg: 1.5, Max: 2.0, Diff: 2.0, Sum: 5.8]
         [Termination Attempts: Min: 1, Avg: 3.5, Max: 5, Diff: 4, Sum: 14]
      [GC Worker Other (ms): Min: 0.0, Avg: 0.0, Max: 0.0, Diff: 0.0, Sum: 0.1]
      [GC Worker Total (ms): Min: 67.1, Avg: 67.1, Max: 67.2, Diff: 0.0, Sum: 268.5]
      [GC Worker End (ms): Min: 2964946.4, Avg: 2964946.4, Max: 2964946.4, Diff: 0.1]
   [Code Root Fixup: 0.0 ms]
   [Code Root Purge: 0.0 ms]
   [Clear CT: 0.4 ms]
   [Other: 3.9 ms]
      [Choose CSet: 0.0 ms]
      [Ref Proc: 2.0 ms]
      [Ref Enq: 0.1 ms]
      [Redirty Cards: 0.3 ms]
      [Humongous Register: 0.1 ms]
      [Humongous Reclaim: 0.1 ms]
      [Free CSet: 0.9 ms]
   [Eden: 983.0M(983.0M)->0.0B(1009.0M) Survivors: 55296.0K->41984.0K Heap: 1603.7M(1868.0M)->606.0M(1868.0M)]
Heap after GC invocations=332 (full 0):
 garbage-first heap   total 1912832K, used 620539K [0x000000008b400000, 0x000000008b503a60, 0x0000000100000000)
  region size 1024K, 41 young (41984K), 41 survivors (41984K)
 Metaspace       used 148025K, capacity 155263K, committed 155568K, reserved 1183744K
  class space    used 19746K, capacity 21111K, committed 21168K, reserved 1048576K
}
 [Times: user=0.23 sys=0.01, real=0.07 secs] 
2020-07-20T09:58:49.015+0000: 2964.951: Total time for which application threads were stopped: 0.0788399 seconds, Stopping threads took: 0.0062789 seconds
{Heap before GC invocations=332 (full 0):
 garbage-first heap   total 1912832K, used 1655803K [0x000000008b400000, 0x000000008b503a60, 0x0000000100000000)
  region size 1024K, 1050 young (1075200K), 41 survivors (41984K)
 Metaspace       used 148025K, capacity 155263K, committed 155568K, reserved 1183744K
  class space    used 19746K, capacity 21111K, committed 21168K, reserved 1048576K
2020-07-20T09:58:51.741+0000: 2967.677: [GC pause (G1 Evacuation Pause) (young)
Desired survivor size 69206016 bytes, new threshold 15 (max 15)
- age   1:   26807112 bytes,   26807112 total
- age   2:    1965160 bytes,   28772272 total
- age   3:    1078152 bytes,   29850424 total
- age   4:    1009736 bytes,   30860160 total
- age   5:     410368 bytes,   31270528 total
- age   6:     525544 bytes,   31796072 total
- age   7:     918832 bytes,   32714904 total
- age   8:    1238680 bytes,   33953584 total
- age   9:    2428368 bytes,   36381952 total
- age  10:    1053440 bytes,   37435392 total
- age  11:     531640 bytes,   37967032 total
- age  12:     302824 bytes,   38269856 total
- age  13:     682032 bytes,   38951888 total
- age  14:     556696 bytes,   39508584 total
- age  15:      81896 bytes,   39590480 total
, 0.0873155 secs]
   [Parallel Time: 82.5 ms, GC Workers: 4]
      [GC Worker Start (ms): Min: 2967677.5, Avg: 2967677.6, Max: 2967677.6, Diff: 0.1]
      [Ext Root Scanning (ms): Min: 5.1, Avg: 5.1, Max: 5.3, Diff: 0.2, Sum: 20.5]
      [Update RS (ms): Min: 27.2, Avg: 27.3, Max: 27.4, Diff: 0.2, Sum: 109.3]
         [Processed Buffers: Min: 26, Avg: 37.5, Max: 46, Diff: 20, Sum: 150]
      [Scan RS (ms): Min: 1.6, Avg: 1.7, Max: 1.8, Diff: 0.2, Sum: 6.6]
      [Code Root Scanning (ms): Min: 0.0, Avg: 0.0, Max: 0.0, Diff: 0.0, Sum: 0.1]
      [Object Copy (ms): Min: 48.1, Avg: 48.2, Max: 48.3, Diff: 0.2, Sum: 192.8]
      [Termination (ms): Min: 0.0, Avg: 0.0, Max: 0.0, Diff: 0.0, Sum: 0.1]
         [Termination Attempts: Min: 10, Avg: 13.2, Max: 15, Diff: 5, Sum: 53]
      [GC Worker Other (ms): Min: 0.0, Avg: 0.0, Max: 0.1, Diff: 0.1, Sum: 0.2]
      [GC Worker Total (ms): Min: 82.3, Avg: 82.4, Max: 82.4, Diff: 0.1, Sum: 329.6]
      [GC Worker End (ms): Min: 2967759.9, Avg: 2967760.0, Max: 2967760.0, Diff: 0.0]
   [Code Root Fixup: 0.0 ms]
   [Code Root Purge: 0.0 ms]
   [Clear CT: 0.4 ms]
   [Other: 4.3 ms]
      [Choose CSet: 0.0 ms]
      [Ref Proc: 2.2 ms]
      [Ref Enq: 0.3 ms]
      [Redirty Cards: 0.5 ms]
      [Humongous Register: 0.1 ms]
      [Humongous Reclaim: 0.0 ms]
      [Free CSet: 0.9 ms]
   [Eden: 1009.0M(1009.0M)->0.0B(979.0M) Survivors: 41984.0K->55296.0K Heap: 1617.0M(1868.0M)->621.2M(1868.0M)]
Heap after GC invocations=333 (full 0):
 garbage-first heap   total 1912832K, used 636117K [0x000000008b400000, 0x000000008b503a60, 0x0000000100000000)
  region size 1024K, 54 young (55296K), 54 survivors (55296K)
 Metaspace       used 148025K, capacity 155263K, committed 155568K, reserved 1183744K
  class space    used 19746K, capacity 21111K, committed 21168K, reserved 1048576K
}
 [Times: user=0.29 sys=0.00, real=0.08 secs] 
2020-07-20T09:58:51.829+0000: 2967.765: Total time for which application threads were stopped: 0.0912748 seconds, Stopping threads took: 0.0031029 seconds
{Heap before GC invocations=333 (full 0):
 garbage-first heap   total 1912832K, used 1638613K [0x000000008b400000, 0x000000008b503a60, 0x0000000100000000)
  region size 1024K, 1033 young (1057792K), 54 survivors (55296K)
 Metaspace       used 148025K, capacity 155263K, committed 155568K, reserved 1183744K
  class space    used 19746K, capacity 21111K, committed 21168K, reserved 1048576K
2020-07-20T09:58:55.008+0000: 2970.944: [GC pause (G1 Evacuation Pause) (young)
Desired survivor size 68157440 bytes, new threshold 15 (max 15)
- age   1:   25045360 bytes,   25045360 total
- age   2:   18582880 bytes,   43628240 total
- age   3:    1285784 bytes,   44914024 total
- age   4:     377568 bytes,   45291592 total
- age   5:     385920 bytes,   45677512 total
- age   6:     394896 bytes,   46072408 total
- age   7:     522872 bytes,   46595280 total
- age   8:     918192 bytes,   47513472 total
- age   9:    1237608 bytes,   48751080 total
- age  10:    2422936 bytes,   51174016 total
- age  11:    1053088 bytes,   52227104 total
- age  12:     531512 bytes,   52758616 total
- age  13:     302712 bytes,   53061328 total
- age  14:     681584 bytes,   53742912 total
- age  15:     556632 bytes,   54299544 total
, 0.0778843 secs]
   [Parallel Time: 72.7 ms, GC Workers: 4]
      [GC Worker Start (ms): Min: 2970944.6, Avg: 2970945.6, Max: 2970948.6, Diff: 4.0]
      [Ext Root Scanning (ms): Min: 4.1, Avg: 7.1, Max: 8.3, Diff: 4.2, Sum: 28.3]
      [Update RS (ms): Min: 20.1, Avg: 21.1, Max: 22.9, Diff: 2.8, Sum: 84.2]
         [Processed Buffers: Min: 17, Avg: 32.0, Max: 42, Diff: 25, Sum: 128]
      [Scan RS (ms): Min: 1.5, Avg: 3.0, Max: 3.6, Diff: 2.1, Sum: 12.1]
      [Code Root Scanning (ms): Min: 0.0, Avg: 0.0, Max: 0.0, Diff: 0.0, Sum: 0.1]
      [Object Copy (ms): Min: 39.5, Avg: 40.0, Max: 40.3, Diff: 0.8, Sum: 160.1]
      [Termination (ms): Min: 0.0, Avg: 0.0, Max: 0.0, Diff: 0.0, Sum: 0.0]
         [Termination Attempts: Min: 1, Avg: 1.5, Max: 2, Diff: 1, Sum: 6]
      [GC Worker Other (ms): Min: 0.0, Avg: 0.1, Max: 0.1, Diff: 0.1, Sum: 0.3]
      [GC Worker Total (ms): Min: 68.4, Avg: 71.3, Max: 72.3, Diff: 3.9, Sum: 285.1]
      [GC Worker End (ms): Min: 2971016.8, Avg: 2971016.9, Max: 2971016.9, Diff: 0.1]
   [Code Root Fixup: 0.0 ms]
   [Code Root Purge: 0.0 ms]
   [Clear CT: 0.5 ms]
   [Other: 4.6 ms]
      [Choose CSet: 0.0 ms]
      [Ref Proc: 2.3 ms]
      [Ref Enq: 0.1 ms]
      [Redirty Cards: 0.5 ms]
      [Humongous Register: 0.1 ms]
      [Humongous Reclaim: 0.1 ms]
      [Free CSet: 1.1 ms]
   [Eden: 979.0M(979.0M)->0.0B(1016.0M) Survivors: 55296.0K->41984.0K Heap: 1600.2M(1868.0M)->602.8M(1868.0M)]
Heap after GC invocations=334 (full 0):
 garbage-first heap   total 1912832K, used 617258K [0x000000008b400000, 0x000000008b503a60, 0x0000000100000000)
  region size 1024K, 41 young (41984K), 41 survivors (41984K)
 Metaspace       used 148025K, capacity 155263K, committed 155568K, reserved 1183744K
  class space    used 19746K, capacity 21111K, committed 21168K, reserved 1048576K
}
 [Times: user=0.24 sys=0.01, real=0.08 secs] 
2020-07-20T09:58:55.086+0000: 2971.022: Total time for which application threads were stopped: 0.0846813 seconds, Stopping threads took: 0.0059067 seconds
{Heap before GC invocations=334 (full 0):
 garbage-first heap   total 1912832K, used 1661738K [0x000000008b400000, 0x000000008b503a60, 0x0000000100000000)
  region size 1024K, 1057 young (1082368K), 41 survivors (41984K)
 Metaspace       used 148025K, capacity 155263K, committed 155568K, reserved 1183744K
  class space    used 19746K, capacity 21111K, committed 21168K, reserved 1048576K
2020-07-20T09:58:58.426+0000: 2974.361: [GC pause (G1 Evacuation Pause) (young)
Desired survivor size 69730304 bytes, new threshold 15 (max 15)
- age   1:   29527720 bytes,   29527720 total
- age   2:    2142952 bytes,   31670672 total
- age   3:    1378784 bytes,   33049456 total
- age   4:     683192 bytes,   33732648 total
- age   5:     260096 bytes,   33992744 total
- age   6:     267896 bytes,   34260640 total
- age   7:     187800 bytes,   34448440 total
- age   8:     324136 bytes,   34772576 total
- age   9:     466000 bytes,   35238576 total
- age  10:     474792 bytes,   35713368 total
- age  11:    1598096 bytes,   37311464 total
- age  12:     902264 bytes,   38213728 total
- age  13:     529312 bytes,   38743040 total
- age  14:     301672 bytes,   39044712 total
- age  15:     681528 bytes,   39726240 total
, 0.0668943 secs]
   [Parallel Time: 62.7 ms, GC Workers: 4]
      [GC Worker Start (ms): Min: 2974361.7, Avg: 2974362.2, Max: 2974364.0, Diff: 2.3]
      [Ext Root Scanning (ms): Min: 3.3, Avg: 4.9, Max: 5.6, Diff: 2.3, Sum: 19.7]
      [Update RS (ms): Min: 23.2, Avg: 23.2, Max: 23.2, Diff: 0.0, Sum: 92.8]
         [Processed Buffers: Min: 15, Avg: 32.0, Max: 48, Diff: 33, Sum: 128]
      [Scan RS (ms): Min: 2.1, Avg: 2.2, Max: 2.3, Diff: 0.1, Sum: 8.8]
      [Code Root Scanning (ms): Min: 0.0, Avg: 0.0, Max: 0.0, Diff: 0.0, Sum: 0.1]
      [Object Copy (ms): Min: 31.6, Avg: 31.7, Max: 31.8, Diff: 0.2, Sum: 126.7]
      [Termination (ms): Min: 0.0, Avg: 0.0, Max: 0.0, Diff: 0.0, Sum: 0.0]
         [Termination Attempts: Min: 1, Avg: 1.0, Max: 1, Diff: 0, Sum: 4]
      [GC Worker Other (ms): Min: 0.0, Avg: 0.0, Max: 0.1, Diff: 0.0, Sum: 0.2]
      [GC Worker Total (ms): Min: 60.3, Avg: 62.1, Max: 62.6, Diff: 2.3, Sum: 248.2]
      [GC Worker End (ms): Min: 2974424.3, Avg: 2974424.3, Max: 2974424.3, Diff: 0.0]
   [Code Root Fixup: 0.0 ms]
   [Code Root Purge: 0.0 ms]
   [Clear CT: 0.4 ms]
   [Other: 3.7 ms]
      [Choose CSet: 0.0 ms]
      [Ref Proc: 1.9 ms]
      [Ref Enq: 0.1 ms]
      [Redirty Cards: 0.3 ms]
      [Humongous Register: 0.1 ms]
      [Humongous Reclaim: 0.0 ms]
      [Free CSet: 0.9 ms]
   [Eden: 1016.0M(1016.0M)->0.0B(1024.0M) Survivors: 41984.0K->33792.0K Heap: 1622.8M(1868.0M)->598.2M(1868.0M)]
Heap after GC invocations=335 (full 0):
 garbage-first heap   total 1912832K, used 612564K [0x000000008b400000, 0x000000008b503a60, 0x0000000100000000)
  region size 1024K, 33 young (33792K), 33 survivors (33792K)
 Metaspace       used 148025K, capacity 155263K, committed 155568K, reserved 1183744K
  class space    used 19746K, capacity 21111K, committed 21168K, reserved 1048576K
}
 [Times: user=0.21 sys=0.02, real=0.06 secs] 
2020-07-20T09:58:58.493+0000: 2974.429: Total time for which application threads were stopped: 0.0680060 seconds, Stopping threads took: 0.0002717 seconds
{Heap before GC invocations=335 (full 0):
 garbage-first heap   total 1912832K, used 1663188K [0x000000008b400000, 0x000000008b503a60, 0x0000000100000000)
  region size 1024K, 1057 young (1082368K), 33 survivors (33792K)
 Metaspace       used 148025K, capacity 155263K, committed 155568K, reserved 1183744K
  class space    used 19746K, capacity 21111K, committed 21168K, reserved 1048576K
2020-07-20T09:59:01.696+0000: 2977.632: [GC pause (G1 Evacuation Pause) (young)
Desired survivor size 69730304 bytes, new threshold 15 (max 15)
- age   1:   24082288 bytes,   24082288 total
- age   2:     565544 bytes,   24647832 total
- age   3:     905864 bytes,   25553696 total
- age   4:    1376624 bytes,   26930320 total
- age   5:     668304 bytes,   27598624 total
- age   6:     256608 bytes,   27855232 total
- age   7:     267736 bytes,   28122968 total
- age   8:     170392 bytes,   28293360 total
- age   9:     146488 bytes,   28439848 total
- age  10:     460976 bytes,   28900824 total
- age  11:     474536 bytes,   29375360 total
- age  12:    1598056 bytes,   30973416 total
- age  13:     887680 bytes,   31861096 total
- age  14:     522688 bytes,   32383784 total
- age  15:     295872 bytes,   32679656 total
, 0.1089727 secs]
   [Parallel Time: 103.9 ms, GC Workers: 4]
      [GC Worker Start (ms): Min: 2977632.3, Avg: 2977632.4, Max: 2977632.5, Diff: 0.1]
      [Ext Root Scanning (ms): Min: 8.1, Avg: 8.4, Max: 8.6, Diff: 0.5, Sum: 33.4]
      [Update RS (ms): Min: 30.2, Avg: 30.2, Max: 30.2, Diff: 0.1, Sum: 120.8]
         [Processed Buffers: Min: 14, Avg: 38.2, Max: 53, Diff: 39, Sum: 153]
      [Scan RS (ms): Min: 1.4, Avg: 1.5, Max: 1.6, Diff: 0.3, Sum: 5.9]
      [Code Root Scanning (ms): Min: 0.0, Avg: 0.0, Max: 0.0, Diff: 0.0, Sum: 0.1]
      [Object Copy (ms): Min: 63.2, Avg: 63.5, Max: 63.7, Diff: 0.5, Sum: 254.0]
      [Termination (ms): Min: 0.0, Avg: 0.0, Max: 0.1, Diff: 0.1, Sum: 0.2]
         [Termination Attempts: Min: 14, Avg: 21.2, Max: 30, Diff: 16, Sum: 85]
      [GC Worker Other (ms): Min: 0.1, Avg: 0.1, Max: 0.1, Diff: 0.1, Sum: 0.4]
      [GC Worker Total (ms): Min: 103.6, Avg: 103.7, Max: 103.8, Diff: 0.1, Sum: 414.9]
      [GC Worker End (ms): Min: 2977736.1, Avg: 2977736.1, Max: 2977736.1, Diff: 0.1]
   [Code Root Fixup: 0.0 ms]
   [Code Root Purge: 0.0 ms]
   [Clear CT: 0.5 ms]
   [Other: 4.5 ms]
      [Choose CSet: 0.0 ms]
      [Ref Proc: 2.2 ms]
      [Ref Enq: 0.2 ms]
      [Redirty Cards: 0.4 ms]
      [Humongous Register: 0.1 ms]
      [Humongous Reclaim: 0.0 ms]
      [Free CSet: 1.2 ms]
   [Eden: 1024.0M(1024.0M)->0.0B(969.0M) Survivors: 33792.0K->61440.0K Heap: 1624.2M(1868.0M)->627.4M(1868.0M)]
Heap after GC invocations=336 (full 0):
 garbage-first heap   total 1912832K, used 642500K [0x000000008b400000, 0x000000008b503a60, 0x0000000100000000)
  region size 1024K, 60 young (61440K), 60 survivors (61440K)
 Metaspace       used 148025K, capacity 155263K, committed 155568K, reserved 1183744K
  class space    used 19746K, capacity 21111K, committed 21168K, reserved 1048576K
}
 [Times: user=0.34 sys=0.02, real=0.43 secs] 
2020-07-20T09:59:02.133+0000: 2978.068: Total time for which application threads were stopped: 0.4373241 seconds, Stopping threads took: 0.0001771 seconds
{Heap before GC invocations=336 (full 0):
 garbage-first heap   total 1912832K, used 1634756K [0x000000008b400000, 0x000000008b503a60, 0x0000000100000000)
  region size 1024K, 1029 young (1053696K), 60 survivors (61440K)
 Metaspace       used 148052K, capacity 155339K, committed 155568K, reserved 1183744K
  class space    used 19746K, capacity 21111K, committed 21168K, reserved 1048576K
2020-07-20T09:59:05.102+0000: 2981.038: [GC pause (G1 Evacuation Pause) (young)
Desired survivor size 67633152 bytes, new threshold 15 (max 15)
- age   1:   36089040 bytes,   36089040 total
- age   2:   17377864 bytes,   53466904 total
- age   3:     162304 bytes,   53629208 total
- age   4:     656064 bytes,   54285272 total
- age   5:    1359064 bytes,   55644336 total
- age   6:     652352 bytes,   56296688 total
- age   7:     244656 bytes,   56541344 total
- age   8:     255944 bytes,   56797288 total
- age   9:     150760 bytes,   56948048 total
- age  10:     130744 bytes,   57078792 total
- age  11:     382888 bytes,   57461680 total
- age  12:     400608 bytes,   57862288 total
- age  13:    1522376 bytes,   59384664 total
- age  14:     877072 bytes,   60261736 total
- age  15:     522632 bytes,   60784368 total
, 0.0862423 secs]
   [Parallel Time: 81.6 ms, GC Workers: 4]
      [GC Worker Start (ms): Min: 2981037.9, Avg: 2981038.0, Max: 2981038.0, Diff: 0.1]
      [Ext Root Scanning (ms): Min: 5.2, Avg: 5.3, Max: 5.4, Diff: 0.3, Sum: 21.1]
      [Update RS (ms): Min: 29.9, Avg: 30.0, Max: 30.1, Diff: 0.3, Sum: 120.2]
         [Processed Buffers: Min: 29, Avg: 37.8, Max: 49, Diff: 20, Sum: 151]
      [Scan RS (ms): Min: 2.5, Avg: 2.7, Max: 2.8, Diff: 0.3, Sum: 10.7]
      [Code Root Scanning (ms): Min: 0.0, Avg: 0.0, Max: 0.0, Diff: 0.0, Sum: 0.1]
      [Object Copy (ms): Min: 43.2, Avg: 43.3, Max: 43.4, Diff: 0.3, Sum: 173.3]
      [Termination (ms): Min: 0.0, Avg: 0.0, Max: 0.0, Diff: 0.0, Sum: 0.0]
         [Termination Attempts: Min: 2, Avg: 3.0, Max: 5, Diff: 3, Sum: 12]
      [GC Worker Other (ms): Min: 0.0, Avg: 0.1, Max: 0.1, Diff: 0.1, Sum: 0.4]
      [GC Worker Total (ms): Min: 81.3, Avg: 81.4, Max: 81.5, Diff: 0.2, Sum: 325.8]
      [GC Worker End (ms): Min: 2981119.3, Avg: 2981119.4, Max: 2981119.4, Diff: 0.1]
   [Code Root Fixup: 0.0 ms]
   [Code Root Purge: 0.0 ms]
   [Clear CT: 0.4 ms]
   [Other: 4.2 ms]
      [Choose CSet: 0.0 ms]
      [Ref Proc: 2.2 ms]
      [Ref Enq: 0.1 ms]
      [Redirty Cards: 0.3 ms]
      [Humongous Register: 0.1 ms]
      [Humongous Reclaim: 0.0 ms]
      [Free CSet: 0.9 ms]
   [Eden: 969.0M(969.0M)->0.0B(1004.0M) Survivors: 61440.0K->45056.0K Heap: 1596.4M(1868.0M)->610.5M(1868.0M)]
Heap after GC invocations=337 (full 0):
 garbage-first heap   total 1912832K, used 625189K [0x000000008b400000, 0x000000008b503a60, 0x0000000100000000)
  region size 1024K, 44 young (45056K), 44 survivors (45056K)
 Metaspace       used 148052K, capacity 155339K, committed 155568K, reserved 1183744K
  class space    used 19746K, capacity 21111K, committed 21168K, reserved 1048576K
}
 [Times: user=0.28 sys=0.00, real=0.08 secs] 
2020-07-20T09:59:05.188+0000: 2981.124: Total time for which application threads were stopped: 0.0876527 seconds, Stopping threads took: 0.0004899 seconds
{Heap before GC invocations=337 (full 0):
 garbage-first heap   total 1912832K, used 1655333K [0x000000008b400000, 0x000000008b503a60, 0x0000000100000000)
  region size 1024K, 1048 young (1073152K), 44 survivors (45056K)
 Metaspace       used 148052K, capacity 155339K, committed 155568K, reserved 1183744K
  class space    used 19746K, capacity 21111K, committed 21168K, reserved 1048576K
2020-07-20T09:59:08.054+0000: 2983.990: [GC pause (G1 Evacuation Pause) (young)
Desired survivor size 68681728 bytes, new threshold 15 (max 15)
- age   1:   29501912 bytes,   29501912 total
- age   2:    7875704 bytes,   37377616 total
- age   3:     391192 bytes,   37768808 total
- age   4:     148368 bytes,   37917176 total
- age   5:     653296 bytes,   38570472 total
- age   6:    1357672 bytes,   39928144 total
- age   7:     640640 bytes,   40568784 total
- age   8:     244432 bytes,   40813216 total
- age   9:     255816 bytes,   41069032 total
- age  10:     150648 bytes,   41219680 total
- age  11:     130328 bytes,   41350008 total
- age  12:     382888 bytes,   41732896 total
- age  13:     398208 bytes,   42131104 total
- age  14:    1521656 bytes,   43652760 total
- age  15:     876992 bytes,   44529752 total
, 0.1028075 secs]
   [Parallel Time: 98.2 ms, GC Workers: 4]
      [GC Worker Start (ms): Min: 2983990.4, Avg: 2983990.5, Max: 2983990.5, Diff: 0.0]
      [Ext Root Scanning (ms): Min: 5.1, Avg: 5.2, Max: 5.4, Diff: 0.2, Sum: 20.9]
      [Update RS (ms): Min: 25.7, Avg: 25.7, Max: 25.8, Diff: 0.2, Sum: 102.9]
         [Processed Buffers: Min: 24, Avg: 32.5, Max: 43, Diff: 19, Sum: 130]
      [Scan RS (ms): Min: 4.2, Avg: 4.3, Max: 4.4, Diff: 0.2, Sum: 17.2]
      [Code Root Scanning (ms): Min: 0.0, Avg: 0.0, Max: 0.0, Diff: 0.0, Sum: 0.1]
      [Object Copy (ms): Min: 62.6, Avg: 62.7, Max: 62.9, Diff: 0.3, Sum: 250.9]
      [Termination (ms): Min: 0.0, Avg: 0.0, Max: 0.0, Diff: 0.0, Sum: 0.0]
         [Termination Attempts: Min: 1, Avg: 2.8, Max: 5, Diff: 4, Sum: 11]
      [GC Worker Other (ms): Min: 0.0, Avg: 0.1, Max: 0.1, Diff: 0.1, Sum: 0.2]
      [GC Worker Total (ms): Min: 98.0, Avg: 98.1, Max: 98.1, Diff: 0.0, Sum: 392.3]
      [GC Worker End (ms): Min: 2984088.5, Avg: 2984088.5, Max: 2984088.6, Diff: 0.1]
   [Code Root Fixup: 0.0 ms]
   [Code Root Purge: 0.0 ms]
   [Clear CT: 0.4 ms]
   [Other: 4.1 ms]
      [Choose CSet: 0.0 ms]
      [Ref Proc: 1.9 ms]
      [Ref Enq: 0.1 ms]
      [Redirty Cards: 0.3 ms]
      [Humongous Register: 0.1 ms]
      [Humongous Reclaim: 0.0 ms]
      [Free CSet: 1.1 ms]
   [Eden: 1004.0M(1004.0M)->0.0B(965.0M) Survivors: 45056.0K->62464.0K Heap: 1616.5M(1868.0M)->630.6M(1868.0M)]
Heap after GC invocations=338 (full 0):
 garbage-first heap   total 1912832K, used 645724K [0x000000008b400000, 0x000000008b503a60, 0x0000000100000000)
  region size 1024K, 61 young (62464K), 61 survivors (62464K)
 Metaspace       used 148052K, capacity 155339K, committed 155568K, reserved 1183744K
  class space    used 19746K, capacity 21111K, committed 21168K, reserved 1048576K
}
 [Times: user=0.31 sys=0.02, real=0.11 secs] 
2020-07-20T09:59:08.164+0000: 2984.100: Total time for which application threads were stopped: 0.1110346 seconds, Stopping threads took: 0.0002852 seconds
{Heap before GC invocations=338 (full 0):
 garbage-first heap   total 1912832K, used 1633884K [0x000000008b400000, 0x000000008b503a60, 0x0000000100000000)
  region size 1024K, 1026 young (1050624K), 61 survivors (62464K)
 Metaspace       used 148052K, capacity 155339K, committed 155568K, reserved 1183744K
  class space    used 19746K, capacity 21111K, committed 21168K, reserved 1048576K
2020-07-20T09:59:11.334+0000: 2987.270: [GC pause (G1 Evacuation Pause) (young)
Desired survivor size 67633152 bytes, new threshold 15 (max 15)
- age   1:   27273960 bytes,   27273960 total
- age   2:   21412688 bytes,   48686648 total
- age   3:    7870112 bytes,   56556760 total
- age   4:     390792 bytes,   56947552 total
- age   5:     139792 bytes,   57087344 total
- age   6:     653008 bytes,   57740352 total
- age   7:    1357496 bytes,   59097848 total
- age   8:     637648 bytes,   59735496 total
- age   9:     244080 bytes,   59979576 total
- age  10:     255784 bytes,   60235360 total
- age  11:     146288 bytes,   60381648 total
- age  12:     129144 bytes,   60510792 total
- age  13:     379568 bytes,   60890360 total
- age  14:     397296 bytes,   61287656 total
- age  15:    1521336 bytes,   62808992 total
, 0.0794123 secs]
   [Parallel Time: 74.9 ms, GC Workers: 4]
      [GC Worker Start (ms): Min: 2987270.0, Avg: 2987270.0, Max: 2987270.0, Diff: 0.1]
      [Ext Root Scanning (ms): Min: 5.1, Avg: 5.2, Max: 5.3, Diff: 0.2, Sum: 20.8]
      [Update RS (ms): Min: 15.0, Avg: 15.1, Max: 15.4, Diff: 0.4, Sum: 60.4]
         [Processed Buffers: Min: 13, Avg: 28.5, Max: 45, Diff: 32, Sum: 114]
      [Scan RS (ms): Min: 7.5, Avg: 7.6, Max: 7.8, Diff: 0.3, Sum: 30.5]
      [Code Root Scanning (ms): Min: 0.0, Avg: 0.0, Max: 0.0, Diff: 0.0, Sum: 0.1]
      [Object Copy (ms): Min: 46.4, Avg: 46.7, Max: 46.9, Diff: 0.5, Sum: 186.8]
      [Termination (ms): Min: 0.0, Avg: 0.1, Max: 0.2, Diff: 0.2, Sum: 0.5]
         [Termination Attempts: Min: 1, Avg: 8.8, Max: 21, Diff: 20, Sum: 35]
      [GC Worker Other (ms): Min: 0.0, Avg: 0.0, Max: 0.1, Diff: 0.1, Sum: 0.1]
      [GC Worker Total (ms): Min: 74.8, Avg: 74.8, Max: 74.9, Diff: 0.1, Sum: 299.2]
      [GC Worker End (ms): Min: 2987344.7, Avg: 2987344.8, Max: 2987344.8, Diff: 0.1]
   [Code Root Fixup: 0.1 ms]
   [Code Root Purge: 0.0 ms]
   [Clear CT: 0.4 ms]
   [Other: 4.1 ms]
      [Choose CSet: 0.0 ms]
      [Ref Proc: 2.1 ms]
      [Ref Enq: 0.1 ms]
      [Redirty Cards: 0.2 ms]
      [Humongous Register: 0.1 ms]
      [Humongous Reclaim: 0.1 ms]
      [Free CSet: 1.0 ms]
   [Eden: 965.0M(965.0M)->0.0B(997.0M) Survivors: 62464.0K->49152.0K Heap: 1595.6M(1868.0M)->615.0M(1868.0M)]
Heap after GC invocations=339 (full 0):
 garbage-first heap   total 1912832K, used 629805K [0x000000008b400000, 0x000000008b503a60, 0x0000000100000000)
  region size 1024K, 48 young (49152K), 48 survivors (49152K)
 Metaspace       used 148052K, capacity 155339K, committed 155568K, reserved 1183744K
  class space    used 19746K, capacity 21111K, committed 21168K, reserved 1048576K
}
 [Times: user=0.25 sys=0.01, real=0.08 secs] 
2020-07-20T09:59:11.414+0000: 2987.349: Total time for which application threads were stopped: 0.0805463 seconds, Stopping threads took: 0.0002422 seconds
{Heap before GC invocations=339 (full 0):
 garbage-first heap   total 1912832K, used 1652781K [0x000000008b400000, 0x000000008b503a60, 0x0000000100000000)
  region size 1024K, 1045 young (1070080K), 48 survivors (49152K)
 Metaspace       used 148052K, capacity 155339K, committed 155568K, reserved 1183744K
  class space    used 19746K, capacity 21111K, committed 21168K, reserved 1048576K
2020-07-20T09:59:14.689+0000: 2990.625: [GC pause (G1 Evacuation Pause) (young)
Desired survivor size 68681728 bytes, new threshold 15 (max 15)
- age   1:   28794112 bytes,   28794112 total
- age   2:   12912664 bytes,   41706776 total
- age   3:     525296 bytes,   42232072 total
- age   4:     674328 bytes,   42906400 total
- age   5:     374120 bytes,   43280520 total
- age   6:     131920 bytes,   43412440 total
- age   7:     652592 bytes,   44065032 total
- age   8:    1351504 bytes,   45416536 total
- age   9:     631136 bytes,   46047672 total
- age  10:     243008 bytes,   46290680 total
- age  11:     255576 bytes,   46546256 total
- age  12:     146144 bytes,   46692400 total
- age  13:     129080 bytes,   46821480 total
- age  14:     379168 bytes,   47200648 total
- age  15:     395520 bytes,   47596168 total
, 0.0667071 secs]
   [Parallel Time: 62.3 ms, GC Workers: 4]
      [GC Worker Start (ms): Min: 2990625.6, Avg: 2990625.6, Max: 2990625.7, Diff: 0.2]
      [Ext Root Scanning (ms): Min: 6.8, Avg: 7.0, Max: 7.0, Diff: 0.2, Sum: 27.8]
      [Update RS (ms): Min: 16.5, Avg: 16.6, Max: 16.6, Diff: 0.0, Sum: 66.2]
         [Processed Buffers: Min: 16, Avg: 29.5, Max: 38, Diff: 22, Sum: 118]
      [Scan RS (ms): Min: 2.5, Avg: 2.6, Max: 2.6, Diff: 0.1, Sum: 10.3]
      [Code Root Scanning (ms): Min: 0.0, Avg: 0.0, Max: 0.1, Diff: 0.1, Sum: 0.1]
      [Object Copy (ms): Min: 35.8, Avg: 35.9, Max: 36.0, Diff: 0.2, Sum: 143.6]
      [Termination (ms): Min: 0.0, Avg: 0.0, Max: 0.0, Diff: 0.0, Sum: 0.0]
         [Termination Attempts: Min: 1, Avg: 1.0, Max: 1, Diff: 0, Sum: 4]
      [GC Worker Other (ms): Min: 0.1, Avg: 0.1, Max: 0.1, Diff: 0.1, Sum: 0.4]
      [GC Worker Total (ms): Min: 62.1, Avg: 62.1, Max: 62.2, Diff: 0.1, Sum: 248.5]
      [GC Worker End (ms): Min: 2990687.7, Avg: 2990687.7, Max: 2990687.8, Diff: 0.1]
   [Code Root Fixup: 0.0 ms]
   [Code Root Purge: 0.0 ms]
   [Clear CT: 0.4 ms]
   [Other: 3.9 ms]
      [Choose CSet: 0.0 ms]
      [Ref Proc: 2.1 ms]
      [Ref Enq: 0.1 ms]
      [Redirty Cards: 0.3 ms]
      [Humongous Register: 0.1 ms]
      [Humongous Reclaim: 0.0 ms]
      [Free CSet: 0.9 ms]
   [Eden: 997.0M(997.0M)->0.0B(1013.0M) Survivors: 49152.0K->39936.0K Heap: 1614.0M(1868.0M)->608.0M(1868.0M)]
Heap after GC invocations=340 (full 0):
 garbage-first heap   total 1912832K, used 622543K [0x000000008b400000, 0x000000008b503a60, 0x0000000100000000)
  region size 1024K, 39 young (39936K), 39 survivors (39936K)
 Metaspace       used 148052K, capacity 155339K, committed 155568K, reserved 1183744K
  class space    used 19746K, capacity 21111K, committed 21168K, reserved 1048576K
}
 [Times: user=0.22 sys=0.01, real=0.07 secs] 
2020-07-20T09:59:14.756+0000: 2990.692: Total time for which application threads were stopped: 0.0707575 seconds, Stopping threads took: 0.0032284 seconds
{Heap before GC invocations=340 (full 0):
 garbage-first heap   total 1912832K, used 1661903K [0x000000008b400000, 0x000000008b503a60, 0x0000000100000000)
  region size 1024K, 1052 young (1077248K), 39 survivors (39936K)
 Metaspace       used 148052K, capacity 155339K, committed 155568K, reserved 1183744K
  class space    used 19746K, capacity 21111K, committed 21168K, reserved 1048576K
2020-07-20T09:59:18.323+0000: 2994.259: [GC pause (G1 Evacuation Pause) (young)
Desired survivor size 69206016 bytes, new threshold 15 (max 15)
- age   1:   31818400 bytes,   31818400 total
- age   2:    1364624 bytes,   33183024 total
- age   3:     450536 bytes,   33633560 total
- age   4:     515752 bytes,   34149312 total
- age   5:     672840 bytes,   34822152 total
- age   6:     368064 bytes,   35190216 total
- age   7:     125696 bytes,   35315912 total
- age   8:     650352 bytes,   35966264 total
- age   9:    1351472 bytes,   37317736 total
- age  10:     631072 bytes,   37948808 total
- age  11:     242912 bytes,   38191720 total
- age  12:     255544 bytes,   38447264 total
- age  13:     146016 bytes,   38593280 total
- age  14:     128872 bytes,   38722152 total
- age  15:     378584 bytes,   39100736 total
, 0.0987449 secs]
   [Parallel Time: 94.8 ms, GC Workers: 4]
      [GC Worker Start (ms): Min: 2994259.3, Avg: 2994261.9, Max: 2994264.6, Diff: 5.3]
      [Ext Root Scanning (ms): Min: 2.3, Avg: 4.9, Max: 7.5, Diff: 5.1, Sum: 19.5]
      [Update RS (ms): Min: 20.4, Avg: 20.5, Max: 20.8, Diff: 0.4, Sum: 81.9]
         [Processed Buffers: Min: 11, Avg: 33.0, Max: 46, Diff: 35, Sum: 132]
      [Scan RS (ms): Min: 0.2, Avg: 0.4, Max: 0.4, Diff: 0.2, Sum: 1.5]
      [Code Root Scanning (ms): Min: 0.0, Avg: 0.0, Max: 0.0, Diff: 0.0, Sum: 0.1]
      [Object Copy (ms): Min: 66.1, Avg: 66.3, Max: 66.5, Diff: 0.4, Sum: 265.1]
      [Termination (ms): Min: 0.0, Avg: 0.0, Max: 0.0, Diff: 0.0, Sum: 0.0]
         [Termination Attempts: Min: 2, Avg: 3.2, Max: 4, Diff: 2, Sum: 13]
      [GC Worker Other (ms): Min: 0.0, Avg: 0.0, Max: 0.1, Diff: 0.0, Sum: 0.2]
      [GC Worker Total (ms): Min: 89.4, Avg: 92.1, Max: 94.7, Diff: 5.3, Sum: 368.3]
      [GC Worker End (ms): Min: 2994354.0, Avg: 2994354.0, Max: 2994354.0, Diff: 0.0]
   [Code Root Fixup: 0.0 ms]
   [Code Root Purge: 0.0 ms]
   [Clear CT: 0.4 ms]
   [Other: 3.5 ms]
      [Choose CSet: 0.0 ms]
      [Ref Proc: 1.7 ms]
      [Ref Enq: 0.1 ms]
      [Redirty Cards: 0.3 ms]
      [Humongous Register: 0.1 ms]
      [Humongous Reclaim: 0.0 ms]
      [Free CSet: 0.9 ms]
   [Eden: 1013.0M(1013.0M)->0.0B(945.0M) Survivors: 39936.0K->72704.0K Heap: 1623.0M(1868.0M)->642.1M(1868.0M)]
Heap after GC invocations=341 (full 0):
 garbage-first heap   total 1912832K, used 657560K [0x000000008b400000, 0x000000008b503a60, 0x0000000100000000)
  region size 1024K, 71 young (72704K), 71 survivors (72704K)
 Metaspace       used 148052K, capacity 155339K, committed 155568K, reserved 1183744K
  class space    used 19746K, capacity 21111K, committed 21168K, reserved 1048576K
}
 [Times: user=0.32 sys=0.01, real=0.10 secs] 
2020-07-20T09:59:18.422+0000: 2994.358: Total time for which application threads were stopped: 0.0998559 seconds, Stopping threads took: 0.0002352 seconds
{Heap before GC invocations=341 (full 0):
 garbage-first heap   total 1912832K, used 1629336K [0x000000008b400000, 0x000000008b503a60, 0x0000000100000000)
  region size 1024K, 1016 young (1040384K), 71 survivors (72704K)
 Metaspace       used 148052K, capacity 155339K, committed 155568K, reserved 1183744K
  class space    used 19746K, capacity 21111K, committed 21168K, reserved 1048576K
2020-07-20T09:59:21.374+0000: 2997.310: [GC pause (G1 Evacuation Pause) (young)
Desired survivor size 66584576 bytes, new threshold 2 (max 15)
- age   1:   41902792 bytes,   41902792 total
- age   2:   24906264 bytes,   66809056 total
- age   3:    1359480 bytes,   68168536 total
- age   4:     450448 bytes,   68618984 total
- age   5:     513920 bytes,   69132904 total
- age   6:     663264 bytes,   69796168 total
- age   7:     367712 bytes,   70163880 total
- age   8:      87560 bytes,   70251440 total
- age   9:     649552 bytes,   70900992 total
- age  10:     220088 bytes,   71121080 total
- age  11:     274008 bytes,   71395088 total
- age  12:     242848 bytes,   71637936 total
- age  13:     255384 bytes,   71893320 total
- age  14:     144432 bytes,   72037752 total
- age  15:     128712 bytes,   72166464 total
, 0.1317432 secs]
   [Parallel Time: 127.8 ms, GC Workers: 4]
      [GC Worker Start (ms): Min: 2997310.1, Avg: 2997310.2, Max: 2997310.2, Diff: 0.0]
      [Ext Root Scanning (ms): Min: 5.2, Avg: 5.3, Max: 5.4, Diff: 0.2, Sum: 21.2]
      [Update RS (ms): Min: 24.5, Avg: 24.5, Max: 24.6, Diff: 0.1, Sum: 98.1]
         [Processed Buffers: Min: 18, Avg: 32.2, Max: 44, Diff: 26, Sum: 129]
      [Scan RS (ms): Min: 0.3, Avg: 0.4, Max: 0.4, Diff: 0.1, Sum: 1.5]
      [Code Root Scanning (ms): Min: 0.0, Avg: 0.0, Max: 0.0, Diff: 0.0, Sum: 0.1]
      [Object Copy (ms): Min: 97.2, Avg: 97.3, Max: 97.4, Diff: 0.2, Sum: 389.2]
      [Termination (ms): Min: 0.0, Avg: 0.1, Max: 0.1, Diff: 0.1, Sum: 0.2]
         [Termination Attempts: Min: 4, Avg: 6.2, Max: 11, Diff: 7, Sum: 25]
      [GC Worker Other (ms): Min: 0.0, Avg: 0.0, Max: 0.1, Diff: 0.0, Sum: 0.2]
      [GC Worker Total (ms): Min: 127.6, Avg: 127.6, Max: 127.7, Diff: 0.1, Sum: 510.4]
      [GC Worker End (ms): Min: 2997437.8, Avg: 2997437.8, Max: 2997437.8, Diff: 0.0]
   [Code Root Fixup: 0.0 ms]
   [Code Root Purge: 0.0 ms]
   [Clear CT: 0.4 ms]
   [Other: 3.6 ms]
      [Choose CSet: 0.0 ms]
      [Ref Proc: 1.7 ms]
      [Ref Enq: 0.1 ms]
      [Redirty Cards: 0.4 ms]
      [Humongous Register: 0.1 ms]
      [Humongous Reclaim: 0.1 ms]
      [Free CSet: 0.9 ms]
   [Eden: 945.0M(945.0M)->0.0B(929.0M) Survivors: 72704.0K->63488.0K Heap: 1591.1M(1868.0M)->664.7M(1868.0M)]
Heap after GC invocations=342 (full 0):
 garbage-first heap   total 1912832K, used 680680K [0x000000008b400000, 0x000000008b503a60, 0x0000000100000000)
  region size 1024K, 62 young (63488K), 62 survivors (63488K)
 Metaspace       used 148052K, capacity 155339K, committed 155568K, reserved 1183744K
  class space    used 19746K, capacity 21111K, committed 21168K, reserved 1048576K
}
 [Times: user=0.39 sys=0.02, real=0.13 secs] 
2020-07-20T09:59:21.506+0000: 2997.442: Total time for which application threads were stopped: 0.1329305 seconds, Stopping threads took: 0.0002833 seconds
{Heap before GC invocations=342 (full 0):
 garbage-first heap   total 1912832K, used 1631976K [0x000000008b400000, 0x000000008b503a60, 0x0000000100000000)
  region size 1024K, 991 young (1014784K), 62 survivors (63488K)
 Metaspace       used 148054K, capacity 155339K, committed 155568K, reserved 1183744K
  class space    used 19746K, capacity 21111K, committed 21168K, reserved 1048576K
2020-07-20T09:59:24.553+0000: 3000.489: [GC pause (G1 Evacuation Pause) (young)
Desired survivor size 65011712 bytes, new threshold 15 (max 15)
- age   1:   33152528 bytes,   33152528 total
- age   2:   29742888 bytes,   62895416 total
, 0.0799428 secs]
   [Parallel Time: 76.0 ms, GC Workers: 4]
      [GC Worker Start (ms): Min: 3000489.1, Avg: 3000489.1, Max: 3000489.2, Diff: 0.1]
      [Ext Root Scanning (ms): Min: 4.9, Avg: 5.1, Max: 5.2, Diff: 0.3, Sum: 20.2]
      [Update RS (ms): Min: 24.5, Avg: 24.6, Max: 24.7, Diff: 0.2, Sum: 98.4]
         [Processed Buffers: Min: 36, Avg: 42.8, Max: 56, Diff: 20, Sum: 171]
      [Scan RS (ms): Min: 1.5, Avg: 1.6, Max: 1.7, Diff: 0.2, Sum: 6.6]
      [Code Root Scanning (ms): Min: 0.0, Avg: 0.0, Max: 0.0, Diff: 0.0, Sum: 0.1]
      [Object Copy (ms): Min: 44.3, Avg: 44.4, Max: 44.5, Diff: 0.2, Sum: 177.8]
      [Termination (ms): Min: 0.0, Avg: 0.1, Max: 0.1, Diff: 0.1, Sum: 0.2]
         [Termination Attempts: Min: 9, Avg: 14.2, Max: 17, Diff: 8, Sum: 57]
      [GC Worker Other (ms): Min: 0.0, Avg: 0.0, Max: 0.0, Diff: 0.0, Sum: 0.1]
      [GC Worker Total (ms): Min: 75.8, Avg: 75.8, Max: 75.9, Diff: 0.1, Sum: 303.4]
      [GC Worker End (ms): Min: 3000564.9, Avg: 3000565.0, Max: 3000565.0, Diff: 0.1]
   [Code Root Fixup: 0.0 ms]
   [Code Root Purge: 0.0 ms]
   [Clear CT: 0.4 ms]
   [Other: 3.5 ms]
      [Choose CSet: 0.0 ms]
      [Ref Proc: 1.8 ms]
      [Ref Enq: 0.1 ms]
      [Redirty Cards: 0.1 ms]
      [Humongous Register: 0.1 ms]
      [Humongous Reclaim: 0.1 ms]
      [Free CSet: 0.9 ms]
   [Eden: 929.0M(929.0M)->0.0B(957.0M) Survivors: 63488.0K->51200.0K Heap: 1593.7M(1868.0M)->651.2M(1868.0M)]
Heap after GC invocations=343 (full 0):
 garbage-first heap   total 1912832K, used 666856K [0x000000008b400000, 0x000000008b503a60, 0x0000000100000000)
  region size 1024K, 50 young (51200K), 50 survivors (51200K)
 Metaspace       used 148054K, capacity 155339K, committed 155568K, reserved 1183744K
  class space    used 19746K, capacity 21111K, committed 21168K, reserved 1048576K
}
 [Times: user=0.27 sys=0.00, real=0.08 secs] 
2020-07-20T09:59:24.633+0000: 3000.569: Total time for which application threads were stopped: 0.0822311 seconds, Stopping threads took: 0.0014443 seconds
{Heap before GC invocations=343 (full 0):
 garbage-first heap   total 1912832K, used 1648872K [0x000000008b400000, 0x000000008b503a60, 0x0000000100000000)
  region size 1024K, 1007 young (1031168K), 50 survivors (51200K)
 Metaspace       used 148054K, capacity 155339K, committed 155568K, reserved 1183744K
  class space    used 19746K, capacity 21111K, committed 21168K, reserved 1048576K
2020-07-20T09:59:27.209+0000: 3003.145: [GC pause (G1 Evacuation Pause) (young)
Desired survivor size 66060288 bytes, new threshold 15 (max 15)
- age   1:   29664664 bytes,   29664664 total
- age   2:   10357336 bytes,   40022000 total
- age   3:    9280128 bytes,   49302128 total
, 0.0494048 secs]
   [Parallel Time: 45.1 ms, GC Workers: 4]
      [GC Worker Start (ms): Min: 3003146.0, Avg: 3003146.1, Max: 3003146.1, Diff: 0.1]
      [Ext Root Scanning (ms): Min: 5.0, Avg: 5.1, Max: 5.2, Diff: 0.2, Sum: 20.2]
      [Update RS (ms): Min: 9.7, Avg: 9.7, Max: 9.8, Diff: 0.1, Sum: 38.9]
         [Processed Buffers: Min: 16, Avg: 23.2, Max: 37, Diff: 21, Sum: 93]
      [Scan RS (ms): Min: 0.2, Avg: 0.3, Max: 0.4, Diff: 0.2, Sum: 1.2]
      [Code Root Scanning (ms): Min: 0.0, Avg: 0.0, Max: 0.0, Diff: 0.0, Sum: 0.1]
      [Object Copy (ms): Min: 29.2, Avg: 29.3, Max: 29.4, Diff: 0.2, Sum: 117.0]
      [Termination (ms): Min: 0.0, Avg: 0.0, Max: 0.0, Diff: 0.0, Sum: 0.0]
         [Termination Attempts: Min: 1, Avg: 1.0, Max: 1, Diff: 0, Sum: 4]
      [GC Worker Other (ms): Min: 0.0, Avg: 0.0, Max: 0.1, Diff: 0.1, Sum: 0.2]
      [GC Worker Total (ms): Min: 44.3, Avg: 44.4, Max: 44.4, Diff: 0.1, Sum: 177.5]
      [GC Worker End (ms): Min: 3003190.4, Avg: 3003190.5, Max: 3003190.5, Diff: 0.1]
   [Code Root Fixup: 0.0 ms]
   [Code Root Purge: 0.0 ms]
   [Clear CT: 0.4 ms]
   [Other: 3.9 ms]
      [Choose CSet: 0.0 ms]
      [Ref Proc: 2.3 ms]
      [Ref Enq: 0.1 ms]
      [Redirty Cards: 0.2 ms]
      [Humongous Register: 0.1 ms]
      [Humongous Reclaim: 0.1 ms]
      [Free CSet: 0.9 ms]
   [Eden: 957.0M(957.0M)->0.0B(981.0M) Survivors: 51200.0K->36864.0K Heap: 1610.2M(1868.0M)->637.2M(1868.0M)]
Heap after GC invocations=344 (full 0):
 garbage-first heap   total 1912832K, used 652520K [0x000000008b400000, 0x000000008b503a60, 0x0000000100000000)
  region size 1024K, 36 young (36864K), 36 survivors (36864K)
 Metaspace       used 148054K, capacity 155339K, committed 155568K, reserved 1183744K
  class space    used 19746K, capacity 21111K, committed 21168K, reserved 1048576K
}
 [Times: user=0.16 sys=0.00, real=0.05 secs] 
2020-07-20T09:59:27.259+0000: 3003.195: Total time for which application threads were stopped: 0.0521951 seconds, Stopping threads took: 0.0019444 seconds
{Heap before GC invocations=344 (full 0):
 garbage-first heap   total 1912832K, used 1659112K [0x000000008b400000, 0x000000008b503a60, 0x0000000100000000)
  region size 1024K, 1017 young (1041408K), 36 survivors (36864K)
 Metaspace       used 148054K, capacity 155339K, committed 155568K, reserved 1183744K
  class space    used 19746K, capacity 21111K, committed 21168K, reserved 1048576K
2020-07-20T09:59:30.101+0000: 3006.037: [GC pause (G1 Evacuation Pause) (young)
Desired survivor size 67108864 bytes, new threshold 15 (max 15)
- age   1:   23708432 bytes,   23708432 total
- age   2:    1172312 bytes,   24880744 total
- age   3:     356208 bytes,   25236952 total
- age   4:    9279944 bytes,   34516896 total
, 0.0953447 secs]
   [Parallel Time: 91.3 ms, GC Workers: 4]
      [GC Worker Start (ms): Min: 3006036.8, Avg: 3006036.9, Max: 3006036.9, Diff: 0.0]
      [Ext Root Scanning (ms): Min: 5.1, Avg: 5.2, Max: 5.3, Diff: 0.2, Sum: 20.8]
      [Update RS (ms): Min: 22.4, Avg: 22.6, Max: 23.0, Diff: 0.6, Sum: 90.5]
         [Processed Buffers: Min: 18, Avg: 25.5, Max: 35, Diff: 17, Sum: 102]
      [Scan RS (ms): Min: 0.1, Avg: 0.3, Max: 0.4, Diff: 0.3, Sum: 1.2]
      [Code Root Scanning (ms): Min: 0.0, Avg: 0.0, Max: 0.1, Diff: 0.1, Sum: 0.1]
      [Object Copy (ms): Min: 62.7, Avg: 62.9, Max: 63.1, Diff: 0.3, Sum: 251.5]
      [Termination (ms): Min: 0.0, Avg: 0.0, Max: 0.1, Diff: 0.0, Sum: 0.1]
         [Termination Attempts: Min: 3, Avg: 7.8, Max: 15, Diff: 12, Sum: 31]
      [GC Worker Other (ms): Min: 0.0, Avg: 0.0, Max: 0.1, Diff: 0.1, Sum: 0.2]
      [GC Worker Total (ms): Min: 91.1, Avg: 91.1, Max: 91.1, Diff: 0.0, Sum: 364.4]
      [GC Worker End (ms): Min: 3006127.9, Avg: 3006127.9, Max: 3006128.0, Diff: 0.0]
   [Code Root Fixup: 0.0 ms]
   [Code Root Purge: 0.0 ms]
   [Clear CT: 0.3 ms]
   [Other: 3.6 ms]
      [Choose CSet: 0.0 ms]
      [Ref Proc: 2.0 ms]
      [Ref Enq: 0.1 ms]
      [Redirty Cards: 0.2 ms]
      [Humongous Register: 0.1 ms]
      [Humongous Reclaim: 0.0 ms]
      [Free CSet: 0.9 ms]
   [Eden: 981.0M(981.0M)->0.0B(945.0M) Survivors: 36864.0K->55296.0K Heap: 1620.2M(1868.0M)->656.7M(1868.0M)]
Heap after GC invocations=345 (full 0):
 garbage-first heap   total 1912832K, used 672488K [0x000000008b400000, 0x000000008b503a60, 0x0000000100000000)
  region size 1024K, 54 young (55296K), 54 survivors (55296K)
 Metaspace       used 148054K, capacity 155339K, committed 155568K, reserved 1183744K
  class space    used 19746K, capacity 21111K, committed 21168K, reserved 1048576K
}
 [Times: user=0.24 sys=0.05, real=0.10 secs] 
2020-07-20T09:59:30.196+0000: 3006.132: Total time for which application threads were stopped: 0.0964208 seconds, Stopping threads took: 0.0002384 seconds
{Heap before GC invocations=345 (full 0):
 garbage-first heap   total 1912832K, used 1640168K [0x000000008b400000, 0x000000008b503a60, 0x0000000100000000)
  region size 1024K, 999 young (1022976K), 54 survivors (55296K)
 Metaspace       used 148054K, capacity 155339K, committed 155568K, reserved 1183744K
  class space    used 19746K, capacity 21111K, committed 21168K, reserved 1048576K
2020-07-20T09:59:33.145+0000: 3009.081: [GC pause (G1 Evacuation Pause) (young)
Desired survivor size 65536000 bytes, new threshold 15 (max 15)
- age   1:   27408896 bytes,   27408896 total
- age   2:   16598768 bytes,   44007664 total
- age   3:     696080 bytes,   44703744 total
- age   4:     355520 bytes,   45059264 total
- age   5:    9275408 bytes,   54334672 total
, 0.0919268 secs]
   [Parallel Time: 87.8 ms, GC Workers: 4]
      [GC Worker Start (ms): Min: 3009081.5, Avg: 3009081.6, Max: 3009081.6, Diff: 0.1]
      [Ext Root Scanning (ms): Min: 5.0, Avg: 5.2, Max: 5.3, Diff: 0.3, Sum: 20.7]
      [Update RS (ms): Min: 11.2, Avg: 11.2, Max: 11.3, Diff: 0.1, Sum: 44.8]
         [Processed Buffers: Min: 9, Avg: 22.5, Max: 36, Diff: 27, Sum: 90]
      [Scan RS (ms): Min: 0.2, Avg: 0.3, Max: 0.4, Diff: 0.2, Sum: 1.2]
      [Code Root Scanning (ms): Min: 0.0, Avg: 0.0, Max: 0.0, Diff: 0.0, Sum: 0.1]
      [Object Copy (ms): Min: 70.7, Avg: 70.8, Max: 70.9, Diff: 0.2, Sum: 283.1]
      [Termination (ms): Min: 0.0, Avg: 0.0, Max: 0.0, Diff: 0.0, Sum: 0.0]
         [Termination Attempts: Min: 1, Avg: 1.0, Max: 1, Diff: 0, Sum: 4]
      [GC Worker Other (ms): Min: 0.0, Avg: 0.1, Max: 0.1, Diff: 0.1, Sum: 0.2]
      [GC Worker Total (ms): Min: 87.5, Avg: 87.5, Max: 87.6, Diff: 0.1, Sum: 350.1]
      [GC Worker End (ms): Min: 3009169.1, Avg: 3009169.1, Max: 3009169.1, Diff: 0.1]
   [Code Root Fixup: 0.0 ms]
   [Code Root Purge: 0.0 ms]
   [Clear CT: 0.3 ms]
   [Other: 3.8 ms]
      [Choose CSet: 0.0 ms]
      [Ref Proc: 2.0 ms]
      [Ref Enq: 0.2 ms]
      [Redirty Cards: 0.2 ms]
      [Humongous Register: 0.1 ms]
      [Humongous Reclaim: 0.0 ms]
      [Free CSet: 0.9 ms]
   [Eden: 945.0M(945.0M)->0.0B(905.0M) Survivors: 55296.0K->75776.0K Heap: 1601.7M(1868.0M)->677.2M(1868.0M)]
Heap after GC invocations=346 (full 0):
 garbage-first heap   total 1912832K, used 693480K [0x000000008b400000, 0x000000008b503a60, 0x0000000100000000)
  region size 1024K, 74 young (75776K), 74 survivors (75776K)
 Metaspace       used 148054K, capacity 155339K, committed 155568K, reserved 1183744K
  class space    used 19746K, capacity 21111K, committed 21168K, reserved 1048576K
}
 [Times: user=0.29 sys=0.01, real=0.09 secs] 
2020-07-20T09:59:33.238+0000: 3009.173: Total time for which application threads were stopped: 0.0930598 seconds, Stopping threads took: 0.0002681 seconds
{Heap before GC invocations=346 (full 0):
 garbage-first heap   total 1912832K, used 1622248K [0x000000008b400000, 0x000000008b503a60, 0x0000000100000000)
  region size 1024K, 979 young (1002496K), 74 survivors (75776K)
 Metaspace       used 148055K, capacity 155339K, committed 155568K, reserved 1183744K
  class space    used 19746K, capacity 21111K, committed 21168K, reserved 1048576K
2020-07-20T09:59:36.125+0000: 3012.061: [GC pause (G1 Evacuation Pause) (young)
Desired survivor size 64487424 bytes, new threshold 3 (max 15)
- age   1:   29229440 bytes,   29229440 total
- age   2:   20022528 bytes,   49251968 total
- age   3:   16594248 bytes,   65846216 total
- age   4:     695440 bytes,   66541656 total
- age   5:     355168 bytes,   66896824 total
- age   6:    9269496 bytes,   76166320 total
, 0.0875005 secs]
   [Parallel Time: 83.3 ms, GC Workers: 4]
      [GC Worker Start (ms): Min: 3012061.5, Avg: 3012061.5, Max: 3012061.5, Diff: 0.1]
      [Ext Root Scanning (ms): Min: 5.2, Avg: 5.3, Max: 5.4, Diff: 0.2, Sum: 21.1]
      [Update RS (ms): Min: 10.6, Avg: 10.8, Max: 11.3, Diff: 0.7, Sum: 43.2]
         [Processed Buffers: Min: 6, Avg: 23.0, Max: 37, Diff: 31, Sum: 92]
      [Scan RS (ms): Min: 0.1, Avg: 0.3, Max: 0.4, Diff: 0.3, Sum: 1.1]
      [Code Root Scanning (ms): Min: 0.0, Avg: 0.0, Max: 0.0, Diff: 0.0, Sum: 0.1]
      [Object Copy (ms): Min: 66.7, Avg: 66.8, Max: 66.9, Diff: 0.3, Sum: 267.3]
      [Termination (ms): Min: 0.0, Avg: 0.0, Max: 0.0, Diff: 0.0, Sum: 0.1]
         [Termination Attempts: Min: 7, Avg: 11.8, Max: 16, Diff: 9, Sum: 47]
      [GC Worker Other (ms): Min: 0.0, Avg: 0.0, Max: 0.0, Diff: 0.0, Sum: 0.1]
      [GC Worker Total (ms): Min: 83.2, Avg: 83.2, Max: 83.3, Diff: 0.0, Sum: 333.0]
      [GC Worker End (ms): Min: 3012144.7, Avg: 3012144.7, Max: 3012144.7, Diff: 0.0]
   [Code Root Fixup: 0.1 ms]
   [Code Root Purge: 0.0 ms]
   [Clear CT: 0.3 ms]
   [Other: 3.8 ms]
      [Choose CSet: 0.0 ms]
      [Ref Proc: 2.0 ms]
      [Ref Enq: 0.1 ms]
      [Redirty Cards: 0.3 ms]
      [Humongous Register: 0.1 ms]
      [Humongous Reclaim: 0.1 ms]
      [Free CSet: 0.9 ms]
   [Eden: 905.0M(905.0M)->0.0B(926.0M) Survivors: 75776.0K->62464.0K Heap: 1584.2M(1868.0M)->671.8M(1868.0M)]
Heap after GC invocations=347 (full 0):
 garbage-first heap   total 1912832K, used 687951K [0x000000008b400000, 0x000000008b503a60, 0x0000000100000000)
  region size 1024K, 61 young (62464K), 61 survivors (62464K)
 Metaspace       used 148055K, capacity 155339K, committed 155568K, reserved 1183744K
  class space    used 19746K, capacity 21111K, committed 21168K, reserved 1048576K
}
 [Times: user=0.27 sys=0.02, real=0.09 secs] 
2020-07-20T09:59:36.213+0000: 3012.149: Total time for which application threads were stopped: 0.0899033 seconds, Stopping threads took: 0.0015613 seconds
{Heap before GC invocations=347 (full 0):
 garbage-first heap   total 1912832K, used 1638223K [0x000000008b400000, 0x000000008b503a60, 0x0000000100000000)
  region size 1024K, 987 young (1010688K), 61 survivors (62464K)
 Metaspace       used 148057K, capacity 155339K, committed 155568K, reserved 1183744K
  class space    used 19746K, capacity 21111K, committed 21168K, reserved 1048576K
2020-07-20T09:59:39.325+0000: 3015.261: [GC pause (G1 Evacuation Pause) (young)
Desired survivor size 65011712 bytes, new threshold 15 (max 15)
- age   1:   37073248 bytes,   37073248 total
- age   2:   21921912 bytes,   58995160 total
- age   3:    1395520 bytes,   60390680 total
, 0.0817217 secs]
   [Parallel Time: 77.9 ms, GC Workers: 4]
      [GC Worker Start (ms): Min: 3015261.6, Avg: 3015261.6, Max: 3015261.6, Diff: 0.0]
      [Ext Root Scanning (ms): Min: 5.1, Avg: 5.1, Max: 5.3, Diff: 0.2, Sum: 20.6]
      [Update RS (ms): Min: 29.6, Avg: 29.8, Max: 30.3, Diff: 0.8, Sum: 119.2]
         [Processed Buffers: Min: 34, Avg: 43.8, Max: 59, Diff: 25, Sum: 175]
      [Scan RS (ms): Min: 0.1, Avg: 0.3, Max: 0.4, Diff: 0.4, Sum: 1.2]
      [Code Root Scanning (ms): Min: 0.0, Avg: 0.0, Max: 0.1, Diff: 0.1, Sum: 0.1]
      [Object Copy (ms): Min: 42.1, Avg: 42.4, Max: 42.6, Diff: 0.5, Sum: 169.7]
      [Termination (ms): Min: 0.0, Avg: 0.0, Max: 0.1, Diff: 0.1, Sum: 0.1]
         [Termination Attempts: Min: 3, Avg: 7.0, Max: 10, Diff: 7, Sum: 28]
      [GC Worker Other (ms): Min: 0.0, Avg: 0.0, Max: 0.1, Diff: 0.1, Sum: 0.2]
      [GC Worker Total (ms): Min: 77.7, Avg: 77.8, Max: 77.8, Diff: 0.1, Sum: 311.1]
      [GC Worker End (ms): Min: 3015339.4, Avg: 3015339.4, Max: 3015339.4, Diff: 0.1]
   [Code Root Fixup: 0.0 ms]
   [Code Root Purge: 0.0 ms]
   [Clear CT: 0.3 ms]
   [Other: 3.5 ms]
      [Choose CSet: 0.0 ms]
      [Ref Proc: 1.8 ms]
      [Ref Enq: 0.1 ms]
      [Redirty Cards: 0.3 ms]
      [Humongous Register: 0.1 ms]
      [Humongous Reclaim: 0.1 ms]
      [Free CSet: 0.8 ms]
   [Eden: 926.0M(926.0M)->0.0B(964.0M) Survivors: 62464.0K->43008.0K Heap: 1599.8M(1868.0M)->652.3M(1868.0M)]
Heap after GC invocations=348 (full 0):
 garbage-first heap   total 1912832K, used 667983K [0x000000008b400000, 0x000000008b503a60, 0x0000000100000000)
  region size 1024K, 42 young (43008K), 42 survivors (43008K)
 Metaspace       used 148057K, capacity 155339K, committed 155568K, reserved 1183744K
  class space    used 19746K, capacity 21111K, committed 21168K, reserved 1048576K
}
 [Times: user=0.26 sys=0.00, real=0.08 secs] 
2020-07-20T09:59:39.407+0000: 3015.343: Total time for which application threads were stopped: 0.0847059 seconds, Stopping threads took: 0.0021351 seconds
{Heap before GC invocations=348 (full 0):
 garbage-first heap   total 1912832K, used 1657167K [0x000000008b400000, 0x000000008b503a60, 0x0000000100000000)
  region size 1024K, 1006 young (1030144K), 42 survivors (43008K)
 Metaspace       used 148057K, capacity 155339K, committed 155568K, reserved 1183744K
  class space    used 19746K, capacity 21111K, committed 21168K, reserved 1048576K
2020-07-20T09:59:42.104+0000: 3018.040: [GC pause (G1 Evacuation Pause) (young)
Desired survivor size 66060288 bytes, new threshold 15 (max 15)
- age   1:   30543248 bytes,   30543248 total
- age   2:   10770736 bytes,   41313984 total
- age   3:      98400 bytes,   41412384 total
- age   4:     388304 bytes,   41800688 total
, 0.1068818 secs]
   [Parallel Time: 101.9 ms, GC Workers: 4]
      [GC Worker Start (ms): Min: 3018040.2, Avg: 3018040.2, Max: 3018040.2, Diff: 0.0]
      [Ext Root Scanning (ms): Min: 7.9, Avg: 8.0, Max: 8.1, Diff: 0.2, Sum: 31.8]
      [Update RS (ms): Min: 18.7, Avg: 18.9, Max: 19.2, Diff: 0.5, Sum: 75.4]
         [Processed Buffers: Min: 19, Avg: 26.8, Max: 31, Diff: 12, Sum: 107]
      [Scan RS (ms): Min: 0.2, Avg: 0.4, Max: 0.5, Diff: 0.4, Sum: 1.7]
      [Code Root Scanning (ms): Min: 0.0, Avg: 0.0, Max: 0.0, Diff: 0.0, Sum: 0.1]
      [Object Copy (ms): Min: 74.3, Avg: 74.4, Max: 74.5, Diff: 0.2, Sum: 297.5]
      [Termination (ms): Min: 0.0, Avg: 0.0, Max: 0.1, Diff: 0.1, Sum: 0.1]
         [Termination Attempts: Min: 1, Avg: 1.2, Max: 2, Diff: 1, Sum: 5]
      [GC Worker Other (ms): Min: 0.0, Avg: 0.0, Max: 0.1, Diff: 0.1, Sum: 0.2]
      [GC Worker Total (ms): Min: 101.6, Avg: 101.7, Max: 101.7, Diff: 0.1, Sum: 406.8]
      [GC Worker End (ms): Min: 3018141.9, Avg: 3018141.9, Max: 3018141.9, Diff: 0.1]
   [Code Root Fixup: 0.1 ms]
   [Code Root Purge: 0.0 ms]
   [Clear CT: 0.5 ms]
   [Other: 4.4 ms]
      [Choose CSet: 0.0 ms]
      [Ref Proc: 2.1 ms]
      [Ref Enq: 0.2 ms]
      [Redirty Cards: 0.3 ms]
      [Humongous Register: 0.1 ms]
      [Humongous Reclaim: 0.1 ms]
      [Free CSet: 1.3 ms]
   [Eden: 964.0M(964.0M)->0.0B(906.0M) Survivors: 43008.0K->70656.0K Heap: 1618.3M(1868.0M)->681.8M(1868.0M)]
Heap after GC invocations=349 (full 0):
 garbage-first heap   total 1912832K, used 698191K [0x000000008b400000, 0x000000008b503a60, 0x0000000100000000)
  region size 1024K, 69 young (70656K), 69 survivors (70656K)
 Metaspace       used 148057K, capacity 155339K, committed 155568K, reserved 1183744K
  class space    used 19746K, capacity 21111K, committed 21168K, reserved 1048576K
}
 [Times: user=0.32 sys=0.02, real=0.10 secs] 
2020-07-20T09:59:42.211+0000: 3018.147: Total time for which application threads were stopped: 0.1085156 seconds, Stopping threads took: 0.0005804 seconds
{Heap before GC invocations=349 (full 0):
 garbage-first heap   total 1912832K, used 1627983K [0x000000008b400000, 0x000000008b503a60, 0x0000000100000000)
  region size 1024K, 975 young (998400K), 69 survivors (70656K)
 Metaspace       used 148057K, capacity 155339K, committed 155568K, reserved 1183744K
  class space    used 19746K, capacity 21111K, committed 21168K, reserved 1048576K
2020-07-20T09:59:44.940+0000: 3020.876: [GC pause (G1 Evacuation Pause) (young)
Desired survivor size 63963136 bytes, new threshold 3 (max 15)
- age   1:   36283904 bytes,   36283904 total
- age   2:   23842784 bytes,   60126688 total
- age   3:   10766456 bytes,   70893144 total
- age   4:      97424 bytes,   70990568 total
- age   5:     385096 bytes,   71375664 total
, 0.0816980 secs]
   [Parallel Time: 77.5 ms, GC Workers: 4]
      [GC Worker Start (ms): Min: 3020876.4, Avg: 3020876.4, Max: 3020876.5, Diff: 0.1]
      [Ext Root Scanning (ms): Min: 5.2, Avg: 5.3, Max: 5.5, Diff: 0.3, Sum: 21.4]
      [Update RS (ms): Min: 18.8, Avg: 19.0, Max: 19.4, Diff: 0.7, Sum: 76.2]
         [Processed Buffers: Min: 15, Avg: 28.2, Max: 50, Diff: 35, Sum: 113]
      [Scan RS (ms): Min: 0.1, Avg: 0.3, Max: 0.5, Diff: 0.5, Sum: 1.1]
      [Code Root Scanning (ms): Min: 0.0, Avg: 0.0, Max: 0.0, Diff: 0.0, Sum: 0.1]
      [Object Copy (ms): Min: 50.1, Avg: 50.9, Max: 52.6, Diff: 2.6, Sum: 203.5]
      [Termination (ms): Min: 0.0, Avg: 1.6, Max: 2.2, Diff: 2.2, Sum: 6.5]
         [Termination Attempts: Min: 1, Avg: 1.2, Max: 2, Diff: 1, Sum: 5]
      [GC Worker Other (ms): Min: 0.0, Avg: 0.0, Max: 0.1, Diff: 0.0, Sum: 0.1]
      [GC Worker Total (ms): Min: 77.2, Avg: 77.2, Max: 77.3, Diff: 0.1, Sum: 308.9]
      [GC Worker End (ms): Min: 3020953.7, Avg: 3020953.7, Max: 3020953.7, Diff: 0.0]
   [Code Root Fixup: 0.0 ms]
   [Code Root Purge: 0.0 ms]
   [Clear CT: 0.3 ms]
   [Other: 3.9 ms]
      [Choose CSet: 0.0 ms]
      [Ref Proc: 2.1 ms]
      [Ref Enq: 0.2 ms]
      [Redirty Cards: 0.3 ms]
      [Humongous Register: 0.1 ms]
      [Humongous Reclaim: 0.1 ms]
      [Free CSet: 0.9 ms]
   [Eden: 906.0M(906.0M)->0.0B(947.0M) Survivors: 70656.0K->49152.0K Heap: 1589.8M(1868.0M)->661.7M(1868.0M)]
Heap after GC invocations=350 (full 0):
 garbage-first heap   total 1912832K, used 677583K [0x000000008b400000, 0x000000008b503a60, 0x0000000100000000)
  region size 1024K, 48 young (49152K), 48 survivors (49152K)
 Metaspace       used 148057K, capacity 155339K, committed 155568K, reserved 1183744K
  class space    used 19746K, capacity 21111K, committed 21168K, reserved 1048576K
}
 [Times: user=0.24 sys=0.01, real=0.09 secs] 
2020-07-20T09:59:45.022+0000: 3020.958: Total time for which application threads were stopped: 0.0832975 seconds, Stopping threads took: 0.0006323 seconds
{Heap before GC invocations=350 (full 0):
 garbage-first heap   total 1912832K, used 1647311K [0x000000008b400000, 0x000000008b503a60, 0x0000000100000000)
  region size 1024K, 995 young (1018880K), 48 survivors (49152K)
 Metaspace       used 148057K, capacity 155339K, committed 155568K, reserved 1183744K
  class space    used 19746K, capacity 21111K, committed 21168K, reserved 1048576K
2020-07-20T09:59:48.218+0000: 3024.154: [GC pause (G1 Evacuation Pause) (young)
Desired survivor size 65536000 bytes, new threshold 15 (max 15)
- age   1:   28819000 bytes,   28819000 total
- age   2:   18156680 bytes,   46975680 total
- age   3:    1133160 bytes,   48108840 total
, 0.0619798 secs]
   [Parallel Time: 57.9 ms, GC Workers: 4]
      [GC Worker Start (ms): Min: 3024154.3, Avg: 3024155.9, Max: 3024160.6, Diff: 6.3]
      [Ext Root Scanning (ms): Min: 1.5, Avg: 6.3, Max: 8.6, Diff: 7.1, Sum: 25.1]
      [Update RS (ms): Min: 20.5, Avg: 21.1, Max: 21.4, Diff: 0.9, Sum: 84.2]
         [Processed Buffers: Min: 16, Avg: 32.0, Max: 44, Diff: 28, Sum: 128]
      [Scan RS (ms): Min: 0.2, Avg: 0.3, Max: 0.4, Diff: 0.3, Sum: 1.3]
      [Code Root Scanning (ms): Min: 0.0, Avg: 0.0, Max: 0.0, Diff: 0.0, Sum: 0.1]
      [Object Copy (ms): Min: 28.2, Avg: 28.4, Max: 28.6, Diff: 0.4, Sum: 113.6]
      [Termination (ms): Min: 0.0, Avg: 0.0, Max: 0.0, Diff: 0.0, Sum: 0.0]
         [Termination Attempts: Min: 1, Avg: 1.5, Max: 3, Diff: 2, Sum: 6]
      [GC Worker Other (ms): Min: 0.0, Avg: 0.1, Max: 0.1, Diff: 0.1, Sum: 0.3]
      [GC Worker Total (ms): Min: 51.4, Avg: 56.2, Max: 57.8, Diff: 6.4, Sum: 224.7]
      [GC Worker End (ms): Min: 3024212.0, Avg: 3024212.0, Max: 3024212.1, Diff: 0.1]
   [Code Root Fixup: 0.0 ms]
   [Code Root Purge: 0.0 ms]
   [Clear CT: 0.3 ms]
   [Other: 3.7 ms]
      [Choose CSet: 0.0 ms]
      [Ref Proc: 1.9 ms]
      [Ref Enq: 0.1 ms]
      [Redirty Cards: 0.3 ms]
      [Humongous Register: 0.1 ms]
      [Humongous Reclaim: 0.1 ms]
      [Free CSet: 0.9 ms]
   [Eden: 947.0M(947.0M)->0.0B(973.0M) Survivors: 49152.0K->33792.0K Heap: 1608.7M(1868.0M)->644.2M(1868.0M)]
Heap after GC invocations=351 (full 0):
 garbage-first heap   total 1912832K, used 659663K [0x000000008b400000, 0x000000008b503a60, 0x0000000100000000)
  region size 1024K, 33 young (33792K), 33 survivors (33792K)
 Metaspace       used 148057K, capacity 155339K, committed 155568K, reserved 1183744K
  class space    used 19746K, capacity 21111K, committed 21168K, reserved 1048576K
}
 [Times: user=0.20 sys=0.01, real=0.06 secs] 
2020-07-20T09:59:48.280+0000: 3024.216: Total time for which application threads were stopped: 0.0653439 seconds, Stopping threads took: 0.0017398 seconds
{Heap before GC invocations=351 (full 0):
 garbage-first heap   total 1912832K, used 1660111K [0x000000008b400000, 0x000000008b503a60, 0x0000000100000000)
  region size 1024K, 1006 young (1030144K), 33 survivors (33792K)
 Metaspace       used 148057K, capacity 155339K, committed 155568K, reserved 1183744K
  class space    used 19746K, capacity 21111K, committed 21168K, reserved 1048576K
2020-07-20T09:59:51.285+0000: 3027.221: [GC pause (G1 Evacuation Pause) (young)
Desired survivor size 66060288 bytes, new threshold 15 (max 15)
- age   1:   26853128 bytes,   26853128 total
- age   2:    4051320 bytes,   30904448 total
- age   3:    1069552 bytes,   31974000 total
- age   4:     941560 bytes,   32915560 total
, 0.0785501 secs]
   [Parallel Time: 74.3 ms, GC Workers: 4]
      [GC Worker Start (ms): Min: 3027221.5, Avg: 3027221.6, Max: 3027221.6, Diff: 0.1]
      [Ext Root Scanning (ms): Min: 5.2, Avg: 5.3, Max: 5.4, Diff: 0.2, Sum: 21.0]
      [Update RS (ms): Min: 16.2, Avg: 16.2, Max: 16.3, Diff: 0.1, Sum: 65.0]
         [Processed Buffers: Min: 20, Avg: 28.5, Max: 46, Diff: 26, Sum: 114]
      [Scan RS (ms): Min: 0.2, Avg: 0.3, Max: 0.4, Diff: 0.2, Sum: 1.3]
      [Code Root Scanning (ms): Min: 0.0, Avg: 0.0, Max: 0.1, Diff: 0.0, Sum: 0.1]
      [Object Copy (ms): Min: 52.1, Avg: 52.2, Max: 52.3, Diff: 0.2, Sum: 208.8]
      [Termination (ms): Min: 0.0, Avg: 0.0, Max: 0.0, Diff: 0.0, Sum: 0.0]
         [Termination Attempts: Min: 1, Avg: 1.0, Max: 1, Diff: 0, Sum: 4]
      [GC Worker Other (ms): Min: 0.0, Avg: 0.1, Max: 0.1, Diff: 0.1, Sum: 0.2]
      [GC Worker Total (ms): Min: 74.1, Avg: 74.1, Max: 74.1, Diff: 0.0, Sum: 296.5]
      [GC Worker End (ms): Min: 3027295.6, Avg: 3027295.7, Max: 3027295.7, Diff: 0.1]
   [Code Root Fixup: 0.0 ms]
   [Code Root Purge: 0.0 ms]
   [Clear CT: 0.4 ms]
   [Other: 3.9 ms]
      [Choose CSet: 0.0 ms]
      [Ref Proc: 1.9 ms]
      [Ref Enq: 0.1 ms]
      [Redirty Cards: 0.2 ms]
      [Humongous Register: 0.2 ms]
      [Humongous Reclaim: 0.1 ms]
      [Free CSet: 0.8 ms]
   [Eden: 973.0M(973.0M)->0.0B(933.0M) Survivors: 33792.0K->56320.0K Heap: 1621.2M(1868.0M)->668.7M(1868.0M)]
Heap after GC invocations=352 (full 0):
 garbage-first heap   total 1912832K, used 684751K [0x000000008b400000, 0x000000008b503a60, 0x0000000100000000)
  region size 1024K, 55 young (56320K), 55 survivors (56320K)
 Metaspace       used 148057K, capacity 155339K, committed 155568K, reserved 1183744K
  class space    used 19746K, capacity 21111K, committed 21168K, reserved 1048576K
}
 [Times: user=0.25 sys=0.00, real=0.08 secs] 
2020-07-20T09:59:51.364+0000: 3027.300: Total time for which application threads were stopped: 0.0857760 seconds, Stopping threads took: 0.0061051 seconds
{Heap before GC invocations=352 (full 0):
 garbage-first heap   total 1912832K, used 1640143K [0x000000008b400000, 0x000000008b503a60, 0x0000000100000000)
  region size 1024K, 988 young (1011712K), 55 survivors (56320K)
 Metaspace       used 148057K, capacity 155339K, committed 155568K, reserved 1183744K
  class space    used 19746K, capacity 21111K, committed 21168K, reserved 1048576K
2020-07-20T09:59:54.686+0000: 3030.621: [GC pause (G1 Evacuation Pause) (young)
Desired survivor size 65011712 bytes, new threshold 15 (max 15)
- age   1:   32032664 bytes,   32032664 total
- age   2:   19503992 bytes,   51536656 total
- age   3:    2905504 bytes,   54442160 total
- age   4:     252792 bytes,   54694952 total
- age   5:     282696 bytes,   54977648 total
, 0.0641809 secs]
   [Parallel Time: 60.2 ms, GC Workers: 4]
      [GC Worker Start (ms): Min: 3030621.6, Avg: 3030621.6, Max: 3030621.7, Diff: 0.1]
      [Ext Root Scanning (ms): Min: 5.1, Avg: 5.2, Max: 5.3, Diff: 0.2, Sum: 20.7]
      [Update RS (ms): Min: 13.8, Avg: 17.2, Max: 18.6, Diff: 4.9, Sum: 68.8]
         [Processed Buffers: Min: 22, Avg: 27.8, Max: 43, Diff: 21, Sum: 111]
      [Scan RS (ms): Min: 0.1, Avg: 0.2, Max: 0.8, Diff: 0.7, Sum: 1.0]
      [Code Root Scanning (ms): Min: 0.0, Avg: 0.0, Max: 0.1, Diff: 0.1, Sum: 0.1]
      [Object Copy (ms): Min: 36.2, Avg: 37.4, Max: 40.2, Diff: 3.9, Sum: 149.6]
      [Termination (ms): Min: 0.0, Avg: 0.0, Max: 0.0, Diff: 0.0, Sum: 0.0]
         [Termination Attempts: Min: 1, Avg: 2.2, Max: 4, Diff: 3, Sum: 9]
      [GC Worker Other (ms): Min: 0.0, Avg: 0.1, Max: 0.1, Diff: 0.1, Sum: 0.4]
      [GC Worker Total (ms): Min: 60.1, Avg: 60.1, Max: 60.1, Diff: 0.0, Sum: 240.5]
      [GC Worker End (ms): Min: 3030681.7, Avg: 3030681.8, Max: 3030681.8, Diff: 0.1]
   [Code Root Fixup: 0.1 ms]
   [Code Root Purge: 0.0 ms]
   [Clear CT: 0.4 ms]
   [Other: 3.5 ms]
      [Choose CSet: 0.0 ms]
      [Ref Proc: 1.7 ms]
      [Ref Enq: 0.2 ms]
      [Redirty Cards: 0.2 ms]
      [Humongous Register: 0.1 ms]
      [Humongous Reclaim: 0.1 ms]
      [Free CSet: 0.9 ms]
   [Eden: 933.0M(933.0M)->0.0B(968.0M) Survivors: 56320.0K->38912.0K Heap: 1601.7M(1868.0M)->649.2M(1868.0M)]
Heap after GC invocations=353 (full 0):
 garbage-first heap   total 1912832K, used 664783K [0x000000008b400000, 0x000000008b503a60, 0x0000000100000000)
  region size 1024K, 38 young (38912K), 38 survivors (38912K)
 Metaspace       used 148057K, capacity 155339K, committed 155568K, reserved 1183744K
  class space    used 19746K, capacity 21111K, committed 21168K, reserved 1048576K
}
 [Times: user=0.20 sys=0.02, real=0.06 secs] 
2020-07-20T09:59:54.750+0000: 3030.686: Total time for which application threads were stopped: 0.0658444 seconds, Stopping threads took: 0.0005917 seconds
{Heap before GC invocations=353 (full 0):
 garbage-first heap   total 1912832K, used 1660111K [0x000000008b400000, 0x000000008b503a60, 0x0000000100000000)
  region size 1024K, 1006 young (1030144K), 38 survivors (38912K)
 Metaspace       used 148058K, capacity 155339K, committed 155568K, reserved 1183744K
  class space    used 19746K, capacity 21111K, committed 21168K, reserved 1048576K
2020-07-20T09:59:57.826+0000: 3033.762: [GC pause (G1 Evacuation Pause) (young)
Desired survivor size 66060288 bytes, new threshold 15 (max 15)
- age   1:   30026576 bytes,   30026576 total
- age   2:    5291384 bytes,   35317960 total
- age   3:    1717808 bytes,   37035768 total
- age   4:     219488 bytes,   37255256 total
- age   5:     250328 bytes,   37505584 total
- age   6:     278472 bytes,   37784056 total
, 0.0530702 secs]
   [Parallel Time: 49.1 ms, GC Workers: 4]
      [GC Worker Start (ms): Min: 3033762.0, Avg: 3033762.0, Max: 3033762.0, Diff: 0.0]
      [Ext Root Scanning (ms): Min: 5.8, Avg: 6.0, Max: 6.4, Diff: 0.7, Sum: 23.9]
      [Update RS (ms): Min: 17.6, Avg: 17.8, Max: 18.2, Diff: 0.6, Sum: 71.1]
         [Processed Buffers: Min: 9, Avg: 25.2, Max: 39, Diff: 30, Sum: 101]
      [Scan RS (ms): Min: 0.1, Avg: 0.3, Max: 0.5, Diff: 0.3, Sum: 1.3]
      [Code Root Scanning (ms): Min: 0.0, Avg: 0.0, Max: 0.0, Diff: 0.0, Sum: 0.1]
      [Object Copy (ms): Min: 24.6, Avg: 24.8, Max: 24.9, Diff: 0.3, Sum: 99.2]
      [Termination (ms): Min: 0.0, Avg: 0.0, Max: 0.0, Diff: 0.0, Sum: 0.1]
         [Termination Attempts: Min: 1, Avg: 2.0, Max: 3, Diff: 2, Sum: 8]
      [GC Worker Other (ms): Min: 0.0, Avg: 0.0, Max: 0.1, Diff: 0.0, Sum: 0.1]
      [GC Worker Total (ms): Min: 48.9, Avg: 48.9, Max: 49.0, Diff: 0.1, Sum: 195.8]
      [GC Worker End (ms): Min: 3033810.9, Avg: 3033810.9, Max: 3033811.0, Diff: 0.0]
   [Code Root Fixup: 0.0 ms]
   [Code Root Purge: 0.0 ms]
   [Clear CT: 0.4 ms]
   [Other: 3.6 ms]
      [Choose CSet: 0.0 ms]
      [Ref Proc: 1.8 ms]
      [Ref Enq: 0.1 ms]
      [Redirty Cards: 0.2 ms]
      [Humongous Register: 0.1 ms]
      [Humongous Reclaim: 0.1 ms]
      [Free CSet: 0.9 ms]
   [Eden: 968.0M(968.0M)->0.0B(977.0M) Survivors: 38912.0K->27648.0K Heap: 1621.2M(1868.0M)->640.2M(1868.0M)]
Heap after GC invocations=354 (full 0):
 garbage-first heap   total 1912832K, used 655567K [0x000000008b400000, 0x000000008b503a60, 0x0000000100000000)
  region size 1024K, 27 young (27648K), 27 survivors (27648K)
 Metaspace       used 148058K, capacity 155339K, committed 155568K, reserved 1183744K
  class space    used 19746K, capacity 21111K, committed 21168K, reserved 1048576K
}
 [Times: user=0.17 sys=0.00, real=0.05 secs] 
2020-07-20T09:59:57.879+0000: 3033.815: Total time for which application threads were stopped: 0.0581140 seconds, Stopping threads took: 0.0038148 seconds
{Heap before GC invocations=354 (full 0):
 garbage-first heap   total 1912832K, used 1656015K [0x000000008b400000, 0x000000008b503a60, 0x0000000100000000)
  region size 1024K, 1004 young (1028096K), 27 survivors (27648K)
 Metaspace       used 148058K, capacity 155339K, committed 155568K, reserved 1183744K
  class space    used 19746K, capacity 21111K, committed 21168K, reserved 1048576K
2020-07-20T10:00:00.911+0000: 3036.847: [GC pause (G1 Evacuation Pause) (young)
Desired survivor size 66060288 bytes, new threshold 15 (max 15)
- age   1:   23030616 bytes,   23030616 total
- age   2:     286664 bytes,   23317280 total
- age   3:     408720 bytes,   23726000 total
- age   4:    1715768 bytes,   25441768 total
- age   5:     211824 bytes,   25653592 total
- age   6:     245296 bytes,   25898888 total
- age   7:     277120 bytes,   26176008 total
, 0.0737962 secs]
   [Parallel Time: 69.8 ms, GC Workers: 4]
      [GC Worker Start (ms): Min: 3036847.1, Avg: 3036847.1, Max: 3036847.2, Diff: 0.1]
      [Ext Root Scanning (ms): Min: 5.8, Avg: 5.9, Max: 6.2, Diff: 0.4, Sum: 23.6]
      [Update RS (ms): Min: 21.0, Avg: 21.1, Max: 21.2, Diff: 0.2, Sum: 84.4]
         [Processed Buffers: Min: 21, Avg: 31.5, Max: 38, Diff: 17, Sum: 126]
      [Scan RS (ms): Min: 0.2, Avg: 0.3, Max: 0.4, Diff: 0.1, Sum: 1.2]
      [Code Root Scanning (ms): Min: 0.0, Avg: 0.0, Max: 0.0, Diff: 0.0, Sum: 0.1]
      [Object Copy (ms): Min: 42.0, Avg: 42.2, Max: 42.3, Diff: 0.3, Sum: 168.9]
      [Termination (ms): Min: 0.0, Avg: 0.0, Max: 0.0, Diff: 0.0, Sum: 0.1]
         [Termination Attempts: Min: 10, Avg: 12.5, Max: 14, Diff: 4, Sum: 50]
      [GC Worker Other (ms): Min: 0.0, Avg: 0.1, Max: 0.2, Diff: 0.1, Sum: 0.3]
      [GC Worker Total (ms): Min: 69.6, Avg: 69.7, Max: 69.7, Diff: 0.1, Sum: 278.7]
      [GC Worker End (ms): Min: 3036916.8, Avg: 3036916.8, Max: 3036916.9, Diff: 0.1]
   [Code Root Fixup: 0.1 ms]
   [Code Root Purge: 0.0 ms]
   [Clear CT: 0.3 ms]
   [Other: 3.6 ms]
      [Choose CSet: 0.0 ms]
      [Ref Proc: 1.8 ms]
      [Ref Enq: 0.2 ms]
      [Redirty Cards: 0.3 ms]
      [Humongous Register: 0.1 ms]
      [Humongous Reclaim: 0.0 ms]
      [Free CSet: 0.9 ms]
   [Eden: 977.0M(977.0M)->0.0B(953.0M) Survivors: 27648.0K->46080.0K Heap: 1617.2M(1868.0M)->658.7M(1868.0M)]
Heap after GC invocations=355 (full 0):
 garbage-first heap   total 1912832K, used 674511K [0x000000008b400000, 0x000000008b503a60, 0x0000000100000000)
  region size 1024K, 45 young (46080K), 45 survivors (46080K)
 Metaspace       used 148058K, capacity 155339K, committed 155568K, reserved 1183744K
  class space    used 19746K, capacity 21111K, committed 21168K, reserved 1048576K
}
 [Times: user=0.24 sys=0.01, real=0.08 secs] 
2020-07-20T10:00:00.985+0000: 3036.921: Total time for which application threads were stopped: 0.0807110 seconds, Stopping threads took: 0.0055573 seconds
{Heap before GC invocations=355 (full 0):
 garbage-first heap   total 1912832K, used 1652431K [0x000000008b400000, 0x000000008b503a60, 0x0000000100000000)
  region size 1024K, 998 young (1021952K), 45 survivors (46080K)
 Metaspace       used 148059K, capacity 155339K, committed 155568K, reserved 1183744K
  class space    used 19746K, capacity 21111K, committed 21168K, reserved 1048576K
2020-07-20T10:00:03.866+0000: 3039.801: [GC pause (G1 Evacuation Pause) (young)
Desired survivor size 65536000 bytes, new threshold 15 (max 15)
- age   1:   27360808 bytes,   27360808 total
- age   2:   15347608 bytes,   42708416 total
- age   3:     254176 bytes,   42962592 total
- age   4:     406400 bytes,   43368992 total
- age   5:    1706736 bytes,   45075728 total
- age   6:     209216 bytes,   45284944 total
- age   7:     245264 bytes,   45530208 total
- age   8:     277024 bytes,   45807232 total
, 0.1151860 secs]
   [Parallel Time: 110.7 ms, GC Workers: 4]
      [GC Worker Start (ms): Min: 3039802.0, Avg: 3039803.3, Max: 3039804.6, Diff: 2.7]
      [Ext Root Scanning (ms): Min: 4.2, Avg: 5.5, Max: 6.9, Diff: 2.6, Sum: 22.0]
      [Update RS (ms): Min: 28.2, Avg: 28.4, Max: 28.5, Diff: 0.3, Sum: 113.6]
         [Processed Buffers: Min: 15, Avg: 30.5, Max: 56, Diff: 41, Sum: 122]
      [Scan RS (ms): Min: 0.2, Avg: 0.3, Max: 0.5, Diff: 0.2, Sum: 1.3]
      [Code Root Scanning (ms): Min: 0.0, Avg: 0.0, Max: 0.0, Diff: 0.0, Sum: 0.1]
      [Object Copy (ms): Min: 74.8, Avg: 74.8, Max: 74.9, Diff: 0.1, Sum: 299.3]
      [Termination (ms): Min: 0.0, Avg: 0.1, Max: 0.1, Diff: 0.1, Sum: 0.2]
         [Termination Attempts: Min: 4, Avg: 8.2, Max: 13, Diff: 9, Sum: 33]
      [GC Worker Other (ms): Min: 0.0, Avg: 0.0, Max: 0.1, Diff: 0.0, Sum: 0.1]
      [GC Worker Total (ms): Min: 107.8, Avg: 109.2, Max: 110.5, Diff: 2.7, Sum: 436.7]
      [GC Worker End (ms): Min: 3039912.5, Avg: 3039912.5, Max: 3039912.5, Diff: 0.0]
   [Code Root Fixup: 0.1 ms]
   [Code Root Purge: 0.0 ms]
   [Clear CT: 0.4 ms]
   [Other: 4.0 ms]
      [Choose CSet: 0.0 ms]
      [Ref Proc: 1.9 ms]
      [Ref Enq: 0.1 ms]
      [Redirty Cards: 0.3 ms]
      [Humongous Register: 0.2 ms]
      [Humongous Reclaim: 0.0 ms]
      [Free CSet: 0.8 ms]
   [Eden: 953.0M(953.0M)->0.0B(899.0M) Survivors: 46080.0K->71680.0K Heap: 1613.7M(1868.0M)->685.2M(1868.0M)]
Heap after GC invocations=356 (full 0):
 garbage-first heap   total 1912832K, used 701647K [0x000000008b400000, 0x000000008b503a60, 0x0000000100000000)
  region size 1024K, 70 young (71680K), 70 survivors (71680K)
 Metaspace       used 148059K, capacity 155339K, committed 155568K, reserved 1183744K
  class space    used 19746K, capacity 21111K, committed 21168K, reserved 1048576K
}
 [Times: user=0.32 sys=0.03, real=0.12 secs] 
2020-07-20T10:00:03.981+0000: 3039.917: Total time for which application threads were stopped: 0.1164952 seconds, Stopping threads took: 0.0001959 seconds
{Heap before GC invocations=356 (full 0):
 garbage-first heap   total 1912832K, used 1622223K [0x000000008b400000, 0x000000008b503a60, 0x0000000100000000)
  region size 1024K, 969 young (992256K), 70 survivors (71680K)
 Metaspace       used 148061K, capacity 155339K, committed 155568K, reserved 1183744K
  class space    used 19746K, capacity 21111K, committed 21168K, reserved 1048576K
2020-07-20T10:00:06.738+0000: 3042.674: [GC pause (G1 Evacuation Pause) (young)
Desired survivor size 63963136 bytes, new threshold 3 (max 15)
- age   1:   34663280 bytes,   34663280 total
- age   2:   19494192 bytes,   54157472 total
- age   3:   14870816 bytes,   69028288 total
- age   4:     243960 bytes,   69272248 total
- age   5:     399704 bytes,   69671952 total
- age   6:    1705136 bytes,   71377088 total
- age   7:     201664 bytes,   71578752 total
- age   8:     244376 bytes,   71823128 total
- age   9:     276640 bytes,   72099768 total
, 0.0711667 secs]
   [Parallel Time: 67.2 ms, GC Workers: 4]
      [GC Worker Start (ms): Min: 3042674.4, Avg: 3042674.4, Max: 3042674.5, Diff: 0.1]
      [Ext Root Scanning (ms): Min: 5.1, Avg: 5.2, Max: 5.3, Diff: 0.3, Sum: 20.8]
      [Update RS (ms): Min: 19.5, Avg: 19.6, Max: 19.7, Diff: 0.3, Sum: 78.3]
         [Processed Buffers: Min: 18, Avg: 31.2, Max: 42, Diff: 24, Sum: 125]
      [Scan RS (ms): Min: 0.1, Avg: 0.3, Max: 0.4, Diff: 0.3, Sum: 1.2]
      [Code Root Scanning (ms): Min: 0.0, Avg: 0.0, Max: 0.0, Diff: 0.0, Sum: 0.1]
      [Object Copy (ms): Min: 41.7, Avg: 41.8, Max: 41.9, Diff: 0.2, Sum: 167.2]
      [Termination (ms): Min: 0.0, Avg: 0.0, Max: 0.0, Diff: 0.0, Sum: 0.1]
         [Termination Attempts: Min: 5, Avg: 6.8, Max: 10, Diff: 5, Sum: 27]
      [GC Worker Other (ms): Min: 0.0, Avg: 0.0, Max: 0.1, Diff: 0.0, Sum: 0.2]
      [GC Worker Total (ms): Min: 66.9, Avg: 66.9, Max: 67.0, Diff: 0.1, Sum: 267.8]
      [GC Worker End (ms): Min: 3042741.4, Avg: 3042741.4, Max: 3042741.4, Diff: 0.0]
   [Code Root Fixup: 0.0 ms]
   [Code Root Purge: 0.0 ms]
   [Clear CT: 0.3 ms]
   [Other: 3.6 ms]
      [Choose CSet: 0.0 ms]
      [Ref Proc: 1.8 ms]
      [Ref Enq: 0.1 ms]
      [Redirty Cards: 0.2 ms]
      [Humongous Register: 0.1 ms]
      [Humongous Reclaim: 0.1 ms]
      [Free CSet: 0.9 ms]
   [Eden: 899.0M(899.0M)->0.0B(953.0M) Survivors: 71680.0K->44032.0K Heap: 1584.2M(1868.0M)->660.0M(1868.0M)]
Heap after GC invocations=357 (full 0):
 garbage-first heap   total 1912832K, used 675844K [0x000000008b400000, 0x000000008b503a60, 0x0000000100000000)
  region size 1024K, 43 young (44032K), 43 survivors (44032K)
 Metaspace       used 148061K, capacity 155339K, committed 155568K, reserved 1183744K
  class space    used 19746K, capacity 21111K, committed 21168K, reserved 1048576K
}
 [Times: user=0.24 sys=0.00, real=0.07 secs] 
2020-07-20T10:00:06.810+0000: 3042.746: Total time for which application threads were stopped: 0.0782791 seconds, Stopping threads took: 0.0061411 seconds
{Heap before GC invocations=357 (full 0):
 garbage-first heap   total 1912832K, used 1653764K [0x000000008b400000, 0x000000008b503a60, 0x0000000100000000)
  region size 1024K, 996 young (1019904K), 43 survivors (44032K)
 Metaspace       used 148061K, capacity 155339K, committed 155568K, reserved 1183744K
  class space    used 19746K, capacity 21111K, committed 21168K, reserved 1048576K
2020-07-20T10:00:09.658+0000: 3045.594: [GC pause (G1 Evacuation Pause) (young)
Desired survivor size 65536000 bytes, new threshold 15 (max 15)
- age   1:   24655976 bytes,   24655976 total
- age   2:   17579504 bytes,   42235480 total
- age   3:    1242320 bytes,   43477800 total
, 0.0601640 secs]
   [Parallel Time: 56.3 ms, GC Workers: 4]
      [GC Worker Start (ms): Min: 3045593.9, Avg: 3045593.9, Max: 3045594.0, Diff: 0.1]
      [Ext Root Scanning (ms): Min: 5.1, Avg: 5.2, Max: 5.3, Diff: 0.2, Sum: 20.7]
      [Update RS (ms): Min: 19.6, Avg: 19.8, Max: 20.2, Diff: 0.6, Sum: 79.2]
         [Processed Buffers: Min: 24, Avg: 32.5, Max: 51, Diff: 27, Sum: 130]
      [Scan RS (ms): Min: 0.1, Avg: 0.3, Max: 0.5, Diff: 0.4, Sum: 1.2]
      [Code Root Scanning (ms): Min: 0.0, Avg: 0.0, Max: 0.0, Diff: 0.0, Sum: 0.1]
      [Object Copy (ms): Min: 30.5, Avg: 30.6, Max: 30.8, Diff: 0.3, Sum: 122.6]
      [Termination (ms): Min: 0.0, Avg: 0.0, Max: 0.1, Diff: 0.1, Sum: 0.2]
         [Termination Attempts: Min: 1, Avg: 4.8, Max: 7, Diff: 6, Sum: 19]
      [GC Worker Other (ms): Min: 0.0, Avg: 0.1, Max: 0.1, Diff: 0.1, Sum: 0.3]
      [GC Worker Total (ms): Min: 56.0, Avg: 56.1, Max: 56.2, Diff: 0.1, Sum: 224.3]
      [GC Worker End (ms): Min: 3045650.0, Avg: 3045650.0, Max: 3045650.0, Diff: 0.1]
   [Code Root Fixup: 0.0 ms]
   [Code Root Purge: 0.0 ms]
   [Clear CT: 0.4 ms]
   [Other: 3.5 ms]
      [Choose CSet: 0.0 ms]
      [Ref Proc: 1.8 ms]
      [Ref Enq: 0.1 ms]
      [Redirty Cards: 0.2 ms]
      [Humongous Register: 0.1 ms]
      [Humongous Reclaim: 0.1 ms]
      [Free CSet: 0.8 ms]
   [Eden: 953.0M(953.0M)->0.0B(970.0M) Survivors: 44032.0K->31744.0K Heap: 1615.0M(1868.0M)->647.5M(1868.0M)]
Heap after GC invocations=358 (full 0):
 garbage-first heap   total 1912832K, used 663044K [0x000000008b400000, 0x000000008b503a60, 0x0000000100000000)
  region size 1024K, 31 young (31744K), 31 survivors (31744K)
 Metaspace       used 148061K, capacity 155339K, committed 155568K, reserved 1183744K
  class space    used 19746K, capacity 21111K, committed 21168K, reserved 1048576K
}
 [Times: user=0.19 sys=0.00, real=0.06 secs] 
2020-07-20T10:00:09.718+0000: 3045.654: Total time for which application threads were stopped: 0.0613653 seconds, Stopping threads took: 0.0002630 seconds
{Heap before GC invocations=358 (full 0):
 garbage-first heap   total 1912832K, used 1658372K [0x000000008b400000, 0x000000008b503a60, 0x0000000100000000)
  region size 1024K, 1001 young (1025024K), 31 survivors (31744K)
 Metaspace       used 148061K, capacity 155339K, committed 155568K, reserved 1183744K
  class space    used 19746K, capacity 21111K, committed 21168K, reserved 1048576K
2020-07-20T10:00:12.525+0000: 3048.461: [GC pause (G1 Evacuation Pause) (young)
Desired survivor size 66060288 bytes, new threshold 15 (max 15)
- age   1:   26926416 bytes,   26926416 total
- age   2:    1081240 bytes,   28007656 total
- age   3:     671192 bytes,   28678848 total
- age   4:    1139088 bytes,   29817936 total
, 0.0701255 secs]
   [Parallel Time: 66.3 ms, GC Workers: 4]
      [GC Worker Start (ms): Min: 3048460.9, Avg: 3048460.9, Max: 3048460.9, Diff: 0.1]
      [Ext Root Scanning (ms): Min: 5.2, Avg: 5.3, Max: 5.5, Diff: 0.3, Sum: 21.2]
      [Update RS (ms): Min: 19.7, Avg: 19.7, Max: 19.8, Diff: 0.2, Sum: 79.0]
         [Processed Buffers: Min: 16, Avg: 30.5, Max: 58, Diff: 42, Sum: 122]
      [Scan RS (ms): Min: 0.2, Avg: 0.3, Max: 0.3, Diff: 0.1, Sum: 1.0]
      [Code Root Scanning (ms): Min: 0.0, Avg: 0.0, Max: 0.0, Diff: 0.0, Sum: 0.1]
      [Object Copy (ms): Min: 40.6, Avg: 40.8, Max: 40.9, Diff: 0.2, Sum: 163.0]
      [Termination (ms): Min: 0.0, Avg: 0.0, Max: 0.1, Diff: 0.1, Sum: 0.1]
         [Termination Attempts: Min: 4, Avg: 7.0, Max: 10, Diff: 6, Sum: 28]
      [GC Worker Other (ms): Min: 0.0, Avg: 0.0, Max: 0.1, Diff: 0.1, Sum: 0.2]
      [GC Worker Total (ms): Min: 66.1, Avg: 66.1, Max: 66.2, Diff: 0.0, Sum: 264.6]
      [GC Worker End (ms): Min: 3048527.0, Avg: 3048527.0, Max: 3048527.1, Diff: 0.1]
   [Code Root Fixup: 0.0 ms]
   [Code Root Purge: 0.0 ms]
   [Clear CT: 0.4 ms]
   [Other: 3.4 ms]
      [Choose CSet: 0.0 ms]
      [Ref Proc: 1.8 ms]
      [Ref Enq: 0.1 ms]
      [Redirty Cards: 0.2 ms]
      [Humongous Register: 0.1 ms]
      [Humongous Reclaim: 0.0 ms]
      [Free CSet: 0.8 ms]
   [Eden: 970.0M(970.0M)->0.0B(943.0M) Survivors: 31744.0K->47104.0K Heap: 1619.5M(1868.0M)->664.5M(1868.0M)]
Heap after GC invocations=359 (full 0):
 garbage-first heap   total 1912832K, used 680452K [0x000000008b400000, 0x000000008b503a60, 0x0000000100000000)
  region size 1024K, 46 young (47104K), 46 survivors (47104K)
 Metaspace       used 148061K, capacity 155339K, committed 155568K, reserved 1183744K
  class space    used 19746K, capacity 21111K, committed 21168K, reserved 1048576K
}
 [Times: user=0.23 sys=0.00, real=0.07 secs] 
2020-07-20T10:00:12.595+0000: 3048.531: Total time for which application threads were stopped: 0.0714148 seconds, Stopping threads took: 0.0003297 seconds
{Heap before GC invocations=359 (full 0):
 garbage-first heap   total 1912832K, used 1646084K [0x000000008b400000, 0x000000008b503a60, 0x0000000100000000)
  region size 1024K, 989 young (1012736K), 46 survivors (47104K)
 Metaspace       used 148061K, capacity 155339K, committed 155568K, reserved 1183744K
  class space    used 19746K, capacity 21111K, committed 21168K, reserved 1048576K
2020-07-20T10:00:15.194+0000: 3051.130: [GC pause (G1 Evacuation Pause) (young)
Desired survivor size 65011712 bytes, new threshold 15 (max 15)
- age   1:   24765160 bytes,   24765160 total
- age   2:   18440992 bytes,   43206152 total
- age   3:    1055992 bytes,   44262144 total
- age   4:     667944 bytes,   44930088 total
- age   5:    1138952 bytes,   46069040 total
, 0.1024207 secs]
   [Parallel Time: 98.3 ms, GC Workers: 4]
      [GC Worker Start (ms): Min: 3051130.7, Avg: 3051130.7, Max: 3051130.8, Diff: 0.1]
      [Ext Root Scanning (ms): Min: 6.5, Avg: 7.4, Max: 9.9, Diff: 3.4, Sum: 29.4]
      [Update RS (ms): Min: 21.8, Avg: 24.2, Max: 25.4, Diff: 3.6, Sum: 96.9]
         [Processed Buffers: Min: 23, Avg: 28.8, Max: 43, Diff: 20, Sum: 115]
      [Scan RS (ms): Min: 0.1, Avg: 0.3, Max: 0.4, Diff: 0.3, Sum: 1.2]
      [Code Root Scanning (ms): Min: 0.0, Avg: 0.0, Max: 0.1, Diff: 0.1, Sum: 0.1]
      [Object Copy (ms): Min: 66.0, Avg: 66.2, Max: 66.3, Diff: 0.3, Sum: 264.6]
      [Termination (ms): Min: 0.0, Avg: 0.0, Max: 0.0, Diff: 0.0, Sum: 0.0]
         [Termination Attempts: Min: 1, Avg: 1.0, Max: 1, Diff: 0, Sum: 4]
      [GC Worker Other (ms): Min: 0.0, Avg: 0.1, Max: 0.2, Diff: 0.1, Sum: 0.3]
      [GC Worker Total (ms): Min: 98.1, Avg: 98.2, Max: 98.2, Diff: 0.1, Sum: 392.7]
      [GC Worker End (ms): Min: 3051228.9, Avg: 3051228.9, Max: 3051228.9, Diff: 0.1]
   [Code Root Fixup: 0.1 ms]
   [Code Root Purge: 0.0 ms]
   [Clear CT: 0.3 ms]
   [Other: 3.7 ms]
      [Choose CSet: 0.0 ms]
      [Ref Proc: 1.9 ms]
      [Ref Enq: 0.1 ms]
      [Redirty Cards: 0.2 ms]
      [Humongous Register: 0.2 ms]
      [Humongous Reclaim: 0.1 ms]
      [Free CSet: 0.9 ms]
   [Eden: 943.0M(943.0M)->0.0B(901.0M) Survivors: 47104.0K->68608.0K Heap: 1607.5M(1868.0M)->686.0M(1868.0M)]
Heap after GC invocations=360 (full 0):
 garbage-first heap   total 1912832K, used 702468K [0x000000008b400000, 0x000000008b503a60, 0x0000000100000000)
  region size 1024K, 67 young (68608K), 67 survivors (68608K)
 Metaspace       used 148061K, capacity 155339K, committed 155568K, reserved 1183744K
  class space    used 19746K, capacity 21111K, committed 21168K, reserved 1048576K
}
 [Times: user=0.32 sys=0.01, real=0.25 secs] 
2020-07-20T10:00:15.447+0000: 3051.382: Total time for which application threads were stopped: 0.2602265 seconds, Stopping threads took: 0.0061770 seconds
{Heap before GC invocations=360 (full 0):
 garbage-first heap   total 1912832K, used 1625092K [0x000000008b400000, 0x000000008b503a60, 0x0000000100000000)
  region size 1024K, 968 young (991232K), 67 survivors (68608K)
 Metaspace       used 148065K, capacity 155339K, committed 155568K, reserved 1183744K
  class space    used 19746K, capacity 21111K, committed 21168K, reserved 1048576K
2020-07-20T10:00:18.501+0000: 3054.436: [GC pause (G1 Evacuation Pause) (young)
Desired survivor size 63438848 bytes, new threshold 3 (max 15)
- age   1:   29041584 bytes,   29041584 total
- age   2:   17863328 bytes,   46904912 total
- age   3:   18438752 bytes,   65343664 total
- age   4:    1055728 bytes,   66399392 total
- age   5:     658656 bytes,   67058048 total
- age   6:    1138488 bytes,   68196536 total
, 0.0652587 secs]
   [Parallel Time: 61.2 ms, GC Workers: 4]
      [GC Worker Start (ms): Min: 3054436.7, Avg: 3054436.7, Max: 3054436.7, Diff: 0.0]
      [Ext Root Scanning (ms): Min: 5.0, Avg: 5.1, Max: 5.2, Diff: 0.2, Sum: 20.5]
      [Update RS (ms): Min: 18.1, Avg: 18.4, Max: 19.0, Diff: 0.9, Sum: 73.5]
         [Processed Buffers: Min: 16, Avg: 30.8, Max: 51, Diff: 35, Sum: 123]
      [Scan RS (ms): Min: 0.2, Avg: 0.3, Max: 0.4, Diff: 0.2, Sum: 1.1]
      [Code Root Scanning (ms): Min: 0.0, Avg: 0.0, Max: 0.0, Diff: 0.0, Sum: 0.1]
      [Object Copy (ms): Min: 36.5, Avg: 37.1, Max: 37.4, Diff: 0.8, Sum: 148.4]
      [Termination (ms): Min: 0.0, Avg: 0.1, Max: 0.2, Diff: 0.2, Sum: 0.4]
         [Termination Attempts: Min: 5, Avg: 10.0, Max: 13, Diff: 8, Sum: 40]
      [GC Worker Other (ms): Min: 0.0, Avg: 0.0, Max: 0.0, Diff: 0.0, Sum: 0.1]
      [GC Worker Total (ms): Min: 61.0, Avg: 61.0, Max: 61.0, Diff: 0.0, Sum: 244.1]
      [GC Worker End (ms): Min: 3054497.7, Avg: 3054497.7, Max: 3054497.7, Diff: 0.0]
   [Code Root Fixup: 0.0 ms]
   [Code Root Purge: 0.0 ms]
   [Clear CT: 0.3 ms]
   [Other: 3.7 ms]
      [Choose CSet: 0.0 ms]
      [Ref Proc: 2.1 ms]
      [Ref Enq: 0.1 ms]
      [Redirty Cards: 0.2 ms]
      [Humongous Register: 0.1 ms]
      [Humongous Reclaim: 0.1 ms]
      [Free CSet: 0.8 ms]
   [Eden: 901.0M(901.0M)->0.0B(956.0M) Survivors: 68608.0K->41984.0K Heap: 1587.0M(1868.0M)->659.1M(1868.0M)]
Heap after GC invocations=361 (full 0):
 garbage-first heap   total 1912832K, used 674867K [0x000000008b400000, 0x000000008b503a60, 0x0000000100000000)
  region size 1024K, 41 young (41984K), 41 survivors (41984K)
 Metaspace       used 148065K, capacity 155339K, committed 155568K, reserved 1183744K
  class space    used 19746K, capacity 21111K, committed 21168K, reserved 1048576K
}
 [Times: user=0.21 sys=0.00, real=0.07 secs] 
2020-07-20T10:00:18.566+0000: 3054.502: Total time for which application threads were stopped: 0.0665861 seconds, Stopping threads took: 0.0004562 seconds
{Heap before GC invocations=361 (full 0):
 garbage-first heap   total 1912832K, used 1655859K [0x000000008b400000, 0x000000008b503a60, 0x0000000100000000)
  region size 1024K, 997 young (1020928K), 41 survivors (41984K)
 Metaspace       used 148065K, capacity 155339K, committed 155568K, reserved 1183744K
  class space    used 19746K, capacity 21111K, committed 21168K, reserved 1048576K
2020-07-20T10:00:21.354+0000: 3057.290: [GC pause (G1 Evacuation Pause) (young)
Desired survivor size 65536000 bytes, new threshold 15 (max 15)
- age   1:   25987632 bytes,   25987632 total
- age   2:   13057208 bytes,   39044840 total
- age   3:    1456208 bytes,   40501048 total
, 0.0897995 secs]
   [Parallel Time: 85.6 ms, GC Workers: 4]
      [GC Worker Start (ms): Min: 3057290.7, Avg: 3057290.7, Max: 3057290.8, Diff: 0.1]
      [Ext Root Scanning (ms): Min: 5.0, Avg: 5.1, Max: 5.3, Diff: 0.3, Sum: 20.5]
      [Update RS (ms): Min: 19.5, Avg: 19.7, Max: 20.0, Diff: 0.5, Sum: 78.8]
         [Processed Buffers: Min: 14, Avg: 28.5, Max: 45, Diff: 31, Sum: 114]
      [Scan RS (ms): Min: 0.2, Avg: 0.3, Max: 0.4, Diff: 0.2, Sum: 1.2]
      [Code Root Scanning (ms): Min: 0.0, Avg: 0.0, Max: 0.0, Diff: 0.0, Sum: 0.1]
      [Object Copy (ms): Min: 59.9, Avg: 60.2, Max: 60.4, Diff: 0.5, Sum: 241.0]
      [Termination (ms): Min: 0.0, Avg: 0.0, Max: 0.1, Diff: 0.0, Sum: 0.2]
         [Termination Attempts: Min: 14, Avg: 20.5, Max: 24, Diff: 10, Sum: 82]
      [GC Worker Other (ms): Min: 0.0, Avg: 0.1, Max: 0.1, Diff: 0.1, Sum: 0.3]
      [GC Worker Total (ms): Min: 85.4, Avg: 85.5, Max: 85.5, Diff: 0.1, Sum: 341.9]
      [GC Worker End (ms): Min: 3057376.2, Avg: 3057376.2, Max: 3057376.2, Diff: 0.1]
   [Code Root Fixup: 0.1 ms]
   [Code Root Purge: 0.0 ms]
   [Clear CT: 0.4 ms]
   [Other: 3.7 ms]
      [Choose CSet: 0.0 ms]
      [Ref Proc: 1.9 ms]
      [Ref Enq: 0.1 ms]
      [Redirty Cards: 0.2 ms]
      [Humongous Register: 0.2 ms]
      [Humongous Reclaim: 0.0 ms]
      [Free CSet: 0.8 ms]
   [Eden: 956.0M(956.0M)->0.0B(906.0M) Survivors: 41984.0K->65536.0K Heap: 1617.1M(1868.0M)->684.1M(1868.0M)]
Heap after GC invocations=362 (full 0):
 garbage-first heap   total 1912832K, used 700467K [0x000000008b400000, 0x000000008b503a60, 0x0000000100000000)
  region size 1024K, 64 young (65536K), 64 survivors (65536K)
 Metaspace       used 148065K, capacity 155339K, committed 155568K, reserved 1183744K
  class space    used 19746K, capacity 21111K, committed 21168K, reserved 1048576K
}
 [Times: user=0.30 sys=0.01, real=0.09 secs] 
2020-07-20T10:00:21.445+0000: 3057.380: Total time for which application threads were stopped: 0.0910816 seconds, Stopping threads took: 0.0002730 seconds
{Heap before GC invocations=362 (full 0):
 garbage-first heap   total 1912832K, used 1630259K [0x000000008b400000, 0x000000008b503a60, 0x0000000100000000)
  region size 1024K, 970 young (993280K), 64 survivors (65536K)
 Metaspace       used 148065K, capacity 155339K, committed 155568K, reserved 1183744K
  class space    used 19746K, capacity 21111K, committed 21168K, reserved 1048576K
2020-07-20T10:00:23.910+0000: 3059.845: [GC pause (G1 Evacuation Pause) (young)
Desired survivor size 63963136 bytes, new threshold 4 (max 15)
- age   1:   32171352 bytes,   32171352 total
- age   2:   18453656 bytes,   50625008 total
- age   3:   13056608 bytes,   63681616 total
- age   4:    1454008 bytes,   65135624 total
, 0.0734642 secs]
   [Parallel Time: 69.2 ms, GC Workers: 4]
      [GC Worker Start (ms): Min: 3059845.7, Avg: 3059847.5, Max: 3059852.6, Diff: 6.8]
      [Ext Root Scanning (ms): Min: 0.0, Avg: 4.4, Max: 6.0, Diff: 6.0, Sum: 17.7]
      [Update RS (ms): Min: 21.9, Avg: 22.5, Max: 23.0, Diff: 1.1, Sum: 90.0]
         [Processed Buffers: Min: 8, Avg: 30.5, Max: 49, Diff: 41, Sum: 122]
      [Scan RS (ms): Min: 0.1, Avg: 0.2, Max: 0.3, Diff: 0.2, Sum: 1.0]
      [Code Root Scanning (ms): Min: 0.0, Avg: 0.0, Max: 0.1, Diff: 0.1, Sum: 0.2]
      [Object Copy (ms): Min: 39.8, Avg: 39.9, Max: 40.2, Diff: 0.4, Sum: 159.7]
      [Termination (ms): Min: 0.0, Avg: 0.0, Max: 0.0, Diff: 0.0, Sum: 0.0]
         [Termination Attempts: Min: 1, Avg: 1.0, Max: 1, Diff: 0, Sum: 4]
      [GC Worker Other (ms): Min: 0.0, Avg: 0.2, Max: 0.2, Diff: 0.2, Sum: 0.6]
      [GC Worker Total (ms): Min: 62.1, Avg: 67.3, Max: 69.1, Diff: 7.0, Sum: 269.2]
      [GC Worker End (ms): Min: 3059914.6, Avg: 3059914.7, Max: 3059914.8, Diff: 0.2]
   [Code Root Fixup: 0.1 ms]
   [Code Root Purge: 0.0 ms]
   [Clear CT: 0.3 ms]
   [Other: 3.9 ms]
      [Choose CSet: 0.0 ms]
      [Ref Proc: 2.2 ms]
      [Ref Enq: 0.2 ms]
      [Redirty Cards: 0.2 ms]
      [Humongous Register: 0.1 ms]
      [Humongous Reclaim: 0.1 ms]
      [Free CSet: 0.8 ms]
   [Eden: 906.0M(906.0M)->0.0B(957.0M) Survivors: 65536.0K->38912.0K Heap: 1592.1M(1868.0M)->658.6M(1868.0M)]
Heap after GC invocations=363 (full 0):
 garbage-first heap   total 1912832K, used 674409K [0x000000008b400000, 0x000000008b503a60, 0x0000000100000000)
  region size 1024K, 38 young (38912K), 38 survivors (38912K)
 Metaspace       used 148065K, capacity 155339K, committed 155568K, reserved 1183744K
  class space    used 19746K, capacity 21111K, committed 21168K, reserved 1048576K
}
 [Times: user=0.19 sys=0.01, real=0.08 secs] 
2020-07-20T10:00:23.983+0000: 3059.919: Total time for which application threads were stopped: 0.0770563 seconds, Stopping threads took: 0.0025097 seconds
{Heap before GC invocations=363 (full 0):
 garbage-first heap   total 1912832K, used 1656425K [0x000000008b400000, 0x000000008b503a60, 0x0000000100000000)
  region size 1024K, 995 young (1018880K), 38 survivors (38912K)
 Metaspace       used 148067K, capacity 155339K, committed 155568K, reserved 1183744K
  class space    used 19746K, capacity 21111K, committed 21168K, reserved 1048576K
2020-07-20T10:00:26.282+0000: 3062.217: [GC pause (G1 Evacuation Pause) (young)
Desired survivor size 65536000 bytes, new threshold 15 (max 15)
- age   1:   19932368 bytes,   19932368 total
- age   2:   14781280 bytes,   34713648 total
- age   3:    2551672 bytes,   37265320 total
- age   4:     402360 bytes,   37667680 total
, 0.0874667 secs]
   [Parallel Time: 83.6 ms, GC Workers: 4]
      [GC Worker Start (ms): Min: 3062217.6, Avg: 3062217.6, Max: 3062217.7, Diff: 0.1]
      [Ext Root Scanning (ms): Min: 5.0, Avg: 5.1, Max: 5.2, Diff: 0.2, Sum: 20.5]
      [Update RS (ms): Min: 25.6, Avg: 25.7, Max: 25.9, Diff: 0.2, Sum: 102.8]
         [Processed Buffers: Min: 21, Avg: 34.8, Max: 55, Diff: 34, Sum: 139]
      [Scan RS (ms): Min: 0.2, Avg: 0.3, Max: 0.5, Diff: 0.3, Sum: 1.4]
      [Code Root Scanning (ms): Min: 0.0, Avg: 0.0, Max: 0.0, Diff: 0.0, Sum: 0.1]
      [Object Copy (ms): Min: 52.0, Avg: 52.2, Max: 52.3, Diff: 0.3, Sum: 208.7]
      [Termination (ms): Min: 0.0, Avg: 0.1, Max: 0.1, Diff: 0.1, Sum: 0.2]
         [Termination Attempts: Min: 7, Avg: 8.5, Max: 10, Diff: 3, Sum: 34]
      [GC Worker Other (ms): Min: 0.0, Avg: 0.0, Max: 0.0, Diff: 0.0, Sum: 0.1]
      [GC Worker Total (ms): Min: 83.4, Avg: 83.4, Max: 83.5, Diff: 0.0, Sum: 333.8]
      [GC Worker End (ms): Min: 3062301.1, Avg: 3062301.1, Max: 3062301.1, Diff: 0.0]
   [Code Root Fixup: 0.1 ms]
   [Code Root Purge: 0.0 ms]
   [Clear CT: 0.4 ms]
   [Other: 3.5 ms]
      [Choose CSet: 0.0 ms]
      [Ref Proc: 1.8 ms]
      [Ref Enq: 0.1 ms]
      [Redirty Cards: 0.2 ms]
      [Humongous Register: 0.1 ms]
      [Humongous Reclaim: 0.0 ms]
      [Free CSet: 0.8 ms]
   [Eden: 957.0M(957.0M)->0.0B(921.0M) Survivors: 38912.0K->55296.0K Heap: 1617.6M(1868.0M)->676.6M(1868.0M)]
Heap after GC invocations=364 (full 0):
 garbage-first heap   total 1912832K, used 692841K [0x000000008b400000, 0x000000008b503a60, 0x0000000100000000)
  region size 1024K, 54 young (55296K), 54 survivors (55296K)
 Metaspace       used 148067K, capacity 155339K, committed 155568K, reserved 1183744K
  class space    used 19746K, capacity 21111K, committed 21168K, reserved 1048576K
}
 [Times: user=0.27 sys=0.02, real=0.08 secs] 
2020-07-20T10:00:26.369+0000: 3062.305: Total time for which application threads were stopped: 0.0900136 seconds, Stopping threads took: 0.0017120 seconds
{Heap before GC invocations=364 (full 0):
 garbage-first heap   total 1912832K, used 1635945K [0x000000008b400000, 0x000000008b503a60, 0x0000000100000000)
  region size 1024K, 975 young (998400K), 54 survivors (55296K)
 Metaspace       used 148067K, capacity 155339K, committed 155568K, reserved 1183744K
  class space    used 19746K, capacity 21111K, committed 21168K, reserved 1048576K
2020-07-20T10:00:29.113+0000: 3065.049: [GC pause (G1 Evacuation Pause) (young)
Desired survivor size 63963136 bytes, new threshold 15 (max 15)
- age   1:   24762752 bytes,   24762752 total
- age   2:   12622176 bytes,   37384928 total
- age   3:   14774976 bytes,   52159904 total
- age   4:    2536824 bytes,   54696728 total
- age   5:     393600 bytes,   55090328 total
, 0.0799906 secs]
   [Parallel Time: 75.8 ms, GC Workers: 4]
      [GC Worker Start (ms): Min: 3065049.5, Avg: 3065051.3, Max: 3065056.6, Diff: 7.1]
      [Ext Root Scanning (ms): Min: 1.9, Avg: 8.5, Max: 14.3, Diff: 12.3, Sum: 33.8]
      [Update RS (ms): Min: 31.2, Avg: 32.8, Max: 36.4, Diff: 5.3, Sum: 131.1]
         [Processed Buffers: Min: 20, Avg: 31.8, Max: 50, Diff: 30, Sum: 127]
      [Scan RS (ms): Min: 0.1, Avg: 0.2, Max: 0.6, Diff: 0.5, Sum: 0.9]
      [Code Root Scanning (ms): Min: 0.0, Avg: 0.0, Max: 0.1, Diff: 0.1, Sum: 0.1]
      [Object Copy (ms): Min: 24.8, Avg: 32.3, Max: 35.0, Diff: 10.2, Sum: 129.2]
      [Termination (ms): Min: 0.0, Avg: 0.0, Max: 0.0, Diff: 0.0, Sum: 0.0]
         [Termination Attempts: Min: 1, Avg: 1.0, Max: 1, Diff: 0, Sum: 4]
      [GC Worker Other (ms): Min: 0.1, Avg: 0.1, Max: 0.2, Diff: 0.1, Sum: 0.5]
      [GC Worker Total (ms): Min: 68.5, Avg: 73.9, Max: 75.7, Diff: 7.2, Sum: 295.6]
      [GC Worker End (ms): Min: 3065125.2, Avg: 3065125.2, Max: 3065125.3, Diff: 0.1]
   [Code Root Fixup: 0.0 ms]
   [Code Root Purge: 0.0 ms]
   [Clear CT: 0.4 ms]
   [Other: 3.8 ms]
      [Choose CSet: 0.0 ms]
      [Ref Proc: 1.8 ms]
      [Ref Enq: 0.2 ms]
      [Redirty Cards: 0.3 ms]
      [Humongous Register: 0.1 ms]
      [Humongous Reclaim: 0.1 ms]
      [Free CSet: 0.9 ms]
   [Eden: 921.0M(921.0M)->0.0B(961.0M) Survivors: 55296.0K->36864.0K Heap: 1597.6M(1868.0M)->657.1M(1868.0M)]
Heap after GC invocations=365 (full 0):
 garbage-first heap   total 1912832K, used 672873K [0x000000008b400000, 0x000000008b503a60, 0x0000000100000000)
  region size 1024K, 36 young (36864K), 36 survivors (36864K)
 Metaspace       used 148067K, capacity 155339K, committed 155568K, reserved 1183744K
  class space    used 19746K, capacity 21111K, committed 21168K, reserved 1048576K
}
 [Times: user=0.22 sys=0.00, real=0.08 secs] 
2020-07-20T10:00:29.194+0000: 3065.130: Total time for which application threads were stopped: 0.0837793 seconds, Stopping threads took: 0.0029174 seconds
{Heap before GC invocations=365 (full 0):
 garbage-first heap   total 1912832K, used 1658985K [0x000000008b400000, 0x000000008b503a60, 0x0000000100000000)
  region size 1024K, 997 young (1020928K), 36 survivors (36864K)
 Metaspace       used 148067K, capacity 155339K, committed 155568K, reserved 1183744K
  class space    used 19746K, capacity 21111K, committed 21168K, reserved 1048576K
2020-07-20T10:00:32.050+0000: 3067.986: [GC pause (G1 Evacuation Pause) (young)
Desired survivor size 65536000 bytes, new threshold 15 (max 15)
- age   1:   24349632 bytes,   24349632 total
- age   2:    6931392 bytes,   31281024 total
- age   3:    1075488 bytes,   32356512 total
- age   4:     398872 bytes,   32755384 total
- age   5:    2056112 bytes,   34811496 total
- age   6:     389768 bytes,   35201264 total
, 0.0803729 secs]
   [Parallel Time: 76.3 ms, GC Workers: 4]
      [GC Worker Start (ms): Min: 3067986.5, Avg: 3067986.5, Max: 3067986.5, Diff: 0.0]
      [Ext Root Scanning (ms): Min: 5.2, Avg: 5.3, Max: 5.4, Diff: 0.3, Sum: 21.1]
      [Update RS (ms): Min: 18.7, Avg: 18.9, Max: 19.1, Diff: 0.5, Sum: 75.4]
         [Processed Buffers: Min: 22, Avg: 32.8, Max: 49, Diff: 27, Sum: 131]
      [Scan RS (ms): Min: 0.1, Avg: 0.3, Max: 0.4, Diff: 0.3, Sum: 1.2]
      [Code Root Scanning (ms): Min: 0.0, Avg: 0.0, Max: 0.0, Diff: 0.0, Sum: 0.1]
      [Object Copy (ms): Min: 51.4, Avg: 51.6, Max: 51.7, Diff: 0.3, Sum: 206.3]
      [Termination (ms): Min: 0.0, Avg: 0.0, Max: 0.1, Diff: 0.0, Sum: 0.2]
         [Termination Attempts: Min: 6, Avg: 12.5, Max: 16, Diff: 10, Sum: 50]
      [GC Worker Other (ms): Min: 0.0, Avg: 0.0, Max: 0.0, Diff: 0.0, Sum: 0.1]
      [GC Worker Total (ms): Min: 76.1, Avg: 76.1, Max: 76.1, Diff: 0.0, Sum: 304.4]
      [GC Worker End (ms): Min: 3068062.6, Avg: 3068062.6, Max: 3068062.6, Diff: 0.0]
   [Code Root Fixup: 0.0 ms]
   [Code Root Purge: 0.0 ms]
   [Clear CT: 0.4 ms]
   [Other: 3.7 ms]
      [Choose CSet: 0.0 ms]
      [Ref Proc: 2.0 ms]
      [Ref Enq: 0.2 ms]
      [Redirty Cards: 0.2 ms]
      [Humongous Register: 0.1 ms]
      [Humongous Reclaim: 0.0 ms]
      [Free CSet: 0.9 ms]
   [Eden: 961.0M(961.0M)->0.0B(923.0M) Survivors: 36864.0K->54272.0K Heap: 1620.1M(1868.0M)->676.1M(1868.0M)]
Heap after GC invocations=366 (full 0):
 garbage-first heap   total 1912832K, used 692329K [0x000000008b400000, 0x000000008b503a60, 0x0000000100000000)
  region size 1024K, 53 young (54272K), 53 survivors (54272K)
 Metaspace       used 148067K, capacity 155339K, committed 155568K, reserved 1183744K
  class space    used 19746K, capacity 21111K, committed 21168K, reserved 1048576K
}
 [Times: user=0.26 sys=0.00, real=0.08 secs] 
2020-07-20T10:00:32.131+0000: 3068.067: Total time for which application threads were stopped: 0.0874357 seconds, Stopping threads took: 0.0061267 seconds
{Heap before GC invocations=366 (full 0):
 garbage-first heap   total 1912832K, used 1637481K [0x000000008b400000, 0x000000008b503a60, 0x0000000100000000)
  region size 1024K, 976 young (999424K), 53 survivors (54272K)
 Metaspace       used 148080K, capacity 155347K, committed 155568K, reserved 1183744K
  class space    used 19746K, capacity 21111K, committed 21168K, reserved 1048576K
2020-07-20T10:00:34.806+0000: 3070.742: [GC pause (G1 Evacuation Pause) (young)
Desired survivor size 63963136 bytes, new threshold 15 (max 15)
- age   1:   27577152 bytes,   27577152 total
- age   2:   16296440 bytes,   43873592 total
- age   3:    6925168 bytes,   50798760 total
- age   4:    1071072 bytes,   51869832 total
- age   5:     398400 bytes,   52268232 total
- age   6:    2044632 bytes,   54312864 total
- age   7:     389104 bytes,   54701968 total
, 0.0700022 secs]
   [Parallel Time: 65.4 ms, GC Workers: 4]
      [GC Worker Start (ms): Min: 3070741.9, Avg: 3070742.0, Max: 3070742.0, Diff: 0.1]
      [Ext Root Scanning (ms): Min: 5.5, Avg: 5.7, Max: 5.9, Diff: 0.3, Sum: 22.6]
      [Update RS (ms): Min: 22.4, Avg: 22.6, Max: 23.2, Diff: 0.8, Sum: 90.6]
         [Processed Buffers: Min: 27, Avg: 33.2, Max: 45, Diff: 18, Sum: 133]
      [Scan RS (ms): Min: 0.1, Avg: 0.3, Max: 0.4, Diff: 0.3, Sum: 1.2]
      [Code Root Scanning (ms): Min: 0.0, Avg: 0.0, Max: 0.1, Diff: 0.1, Sum: 0.1]
      [Object Copy (ms): Min: 36.4, Avg: 36.6, Max: 36.9, Diff: 0.5, Sum: 146.5]
      [Termination (ms): Min: 0.0, Avg: 0.0, Max: 0.0, Diff: 0.0, Sum: 0.0]
         [Termination Attempts: Min: 1, Avg: 1.0, Max: 1, Diff: 0, Sum: 4]
      [GC Worker Other (ms): Min: 0.0, Avg: 0.0, Max: 0.1, Diff: 0.0, Sum: 0.1]
      [GC Worker Total (ms): Min: 65.2, Avg: 65.3, Max: 65.3, Diff: 0.1, Sum: 261.2]
      [GC Worker End (ms): Min: 3070807.2, Avg: 3070807.3, Max: 3070807.3, Diff: 0.0]
   [Code Root Fixup: 0.0 ms]
   [Code Root Purge: 0.0 ms]
   [Clear CT: 0.5 ms]
   [Other: 4.0 ms]
      [Choose CSet: 0.0 ms]
      [Ref Proc: 2.3 ms]
      [Ref Enq: 0.1 ms]
      [Redirty Cards: 0.3 ms]
      [Humongous Register: 0.1 ms]
      [Humongous Reclaim: 0.1 ms]
      [Free CSet: 0.8 ms]
   [Eden: 923.0M(923.0M)->0.0B(959.0M) Survivors: 54272.0K->37888.0K Heap: 1599.1M(1868.0M)->658.1M(1868.0M)]
Heap after GC invocations=367 (full 0):
 garbage-first heap   total 1912832K, used 673897K [0x000000008b400000, 0x000000008b503a60, 0x0000000100000000)
  region size 1024K, 37 young (37888K), 37 survivors (37888K)
 Metaspace       used 148080K, capacity 155347K, committed 155568K, reserved 1183744K
  class space    used 19746K, capacity 21111K, committed 21168K, reserved 1048576K
}
 [Times: user=0.21 sys=0.02, real=0.07 secs] 
2020-07-20T10:00:34.876+0000: 3070.812: Total time for which application threads were stopped: 0.0731314 seconds, Stopping threads took: 0.0019278 seconds
{Heap before GC invocations=367 (full 0):
 garbage-first heap   total 1912832K, used 1657961K [0x000000008b400000, 0x000000008b503a60, 0x0000000100000000)
  region size 1024K, 996 young (1019904K), 37 survivors (37888K)
 Metaspace       used 148080K, capacity 155347K, committed 155568K, reserved 1183744K
  class space    used 19746K, capacity 21111K, committed 21168K, reserved 1048576K
2020-07-20T10:00:37.717+0000: 3073.653: [GC pause (G1 Evacuation Pause) (young)
Desired survivor size 65536000 bytes, new threshold 15 (max 15)
- age   1:   25846280 bytes,   25846280 total
- age   2:    5820992 bytes,   31667272 total
- age   3:     719120 bytes,   32386392 total
- age   4:    1041536 bytes,   33427928 total
- age   5:    1061136 bytes,   34489064 total
- age   6:     395488 bytes,   34884552 total
- age   7:    2029912 bytes,   36914464 total
- age   8:     388880 bytes,   37303344 total
, 0.0879314 secs]
   [Parallel Time: 83.4 ms, GC Workers: 4]
      [GC Worker Start (ms): Min: 3073653.6, Avg: 3073654.3, Max: 3073656.6, Diff: 3.0]
      [Ext Root Scanning (ms): Min: 3.6, Avg: 5.8, Max: 6.7, Diff: 3.2, Sum: 23.1]
      [Update RS (ms): Min: 22.4, Avg: 22.5, Max: 22.6, Diff: 0.1, Sum: 89.9]
         [Processed Buffers: Min: 13, Avg: 31.8, Max: 52, Diff: 39, Sum: 127]
      [Scan RS (ms): Min: 0.2, Avg: 0.3, Max: 0.3, Diff: 0.1, Sum: 1.1]
      [Code Root Scanning (ms): Min: 0.0, Avg: 0.0, Max: 0.1, Diff: 0.0, Sum: 0.1]
      [Object Copy (ms): Min: 53.6, Avg: 53.8, Max: 54.0, Diff: 0.4, Sum: 215.2]
      [Termination (ms): Min: 0.0, Avg: 0.0, Max: 0.0, Diff: 0.0, Sum: 0.1]
         [Termination Attempts: Min: 7, Avg: 15.2, Max: 25, Diff: 18, Sum: 61]
      [GC Worker Other (ms): Min: 0.0, Avg: 0.1, Max: 0.1, Diff: 0.1, Sum: 0.3]
      [GC Worker Total (ms): Min: 80.2, Avg: 82.5, Max: 83.3, Diff: 3.1, Sum: 329.8]
      [GC Worker End (ms): Min: 3073736.8, Avg: 3073736.8, Max: 3073736.8, Diff: 0.1]
   [Code Root Fixup: 0.1 ms]
   [Code Root Purge: 0.0 ms]
   [Clear CT: 0.5 ms]
   [Other: 4.0 ms]
      [Choose CSet: 0.0 ms]
      [Ref Proc: 2.1 ms]
      [Ref Enq: 0.2 ms]
      [Redirty Cards: 0.4 ms]
      [Humongous Register: 0.1 ms]
      [Humongous Reclaim: 0.0 ms]
      [Free CSet: 0.9 ms]
   [Eden: 959.0M(959.0M)->0.0B(911.0M) Survivors: 37888.0K->60416.0K Heap: 1619.1M(1868.0M)->681.6M(1868.0M)]
Heap after GC invocations=368 (full 0):
 garbage-first heap   total 1912832K, used 697961K [0x000000008b400000, 0x000000008b503a60, 0x0000000100000000)
  region size 1024K, 59 young (60416K), 59 survivors (60416K)
 Metaspace       used 148080K, capacity 155347K, committed 155568K, reserved 1183744K
  class space    used 19746K, capacity 21111K, committed 21168K, reserved 1048576K
}
 [Times: user=0.29 sys=0.00, real=0.09 secs] 
2020-07-20T10:00:37.806+0000: 3073.742: Total time for which application threads were stopped: 0.0953616 seconds, Stopping threads took: 0.0061411 seconds
{Heap before GC invocations=368 (full 0):
 garbage-first heap   total 1912832K, used 1630825K [0x000000008b400000, 0x000000008b503a60, 0x0000000100000000)
  region size 1024K, 970 young (993280K), 59 survivors (60416K)
 Metaspace       used 148084K, capacity 155347K, committed 155568K, reserved 1183744K
  class space    used 19746K, capacity 21111K, committed 21168K, reserved 1048576K
2020-07-20T10:00:40.489+0000: 3076.425: [GC pause (G1 Evacuation Pause) (young)
Desired survivor size 63963136 bytes, new threshold 15 (max 15)
- age   1:   30452704 bytes,   30452704 total
- age   2:   17909984 bytes,   48362688 total
- age   3:    5811080 bytes,   54173768 total
- age   4:     715808 bytes,   54889576 total
- age   5:    1040264 bytes,   55929840 total
- age   6:    1056656 bytes,   56986496 total
- age   7:     391424 bytes,   57377920 total
- age   8:    2028344 bytes,   59406264 total
- age   9:     388848 bytes,   59795112 total
, 0.0603147 secs]
   [Parallel Time: 56.0 ms, GC Workers: 4]
      [GC Worker Start (ms): Min: 3076425.5, Avg: 3076425.5, Max: 3076425.5, Diff: 0.1]
      [Ext Root Scanning (ms): Min: 4.9, Avg: 5.0, Max: 5.1, Diff: 0.2, Sum: 20.0]
      [Update RS (ms): Min: 17.5, Avg: 17.9, Max: 18.7, Diff: 1.2, Sum: 71.5]
         [Processed Buffers: Min: 24, Avg: 32.5, Max: 50, Diff: 26, Sum: 130]
      [Scan RS (ms): Min: 0.2, Avg: 0.3, Max: 0.4, Diff: 0.2, Sum: 1.1]
      [Code Root Scanning (ms): Min: 0.0, Avg: 0.0, Max: 0.0, Diff: 0.0, Sum: 0.1]
      [Object Copy (ms): Min: 32.1, Avg: 32.7, Max: 33.0, Diff: 0.9, Sum: 130.8]
      [Termination (ms): Min: 0.0, Avg: 0.0, Max: 0.0, Diff: 0.0, Sum: 0.0]
         [Termination Attempts: Min: 1, Avg: 3.5, Max: 6, Diff: 5, Sum: 14]
      [GC Worker Other (ms): Min: 0.0, Avg: 0.0, Max: 0.1, Diff: 0.1, Sum: 0.2]
      [GC Worker Total (ms): Min: 55.9, Avg: 55.9, Max: 56.0, Diff: 0.1, Sum: 223.8]
      [GC Worker End (ms): Min: 3076481.4, Avg: 3076481.4, Max: 3076481.4, Diff: 0.0]
   [Code Root Fixup: 0.0 ms]
   [Code Root Purge: 0.0 ms]
   [Clear CT: 0.4 ms]
   [Other: 3.8 ms]
      [Choose CSet: 0.0 ms]
      [Ref Proc: 2.1 ms]
      [Ref Enq: 0.1 ms]
      [Redirty Cards: 0.3 ms]
      [Humongous Register: 0.1 ms]
      [Humongous Reclaim: 0.1 ms]
      [Free CSet: 0.8 ms]
   [Eden: 911.0M(911.0M)->0.0B(959.0M) Survivors: 60416.0K->37888.0K Heap: 1592.6M(1868.0M)->658.1M(1868.0M)]
Heap after GC invocations=369 (full 0):
 garbage-first heap   total 1912832K, used 673897K [0x000000008b400000, 0x000000008b503a60, 0x0000000100000000)
  region size 1024K, 37 young (37888K), 37 survivors (37888K)
 Metaspace       used 148084K, capacity 155347K, committed 155568K, reserved 1183744K
  class space    used 19746K, capacity 21111K, committed 21168K, reserved 1048576K
}
 [Times: user=0.20 sys=0.01, real=0.06 secs] 
2020-07-20T10:00:40.550+0000: 3076.486: Total time for which application threads were stopped: 0.0640391 seconds, Stopping threads took: 0.0028696 seconds
{Heap before GC invocations=369 (full 0):
 garbage-first heap   total 1912832K, used 1657961K [0x000000008b400000, 0x000000008b503a60, 0x0000000100000000)
  region size 1024K, 996 young (1019904K), 37 survivors (37888K)
 Metaspace       used 148084K, capacity 155347K, committed 155568K, reserved 1183744K
  class space    used 19746K, capacity 21111K, committed 21168K, reserved 1048576K
2020-07-20T10:00:43.146+0000: 3079.082: [GC pause (G1 Evacuation Pause) (young)
Desired survivor size 65536000 bytes, new threshold 15 (max 15)
- age   1:   23753184 bytes,   23753184 total
- age   2:    7148800 bytes,   30901984 total
- age   3:     459920 bytes,   31361904 total
- age   4:     726104 bytes,   32088008 total
- age   5:     327328 bytes,   32415336 total
- age   6:     588200 bytes,   33003536 total
- age   7:     714840 bytes,   33718376 total
- age   8:     391296 bytes,   34109672 total
- age   9:    2009616 bytes,   36119288 total
- age  10:     388848 bytes,   36508136 total
, 0.0901435 secs]
   [Parallel Time: 85.7 ms, GC Workers: 4]
      [GC Worker Start (ms): Min: 3079082.2, Avg: 3079082.2, Max: 3079082.2, Diff: 0.1]
      [Ext Root Scanning (ms): Min: 4.9, Avg: 5.0, Max: 5.2, Diff: 0.2, Sum: 20.1]
      [Update RS (ms): Min: 20.3, Avg: 20.5, Max: 20.8, Diff: 0.5, Sum: 82.0]
         [Processed Buffers: Min: 27, Avg: 29.5, Max: 36, Diff: 9, Sum: 118]
      [Scan RS (ms): Min: 0.1, Avg: 0.3, Max: 0.3, Diff: 0.2, Sum: 1.0]
      [Code Root Scanning (ms): Min: 0.0, Avg: 0.0, Max: 0.0, Diff: 0.0, Sum: 0.1]
      [Object Copy (ms): Min: 59.3, Avg: 59.5, Max: 59.6, Diff: 0.3, Sum: 238.0]
      [Termination (ms): Min: 0.0, Avg: 0.1, Max: 0.1, Diff: 0.1, Sum: 0.4]
         [Termination Attempts: Min: 2, Avg: 4.2, Max: 8, Diff: 6, Sum: 17]
      [GC Worker Other (ms): Min: 0.0, Avg: 0.0, Max: 0.0, Diff: 0.0, Sum: 0.1]
      [GC Worker Total (ms): Min: 85.4, Avg: 85.4, Max: 85.5, Diff: 0.1, Sum: 341.7]
      [GC Worker End (ms): Min: 3079167.6, Avg: 3079167.6, Max: 3079167.6, Diff: 0.0]
   [Code Root Fixup: 0.0 ms]
   [Code Root Purge: 0.0 ms]
   [Clear CT: 0.4 ms]
   [Other: 4.1 ms]
      [Choose CSet: 0.0 ms]
      [Ref Proc: 2.0 ms]
      [Ref Enq: 0.1 ms]
      [Redirty Cards: 0.2 ms]
      [Humongous Register: 0.1 ms]
      [Humongous Reclaim: 0.1 ms]
      [Free CSet: 0.8 ms]
   [Eden: 959.0M(959.0M)->0.0B(903.0M) Survivors: 37888.0K->64512.0K Heap: 1619.1M(1868.0M)->686.1M(1868.0M)]
Heap after GC invocations=370 (full 0):
 garbage-first heap   total 1912832K, used 702569K [0x000000008b400000, 0x000000008b503a60, 0x0000000100000000)
  region size 1024K, 63 young (64512K), 63 survivors (64512K)
 Metaspace       used 148084K, capacity 155347K, committed 155568K, reserved 1183744K
  class space    used 19746K, capacity 21111K, committed 21168K, reserved 1048576K
}
 [Times: user=0.28 sys=0.01, real=0.09 secs] 
2020-07-20T10:00:43.236+0000: 3079.172: Total time for which application threads were stopped: 0.0977055 seconds, Stopping threads took: 0.0063310 seconds
{Heap before GC invocations=370 (full 0):
 garbage-first heap   total 1912832K, used 1629289K [0x000000008b400000, 0x000000008b503a60, 0x0000000100000000)
  region size 1024K, 966 young (989184K), 63 survivors (64512K)
 Metaspace       used 148084K, capacity 155347K, committed 155568K, reserved 1183744K
  class space    used 19746K, capacity 21111K, committed 21168K, reserved 1048576K
2020-07-20T10:00:46.143+0000: 3082.079: [GC pause (G1 Evacuation Pause) (young)
Desired survivor size 63438848 bytes, new threshold 10 (max 15)
- age   1:   34485136 bytes,   34485136 total
- age   2:   16805440 bytes,   51290576 total
- age   3:    7124520 bytes,   58415096 total
- age   4:     459400 bytes,   58874496 total
- age   5:     725960 bytes,   59600456 total
- age   6:     320520 bytes,   59920976 total
- age   7:     586856 bytes,   60507832 total
- age   8:     713992 bytes,   61221824 total
- age   9:     391232 bytes,   61613056 total
- age  10:    2004040 bytes,   63617096 total
- age  11:     388048 bytes,   64005144 total
, 0.0739568 secs]
   [Parallel Time: 69.8 ms, GC Workers: 4]
      [GC Worker Start (ms): Min: 3082079.3, Avg: 3082079.4, Max: 3082079.4, Diff: 0.1]
      [Ext Root Scanning (ms): Min: 4.9, Avg: 5.1, Max: 5.2, Diff: 0.3, Sum: 20.3]
      [Update RS (ms): Min: 25.9, Avg: 26.1, Max: 26.3, Diff: 0.4, Sum: 104.3]
         [Processed Buffers: Min: 19, Avg: 31.5, Max: 44, Diff: 25, Sum: 126]
      [Scan RS (ms): Min: 0.1, Avg: 0.3, Max: 0.4, Diff: 0.3, Sum: 1.1]
      [Code Root Scanning (ms): Min: 0.0, Avg: 0.0, Max: 0.1, Diff: 0.1, Sum: 0.1]
      [Object Copy (ms): Min: 38.0, Avg: 38.1, Max: 38.2, Diff: 0.2, Sum: 152.4]
      [Termination (ms): Min: 0.0, Avg: 0.0, Max: 0.0, Diff: 0.0, Sum: 0.1]
         [Termination Attempts: Min: 1, Avg: 1.8, Max: 3, Diff: 2, Sum: 7]
      [GC Worker Other (ms): Min: 0.0, Avg: 0.0, Max: 0.0, Diff: 0.0, Sum: 0.1]
      [GC Worker Total (ms): Min: 69.6, Avg: 69.6, Max: 69.6, Diff: 0.1, Sum: 278.4]
      [GC Worker End (ms): Min: 3082149.0, Avg: 3082149.0, Max: 3082149.0, Diff: 0.0]
   [Code Root Fixup: 0.1 ms]
   [Code Root Purge: 0.0 ms]
   [Clear CT: 0.3 ms]
   [Other: 3.8 ms]
      [Choose CSet: 0.0 ms]
      [Ref Proc: 1.8 ms]
      [Ref Enq: 0.2 ms]
      [Redirty Cards: 0.3 ms]
      [Humongous Register: 0.2 ms]
      [Humongous Reclaim: 0.1 ms]
      [Free CSet: 0.8 ms]
   [Eden: 903.0M(903.0M)->0.0B(951.0M) Survivors: 64512.0K->40960.0K Heap: 1591.1M(1868.0M)->662.8M(1868.0M)]
Heap after GC invocations=371 (full 0):
 garbage-first heap   total 1912832K, used 678674K [0x000000008b400000, 0x000000008b503a60, 0x0000000100000000)
  region size 1024K, 40 young (40960K), 40 survivors (40960K)
 Metaspace       used 148084K, capacity 155347K, committed 155568K, reserved 1183744K
  class space    used 19746K, capacity 21111K, committed 21168K, reserved 1048576K
}
 [Times: user=0.23 sys=0.01, real=0.07 secs] 
2020-07-20T10:00:46.217+0000: 3082.153: Total time for which application threads were stopped: 0.0788523 seconds, Stopping threads took: 0.0039406 seconds
{Heap before GC invocations=371 (full 0):
 garbage-first heap   total 1912832K, used 1654546K [0x000000008b400000, 0x000000008b503a60, 0x0000000100000000)
  region size 1024K, 991 young (1014784K), 40 survivors (40960K)
 Metaspace       used 148084K, capacity 155347K, committed 155568K, reserved 1183744K
  class space    used 19746K, capacity 21111K, committed 21168K, reserved 1048576K
2020-07-20T10:00:49.613+0000: 3085.549: [GC pause (G1 Evacuation Pause) (young)
Desired survivor size 65011712 bytes, new threshold 15 (max 15)
- age   1:   26644760 bytes,   26644760 total
- age   2:    9607448 bytes,   36252208 total
- age   3:     245456 bytes,   36497664 total
- age   4:     283984 bytes,   36781648 total
- age   5:     285768 bytes,   37067416 total
- age   6:     672408 bytes,   37739824 total
- age   7:     279024 bytes,   38018848 total
- age   8:     541168 bytes,   38560016 total
- age   9:     678712 bytes,   39238728 total
- age  10:     384408 bytes,   39623136 total
, 0.0939495 secs]
   [Parallel Time: 89.4 ms, GC Workers: 4]
      [GC Worker Start (ms): Min: 3085549.5, Avg: 3085551.3, Max: 3085556.6, Diff: 7.0]
      [Ext Root Scanning (ms): Min: 0.0, Avg: 4.3, Max: 5.8, Diff: 5.8, Sum: 17.2]
      [Update RS (ms): Min: 22.8, Avg: 23.7, Max: 24.1, Diff: 1.3, Sum: 94.9]
         [Processed Buffers: Min: 17, Avg: 34.0, Max: 61, Diff: 44, Sum: 136]
      [Scan RS (ms): Min: 0.2, Avg: 0.3, Max: 0.4, Diff: 0.1, Sum: 1.2]
      [Code Root Scanning (ms): Min: 0.0, Avg: 0.0, Max: 0.1, Diff: 0.1, Sum: 0.1]
      [Object Copy (ms): Min: 59.0, Avg: 59.1, Max: 59.4, Diff: 0.4, Sum: 236.5]
      [Termination (ms): Min: 0.0, Avg: 0.0, Max: 0.0, Diff: 0.0, Sum: 0.0]
         [Termination Attempts: Min: 1, Avg: 1.0, Max: 1, Diff: 0, Sum: 4]
      [GC Worker Other (ms): Min: 0.0, Avg: 0.0, Max: 0.1, Diff: 0.1, Sum: 0.2]
      [GC Worker Total (ms): Min: 82.2, Avg: 87.5, Max: 89.3, Diff: 7.1, Sum: 350.0]
      [GC Worker End (ms): Min: 3085638.8, Avg: 3085638.8, Max: 3085638.8, Diff: 0.1]
   [Code Root Fixup: 0.1 ms]
   [Code Root Purge: 0.0 ms]
   [Clear CT: 0.5 ms]
   [Other: 4.1 ms]
      [Choose CSet: 0.0 ms]
      [Ref Proc: 2.2 ms]
      [Ref Enq: 0.2 ms]
      [Redirty Cards: 0.3 ms]
      [Humongous Register: 0.1 ms]
      [Humongous Reclaim: 0.0 ms]
      [Free CSet: 0.8 ms]
   [Eden: 951.0M(951.0M)->0.0B(899.0M) Survivors: 40960.0K->65536.0K Heap: 1615.8M(1868.0M)->689.3M(1868.0M)]
Heap after GC invocations=372 (full 0):
 garbage-first heap   total 1912832K, used 705810K [0x000000008b400000, 0x000000008b503a60, 0x0000000100000000)
  region size 1024K, 64 young (65536K), 64 survivors (65536K)
 Metaspace       used 148084K, capacity 155347K, committed 155568K, reserved 1183744K
  class space    used 19746K, capacity 21111K, committed 21168K, reserved 1048576K
}
 [Times: user=0.29 sys=0.01, real=0.09 secs] 
2020-07-20T10:00:49.708+0000: 3085.644: Total time for which application threads were stopped: 0.0960713 seconds, Stopping threads took: 0.0012365 seconds
{Heap before GC invocations=372 (full 0):
 garbage-first heap   total 1912832K, used 1626386K [0x000000008b400000, 0x000000008b503a60, 0x0000000100000000)
  region size 1024K, 963 young (986112K), 64 survivors (65536K)
 Metaspace       used 148084K, capacity 155347K, committed 155568K, reserved 1183744K
  class space    used 19746K, capacity 21111K, committed 21168K, reserved 1048576K
2020-07-20T10:00:52.258+0000: 3088.194: [GC pause (G1 Evacuation Pause) (young)
Desired survivor size 63438848 bytes, new threshold 7 (max 15)
- age   1:   34245808 bytes,   34245808 total
- age   2:   18204528 bytes,   52450336 total
- age   3:    9601680 bytes,   62052016 total
- age   4:     244120 bytes,   62296136 total
- age   5:     279176 bytes,   62575312 total
- age   6:     264592 bytes,   62839904 total
- age   7:     666336 bytes,   63506240 total
- age   8:     276976 bytes,   63783216 total
- age   9:     539264 bytes,   64322480 total
- age  10:     675544 bytes,   64998024 total
- age  11:     383504 bytes,   65381528 total
, 0.0750056 secs]
   [Parallel Time: 70.7 ms, GC Workers: 4]
      [GC Worker Start (ms): Min: 3088194.0, Avg: 3088194.0, Max: 3088194.1, Diff: 0.1]
      [Ext Root Scanning (ms): Min: 4.8, Avg: 4.9, Max: 5.1, Diff: 0.2, Sum: 19.7]
      [Update RS (ms): Min: 17.6, Avg: 17.8, Max: 18.1, Diff: 0.5, Sum: 71.4]
         [Processed Buffers: Min: 18, Avg: 28.8, Max: 45, Diff: 27, Sum: 115]
      [Scan RS (ms): Min: 0.1, Avg: 0.3, Max: 0.4, Diff: 0.3, Sum: 1.1]
      [Code Root Scanning (ms): Min: 0.0, Avg: 0.0, Max: 0.1, Diff: 0.1, Sum: 0.1]
      [Object Copy (ms): Min: 47.2, Avg: 47.4, Max: 47.5, Diff: 0.2, Sum: 189.4]
      [Termination (ms): Min: 0.0, Avg: 0.1, Max: 0.1, Diff: 0.1, Sum: 0.3]
         [Termination Attempts: Min: 7, Avg: 12.2, Max: 15, Diff: 8, Sum: 49]
      [GC Worker Other (ms): Min: 0.0, Avg: 0.0, Max: 0.0, Diff: 0.0, Sum: 0.1]
      [GC Worker Total (ms): Min: 70.5, Avg: 70.5, Max: 70.6, Diff: 0.1, Sum: 282.1]
      [GC Worker End (ms): Min: 3088264.5, Avg: 3088264.6, Max: 3088264.6, Diff: 0.1]
   [Code Root Fixup: 0.0 ms]
   [Code Root Purge: 0.0 ms]
   [Clear CT: 0.4 ms]
   [Other: 3.8 ms]
      [Choose CSet: 0.0 ms]
      [Ref Proc: 2.1 ms]
      [Ref Enq: 0.1 ms]
      [Redirty Cards: 0.3 ms]
      [Humongous Register: 0.1 ms]
      [Humongous Reclaim: 0.1 ms]
      [Free CSet: 0.8 ms]
   [Eden: 899.0M(899.0M)->0.0B(937.0M) Survivors: 65536.0K->47104.0K Heap: 1588.3M(1868.0M)->671.8M(1868.0M)]
Heap after GC invocations=373 (full 0):
 garbage-first heap   total 1912832K, used 687887K [0x000000008b400000, 0x000000008b503a60, 0x0000000100000000)
  region size 1024K, 46 young (47104K), 46 survivors (47104K)
 Metaspace       used 148084K, capacity 155347K, committed 155568K, reserved 1183744K
  class space    used 19746K, capacity 21111K, committed 21168K, reserved 1048576K
}
 [Times: user=0.24 sys=0.00, real=0.08 secs] 
2020-07-20T10:00:52.333+0000: 3088.269: Total time for which application threads were stopped: 0.0760629 seconds, Stopping threads took: 0.0001987 seconds
{Heap before GC invocations=373 (full 0):
 garbage-first heap   total 1912832K, used 1651471K [0x000000008b400000, 0x000000008b503a60, 0x0000000100000000)
  region size 1024K, 983 young (1006592K), 46 survivors (47104K)
 Metaspace       used 148088K, capacity 155347K, committed 155568K, reserved 1183744K
  class space    used 19746K, capacity 21111K, committed 21168K, reserved 1048576K
2020-07-20T10:00:54.874+0000: 3090.810: [GC pause (G1 Evacuation Pause) (young)
Desired survivor size 64487424 bytes, new threshold 15 (max 15)
- age   1:   29042912 bytes,   29042912 total
- age   2:   14256064 bytes,   43298976 total
- age   3:    1156200 bytes,   44455176 total
- age   4:     294512 bytes,   44749688 total
- age   5:     240840 bytes,   44990528 total
- age   6:     274568 bytes,   45265096 total
- age   7:     264432 bytes,   45529528 total
, 0.0669376 secs]
   [Parallel Time: 62.7 ms, GC Workers: 4]
      [GC Worker Start (ms): Min: 3090810.7, Avg: 3090812.3, Max: 3090816.8, Diff: 6.0]
      [Ext Root Scanning (ms): Min: 0.0, Avg: 4.2, Max: 5.7, Diff: 5.7, Sum: 16.9]
      [Update RS (ms): Min: 27.5, Avg: 27.6, Max: 27.6, Diff: 0.2, Sum: 110.3]
         [Processed Buffers: Min: 20, Avg: 35.5, Max: 58, Diff: 38, Sum: 142]
      [Scan RS (ms): Min: 0.3, Avg: 0.4, Max: 0.8, Diff: 0.5, Sum: 1.7]
      [Code Root Scanning (ms): Min: 0.0, Avg: 0.0, Max: 0.0, Diff: 0.0, Sum: 0.1]
      [Object Copy (ms): Min: 28.2, Avg: 28.7, Max: 29.0, Diff: 0.8, Sum: 114.7]
      [Termination (ms): Min: 0.0, Avg: 0.0, Max: 0.0, Diff: 0.0, Sum: 0.0]
         [Termination Attempts: Min: 1, Avg: 2.0, Max: 3, Diff: 2, Sum: 8]
      [GC Worker Other (ms): Min: 0.0, Avg: 0.0, Max: 0.1, Diff: 0.1, Sum: 0.2]
      [GC Worker Total (ms): Min: 56.5, Avg: 61.0, Max: 62.5, Diff: 6.1, Sum: 243.8]
      [GC Worker End (ms): Min: 3090873.2, Avg: 3090873.2, Max: 3090873.3, Diff: 0.1]
   [Code Root Fixup: 0.0 ms]
   [Code Root Purge: 0.0 ms]
   [Clear CT: 0.3 ms]
   [Other: 3.9 ms]
      [Choose CSet: 0.0 ms]
      [Ref Proc: 2.0 ms]
      [Ref Enq: 0.1 ms]
      [Redirty Cards: 0.3 ms]
      [Humongous Register: 0.2 ms]
      [Humongous Reclaim: 0.1 ms]
      [Free CSet: 0.9 ms]
   [Eden: 937.0M(937.0M)->0.0B(957.0M) Survivors: 47104.0K->30720.0K Heap: 1612.8M(1868.0M)->657.8M(1868.0M)]
Heap after GC invocations=374 (full 0):
 garbage-first heap   total 1912832K, used 673551K [0x000000008b400000, 0x000000008b503a60, 0x0000000100000000)
  region size 1024K, 30 young (30720K), 30 survivors (30720K)
 Metaspace       used 148088K, capacity 155347K, committed 155568K, reserved 1183744K
  class space    used 19746K, capacity 21111K, committed 21168K, reserved 1048576K
}
 [Times: user=0.18 sys=0.02, real=0.07 secs] 
2020-07-20T10:00:54.942+0000: 3090.877: Total time for which application threads were stopped: 0.0744710 seconds, Stopping threads took: 0.0063558 seconds
{Heap before GC invocations=374 (full 0):
 garbage-first heap   total 1912832K, used 1653519K [0x000000008b400000, 0x000000008b503a60, 0x0000000100000000)
  region size 1024K, 987 young (1010688K), 30 survivors (30720K)
 Metaspace       used 148088K, capacity 155347K, committed 155568K, reserved 1183744K
  class space    used 19746K, capacity 21111K, committed 21168K, reserved 1048576K
2020-07-20T10:00:57.717+0000: 3093.653: [GC pause (G1 Evacuation Pause) (young)
Desired survivor size 65011712 bytes, new threshold 15 (max 15)
- age   1:   24584040 bytes,   24584040 total
- age   2:     456968 bytes,   25041008 total
- age   3:    2071280 bytes,   27112288 total
- age   4:    1059488 bytes,   28171776 total
- age   5:     113624 bytes,   28285400 total
- age   6:     121304 bytes,   28406704 total
- age   7:     168384 bytes,   28575088 total
- age   8:     148992 bytes,   28724080 total
, 0.0715570 secs]
   [Parallel Time: 67.2 ms, GC Workers: 4]
      [GC Worker Start (ms): Min: 3093653.6, Avg: 3093653.6, Max: 3093653.7, Diff: 0.1]
      [Ext Root Scanning (ms): Min: 5.0, Avg: 5.1, Max: 5.3, Diff: 0.2, Sum: 20.5]
      [Update RS (ms): Min: 18.7, Avg: 19.2, Max: 20.0, Diff: 1.4, Sum: 76.7]
         [Processed Buffers: Min: 13, Avg: 29.0, Max: 54, Diff: 41, Sum: 116]
      [Scan RS (ms): Min: 0.1, Avg: 0.3, Max: 0.4, Diff: 0.3, Sum: 1.1]
      [Code Root Scanning (ms): Min: 0.0, Avg: 0.0, Max: 0.0, Diff: 0.0, Sum: 0.1]
      [Object Copy (ms): Min: 41.6, Avg: 42.4, Max: 42.8, Diff: 1.2, Sum: 169.6]
      [Termination (ms): Min: 0.0, Avg: 0.1, Max: 0.1, Diff: 0.1, Sum: 0.2]
         [Termination Attempts: Min: 5, Avg: 12.0, Max: 17, Diff: 12, Sum: 48]
      [GC Worker Other (ms): Min: 0.0, Avg: 0.1, Max: 0.1, Diff: 0.1, Sum: 0.2]
      [GC Worker Total (ms): Min: 67.1, Avg: 67.1, Max: 67.1, Diff: 0.1, Sum: 268.4]
      [GC Worker End (ms): Min: 3093720.7, Avg: 3093720.7, Max: 3093720.8, Diff: 0.1]
   [Code Root Fixup: 0.1 ms]
   [Code Root Purge: 0.0 ms]
   [Clear CT: 0.3 ms]
   [Other: 3.9 ms]
      [Choose CSet: 0.0 ms]
      [Ref Proc: 2.2 ms]
      [Ref Enq: 0.1 ms]
      [Redirty Cards: 0.3 ms]
      [Humongous Register: 0.1 ms]
      [Humongous Reclaim: 0.0 ms]
      [Free CSet: 0.8 ms]
   [Eden: 957.0M(957.0M)->0.0B(931.0M) Survivors: 30720.0K->48128.0K Heap: 1614.8M(1868.0M)->674.3M(1868.0M)]
Heap after GC invocations=375 (full 0):
 garbage-first heap   total 1912832K, used 690447K [0x000000008b400000, 0x000000008b503a60, 0x0000000100000000)
  region size 1024K, 47 young (48128K), 47 survivors (48128K)
 Metaspace       used 148088K, capacity 155347K, committed 155568K, reserved 1183744K
  class space    used 19746K, capacity 21111K, committed 21168K, reserved 1048576K
}
 [Times: user=0.23 sys=0.00, real=0.07 secs] 
2020-07-20T10:00:57.789+0000: 3093.725: Total time for which application threads were stopped: 0.0743786 seconds, Stopping threads took: 0.0019612 seconds
{Heap before GC invocations=375 (full 0):
 garbage-first heap   total 1912832K, used 1645839K [0x000000008b400000, 0x000000008b503a60, 0x0000000100000000)
  region size 1024K, 978 young (1001472K), 47 survivors (48128K)
 Metaspace       used 148090K, capacity 155347K, committed 155568K, reserved 1183744K
  class space    used 19746K, capacity 21111K, committed 21168K, reserved 1048576K
2020-07-20T10:00:59.802+0000: 3095.737: [GC pause (G1 Evacuation Pause) (young)
Desired survivor size 64487424 bytes, new threshold 15 (max 15)
- age   1:   26294424 bytes,   26294424 total
- age   2:   16599360 bytes,   42893784 total
- age   3:     426104 bytes,   43319888 total
- age   4:    2057688 bytes,   45377576 total
- age   5:    1048168 bytes,   46425744 total
- age   6:      94768 bytes,   46520512 total
- age   7:     110856 bytes,   46631368 total
- age   8:     158472 bytes,   46789840 total
- age   9:     139072 bytes,   46928912 total
, 0.0885610 secs]
   [Parallel Time: 84.4 ms, GC Workers: 4]
      [GC Worker Start (ms): Min: 3095737.6, Avg: 3095737.7, Max: 3095737.7, Diff: 0.1]
      [Ext Root Scanning (ms): Min: 5.1, Avg: 5.2, Max: 5.3, Diff: 0.2, Sum: 20.6]
      [Update RS (ms): Min: 17.7, Avg: 17.8, Max: 18.1, Diff: 0.4, Sum: 71.2]
         [Processed Buffers: Min: 20, Avg: 26.5, Max: 39, Diff: 19, Sum: 106]
      [Scan RS (ms): Min: 0.1, Avg: 0.3, Max: 0.4, Diff: 0.3, Sum: 1.1]
      [Code Root Scanning (ms): Min: 0.0, Avg: 0.0, Max: 0.1, Diff: 0.1, Sum: 0.1]
      [Object Copy (ms): Min: 60.8, Avg: 60.9, Max: 61.1, Diff: 0.3, Sum: 243.7]
      [Termination (ms): Min: 0.0, Avg: 0.1, Max: 0.1, Diff: 0.1, Sum: 0.2]
         [Termination Attempts: Min: 4, Avg: 7.5, Max: 10, Diff: 6, Sum: 30]
      [GC Worker Other (ms): Min: 0.0, Avg: 0.0, Max: 0.1, Diff: 0.0, Sum: 0.1]
      [GC Worker Total (ms): Min: 84.2, Avg: 84.3, Max: 84.3, Diff: 0.1, Sum: 337.0]
      [GC Worker End (ms): Min: 3095821.9, Avg: 3095821.9, Max: 3095821.9, Diff: 0.0]
   [Code Root Fixup: 0.0 ms]
   [Code Root Purge: 0.0 ms]
   [Clear CT: 0.4 ms]
   [Other: 3.8 ms]
      [Choose CSet: 0.0 ms]
      [Ref Proc: 2.1 ms]
      [Ref Enq: 0.2 ms]
      [Redirty Cards: 0.3 ms]
      [Humongous Register: 0.1 ms]
      [Humongous Reclaim: 0.0 ms]
      [Free CSet: 0.8 ms]
   [Eden: 931.0M(931.0M)->0.0B(883.0M) Survivors: 48128.0K->70656.0K Heap: 1607.3M(1868.0M)->698.3M(1868.0M)]
Heap after GC invocations=376 (full 0):
 garbage-first heap   total 1912832K, used 715023K [0x000000008b400000, 0x000000008b503a60, 0x0000000100000000)
  region size 1024K, 69 young (70656K), 69 survivors (70656K)
 Metaspace       used 148090K, capacity 155347K, committed 155568K, reserved 1183744K
  class space    used 19746K, capacity 21111K, committed 21168K, reserved 1048576K
}
 [Times: user=0.29 sys=0.00, real=0.08 secs] 
2020-07-20T10:00:59.890+0000: 3095.826: Total time for which application threads were stopped: 0.0899230 seconds, Stopping threads took: 0.0003749 seconds
{Heap before GC invocations=376 (full 0):
 garbage-first heap   total 1912832K, used 1619215K [0x000000008b400000, 0x000000008b503a60, 0x0000000100000000)
  region size 1024K, 952 young (974848K), 69 survivors (70656K)
 Metaspace       used 148091K, capacity 155347K, committed 155568K, reserved 1183744K
  class space    used 19746K, capacity 21111K, committed 21168K, reserved 1048576K
2020-07-20T10:01:02.710+0000: 3098.646: [GC pause (G1 Evacuation Pause) (young)
Desired survivor size 62390272 bytes, new threshold 3 (max 15)
- age   1:   30320216 bytes,   30320216 total
- age   2:   18689936 bytes,   49010152 total
- age   3:   16119952 bytes,   65130104 total
- age   4:     425504 bytes,   65555608 total
- age   5:    2054512 bytes,   67610120 total
- age   6:    1041648 bytes,   68651768 total
- age   7:      92064 bytes,   68743832 total
- age   8:     109544 bytes,   68853376 total
- age   9:     157512 bytes,   69010888 total
- age  10:     137672 bytes,   69148560 total
, 0.0718211 secs]
   [Parallel Time: 67.0 ms, GC Workers: 4]
      [GC Worker Start (ms): Min: 3098646.9, Avg: 3098647.9, Max: 3098651.0, Diff: 4.1]
      [Ext Root Scanning (ms): Min: 2.7, Avg: 5.8, Max: 7.5, Diff: 4.8, Sum: 23.2]
      [Update RS (ms): Min: 19.6, Avg: 20.1, Max: 21.1, Diff: 1.5, Sum: 80.4]
         [Processed Buffers: Min: 11, Avg: 29.2, Max: 58, Diff: 47, Sum: 117]
      [Scan RS (ms): Min: 0.1, Avg: 0.3, Max: 0.4, Diff: 0.3, Sum: 1.0]
      [Code Root Scanning (ms): Min: 0.0, Avg: 0.0, Max: 0.1, Diff: 0.1, Sum: 0.1]
      [Object Copy (ms): Min: 38.9, Avg: 39.4, Max: 39.9, Diff: 1.0, Sum: 157.7]
      [Termination (ms): Min: 0.0, Avg: 0.0, Max: 0.0, Diff: 0.0, Sum: 0.1]
         [Termination Attempts: Min: 12, Avg: 18.8, Max: 27, Diff: 15, Sum: 75]
      [GC Worker Other (ms): Min: 0.1, Avg: 0.1, Max: 0.2, Diff: 0.1, Sum: 0.5]
      [GC Worker Total (ms): Min: 62.7, Avg: 65.7, Max: 66.8, Diff: 4.1, Sum: 262.9]
      [GC Worker End (ms): Min: 3098713.6, Avg: 3098713.6, Max: 3098713.7, Diff: 0.1]
   [Code Root Fixup: 0.0 ms]
   [Code Root Purge: 0.0 ms]
   [Clear CT: 0.4 ms]
   [Other: 4.4 ms]
      [Choose CSet: 0.0 ms]
      [Ref Proc: 2.2 ms]
      [Ref Enq: 0.3 ms]
      [Redirty Cards: 0.4 ms]
      [Humongous Register: 0.2 ms]
      [Humongous Reclaim: 0.1 ms]
      [Free CSet: 0.8 ms]
   [Eden: 883.0M(883.0M)->0.0B(940.0M) Survivors: 70656.0K->41984.0K Heap: 1581.3M(1868.0M)->671.3M(1868.0M)]
Heap after GC invocations=377 (full 0):
 garbage-first heap   total 1912832K, used 687364K [0x000000008b400000, 0x000000008b503a60, 0x0000000100000000)
  region size 1024K, 41 young (41984K), 41 survivors (41984K)
 Metaspace       used 148091K, capacity 155347K, committed 155568K, reserved 1183744K
  class space    used 19746K, capacity 21111K, committed 21168K, reserved 1048576K
}
 [Times: user=0.23 sys=0.00, real=0.08 secs] 
2020-07-20T10:01:02.783+0000: 3098.718: Total time for which application threads were stopped: 0.0775374 seconds, Stopping threads took: 0.0037419 seconds
{Heap before GC invocations=377 (full 0):
 garbage-first heap   total 1912832K, used 1651972K [0x000000008b400000, 0x000000008b503a60, 0x0000000100000000)
  region size 1024K, 981 young (1004544K), 41 survivors (41984K)
 Metaspace       used 148111K, capacity 155351K, committed 155568K, reserved 1183744K
  class space    used 19746K, capacity 21111K, committed 21168K, reserved 1048576K
2020-07-20T10:01:05.318+0000: 3101.254: [GC pause (G1 Evacuation Pause) (young)
Desired survivor size 64487424 bytes, new threshold 15 (max 15)
- age   1:   25534536 bytes,   25534536 total
- age   2:   14106672 bytes,   39641208 total
- age   3:     652272 bytes,   40293480 total
, 0.0974801 secs]
   [Parallel Time: 93.6 ms, GC Workers: 4]
      [GC Worker Start (ms): Min: 3101254.6, Avg: 3101254.6, Max: 3101254.7, Diff: 0.1]
      [Ext Root Scanning (ms): Min: 5.8, Avg: 6.0, Max: 6.4, Diff: 0.5, Sum: 24.1]
      [Update RS (ms): Min: 26.5, Avg: 26.6, Max: 26.6, Diff: 0.2, Sum: 106.2]
         [Processed Buffers: Min: 14, Avg: 32.5, Max: 48, Diff: 34, Sum: 130]
      [Scan RS (ms): Min: 0.1, Avg: 0.3, Max: 0.4, Diff: 0.2, Sum: 1.2]
      [Code Root Scanning (ms): Min: 0.0, Avg: 0.0, Max: 0.1, Diff: 0.1, Sum: 0.1]
      [Object Copy (ms): Min: 60.2, Avg: 60.4, Max: 60.6, Diff: 0.4, Sum: 241.7]
      [Termination (ms): Min: 0.0, Avg: 0.0, Max: 0.1, Diff: 0.0, Sum: 0.1]
         [Termination Attempts: Min: 14, Avg: 19.5, Max: 29, Diff: 15, Sum: 78]
      [GC Worker Other (ms): Min: 0.0, Avg: 0.1, Max: 0.1, Diff: 0.1, Sum: 0.3]
      [GC Worker Total (ms): Min: 93.4, Avg: 93.4, Max: 93.5, Diff: 0.1, Sum: 373.7]
      [GC Worker End (ms): Min: 3101348.0, Avg: 3101348.0, Max: 3101348.1, Diff: 0.1]
   [Code Root Fixup: 0.1 ms]
   [Code Root Purge: 0.0 ms]
   [Clear CT: 0.3 ms]
   [Other: 3.5 ms]
      [Choose CSet: 0.0 ms]
      [Ref Proc: 1.8 ms]
      [Ref Enq: 0.1 ms]
      [Redirty Cards: 0.2 ms]
      [Humongous Register: 0.1 ms]
      [Humongous Reclaim: 0.0 ms]
      [Free CSet: 0.9 ms]
   [Eden: 940.0M(940.0M)->0.0B(890.0M) Survivors: 41984.0K->65536.0K Heap: 1613.3M(1868.0M)->696.8M(1868.0M)]
Heap after GC invocations=378 (full 0):
 garbage-first heap   total 1912832K, used 713476K [0x000000008b400000, 0x000000008b503a60, 0x0000000100000000)
  region size 1024K, 64 young (65536K), 64 survivors (65536K)
 Metaspace       used 148111K, capacity 155351K, committed 155568K, reserved 1183744K
  class space    used 19746K, capacity 21111K, committed 21168K, reserved 1048576K
}
 [Times: user=0.30 sys=0.01, real=0.10 secs] 
2020-07-20T10:01:05.416+0000: 3101.352: Total time for which application threads were stopped: 0.1038208 seconds, Stopping threads took: 0.0044520 seconds
{Heap before GC invocations=378 (full 0):
 garbage-first heap   total 1912832K, used 1626884K [0x000000008b400000, 0x000000008b503a60, 0x0000000100000000)
  region size 1024K, 954 young (976896K), 64 survivors (65536K)
 Metaspace       used 148117K, capacity 155415K, committed 155568K, reserved 1183744K
  class space    used 19746K, capacity 21111K, committed 21168K, reserved 1048576K
2020-07-20T10:01:07.911+0000: 3103.847: [GC pause (G1 Evacuation Pause) (young)
Desired survivor size 62914560 bytes, new threshold 3 (max 15)
- age   1:   33675368 bytes,   33675368 total
- age   2:   18066784 bytes,   51742152 total
- age   3:   13617880 bytes,   65360032 total
- age   4:     651592 bytes,   66011624 total
, 0.0668062 secs]
   [Parallel Time: 62.6 ms, GC Workers: 4]
      [GC Worker Start (ms): Min: 3103846.8, Avg: 3103846.8, Max: 3103846.9, Diff: 0.1]
      [Ext Root Scanning (ms): Min: 4.9, Avg: 5.1, Max: 5.3, Diff: 0.3, Sum: 20.2]
      [Update RS (ms): Min: 21.5, Avg: 22.2, Max: 23.5, Diff: 2.0, Sum: 88.8]
         [Processed Buffers: Min: 17, Avg: 29.8, Max: 41, Diff: 24, Sum: 119]
      [Scan RS (ms): Min: 0.1, Avg: 0.3, Max: 0.5, Diff: 0.4, Sum: 1.0]
      [Code Root Scanning (ms): Min: 0.0, Avg: 0.0, Max: 0.1, Diff: 0.1, Sum: 0.1]
      [Object Copy (ms): Min: 33.8, Avg: 34.7, Max: 35.2, Diff: 1.4, Sum: 139.0]
      [Termination (ms): Min: 0.0, Avg: 0.0, Max: 0.0, Diff: 0.0, Sum: 0.0]
         [Termination Attempts: Min: 1, Avg: 1.0, Max: 1, Diff: 0, Sum: 4]
      [GC Worker Other (ms): Min: 0.1, Avg: 0.1, Max: 0.2, Diff: 0.1, Sum: 0.5]
      [GC Worker Total (ms): Min: 62.4, Avg: 62.4, Max: 62.5, Diff: 0.1, Sum: 249.7]
      [GC Worker End (ms): Min: 3103909.2, Avg: 3103909.3, Max: 3103909.3, Diff: 0.1]
   [Code Root Fixup: 0.0 ms]
   [Code Root Purge: 0.0 ms]
   [Clear CT: 0.4 ms]
   [Other: 3.8 ms]
      [Choose CSet: 0.0 ms]
      [Ref Proc: 2.0 ms]
      [Ref Enq: 0.1 ms]
      [Redirty Cards: 0.3 ms]
      [Humongous Register: 0.1 ms]
      [Humongous Reclaim: 0.1 ms]
      [Free CSet: 0.9 ms]
   [Eden: 890.0M(890.0M)->0.0B(943.0M) Survivors: 65536.0K->37888.0K Heap: 1588.8M(1868.0M)->670.5M(1868.0M)]
Heap after GC invocations=379 (full 0):
 garbage-first heap   total 1912832K, used 686623K [0x000000008b400000, 0x000000008b503a60, 0x0000000100000000)
  region size 1024K, 37 young (37888K), 37 survivors (37888K)
 Metaspace       used 148117K, capacity 155415K, committed 155568K, reserved 1183744K
  class space    used 19746K, capacity 21111K, committed 21168K, reserved 1048576K
}
 [Times: user=0.21 sys=0.01, real=0.07 secs] 
2020-07-20T10:01:07.978+0000: 3103.914: Total time for which application threads were stopped: 0.0679855 seconds, Stopping threads took: 0.0002498 seconds
{Heap before GC invocations=379 (full 0):
 garbage-first heap   total 1912832K, used 1654303K [0x000000008b400000, 0x000000008b503a60, 0x0000000100000000)
  region size 1024K, 980 young (1003520K), 37 survivors (37888K)
 Metaspace       used 148117K, capacity 155415K, committed 155568K, reserved 1183744K
  class space    used 19746K, capacity 21111K, committed 21168K, reserved 1048576K
2020-07-20T10:01:10.398+0000: 3106.334: [GC pause (G1 Evacuation Pause) (young)
Desired survivor size 64487424 bytes, new threshold 15 (max 15)
- age   1:   21435400 bytes,   21435400 total
- age   2:   15417008 bytes,   36852408 total
- age   3:     269592 bytes,   37122000 total
, 0.0867640 secs]
   [Parallel Time: 82.7 ms, GC Workers: 4]
      [GC Worker Start (ms): Min: 3106334.4, Avg: 3106334.4, Max: 3106334.4, Diff: 0.0]
      [Ext Root Scanning (ms): Min: 4.9, Avg: 5.0, Max: 5.1, Diff: 0.2, Sum: 19.8]
      [Update RS (ms): Min: 20.9, Avg: 21.0, Max: 21.1, Diff: 0.1, Sum: 83.9]
         [Processed Buffers: Min: 20, Avg: 31.8, Max: 58, Diff: 38, Sum: 127]
      [Scan RS (ms): Min: 0.2, Avg: 0.3, Max: 0.4, Diff: 0.2, Sum: 1.3]
      [Code Root Scanning (ms): Min: 0.0, Avg: 0.0, Max: 0.0, Diff: 0.0, Sum: 0.1]
      [Object Copy (ms): Min: 56.2, Avg: 56.2, Max: 56.3, Diff: 0.2, Sum: 224.9]
      [Termination (ms): Min: 0.0, Avg: 0.0, Max: 0.0, Diff: 0.0, Sum: 0.1]
         [Termination Attempts: Min: 7, Avg: 10.5, Max: 14, Diff: 7, Sum: 42]
      [GC Worker Other (ms): Min: 0.0, Avg: 0.0, Max: 0.1, Diff: 0.0, Sum: 0.1]
      [GC Worker Total (ms): Min: 82.6, Avg: 82.6, Max: 82.6, Diff: 0.0, Sum: 330.4]
      [GC Worker End (ms): Min: 3106417.0, Avg: 3106417.0, Max: 3106417.0, Diff: 0.0]
   [Code Root Fixup: 0.1 ms]
   [Code Root Purge: 0.0 ms]
   [Clear CT: 0.4 ms]
   [Other: 3.6 ms]
      [Choose CSet: 0.0 ms]
      [Ref Proc: 2.0 ms]
      [Ref Enq: 0.1 ms]
      [Redirty Cards: 0.2 ms]
      [Humongous Register: 0.1 ms]
      [Humongous Reclaim: 0.0 ms]
      [Free CSet: 0.9 ms]
   [Eden: 943.0M(943.0M)->0.0B(891.0M) Survivors: 37888.0K->62464.0K Heap: 1615.5M(1868.0M)->696.5M(1868.0M)]
Heap after GC invocations=380 (full 0):
 garbage-first heap   total 1912832K, used 713247K [0x000000008b400000, 0x000000008b503a60, 0x0000000100000000)
  region size 1024K, 61 young (62464K), 61 survivors (62464K)
 Metaspace       used 148117K, capacity 155415K, committed 155568K, reserved 1183744K
  class space    used 19746K, capacity 21111K, committed 21168K, reserved 1048576K
}
 [Times: user=0.29 sys=0.01, real=0.09 secs] 
2020-07-20T10:01:10.485+0000: 3106.421: Total time for which application threads were stopped: 0.0878738 seconds, Stopping threads took: 0.0002327 seconds
{Heap before GC invocations=380 (full 0):
 garbage-first heap   total 1912832K, used 1625631K [0x000000008b400000, 0x000000008b503a60, 0x0000000100000000)
  region size 1024K, 952 young (974848K), 61 survivors (62464K)
 Metaspace       used 148131K, capacity 155415K, committed 155568K, reserved 1183744K
  class space    used 19746K, capacity 21111K, committed 21168K, reserved 1048576K
2020-07-20T10:01:12.657+0000: 3108.593: [GC pause (G1 Evacuation Pause) (young)
Desired survivor size 62390272 bytes, new threshold 15 (max 15)
- age   1:   32745928 bytes,   32745928 total
- age   2:   14394224 bytes,   47140152 total
- age   3:   14807832 bytes,   61947984 total
- age   4:     268240 bytes,   62216224 total
, 0.0583945 secs]
   [Parallel Time: 54.2 ms, GC Workers: 4]
      [GC Worker Start (ms): Min: 3108593.4, Avg: 3108593.5, Max: 3108593.5, Diff: 0.1]
      [Ext Root Scanning (ms): Min: 4.8, Avg: 4.9, Max: 5.1, Diff: 0.3, Sum: 19.7]
      [Update RS (ms): Min: 15.6, Avg: 15.8, Max: 16.4, Diff: 0.8, Sum: 63.3]
         [Processed Buffers: Min: 11, Avg: 27.2, Max: 42, Diff: 31, Sum: 109]
      [Scan RS (ms): Min: 0.2, Avg: 0.2, Max: 0.3, Diff: 0.1, Sum: 1.0]
      [Code Root Scanning (ms): Min: 0.0, Avg: 0.0, Max: 0.0, Diff: 0.0, Sum: 0.1]
      [Object Copy (ms): Min: 32.4, Avg: 33.0, Max: 33.2, Diff: 0.8, Sum: 132.0]
      [Termination (ms): Min: 0.0, Avg: 0.0, Max: 0.0, Diff: 0.0, Sum: 0.1]
         [Termination Attempts: Min: 1, Avg: 1.0, Max: 1, Diff: 0, Sum: 4]
      [GC Worker Other (ms): Min: 0.0, Avg: 0.0, Max: 0.1, Diff: 0.0, Sum: 0.2]
      [GC Worker Total (ms): Min: 54.1, Avg: 54.1, Max: 54.2, Diff: 0.1, Sum: 216.4]
      [GC Worker End (ms): Min: 3108647.6, Avg: 3108647.6, Max: 3108647.6, Diff: 0.1]
   [Code Root Fixup: 0.0 ms]
   [Code Root Purge: 0.0 ms]
   [Clear CT: 0.4 ms]
   [Other: 3.7 ms]
      [Choose CSet: 0.0 ms]
      [Ref Proc: 2.1 ms]
      [Ref Enq: 0.1 ms]
      [Redirty Cards: 0.2 ms]
      [Humongous Register: 0.1 ms]
      [Humongous Reclaim: 0.1 ms]
      [Free CSet: 0.8 ms]
   [Eden: 891.0M(891.0M)->0.0B(941.0M) Survivors: 62464.0K->38912.0K Heap: 1587.5M(1868.0M)->671.5M(1868.0M)]
Heap after GC invocations=381 (full 0):
 garbage-first heap   total 1912832K, used 687647K [0x000000008b400000, 0x000000008b503a60, 0x0000000100000000)
  region size 1024K, 38 young (38912K), 38 survivors (38912K)
 Metaspace       used 148131K, capacity 155415K, committed 155568K, reserved 1183744K
  class space    used 19746K, capacity 21111K, committed 21168K, reserved 1048576K
}
 [Times: user=0.19 sys=0.01, real=0.06 secs] 
2020-07-20T10:01:12.716+0000: 3108.652: Total time for which application threads were stopped: 0.0604856 seconds, Stopping threads took: 0.0012663 seconds
{Heap before GC invocations=381 (full 0):
 garbage-first heap   total 1912832K, used 1653279K [0x000000008b400000, 0x000000008b503a60, 0x0000000100000000)
  region size 1024K, 979 young (1002496K), 38 survivors (38912K)
 Metaspace       used 148131K, capacity 155415K, committed 155568K, reserved 1183744K
  class space    used 19746K, capacity 21111K, committed 21168K, reserved 1048576K
2020-07-20T10:01:15.344+0000: 3111.280: [GC pause (G1 Evacuation Pause) (young)
Desired survivor size 64487424 bytes, new threshold 15 (max 15)
- age   1:   25892424 bytes,   25892424 total
- age   2:   10364472 bytes,   36256896 total
- age   3:    1169768 bytes,   37426664 total
- age   4:     392752 bytes,   37819416 total
- age   5:     267608 bytes,   38087024 total
, 0.1003457 secs]
   [Parallel Time: 96.1 ms, GC Workers: 4]
      [GC Worker Start (ms): Min: 3111280.1, Avg: 3111285.3, Max: 3111292.6, Diff: 12.5]
      [Ext Root Scanning (ms): Min: 0.0, Avg: 3.7, Max: 7.4, Diff: 7.3, Sum: 14.7]
      [Update RS (ms): Min: 22.7, Avg: 26.0, Max: 27.5, Diff: 4.8, Sum: 104.0]
         [Processed Buffers: Min: 14, Avg: 27.8, Max: 42, Diff: 28, Sum: 111]
      [Scan RS (ms): Min: 0.2, Avg: 0.3, Max: 0.4, Diff: 0.3, Sum: 1.4]
      [Code Root Scanning (ms): Min: 0.0, Avg: 0.0, Max: 0.1, Diff: 0.1, Sum: 0.1]
      [Object Copy (ms): Min: 60.3, Avg: 60.6, Max: 60.9, Diff: 0.6, Sum: 242.2]
      [Termination (ms): Min: 0.0, Avg: 0.1, Max: 0.2, Diff: 0.2, Sum: 0.5]
         [Termination Attempts: Min: 1, Avg: 2.8, Max: 6, Diff: 5, Sum: 11]
      [GC Worker Other (ms): Min: 0.0, Avg: 0.0, Max: 0.1, Diff: 0.1, Sum: 0.2]
      [GC Worker Total (ms): Min: 83.5, Avg: 90.8, Max: 96.0, Diff: 12.5, Sum: 363.1]
      [GC Worker End (ms): Min: 3111376.1, Avg: 3111376.1, Max: 3111376.1, Diff: 0.1]
   [Code Root Fixup: 0.0 ms]
   [Code Root Purge: 0.0 ms]
   [Clear CT: 0.4 ms]
   [Other: 3.9 ms]
      [Choose CSet: 0.0 ms]
      [Ref Proc: 2.2 ms]
      [Ref Enq: 0.1 ms]
      [Redirty Cards: 0.2 ms]
      [Humongous Register: 0.1 ms]
      [Humongous Reclaim: 0.0 ms]
      [Free CSet: 0.8 ms]
   [Eden: 941.0M(941.0M)->0.0B(893.0M) Survivors: 38912.0K->61440.0K Heap: 1614.5M(1868.0M)->695.0M(1868.0M)]
Heap after GC invocations=382 (full 0):
 garbage-first heap   total 1912832K, used 711711K [0x000000008b400000, 0x000000008b503a60, 0x0000000100000000)
  region size 1024K, 60 young (61440K), 60 survivors (61440K)
 Metaspace       used 148131K, capacity 155415K, committed 155568K, reserved 1183744K
  class space    used 19746K, capacity 21111K, committed 21168K, reserved 1048576K
}
 [Times: user=0.25 sys=0.00, real=0.10 secs] 
2020-07-20T10:01:15.445+0000: 3111.380: Total time for which application threads were stopped: 0.1060236 seconds, Stopping threads took: 0.0047012 seconds
{Heap before GC invocations=382 (full 0):
 garbage-first heap   total 1912832K, used 1626143K [0x000000008b400000, 0x000000008b503a60, 0x0000000100000000)
  region size 1024K, 953 young (975872K), 60 survivors (61440K)
 Metaspace       used 148137K, capacity 155423K, committed 155568K, reserved 1183744K
  class space    used 19746K, capacity 21111K, committed 21168K, reserved 1048576K
2020-07-20T10:01:18.310+0000: 3114.246: [GC pause (G1 Evacuation Pause) (young)
Desired survivor size 62914560 bytes, new threshold 15 (max 15)
- age   1:   30858304 bytes,   30858304 total
- age   2:   17754728 bytes,   48613032 total
- age   3:    9883432 bytes,   58496464 total
- age   4:    1167888 bytes,   59664352 total
- age   5:     383520 bytes,   60047872 total
- age   6:     265416 bytes,   60313288 total
, 0.0758513 secs]
   [Parallel Time: 70.5 ms, GC Workers: 4]
      [GC Worker Start (ms): Min: 3114246.2, Avg: 3114249.4, Max: 3114252.6, Diff: 6.4]
      [Ext Root Scanning (ms): Min: 4.9, Avg: 8.7, Max: 14.2, Diff: 9.3, Sum: 34.9]
      [Update RS (ms): Min: 26.3, Avg: 26.8, Max: 28.3, Diff: 2.0, Sum: 107.2]
         [Processed Buffers: Min: 13, Avg: 31.8, Max: 44, Diff: 31, Sum: 127]
      [Scan RS (ms): Min: 0.1, Avg: 0.3, Max: 0.4, Diff: 0.4, Sum: 1.3]
      [Code Root Scanning (ms): Min: 0.0, Avg: 0.0, Max: 0.1, Diff: 0.1, Sum: 0.1]
      [Object Copy (ms): Min: 27.7, Avg: 31.2, Max: 32.6, Diff: 4.9, Sum: 124.7]
      [Termination (ms): Min: 0.0, Avg: 0.0, Max: 0.0, Diff: 0.0, Sum: 0.0]
         [Termination Attempts: Min: 1, Avg: 2.5, Max: 6, Diff: 5, Sum: 10]
      [GC Worker Other (ms): Min: 0.0, Avg: 0.0, Max: 0.1, Diff: 0.0, Sum: 0.2]
      [GC Worker Total (ms): Min: 63.9, Avg: 67.1, Max: 70.3, Diff: 6.4, Sum: 268.4]
      [GC Worker End (ms): Min: 3114316.5, Avg: 3114316.5, Max: 3114316.5, Diff: 0.0]
   [Code Root Fixup: 0.1 ms]
   [Code Root Purge: 0.0 ms]
   [Clear CT: 0.4 ms]
   [Other: 4.9 ms]
      [Choose CSet: 0.0 ms]
      [Ref Proc: 2.3 ms]
      [Ref Enq: 0.1 ms]
      [Redirty Cards: 0.4 ms]
      [Humongous Register: 0.2 ms]
      [Humongous Reclaim: 0.1 ms]
      [Free CSet: 1.2 ms]
   [Eden: 893.0M(893.0M)->0.0B(942.0M) Survivors: 61440.0K->37888.0K Heap: 1588.0M(1868.0M)->670.5M(1868.0M)]
Heap after GC invocations=383 (full 0):
 garbage-first heap   total 1912832K, used 686623K [0x000000008b400000, 0x000000008b503a60, 0x0000000100000000)
  region size 1024K, 37 young (37888K), 37 survivors (37888K)
 Metaspace       used 148137K, capacity 155423K, committed 155568K, reserved 1183744K
  class space    used 19746K, capacity 21111K, committed 21168K, reserved 1048576K
}
 [Times: user=0.22 sys=0.01, real=0.08 secs] 
2020-07-20T10:01:18.386+0000: 3114.322: Total time for which application threads were stopped: 0.0794224 seconds, Stopping threads took: 0.0022994 seconds
{Heap before GC invocations=383 (full 0):
 garbage-first heap   total 1912832K, used 1653279K [0x000000008b400000, 0x000000008b503a60, 0x0000000100000000)
  region size 1024K, 979 young (1002496K), 37 survivors (37888K)
 Metaspace       used 148137K, capacity 155423K, committed 155568K, reserved 1183744K
  class space    used 19746K, capacity 21111K, committed 21168K, reserved 1048576K
2020-07-20T10:01:21.142+0000: 3117.077: [GC pause (G1 Evacuation Pause) (young)
Desired survivor size 64487424 bytes, new threshold 15 (max 15)
- age   1:   24080120 bytes,   24080120 total
- age   2:    8703384 bytes,   32783504 total
- age   3:     941824 bytes,   33725328 total
- age   4:     986568 bytes,   34711896 total
- age   5:    1167680 bytes,   35879576 total
- age   6:     383168 bytes,   36262744 total
- age   7:     254384 bytes,   36517128 total
, 0.0839764 secs]
   [Parallel Time: 79.3 ms, GC Workers: 4]
      [GC Worker Start (ms): Min: 3117077.8, Avg: 3117077.8, Max: 3117077.9, Diff: 0.1]
      [Ext Root Scanning (ms): Min: 5.1, Avg: 5.2, Max: 5.4, Diff: 0.3, Sum: 20.8]
      [Update RS (ms): Min: 20.1, Avg: 20.8, Max: 21.8, Diff: 1.7, Sum: 83.2]
         [Processed Buffers: Min: 16, Avg: 30.2, Max: 53, Diff: 37, Sum: 121]
      [Scan RS (ms): Min: 0.2, Avg: 0.3, Max: 0.5, Diff: 0.4, Sum: 1.1]
      [Code Root Scanning (ms): Min: 0.0, Avg: 0.0, Max: 0.1, Diff: 0.1, Sum: 0.1]
      [Object Copy (ms): Min: 51.9, Avg: 52.7, Max: 53.1, Diff: 1.2, Sum: 210.9]
      [Termination (ms): Min: 0.0, Avg: 0.0, Max: 0.0, Diff: 0.0, Sum: 0.1]
         [Termination Attempts: Min: 4, Avg: 10.0, Max: 19, Diff: 15, Sum: 40]
      [GC Worker Other (ms): Min: 0.0, Avg: 0.0, Max: 0.1, Diff: 0.1, Sum: 0.2]
      [GC Worker Total (ms): Min: 79.1, Avg: 79.1, Max: 79.2, Diff: 0.1, Sum: 316.4]
      [GC Worker End (ms): Min: 3117156.9, Avg: 3117156.9, Max: 3117156.9, Diff: 0.1]
   [Code Root Fixup: 0.1 ms]
   [Code Root Purge: 0.0 ms]
   [Clear CT: 0.5 ms]
   [Other: 4.2 ms]
      [Choose CSet: 0.0 ms]
      [Ref Proc: 2.2 ms]
      [Ref Enq: 0.2 ms]
      [Redirty Cards: 0.3 ms]
      [Humongous Register: 0.2 ms]
      [Humongous Reclaim: 0.0 ms]
      [Free CSet: 0.9 ms]
   [Eden: 942.0M(942.0M)->0.0B(903.0M) Survivors: 37888.0K->56320.0K Heap: 1614.5M(1868.0M)->690.0M(1868.0M)]
Heap after GC invocations=384 (full 0):
 garbage-first heap   total 1912832K, used 706591K [0x000000008b400000, 0x000000008b503a60, 0x0000000100000000)
  region size 1024K, 55 young (56320K), 55 survivors (56320K)
 Metaspace       used 148137K, capacity 155423K, committed 155568K, reserved 1183744K
  class space    used 19746K, capacity 21111K, committed 21168K, reserved 1048576K
}
 [Times: user=0.26 sys=0.01, real=0.08 secs] 
2020-07-20T10:01:21.226+0000: 3117.162: Total time for which application threads were stopped: 0.0876291 seconds, Stopping threads took: 0.0026393 seconds
{Heap before GC invocations=384 (full 0):
 garbage-first heap   total 1912832K, used 1633311K [0x000000008b400000, 0x000000008b503a60, 0x0000000100000000)
  region size 1024K, 958 young (980992K), 55 survivors (56320K)
 Metaspace       used 148138K, capacity 155423K, committed 155568K, reserved 1183744K
  class space    used 19746K, capacity 21111K, committed 21168K, reserved 1048576K
2020-07-20T10:01:23.798+0000: 3119.734: [GC pause (G1 Evacuation Pause) (young)
Desired survivor size 62914560 bytes, new threshold 15 (max 15)
- age   1:   29464360 bytes,   29464360 total
- age   2:   15494352 bytes,   44958712 total
- age   3:    8065744 bytes,   53024456 total
- age   4:     360856 bytes,   53385312 total
- age   5:     345064 bytes,   53730376 total
- age   6:     679984 bytes,   54410360 total
- age   7:     373360 bytes,   54783720 total
- age   8:     235336 bytes,   55019056 total
, 0.0601400 secs]
   [Parallel Time: 56.3 ms, GC Workers: 4]
      [GC Worker Start (ms): Min: 3119734.4, Avg: 3119734.4, Max: 3119734.4, Diff: 0.0]
      [Ext Root Scanning (ms): Min: 6.5, Avg: 6.7, Max: 7.4, Diff: 0.9, Sum: 26.9]
      [Update RS (ms): Min: 20.1, Avg: 20.5, Max: 20.7, Diff: 0.6, Sum: 82.1]
         [Processed Buffers: Min: 21, Avg: 29.5, Max: 41, Diff: 20, Sum: 118]
      [Scan RS (ms): Min: 0.2, Avg: 0.3, Max: 0.4, Diff: 0.2, Sum: 1.3]
      [Code Root Scanning (ms): Min: 0.0, Avg: 0.0, Max: 0.1, Diff: 0.1, Sum: 0.2]
      [Object Copy (ms): Min: 28.3, Avg: 28.5, Max: 28.7, Diff: 0.4, Sum: 114.1]
      [Termination (ms): Min: 0.0, Avg: 0.0, Max: 0.1, Diff: 0.0, Sum: 0.1]
         [Termination Attempts: Min: 7, Avg: 8.2, Max: 10, Diff: 3, Sum: 33]
      [GC Worker Other (ms): Min: 0.0, Avg: 0.0, Max: 0.0, Diff: 0.0, Sum: 0.1]
      [GC Worker Total (ms): Min: 56.2, Avg: 56.2, Max: 56.2, Diff: 0.0, Sum: 224.9]
      [GC Worker End (ms): Min: 3119790.6, Avg: 3119790.6, Max: 3119790.6, Diff: 0.0]
   [Code Root Fixup: 0.1 ms]
   [Code Root Purge: 0.0 ms]
   [Clear CT: 0.3 ms]
   [Other: 3.5 ms]
      [Choose CSet: 0.0 ms]
      [Ref Proc: 1.7 ms]
      [Ref Enq: 0.1 ms]
      [Redirty Cards: 0.2 ms]
      [Humongous Register: 0.1 ms]
      [Humongous Reclaim: 0.1 ms]
      [Free CSet: 0.8 ms]
   [Eden: 903.0M(903.0M)->0.0B(947.0M) Survivors: 56320.0K->32768.0K Heap: 1595.0M(1868.0M)->665.5M(1868.0M)]
Heap after GC invocations=385 (full 0):
 garbage-first heap   total 1912832K, used 681503K [0x000000008b400000, 0x000000008b503a60, 0x0000000100000000)
  region size 1024K, 32 young (32768K), 32 survivors (32768K)
 Metaspace       used 148138K, capacity 155423K, committed 155568K, reserved 1183744K
  class space    used 19746K, capacity 21111K, committed 21168K, reserved 1048576K
}
 [Times: user=0.19 sys=0.01, real=0.06 secs] 
2020-07-20T10:01:23.859+0000: 3119.794: Total time for which application threads were stopped: 0.0641992 seconds, Stopping threads took: 0.0025328 seconds
{Heap before GC invocations=385 (full 0):
 garbage-first heap   total 1912832K, used 1653279K [0x000000008b400000, 0x000000008b503a60, 0x0000000100000000)
  region size 1024K, 979 young (1002496K), 32 survivors (32768K)
 Metaspace       used 148140K, capacity 155423K, committed 155568K, reserved 1183744K
  class space    used 19746K, capacity 21111K, committed 21168K, reserved 1048576K
2020-07-20T10:01:26.622+0000: 3122.558: [GC pause (G1 Evacuation Pause) (young)
Desired survivor size 64487424 bytes, new threshold 15 (max 15)
- age   1:   22604744 bytes,   22604744 total
- age   2:    4960616 bytes,   27565360 total
- age   3:    1792384 bytes,   29357744 total
- age   4:     337856 bytes,   29695600 total
- age   5:     208552 bytes,   29904152 total
- age   6:     317648 bytes,   30221800 total
- age   7:     637328 bytes,   30859128 total
- age   8:     365048 bytes,   31224176 total
- age   9:     233832 bytes,   31458008 total
, 0.0760913 secs]
   [Parallel Time: 71.8 ms, GC Workers: 4]
      [GC Worker Start (ms): Min: 3122558.2, Avg: 3122558.2, Max: 3122558.3, Diff: 0.1]
      [Ext Root Scanning (ms): Min: 5.6, Avg: 5.8, Max: 6.0, Diff: 0.4, Sum: 23.0]
      [Update RS (ms): Min: 20.6, Avg: 20.7, Max: 20.8, Diff: 0.2, Sum: 82.8]
         [Processed Buffers: Min: 19, Avg: 33.2, Max: 48, Diff: 29, Sum: 133]
      [Scan RS (ms): Min: 0.2, Avg: 0.3, Max: 0.4, Diff: 0.2, Sum: 1.3]
      [Code Root Scanning (ms): Min: 0.0, Avg: 0.0, Max: 0.1, Diff: 0.1, Sum: 0.1]
      [Object Copy (ms): Min: 44.5, Avg: 44.7, Max: 44.8, Diff: 0.4, Sum: 178.6]
      [Termination (ms): Min: 0.0, Avg: 0.1, Max: 0.1, Diff: 0.1, Sum: 0.3]
         [Termination Attempts: Min: 1, Avg: 2.2, Max: 4, Diff: 3, Sum: 9]
      [GC Worker Other (ms): Min: 0.0, Avg: 0.0, Max: 0.0, Diff: 0.0, Sum: 0.1]
      [GC Worker Total (ms): Min: 71.6, Avg: 71.6, Max: 71.6, Diff: 0.0, Sum: 286.3]
      [GC Worker End (ms): Min: 3122629.8, Avg: 3122629.8, Max: 3122629.8, Diff: 0.0]
   [Code Root Fixup: 0.0 ms]
   [Code Root Purge: 0.0 ms]
   [Clear CT: 0.3 ms]
   [Other: 4.0 ms]
      [Choose CSet: 0.0 ms]
      [Ref Proc: 2.2 ms]
      [Ref Enq: 0.2 ms]
      [Redirty Cards: 0.3 ms]
      [Humongous Register: 0.1 ms]
      [Humongous Reclaim: 0.0 ms]
      [Free CSet: 0.9 ms]
   [Eden: 947.0M(947.0M)->0.0B(919.0M) Survivors: 32768.0K->48128.0K Heap: 1614.5M(1868.0M)->682.5M(1868.0M)]
Heap after GC invocations=386 (full 0):
 garbage-first heap   total 1912832K, used 698911K [0x000000008b400000, 0x000000008b503a60, 0x0000000100000000)
  region size 1024K, 47 young (48128K), 47 survivors (48128K)
 Metaspace       used 148140K, capacity 155423K, committed 155568K, reserved 1183744K
  class space    used 19746K, capacity 21111K, committed 21168K, reserved 1048576K
}
 [Times: user=0.23 sys=0.01, real=0.07 secs] 
2020-07-20T10:01:26.699+0000: 3122.634: Total time for which application threads were stopped: 0.0812267 seconds, Stopping threads took: 0.0037613 seconds
{Heap before GC invocations=386 (full 0):
 garbage-first heap   total 1912832K, used 1639967K [0x000000008b400000, 0x000000008b503a60, 0x0000000100000000)
  region size 1024K, 966 young (989184K), 47 survivors (48128K)
 Metaspace       used 148140K, capacity 155423K, committed 155568K, reserved 1183744K
  class space    used 19746K, capacity 21111K, committed 21168K, reserved 1048576K
2020-07-20T10:01:29.234+0000: 3125.170: [GC pause (G1 Evacuation Pause) (young)
Desired survivor size 63438848 bytes, new threshold 15 (max 15)
- age   1:   23442992 bytes,   23442992 total
- age   2:   15615792 bytes,   39058784 total
- age   3:    4940072 bytes,   43998856 total
- age   4:    1745424 bytes,   45744280 total
- age   5:     299760 bytes,   46044040 total
- age   6:     185536 bytes,   46229576 total
- age   7:     279688 bytes,   46509264 total
- age   8:     616384 bytes,   47125648 total
- age   9:     363592 bytes,   47489240 total
- age  10:     233624 bytes,   47722864 total
, 0.0582333 secs]
   [Parallel Time: 53.8 ms, GC Workers: 4]
      [GC Worker Start (ms): Min: 3125170.1, Avg: 3125170.1, Max: 3125170.2, Diff: 0.1]
      [Ext Root Scanning (ms): Min: 5.1, Avg: 5.1, Max: 5.3, Diff: 0.2, Sum: 20.5]
      [Update RS (ms): Min: 24.7, Avg: 24.9, Max: 25.4, Diff: 0.6, Sum: 99.7]
         [Processed Buffers: Min: 17, Avg: 32.8, Max: 53, Diff: 36, Sum: 131]
      [Scan RS (ms): Min: 0.1, Avg: 0.3, Max: 0.4, Diff: 0.3, Sum: 1.1]
      [Code Root Scanning (ms): Min: 0.0, Avg: 0.0, Max: 0.1, Diff: 0.1, Sum: 0.2]
      [Object Copy (ms): Min: 22.8, Avg: 23.1, Max: 23.2, Diff: 0.4, Sum: 92.3]
      [Termination (ms): Min: 0.0, Avg: 0.0, Max: 0.0, Diff: 0.0, Sum: 0.1]
         [Termination Attempts: Min: 1, Avg: 1.0, Max: 1, Diff: 0, Sum: 4]
      [GC Worker Other (ms): Min: 0.0, Avg: 0.0, Max: 0.1, Diff: 0.0, Sum: 0.1]
      [GC Worker Total (ms): Min: 53.5, Avg: 53.5, Max: 53.6, Diff: 0.1, Sum: 214.1]
      [GC Worker End (ms): Min: 3125223.6, Avg: 3125223.6, Max: 3125223.6, Diff: 0.0]
   [Code Root Fixup: 0.0 ms]
   [Code Root Purge: 0.0 ms]
   [Clear CT: 0.4 ms]
   [Other: 4.0 ms]
      [Choose CSet: 0.0 ms]
      [Ref Proc: 2.0 ms]
      [Ref Enq: 0.1 ms]
      [Redirty Cards: 0.2 ms]
      [Humongous Register: 0.2 ms]
      [Humongous Reclaim: 0.1 ms]
      [Free CSet: 0.8 ms]
   [Eden: 919.0M(919.0M)->0.0B(955.0M) Survivors: 48128.0K->27648.0K Heap: 1601.5M(1868.0M)->660.5M(1868.0M)]
Heap after GC invocations=387 (full 0):
 garbage-first heap   total 1912832K, used 676383K [0x000000008b400000, 0x000000008b503a60, 0x0000000100000000)
  region size 1024K, 27 young (27648K), 27 survivors (27648K)
 Metaspace       used 148140K, capacity 155423K, committed 155568K, reserved 1183744K
  class space    used 19746K, capacity 21111K, committed 21168K, reserved 1048576K
}
 [Times: user=0.18 sys=0.02, real=0.05 secs] 
2020-07-20T10:01:29.292+0000: 3125.228: Total time for which application threads were stopped: 0.0621843 seconds, Stopping threads took: 0.0029165 seconds
{Heap before GC invocations=387 (full 0):
 garbage-first heap   total 1912832K, used 1654303K [0x000000008b400000, 0x000000008b503a60, 0x0000000100000000)
  region size 1024K, 982 young (1005568K), 27 survivors (27648K)
 Metaspace       used 148140K, capacity 155423K, committed 155568K, reserved 1183744K
  class space    used 19746K, capacity 21111K, committed 21168K, reserved 1048576K
2020-07-20T10:01:32.166+0000: 3128.101: [GC pause (G1 Evacuation Pause) (young)
Desired survivor size 64487424 bytes, new threshold 15 (max 15)
- age   1:   21045360 bytes,   21045360 total
- age   2:    1716488 bytes,   22761848 total
- age   3:     350512 bytes,   23112360 total
- age   4:     232680 bytes,   23345040 total
- age   5:    1742440 bytes,   25087480 total
- age   6:     295568 bytes,   25383048 total
- age   7:     179072 bytes,   25562120 total
- age   8:     273136 bytes,   25835256 total
- age   9:     614208 bytes,   26449464 total
- age  10:     363560 bytes,   26813024 total
- age  11:     233624 bytes,   27046648 total
, 0.0820142 secs]
   [Parallel Time: 78.0 ms, GC Workers: 4]
      [GC Worker Start (ms): Min: 3128101.7, Avg: 3128101.8, Max: 3128101.8, Diff: 0.1]
      [Ext Root Scanning (ms): Min: 5.1, Avg: 5.2, Max: 5.3, Diff: 0.2, Sum: 20.8]
      [Update RS (ms): Min: 25.2, Avg: 25.3, Max: 25.5, Diff: 0.3, Sum: 101.2]
         [Processed Buffers: Min: 20, Avg: 32.0, Max: 47, Diff: 27, Sum: 128]
      [Scan RS (ms): Min: 0.3, Avg: 0.3, Max: 0.4, Diff: 0.2, Sum: 1.4]
      [Code Root Scanning (ms): Min: 0.0, Avg: 0.0, Max: 0.1, Diff: 0.1, Sum: 0.2]
      [Object Copy (ms): Min: 46.6, Avg: 46.8, Max: 47.0, Diff: 0.3, Sum: 187.4]
      [Termination (ms): Min: 0.0, Avg: 0.0, Max: 0.1, Diff: 0.1, Sum: 0.1]
         [Termination Attempts: Min: 2, Avg: 4.5, Max: 7, Diff: 5, Sum: 18]
      [GC Worker Other (ms): Min: 0.0, Avg: 0.0, Max: 0.1, Diff: 0.1, Sum: 0.2]
      [GC Worker Total (ms): Min: 77.7, Avg: 77.8, Max: 77.8, Diff: 0.1, Sum: 311.2]
      [GC Worker End (ms): Min: 3128179.6, Avg: 3128179.6, Max: 3128179.6, Diff: 0.0]
   [Code Root Fixup: 0.1 ms]
   [Code Root Purge: 0.0 ms]
   [Clear CT: 0.4 ms]
   [Other: 3.6 ms]
      [Choose CSet: 0.0 ms]
      [Ref Proc: 1.8 ms]
      [Ref Enq: 0.1 ms]
      [Redirty Cards: 0.3 ms]
      [Humongous Register: 0.1 ms]
      [Humongous Reclaim: 0.0 ms]
      [Free CSet: 0.8 ms]
   [Eden: 955.0M(955.0M)->0.0B(927.0M) Survivors: 27648.0K->46080.0K Heap: 1615.5M(1868.0M)->678.0M(1868.0M)]
Heap after GC invocations=388 (full 0):
 garbage-first heap   total 1912832K, used 694303K [0x000000008b400000, 0x000000008b503a60, 0x0000000100000000)
  region size 1024K, 45 young (46080K), 45 survivors (46080K)
 Metaspace       used 148140K, capacity 155423K, committed 155568K, reserved 1183744K
  class space    used 19746K, capacity 21111K, committed 21168K, reserved 1048576K
}
 [Times: user=0.24 sys=0.01, real=0.08 secs] 
2020-07-20T10:01:32.248+0000: 3128.184: Total time for which application threads were stopped: 0.0866241 seconds, Stopping threads took: 0.0036440 seconds
{Heap before GC invocations=388 (full 0):
 garbage-first heap   total 1912832K, used 1645599K [0x000000008b400000, 0x000000008b503a60, 0x0000000100000000)
  region size 1024K, 972 young (995328K), 45 survivors (46080K)
 Metaspace       used 148140K, capacity 155423K, committed 155568K, reserved 1183744K
  class space    used 19746K, capacity 21111K, committed 21168K, reserved 1048576K
2020-07-20T10:01:34.895+0000: 3130.830: [GC pause (G1 Evacuation Pause) (young)
Desired survivor size 63963136 bytes, new threshold 15 (max 15)
- age   1:   25846024 bytes,   25846024 total
- age   2:   13228616 bytes,   39074640 total
- age   3:    1709160 bytes,   40783800 total
- age   4:     349760 bytes,   41133560 total
- age   5:     231336 bytes,   41364896 total
- age   6:    1738120 bytes,   43103016 total
- age   7:     293096 bytes,   43396112 total
- age   8:     179040 bytes,   43575152 total
- age   9:     273040 bytes,   43848192 total
- age  10:     613024 bytes,   44461216 total
- age  11:     363400 bytes,   44824616 total
- age  12:     233160 bytes,   45057776 total
, 0.0962895 secs]
   [Parallel Time: 91.8 ms, GC Workers: 4]
      [GC Worker Start (ms): Min: 3130830.9, Avg: 3130831.0, Max: 3130831.0, Diff: 0.0]
      [Ext Root Scanning (ms): Min: 5.2, Avg: 5.3, Max: 5.4, Diff: 0.2, Sum: 21.0]
      [Update RS (ms): Min: 24.1, Avg: 24.2, Max: 24.5, Diff: 0.4, Sum: 96.9]
         [Processed Buffers: Min: 19, Avg: 32.8, Max: 47, Diff: 28, Sum: 131]
      [Scan RS (ms): Min: 0.2, Avg: 0.3, Max: 0.4, Diff: 0.2, Sum: 1.2]
      [Code Root Scanning (ms): Min: 0.0, Avg: 0.0, Max: 0.1, Diff: 0.1, Sum: 0.1]
      [Object Copy (ms): Min: 61.7, Avg: 61.8, Max: 61.9, Diff: 0.2, Sum: 247.1]
      [Termination (ms): Min: 0.0, Avg: 0.0, Max: 0.1, Diff: 0.1, Sum: 0.1]
         [Termination Attempts: Min: 10, Avg: 12.5, Max: 15, Diff: 5, Sum: 50]
      [GC Worker Other (ms): Min: 0.0, Avg: 0.0, Max: 0.0, Diff: 0.0, Sum: 0.1]
      [GC Worker Total (ms): Min: 91.6, Avg: 91.6, Max: 91.7, Diff: 0.1, Sum: 366.6]
      [GC Worker End (ms): Min: 3130922.6, Avg: 3130922.6, Max: 3130922.6, Diff: 0.0]
   [Code Root Fixup: 0.1 ms]
   [Code Root Purge: 0.0 ms]
   [Clear CT: 0.3 ms]
   [Other: 4.1 ms]
      [Choose CSet: 0.0 ms]
      [Ref Proc: 2.1 ms]
      [Ref Enq: 0.2 ms]
      [Redirty Cards: 0.2 ms]
      [Humongous Register: 0.2 ms]
      [Humongous Reclaim: 0.0 ms]
      [Free CSet: 0.8 ms]
   [Eden: 927.0M(927.0M)->0.0B(885.0M) Survivors: 46080.0K->65536.0K Heap: 1607.0M(1868.0M)->699.5M(1868.0M)]
Heap after GC invocations=389 (full 0):
 garbage-first heap   total 1912832K, used 716319K [0x000000008b400000, 0x000000008b503a60, 0x0000000100000000)
  region size 1024K, 64 young (65536K), 64 survivors (65536K)
 Metaspace       used 148140K, capacity 155423K, committed 155568K, reserved 1183744K
  class space    used 19746K, capacity 21111K, committed 21168K, reserved 1048576K
}
 [Times: user=0.31 sys=0.00, real=0.09 secs] 
2020-07-20T10:01:34.991+0000: 3130.927: Total time for which application threads were stopped: 0.1023128 seconds, Stopping threads took: 0.0042007 seconds
{Heap before GC invocations=389 (full 0):
 garbage-first heap   total 1912832K, used 1622559K [0x000000008b400000, 0x000000008b503a60, 0x0000000100000000)
  region size 1024K, 949 young (971776K), 64 survivors (65536K)
 Metaspace       used 148141K, capacity 155423K, committed 155568K, reserved 1183744K
  class space    used 19746K, capacity 21111K, committed 21168K, reserved 1048576K
2020-07-20T10:01:37.779+0000: 3133.715: [GC pause (G1 Evacuation Pause) (young)
Desired survivor size 62390272 bytes, new threshold 7 (max 15)
- age   1:   27981688 bytes,   27981688 total
- age   2:   18876736 bytes,   46858424 total
- age   3:   12748120 bytes,   59606544 total
- age   4:    1708952 bytes,   61315496 total
- age   5:     339224 bytes,   61654720 total
- age   6:     226912 bytes,   61881632 total
- age   7:    1733568 bytes,   63615200 total
- age   8:     292872 bytes,   63908072 total
- age   9:     178912 bytes,   64086984 total
- age  10:     271168 bytes,   64358152 total
- age  11:     612248 bytes,   64970400 total
- age  12:     362992 bytes,   65333392 total
- age  13:     233160 bytes,   65566552 total
, 0.0710378 secs]
   [Parallel Time: 67.0 ms, GC Workers: 4]
      [GC Worker Start (ms): Min: 3133715.1, Avg: 3133715.1, Max: 3133715.2, Diff: 0.1]
      [Ext Root Scanning (ms): Min: 6.0, Avg: 6.2, Max: 6.6, Diff: 0.6, Sum: 24.9]
      [Update RS (ms): Min: 20.0, Avg: 20.2, Max: 20.5, Diff: 0.5, Sum: 80.7]
         [Processed Buffers: Min: 16, Avg: 30.5, Max: 50, Diff: 34, Sum: 122]
      [Scan RS (ms): Min: 0.1, Avg: 0.3, Max: 0.4, Diff: 0.3, Sum: 1.1]
      [Code Root Scanning (ms): Min: 0.0, Avg: 0.0, Max: 0.1, Diff: 0.1, Sum: 0.1]
      [Object Copy (ms): Min: 40.0, Avg: 40.2, Max: 40.3, Diff: 0.3, Sum: 160.7]
      [Termination (ms): Min: 0.0, Avg: 0.0, Max: 0.0, Diff: 0.0, Sum: 0.1]
         [Termination Attempts: Min: 7, Avg: 9.2, Max: 11, Diff: 4, Sum: 37]
      [GC Worker Other (ms): Min: 0.0, Avg: 0.0, Max: 0.0, Diff: 0.0, Sum: 0.1]
      [GC Worker Total (ms): Min: 66.9, Avg: 66.9, Max: 66.9, Diff: 0.1, Sum: 267.7]
      [GC Worker End (ms): Min: 3133782.1, Avg: 3133782.1, Max: 3133782.1, Diff: 0.0]
   [Code Root Fixup: 0.0 ms]
   [Code Root Purge: 0.0 ms]
   [Clear CT: 0.4 ms]
   [Other: 3.6 ms]
      [Choose CSet: 0.0 ms]
      [Ref Proc: 1.8 ms]
      [Ref Enq: 0.1 ms]
      [Redirty Cards: 0.3 ms]
      [Humongous Register: 0.1 ms]
      [Humongous Reclaim: 0.1 ms]
      [Free CSet: 0.8 ms]
   [Eden: 885.0M(885.0M)->0.0B(931.0M) Survivors: 65536.0K->41984.0K Heap: 1584.5M(1868.0M)->678.1M(1868.0M)]
Heap after GC invocations=390 (full 0):
 garbage-first heap   total 1912832K, used 694356K [0x000000008b400000, 0x000000008b503a60, 0x0000000100000000)
  region size 1024K, 41 young (41984K), 41 survivors (41984K)
 Metaspace       used 148141K, capacity 155423K, committed 155568K, reserved 1183744K
  class space    used 19746K, capacity 21111K, committed 21168K, reserved 1048576K
}
 [Times: user=0.24 sys=0.00, real=0.07 secs] 
2020-07-20T10:01:37.850+0000: 3133.786: Total time for which application threads were stopped: 0.0728613 seconds, Stopping threads took: 0.0005858 seconds
{Heap before GC invocations=390 (full 0):
 garbage-first heap   total 1912832K, used 1649748K [0x000000008b400000, 0x000000008b503a60, 0x0000000100000000)
  region size 1024K, 972 young (995328K), 41 survivors (41984K)
 Metaspace       used 148142K, capacity 155423K, committed 155568K, reserved 1183744K
  class space    used 19746K, capacity 21111K, committed 21168K, reserved 1048576K
2020-07-20T10:01:40.449+0000: 3136.385: [GC pause (G1 Evacuation Pause) (young)
Desired survivor size 63963136 bytes, new threshold 15 (max 15)
- age   1:   25063392 bytes,   25063392 total
- age   2:   13791416 bytes,   38854808 total
- age   3:     309768 bytes,   39164576 total
- age   4:     432184 bytes,   39596760 total
- age   5:     410040 bytes,   40006800 total
- age   6:     339112 bytes,   40345912 total
- age   7:     222352 bytes,   40568264 total
, 0.1005179 secs]
   [Parallel Time: 96.2 ms, GC Workers: 4]
      [GC Worker Start (ms): Min: 3136385.1, Avg: 3136385.2, Max: 3136385.2, Diff: 0.1]
      [Ext Root Scanning (ms): Min: 5.7, Avg: 6.1, Max: 7.2, Diff: 1.5, Sum: 24.4]
      [Update RS (ms): Min: 29.9, Avg: 30.7, Max: 31.6, Diff: 1.8, Sum: 122.9]
         [Processed Buffers: Min: 18, Avg: 35.5, Max: 65, Diff: 47, Sum: 142]
      [Scan RS (ms): Min: 0.3, Avg: 0.3, Max: 0.4, Diff: 0.1, Sum: 1.4]
      [Code Root Scanning (ms): Min: 0.0, Avg: 0.0, Max: 0.1, Diff: 0.1, Sum: 0.1]
      [Object Copy (ms): Min: 58.3, Avg: 58.7, Max: 59.1, Diff: 0.8, Sum: 234.8]
      [Termination (ms): Min: 0.0, Avg: 0.0, Max: 0.1, Diff: 0.1, Sum: 0.1]
         [Termination Attempts: Min: 12, Avg: 16.8, Max: 25, Diff: 13, Sum: 67]
      [GC Worker Other (ms): Min: 0.0, Avg: 0.0, Max: 0.0, Diff: 0.0, Sum: 0.2]
      [GC Worker Total (ms): Min: 95.9, Avg: 96.0, Max: 96.0, Diff: 0.1, Sum: 384.0]
      [GC Worker End (ms): Min: 3136481.2, Avg: 3136481.2, Max: 3136481.2, Diff: 0.0]
   [Code Root Fixup: 0.1 ms]
   [Code Root Purge: 0.0 ms]
   [Clear CT: 0.5 ms]
   [Other: 3.8 ms]
      [Choose CSet: 0.0 ms]
      [Ref Proc: 1.9 ms]
      [Ref Enq: 0.2 ms]
      [Redirty Cards: 0.2 ms]
      [Humongous Register: 0.1 ms]
      [Humongous Reclaim: 0.0 ms]
      [Free CSet: 1.0 ms]
   [Eden: 931.0M(931.0M)->0.0B(885.0M) Survivors: 41984.0K->63488.0K Heap: 1611.1M(1868.0M)->701.1M(1868.0M)]
Heap after GC invocations=391 (full 0):
 garbage-first heap   total 1912832K, used 717908K [0x000000008b400000, 0x000000008b503a60, 0x0000000100000000)
  region size 1024K, 62 young (63488K), 62 survivors (63488K)
 Metaspace       used 148142K, capacity 155423K, committed 155568K, reserved 1183744K
  class space    used 19746K, capacity 21111K, committed 21168K, reserved 1048576K
}
 [Times: user=0.32 sys=0.00, real=0.10 secs] 
2020-07-20T10:01:40.550+0000: 3136.486: Total time for which application threads were stopped: 0.1049500 seconds, Stopping threads took: 0.0031582 seconds
{Heap before GC invocations=391 (full 0):
 garbage-first heap   total 1912832K, used 1624148K [0x000000008b400000, 0x000000008b503a60, 0x0000000100000000)
  region size 1024K, 947 young (969728K), 62 survivors (63488K)
 Metaspace       used 148142K, capacity 155423K, committed 155568K, reserved 1183744K
  class space    used 19746K, capacity 21111K, committed 21168K, reserved 1048576K
2020-07-20T10:01:43.086+0000: 3139.022: [GC pause (G1 Evacuation Pause) (young)
Desired survivor size 62390272 bytes, new threshold 5 (max 15)
- age   1:   29514720 bytes,   29514720 total
- age   2:   18888160 bytes,   48402880 total
- age   3:   13307024 bytes,   61709904 total
- age   4:     308600 bytes,   62018504 total
- age   5:     419912 bytes,   62438416 total
- age   6:     409704 bytes,   62848120 total
- age   7:     335088 bytes,   63183208 total
- age   8:     219656 bytes,   63402864 total
, 0.0677061 secs]
   [Parallel Time: 63.0 ms, GC Workers: 4]
      [GC Worker Start (ms): Min: 3139022.1, Avg: 3139022.1, Max: 3139022.1, Diff: 0.1]
      [Ext Root Scanning (ms): Min: 5.1, Avg: 5.2, Max: 5.4, Diff: 0.2, Sum: 21.0]
      [Update RS (ms): Min: 19.4, Avg: 19.4, Max: 19.5, Diff: 0.1, Sum: 77.6]
         [Processed Buffers: Min: 13, Avg: 28.0, Max: 37, Diff: 24, Sum: 112]
      [Scan RS (ms): Min: 0.2, Avg: 0.3, Max: 0.3, Diff: 0.1, Sum: 1.1]
      [Code Root Scanning (ms): Min: 0.0, Avg: 0.0, Max: 0.0, Diff: 0.0, Sum: 0.1]
      [Object Copy (ms): Min: 37.8, Avg: 37.9, Max: 38.0, Diff: 0.2, Sum: 151.5]
      [Termination (ms): Min: 0.0, Avg: 0.0, Max: 0.1, Diff: 0.1, Sum: 0.2]
         [Termination Attempts: Min: 3, Avg: 6.2, Max: 9, Diff: 6, Sum: 25]
      [GC Worker Other (ms): Min: 0.0, Avg: 0.0, Max: 0.0, Diff: 0.0, Sum: 0.1]
      [GC Worker Total (ms): Min: 62.8, Avg: 62.9, Max: 62.9, Diff: 0.1, Sum: 251.5]
      [GC Worker End (ms): Min: 3139085.0, Avg: 3139085.0, Max: 3139085.0, Diff: 0.0]
   [Code Root Fixup: 0.0 ms]
   [Code Root Purge: 0.0 ms]
   [Clear CT: 0.3 ms]
   [Other: 4.3 ms]
      [Choose CSet: 0.0 ms]
      [Ref Proc: 2.3 ms]
      [Ref Enq: 0.1 ms]
      [Redirty Cards: 0.2 ms]
      [Humongous Register: 0.2 ms]
      [Humongous Reclaim: 0.1 ms]
      [Free CSet: 0.8 ms]
   [Eden: 885.0M(885.0M)->0.0B(932.0M) Survivors: 63488.0K->40960.0K Heap: 1586.1M(1868.0M)->678.6M(1868.0M)]
Heap after GC invocations=392 (full 0):
 garbage-first heap   total 1912832K, used 694870K [0x000000008b400000, 0x000000008b503a60, 0x0000000100000000)
  region size 1024K, 40 young (40960K), 40 survivors (40960K)
 Metaspace       used 148142K, capacity 155423K, committed 155568K, reserved 1183744K
  class space    used 19746K, capacity 21111K, committed 21168K, reserved 1048576K
}
 [Times: user=0.21 sys=0.00, real=0.07 secs] 
2020-07-20T10:01:43.154+0000: 3139.090: Total time for which application threads were stopped: 0.0698018 seconds, Stopping threads took: 0.0010454 seconds
{Heap before GC invocations=392 (full 0):
 garbage-first heap   total 1912832K, used 1651286K [0x000000008b400000, 0x000000008b503a60, 0x0000000100000000)
  region size 1024K, 972 young (995328K), 40 survivors (40960K)
 Metaspace       used 148143K, capacity 155423K, committed 155568K, reserved 1183744K
  class space    used 19746K, capacity 21111K, committed 21168K, reserved 1048576K
2020-07-20T10:01:45.802+0000: 3141.738: [GC pause (G1 Evacuation Pause) (young)
Desired survivor size 63963136 bytes, new threshold 15 (max 15)
- age   1:   24419192 bytes,   24419192 total
- age   2:   13557800 bytes,   37976992 total
- age   3:     279704 bytes,   38256696 total
- age   4:     469872 bytes,   38726568 total
- age   5:     308480 bytes,   39035048 total
, 0.0875725 secs]
   [Parallel Time: 83.3 ms, GC Workers: 4]
      [GC Worker Start (ms): Min: 3141738.3, Avg: 3141738.3, Max: 3141738.4, Diff: 0.1]
      [Ext Root Scanning (ms): Min: 6.8, Avg: 7.2, Max: 7.9, Diff: 1.2, Sum: 28.8]
      [Update RS (ms): Min: 14.3, Avg: 15.0, Max: 15.3, Diff: 1.0, Sum: 60.0]
         [Processed Buffers: Min: 24, Avg: 27.0, Max: 30, Diff: 6, Sum: 108]
      [Scan RS (ms): Min: 0.2, Avg: 0.2, Max: 0.2, Diff: 0.0, Sum: 0.9]
      [Code Root Scanning (ms): Min: 0.0, Avg: 0.0, Max: 0.0, Diff: 0.0, Sum: 0.1]
      [Object Copy (ms): Min: 60.5, Avg: 60.6, Max: 60.7, Diff: 0.2, Sum: 242.4]
      [Termination (ms): Min: 0.0, Avg: 0.0, Max: 0.0, Diff: 0.0, Sum: 0.1]
         [Termination Attempts: Min: 6, Avg: 9.5, Max: 13, Diff: 7, Sum: 38]
      [GC Worker Other (ms): Min: 0.0, Avg: 0.1, Max: 0.1, Diff: 0.1, Sum: 0.2]
      [GC Worker Total (ms): Min: 83.0, Avg: 83.1, Max: 83.2, Diff: 0.2, Sum: 332.4]
      [GC Worker End (ms): Min: 3141821.4, Avg: 3141821.4, Max: 3141821.4, Diff: 0.1]
   [Code Root Fixup: 0.1 ms]
   [Code Root Purge: 0.0 ms]
   [Clear CT: 0.5 ms]
   [Other: 3.7 ms]
      [Choose CSet: 0.0 ms]
      [Ref Proc: 2.0 ms]
      [Ref Enq: 0.1 ms]
      [Redirty Cards: 0.2 ms]
      [Humongous Register: 0.1 ms]
      [Humongous Reclaim: 0.0 ms]
      [Free CSet: 0.8 ms]
   [Eden: 932.0M(932.0M)->0.0B(878.0M) Survivors: 40960.0K->66560.0K Heap: 1612.6M(1868.0M)->705.6M(1868.0M)]
Heap after GC invocations=393 (full 0):
 garbage-first heap   total 1912832K, used 722518K [0x000000008b400000, 0x000000008b503a60, 0x0000000100000000)
  region size 1024K, 65 young (66560K), 65 survivors (66560K)
 Metaspace       used 148143K, capacity 155423K, committed 155568K, reserved 1183744K
  class space    used 19746K, capacity 21111K, committed 21168K, reserved 1048576K
}
 [Times: user=0.27 sys=0.01, real=0.08 secs] 
2020-07-20T10:01:45.890+0000: 3141.826: Total time for which application threads were stopped: 0.0939330 seconds, Stopping threads took: 0.0053400 seconds
{Heap before GC invocations=393 (full 0):
 garbage-first heap   total 1912832K, used 1621590K [0x000000008b400000, 0x000000008b503a60, 0x0000000100000000)
  region size 1024K, 943 young (965632K), 65 survivors (66560K)
 Metaspace       used 148145K, capacity 155423K, committed 155568K, reserved 1183744K
  class space    used 19746K, capacity 21111K, committed 21168K, reserved 1048576K
2020-07-20T10:01:48.746+0000: 3144.682: [GC pause (G1 Evacuation Pause) (young)
Desired survivor size 61865984 bytes, new threshold 3 (max 15)
- age   1:   34101136 bytes,   34101136 total
- age   2:   18407064 bytes,   52508200 total
- age   3:   13002056 bytes,   65510256 total
- age   4:     279096 bytes,   65789352 total
- age   5:     458880 bytes,   66248232 total
- age   6:     307872 bytes,   66556104 total
, 0.0826637 secs]
   [Parallel Time: 78.2 ms, GC Workers: 4]
      [GC Worker Start (ms): Min: 3144682.3, Avg: 3144682.4, Max: 3144682.4, Diff: 0.1]
      [Ext Root Scanning (ms): Min: 5.1, Avg: 5.1, Max: 5.3, Diff: 0.2, Sum: 20.6]
      [Update RS (ms): Min: 19.4, Avg: 20.3, Max: 21.4, Diff: 2.0, Sum: 81.3]
         [Processed Buffers: Min: 12, Avg: 29.8, Max: 53, Diff: 41, Sum: 119]
      [Scan RS (ms): Min: 0.1, Avg: 0.3, Max: 0.5, Diff: 0.3, Sum: 1.1]
      [Code Root Scanning (ms): Min: 0.0, Avg: 0.0, Max: 0.1, Diff: 0.1, Sum: 0.1]
      [Object Copy (ms): Min: 51.1, Avg: 52.1, Max: 52.6, Diff: 1.5, Sum: 208.2]
      [Termination (ms): Min: 0.0, Avg: 0.1, Max: 0.1, Diff: 0.1, Sum: 0.3]
         [Termination Attempts: Min: 6, Avg: 9.5, Max: 12, Diff: 6, Sum: 38]
      [GC Worker Other (ms): Min: 0.0, Avg: 0.0, Max: 0.1, Diff: 0.0, Sum: 0.1]
      [GC Worker Total (ms): Min: 77.9, Avg: 77.9, Max: 77.9, Diff: 0.1, Sum: 311.6]
      [GC Worker End (ms): Min: 3144760.3, Avg: 3144760.3, Max: 3144760.3, Diff: 0.0]
   [Code Root Fixup: 0.0 ms]
   [Code Root Purge: 0.0 ms]
   [Clear CT: 0.4 ms]
   [Other: 4.1 ms]
      [Choose CSet: 0.0 ms]
      [Ref Proc: 2.3 ms]
      [Ref Enq: 0.2 ms]
      [Redirty Cards: 0.3 ms]
      [Humongous Register: 0.1 ms]
      [Humongous Reclaim: 0.1 ms]
      [Free CSet: 0.8 ms]
   [Eden: 878.0M(878.0M)->0.0B(924.0M) Survivors: 66560.0K->44032.0K Heap: 1583.6M(1868.0M)->682.6M(1868.0M)]
Heap after GC invocations=394 (full 0):
 garbage-first heap   total 1912832K, used 698995K [0x000000008b400000, 0x000000008b503a60, 0x0000000100000000)
  region size 1024K, 43 young (44032K), 43 survivors (44032K)
 Metaspace       used 148145K, capacity 155423K, committed 155568K, reserved 1183744K
  class space    used 19746K, capacity 21111K, committed 21168K, reserved 1048576K
}
 [Times: user=0.21 sys=0.04, real=0.08 secs] 
2020-07-20T10:01:48.829+0000: 3144.765: Total time for which application threads were stopped: 0.0837814 seconds, Stopping threads took: 0.0002728 seconds
{Heap before GC invocations=394 (full 0):
 garbage-first heap   total 1912832K, used 1647219K [0x000000008b400000, 0x000000008b503a60, 0x0000000100000000)
  region size 1024K, 967 young (990208K), 43 survivors (44032K)
 Metaspace       used 148147K, capacity 155423K, committed 155568K, reserved 1183744K
  class space    used 19746K, capacity 21111K, committed 21168K, reserved 1048576K
2020-07-20T10:01:52.804+0000: 3148.740: [GC pause (G1 Evacuation Pause) (young)
Desired survivor size 63438848 bytes, new threshold 15 (max 15)
- age   1:   26601256 bytes,   26601256 total
- age   2:   15033152 bytes,   41634408 total
- age   3:     395128 bytes,   42029536 total
, 0.0314101 secs]
   [Parallel Time: 28.4 ms, GC Workers: 4]
      [GC Worker Start (ms): Min: 3148739.8, Avg: 3148739.8, Max: 3148739.8, Diff: 0.1]
      [Ext Root Scanning (ms): Min: 4.8, Avg: 4.9, Max: 5.1, Diff: 0.3, Sum: 19.7]
      [Update RS (ms): Min: 19.4, Avg: 19.5, Max: 19.7, Diff: 0.3, Sum: 77.9]
         [Processed Buffers: Min: 27, Avg: 34.2, Max: 52, Diff: 25, Sum: 137]
      [Scan RS (ms): Min: 0.1, Avg: 0.2, Max: 0.3, Diff: 0.2, Sum: 0.9]
      [Code Root Scanning (ms): Min: 0.0, Avg: 0.0, Max: 0.0, Diff: 0.0, Sum: 0.1]
      [Object Copy (ms): Min: 3.5, Avg: 3.6, Max: 3.7, Diff: 0.2, Sum: 14.3]
      [Termination (ms): Min: 0.0, Avg: 0.0, Max: 0.0, Diff: 0.0, Sum: 0.0]
         [Termination Attempts: Min: 1, Avg: 1.0, Max: 1, Diff: 0, Sum: 4]
      [GC Worker Other (ms): Min: 0.0, Avg: 0.1, Max: 0.1, Diff: 0.1, Sum: 0.2]
      [GC Worker Total (ms): Min: 28.2, Avg: 28.3, Max: 28.3, Diff: 0.1, Sum: 113.0]
      [GC Worker End (ms): Min: 3148768.0, Avg: 3148768.1, Max: 3148768.1, Diff: 0.1]
   [Code Root Fixup: 0.0 ms]
   [Code Root Purge: 0.0 ms]
   [Clear CT: 0.2 ms]
   [Other: 2.7 ms]
      [Choose CSet: 0.0 ms]
      [Ref Proc: 1.3 ms]
      [Ref Enq: 0.1 ms]
      [Redirty Cards: 0.2 ms]
      [Humongous Register: 0.1 ms]
      [Humongous Reclaim: 0.0 ms]
      [Free CSet: 0.7 ms]
   [Eden: 924.0M(924.0M)->0.0B(968.0M) Survivors: 44032.0K->10240.0K Heap: 1608.6M(1868.0M)->649.6M(1868.0M)]
Heap after GC invocations=395 (full 0):
 garbage-first heap   total 1912832K, used 665203K [0x000000008b400000, 0x000000008b503a60, 0x0000000100000000)
  region size 1024K, 10 young (10240K), 10 survivors (10240K)
 Metaspace       used 148147K, capacity 155423K, committed 155568K, reserved 1183744K
  class space    used 19746K, capacity 21111K, committed 21168K, reserved 1048576K
}
 [Times: user=0.11 sys=0.00, real=0.03 secs] 
2020-07-20T10:01:52.835+0000: 3148.771: Total time for which application threads were stopped: 0.0323992 seconds, Stopping threads took: 0.0001742 seconds
{Heap before GC invocations=395 (full 0):
 garbage-first heap   total 1912832K, used 1656435K [0x000000008b400000, 0x000000008b503a60, 0x0000000100000000)
  region size 1024K, 978 young (1001472K), 10 survivors (10240K)
 Metaspace       used 148147K, capacity 155423K, committed 155568K, reserved 1183744K
  class space    used 19746K, capacity 21111K, committed 21168K, reserved 1048576K
2020-07-20T10:01:59.190+0000: 3155.126: [GC pause (G1 Evacuation Pause) (young)
Desired survivor size 64487424 bytes, new threshold 15 (max 15)
- age   1:    5886120 bytes,    5886120 total
- age   2:    2338032 bytes,    8224152 total
- age   3:     212128 bytes,    8436280 total
- age   4:     393096 bytes,    8829376 total
, 0.0439804 secs]
   [Parallel Time: 40.6 ms, GC Workers: 4]
      [GC Worker Start (ms): Min: 3155126.6, Avg: 3155126.6, Max: 3155126.7, Diff: 0.1]
      [Ext Root Scanning (ms): Min: 6.2, Avg: 7.3, Max: 10.1, Diff: 3.9, Sum: 29.1]
      [Update RS (ms): Min: 25.6, Avg: 28.3, Max: 29.3, Diff: 3.7, Sum: 113.1]
         [Processed Buffers: Min: 32, Avg: 37.8, Max: 42, Diff: 10, Sum: 151]
      [Scan RS (ms): Min: 0.1, Avg: 0.2, Max: 0.3, Diff: 0.3, Sum: 0.9]
      [Code Root Scanning (ms): Min: 0.0, Avg: 0.0, Max: 0.0, Diff: 0.0, Sum: 0.1]
      [Object Copy (ms): Min: 4.3, Avg: 4.6, Max: 4.7, Diff: 0.4, Sum: 18.3]
      [Termination (ms): Min: 0.0, Avg: 0.0, Max: 0.0, Diff: 0.0, Sum: 0.0]
         [Termination Attempts: Min: 1, Avg: 1.0, Max: 1, Diff: 0, Sum: 4]
      [GC Worker Other (ms): Min: 0.0, Avg: 0.1, Max: 0.1, Diff: 0.0, Sum: 0.2]
      [GC Worker Total (ms): Min: 40.4, Avg: 40.4, Max: 40.5, Diff: 0.1, Sum: 161.8]
      [GC Worker End (ms): Min: 3155167.1, Avg: 3155167.1, Max: 3155167.1, Diff: 0.0]
   [Code Root Fixup: 0.0 ms]
   [Code Root Purge: 0.0 ms]
   [Clear CT: 0.2 ms]
   [Other: 3.1 ms]
      [Choose CSet: 0.0 ms]
      [Ref Proc: 1.5 ms]
      [Ref Enq: 0.2 ms]
      [Redirty Cards: 0.1 ms]
      [Humongous Register: 0.1 ms]
      [Humongous Reclaim: 0.0 ms]
      [Free CSet: 0.8 ms]
   [Eden: 968.0M(968.0M)->0.0B(973.0M) Survivors: 10240.0K->10240.0K Heap: 1617.6M(1868.0M)->650.1M(1868.0M)]
Heap after GC invocations=396 (full 0):
 garbage-first heap   total 1912832K, used 665715K [0x000000008b400000, 0x000000008b503a60, 0x0000000100000000)
  region size 1024K, 10 young (10240K), 10 survivors (10240K)
 Metaspace       used 148147K, capacity 155423K, committed 155568K, reserved 1183744K
  class space    used 19746K, capacity 21111K, committed 21168K, reserved 1048576K
}
 [Times: user=0.17 sys=0.00, real=0.05 secs] 
2020-07-20T10:01:59.235+0000: 3155.171: Total time for which application threads were stopped: 0.0461559 seconds, Stopping threads took: 0.0005680 seconds
{Heap before GC invocations=396 (full 0):
 garbage-first heap   total 1912832K, used 1662067K [0x000000008b400000, 0x000000008b503a60, 0x0000000100000000)
  region size 1024K, 983 young (1006592K), 10 survivors (10240K)
 Metaspace       used 148147K, capacity 155423K, committed 155568K, reserved 1183744K
  class space    used 19746K, capacity 21111K, committed 21168K, reserved 1048576K
2020-07-20T10:02:05.599+0000: 3161.535: [GC pause (G1 Evacuation Pause) (young)
Desired survivor size 64487424 bytes, new threshold 15 (max 15)
- age   1:    6386440 bytes,    6386440 total
- age   2:     845680 bytes,    7232120 total
- age   3:    1847272 bytes,    9079392 total
- age   4:     210328 bytes,    9289720 total
- age   5:     390808 bytes,    9680528 total
, 0.0393659 secs]
   [Parallel Time: 36.2 ms, GC Workers: 4]
      [GC Worker Start (ms): Min: 3161535.9, Avg: 3161536.0, Max: 3161536.1, Diff: 0.1]
      [Ext Root Scanning (ms): Min: 7.6, Avg: 10.1, Max: 12.6, Diff: 5.0, Sum: 40.6]
      [Update RS (ms): Min: 19.0, Avg: 21.3, Max: 23.6, Diff: 4.7, Sum: 85.0]
         [Processed Buffers: Min: 25, Avg: 34.5, Max: 47, Diff: 22, Sum: 138]
      [Scan RS (ms): Min: 0.1, Avg: 0.2, Max: 0.3, Diff: 0.1, Sum: 0.9]
      [Code Root Scanning (ms): Min: 0.0, Avg: 0.0, Max: 0.0, Diff: 0.0, Sum: 0.1]
      [Object Copy (ms): Min: 4.1, Avg: 4.2, Max: 4.4, Diff: 0.4, Sum: 16.9]
      [Termination (ms): Min: 0.0, Avg: 0.0, Max: 0.0, Diff: 0.0, Sum: 0.0]
         [Termination Attempts: Min: 1, Avg: 1.0, Max: 1, Diff: 0, Sum: 4]
      [GC Worker Other (ms): Min: 0.1, Avg: 0.1, Max: 0.2, Diff: 0.1, Sum: 0.4]
      [GC Worker Total (ms): Min: 35.9, Avg: 36.0, Max: 36.1, Diff: 0.1, Sum: 143.9]
      [GC Worker End (ms): Min: 3161571.9, Avg: 3161572.0, Max: 3161572.0, Diff: 0.1]
   [Code Root Fixup: 0.0 ms]
   [Code Root Purge: 0.0 ms]
   [Clear CT: 0.2 ms]
   [Other: 2.9 ms]
      [Choose CSet: 0.0 ms]
      [Ref Proc: 1.2 ms]
      [Ref Enq: 0.1 ms]
      [Redirty Cards: 0.1 ms]
      [Humongous Register: 0.2 ms]
      [Humongous Reclaim: 0.0 ms]
      [Free CSet: 0.7 ms]
   [Eden: 973.0M(973.0M)->0.0B(974.0M) Survivors: 10240.0K->12288.0K Heap: 1623.1M(1868.0M)->651.6M(1868.0M)]
Heap after GC invocations=397 (full 0):
 garbage-first heap   total 1912832K, used 667251K [0x000000008b400000, 0x000000008b503a60, 0x0000000100000000)
  region size 1024K, 12 young (12288K), 12 survivors (12288K)
 Metaspace       used 148147K, capacity 155423K, committed 155568K, reserved 1183744K
  class space    used 19746K, capacity 21111K, committed 21168K, reserved 1048576K
}
 [Times: user=0.11 sys=0.01, real=0.04 secs] 
2020-07-20T10:02:05.639+0000: 3161.575: Total time for which application threads were stopped: 0.0464701 seconds, Stopping threads took: 0.0060221 seconds
{Heap before GC invocations=397 (full 0):
 garbage-first heap   total 1912832K, used 1664627K [0x000000008b400000, 0x000000008b503a60, 0x0000000100000000)
  region size 1024K, 986 young (1009664K), 12 survivors (12288K)
 Metaspace       used 148155K, capacity 155423K, committed 155568K, reserved 1183744K
  class space    used 19746K, capacity 21111K, committed 21168K, reserved 1048576K
2020-07-20T10:02:12.022+0000: 3167.958: [GC pause (G1 Evacuation Pause) (young)
Desired survivor size 65011712 bytes, new threshold 15 (max 15)
- age   1:    6386488 bytes,    6386488 total
- age   2:     750616 bytes,    7137104 total
- age   3:     839520 bytes,    7976624 total
- age   4:    1842864 bytes,    9819488 total
- age   5:     210328 bytes,   10029816 total
- age   6:     390744 bytes,   10420560 total
, 0.0383116 secs]
   [Parallel Time: 35.1 ms, GC Workers: 4]
      [GC Worker Start (ms): Min: 3167958.2, Avg: 3167958.2, Max: 3167958.2, Diff: 0.1]
      [Ext Root Scanning (ms): Min: 6.1, Avg: 7.1, Max: 9.7, Diff: 3.6, Sum: 28.3]
      [Update RS (ms): Min: 20.1, Avg: 22.6, Max: 23.6, Diff: 3.6, Sum: 90.3]
         [Processed Buffers: Min: 30, Avg: 37.2, Max: 42, Diff: 12, Sum: 149]
      [Scan RS (ms): Min: 0.1, Avg: 0.2, Max: 0.3, Diff: 0.3, Sum: 0.9]
      [Code Root Scanning (ms): Min: 0.0, Avg: 0.0, Max: 0.0, Diff: 0.0, Sum: 0.1]
      [Object Copy (ms): Min: 4.7, Avg: 4.9, Max: 5.1, Diff: 0.4, Sum: 19.6]
      [Termination (ms): Min: 0.0, Avg: 0.0, Max: 0.0, Diff: 0.0, Sum: 0.0]
         [Termination Attempts: Min: 1, Avg: 1.0, Max: 1, Diff: 0, Sum: 4]
      [GC Worker Other (ms): Min: 0.0, Avg: 0.1, Max: 0.1, Diff: 0.1, Sum: 0.4]
      [GC Worker Total (ms): Min: 34.9, Avg: 34.9, Max: 34.9, Diff: 0.1, Sum: 139.6]
      [GC Worker End (ms): Min: 3167993.1, Avg: 3167993.1, Max: 3167993.2, Diff: 0.1]
   [Code Root Fixup: 0.0 ms]
   [Code Root Purge: 0.0 ms]
   [Clear CT: 0.3 ms]
   [Other: 2.9 ms]
      [Choose CSet: 0.0 ms]
      [Ref Proc: 1.4 ms]
      [Ref Enq: 0.1 ms]
      [Redirty Cards: 0.1 ms]
      [Humongous Register: 0.1 ms]
      [Humongous Reclaim: 0.0 ms]
      [Free CSet: 0.8 ms]
   [Eden: 974.0M(974.0M)->0.0B(976.0M) Survivors: 12288.0K->13312.0K Heap: 1625.6M(1868.0M)->652.6M(1868.0M)]
Heap after GC invocations=398 (full 0):
 garbage-first heap   total 1912832K, used 668275K [0x000000008b400000, 0x000000008b503a60, 0x0000000100000000)
  region size 1024K, 13 young (13312K), 13 survivors (13312K)
 Metaspace       used 148155K, capacity 155423K, committed 155568K, reserved 1183744K
  class space    used 19746K, capacity 21111K, committed 21168K, reserved 1048576K
}
 [Times: user=0.14 sys=0.00, real=0.03 secs] 
2020-07-20T10:02:12.061+0000: 3167.996: Total time for which application threads were stopped: 0.0403921 seconds, Stopping threads took: 0.0004550 seconds
{Heap before GC invocations=398 (full 0):
 garbage-first heap   total 1912832K, used 1667699K [0x000000008b400000, 0x000000008b503a60, 0x0000000100000000)
  region size 1024K, 989 young (1012736K), 13 survivors (13312K)
 Metaspace       used 148159K, capacity 155423K, committed 155568K, reserved 1183744K
  class space    used 19746K, capacity 21111K, committed 21168K, reserved 1048576K
2020-07-20T10:02:18.378+0000: 3174.314: [GC pause (G1 Evacuation Pause) (young)
Desired survivor size 65011712 bytes, new threshold 15 (max 15)
- age   1:    6269024 bytes,    6269024 total
- age   2:    1078616 bytes,    7347640 total
- age   3:     740408 bytes,    8088048 total
- age   4:     839008 bytes,    8927056 total
- age   5:    1842832 bytes,   10769888 total
- age   6:     210232 bytes,   10980120 total
- age   7:     390744 bytes,   11370864 total
, 0.0360057 secs]
   [Parallel Time: 32.6 ms, GC Workers: 4]
      [GC Worker Start (ms): Min: 3174314.2, Avg: 3174314.2, Max: 3174314.3, Diff: 0.1]
      [Ext Root Scanning (ms): Min: 4.9, Avg: 5.0, Max: 5.2, Diff: 0.3, Sum: 20.1]
      [Update RS (ms): Min: 21.7, Avg: 21.8, Max: 21.9, Diff: 0.2, Sum: 87.2]
         [Processed Buffers: Min: 28, Avg: 38.0, Max: 48, Diff: 20, Sum: 152]
      [Scan RS (ms): Min: 0.1, Avg: 0.2, Max: 0.3, Diff: 0.2, Sum: 0.9]
      [Code Root Scanning (ms): Min: 0.0, Avg: 0.0, Max: 0.0, Diff: 0.0, Sum: 0.1]
      [Object Copy (ms): Min: 5.1, Avg: 5.3, Max: 5.4, Diff: 0.2, Sum: 21.0]
      [Termination (ms): Min: 0.0, Avg: 0.0, Max: 0.0, Diff: 0.0, Sum: 0.0]
         [Termination Attempts: Min: 1, Avg: 1.0, Max: 1, Diff: 0, Sum: 4]
      [GC Worker Other (ms): Min: 0.0, Avg: 0.0, Max: 0.1, Diff: 0.0, Sum: 0.2]
      [GC Worker Total (ms): Min: 32.4, Avg: 32.4, Max: 32.4, Diff: 0.1, Sum: 129.6]
      [GC Worker End (ms): Min: 3174346.6, Avg: 3174346.6, Max: 3174346.6, Diff: 0.0]
   [Code Root Fixup: 0.0 ms]
   [Code Root Purge: 0.0 ms]
   [Clear CT: 0.2 ms]
   [Other: 3.1 ms]
      [Choose CSet: 0.0 ms]
      [Ref Proc: 1.4 ms]
      [Ref Enq: 0.1 ms]
      [Redirty Cards: 0.1 ms]
      [Humongous Register: 0.2 ms]
      [Humongous Reclaim: 0.0 ms]
      [Free CSet: 0.8 ms]
   [Eden: 976.0M(976.0M)->0.0B(977.0M) Survivors: 13312.0K->13312.0K Heap: 1628.6M(1868.0M)->653.1M(1868.0M)]
Heap after GC invocations=399 (full 0):
 garbage-first heap   total 1912832K, used 668787K [0x000000008b400000, 0x000000008b503a60, 0x0000000100000000)
  region size 1024K, 13 young (13312K), 13 survivors (13312K)
 Metaspace       used 148159K, capacity 155423K, committed 155568K, reserved 1183744K
  class space    used 19746K, capacity 21111K, committed 21168K, reserved 1048576K
}
 [Times: user=0.14 sys=0.00, real=0.04 secs] 
2020-07-20T10:02:18.414+0000: 3174.350: Total time for which application threads were stopped: 0.0370646 seconds, Stopping threads took: 0.0001247 seconds
{Heap before GC invocations=399 (full 0):
 garbage-first heap   total 1912832K, used 1669235K [0x000000008b400000, 0x000000008b503a60, 0x0000000100000000)
  region size 1024K, 990 young (1013760K), 13 survivors (13312K)
 Metaspace       used 148159K, capacity 155423K, committed 155568K, reserved 1183744K
  class space    used 19746K, capacity 21111K, committed 21168K, reserved 1048576K
2020-07-20T10:02:25.299+0000: 3181.234: [GC pause (G1 Evacuation Pause) (young)
Desired survivor size 65011712 bytes, new threshold 15 (max 15)
- age   1:    8028984 bytes,    8028984 total
- age   2:     858792 bytes,    8887776 total
- age   3:     883288 bytes,    9771064 total
- age   4:     738584 bytes,   10509648 total
- age   5:     820992 bytes,   11330640 total
- age   6:     323720 bytes,   11654360 total
- age   7:     208504 bytes,   11862864 total
- age   8:     390712 bytes,   12253576 total
, 0.0369715 secs]
   [Parallel Time: 33.9 ms, GC Workers: 4]
      [GC Worker Start (ms): Min: 3181234.8, Avg: 3181234.8, Max: 3181234.8, Diff: 0.1]
      [Ext Root Scanning (ms): Min: 5.8, Avg: 6.2, Max: 7.1, Diff: 1.3, Sum: 24.7]
      [Update RS (ms): Min: 22.1, Avg: 22.7, Max: 23.0, Diff: 0.9, Sum: 90.8]
         [Processed Buffers: Min: 30, Avg: 39.5, Max: 49, Diff: 19, Sum: 158]
      [Scan RS (ms): Min: 0.2, Avg: 0.2, Max: 0.3, Diff: 0.1, Sum: 0.9]
      [Code Root Scanning (ms): Min: 0.0, Avg: 0.0, Max: 0.0, Diff: 0.0, Sum: 0.1]
      [Object Copy (ms): Min: 4.3, Avg: 4.5, Max: 4.6, Diff: 0.4, Sum: 18.0]
      [Termination (ms): Min: 0.0, Avg: 0.0, Max: 0.0, Diff: 0.0, Sum: 0.0]
         [Termination Attempts: Min: 1, Avg: 1.0, Max: 1, Diff: 0, Sum: 4]
      [GC Worker Other (ms): Min: 0.1, Avg: 0.1, Max: 0.1, Diff: 0.1, Sum: 0.4]
      [GC Worker Total (ms): Min: 33.7, Avg: 33.7, Max: 33.8, Diff: 0.1, Sum: 135.0]
      [GC Worker End (ms): Min: 3181268.5, Avg: 3181268.6, Max: 3181268.6, Diff: 0.1]
   [Code Root Fixup: 0.0 ms]
   [Code Root Purge: 0.0 ms]
   [Clear CT: 0.2 ms]
   [Other: 2.8 ms]
      [Choose CSet: 0.0 ms]
      [Ref Proc: 1.2 ms]
      [Ref Enq: 0.1 ms]
      [Redirty Cards: 0.2 ms]
      [Humongous Register: 0.1 ms]
      [Humongous Reclaim: 0.0 ms]
      [Free CSet: 0.8 ms]
   [Eden: 977.0M(977.0M)->0.0B(980.0M) Survivors: 13312.0K->12288.0K Heap: 1630.1M(1868.0M)->651.6M(1868.0M)]
Heap after GC invocations=400 (full 0):
 garbage-first heap   total 1912832K, used 667251K [0x000000008b400000, 0x000000008b503a60, 0x0000000100000000)
  region size 1024K, 12 young (12288K), 12 survivors (12288K)
 Metaspace       used 148159K, capacity 155423K, committed 155568K, reserved 1183744K
  class space    used 19746K, capacity 21111K, committed 21168K, reserved 1048576K
}
 [Times: user=0.14 sys=0.00, real=0.04 secs] 
2020-07-20T10:02:25.336+0000: 3181.272: Total time for which application threads were stopped: 0.0388592 seconds, Stopping threads took: 0.0005207 seconds
{Heap before GC invocations=400 (full 0):
 garbage-first heap   total 1912832K, used 1672819K [0x000000008b400000, 0x000000008b503a60, 0x0000000100000000)
  region size 1024K, 992 young (1015808K), 12 survivors (12288K)
 Metaspace       used 148159K, capacity 155423K, committed 155568K, reserved 1183744K
  class space    used 19746K, capacity 21111K, committed 21168K, reserved 1048576K
2020-07-20T10:02:31.843+0000: 3187.779: [GC pause (G1 Evacuation Pause) (young)
Desired survivor size 65011712 bytes, new threshold 15 (max 15)
- age   1:    5987488 bytes,    5987488 total
- age   2:    2200304 bytes,    8187792 total
- age   3:     433208 bytes,    8621000 total
- age   4:     302664 bytes,    8923664 total
- age   5:     307840 bytes,    9231504 total
- age   6:     552720 bytes,    9784224 total
- age   7:     219096 bytes,   10003320 total
- age   8:     102952 bytes,   10106272 total
- age   9:     242240 bytes,   10348512 total
, 0.0385242 secs]
   [Parallel Time: 35.0 ms, GC Workers: 4]
      [GC Worker Start (ms): Min: 3187779.1, Avg: 3187779.2, Max: 3187779.2, Diff: 0.1]
      [Ext Root Scanning (ms): Min: 5.3, Avg: 5.5, Max: 5.7, Diff: 0.4, Sum: 21.8]
      [Update RS (ms): Min: 23.9, Avg: 24.0, Max: 24.2, Diff: 0.3, Sum: 96.1]
         [Processed Buffers: Min: 29, Avg: 38.8, Max: 54, Diff: 25, Sum: 155]
      [Scan RS (ms): Min: 0.1, Avg: 0.2, Max: 0.3, Diff: 0.2, Sum: 0.9]
      [Code Root Scanning (ms): Min: 0.0, Avg: 0.0, Max: 0.1, Diff: 0.1, Sum: 0.1]
      [Object Copy (ms): Min: 4.8, Avg: 5.0, Max: 5.1, Diff: 0.3, Sum: 19.9]
      [Termination (ms): Min: 0.0, Avg: 0.0, Max: 0.0, Diff: 0.0, Sum: 0.0]
         [Termination Attempts: Min: 1, Avg: 1.0, Max: 1, Diff: 0, Sum: 4]
      [GC Worker Other (ms): Min: 0.0, Avg: 0.1, Max: 0.1, Diff: 0.1, Sum: 0.2]
      [GC Worker Total (ms): Min: 34.7, Avg: 34.8, Max: 34.8, Diff: 0.1, Sum: 139.1]
      [GC Worker End (ms): Min: 3187813.9, Avg: 3187813.9, Max: 3187814.0, Diff: 0.0]
   [Code Root Fixup: 0.0 ms]
   [Code Root Purge: 0.0 ms]
   [Clear CT: 0.3 ms]
   [Other: 3.2 ms]
      [Choose CSet: 0.0 ms]
      [Ref Proc: 1.5 ms]
      [Ref Enq: 0.1 ms]
      [Redirty Cards: 0.1 ms]
      [Humongous Register: 0.1 ms]
      [Humongous Reclaim: 0.0 ms]
      [Free CSet: 0.9 ms]
   [Eden: 980.0M(980.0M)->0.0B(978.0M) Survivors: 12288.0K->12288.0K Heap: 1633.6M(1868.0M)->654.1M(1868.0M)]
Heap after GC invocations=401 (full 0):
 garbage-first heap   total 1912832K, used 669811K [0x000000008b400000, 0x000000008b503a60, 0x0000000100000000)
  region size 1024K, 12 young (12288K), 12 survivors (12288K)
 Metaspace       used 148159K, capacity 155423K, committed 155568K, reserved 1183744K
  class space    used 19746K, capacity 21111K, committed 21168K, reserved 1048576K
}
 [Times: user=0.14 sys=0.00, real=0.04 secs] 
2020-07-20T10:02:31.882+0000: 3187.817: Total time for which application threads were stopped: 0.0401261 seconds, Stopping threads took: 0.0002485 seconds
{Heap before GC invocations=401 (full 0):
 garbage-first heap   total 1912832K, used 1671283K [0x000000008b400000, 0x000000008b503a60, 0x0000000100000000)
  region size 1024K, 990 young (1013760K), 12 survivors (12288K)
 Metaspace       used 148160K, capacity 155423K, committed 155568K, reserved 1183744K
  class space    used 19746K, capacity 21111K, committed 21168K, reserved 1048576K
2020-07-20T10:02:37.986+0000: 3193.922: [GC pause (G1 Evacuation Pause) (young)
Desired survivor size 65011712 bytes, new threshold 15 (max 15)
- age   1:    6914792 bytes,    6914792 total
- age   2:     571208 bytes,    7486000 total
- age   3:    1964840 bytes,    9450840 total
- age   4:     224472 bytes,    9675312 total
- age   5:      81440 bytes,    9756752 total
- age   6:      91648 bytes,    9848400 total
- age   7:     381744 bytes,   10230144 total
- age   8:     134704 bytes,   10364848 total
- age   9:      61120 bytes,   10425968 total
- age  10:     203624 bytes,   10629592 total
, 0.0394720 secs]
   [Parallel Time: 36.2 ms, GC Workers: 4]
      [GC Worker Start (ms): Min: 3193922.0, Avg: 3193922.3, Max: 3193923.0, Diff: 0.9]
      [Ext Root Scanning (ms): Min: 4.1, Avg: 4.8, Max: 5.2, Diff: 1.1, Sum: 19.3]
      [Update RS (ms): Min: 23.5, Avg: 23.7, Max: 24.0, Diff: 0.5, Sum: 94.7]
         [Processed Buffers: Min: 31, Avg: 38.5, Max: 55, Diff: 24, Sum: 154]
      [Scan RS (ms): Min: 0.1, Avg: 0.2, Max: 0.4, Diff: 0.3, Sum: 1.0]
      [Code Root Scanning (ms): Min: 0.0, Avg: 0.0, Max: 0.0, Diff: 0.0, Sum: 0.1]
      [Object Copy (ms): Min: 6.8, Avg: 6.9, Max: 7.1, Diff: 0.3, Sum: 27.8]
      [Termination (ms): Min: 0.0, Avg: 0.0, Max: 0.0, Diff: 0.0, Sum: 0.0]
         [Termination Attempts: Min: 1, Avg: 1.2, Max: 2, Diff: 1, Sum: 5]
      [GC Worker Other (ms): Min: 0.0, Avg: 0.0, Max: 0.1, Diff: 0.0, Sum: 0.2]
      [GC Worker Total (ms): Min: 35.1, Avg: 35.8, Max: 36.0, Diff: 0.9, Sum: 143.1]
      [GC Worker End (ms): Min: 3193958.1, Avg: 3193958.1, Max: 3193958.1, Diff: 0.0]
   [Code Root Fixup: 0.0 ms]
   [Code Root Purge: 0.0 ms]
   [Clear CT: 0.3 ms]
   [Other: 3.0 ms]
      [Choose CSet: 0.0 ms]
      [Ref Proc: 1.3 ms]
      [Ref Enq: 0.1 ms]
      [Redirty Cards: 0.2 ms]
      [Humongous Register: 0.2 ms]
      [Humongous Reclaim: 0.0 ms]
      [Free CSet: 0.8 ms]
   [Eden: 978.0M(978.0M)->0.0B(976.0M) Survivors: 12288.0K->14336.0K Heap: 1632.1M(1868.0M)->655.6M(1868.0M)]
Heap after GC invocations=402 (full 0):
 garbage-first heap   total 1912832K, used 671347K [0x000000008b400000, 0x000000008b503a60, 0x0000000100000000)
  region size 1024K, 14 young (14336K), 14 survivors (14336K)
 Metaspace       used 148160K, capacity 155423K, committed 155568K, reserved 1183744K
  class space    used 19746K, capacity 21111K, committed 21168K, reserved 1048576K
}
 [Times: user=0.14 sys=0.00, real=0.04 secs] 
2020-07-20T10:02:38.026+0000: 3193.961: Total time for which application threads were stopped: 0.0404914 seconds, Stopping threads took: 0.0001572 seconds
{Heap before GC invocations=402 (full 0):
 garbage-first heap   total 1912832K, used 1670771K [0x000000008b400000, 0x000000008b503a60, 0x0000000100000000)
  region size 1024K, 990 young (1013760K), 14 survivors (14336K)
 Metaspace       used 148217K, capacity 155487K, committed 155568K, reserved 1183744K
  class space    used 19746K, capacity 21111K, committed 21168K, reserved 1048576K
2020-07-20T10:03:14.394+0000: 3230.330: [GC pause (G1 Evacuation Pause) (young)
Desired survivor size 65011712 bytes, new threshold 15 (max 15)
- age   1:    7424184 bytes,    7424184 total
- age   2:    1902768 bytes,    9326952 total
- age   3:     560504 bytes,    9887456 total
- age   4:    1960440 bytes,   11847896 total
- age   5:     223736 bytes,   12071632 total
- age   6:      80408 bytes,   12152040 total
- age   7:      91040 bytes,   12243080 total
- age   8:     368720 bytes,   12611800 total
- age   9:     134656 bytes,   12746456 total
- age  10:      61120 bytes,   12807576 total
- age  11:     203624 bytes,   13011200 total
, 0.0691678 secs]
   [Parallel Time: 64.4 ms, GC Workers: 4]
      [GC Worker Start (ms): Min: 3230330.2, Avg: 3230333.4, Max: 3230336.6, Diff: 6.5]
      [Ext Root Scanning (ms): Min: 2.8, Avg: 7.8, Max: 16.6, Diff: 13.8, Sum: 31.1]
      [Update RS (ms): Min: 27.0, Avg: 32.4, Max: 34.4, Diff: 7.3, Sum: 129.8]
         [Processed Buffers: Min: 32, Avg: 40.5, Max: 51, Diff: 19, Sum: 162]
      [Scan RS (ms): Min: 0.2, Avg: 0.2, Max: 0.3, Diff: 0.1, Sum: 1.0]
      [Code Root Scanning (ms): Min: 0.0, Avg: 0.0, Max: 0.1, Diff: 0.1, Sum: 0.1]
      [Object Copy (ms): Min: 20.3, Avg: 20.5, Max: 20.8, Diff: 0.5, Sum: 81.9]
      [Termination (ms): Min: 0.0, Avg: 0.0, Max: 0.0, Diff: 0.0, Sum: 0.1]
         [Termination Attempts: Min: 1, Avg: 1.0, Max: 1, Diff: 0, Sum: 4]
      [GC Worker Other (ms): Min: 0.0, Avg: 0.0, Max: 0.0, Diff: 0.0, Sum: 0.1]
      [GC Worker Total (ms): Min: 57.8, Avg: 61.0, Max: 64.3, Diff: 6.5, Sum: 244.1]
      [GC Worker End (ms): Min: 3230394.4, Avg: 3230394.4, Max: 3230394.4, Diff: 0.0]
   [Code Root Fixup: 0.0 ms]
   [Code Root Purge: 0.0 ms]
   [Clear CT: 0.5 ms]
   [Other: 4.3 ms]
      [Choose CSet: 0.0 ms]
      [Ref Proc: 2.0 ms]
      [Ref Enq: 0.1 ms]
      [Redirty Cards: 0.3 ms]
      [Humongous Register: 0.3 ms]
      [Humongous Reclaim: 0.1 ms]
      [Free CSet: 1.0 ms]
   [Eden: 976.0M(976.0M)->0.0B(958.0M) Survivors: 14336.0K->26624.0K Heap: 1631.6M(1868.0M)->666.1M(1868.0M)]
Heap after GC invocations=403 (full 0):
 garbage-first heap   total 1912832K, used 682099K [0x000000008b400000, 0x000000008b503a60, 0x0000000100000000)
  region size 1024K, 26 young (26624K), 26 survivors (26624K)
 Metaspace       used 148217K, capacity 155487K, committed 155568K, reserved 1183744K
  class space    used 19746K, capacity 21111K, committed 21168K, reserved 1048576K
}
 [Times: user=0.20 sys=0.00, real=0.07 secs] 
2020-07-20T10:03:14.463+0000: 3230.399: Total time for which application threads were stopped: 0.0708904 seconds, Stopping threads took: 0.0003078 seconds
{Heap before GC invocations=403 (full 0):
 garbage-first heap   total 1912832K, used 1665139K [0x000000008b400000, 0x000000008b503a60, 0x0000000100000000)
  region size 1024K, 984 young (1007616K), 26 survivors (26624K)
 Metaspace       used 148217K, capacity 155487K, committed 155568K, reserved 1183744K
  class space    used 19746K, capacity 21111K, committed 21168K, reserved 1048576K
2020-07-20T10:03:26.094+0000: 3242.030: [GC pause (G1 Evacuation Pause) (young)
Desired survivor size 64487424 bytes, new threshold 15 (max 15)
- age   1:   21633080 bytes,   21633080 total
- age   2:     603320 bytes,   22236400 total
- age   3:     662000 bytes,   22898400 total
- age   4:     522144 bytes,   23420544 total
- age   5:     435792 bytes,   23856336 total
- age   6:     217672 bytes,   24074008 total
- age   7:      74424 bytes,   24148432 total
- age   8:      83776 bytes,   24232208 total
- age   9:     349232 bytes,   24581440 total
- age  10:     129176 bytes,   24710616 total
- age  11:      51488 bytes,   24762104 total
- age  12:     195408 bytes,   24957512 total
, 0.0786586 secs]
   [Parallel Time: 74.1 ms, GC Workers: 4]
      [GC Worker Start (ms): Min: 3242030.3, Avg: 3242030.3, Max: 3242030.3, Diff: 0.1]
      [Ext Root Scanning (ms): Min: 6.2, Avg: 7.0, Max: 9.3, Diff: 3.1, Sum: 28.1]
      [Update RS (ms): Min: 16.3, Avg: 18.3, Max: 19.0, Diff: 2.7, Sum: 73.2]
         [Processed Buffers: Min: 15, Avg: 31.2, Max: 53, Diff: 38, Sum: 125]
      [Scan RS (ms): Min: 0.3, Avg: 0.3, Max: 0.4, Diff: 0.2, Sum: 1.3]
      [Code Root Scanning (ms): Min: 0.0, Avg: 0.0, Max: 0.1, Diff: 0.1, Sum: 0.2]
      [Object Copy (ms): Min: 48.0, Avg: 48.2, Max: 48.4, Diff: 0.4, Sum: 193.0]
      [Termination (ms): Min: 0.0, Avg: 0.0, Max: 0.0, Diff: 0.0, Sum: 0.0]
         [Termination Attempts: Min: 1, Avg: 3.2, Max: 6, Diff: 5, Sum: 13]
      [GC Worker Other (ms): Min: 0.0, Avg: 0.1, Max: 0.1, Diff: 0.0, Sum: 0.2]
      [GC Worker Total (ms): Min: 73.9, Avg: 74.0, Max: 74.0, Diff: 0.1, Sum: 295.9]
      [GC Worker End (ms): Min: 3242104.3, Avg: 3242104.3, Max: 3242104.3, Diff: 0.0]
   [Code Root Fixup: 0.0 ms]
   [Code Root Purge: 0.0 ms]
   [Clear CT: 0.4 ms]
   [Other: 4.1 ms]
      [Choose CSet: 0.0 ms]
      [Ref Proc: 2.2 ms]
      [Ref Enq: 0.1 ms]
      [Redirty Cards: 0.4 ms]
      [Humongous Register: 0.1 ms]
      [Humongous Reclaim: 0.0 ms]
      [Free CSet: 0.8 ms]
   [Eden: 958.0M(958.0M)->0.0B(896.0M) Survivors: 26624.0K->56320.0K Heap: 1626.1M(1868.0M)->697.1M(1868.0M)]
Heap after GC invocations=404 (full 0):
 garbage-first heap   total 1912832K, used 713843K [0x000000008b400000, 0x000000008b503a60, 0x0000000100000000)
  region size 1024K, 55 young (56320K), 55 survivors (56320K)
 Metaspace       used 148217K, capacity 155487K, committed 155568K, reserved 1183744K
  class space    used 19746K, capacity 21111K, committed 21168K, reserved 1048576K
}
 [Times: user=0.25 sys=0.00, real=0.08 secs] 
2020-07-20T10:03:26.173+0000: 3242.109: Total time for which application threads were stopped: 0.0839960 seconds, Stopping threads took: 0.0037382 seconds
{Heap before GC invocations=404 (full 0):
 garbage-first heap   total 1912832K, used 1631347K [0x000000008b400000, 0x000000008b503a60, 0x0000000100000000)
  region size 1024K, 951 young (973824K), 55 survivors (56320K)
 Metaspace       used 148217K, capacity 155487K, committed 155568K, reserved 1183744K
  class space    used 19746K, capacity 21111K, committed 21168K, reserved 1048576K
2020-07-20T10:03:39.649+0000: 3255.585: [GC pause (G1 Evacuation Pause) (young)
Desired survivor size 62390272 bytes, new threshold 15 (max 15)
- age   1:   37019664 bytes,   37019664 total
- age   2:   15453920 bytes,   52473584 total
- age   3:     603256 bytes,   53076840 total
- age   4:     661976 bytes,   53738816 total
- age   5:     511992 bytes,   54250808 total
- age   6:     419368 bytes,   54670176 total
- age   7:     217640 bytes,   54887816 total
- age   8:      74424 bytes,   54962240 total
- age   9:      83776 bytes,   55046016 total
- age  10:     348840 bytes,   55394856 total
- age  11:     127696 bytes,   55522552 total
- age  12:      50584 bytes,   55573136 total
- age  13:     195216 bytes,   55768352 total
, 0.0592112 secs]
   [Parallel Time: 54.7 ms, GC Workers: 4]
      [GC Worker Start (ms): Min: 3255585.2, Avg: 3255585.3, Max: 3255585.3, Diff: 0.1]
      [Ext Root Scanning (ms): Min: 4.9, Avg: 5.1, Max: 5.2, Diff: 0.3, Sum: 20.2]
      [Update RS (ms): Min: 16.6, Avg: 16.8, Max: 17.3, Diff: 0.7, Sum: 67.2]
         [Processed Buffers: Min: 11, Avg: 31.2, Max: 46, Diff: 35, Sum: 125]
      [Scan RS (ms): Min: 0.1, Avg: 0.2, Max: 0.3, Diff: 0.2, Sum: 1.0]
      [Code Root Scanning (ms): Min: 0.0, Avg: 0.0, Max: 0.1, Diff: 0.1, Sum: 0.1]
      [Object Copy (ms): Min: 32.0, Avg: 32.3, Max: 32.5, Diff: 0.5, Sum: 129.3]
      [Termination (ms): Min: 0.0, Avg: 0.0, Max: 0.0, Diff: 0.0, Sum: 0.1]
         [Termination Attempts: Min: 1, Avg: 1.0, Max: 1, Diff: 0, Sum: 4]
      [GC Worker Other (ms): Min: 0.0, Avg: 0.0, Max: 0.1, Diff: 0.0, Sum: 0.2]
      [GC Worker Total (ms): Min: 54.5, Avg: 54.5, Max: 54.5, Diff: 0.1, Sum: 218.1]
      [GC Worker End (ms): Min: 3255639.8, Avg: 3255639.8, Max: 3255639.8, Diff: 0.0]
   [Code Root Fixup: 0.0 ms]
   [Code Root Purge: 0.0 ms]
   [Clear CT: 0.3 ms]
   [Other: 4.2 ms]
      [Choose CSet: 0.0 ms]
      [Ref Proc: 2.4 ms]
      [Ref Enq: 0.2 ms]
      [Redirty Cards: 0.3 ms]
      [Humongous Register: 0.2 ms]
      [Humongous Reclaim: 0.1 ms]
      [Free CSet: 0.8 ms]
   [Eden: 896.0M(896.0M)->0.0B(936.0M) Survivors: 56320.0K->37888.0K Heap: 1593.1M(1868.0M)->677.1M(1868.0M)]
Heap after GC invocations=405 (full 0):
 garbage-first heap   total 1912832K, used 693363K [0x000000008b400000, 0x000000008b503a60, 0x0000000100000000)
  region size 1024K, 37 young (37888K), 37 survivors (37888K)
 Metaspace       used 148217K, capacity 155487K, committed 155568K, reserved 1183744K
  class space    used 19746K, capacity 21111K, committed 21168K, reserved 1048576K
}
 [Times: user=0.19 sys=0.01, real=0.06 secs] 
2020-07-20T10:03:39.709+0000: 3255.644: Total time for which application threads were stopped: 0.0604370 seconds, Stopping threads took: 0.0002225 seconds
{Heap before GC invocations=405 (full 0):
 garbage-first heap   total 1912832K, used 1653875K [0x000000008b400000, 0x000000008b503a60, 0x0000000100000000)
  region size 1024K, 973 young (996352K), 37 survivors (37888K)
 Metaspace       used 148222K, capacity 155487K, committed 155568K, reserved 1183744K
  class space    used 19746K, capacity 21111K, committed 21168K, reserved 1048576K
2020-07-20T10:03:51.233+0000: 3267.169: [GC pause (G1 Evacuation Pause) (young)
Desired survivor size 63963136 bytes, new threshold 15 (max 15)
- age   1:   27852928 bytes,   27852928 total
- age   2:    4173872 bytes,   32026800 total
- age   3:    1196544 bytes,   33223344 total
- age   4:     584800 bytes,   33808144 total
- age   5:     655184 bytes,   34463328 total
- age   6:     511864 bytes,   34975192 total
- age   7:     419368 bytes,   35394560 total
- age   8:     217640 bytes,   35612200 total
- age   9:      74424 bytes,   35686624 total
- age  10:      83776 bytes,   35770400 total
- age  11:     109936 bytes,   35880336 total
- age  12:     124064 bytes,   36004400 total
- age  13:      50416 bytes,   36054816 total
- age  14:     195096 bytes,   36249912 total
, 0.0525316 secs]
   [Parallel Time: 48.1 ms, GC Workers: 4]
      [GC Worker Start (ms): Min: 3267169.4, Avg: 3267169.5, Max: 3267169.6, Diff: 0.2]
      [Ext Root Scanning (ms): Min: 8.3, Avg: 9.0, Max: 10.8, Diff: 2.5, Sum: 35.9]
      [Update RS (ms): Min: 15.8, Avg: 17.3, Max: 17.9, Diff: 2.1, Sum: 69.3]
         [Processed Buffers: Min: 23, Avg: 30.0, Max: 39, Diff: 16, Sum: 120]
      [Scan RS (ms): Min: 0.2, Avg: 0.3, Max: 0.3, Diff: 0.1, Sum: 1.2]
      [Code Root Scanning (ms): Min: 0.0, Avg: 0.0, Max: 0.1, Diff: 0.1, Sum: 0.2]
      [Object Copy (ms): Min: 20.8, Avg: 21.1, Max: 21.2, Diff: 0.5, Sum: 84.3]
      [Termination (ms): Min: 0.0, Avg: 0.0, Max: 0.0, Diff: 0.0, Sum: 0.0]
         [Termination Attempts: Min: 1, Avg: 2.0, Max: 3, Diff: 2, Sum: 8]
      [GC Worker Other (ms): Min: 0.0, Avg: 0.1, Max: 0.1, Diff: 0.1, Sum: 0.4]
      [GC Worker Total (ms): Min: 47.6, Avg: 47.8, Max: 47.9, Diff: 0.3, Sum: 191.2]
      [GC Worker End (ms): Min: 3267217.2, Avg: 3267217.3, Max: 3267217.3, Diff: 0.1]
   [Code Root Fixup: 0.0 ms]
   [Code Root Purge: 0.0 ms]
   [Clear CT: 0.3 ms]
   [Other: 4.1 ms]
      [Choose CSet: 0.0 ms]
      [Ref Proc: 1.9 ms]
      [Ref Enq: 0.2 ms]
      [Redirty Cards: 0.3 ms]
      [Humongous Register: 0.2 ms]
      [Humongous Reclaim: 0.1 ms]
      [Free CSet: 0.9 ms]
   [Eden: 936.0M(936.0M)->0.0B(955.0M) Survivors: 37888.0K->25600.0K Heap: 1615.1M(1868.0M)->664.6M(1868.0M)]
Heap after GC invocations=406 (full 0):
 garbage-first heap   total 1912832K, used 680563K [0x000000008b400000, 0x000000008b503a60, 0x0000000100000000)
  region size 1024K, 25 young (25600K), 25 survivors (25600K)
 Metaspace       used 148222K, capacity 155487K, committed 155568K, reserved 1183744K
  class space    used 19746K, capacity 21111K, committed 21168K, reserved 1048576K
}
 [Times: user=0.18 sys=0.00, real=0.05 secs] 
2020-07-20T10:03:51.286+0000: 3267.222: Total time for which application threads were stopped: 0.0551281 seconds, Stopping threads took: 0.0006805 seconds
{Heap before GC invocations=406 (full 0):
 garbage-first heap   total 1912832K, used 1660531K [0x000000008b400000, 0x000000008b503a60, 0x0000000100000000)
  region size 1024K, 980 young (1003520K), 25 survivors (25600K)
 Metaspace       used 148222K, capacity 155487K, committed 155568K, reserved 1183744K
  class space    used 19746K, capacity 21111K, committed 21168K, reserved 1048576K
2020-07-20T10:04:03.550+0000: 3279.486: [GC pause (G1 Evacuation Pause) (young)
Desired survivor size 64487424 bytes, new threshold 15 (max 15)
- age   1:   18856560 bytes,   18856560 total
- age   2:     149464 bytes,   19006024 total
- age   3:     326080 bytes,   19332104 total
- age   4:    1175064 bytes,   20507168 total
- age   5:     584768 bytes,   21091936 total
- age   6:     655184 bytes,   21747120 total
- age   7:     511864 bytes,   22258984 total
- age   8:     419368 bytes,   22678352 total
- age   9:     217640 bytes,   22895992 total
- age  10:      74424 bytes,   22970416 total
- age  11:      83776 bytes,   23054192 total
- age  12:     105720 bytes,   23159912 total
- age  13:     121272 bytes,   23281184 total
- age  14:      50416 bytes,   23331600 total
- age  15:     194968 bytes,   23526568 total
, 0.0765453 secs]
   [Parallel Time: 71.8 ms, GC Workers: 4]
      [GC Worker Start (ms): Min: 3279486.9, Avg: 3279487.0, Max: 3279487.4, Diff: 0.5]
      [Ext Root Scanning (ms): Min: 8.1, Avg: 8.9, Max: 10.1, Diff: 2.0, Sum: 35.5]
      [Update RS (ms): Min: 15.8, Avg: 16.8, Max: 17.4, Diff: 1.6, Sum: 67.2]
         [Processed Buffers: Min: 13, Avg: 29.0, Max: 38, Diff: 25, Sum: 116]
      [Scan RS (ms): Min: 0.1, Avg: 0.3, Max: 0.4, Diff: 0.3, Sum: 1.0]
      [Code Root Scanning (ms): Min: 0.0, Avg: 0.0, Max: 0.1, Diff: 0.1, Sum: 0.1]
      [Object Copy (ms): Min: 44.8, Avg: 45.2, Max: 45.7, Diff: 0.8, Sum: 181.0]
      [Termination (ms): Min: 0.0, Avg: 0.1, Max: 0.2, Diff: 0.2, Sum: 0.4]
         [Termination Attempts: Min: 1, Avg: 1.5, Max: 2, Diff: 1, Sum: 6]
      [GC Worker Other (ms): Min: 0.0, Avg: 0.0, Max: 0.1, Diff: 0.1, Sum: 0.2]
      [GC Worker Total (ms): Min: 71.0, Avg: 71.4, Max: 71.5, Diff: 0.5, Sum: 285.5]
      [GC Worker End (ms): Min: 3279558.4, Avg: 3279558.4, Max: 3279558.4, Diff: 0.0]
   [Code Root Fixup: 0.0 ms]
   [Code Root Purge: 0.0 ms]
   [Clear CT: 0.4 ms]
   [Other: 4.4 ms]
      [Choose CSet: 0.0 ms]
      [Ref Proc: 2.3 ms]
      [Ref Enq: 0.1 ms]
      [Redirty Cards: 0.3 ms]
      [Humongous Register: 0.3 ms]
      [Humongous Reclaim: 0.0 ms]
      [Free CSet: 0.9 ms]
   [Eden: 955.0M(955.0M)->0.0B(900.0M) Survivors: 25600.0K->54272.0K Heap: 1621.6M(1868.0M)->694.8M(1868.0M)]
Heap after GC invocations=407 (full 0):
 garbage-first heap   total 1912832K, used 711479K [0x000000008b400000, 0x000000008b503a60, 0x0000000100000000)
  region size 1024K, 53 young (54272K), 53 survivors (54272K)
 Metaspace       used 148222K, capacity 155487K, committed 155568K, reserved 1183744K
  class space    used 19746K, capacity 21111K, committed 21168K, reserved 1048576K
}
 [Times: user=0.26 sys=0.00, real=0.08 secs] 
2020-07-20T10:04:03.627+0000: 3279.563: Total time for which application threads were stopped: 0.0826497 seconds, Stopping threads took: 0.0042464 seconds
{Heap before GC invocations=407 (full 0):
 garbage-first heap   total 1912832K, used 1633079K [0x000000008b400000, 0x000000008b503a60, 0x0000000100000000)
  region size 1024K, 953 young (975872K), 53 survivors (54272K)
 Metaspace       used 148222K, capacity 155487K, committed 155568K, reserved 1183744K
  class space    used 19746K, capacity 21111K, committed 21168K, reserved 1048576K
2020-07-20T10:04:16.402+0000: 3292.337: [GC pause (G1 Evacuation Pause) (young)
Desired survivor size 62914560 bytes, new threshold 15 (max 15)
- age   1:   34238032 bytes,   34238032 total
- age   2:   14269168 bytes,   48507200 total
- age   3:     132824 bytes,   48640024 total
- age   4:     320576 bytes,   48960600 total
- age   5:    1149536 bytes,   50110136 total
- age   6:     584768 bytes,   50694904 total
- age   7:     655184 bytes,   51350088 total
- age   8:     511864 bytes,   51861952 total
- age   9:     419368 bytes,   52281320 total
- age  10:     217640 bytes,   52498960 total
- age  11:      74424 bytes,   52573384 total
- age  12:      83776 bytes,   52657160 total
- age  13:     102216 bytes,   52759376 total
- age  14:     121016 bytes,   52880392 total
- age  15:      50256 bytes,   52930648 total
, 0.0708032 secs]
   [Parallel Time: 65.7 ms, GC Workers: 4]
      [GC Worker Start (ms): Min: 3292338.2, Avg: 3292338.3, Max: 3292338.3, Diff: 0.1]
      [Ext Root Scanning (ms): Min: 6.9, Avg: 8.0, Max: 11.2, Diff: 4.3, Sum: 32.0]
      [Update RS (ms): Min: 17.7, Avg: 20.6, Max: 21.7, Diff: 4.0, Sum: 82.3]
         [Processed Buffers: Min: 19, Avg: 30.2, Max: 51, Diff: 32, Sum: 121]
      [Scan RS (ms): Min: 0.1, Avg: 0.3, Max: 0.4, Diff: 0.3, Sum: 1.3]
      [Code Root Scanning (ms): Min: 0.0, Avg: 0.0, Max: 0.1, Diff: 0.1, Sum: 0.2]
      [Object Copy (ms): Min: 36.1, Avg: 36.4, Max: 36.5, Diff: 0.4, Sum: 145.4]
      [Termination (ms): Min: 0.0, Avg: 0.0, Max: 0.1, Diff: 0.1, Sum: 0.2]
         [Termination Attempts: Min: 1, Avg: 1.8, Max: 3, Diff: 2, Sum: 7]
      [GC Worker Other (ms): Min: 0.0, Avg: 0.1, Max: 0.1, Diff: 0.1, Sum: 0.2]
      [GC Worker Total (ms): Min: 65.3, Avg: 65.4, Max: 65.5, Diff: 0.2, Sum: 261.7]
      [GC Worker End (ms): Min: 3292403.7, Avg: 3292403.7, Max: 3292403.7, Diff: 0.1]
   [Code Root Fixup: 0.0 ms]
   [Code Root Purge: 0.0 ms]
   [Clear CT: 0.4 ms]
   [Other: 4.7 ms]
      [Choose CSet: 0.0 ms]
      [Ref Proc: 2.1 ms]
      [Ref Enq: 0.1 ms]
      [Redirty Cards: 0.5 ms]
      [Humongous Register: 0.3 ms]
      [Humongous Reclaim: 0.1 ms]
      [Free CSet: 0.9 ms]
   [Eden: 900.0M(900.0M)->0.0B(940.0M) Survivors: 54272.0K->35840.0K Heap: 1594.8M(1868.0M)->675.4M(1868.0M)]
Heap after GC invocations=408 (full 0):
 garbage-first heap   total 1912832K, used 691572K [0x000000008b400000, 0x000000008b503a60, 0x0000000100000000)
  region size 1024K, 35 young (35840K), 35 survivors (35840K)
 Metaspace       used 148222K, capacity 155487K, committed 155568K, reserved 1183744K
  class space    used 19746K, capacity 21111K, committed 21168K, reserved 1048576K
}
 [Times: user=0.21 sys=0.01, real=0.06 secs] 
2020-07-20T10:04:16.473+0000: 3292.409: Total time for which application threads were stopped: 0.0734766 seconds, Stopping threads took: 0.0007142 seconds
{Heap before GC invocations=408 (full 0):
 garbage-first heap   total 1912832K, used 1658228K [0x000000008b400000, 0x000000008b503a60, 0x0000000100000000)
  region size 1024K, 975 young (998400K), 35 survivors (35840K)
 Metaspace       used 148237K, capacity 155487K, committed 155568K, reserved 1183744K
  class space    used 19746K, capacity 21111K, committed 21168K, reserved 1048576K
2020-07-20T10:04:40.602+0000: 3316.538: [GC pause (G1 Evacuation Pause) (young)
Desired survivor size 63963136 bytes, new threshold 15 (max 15)
- age   1:   27075224 bytes,   27075224 total
- age   2:    1513288 bytes,   28588512 total
- age   3:    1928144 bytes,   30516656 total
- age   4:     131064 bytes,   30647720 total
- age   5:     315784 bytes,   30963504 total
- age   6:    1135280 bytes,   32098784 total
- age   7:     584768 bytes,   32683552 total
- age   8:     655184 bytes,   33338736 total
- age   9:     511864 bytes,   33850600 total
- age  10:     419336 bytes,   34269936 total
- age  11:     217464 bytes,   34487400 total
- age  12:      74424 bytes,   34561824 total
- age  13:      82464 bytes,   34644288 total
- age  14:     102184 bytes,   34746472 total
- age  15:     120856 bytes,   34867328 total
, 0.0639005 secs]
   [Parallel Time: 58.7 ms, GC Workers: 4]
      [GC Worker Start (ms): Min: 3316538.6, Avg: 3316540.7, Max: 3316542.8, Diff: 4.1]
      [Ext Root Scanning (ms): Min: 4.8, Avg: 7.6, Max: 10.8, Diff: 5.9, Sum: 30.3]
      [Update RS (ms): Min: 26.5, Avg: 27.7, Max: 28.2, Diff: 1.7, Sum: 110.8]
         [Processed Buffers: Min: 20, Avg: 34.0, Max: 61, Diff: 41, Sum: 136]
      [Scan RS (ms): Min: 0.1, Avg: 0.3, Max: 0.6, Diff: 0.5, Sum: 1.4]
      [Code Root Scanning (ms): Min: 0.0, Avg: 0.0, Max: 0.1, Diff: 0.1, Sum: 0.1]
      [Object Copy (ms): Min: 20.3, Avg: 20.6, Max: 20.8, Diff: 0.4, Sum: 82.3]
      [Termination (ms): Min: 0.0, Avg: 0.1, Max: 0.2, Diff: 0.2, Sum: 0.6]
         [Termination Attempts: Min: 1, Avg: 1.0, Max: 1, Diff: 0, Sum: 4]
      [GC Worker Other (ms): Min: 0.0, Avg: 0.1, Max: 0.4, Diff: 0.4, Sum: 0.5]
      [GC Worker Total (ms): Min: 54.4, Avg: 56.5, Max: 58.5, Diff: 4.1, Sum: 225.9]
      [GC Worker End (ms): Min: 3316597.2, Avg: 3316597.2, Max: 3316597.2, Diff: 0.0]
   [Code Root Fixup: 0.0 ms]
   [Code Root Purge: 0.0 ms]
   [Clear CT: 0.4 ms]
   [Other: 4.7 ms]
      [Choose CSet: 0.0 ms]
      [Ref Proc: 2.4 ms]
      [Ref Enq: 0.1 ms]
      [Redirty Cards: 0.4 ms]
      [Humongous Register: 0.2 ms]
      [Humongous Reclaim: 0.1 ms]
      [Free CSet: 0.9 ms]
   [Eden: 940.0M(940.0M)->0.0B(956.0M) Survivors: 35840.0K->19456.0K Heap: 1619.4M(1868.0M)->661.5M(1868.0M)]
Heap after GC invocations=409 (full 0):
 garbage-first heap   total 1912832K, used 677367K [0x000000008b400000, 0x000000008b503a60, 0x0000000100000000)
  region size 1024K, 19 young (19456K), 19 survivors (19456K)
 Metaspace       used 148237K, capacity 155487K, committed 155568K, reserved 1183744K
  class space    used 19746K, capacity 21111K, committed 21168K, reserved 1048576K
}
 [Times: user=0.16 sys=0.01, real=0.06 secs] 
2020-07-20T10:04:40.666+0000: 3316.602: Total time for which application threads were stopped: 0.0664081 seconds, Stopping threads took: 0.0009683 seconds
{Heap before GC invocations=409 (full 0):
 garbage-first heap   total 1912832K, used 1656311K [0x000000008b400000, 0x000000008b503a60, 0x0000000100000000)
  region size 1024K, 975 young (998400K), 19 survivors (19456K)
 Metaspace       used 148237K, capacity 155487K, committed 155568K, reserved 1183744K
  class space    used 19746K, capacity 21111K, committed 21168K, reserved 1048576K
2020-07-20T10:04:47.057+0000: 3322.993: [GC pause (G1 Evacuation Pause) (young)
Desired survivor size 63963136 bytes, new threshold 15 (max 15)
- age   1:   14397488 bytes,   14397488 total
- age   2:     199856 bytes,   14597344 total
- age   3:     275368 bytes,   14872712 total
- age   4:     386552 bytes,   15259264 total
- age   5:      96328 bytes,   15355592 total
- age   6:      34128 bytes,   15389720 total
- age   7:     706816 bytes,   16096536 total
- age   8:     453984 bytes,   16550520 total
- age   9:     563832 bytes,   17114352 total
- age  10:     507952 bytes,   17622304 total
- age  11:     419160 bytes,   18041464 total
- age  12:     217208 bytes,   18258672 total
- age  13:      74424 bytes,   18333096 total
- age  14:      79840 bytes,   18412936 total
- age  15:      99864 bytes,   18512800 total
, 0.0630634 secs]
   [Parallel Time: 58.7 ms, GC Workers: 4]
      [GC Worker Start (ms): Min: 3322993.6, Avg: 3322993.7, Max: 3322993.9, Diff: 0.2]
      [Ext Root Scanning (ms): Min: 5.7, Avg: 6.1, Max: 7.0, Diff: 1.3, Sum: 24.6]
      [Update RS (ms): Min: 24.9, Avg: 25.9, Max: 26.6, Diff: 1.7, Sum: 103.5]
         [Processed Buffers: Min: 16, Avg: 33.8, Max: 46, Diff: 30, Sum: 135]
      [Scan RS (ms): Min: 0.1, Avg: 0.2, Max: 0.3, Diff: 0.2, Sum: 0.9]
      [Code Root Scanning (ms): Min: 0.0, Avg: 0.0, Max: 0.1, Diff: 0.1, Sum: 0.1]
      [Object Copy (ms): Min: 25.8, Avg: 26.2, Max: 26.3, Diff: 0.5, Sum: 104.6]
      [Termination (ms): Min: 0.0, Avg: 0.0, Max: 0.0, Diff: 0.0, Sum: 0.0]
         [Termination Attempts: Min: 1, Avg: 1.0, Max: 1, Diff: 0, Sum: 4]
      [GC Worker Other (ms): Min: 0.0, Avg: 0.1, Max: 0.1, Diff: 0.1, Sum: 0.2]
      [GC Worker Total (ms): Min: 58.4, Avg: 58.5, Max: 58.5, Diff: 0.2, Sum: 233.9]
      [GC Worker End (ms): Min: 3323052.2, Avg: 3323052.2, Max: 3323052.2, Diff: 0.1]
   [Code Root Fixup: 0.0 ms]
   [Code Root Purge: 0.0 ms]
   [Clear CT: 0.3 ms]
   [Other: 3.9 ms]
      [Choose CSet: 0.0 ms]
      [Ref Proc: 2.1 ms]
      [Ref Enq: 0.2 ms]
      [Redirty Cards: 0.3 ms]
      [Humongous Register: 0.1 ms]
      [Humongous Reclaim: 0.0 ms]
      [Free CSet: 0.8 ms]
   [Eden: 956.0M(956.0M)->0.0B(944.0M) Survivors: 19456.0K->31744.0K Heap: 1617.5M(1868.0M)->673.6M(1868.0M)]
Heap after GC invocations=410 (full 0):
 garbage-first heap   total 1912832K, used 689778K [0x000000008b400000, 0x000000008b503a60, 0x0000000100000000)
  region size 1024K, 31 young (31744K), 31 survivors (31744K)
 Metaspace       used 148237K, capacity 155487K, committed 155568K, reserved 1183744K
  class space    used 19746K, capacity 21111K, committed 21168K, reserved 1048576K
}
 [Times: user=0.18 sys=0.02, real=0.06 secs] 
2020-07-20T10:04:47.121+0000: 3323.057: Total time for which application threads were stopped: 0.0652437 seconds, Stopping threads took: 0.0012880 seconds
{Heap before GC invocations=410 (full 0):
 garbage-first heap   total 1912832K, used 1658482K [0x000000008b400000, 0x000000008b503a60, 0x0000000100000000)
  region size 1024K, 975 young (998400K), 31 survivors (31744K)
 Metaspace       used 148237K, capacity 155487K, committed 155568K, reserved 1183744K
  class space    used 19746K, capacity 21111K, committed 21168K, reserved 1048576K
2020-07-20T10:04:54.769+0000: 3330.705: [GC pause (G1 Evacuation Pause) (young)
Desired survivor size 63963136 bytes, new threshold 15 (max 15)
- age   1:   18960224 bytes,   18960224 total
- age   2:    9417480 bytes,   28377704 total
- age   3:     186728 bytes,   28564432 total
- age   4:     274856 bytes,   28839288 total
- age   5:     102608 bytes,   28941896 total
- age   6:      95976 bytes,   29037872 total
- age   7:      33832 bytes,   29071704 total
- age   8:     453296 bytes,   29525000 total
- age   9:     426040 bytes,   29951040 total
- age  10:     538608 bytes,   30489648 total
- age  11:     506648 bytes,   30996296 total
- age  12:     418296 bytes,   31414592 total
- age  13:     216952 bytes,   31631544 total
- age  14:      74424 bytes,   31705968 total
- age  15:      79840 bytes,   31785808 total
, 0.0799987 secs]
   [Parallel Time: 75.7 ms, GC Workers: 4]
      [GC Worker Start (ms): Min: 3330705.4, Avg: 3330705.5, Max: 3330705.5, Diff: 0.1]
      [Ext Root Scanning (ms): Min: 6.4, Avg: 7.3, Max: 9.8, Diff: 3.4, Sum: 29.4]
      [Update RS (ms): Min: 22.1, Avg: 24.2, Max: 25.0, Diff: 2.9, Sum: 96.9]
         [Processed Buffers: Min: 19, Avg: 35.5, Max: 61, Diff: 42, Sum: 142]
      [Scan RS (ms): Min: 0.2, Avg: 0.3, Max: 0.3, Diff: 0.1, Sum: 1.2]
      [Code Root Scanning (ms): Min: 0.0, Avg: 0.0, Max: 0.1, Diff: 0.0, Sum: 0.2]
      [Object Copy (ms): Min: 43.2, Avg: 43.5, Max: 43.7, Diff: 0.5, Sum: 174.1]
      [Termination (ms): Min: 0.0, Avg: 0.0, Max: 0.1, Diff: 0.1, Sum: 0.2]
         [Termination Attempts: Min: 10, Avg: 14.8, Max: 20, Diff: 10, Sum: 59]
      [GC Worker Other (ms): Min: 0.0, Avg: 0.1, Max: 0.1, Diff: 0.1, Sum: 0.3]
      [GC Worker Total (ms): Min: 75.5, Avg: 75.5, Max: 75.6, Diff: 0.1, Sum: 302.1]
      [GC Worker End (ms): Min: 3330781.0, Avg: 3330781.0, Max: 3330781.0, Diff: 0.1]
   [Code Root Fixup: 0.0 ms]
   [Code Root Purge: 0.0 ms]
   [Clear CT: 0.4 ms]
   [Other: 3.9 ms]
      [Choose CSet: 0.0 ms]
      [Ref Proc: 2.0 ms]
      [Ref Enq: 0.1 ms]
      [Redirty Cards: 0.4 ms]
      [Humongous Register: 0.1 ms]
      [Humongous Reclaim: 0.1 ms]
      [Free CSet: 0.9 ms]
   [Eden: 944.0M(944.0M)->0.0B(906.0M) Survivors: 31744.0K->51200.0K Heap: 1619.6M(1868.0M)->692.7M(1868.0M)]
Heap after GC invocations=411 (full 0):
 garbage-first heap   total 1912832K, used 709367K [0x000000008b400000, 0x000000008b503a60, 0x0000000100000000)
  region size 1024K, 50 young (51200K), 50 survivors (51200K)
 Metaspace       used 148237K, capacity 155487K, committed 155568K, reserved 1183744K
  class space    used 19746K, capacity 21111K, committed 21168K, reserved 1048576K
}
 [Times: user=0.27 sys=0.00, real=0.08 secs] 
2020-07-20T10:04:54.850+0000: 3330.785: Total time for which application threads were stopped: 0.0821362 seconds, Stopping threads took: 0.0004653 seconds
{Heap before GC invocations=411 (full 0):
 garbage-first heap   total 1912832K, used 1637111K [0x000000008b400000, 0x000000008b503a60, 0x0000000100000000)
  region size 1024K, 956 young (978944K), 50 survivors (51200K)
 Metaspace       used 148237K, capacity 155487K, committed 155568K, reserved 1183744K
  class space    used 19746K, capacity 21111K, committed 21168K, reserved 1048576K
2020-07-20T10:05:05.730+0000: 3341.666: [GC pause (G1 Evacuation Pause) (young)
Desired survivor size 62914560 bytes, new threshold 15 (max 15)
- age   1:   27666616 bytes,   27666616 total
- age   2:   11305480 bytes,   38972096 total
- age   3:    7572400 bytes,   46544496 total
- age   4:     183408 bytes,   46727904 total
- age   5:     263232 bytes,   46991136 total
- age   6:      97432 bytes,   47088568 total
- age   7:      94640 bytes,   47183208 total
- age   8:      33616 bytes,   47216824 total
- age   9:     449672 bytes,   47666496 total
- age  10:     422688 bytes,   48089184 total
- age  11:     529960 bytes,   48619144 total
- age  12:     506648 bytes,   49125792 total
- age  13:     417320 bytes,   49543112 total
- age  14:     216696 bytes,   49759808 total
- age  15:      74424 bytes,   49834232 total
, 0.0610048 secs]
   [Parallel Time: 56.3 ms, GC Workers: 4]
      [GC Worker Start (ms): Min: 3341666.4, Avg: 3341666.5, Max: 3341666.6, Diff: 0.1]
      [Ext Root Scanning (ms): Min: 5.0, Avg: 5.2, Max: 5.4, Diff: 0.3, Sum: 20.7]
      [Update RS (ms): Min: 18.7, Avg: 18.8, Max: 19.0, Diff: 0.3, Sum: 75.4]
         [Processed Buffers: Min: 16, Avg: 31.0, Max: 44, Diff: 28, Sum: 124]
      [Scan RS (ms): Min: 0.2, Avg: 0.3, Max: 0.4, Diff: 0.2, Sum: 1.1]
      [Code Root Scanning (ms): Min: 0.0, Avg: 0.0, Max: 0.1, Diff: 0.1, Sum: 0.1]
      [Object Copy (ms): Min: 31.5, Avg: 31.7, Max: 31.8, Diff: 0.3, Sum: 126.8]
      [Termination (ms): Min: 0.0, Avg: 0.0, Max: 0.0, Diff: 0.0, Sum: 0.0]
         [Termination Attempts: Min: 1, Avg: 3.5, Max: 7, Diff: 6, Sum: 14]
      [GC Worker Other (ms): Min: 0.0, Avg: 0.1, Max: 0.1, Diff: 0.1, Sum: 0.2]
      [GC Worker Total (ms): Min: 56.0, Avg: 56.1, Max: 56.1, Diff: 0.2, Sum: 224.3]
      [GC Worker End (ms): Min: 3341722.6, Avg: 3341722.6, Max: 3341722.6, Diff: 0.1]
   [Code Root Fixup: 0.0 ms]
   [Code Root Purge: 0.0 ms]
   [Clear CT: 0.3 ms]
   [Other: 4.3 ms]
      [Choose CSet: 0.0 ms]
      [Ref Proc: 2.2 ms]
      [Ref Enq: 0.1 ms]
      [Redirty Cards: 0.4 ms]
      [Humongous Register: 0.3 ms]
      [Humongous Reclaim: 0.1 ms]
      [Free CSet: 0.8 ms]
   [Eden: 906.0M(906.0M)->0.0B(938.0M) Survivors: 51200.0K->36864.0K Heap: 1598.7M(1868.0M)->676.3M(1868.0M)]
Heap after GC invocations=412 (full 0):
 garbage-first heap   total 1912832K, used 692574K [0x000000008b400000, 0x000000008b503a60, 0x0000000100000000)
  region size 1024K, 36 young (36864K), 36 survivors (36864K)
 Metaspace       used 148237K, capacity 155487K, committed 155568K, reserved 1183744K
  class space    used 19746K, capacity 21111K, committed 21168K, reserved 1048576K
}
 [Times: user=0.20 sys=0.00, real=0.06 secs] 
2020-07-20T10:05:05.791+0000: 3341.727: Total time for which application threads were stopped: 0.0620657 seconds, Stopping threads took: 0.0001163 seconds
{Heap before GC invocations=412 (full 0):
 garbage-first heap   total 1912832K, used 1655134K [0x000000008b400000, 0x000000008b503a60, 0x0000000100000000)
  region size 1024K, 974 young (997376K), 36 survivors (36864K)
 Metaspace       used 148237K, capacity 155487K, committed 155568K, reserved 1183744K
  class space    used 19746K, capacity 21111K, committed 21168K, reserved 1048576K
2020-07-20T10:05:15.495+0000: 3351.431: [GC pause (G1 Evacuation Pause) (young)
Desired survivor size 63963136 bytes, new threshold 15 (max 15)
- age   1:   27263040 bytes,   27263040 total
- age   2:    4283584 bytes,   31546624 total
- age   3:     506904 bytes,   32053528 total
- age   4:     433584 bytes,   32487112 total
- age   5:      98656 bytes,   32585768 total
- age   6:      34304 bytes,   32620072 total
- age   7:      96920 bytes,   32716992 total
- age   8:      94224 bytes,   32811216 total
- age   9:      33296 bytes,   32844512 total
- age  10:     449512 bytes,   33294024 total
- age  11:     422688 bytes,   33716712 total
- age  12:     528776 bytes,   34245488 total
- age  13:     506648 bytes,   34752136 total
- age  14:     417320 bytes,   35169456 total
- age  15:     216696 bytes,   35386152 total
, 0.0531444 secs]
   [Parallel Time: 49.2 ms, GC Workers: 4]
      [GC Worker Start (ms): Min: 3351431.4, Avg: 3351431.4, Max: 3351431.4, Diff: 0.1]
      [Ext Root Scanning (ms): Min: 6.7, Avg: 7.6, Max: 10.1, Diff: 3.4, Sum: 30.3]
      [Update RS (ms): Min: 17.2, Avg: 19.6, Max: 20.6, Diff: 3.4, Sum: 78.2]
         [Processed Buffers: Min: 15, Avg: 30.2, Max: 50, Diff: 35, Sum: 121]
      [Scan RS (ms): Min: 0.1, Avg: 0.3, Max: 0.3, Diff: 0.2, Sum: 1.1]
      [Code Root Scanning (ms): Min: 0.0, Avg: 0.0, Max: 0.1, Diff: 0.1, Sum: 0.1]
      [Object Copy (ms): Min: 21.4, Avg: 21.6, Max: 21.8, Diff: 0.4, Sum: 86.2]
      [Termination (ms): Min: 0.0, Avg: 0.0, Max: 0.0, Diff: 0.0, Sum: 0.0]
         [Termination Attempts: Min: 1, Avg: 2.8, Max: 5, Diff: 4, Sum: 11]
      [GC Worker Other (ms): Min: 0.1, Avg: 0.1, Max: 0.1, Diff: 0.0, Sum: 0.3]
      [GC Worker Total (ms): Min: 49.0, Avg: 49.1, Max: 49.1, Diff: 0.1, Sum: 196.2]
      [GC Worker End (ms): Min: 3351480.4, Avg: 3351480.5, Max: 3351480.5, Diff: 0.0]
   [Code Root Fixup: 0.0 ms]
   [Code Root Purge: 0.0 ms]
   [Clear CT: 0.3 ms]
   [Other: 3.6 ms]
      [Choose CSet: 0.0 ms]
      [Ref Proc: 1.9 ms]
      [Ref Enq: 0.1 ms]
      [Redirty Cards: 0.3 ms]
      [Humongous Register: 0.1 ms]
      [Humongous Reclaim: 0.1 ms]
      [Free CSet: 0.8 ms]
   [Eden: 938.0M(938.0M)->0.0B(952.0M) Survivors: 36864.0K->26624.0K Heap: 1616.3M(1868.0M)->666.6M(1868.0M)]
Heap after GC invocations=413 (full 0):
 garbage-first heap   total 1912832K, used 682580K [0x000000008b400000, 0x000000008b503a60, 0x0000000100000000)
  region size 1024K, 26 young (26624K), 26 survivors (26624K)
 Metaspace       used 148237K, capacity 155487K, committed 155568K, reserved 1183744K
  class space    used 19746K, capacity 21111K, committed 21168K, reserved 1048576K
}
 [Times: user=0.18 sys=0.01, real=0.05 secs] 
2020-07-20T10:05:15.549+0000: 3351.484: Total time for which application threads were stopped: 0.0554710 seconds, Stopping threads took: 0.0005738 seconds
{Heap before GC invocations=413 (full 0):
 garbage-first heap   total 1912832K, used 1657428K [0x000000008b400000, 0x000000008b503a60, 0x0000000100000000)
  region size 1024K, 978 young (1001472K), 26 survivors (26624K)
 Metaspace       used 148240K, capacity 155491K, committed 155568K, reserved 1183744K
  class space    used 19746K, capacity 21111K, committed 21168K, reserved 1048576K
2020-07-20T10:05:37.615+0000: 3373.551: [GC pause (G1 Evacuation Pause) (young)
Desired survivor size 64487424 bytes, new threshold 15 (max 15)
- age   1:   17531560 bytes,   17531560 total
- age   2:     260840 bytes,   17792400 total
- age   3:    2677744 bytes,   20470144 total
- age   4:     506168 bytes,   20976312 total
- age   5:     427088 bytes,   21403400 total
- age   6:      88096 bytes,   21491496 total
- age   7:      33656 bytes,   21525152 total
- age   8:      95928 bytes,   21621080 total
- age   9:      93840 bytes,   21714920 total
- age  10:      33232 bytes,   21748152 total
- age  11:     444944 bytes,   22193096 total
- age  12:     422688 bytes,   22615784 total
- age  13:     528776 bytes,   23144560 total
- age  14:     506648 bytes,   23651208 total
- age  15:     417320 bytes,   24068528 total
, 0.0744069 secs]
   [Parallel Time: 70.2 ms, GC Workers: 4]
      [GC Worker Start (ms): Min: 3373551.4, Avg: 3373551.4, Max: 3373551.5, Diff: 0.1]
      [Ext Root Scanning (ms): Min: 5.1, Avg: 5.2, Max: 5.4, Diff: 0.3, Sum: 20.9]
      [Update RS (ms): Min: 28.8, Avg: 29.1, Max: 29.3, Diff: 0.5, Sum: 116.3]
         [Processed Buffers: Min: 26, Avg: 41.5, Max: 63, Diff: 37, Sum: 166]
      [Scan RS (ms): Min: 0.1, Avg: 0.3, Max: 0.5, Diff: 0.4, Sum: 1.1]
      [Code Root Scanning (ms): Min: 0.0, Avg: 0.0, Max: 0.1, Diff: 0.1, Sum: 0.1]
      [Object Copy (ms): Min: 35.2, Avg: 35.3, Max: 35.4, Diff: 0.2, Sum: 141.2]
      [Termination (ms): Min: 0.0, Avg: 0.0, Max: 0.0, Diff: 0.0, Sum: 0.0]
         [Termination Attempts: Min: 1, Avg: 4.0, Max: 8, Diff: 7, Sum: 16]
      [GC Worker Other (ms): Min: 0.0, Avg: 0.0, Max: 0.1, Diff: 0.0, Sum: 0.2]
      [GC Worker Total (ms): Min: 69.9, Avg: 69.9, Max: 70.0, Diff: 0.1, Sum: 279.8]
      [GC Worker End (ms): Min: 3373621.4, Avg: 3373621.4, Max: 3373621.4, Diff: 0.0]
   [Code Root Fixup: 0.0 ms]
   [Code Root Purge: 0.0 ms]
   [Clear CT: 0.4 ms]
   [Other: 3.8 ms]
      [Choose CSet: 0.0 ms]
      [Ref Proc: 1.7 ms]
      [Ref Enq: 0.1 ms]
      [Redirty Cards: 0.4 ms]
      [Humongous Register: 0.3 ms]
      [Humongous Reclaim: 0.0 ms]
      [Free CSet: 0.8 ms]
   [Eden: 952.0M(952.0M)->0.0B(929.0M) Survivors: 26624.0K->40960.0K Heap: 1618.6M(1868.0M)->681.6M(1868.0M)]
Heap after GC invocations=414 (full 0):
 garbage-first heap   total 1912832K, used 697927K [0x000000008b400000, 0x000000008b503a60, 0x0000000100000000)
  region size 1024K, 40 young (40960K), 40 survivors (40960K)
 Metaspace       used 148240K, capacity 155491K, committed 155568K, reserved 1183744K
  class space    used 19746K, capacity 21111K, committed 21168K, reserved 1048576K
}
 [Times: user=0.25 sys=0.01, real=0.07 secs] 
2020-07-20T10:05:37.690+0000: 3373.626: Total time for which application threads were stopped: 0.0755534 seconds, Stopping threads took: 0.0001546 seconds
{Heap before GC invocations=414 (full 0):
 garbage-first heap   total 1912832K, used 1651271K [0x000000008b400000, 0x000000008b503a60, 0x0000000100000000)
  region size 1024K, 969 young (992256K), 40 survivors (40960K)
 Metaspace       used 148241K, capacity 155491K, committed 155568K, reserved 1183744K
  class space    used 19746K, capacity 21111K, committed 21168K, reserved 1048576K
2020-07-20T10:05:45.402+0000: 3381.338: [GC pause (G1 Evacuation Pause) (young)
Desired survivor size 63963136 bytes, new threshold 15 (max 15)
- age   1:   22791608 bytes,   22791608 total
- age   2:   12962472 bytes,   35754080 total
- age   3:     241400 bytes,   35995480 total
- age   4:     467384 bytes,   36462864 total
- age   5:     504936 bytes,   36967800 total
- age   6:     389912 bytes,   37357712 total
- age   7:      83560 bytes,   37441272 total
- age   8:      33400 bytes,   37474672 total
- age   9:      95096 bytes,   37569768 total
- age  10:      93616 bytes,   37663384 total
- age  11:      32848 bytes,   37696232 total
- age  12:     442016 bytes,   38138248 total
- age  13:     422640 bytes,   38560888 total
- age  14:     528520 bytes,   39089408 total
- age  15:     506616 bytes,   39596024 total
, 0.0635891 secs]
   [Parallel Time: 58.8 ms, GC Workers: 4]
      [GC Worker Start (ms): Min: 3381338.3, Avg: 3381338.4, Max: 3381338.4, Diff: 0.1]
      [Ext Root Scanning (ms): Min: 6.5, Avg: 7.7, Max: 11.1, Diff: 4.5, Sum: 30.9]
      [Update RS (ms): Min: 20.0, Avg: 23.0, Max: 24.2, Diff: 4.2, Sum: 92.0]
         [Processed Buffers: Min: 12, Avg: 32.5, Max: 47, Diff: 35, Sum: 130]
      [Scan RS (ms): Min: 0.2, Avg: 0.3, Max: 0.4, Diff: 0.2, Sum: 1.1]
      [Code Root Scanning (ms): Min: 0.0, Avg: 0.0, Max: 0.0, Diff: 0.0, Sum: 0.1]
      [Object Copy (ms): Min: 27.3, Avg: 27.5, Max: 27.7, Diff: 0.4, Sum: 110.0]
      [Termination (ms): Min: 0.0, Avg: 0.0, Max: 0.0, Diff: 0.0, Sum: 0.1]
         [Termination Attempts: Min: 1, Avg: 3.2, Max: 5, Diff: 4, Sum: 13]
      [GC Worker Other (ms): Min: 0.0, Avg: 0.1, Max: 0.1, Diff: 0.1, Sum: 0.2]
      [GC Worker Total (ms): Min: 58.6, Avg: 58.6, Max: 58.7, Diff: 0.1, Sum: 234.4]
      [GC Worker End (ms): Min: 3381397.0, Avg: 3381397.0, Max: 3381397.0, Diff: 0.0]
   [Code Root Fixup: 0.0 ms]
   [Code Root Purge: 0.0 ms]
   [Clear CT: 0.4 ms]
   [Other: 4.4 ms]
      [Choose CSet: 0.0 ms]
      [Ref Proc: 2.3 ms]
      [Ref Enq: 0.1 ms]
      [Redirty Cards: 0.5 ms]
      [Humongous Register: 0.1 ms]
      [Humongous Reclaim: 0.1 ms]
      [Free CSet: 0.9 ms]
   [Eden: 929.0M(929.0M)->0.0B(948.0M) Survivors: 40960.0K->29696.0K Heap: 1612.6M(1868.0M)->670.7M(1868.0M)]
Heap after GC invocations=415 (full 0):
 garbage-first heap   total 1912832K, used 686832K [0x000000008b400000, 0x000000008b503a60, 0x0000000100000000)
  region size 1024K, 29 young (29696K), 29 survivors (29696K)
 Metaspace       used 148241K, capacity 155491K, committed 155568K, reserved 1183744K
  class space    used 19746K, capacity 21111K, committed 21168K, reserved 1048576K
}
 [Times: user=0.21 sys=0.00, real=0.06 secs] 
2020-07-20T10:05:45.466+0000: 3381.402: Total time for which application threads were stopped: 0.0661602 seconds, Stopping threads took: 0.0007242 seconds
{Heap before GC invocations=415 (full 0):
 garbage-first heap   total 1912832K, used 1661681K [0x000000008b400000, 0x000000008b503a60, 0x0000000100000000)
  region size 1024K, 977 young (1000448K), 29 survivors (29696K)
 Metaspace       used 148241K, capacity 155491K, committed 155568K, reserved 1183744K
  class space    used 19746K, capacity 21111K, committed 21168K, reserved 1048576K
2020-07-20T10:05:52.821+0000: 3388.756: [GC pause (G1 Evacuation Pause) (young)
Desired survivor size 64487424 bytes, new threshold 15 (max 15)
- age   1:   22191376 bytes,   22191376 total
- age   2:    2855456 bytes,   25046832 total
- age   3:     389616 bytes,   25436448 total
- age   4:     240120 bytes,   25676568 total
- age   5:     466824 bytes,   26143392 total
- age   6:     501080 bytes,   26644472 total
- age   7:     106112 bytes,   26750584 total
- age   8:      82984 bytes,   26833568 total
- age   9:      33048 bytes,   26866616 total
- age  10:      93848 bytes,   26960464 total
- age  11:      93328 bytes,   27053792 total
- age  12:      31672 bytes,   27085464 total
- age  13:     437304 bytes,   27522768 total
- age  14:     422640 bytes,   27945408 total
- age  15:     528520 bytes,   28473928 total
, 0.0456086 secs]
   [Parallel Time: 41.8 ms, GC Workers: 4]
      [GC Worker Start (ms): Min: 3388756.7, Avg: 3388756.7, Max: 3388756.7, Diff: 0.1]
      [Ext Root Scanning (ms): Min: 5.0, Avg: 5.1, Max: 5.2, Diff: 0.2, Sum: 20.3]
      [Update RS (ms): Min: 21.3, Avg: 21.5, Max: 22.0, Diff: 0.7, Sum: 86.0]
         [Processed Buffers: Min: 18, Avg: 33.2, Max: 50, Diff: 32, Sum: 133]
      [Scan RS (ms): Min: 0.1, Avg: 0.3, Max: 0.5, Diff: 0.4, Sum: 1.2]
      [Code Root Scanning (ms): Min: 0.0, Avg: 0.0, Max: 0.0, Diff: 0.0, Sum: 0.1]
      [Object Copy (ms): Min: 14.5, Avg: 14.7, Max: 14.9, Diff: 0.4, Sum: 58.9]
      [Termination (ms): Min: 0.0, Avg: 0.0, Max: 0.0, Diff: 0.0, Sum: 0.0]
         [Termination Attempts: Min: 1, Avg: 3.0, Max: 4, Diff: 3, Sum: 12]
      [GC Worker Other (ms): Min: 0.0, Avg: 0.1, Max: 0.1, Diff: 0.1, Sum: 0.2]
      [GC Worker Total (ms): Min: 41.7, Avg: 41.7, Max: 41.7, Diff: 0.0, Sum: 166.7]
      [GC Worker End (ms): Min: 3388798.4, Avg: 3388798.4, Max: 3388798.4, Diff: 0.1]
   [Code Root Fixup: 0.0 ms]
   [Code Root Purge: 0.0 ms]
   [Clear CT: 0.3 ms]
   [Other: 3.4 ms]
      [Choose CSet: 0.0 ms]
      [Ref Proc: 1.7 ms]
      [Ref Enq: 0.1 ms]
      [Redirty Cards: 0.3 ms]
      [Humongous Register: 0.1 ms]
      [Humongous Reclaim: 0.0 ms]
      [Free CSet: 0.9 ms]
   [Eden: 948.0M(948.0M)->0.0B(958.0M) Survivors: 29696.0K->18432.0K Heap: 1622.7M(1868.0M)->662.9M(1868.0M)]
Heap after GC invocations=416 (full 0):
 garbage-first heap   total 1912832K, used 678761K [0x000000008b400000, 0x000000008b503a60, 0x0000000100000000)
  region size 1024K, 18 young (18432K), 18 survivors (18432K)
 Metaspace       used 148241K, capacity 155491K, committed 155568K, reserved 1183744K
  class space    used 19746K, capacity 21111K, committed 21168K, reserved 1048576K
}
 [Times: user=0.15 sys=0.01, real=0.05 secs] 
2020-07-20T10:05:52.866+0000: 3388.802: Total time for which application threads were stopped: 0.0469551 seconds, Stopping threads took: 0.0005440 seconds
{Heap before GC invocations=416 (full 0):
 garbage-first heap   total 1912832K, used 1659753K [0x000000008b400000, 0x000000008b503a60, 0x0000000100000000)
  region size 1024K, 976 young (999424K), 18 survivors (18432K)
 Metaspace       used 148241K, capacity 155491K, committed 155568K, reserved 1183744K
  class space    used 19746K, capacity 21111K, committed 21168K, reserved 1048576K
2020-07-20T10:05:58.058+0000: 3393.993: [GC pause (G1 Evacuation Pause) (young)
Desired survivor size 63963136 bytes, new threshold 15 (max 15)
- age   1:   12890208 bytes,   12890208 total
- age   2:     409040 bytes,   13299248 total
- age   3:    1282776 bytes,   14582024 total
- age   4:     384872 bytes,   14966896 total
- age   5:     234320 bytes,   15201216 total
- age   6:     450280 bytes,   15651496 total
- age   7:     485480 bytes,   16136976 total
- age   8:      99704 bytes,   16236680 total
- age   9:      82632 bytes,   16319312 total
- age  10:      32920 bytes,   16352232 total
- age  11:      90008 bytes,   16442240 total
- age  12:      84912 bytes,   16527152 total
- age  13:      24608 bytes,   16551760 total
- age  14:     437216 bytes,   16988976 total
- age  15:     421336 bytes,   17410312 total
, 0.0696375 secs]
   [Parallel Time: 65.6 ms, GC Workers: 4]
      [GC Worker Start (ms): Min: 3393993.8, Avg: 3393993.8, Max: 3393993.8, Diff: 0.1]
      [Ext Root Scanning (ms): Min: 5.1, Avg: 5.2, Max: 5.3, Diff: 0.3, Sum: 20.7]
      [Update RS (ms): Min: 28.8, Avg: 29.1, Max: 29.5, Diff: 0.8, Sum: 116.6]
         [Processed Buffers: Min: 23, Avg: 37.8, Max: 57, Diff: 34, Sum: 151]
      [Scan RS (ms): Min: 0.1, Avg: 0.2, Max: 0.3, Diff: 0.2, Sum: 0.9]
      [Code Root Scanning (ms): Min: 0.0, Avg: 0.0, Max: 0.1, Diff: 0.1, Sum: 0.1]
      [Object Copy (ms): Min: 30.4, Avg: 30.6, Max: 30.9, Diff: 0.4, Sum: 122.5]
      [Termination (ms): Min: 0.0, Avg: 0.0, Max: 0.0, Diff: 0.0, Sum: 0.1]
         [Termination Attempts: Min: 1, Avg: 2.5, Max: 4, Diff: 3, Sum: 10]
      [GC Worker Other (ms): Min: 0.0, Avg: 0.1, Max: 0.1, Diff: 0.1, Sum: 0.3]
      [GC Worker Total (ms): Min: 65.2, Avg: 65.3, Max: 65.3, Diff: 0.1, Sum: 261.1]
      [GC Worker End (ms): Min: 3394059.0, Avg: 3394059.1, Max: 3394059.1, Diff: 0.1]
   [Code Root Fixup: 0.0 ms]
   [Code Root Purge: 0.0 ms]
   [Clear CT: 0.3 ms]
   [Other: 3.7 ms]
      [Choose CSet: 0.0 ms]
      [Ref Proc: 1.9 ms]
      [Ref Enq: 0.1 ms]
      [Redirty Cards: 0.3 ms]
      [Humongous Register: 0.1 ms]
      [Humongous Reclaim: 0.0 ms]
      [Free CSet: 0.8 ms]
   [Eden: 958.0M(958.0M)->0.0B(939.0M) Survivors: 18432.0K->32768.0K Heap: 1620.9M(1868.0M)->677.6M(1868.0M)]
Heap after GC invocations=417 (full 0):
 garbage-first heap   total 1912832K, used 693820K [0x000000008b400000, 0x000000008b503a60, 0x0000000100000000)
  region size 1024K, 32 young (32768K), 32 survivors (32768K)
 Metaspace       used 148241K, capacity 155491K, committed 155568K, reserved 1183744K
  class space    used 19746K, capacity 21111K, committed 21168K, reserved 1048576K
}
 [Times: user=0.24 sys=0.00, real=0.07 secs] 
2020-07-20T10:05:58.127+0000: 3394.063: Total time for which application threads were stopped: 0.0755735 seconds, Stopping threads took: 0.0049452 seconds
{Heap before GC invocations=417 (full 0):
 garbage-first heap   total 1912832K, used 1657404K [0x000000008b400000, 0x000000008b503a60, 0x0000000100000000)
  region size 1024K, 971 young (994304K), 32 survivors (32768K)
 Metaspace       used 148241K, capacity 155491K, committed 155568K, reserved 1183744K
  class space    used 19746K, capacity 21111K, committed 21168K, reserved 1048576K
2020-07-20T10:06:04.032+0000: 3399.968: [GC pause (G1 Evacuation Pause) (young)
Desired survivor size 63963136 bytes, new threshold 15 (max 15)
- age   1:   20986600 bytes,   20986600 total
- age   2:    8208800 bytes,   29195400 total
- age   3:     395136 bytes,   29590536 total
- age   4:    1008104 bytes,   30598640 total
- age   5:     384496 bytes,   30983136 total
- age   6:      57944 bytes,   31041080 total
- age   7:     228072 bytes,   31269152 total
- age   8:     311536 bytes,   31580688 total
- age   9:      95336 bytes,   31676024 total
- age  10:      82440 bytes,   31758464 total
- age  11:      32824 bytes,   31791288 total
- age  12:      89912 bytes,   31881200 total
- age  13:      84816 bytes,   31966016 total
- age  14:      24576 bytes,   31990592 total
- age  15:     433968 bytes,   32424560 total
, 0.0817345 secs]
   [Parallel Time: 77.2 ms, GC Workers: 4]
      [GC Worker Start (ms): Min: 3399968.7, Avg: 3399968.8, Max: 3399968.8, Diff: 0.1]
      [Ext Root Scanning (ms): Min: 5.3, Avg: 5.4, Max: 5.6, Diff: 0.3, Sum: 21.7]
      [Update RS (ms): Min: 24.3, Avg: 24.5, Max: 25.1, Diff: 0.8, Sum: 98.2]
         [Processed Buffers: Min: 26, Avg: 34.8, Max: 44, Diff: 18, Sum: 139]
      [Scan RS (ms): Min: 0.1, Avg: 0.3, Max: 0.5, Diff: 0.4, Sum: 1.2]
      [Code Root Scanning (ms): Min: 0.0, Avg: 0.0, Max: 0.1, Diff: 0.1, Sum: 0.1]
      [Object Copy (ms): Min: 46.3, Avg: 46.5, Max: 46.7, Diff: 0.4, Sum: 186.1]
      [Termination (ms): Min: 0.0, Avg: 0.1, Max: 0.2, Diff: 0.1, Sum: 0.4]
         [Termination Attempts: Min: 9, Avg: 12.0, Max: 19, Diff: 10, Sum: 48]
      [GC Worker Other (ms): Min: 0.0, Avg: 0.0, Max: 0.0, Diff: 0.0, Sum: 0.1]
      [GC Worker Total (ms): Min: 76.9, Avg: 77.0, Max: 77.0, Diff: 0.1, Sum: 307.9]
      [GC Worker End (ms): Min: 3400045.7, Avg: 3400045.7, Max: 3400045.7, Diff: 0.0]
   [Code Root Fixup: 0.1 ms]
   [Code Root Purge: 0.0 ms]
   [Clear CT: 0.3 ms]
   [Other: 4.2 ms]
      [Choose CSet: 0.0 ms]
      [Ref Proc: 2.2 ms]
      [Ref Enq: 0.1 ms]
      [Redirty Cards: 0.3 ms]
      [Humongous Register: 0.2 ms]
      [Humongous Reclaim: 0.1 ms]
      [Free CSet: 0.8 ms]
   [Eden: 939.0M(939.0M)->0.0B(892.0M) Survivors: 32768.0K->54272.0K Heap: 1618.6M(1868.0M)->701.2M(1868.0M)]
Heap after GC invocations=418 (full 0):
 garbage-first heap   total 1912832K, used 717996K [0x000000008b400000, 0x000000008b503a60, 0x0000000100000000)
  region size 1024K, 53 young (54272K), 53 survivors (54272K)
 Metaspace       used 148241K, capacity 155491K, committed 155568K, reserved 1183744K
  class space    used 19746K, capacity 21111K, committed 21168K, reserved 1048576K
}
 [Times: user=0.28 sys=0.00, real=0.09 secs] 
2020-07-20T10:06:04.114+0000: 3400.050: Total time for which application threads were stopped: 0.0880730 seconds, Stopping threads took: 0.0053101 seconds
{Heap before GC invocations=418 (full 0):
 garbage-first heap   total 1912832K, used 1631404K [0x000000008b400000, 0x000000008b503a60, 0x0000000100000000)
  region size 1024K, 945 young (967680K), 53 survivors (54272K)
 Metaspace       used 148241K, capacity 155491K, committed 155568K, reserved 1183744K
  class space    used 19746K, capacity 21111K, committed 21168K, reserved 1048576K
2020-07-20T10:06:24.390+0000: 3420.326: [GC pause (G1 Evacuation Pause) (young)
Desired survivor size 62390272 bytes, new threshold 15 (max 15)
- age   1:   27609368 bytes,   27609368 total
- age   2:   15354704 bytes,   42964072 total
- age   3:    8203152 bytes,   51167224 total
- age   4:     393960 bytes,   51561184 total
- age   5:     990592 bytes,   52551776 total
- age   6:     384248 bytes,   52936024 total
- age   7:      39240 bytes,   52975264 total
- age   8:     227472 bytes,   53202736 total
- age   9:     310736 bytes,   53513472 total
- age  10:      95152 bytes,   53608624 total
- age  11:      82376 bytes,   53691000 total
- age  12:      31208 bytes,   53722208 total
- age  13:      76120 bytes,   53798328 total
- age  14:      84816 bytes,   53883144 total
- age  15:      24488 bytes,   53907632 total
, 0.0667032 secs]
   [Parallel Time: 62.3 ms, GC Workers: 4]
      [GC Worker Start (ms): Min: 3420326.9, Avg: 3420327.0, Max: 3420327.0, Diff: 0.1]
      [Ext Root Scanning (ms): Min: 6.3, Avg: 7.2, Max: 9.8, Diff: 3.5, Sum: 29.0]
      [Update RS (ms): Min: 24.3, Avg: 26.6, Max: 27.5, Diff: 3.2, Sum: 106.5]
         [Processed Buffers: Min: 27, Avg: 37.5, Max: 57, Diff: 30, Sum: 150]
      [Scan RS (ms): Min: 0.2, Avg: 0.3, Max: 0.4, Diff: 0.2, Sum: 1.2]
      [Code Root Scanning (ms): Min: 0.0, Avg: 0.0, Max: 0.0, Diff: 0.0, Sum: 0.1]
      [Object Copy (ms): Min: 27.5, Avg: 27.7, Max: 27.8, Diff: 0.4, Sum: 110.8]
      [Termination (ms): Min: 0.0, Avg: 0.0, Max: 0.0, Diff: 0.0, Sum: 0.0]
         [Termination Attempts: Min: 1, Avg: 2.0, Max: 3, Diff: 2, Sum: 8]
      [GC Worker Other (ms): Min: 0.0, Avg: 0.1, Max: 0.1, Diff: 0.1, Sum: 0.4]
      [GC Worker Total (ms): Min: 62.0, Avg: 62.0, Max: 62.0, Diff: 0.0, Sum: 248.0]
      [GC Worker End (ms): Min: 3420388.9, Avg: 3420389.0, Max: 3420389.0, Diff: 0.1]
   [Code Root Fixup: 0.0 ms]
   [Code Root Purge: 0.0 ms]
   [Clear CT: 0.3 ms]
   [Other: 4.1 ms]
      [Choose CSet: 0.0 ms]
      [Ref Proc: 1.9 ms]
      [Ref Enq: 0.1 ms]
      [Redirty Cards: 0.3 ms]
      [Humongous Register: 0.3 ms]
      [Humongous Reclaim: 0.1 ms]
      [Free CSet: 0.8 ms]
   [Eden: 892.0M(892.0M)->0.0B(940.0M) Survivors: 54272.0K->33792.0K Heap: 1593.2M(1868.0M)->677.5M(1868.0M)]
Heap after GC invocations=419 (full 0):
 garbage-first heap   total 1912832K, used 693774K [0x000000008b400000, 0x000000008b503a60, 0x0000000100000000)
  region size 1024K, 33 young (33792K), 33 survivors (33792K)
 Metaspace       used 148241K, capacity 155491K, committed 155568K, reserved 1183744K
  class space    used 19746K, capacity 21111K, committed 21168K, reserved 1048576K
}
 [Times: user=0.23 sys=0.00, real=0.07 secs] 
2020-07-20T10:06:24.457+0000: 3420.393: Total time for which application threads were stopped: 0.0717320 seconds, Stopping threads took: 0.0032224 seconds
{Heap before GC invocations=419 (full 0):
 garbage-first heap   total 1912832K, used 1658383K [0x000000008b400000, 0x000000008b503a60, 0x0000000100000000)
  region size 1024K, 973 young (996352K), 33 survivors (33792K)
 Metaspace       used 148241K, capacity 155491K, committed 155568K, reserved 1183744K
  class space    used 19746K, capacity 21111K, committed 21168K, reserved 1048576K
2020-07-20T10:06:30.638+0000: 3426.574: [GC pause (G1 Evacuation Pause) (young)
Desired survivor size 63963136 bytes, new threshold 15 (max 15)
- age   1:   24375624 bytes,   24375624 total
- age   2:    3373088 bytes,   27748712 total
- age   3:     428464 bytes,   28177176 total
- age   4:     376256 bytes,   28553432 total
- age   5:     387088 bytes,   28940520 total
- age   6:     948392 bytes,   29888912 total
- age   7:      95640 bytes,   29984552 total
- age   8:      34584 bytes,   30019136 total
- age   9:     222568 bytes,   30241704 total
- age  10:     310384 bytes,   30552088 total
- age  11:      90440 bytes,   30642528 total
- age  12:      74376 bytes,   30716904 total
- age  13:      24728 bytes,   30741632 total
- age  14:      76032 bytes,   30817664 total
- age  15:      84752 bytes,   30902416 total
, 0.0449547 secs]
   [Parallel Time: 40.4 ms, GC Workers: 4]
      [GC Worker Start (ms): Min: 3426574.4, Avg: 3426574.5, Max: 3426574.5, Diff: 0.1]
      [Ext Root Scanning (ms): Min: 5.0, Avg: 5.2, Max: 5.4, Diff: 0.3, Sum: 20.7]
      [Update RS (ms): Min: 16.6, Avg: 16.7, Max: 16.8, Diff: 0.2, Sum: 66.7]
         [Processed Buffers: Min: 15, Avg: 28.0, Max: 42, Diff: 27, Sum: 112]
      [Scan RS (ms): Min: 0.2, Avg: 0.3, Max: 0.4, Diff: 0.2, Sum: 1.2]
      [Code Root Scanning (ms): Min: 0.0, Avg: 0.0, Max: 0.0, Diff: 0.0, Sum: 0.1]
      [Object Copy (ms): Min: 17.9, Avg: 18.0, Max: 18.1, Diff: 0.2, Sum: 71.8]
      [Termination (ms): Min: 0.0, Avg: 0.0, Max: 0.1, Diff: 0.1, Sum: 0.1]
         [Termination Attempts: Min: 1, Avg: 2.0, Max: 4, Diff: 3, Sum: 8]
      [GC Worker Other (ms): Min: 0.0, Avg: 0.0, Max: 0.0, Diff: 0.0, Sum: 0.1]
      [GC Worker Total (ms): Min: 40.2, Avg: 40.2, Max: 40.3, Diff: 0.1, Sum: 160.8]
      [GC Worker End (ms): Min: 3426614.7, Avg: 3426614.7, Max: 3426614.7, Diff: 0.0]
   [Code Root Fixup: 0.0 ms]
   [Code Root Purge: 0.0 ms]
   [Clear CT: 0.3 ms]
   [Other: 4.1 ms]
      [Choose CSet: 0.0 ms]
      [Ref Proc: 1.9 ms]
      [Ref Enq: 0.2 ms]
      [Redirty Cards: 0.3 ms]
      [Humongous Register: 0.3 ms]
      [Humongous Reclaim: 0.0 ms]
      [Free CSet: 0.8 ms]
   [Eden: 940.0M(940.0M)->0.0B(955.0M) Survivors: 33792.0K->22528.0K Heap: 1619.5M(1868.0M)->666.7M(1868.0M)]
Heap after GC invocations=420 (full 0):
 garbage-first heap   total 1912832K, used 682667K [0x000000008b400000, 0x000000008b503a60, 0x0000000100000000)
  region size 1024K, 22 young (22528K), 22 survivors (22528K)
 Metaspace       used 148241K, capacity 155491K, committed 155568K, reserved 1183744K
  class space    used 19746K, capacity 21111K, committed 21168K, reserved 1048576K
}
 [Times: user=0.16 sys=0.00, real=0.05 secs] 
2020-07-20T10:06:30.683+0000: 3426.619: Total time for which application threads were stopped: 0.0493920 seconds, Stopping threads took: 0.0033583 seconds
{Heap before GC invocations=420 (full 0):
 garbage-first heap   total 1912832K, used 1662635K [0x000000008b400000, 0x000000008b503a60, 0x0000000100000000)
  region size 1024K, 977 young (1000448K), 22 survivors (22528K)
 Metaspace       used 148241K, capacity 155491K, committed 155568K, reserved 1183744K
  class space    used 19746K, capacity 21111K, committed 21168K, reserved 1048576K
2020-07-20T10:06:37.494+0000: 3433.430: [GC pause (G1 Evacuation Pause) (young)
Desired survivor size 64487424 bytes, new threshold 15 (max 15)
- age   1:   15033856 bytes,   15033856 total
- age   2:    2583192 bytes,   17617048 total
- age   3:     512032 bytes,   18129080 total
- age   4:     428184 bytes,   18557264 total
- age   5:     375240 bytes,   18932504 total
- age   6:     386320 bytes,   19318824 total
- age   7:     941288 bytes,   20260112 total
- age   8:      95152 bytes,   20355264 total
- age   9:      34232 bytes,   20389496 total
- age  10:     218728 bytes,   20608224 total
- age  11:     310128 bytes,   20918352 total
- age  12:      72688 bytes,   20991040 total
- age  13:      74088 bytes,   21065128 total
- age  14:      24608 bytes,   21089736 total
- age  15:      76032 bytes,   21165768 total
, 0.0768165 secs]
   [Parallel Time: 72.7 ms, GC Workers: 4]
      [GC Worker Start (ms): Min: 3433430.1, Avg: 3433430.1, Max: 3433430.1, Diff: 0.1]
      [Ext Root Scanning (ms): Min: 6.0, Avg: 6.2, Max: 6.6, Diff: 0.6, Sum: 24.8]
      [Update RS (ms): Min: 18.8, Avg: 18.9, Max: 19.0, Diff: 0.3, Sum: 75.7]
         [Processed Buffers: Min: 12, Avg: 28.5, Max: 40, Diff: 28, Sum: 114]
      [Scan RS (ms): Min: 0.2, Avg: 0.3, Max: 0.4, Diff: 0.2, Sum: 1.2]
      [Code Root Scanning (ms): Min: 0.0, Avg: 0.0, Max: 0.1, Diff: 0.0, Sum: 0.1]
      [Object Copy (ms): Min: 46.7, Avg: 46.9, Max: 47.0, Diff: 0.3, Sum: 187.5]
      [Termination (ms): Min: 0.0, Avg: 0.1, Max: 0.1, Diff: 0.1, Sum: 0.3]
         [Termination Attempts: Min: 5, Avg: 12.5, Max: 18, Diff: 13, Sum: 50]
      [GC Worker Other (ms): Min: 0.0, Avg: 0.0, Max: 0.0, Diff: 0.0, Sum: 0.1]
      [GC Worker Total (ms): Min: 72.4, Avg: 72.5, Max: 72.5, Diff: 0.1, Sum: 289.8]
      [GC Worker End (ms): Min: 3433502.5, Avg: 3433502.6, Max: 3433502.6, Diff: 0.1]
   [Code Root Fixup: 0.1 ms]
   [Code Root Purge: 0.0 ms]
   [Clear CT: 0.3 ms]
   [Other: 3.7 ms]
      [Choose CSet: 0.0 ms]
      [Ref Proc: 2.0 ms]
      [Ref Enq: 0.1 ms]
      [Redirty Cards: 0.3 ms]
      [Humongous Register: 0.1 ms]
      [Humongous Reclaim: 0.0 ms]
      [Free CSet: 0.8 ms]
   [Eden: 955.0M(955.0M)->0.0B(904.0M) Survivors: 22528.0K->50176.0K Heap: 1623.7M(1868.0M)->695.7M(1868.0M)]
Heap after GC invocations=421 (full 0):
 garbage-first heap   total 1912832K, used 712445K [0x000000008b400000, 0x000000008b503a60, 0x0000000100000000)
  region size 1024K, 49 young (50176K), 49 survivors (50176K)
 Metaspace       used 148241K, capacity 155491K, committed 155568K, reserved 1183744K
  class space    used 19746K, capacity 21111K, committed 21168K, reserved 1048576K
}
 [Times: user=0.25 sys=0.00, real=0.07 secs] 
2020-07-20T10:06:37.571+0000: 3433.507: Total time for which application threads were stopped: 0.0825658 seconds, Stopping threads took: 0.0043550 seconds
{Heap before GC invocations=421 (full 0):
 garbage-first heap   total 1912832K, used 1638141K [0x000000008b400000, 0x000000008b503a60, 0x0000000100000000)
  region size 1024K, 953 young (975872K), 49 survivors (50176K)
 Metaspace       used 148241K, capacity 155491K, committed 155568K, reserved 1183744K
  class space    used 19746K, capacity 21111K, committed 21168K, reserved 1048576K
2020-07-20T10:06:44.145+0000: 3440.080: [GC pause (G1 Evacuation Pause) (young)
Desired survivor size 62914560 bytes, new threshold 15 (max 15)
- age   1:   33710384 bytes,   33710384 total
- age   2:   10317568 bytes,   44027952 total
- age   3:    2555800 bytes,   46583752 total
- age   4:     511320 bytes,   47095072 total
- age   5:     427680 bytes,   47522752 total
- age   6:     374536 bytes,   47897288 total
- age   7:     385680 bytes,   48282968 total
- age   8:     930696 bytes,   49213664 total
- age   9:      94768 bytes,   49308432 total
- age  10:      33752 bytes,   49342184 total
- age  11:     214880 bytes,   49557064 total
- age  12:     310032 bytes,   49867096 total
- age  13:      72464 bytes,   49939560 total
- age  14:      73864 bytes,   50013424 total
- age  15:      24544 bytes,   50037968 total
, 0.0719096 secs]
   [Parallel Time: 67.5 ms, GC Workers: 4]
      [GC Worker Start (ms): Min: 3440080.7, Avg: 3440084.0, Max: 3440087.3, Diff: 6.6]
      [Ext Root Scanning (ms): Min: 3.5, Avg: 6.8, Max: 10.1, Diff: 6.6, Sum: 27.2]
      [Update RS (ms): Min: 21.1, Avg: 21.1, Max: 21.2, Diff: 0.1, Sum: 84.5]
         [Processed Buffers: Min: 11, Avg: 28.5, Max: 42, Diff: 31, Sum: 114]
      [Scan RS (ms): Min: 0.2, Avg: 0.3, Max: 0.3, Diff: 0.1, Sum: 1.1]
      [Code Root Scanning (ms): Min: 0.0, Avg: 0.0, Max: 0.0, Diff: 0.0, Sum: 0.1]
      [Object Copy (ms): Min: 35.6, Avg: 35.8, Max: 35.9, Diff: 0.3, Sum: 143.0]
      [Termination (ms): Min: 0.0, Avg: 0.0, Max: 0.0, Diff: 0.0, Sum: 0.0]
         [Termination Attempts: Min: 1, Avg: 1.0, Max: 1, Diff: 0, Sum: 4]
      [GC Worker Other (ms): Min: 0.0, Avg: 0.1, Max: 0.1, Diff: 0.1, Sum: 0.3]
      [GC Worker Total (ms): Min: 60.7, Avg: 64.0, Max: 67.4, Diff: 6.7, Sum: 256.2]
      [GC Worker End (ms): Min: 3440148.0, Avg: 3440148.0, Max: 3440148.1, Diff: 0.1]
   [Code Root Fixup: 0.0 ms]
   [Code Root Purge: 0.0 ms]
   [Clear CT: 0.5 ms]
   [Other: 3.9 ms]
      [Choose CSet: 0.0 ms]
      [Ref Proc: 2.1 ms]
      [Ref Enq: 0.2 ms]
      [Redirty Cards: 0.3 ms]
      [Humongous Register: 0.1 ms]
      [Humongous Reclaim: 0.1 ms]
      [Free CSet: 0.8 ms]
   [Eden: 904.0M(904.0M)->0.0B(930.0M) Survivors: 50176.0K->38912.0K Heap: 1599.7M(1868.0M)->682.3M(1868.0M)]
Heap after GC invocations=422 (full 0):
 garbage-first heap   total 1912832K, used 698658K [0x000000008b400000, 0x000000008b503a60, 0x0000000100000000)
  region size 1024K, 38 young (38912K), 38 survivors (38912K)
 Metaspace       used 148241K, capacity 155491K, committed 155568K, reserved 1183744K
  class space    used 19746K, capacity 21111K, committed 21168K, reserved 1048576K
}
 [Times: user=0.21 sys=0.01, real=0.07 secs] 
2020-07-20T10:06:44.217+0000: 3440.153: Total time for which application threads were stopped: 0.0794186 seconds, Stopping threads took: 0.0061135 seconds
{Heap before GC invocations=422 (full 0):
 garbage-first heap   total 1912832K, used 1655074K [0x000000008b400000, 0x000000008b503a60, 0x0000000100000000)
  region size 1024K, 968 young (991232K), 38 survivors (38912K)
 Metaspace       used 148246K, capacity 155491K, committed 155568K, reserved 1183744K
  class space    used 19746K, capacity 21111K, committed 21168K, reserved 1048576K
2020-07-20T10:06:50.029+0000: 3445.965: [GC pause (G1 Evacuation Pause) (young)
Desired survivor size 63438848 bytes, new threshold 15 (max 15)
- age   1:   27881096 bytes,   27881096 total
- age   2:    4363632 bytes,   32244728 total
- age   3:     362072 bytes,   32606800 total
- age   4:    2540712 bytes,   35147512 total
- age   5:     503760 bytes,   35651272 total
- age   6:     427200 bytes,   36078472 total
- age   7:     369656 bytes,   36448128 total
- age   8:      99368 bytes,   36547496 total
- age   9:     930632 bytes,   37478128 total
- age  10:      94384 bytes,   37572512 total
- age  11:      33592 bytes,   37606104 total
- age  12:     212688 bytes,   37818792 total
- age  13:     309968 bytes,   38128760 total
- age  14:      67416 bytes,   38196176 total
- age  15:      72584 bytes,   38268760 total
, 0.0536279 secs]
   [Parallel Time: 49.3 ms, GC Workers: 4]
      [GC Worker Start (ms): Min: 3445965.7, Avg: 3445966.4, Max: 3445968.6, Diff: 2.9]
      [Ext Root Scanning (ms): Min: 2.9, Avg: 5.0, Max: 5.8, Diff: 2.9, Sum: 20.0]
      [Update RS (ms): Min: 21.0, Avg: 21.2, Max: 21.5, Diff: 0.5, Sum: 84.7]
         [Processed Buffers: Min: 14, Avg: 30.5, Max: 58, Diff: 44, Sum: 122]
      [Scan RS (ms): Min: 0.2, Avg: 0.3, Max: 0.4, Diff: 0.2, Sum: 1.1]
      [Code Root Scanning (ms): Min: 0.0, Avg: 0.0, Max: 0.0, Diff: 0.0, Sum: 0.1]
      [Object Copy (ms): Min: 21.7, Avg: 21.9, Max: 22.2, Diff: 0.5, Sum: 87.7]
      [Termination (ms): Min: 0.0, Avg: 0.0, Max: 0.0, Diff: 0.0, Sum: 0.0]
         [Termination Attempts: Min: 1, Avg: 1.0, Max: 1, Diff: 0, Sum: 4]
      [GC Worker Other (ms): Min: 0.0, Avg: 0.0, Max: 0.1, Diff: 0.1, Sum: 0.2]
      [GC Worker Total (ms): Min: 46.2, Avg: 48.4, Max: 49.2, Diff: 2.9, Sum: 193.7]
      [GC Worker End (ms): Min: 3446014.8, Avg: 3446014.8, Max: 3446014.9, Diff: 0.0]
   [Code Root Fixup: 0.0 ms]
   [Code Root Purge: 0.0 ms]
   [Clear CT: 0.3 ms]
   [Other: 4.0 ms]
      [Choose CSet: 0.0 ms]
      [Ref Proc: 2.2 ms]
      [Ref Enq: 0.1 ms]
      [Redirty Cards: 0.3 ms]
      [Humongous Register: 0.1 ms]
      [Humongous Reclaim: 0.1 ms]
      [Free CSet: 0.8 ms]
   [Eden: 930.0M(930.0M)->0.0B(941.0M) Survivors: 38912.0K->28672.0K Heap: 1616.3M(1868.0M)->674.4M(1868.0M)]
Heap after GC invocations=423 (full 0):
 garbage-first heap   total 1912832K, used 690545K [0x000000008b400000, 0x000000008b503a60, 0x0000000100000000)
  region size 1024K, 28 young (28672K), 28 survivors (28672K)
 Metaspace       used 148246K, capacity 155491K, committed 155568K, reserved 1183744K
  class space    used 19746K, capacity 21111K, committed 21168K, reserved 1048576K
}
 [Times: user=0.17 sys=0.00, real=0.06 secs] 
2020-07-20T10:06:50.083+0000: 3446.019: Total time for which application threads were stopped: 0.0559622 seconds, Stopping threads took: 0.0014040 seconds
{Heap before GC invocations=423 (full 0):
 garbage-first heap   total 1912832K, used 1654129K [0x000000008b400000, 0x000000008b503a60, 0x0000000100000000)
  region size 1024K, 969 young (992256K), 28 survivors (28672K)
 Metaspace       used 148246K, capacity 155491K, committed 155568K, reserved 1183744K
  class space    used 19746K, capacity 21111K, committed 21168K, reserved 1048576K
2020-07-20T10:06:55.404+0000: 3451.340: [GC pause (G1 Evacuation Pause) (young)
Desired survivor size 63963136 bytes, new threshold 15 (max 15)
- age   1:   21917536 bytes,   21917536 total
- age   2:     257936 bytes,   22175472 total
- age   3:     169480 bytes,   22344952 total
- age   4:     358424 bytes,   22703376 total
- age   5:     778488 bytes,   23481864 total
- age   6:     407664 bytes,   23889528 total
- age   7:     427008 bytes,   24316536 total
- age   8:     357968 bytes,   24674504 total
- age   9:      98880 bytes,   24773384 total
- age  10:     930200 bytes,   25703584 total
- age  11:      90512 bytes,   25794096 total
- age  12:      25736 bytes,   25819832 total
- age  13:     204736 bytes,   26024568 total
- age  14:     309872 bytes,   26334440 total
- age  15:      67256 bytes,   26401696 total
, 0.0643735 secs]
   [Parallel Time: 60.0 ms, GC Workers: 4]
      [GC Worker Start (ms): Min: 3451340.3, Avg: 3451340.4, Max: 3451340.4, Diff: 0.1]
      [Ext Root Scanning (ms): Min: 5.0, Avg: 5.1, Max: 5.3, Diff: 0.3, Sum: 20.4]
      [Update RS (ms): Min: 25.5, Avg: 25.9, Max: 26.6, Diff: 1.1, Sum: 103.4]
         [Processed Buffers: Min: 16, Avg: 35.2, Max: 56, Diff: 40, Sum: 141]
      [Scan RS (ms): Min: 0.2, Avg: 0.3, Max: 0.4, Diff: 0.1, Sum: 1.0]
      [Code Root Scanning (ms): Min: 0.0, Avg: 0.0, Max: 0.0, Diff: 0.0, Sum: 0.1]
      [Object Copy (ms): Min: 27.8, Avg: 28.4, Max: 28.8, Diff: 1.0, Sum: 113.8]
      [Termination (ms): Min: 0.0, Avg: 0.0, Max: 0.0, Diff: 0.0, Sum: 0.1]
         [Termination Attempts: Min: 1, Avg: 4.0, Max: 6, Diff: 5, Sum: 16]
      [GC Worker Other (ms): Min: 0.0, Avg: 0.0, Max: 0.1, Diff: 0.0, Sum: 0.1]
      [GC Worker Total (ms): Min: 59.7, Avg: 59.7, Max: 59.8, Diff: 0.1, Sum: 239.0]
      [GC Worker End (ms): Min: 3451400.1, Avg: 3451400.1, Max: 3451400.1, Diff: 0.0]
   [Code Root Fixup: 0.0 ms]
   [Code Root Purge: 0.0 ms]
   [Clear CT: 0.4 ms]
   [Other: 4.0 ms]
      [Choose CSet: 0.0 ms]
      [Ref Proc: 2.0 ms]
      [Ref Enq: 0.1 ms]
      [Redirty Cards: 0.3 ms]
      [Humongous Register: 0.2 ms]
      [Humongous Reclaim: 0.0 ms]
      [Free CSet: 0.8 ms]
   [Eden: 941.0M(941.0M)->0.0B(936.0M) Survivors: 28672.0K->33792.0K Heap: 1615.4M(1868.0M)->679.9M(1868.0M)]
Heap after GC invocations=424 (full 0):
 garbage-first heap   total 1912832K, used 696250K [0x000000008b400000, 0x000000008b503a60, 0x0000000100000000)
  region size 1024K, 33 young (33792K), 33 survivors (33792K)
 Metaspace       used 148246K, capacity 155491K, committed 155568K, reserved 1183744K
  class space    used 19746K, capacity 21111K, committed 21168K, reserved 1048576K
}
 [Times: user=0.20 sys=0.01, real=0.06 secs] 
2020-07-20T10:06:55.469+0000: 3451.404: Total time for which application threads were stopped: 0.0653390 seconds, Stopping threads took: 0.0001381 seconds
{Heap before GC invocations=424 (full 0):
 garbage-first heap   total 1912832K, used 1656762K [0x000000008b400000, 0x000000008b503a60, 0x0000000100000000)
  region size 1024K, 969 young (992256K), 33 survivors (33792K)
 Metaspace       used 148253K, capacity 155495K, committed 155568K, reserved 1183744K
  class space    used 19746K, capacity 21111K, committed 21168K, reserved 1048576K
2020-07-20T10:07:10.908+0000: 3466.843: [GC pause (G1 Evacuation Pause) (young)
Desired survivor size 63963136 bytes, new threshold 15 (max 15)
- age   1:   11695472 bytes,   11695472 total
- age   2:   17087760 bytes,   28783232 total
- age   3:     245176 bytes,   29028408 total
- age   4:     169352 bytes,   29197760 total
- age   5:     358264 bytes,   29556024 total
- age   6:     400360 bytes,   29956384 total
- age   7:     407664 bytes,   30364048 total
- age   8:     420056 bytes,   30784104 total
- age   9:      72488 bytes,   30856592 total
- age  10:      98784 bytes,   30955376 total
- age  11:     928760 bytes,   31884136 total
- age  12:      90480 bytes,   31974616 total
- age  13:      25672 bytes,   32000288 total
- age  14:     203856 bytes,   32204144 total
- age  15:     309872 bytes,   32514016 total
, 0.0879598 secs]
   [Parallel Time: 82.2 ms, GC Workers: 4]
      [GC Worker Start (ms): Min: 3466843.8, Avg: 3466843.8, Max: 3466843.9, Diff: 0.1]
      [Ext Root Scanning (ms): Min: 6.6, Avg: 7.6, Max: 10.2, Diff: 3.6, Sum: 30.2]
      [Update RS (ms): Min: 18.8, Avg: 21.2, Max: 22.3, Diff: 3.5, Sum: 84.7]
         [Processed Buffers: Min: 24, Avg: 33.2, Max: 40, Diff: 16, Sum: 133]
      [Scan RS (ms): Min: 0.1, Avg: 0.3, Max: 0.5, Diff: 0.4, Sum: 1.3]
      [Code Root Scanning (ms): Min: 0.0, Avg: 0.0, Max: 0.1, Diff: 0.1, Sum: 0.1]
      [Object Copy (ms): Min: 52.6, Avg: 52.9, Max: 53.1, Diff: 0.5, Sum: 211.5]
      [Termination (ms): Min: 0.0, Avg: 0.1, Max: 0.2, Diff: 0.1, Sum: 0.3]
         [Termination Attempts: Min: 2, Avg: 3.2, Max: 7, Diff: 5, Sum: 13]
      [GC Worker Other (ms): Min: 0.0, Avg: 0.0, Max: 0.1, Diff: 0.0, Sum: 0.2]
      [GC Worker Total (ms): Min: 82.0, Avg: 82.1, Max: 82.1, Diff: 0.1, Sum: 328.3]
      [GC Worker End (ms): Min: 3466925.9, Avg: 3466925.9, Max: 3466926.0, Diff: 0.1]
   [Code Root Fixup: 0.0 ms]
   [Code Root Purge: 0.0 ms]
   [Clear CT: 0.4 ms]
   [Other: 5.2 ms]
      [Choose CSet: 0.0 ms]
      [Ref Proc: 3.2 ms]
      [Ref Enq: 0.2 ms]
      [Redirty Cards: 0.4 ms]
      [Humongous Register: 0.1 ms]
      [Humongous Reclaim: 0.1 ms]
      [Free CSet: 0.8 ms]
   [Eden: 936.0M(936.0M)->0.0B(885.0M) Survivors: 33792.0K->59392.0K Heap: 1617.9M(1868.0M)->705.3M(1868.0M)]
Heap after GC invocations=425 (full 0):
 garbage-first heap   total 1912832K, used 722189K [0x000000008b400000, 0x000000008b503a60, 0x0000000100000000)
  region size 1024K, 58 young (59392K), 58 survivors (59392K)
 Metaspace       used 148253K, capacity 155495K, committed 155568K, reserved 1183744K
  class space    used 19746K, capacity 21111K, committed 21168K, reserved 1048576K
}
 [Times: user=0.29 sys=0.00, real=0.09 secs] 
2020-07-20T10:07:10.996+0000: 3466.932: Total time for which application threads were stopped: 0.0906181 seconds, Stopping threads took: 0.0007513 seconds
{Heap before GC invocations=425 (full 0):
 garbage-first heap   total 1912832K, used 1628429K [0x000000008b400000, 0x000000008b503a60, 0x0000000100000000)
  region size 1024K, 943 young (965632K), 58 survivors (59392K)
 Metaspace       used 148253K, capacity 155495K, committed 155568K, reserved 1183744K
  class space    used 19746K, capacity 21111K, committed 21168K, reserved 1048576K
2020-07-20T10:07:16.121+0000: 3472.057: [GC pause (G1 Evacuation Pause) (young)
Desired survivor size 61865984 bytes, new threshold 15 (max 15)
- age   1:   33995832 bytes,   33995832 total
- age   2:    4103208 bytes,   38099040 total
- age   3:   16609472 bytes,   54708512 total
- age   4:     243648 bytes,   54952160 total
- age   5:     167920 bytes,   55120080 total
- age   6:     338760 bytes,   55458840 total
- age   7:     227456 bytes,   55686296 total
- age   8:     264952 bytes,   55951248 total
- age   9:     419736 bytes,   56370984 total
- age  10:      71976 bytes,   56442960 total
- age  11:      94848 bytes,   56537808 total
- age  12:     926288 bytes,   57464096 total
- age  13:      78432 bytes,   57542528 total
- age  14:      25640 bytes,   57568168 total
- age  15:     203672 bytes,   57771840 total
, 0.0654051 secs]
   [Parallel Time: 60.9 ms, GC Workers: 4]
      [GC Worker Start (ms): Min: 3472057.1, Avg: 3472059.0, Max: 3472060.9, Diff: 3.8]
      [Ext Root Scanning (ms): Min: 3.4, Avg: 5.3, Max: 7.1, Diff: 3.7, Sum: 21.2]
      [Update RS (ms): Min: 15.6, Avg: 15.7, Max: 15.8, Diff: 0.1, Sum: 62.7]
         [Processed Buffers: Min: 24, Avg: 29.5, Max: 33, Diff: 9, Sum: 118]
      [Scan RS (ms): Min: 0.2, Avg: 0.3, Max: 0.5, Diff: 0.3, Sum: 1.3]
      [Code Root Scanning (ms): Min: 0.0, Avg: 0.0, Max: 0.0, Diff: 0.0, Sum: 0.1]
      [Object Copy (ms): Min: 37.4, Avg: 37.6, Max: 37.7, Diff: 0.3, Sum: 150.3]
      [Termination (ms): Min: 0.0, Avg: 0.0, Max: 0.0, Diff: 0.0, Sum: 0.0]
         [Termination Attempts: Min: 2, Avg: 4.2, Max: 5, Diff: 3, Sum: 17]
      [GC Worker Other (ms): Min: 0.0, Avg: 0.0, Max: 0.0, Diff: 0.0, Sum: 0.1]
      [GC Worker Total (ms): Min: 57.0, Avg: 59.0, Max: 60.8, Diff: 3.8, Sum: 235.9]
      [GC Worker End (ms): Min: 3472117.9, Avg: 3472117.9, Max: 3472117.9, Diff: 0.0]
   [Code Root Fixup: 0.0 ms]
   [Code Root Purge: 0.0 ms]
   [Clear CT: 0.4 ms]
   [Other: 4.1 ms]
      [Choose CSet: 0.0 ms]
      [Ref Proc: 2.4 ms]
      [Ref Enq: 0.1 ms]
      [Redirty Cards: 0.3 ms]
      [Humongous Register: 0.1 ms]
      [Humongous Reclaim: 0.1 ms]
      [Free CSet: 0.8 ms]
   [Eden: 885.0M(885.0M)->0.0B(919.0M) Survivors: 59392.0K->44032.0K Heap: 1590.3M(1868.0M)->688.6M(1868.0M)]
Heap after GC invocations=426 (full 0):
 garbage-first heap   total 1912832K, used 705142K [0x000000008b400000, 0x000000008b503a60, 0x0000000100000000)
  region size 1024K, 43 young (44032K), 43 survivors (44032K)
 Metaspace       used 148253K, capacity 155495K, committed 155568K, reserved 1183744K
  class space    used 19746K, capacity 21111K, committed 21168K, reserved 1048576K
}
 [Times: user=0.22 sys=0.00, real=0.06 secs] 
2020-07-20T10:07:16.187+0000: 3472.123: Total time for which application threads were stopped: 0.0723769 seconds, Stopping threads took: 0.0061021 seconds
{Heap before GC invocations=426 (full 0):
 garbage-first heap   total 1912832K, used 1648246K [0x000000008b400000, 0x000000008b503a60, 0x0000000100000000)
  region size 1024K, 962 young (985088K), 43 survivors (44032K)
 Metaspace       used 148253K, capacity 155495K, committed 155568K, reserved 1183744K
  class space    used 19746K, capacity 21111K, committed 21168K, reserved 1048576K
2020-07-20T10:07:21.386+0000: 3477.321: [GC pause (G1 Evacuation Pause) (young)
Desired survivor size 63438848 bytes, new threshold 15 (max 15)
- age   1:   30098128 bytes,   30098128 total
- age   2:    6687464 bytes,   36785592 total
- age   3:    1640320 bytes,   38425912 total
- age   4:    2032584 bytes,   40458496 total
- age   5:     242584 bytes,   40701080 total
- age   6:     167408 bytes,   40868488 total
- age   7:     338504 bytes,   41206992 total
- age   8:     222744 bytes,   41429736 total
- age   9:     264544 bytes,   41694280 total
- age  10:     419512 bytes,   42113792 total
- age  11:      70968 bytes,   42184760 total
- age  12:      82728 bytes,   42267488 total
- age  13:     926024 bytes,   43193512 total
- age  14:      78152 bytes,   43271664 total
- age  15:      25512 bytes,   43297176 total
, 0.0571903 secs]
   [Parallel Time: 52.7 ms, GC Workers: 4]
      [GC Worker Start (ms): Min: 3477321.8, Avg: 3477321.8, Max: 3477321.9, Diff: 0.1]
      [Ext Root Scanning (ms): Min: 5.0, Avg: 5.1, Max: 5.2, Diff: 0.3, Sum: 20.3]
      [Update RS (ms): Min: 17.6, Avg: 17.8, Max: 18.3, Diff: 0.7, Sum: 71.3]
         [Processed Buffers: Min: 19, Avg: 29.2, Max: 33, Diff: 14, Sum: 117]
      [Scan RS (ms): Min: 0.1, Avg: 0.3, Max: 0.4, Diff: 0.2, Sum: 1.1]
      [Code Root Scanning (ms): Min: 0.0, Avg: 0.0, Max: 0.1, Diff: 0.1, Sum: 0.1]
      [Object Copy (ms): Min: 29.0, Avg: 29.2, Max: 29.4, Diff: 0.5, Sum: 116.9]
      [Termination (ms): Min: 0.0, Avg: 0.0, Max: 0.0, Diff: 0.0, Sum: 0.1]
         [Termination Attempts: Min: 3, Avg: 12.5, Max: 19, Diff: 16, Sum: 50]
      [GC Worker Other (ms): Min: 0.0, Avg: 0.1, Max: 0.1, Diff: 0.1, Sum: 0.2]
      [GC Worker Total (ms): Min: 52.4, Avg: 52.5, Max: 52.6, Diff: 0.1, Sum: 210.0]
      [GC Worker End (ms): Min: 3477374.3, Avg: 3477374.3, Max: 3477374.3, Diff: 0.1]
   [Code Root Fixup: 0.0 ms]
   [Code Root Purge: 0.0 ms]
   [Clear CT: 0.5 ms]
   [Other: 4.0 ms]
      [Choose CSet: 0.0 ms]
      [Ref Proc: 2.0 ms]
      [Ref Enq: 0.2 ms]
      [Redirty Cards: 0.3 ms]
      [Humongous Register: 0.1 ms]
      [Humongous Reclaim: 0.1 ms]
      [Free CSet: 0.8 ms]
   [Eden: 919.0M(919.0M)->0.0B(937.0M) Survivors: 44032.0K->33792.0K Heap: 1609.6M(1868.0M)->678.2M(1868.0M)]
Heap after GC invocations=427 (full 0):
 garbage-first heap   total 1912832K, used 694525K [0x000000008b400000, 0x000000008b503a60, 0x0000000100000000)
  region size 1024K, 33 young (33792K), 33 survivors (33792K)
 Metaspace       used 148253K, capacity 155495K, committed 155568K, reserved 1183744K
  class space    used 19746K, capacity 21111K, committed 21168K, reserved 1048576K
}
 [Times: user=0.20 sys=0.00, real=0.06 secs] 
2020-07-20T10:07:21.443+0000: 3477.379: Total time for which application threads were stopped: 0.0621355 seconds, Stopping threads took: 0.0039491 seconds
{Heap before GC invocations=427 (full 0):
 garbage-first heap   total 1912832K, used 1656061K [0x000000008b400000, 0x000000008b503a60, 0x0000000100000000)
  region size 1024K, 970 young (993280K), 33 survivors (33792K)
 Metaspace       used 148253K, capacity 155495K, committed 155568K, reserved 1183744K
  class space    used 19746K, capacity 21111K, committed 21168K, reserved 1048576K
2020-07-20T10:07:26.517+0000: 3482.453: [GC pause (G1 Evacuation Pause) (young)
Desired survivor size 63963136 bytes, new threshold 15 (max 15)
- age   1:   26854272 bytes,   26854272 total
- age   2:     171504 bytes,   27025776 total
- age   3:     568752 bytes,   27594528 total
- age   4:    1640032 bytes,   29234560 total
- age   5:     495056 bytes,   29729616 total
- age   6:     240496 bytes,   29970112 total
- age   7:     164736 bytes,   30134848 total
- age   8:     338184 bytes,   30473032 total
- age   9:     200728 bytes,   30673760 total
- age  10:     264432 bytes,   30938192 total
- age  11:     419416 bytes,   31357608 total
- age  12:      66424 bytes,   31424032 total
- age  13:      82632 bytes,   31506664 total
- age  14:     926024 bytes,   32432688 total
- age  15:      78024 bytes,   32510712 total
, 0.0429599 secs]
   [Parallel Time: 38.2 ms, GC Workers: 4]
      [GC Worker Start (ms): Min: 3482453.7, Avg: 3482453.8, Max: 3482453.8, Diff: 0.1]
      [Ext Root Scanning (ms): Min: 5.0, Avg: 5.2, Max: 5.3, Diff: 0.3, Sum: 20.6]
      [Update RS (ms): Min: 14.0, Avg: 14.1, Max: 14.1, Diff: 0.1, Sum: 56.3]
         [Processed Buffers: Min: 14, Avg: 27.8, Max: 40, Diff: 26, Sum: 111]
      [Scan RS (ms): Min: 0.2, Avg: 0.3, Max: 0.5, Diff: 0.2, Sum: 1.2]
      [Code Root Scanning (ms): Min: 0.0, Avg: 0.0, Max: 0.0, Diff: 0.0, Sum: 0.1]
      [Object Copy (ms): Min: 18.2, Avg: 18.4, Max: 18.5, Diff: 0.3, Sum: 73.6]
      [Termination (ms): Min: 0.0, Avg: 0.0, Max: 0.1, Diff: 0.1, Sum: 0.2]
         [Termination Attempts: Min: 1, Avg: 1.2, Max: 2, Diff: 1, Sum: 5]
      [GC Worker Other (ms): Min: 0.0, Avg: 0.0, Max: 0.0, Diff: 0.0, Sum: 0.1]
      [GC Worker Total (ms): Min: 38.0, Avg: 38.0, Max: 38.1, Diff: 0.1, Sum: 152.1]
      [GC Worker End (ms): Min: 3482491.8, Avg: 3482491.8, Max: 3482491.8, Diff: 0.0]
   [Code Root Fixup: 0.0 ms]
   [Code Root Purge: 0.0 ms]
   [Clear CT: 0.3 ms]
   [Other: 4.4 ms]
      [Choose CSet: 0.0 ms]
      [Ref Proc: 2.6 ms]
      [Ref Enq: 0.1 ms]
      [Redirty Cards: 0.2 ms]
      [Humongous Register: 0.2 ms]
      [Humongous Reclaim: 0.0 ms]
      [Free CSet: 0.8 ms]
   [Eden: 937.0M(937.0M)->0.0B(950.0M) Survivors: 33792.0K->23552.0K Heap: 1617.2M(1868.0M)->668.9M(1868.0M)]
Heap after GC invocations=428 (full 0):
 garbage-first heap   total 1912832K, used 684903K [0x000000008b400000, 0x000000008b503a60, 0x0000000100000000)
  region size 1024K, 23 young (23552K), 23 survivors (23552K)
 Metaspace       used 148253K, capacity 155495K, committed 155568K, reserved 1183744K
  class space    used 19746K, capacity 21111K, committed 21168K, reserved 1048576K
}
 [Times: user=0.14 sys=0.00, real=0.04 secs] 
2020-07-20T10:07:26.561+0000: 3482.497: Total time for which application threads were stopped: 0.0474894 seconds, Stopping threads took: 0.0035059 seconds
{Heap before GC invocations=428 (full 0):
 garbage-first heap   total 1912832K, used 1659751K [0x000000008b400000, 0x000000008b503a60, 0x0000000100000000)
  region size 1024K, 973 young (996352K), 23 survivors (23552K)
 Metaspace       used 148253K, capacity 155495K, committed 155568K, reserved 1183744K
  class space    used 19746K, capacity 21111K, committed 21168K, reserved 1048576K
2020-07-20T10:07:32.149+0000: 3488.085: [GC pause (G1 Evacuation Pause) (young)
Desired survivor size 63963136 bytes, new threshold 15 (max 15)
- age   1:   15438128 bytes,   15438128 total
- age   2:    1949512 bytes,   17387640 total
- age   3:     136728 bytes,   17524368 total
- age   4:     568240 bytes,   18092608 total
- age   5:    1639744 bytes,   19732352 total
- age   6:     494488 bytes,   20226840 total
- age   7:     240112 bytes,   20466952 total
- age   8:     164416 bytes,   20631368 total
- age   9:     334680 bytes,   20966048 total
- age  10:     194192 bytes,   21160240 total
- age  11:     262512 bytes,   21422752 total
- age  12:     419352 bytes,   21842104 total
- age  13:      50664 bytes,   21892768 total
- age  14:      82512 bytes,   21975280 total
- age  15:     925872 bytes,   22901152 total
, 0.0722707 secs]
   [Parallel Time: 68.4 ms, GC Workers: 4]
      [GC Worker Start (ms): Min: 3488085.6, Avg: 3488085.7, Max: 3488085.7, Diff: 0.1]
      [Ext Root Scanning (ms): Min: 4.8, Avg: 5.0, Max: 5.1, Diff: 0.3, Sum: 19.8]
      [Update RS (ms): Min: 15.2, Avg: 15.2, Max: 15.3, Diff: 0.1, Sum: 60.8]
         [Processed Buffers: Min: 18, Avg: 27.2, Max: 42, Diff: 24, Sum: 109]
      [Scan RS (ms): Min: 0.2, Avg: 0.3, Max: 0.4, Diff: 0.1, Sum: 1.2]
      [Code Root Scanning (ms): Min: 0.0, Avg: 0.0, Max: 0.0, Diff: 0.0, Sum: 0.1]
      [Object Copy (ms): Min: 47.5, Avg: 47.6, Max: 47.8, Diff: 0.3, Sum: 190.6]
      [Termination (ms): Min: 0.0, Avg: 0.0, Max: 0.1, Diff: 0.1, Sum: 0.1]
         [Termination Attempts: Min: 3, Avg: 6.5, Max: 11, Diff: 8, Sum: 26]
      [GC Worker Other (ms): Min: 0.0, Avg: 0.1, Max: 0.1, Diff: 0.1, Sum: 0.2]
      [GC Worker Total (ms): Min: 68.2, Avg: 68.2, Max: 68.2, Diff: 0.1, Sum: 272.8]
      [GC Worker End (ms): Min: 3488153.8, Avg: 3488153.9, Max: 3488153.9, Diff: 0.1]
   [Code Root Fixup: 0.1 ms]
   [Code Root Purge: 0.0 ms]
   [Clear CT: 0.4 ms]
   [Other: 3.4 ms]
      [Choose CSet: 0.0 ms]
      [Ref Proc: 1.7 ms]
      [Ref Enq: 0.1 ms]
      [Redirty Cards: 0.3 ms]
      [Humongous Register: 0.1 ms]
      [Humongous Reclaim: 0.0 ms]
      [Free CSet: 0.8 ms]
   [Eden: 950.0M(950.0M)->0.0B(898.0M) Survivors: 23552.0K->52224.0K Heap: 1620.9M(1868.0M)->699.8M(1868.0M)]
Heap after GC invocations=429 (full 0):
 garbage-first heap   total 1912832K, used 716544K [0x000000008b400000, 0x000000008b503a60, 0x0000000100000000)
  region size 1024K, 51 young (52224K), 51 survivors (52224K)
 Metaspace       used 148253K, capacity 155495K, committed 155568K, reserved 1183744K
  class space    used 19746K, capacity 21111K, committed 21168K, reserved 1048576K
}
 [Times: user=0.24 sys=0.00, real=0.08 secs] 
2020-07-20T10:07:32.222+0000: 3488.158: Total time for which application threads were stopped: 0.0746820 seconds, Stopping threads took: 0.0015051 seconds
{Heap before GC invocations=429 (full 0):
 garbage-first heap   total 1912832K, used 1638144K [0x000000008b400000, 0x000000008b503a60, 0x0000000100000000)
  region size 1024K, 949 young (971776K), 51 survivors (52224K)
 Metaspace       used 148253K, capacity 155495K, committed 155568K, reserved 1183744K
  class space    used 19746K, capacity 21111K, committed 21168K, reserved 1048576K
2020-07-20T10:07:36.477+0000: 3492.413: [GC pause (G1 Evacuation Pause) (young)
Desired survivor size 62390272 bytes, new threshold 15 (max 15)
- age   1:   34905816 bytes,   34905816 total
- age   2:   10745832 bytes,   45651648 total
- age   3:    1928544 bytes,   47580192 total
- age   4:     136312 bytes,   47716504 total
- age   5:     545208 bytes,   48261712 total
- age   6:    1639648 bytes,   49901360 total
- age   7:     491288 bytes,   50392648 total
- age   8:     239984 bytes,   50632632 total
- age   9:     160776 bytes,   50793408 total
- age  10:      43392 bytes,   50836800 total
- age  11:     189688 bytes,   51026488 total
- age  12:     259800 bytes,   51286288 total
- age  13:     419224 bytes,   51705512 total
- age  14:      50504 bytes,   51756016 total
- age  15:      82320 bytes,   51838336 total
, 0.0617652 secs]
   [Parallel Time: 57.7 ms, GC Workers: 4]
      [GC Worker Start (ms): Min: 3492413.5, Avg: 3492413.5, Max: 3492413.5, Diff: 0.1]
      [Ext Root Scanning (ms): Min: 4.9, Avg: 5.0, Max: 5.1, Diff: 0.2, Sum: 19.9]
      [Update RS (ms): Min: 21.8, Avg: 22.0, Max: 22.4, Diff: 0.6, Sum: 88.0]
         [Processed Buffers: Min: 23, Avg: 35.0, Max: 45, Diff: 22, Sum: 140]
      [Scan RS (ms): Min: 0.1, Avg: 0.3, Max: 0.4, Diff: 0.4, Sum: 1.1]
      [Code Root Scanning (ms): Min: 0.0, Avg: 0.0, Max: 0.1, Diff: 0.1, Sum: 0.1]
      [Object Copy (ms): Min: 30.1, Avg: 30.2, Max: 30.4, Diff: 0.3, Sum: 121.0]
      [Termination (ms): Min: 0.0, Avg: 0.0, Max: 0.0, Diff: 0.0, Sum: 0.0]
         [Termination Attempts: Min: 1, Avg: 1.5, Max: 2, Diff: 1, Sum: 6]
      [GC Worker Other (ms): Min: 0.0, Avg: 0.1, Max: 0.1, Diff: 0.1, Sum: 0.3]
      [GC Worker Total (ms): Min: 57.6, Avg: 57.6, Max: 57.6, Diff: 0.1, Sum: 230.5]
      [GC Worker End (ms): Min: 3492471.1, Avg: 3492471.1, Max: 3492471.1, Diff: 0.1]
   [Code Root Fixup: 0.0 ms]
   [Code Root Purge: 0.0 ms]
   [Clear CT: 0.3 ms]
   [Other: 3.7 ms]
      [Choose CSet: 0.0 ms]
      [Ref Proc: 2.0 ms]
      [Ref Enq: 0.2 ms]
      [Redirty Cards: 0.3 ms]
      [Humongous Register: 0.1 ms]
      [Humongous Reclaim: 0.1 ms]
      [Free CSet: 0.8 ms]
   [Eden: 898.0M(898.0M)->0.0B(931.0M) Survivors: 52224.0K->34816.0K Heap: 1599.8M(1868.0M)->683.5M(1868.0M)]
Heap after GC invocations=430 (full 0):
 garbage-first heap   total 1912832K, used 699903K [0x000000008b400000, 0x000000008b503a60, 0x0000000100000000)
  region size 1024K, 34 young (34816K), 34 survivors (34816K)
 Metaspace       used 148253K, capacity 155495K, committed 155568K, reserved 1183744K
  class space    used 19746K, capacity 21111K, committed 21168K, reserved 1048576K
}
 [Times: user=0.20 sys=0.01, real=0.06 secs] 
2020-07-20T10:07:36.539+0000: 3492.475: Total time for which application threads were stopped: 0.0641898 seconds, Stopping threads took: 0.0016240 seconds
{Heap before GC invocations=430 (full 0):
 garbage-first heap   total 1912832K, used 1655295K [0x000000008b400000, 0x000000008b503a60, 0x0000000100000000)
  region size 1024K, 965 young (988160K), 34 survivors (34816K)
 Metaspace       used 148253K, capacity 155495K, committed 155568K, reserved 1183744K
  class space    used 19746K, capacity 21111K, committed 21168K, reserved 1048576K
2020-07-20T10:07:40.689+0000: 3496.624: [GC pause (G1 Evacuation Pause) (young)
Desired survivor size 63438848 bytes, new threshold 15 (max 15)
- age   1:   23182952 bytes,   23182952 total
- age   2:    4383856 bytes,   27566808 total
- age   3:     336360 bytes,   27903168 total
- age   4:    1928200 bytes,   29831368 total
- age   5:     135928 bytes,   29967296 total
- age   6:     387688 bytes,   30354984 total
- age   7:    1087392 bytes,   31442376 total
- age   8:     486232 bytes,   31928608 total
- age   9:     239696 bytes,   32168304 total
- age  10:     157176 bytes,   32325480 total
- age  11:      42176 bytes,   32367656 total
- age  12:     179976 bytes,   32547632 total
- age  13:     254592 bytes,   32802224 total
- age  14:     417560 bytes,   33219784 total
- age  15:      45392 bytes,   33265176 total
, 0.0826974 secs]
   [Parallel Time: 78.4 ms, GC Workers: 4]
      [GC Worker Start (ms): Min: 3496624.7, Avg: 3496624.7, Max: 3496624.8, Diff: 0.1]
      [Ext Root Scanning (ms): Min: 5.0, Avg: 5.1, Max: 5.2, Diff: 0.2, Sum: 20.3]
      [Update RS (ms): Min: 22.7, Avg: 22.9, Max: 23.5, Diff: 0.8, Sum: 91.6]
         [Processed Buffers: Min: 16, Avg: 33.2, Max: 45, Diff: 29, Sum: 133]
      [Scan RS (ms): Min: 0.2, Avg: 0.3, Max: 0.3, Diff: 0.1, Sum: 1.0]
      [Code Root Scanning (ms): Min: 0.0, Avg: 0.0, Max: 0.1, Diff: 0.1, Sum: 0.1]
      [Object Copy (ms): Min: 49.6, Avg: 50.0, Max: 50.3, Diff: 0.7, Sum: 200.0]
      [Termination (ms): Min: 0.0, Avg: 0.1, Max: 0.1, Diff: 0.1, Sum: 0.3]
         [Termination Attempts: Min: 1, Avg: 3.0, Max: 7, Diff: 6, Sum: 12]
      [GC Worker Other (ms): Min: 0.0, Avg: 0.0, Max: 0.0, Diff: 0.0, Sum: 0.1]
      [GC Worker Total (ms): Min: 78.3, Avg: 78.4, Max: 78.4, Diff: 0.1, Sum: 313.4]
      [GC Worker End (ms): Min: 3496703.1, Avg: 3496703.1, Max: 3496703.1, Diff: 0.0]
   [Code Root Fixup: 0.0 ms]
   [Code Root Purge: 0.0 ms]
   [Clear CT: 0.4 ms]
   [Other: 3.9 ms]
      [Choose CSet: 0.0 ms]
      [Ref Proc: 2.1 ms]
      [Ref Enq: 0.1 ms]
      [Redirty Cards: 0.3 ms]
      [Humongous Register: 0.1 ms]
      [Humongous Reclaim: 0.0 ms]
      [Free CSet: 0.8 ms]
   [Eden: 931.0M(931.0M)->0.0B(885.0M) Survivors: 34816.0K->56320.0K Heap: 1616.5M(1868.0M)->706.7M(1868.0M)]
Heap after GC invocations=431 (full 0):
 garbage-first heap   total 1912832K, used 723640K [0x000000008b400000, 0x000000008b503a60, 0x0000000100000000)
  region size 1024K, 55 young (56320K), 55 survivors (56320K)
 Metaspace       used 148253K, capacity 155495K, committed 155568K, reserved 1183744K
  class space    used 19746K, capacity 21111K, committed 21168K, reserved 1048576K
}
 [Times: user=0.26 sys=0.01, real=0.08 secs] 
2020-07-20T10:07:40.772+0000: 3496.707: Total time for which application threads were stopped: 0.0899655 seconds, Stopping threads took: 0.0064507 seconds
{Heap before GC invocations=431 (full 0):
 garbage-first heap   total 1912832K, used 1629880K [0x000000008b400000, 0x000000008b503a60, 0x0000000100000000)
  region size 1024K, 940 young (962560K), 55 survivors (56320K)
 Metaspace       used 148253K, capacity 155495K, committed 155568K, reserved 1183744K
  class space    used 19746K, capacity 21111K, committed 21168K, reserved 1048576K
2020-07-20T10:07:44.309+0000: 3500.245: [GC pause (G1 Evacuation Pause) (young)
Desired survivor size 61865984 bytes, new threshold 15 (max 15)
- age   1:   27710944 bytes,   27710944 total
- age   2:   17735584 bytes,   45446528 total
- age   3:    4381368 bytes,   49827896 total
- age   4:     335936 bytes,   50163832 total
- age   5:    1927792 bytes,   52091624 total
- age   6:     135896 bytes,   52227520 total
- age   7:     385760 bytes,   52613280 total
- age   8:    1084408 bytes,   53697688 total
- age   9:     486104 bytes,   54183792 total
- age  10:      31224 bytes,   54215016 total
- age  11:      86912 bytes,   54301928 total
- age  12:      39112 bytes,   54341040 total
- age  13:     179848 bytes,   54520888 total
- age  14:     254048 bytes,   54774936 total
- age  15:     416504 bytes,   55191440 total
, 0.0616578 secs]
   [Parallel Time: 57.6 ms, GC Workers: 4]
      [GC Worker Start (ms): Min: 3500245.5, Avg: 3500245.5, Max: 3500245.6, Diff: 0.1]
      [Ext Root Scanning (ms): Min: 4.9, Avg: 5.1, Max: 5.2, Diff: 0.3, Sum: 20.2]
      [Update RS (ms): Min: 24.6, Avg: 24.7, Max: 24.8, Diff: 0.1, Sum: 98.7]
         [Processed Buffers: Min: 13, Avg: 34.0, Max: 54, Diff: 41, Sum: 136]
      [Scan RS (ms): Min: 0.2, Avg: 0.3, Max: 0.4, Diff: 0.2, Sum: 1.2]
      [Code Root Scanning (ms): Min: 0.0, Avg: 0.0, Max: 0.0, Diff: 0.0, Sum: 0.1]
      [Object Copy (ms): Min: 27.0, Avg: 27.3, Max: 27.5, Diff: 0.5, Sum: 109.4]
      [Termination (ms): Min: 0.0, Avg: 0.0, Max: 0.0, Diff: 0.0, Sum: 0.0]
         [Termination Attempts: Min: 2, Avg: 3.0, Max: 4, Diff: 2, Sum: 12]
      [GC Worker Other (ms): Min: 0.0, Avg: 0.0, Max: 0.1, Diff: 0.1, Sum: 0.2]
      [GC Worker Total (ms): Min: 57.4, Avg: 57.5, Max: 57.5, Diff: 0.1, Sum: 229.8]
      [GC Worker End (ms): Min: 3500303.0, Avg: 3500303.0, Max: 3500303.0, Diff: 0.0]
   [Code Root Fixup: 0.0 ms]
   [Code Root Purge: 0.0 ms]
   [Clear CT: 0.3 ms]
   [Other: 3.7 ms]
      [Choose CSet: 0.0 ms]
      [Ref Proc: 2.0 ms]
      [Ref Enq: 0.1 ms]
      [Redirty Cards: 0.3 ms]
      [Humongous Register: 0.1 ms]
      [Humongous Reclaim: 0.1 ms]
      [Free CSet: 0.8 ms]
   [Eden: 885.0M(885.0M)->0.0B(932.0M) Survivors: 56320.0K->33792.0K Heap: 1591.7M(1868.0M)->683.1M(1868.0M)]
Heap after GC invocations=432 (full 0):
 garbage-first heap   total 1912832K, used 699483K [0x000000008b400000, 0x000000008b503a60, 0x0000000100000000)
  region size 1024K, 33 young (33792K), 33 survivors (33792K)
 Metaspace       used 148253K, capacity 155495K, committed 155568K, reserved 1183744K
  class space    used 19746K, capacity 21111K, committed 21168K, reserved 1048576K
}
 [Times: user=0.21 sys=0.00, real=0.06 secs] 
2020-07-20T10:07:44.371+0000: 3500.307: Total time for which application threads were stopped: 0.0628881 seconds, Stopping threads took: 0.0003167 seconds
{Heap before GC invocations=432 (full 0):
 garbage-first heap   total 1912832K, used 1655899K [0x000000008b400000, 0x000000008b503a60, 0x0000000100000000)
  region size 1024K, 965 young (988160K), 33 survivors (33792K)
 Metaspace       used 148254K, capacity 155495K, committed 155568K, reserved 1183744K
  class space    used 19747K, capacity 21111K, committed 21168K, reserved 1048576K
2020-07-20T10:07:48.786+0000: 3504.722: [GC pause (G1 Evacuation Pause) (young)
Desired survivor size 63438848 bytes, new threshold 15 (max 15)
- age   1:   19904912 bytes,   19904912 total
- age   2:    6857584 bytes,   26762496 total
- age   3:    1513360 bytes,   28275856 total
- age   4:     209792 bytes,   28485648 total
- age   5:     335776 bytes,   28821424 total
- age   6:    1927600 bytes,   30749024 total
- age   7:     129280 bytes,   30878304 total
- age   8:     384400 bytes,   31262704 total
- age   9:    1084088 bytes,   32346792 total
- age  10:     485984 bytes,   32832776 total
- age  11:      27560 bytes,   32860336 total
- age  12:      86616 bytes,   32946952 total
- age  13:      26744 bytes,   32973696 total
- age  14:     179736 bytes,   33153432 total
- age  15:     253832 bytes,   33407264 total
, 0.1003669 secs]
   [Parallel Time: 95.5 ms, GC Workers: 4]
      [GC Worker Start (ms): Min: 3504721.9, Avg: 3504721.9, Max: 3504721.9, Diff: 0.1]
      [Ext Root Scanning (ms): Min: 5.2, Avg: 5.3, Max: 5.6, Diff: 0.4, Sum: 21.4]
      [Update RS (ms): Min: 43.0, Avg: 43.5, Max: 44.9, Diff: 1.9, Sum: 173.9]
         [Processed Buffers: Min: 11, Avg: 37.5, Max: 57, Diff: 46, Sum: 150]
      [Scan RS (ms): Min: 0.3, Avg: 0.3, Max: 0.4, Diff: 0.1, Sum: 1.3]
      [Code Root Scanning (ms): Min: 0.0, Avg: 0.0, Max: 0.1, Diff: 0.1, Sum: 0.1]
      [Object Copy (ms): Min: 44.7, Avg: 46.1, Max: 46.7, Diff: 2.0, Sum: 184.3]
      [Termination (ms): Min: 0.0, Avg: 0.0, Max: 0.1, Diff: 0.1, Sum: 0.1]
         [Termination Attempts: Min: 1, Avg: 1.0, Max: 1, Diff: 0, Sum: 4]
      [GC Worker Other (ms): Min: 0.0, Avg: 0.0, Max: 0.0, Diff: 0.0, Sum: 0.1]
      [GC Worker Total (ms): Min: 95.3, Avg: 95.3, Max: 95.4, Diff: 0.1, Sum: 381.2]
      [GC Worker End (ms): Min: 3504817.2, Avg: 3504817.2, Max: 3504817.2, Diff: 0.0]
   [Code Root Fixup: 0.0 ms]
   [Code Root Purge: 0.0 ms]
   [Clear CT: 0.4 ms]
   [Other: 4.5 ms]
      [Choose CSet: 0.0 ms]
      [Ref Proc: 2.5 ms]
      [Ref Enq: 0.2 ms]
      [Redirty Cards: 0.3 ms]
      [Humongous Register: 0.1 ms]
      [Humongous Reclaim: 0.1 ms]
      [Free CSet: 0.8 ms]
   [Eden: 932.0M(932.0M)->0.0B(906.0M) Survivors: 33792.0K->47104.0K Heap: 1617.1M(1868.0M)->696.0M(1868.0M)]
Heap after GC invocations=433 (full 0):
 garbage-first heap   total 1912832K, used 712708K [0x000000008b400000, 0x000000008b503a60, 0x0000000100000000)
  region size 1024K, 46 young (47104K), 46 survivors (47104K)
 Metaspace       used 148254K, capacity 155495K, committed 155568K, reserved 1183744K
  class space    used 19747K, capacity 21111K, committed 21168K, reserved 1048576K
}
 [Times: user=0.27 sys=0.00, real=0.10 secs] 
2020-07-20T10:07:48.886+0000: 3504.822: Total time for which application threads were stopped: 0.1071276 seconds, Stopping threads took: 0.0056392 seconds
{Heap before GC invocations=433 (full 0):
 garbage-first heap   total 1912832K, used 1642500K [0x000000008b400000, 0x000000008b503a60, 0x0000000100000000)
  region size 1024K, 952 young (974848K), 46 survivors (47104K)
 Metaspace       used 148255K, capacity 155495K, committed 155568K, reserved 1183744K
  class space    used 19747K, capacity 21111K, committed 21168K, reserved 1048576K
2020-07-20T10:07:53.267+0000: 3509.203: [GC pause (G1 Evacuation Pause) (young)
Desired survivor size 62390272 bytes, new threshold 15 (max 15)
- age   1:   22050392 bytes,   22050392 total
- age   2:   13341160 bytes,   35391552 total
- age   3:    5237496 bytes,   40629048 total
- age   4:     601680 bytes,   41230728 total
- age   5:     209096 bytes,   41439824 total
- age   6:     334480 bytes,   41774304 total
- age   7:    1879064 bytes,   43653368 total
- age   8:     126488 bytes,   43779856 total
- age   9:     369336 bytes,   44149192 total
- age  10:    1062240 bytes,   45211432 total
- age  11:     462616 bytes,   45674048 total
- age  12:      19704 bytes,   45693752 total
- age  13:      78592 bytes,   45772344 total
- age  14:      26656 bytes,   45799000 total
- age  15:     179640 bytes,   45978640 total
, 0.0592311 secs]
   [Parallel Time: 55.4 ms, GC Workers: 4]
      [GC Worker Start (ms): Min: 3509203.6, Avg: 3509203.6, Max: 3509203.7, Diff: 0.0]
      [Ext Root Scanning (ms): Min: 5.7, Avg: 5.8, Max: 6.1, Diff: 0.4, Sum: 23.4]
      [Update RS (ms): Min: 25.4, Avg: 25.5, Max: 25.5, Diff: 0.0, Sum: 101.8]
         [Processed Buffers: Min: 29, Avg: 35.2, Max: 41, Diff: 12, Sum: 141]
      [Scan RS (ms): Min: 0.2, Avg: 0.3, Max: 0.3, Diff: 0.0, Sum: 1.1]
      [Code Root Scanning (ms): Min: 0.0, Avg: 0.0, Max: 0.0, Diff: 0.0, Sum: 0.1]
      [Object Copy (ms): Min: 23.4, Avg: 23.6, Max: 23.7, Diff: 0.3, Sum: 94.3]
      [Termination (ms): Min: 0.0, Avg: 0.1, Max: 0.1, Diff: 0.1, Sum: 0.2]
         [Termination Attempts: Min: 3, Avg: 9.8, Max: 15, Diff: 12, Sum: 39]
      [GC Worker Other (ms): Min: 0.0, Avg: 0.0, Max: 0.0, Diff: 0.0, Sum: 0.1]
      [GC Worker Total (ms): Min: 55.2, Avg: 55.3, Max: 55.3, Diff: 0.0, Sum: 221.0]
      [GC Worker End (ms): Min: 3509258.9, Avg: 3509258.9, Max: 3509258.9, Diff: 0.0]
   [Code Root Fixup: 0.0 ms]
   [Code Root Purge: 0.0 ms]
   [Clear CT: 0.3 ms]
   [Other: 3.5 ms]
      [Choose CSet: 0.0 ms]
      [Ref Proc: 1.7 ms]
      [Ref Enq: 0.1 ms]
      [Redirty Cards: 0.3 ms]
      [Humongous Register: 0.1 ms]
      [Humongous Reclaim: 0.1 ms]
      [Free CSet: 0.8 ms]
   [Eden: 906.0M(906.0M)->0.0B(939.0M) Survivors: 47104.0K->28672.0K Heap: 1604.0M(1868.0M)->678.7M(1868.0M)]
Heap after GC invocations=434 (full 0):
 garbage-first heap   total 1912832K, used 695025K [0x000000008b400000, 0x000000008b503a60, 0x0000000100000000)
  region size 1024K, 28 young (28672K), 28 survivors (28672K)
 Metaspace       used 148255K, capacity 155495K, committed 155568K, reserved 1183744K
  class space    used 19747K, capacity 21111K, committed 21168K, reserved 1048576K
}
 [Times: user=0.20 sys=0.00, real=0.06 secs] 
2020-07-20T10:07:53.327+0000: 3509.263: Total time for which application threads were stopped: 0.0609424 seconds, Stopping threads took: 0.0005730 seconds
{Heap before GC invocations=434 (full 0):
 garbage-first heap   total 1912832K, used 1656561K [0x000000008b400000, 0x000000008b503a60, 0x0000000100000000)
  region size 1024K, 967 young (990208K), 28 survivors (28672K)
 Metaspace       used 148256K, capacity 155495K, committed 155568K, reserved 1183744K
  class space    used 19747K, capacity 21111K, committed 21168K, reserved 1048576K
2020-07-20T10:07:57.682+0000: 3513.618: [GC pause (G1 Evacuation Pause) (young)
Desired survivor size 63438848 bytes, new threshold 15 (max 15)
- age   1:   22353016 bytes,   22353016 total
- age   2:    1127480 bytes,   23480496 total
- age   3:     482760 bytes,   23963256 total
- age   4:     833624 bytes,   24796880 total
- age   5:     598696 bytes,   25395576 total
- age   6:     205584 bytes,   25601160 total
- age   7:     334384 bytes,   25935544 total
- age   8:     388264 bytes,   26323808 total
- age   9:     126264 bytes,   26450072 total
- age  10:     368560 bytes,   26818632 total
- age  11:    1058632 bytes,   27877264 total
- age  12:     174864 bytes,   28052128 total
- age  13:      19512 bytes,   28071640 total
- age  14:      78464 bytes,   28150104 total
- age  15:      26592 bytes,   28176696 total
, 0.0793051 secs]
   [Parallel Time: 75.1 ms, GC Workers: 4]
      [GC Worker Start (ms): Min: 3513617.9, Avg: 3513617.9, Max: 3513617.9, Diff: 0.1]
      [Ext Root Scanning (ms): Min: 5.6, Avg: 5.7, Max: 6.0, Diff: 0.4, Sum: 23.0]
      [Update RS (ms): Min: 28.2, Avg: 28.3, Max: 28.5, Diff: 0.3, Sum: 113.1]
         [Processed Buffers: Min: 15, Avg: 35.5, Max: 66, Diff: 51, Sum: 142]
      [Scan RS (ms): Min: 0.2, Avg: 0.3, Max: 0.4, Diff: 0.1, Sum: 1.2]
      [Code Root Scanning (ms): Min: 0.0, Avg: 0.0, Max: 0.0, Diff: 0.0, Sum: 0.1]
      [Object Copy (ms): Min: 40.3, Avg: 40.4, Max: 40.6, Diff: 0.3, Sum: 161.8]
      [Termination (ms): Min: 0.0, Avg: 0.0, Max: 0.0, Diff: 0.0, Sum: 0.1]
         [Termination Attempts: Min: 13, Avg: 15.8, Max: 18, Diff: 5, Sum: 63]
      [GC Worker Other (ms): Min: 0.0, Avg: 0.1, Max: 0.1, Diff: 0.1, Sum: 0.3]
      [GC Worker Total (ms): Min: 74.8, Avg: 74.9, Max: 74.9, Diff: 0.1, Sum: 299.5]
      [GC Worker End (ms): Min: 3513692.7, Avg: 3513692.8, Max: 3513692.8, Diff: 0.1]
   [Code Root Fixup: 0.0 ms]
   [Code Root Purge: 0.0 ms]
   [Clear CT: 0.3 ms]
   [Other: 3.9 ms]
      [Choose CSet: 0.0 ms]
      [Ref Proc: 2.0 ms]
      [Ref Enq: 0.2 ms]
      [Redirty Cards: 0.4 ms]
      [Humongous Register: 0.1 ms]
      [Humongous Reclaim: 0.1 ms]
      [Free CSet: 0.8 ms]
   [Eden: 939.0M(939.0M)->0.0B(906.0M) Survivors: 28672.0K->47104.0K Heap: 1617.7M(1868.0M)->696.4M(1868.0M)]
Heap after GC invocations=435 (full 0):
 garbage-first heap   total 1912832K, used 713093K [0x000000008b400000, 0x000000008b503a60, 0x0000000100000000)
  region size 1024K, 46 young (47104K), 46 survivors (47104K)
 Metaspace       used 148256K, capacity 155495K, committed 155568K, reserved 1183744K
  class space    used 19747K, capacity 21111K, committed 21168K, reserved 1048576K
}
 [Times: user=0.27 sys=0.00, real=0.08 secs] 
2020-07-20T10:07:57.761+0000: 3513.697: Total time for which application threads were stopped: 0.0843672 seconds, Stopping threads took: 0.0038639 seconds
{Heap before GC invocations=435 (full 0):
 garbage-first heap   total 1912832K, used 1642885K [0x000000008b400000, 0x000000008b503a60, 0x0000000100000000)
  region size 1024K, 952 young (974848K), 46 survivors (47104K)
 Metaspace       used 148256K, capacity 155495K, committed 155568K, reserved 1183744K
  class space    used 19747K, capacity 21111K, committed 21168K, reserved 1048576K
2020-07-20T10:08:01.781+0000: 3517.717: [GC pause (G1 Evacuation Pause) (young)
Desired survivor size 62390272 bytes, new threshold 15 (max 15)
- age   1:   23012856 bytes,   23012856 total
- age   2:   16818312 bytes,   39831168 total
- age   3:    1119064 bytes,   40950232 total
- age   4:     467720 bytes,   41417952 total
- age   5:     831888 bytes,   42249840 total
- age   6:     598504 bytes,   42848344 total
- age   7:     205168 bytes,   43053512 total
- age   8:     334192 bytes,   43387704 total
- age   9:     388200 bytes,   43775904 total
- age  10:     126072 bytes,   43901976 total
- age  11:     365048 bytes,   44267024 total
- age  12:    1057264 bytes,   45324288 total
- age  13:     174696 bytes,   45498984 total
- age  14:      19384 bytes,   45518368 total
- age  15:      78368 bytes,   45596736 total
, 0.0665058 secs]
   [Parallel Time: 62.2 ms, GC Workers: 4]
      [GC Worker Start (ms): Min: 3517717.0, Avg: 3517717.9, Max: 3517720.6, Diff: 3.6]
      [Ext Root Scanning (ms): Min: 2.4, Avg: 4.9, Max: 5.9, Diff: 3.5, Sum: 19.6]
      [Update RS (ms): Min: 28.2, Avg: 28.2, Max: 28.4, Diff: 0.2, Sum: 112.9]
         [Processed Buffers: Min: 24, Avg: 33.5, Max: 54, Diff: 30, Sum: 134]
      [Scan RS (ms): Min: 0.2, Avg: 0.3, Max: 0.4, Diff: 0.1, Sum: 1.2]
      [Code Root Scanning (ms): Min: 0.0, Avg: 0.0, Max: 0.0, Diff: 0.0, Sum: 0.1]
      [Object Copy (ms): Min: 27.5, Avg: 27.7, Max: 27.9, Diff: 0.4, Sum: 110.7]
      [Termination (ms): Min: 0.0, Avg: 0.0, Max: 0.0, Diff: 0.0, Sum: 0.1]
         [Termination Attempts: Min: 1, Avg: 1.0, Max: 1, Diff: 0, Sum: 4]
      [GC Worker Other (ms): Min: 0.0, Avg: 0.1, Max: 0.1, Diff: 0.1, Sum: 0.2]
      [GC Worker Total (ms): Min: 58.6, Avg: 61.2, Max: 62.1, Diff: 3.6, Sum: 244.8]
      [GC Worker End (ms): Min: 3517779.1, Avg: 3517779.1, Max: 3517779.2, Diff: 0.1]
   [Code Root Fixup: 0.1 ms]
   [Code Root Purge: 0.0 ms]
   [Clear CT: 0.3 ms]
   [Other: 3.9 ms]
      [Choose CSet: 0.0 ms]
      [Ref Proc: 2.0 ms]
      [Ref Enq: 0.2 ms]
      [Redirty Cards: 0.4 ms]
      [Humongous Register: 0.1 ms]
      [Humongous Reclaim: 0.1 ms]
      [Free CSet: 0.8 ms]
   [Eden: 906.0M(906.0M)->0.0B(940.0M) Survivors: 47104.0K->28672.0K Heap: 1604.4M(1868.0M)->679.0M(1868.0M)]
Heap after GC invocations=436 (full 0):
 garbage-first heap   total 1912832K, used 695274K [0x000000008b400000, 0x000000008b503a60, 0x0000000100000000)
  region size 1024K, 28 young (28672K), 28 survivors (28672K)
 Metaspace       used 148256K, capacity 155495K, committed 155568K, reserved 1183744K
  class space    used 19747K, capacity 21111K, committed 21168K, reserved 1048576K
}
 [Times: user=0.19 sys=0.01, real=0.06 secs] 
2020-07-20T10:08:01.848+0000: 3517.784: Total time for which application threads were stopped: 0.0676656 seconds, Stopping threads took: 0.0002568 seconds
{Heap before GC invocations=436 (full 0):
 garbage-first heap   total 1912832K, used 1657834K [0x000000008b400000, 0x000000008b503a60, 0x0000000100000000)
  region size 1024K, 968 young (991232K), 28 survivors (28672K)
 Metaspace       used 148256K, capacity 155495K, committed 155568K, reserved 1183744K
  class space    used 19747K, capacity 21111K, committed 21168K, reserved 1048576K
2020-07-20T10:08:06.354+0000: 3522.290: [GC pause (G1 Evacuation Pause) (young)
Desired survivor size 63438848 bytes, new threshold 15 (max 15)
- age   1:   19385528 bytes,   19385528 total
- age   2:     643240 bytes,   20028768 total
- age   3:    2188592 bytes,   22217360 total
- age   4:     894696 bytes,   23112056 total
- age   5:     467368 bytes,   23579424 total
- age   6:     831648 bytes,   24411072 total
- age   7:     598280 bytes,   25009352 total
- age   8:     191944 bytes,   25201296 total
- age   9:     331920 bytes,   25533216 total
- age  10:     388040 bytes,   25921256 total
- age  11:     125880 bytes,   26047136 total
- age  12:     352928 bytes,   26400064 total
- age  13:    1057264 bytes,   27457328 total
- age  14:     169392 bytes,   27626720 total
- age  15:      18136 bytes,   27644856 total
, 0.0721288 secs]
   [Parallel Time: 68.2 ms, GC Workers: 4]
      [GC Worker Start (ms): Min: 3522289.8, Avg: 3522289.9, Max: 3522289.9, Diff: 0.1]
      [Ext Root Scanning (ms): Min: 4.8, Avg: 4.9, Max: 5.1, Diff: 0.2, Sum: 19.7]
      [Update RS (ms): Min: 31.2, Avg: 31.6, Max: 32.1, Diff: 1.0, Sum: 126.2]
         [Processed Buffers: Min: 28, Avg: 37.8, Max: 46, Diff: 18, Sum: 151]
      [Scan RS (ms): Min: 0.2, Avg: 0.3, Max: 0.4, Diff: 0.3, Sum: 1.1]
      [Code Root Scanning (ms): Min: 0.0, Avg: 0.0, Max: 0.0, Diff: 0.0, Sum: 0.1]
      [Object Copy (ms): Min: 30.5, Avg: 31.2, Max: 31.4, Diff: 0.9, Sum: 124.6]
      [Termination (ms): Min: 0.0, Avg: 0.0, Max: 0.1, Diff: 0.1, Sum: 0.1]
         [Termination Attempts: Min: 1, Avg: 1.0, Max: 1, Diff: 0, Sum: 4]
      [GC Worker Other (ms): Min: 0.0, Avg: 0.0, Max: 0.0, Diff: 0.0, Sum: 0.1]
      [GC Worker Total (ms): Min: 68.0, Avg: 68.0, Max: 68.0, Diff: 0.0, Sum: 272.0]
      [GC Worker End (ms): Min: 3522357.9, Avg: 3522357.9, Max: 3522357.9, Diff: 0.0]
   [Code Root Fixup: 0.0 ms]
   [Code Root Purge: 0.0 ms]
   [Clear CT: 0.4 ms]
   [Other: 3.6 ms]
      [Choose CSet: 0.0 ms]
      [Ref Proc: 1.7 ms]
      [Ref Enq: 0.1 ms]
      [Redirty Cards: 0.3 ms]
      [Humongous Register: 0.1 ms]
      [Humongous Reclaim: 0.0 ms]
      [Free CSet: 0.9 ms]
   [Eden: 940.0M(940.0M)->0.0B(925.0M) Survivors: 28672.0K->36864.0K Heap: 1619.0M(1868.0M)->687.0M(1868.0M)]
Heap after GC invocations=437 (full 0):
 garbage-first heap   total 1912832K, used 703493K [0x000000008b400000, 0x000000008b503a60, 0x0000000100000000)
  region size 1024K, 36 young (36864K), 36 survivors (36864K)
 Metaspace       used 148256K, capacity 155495K, committed 155568K, reserved 1183744K
  class space    used 19747K, capacity 21111K, committed 21168K, reserved 1048576K
}
 [Times: user=0.24 sys=0.00, real=0.07 secs] 
2020-07-20T10:08:06.426+0000: 3522.362: Total time for which application threads were stopped: 0.0730417 seconds, Stopping threads took: 0.0001142 seconds
{Heap before GC invocations=437 (full 0):
 garbage-first heap   total 1912832K, used 1650693K [0x000000008b400000, 0x000000008b503a60, 0x0000000100000000)
  region size 1024K, 961 young (984064K), 36 survivors (36864K)
 Metaspace       used 148257K, capacity 155495K, committed 155568K, reserved 1183744K
  class space    used 19747K, capacity 21111K, committed 21168K, reserved 1048576K
2020-07-20T10:08:19.758+0000: 3535.693: [GC pause (G1 Evacuation Pause) (young)
Desired survivor size 63438848 bytes, new threshold 15 (max 15)
- age   1:   14284800 bytes,   14284800 total
- age   2:   14074176 bytes,   28358976 total
- age   3:     629232 bytes,   28988208 total
- age   4:    2188224 bytes,   31176432 total
- age   5:     893240 bytes,   32069672 total
- age   6:     467176 bytes,   32536848 total
- age   7:     831552 bytes,   33368400 total
- age   8:     595080 bytes,   33963480 total
- age   9:     189816 bytes,   34153296 total
- age  10:     330392 bytes,   34483688 total
- age  11:     385288 bytes,   34868976 total
- age  12:     125752 bytes,   34994728 total
- age  13:     337800 bytes,   35332528 total
- age  14:    1057008 bytes,   36389536 total
- age  15:     169328 bytes,   36558864 total
, 0.0753560 secs]
   [Parallel Time: 70.8 ms, GC Workers: 4]
      [GC Worker Start (ms): Min: 3535694.0, Avg: 3535694.0, Max: 3535694.1, Diff: 0.1]
      [Ext Root Scanning (ms): Min: 5.1, Avg: 5.2, Max: 5.4, Diff: 0.3, Sum: 20.8]
      [Update RS (ms): Min: 31.3, Avg: 31.3, Max: 31.4, Diff: 0.1, Sum: 125.3]
         [Processed Buffers: Min: 26, Avg: 42.2, Max: 56, Diff: 30, Sum: 169]
      [Scan RS (ms): Min: 0.2, Avg: 0.3, Max: 0.4, Diff: 0.1, Sum: 1.2]
      [Code Root Scanning (ms): Min: 0.0, Avg: 0.0, Max: 0.1, Diff: 0.0, Sum: 0.1]
      [Object Copy (ms): Min: 33.6, Avg: 33.7, Max: 33.8, Diff: 0.2, Sum: 134.9]
      [Termination (ms): Min: 0.0, Avg: 0.0, Max: 0.0, Diff: 0.0, Sum: 0.0]
         [Termination Attempts: Min: 1, Avg: 4.2, Max: 8, Diff: 7, Sum: 17]
      [GC Worker Other (ms): Min: 0.0, Avg: 0.1, Max: 0.1, Diff: 0.1, Sum: 0.2]
      [GC Worker Total (ms): Min: 70.6, Avg: 70.7, Max: 70.7, Diff: 0.1, Sum: 282.6]
      [GC Worker End (ms): Min: 3535764.7, Avg: 3535764.7, Max: 3535764.7, Diff: 0.1]
   [Code Root Fixup: 0.1 ms]
   [Code Root Purge: 0.0 ms]
   [Clear CT: 0.5 ms]
   [Other: 4.0 ms]
      [Choose CSet: 0.0 ms]
      [Ref Proc: 1.8 ms]
      [Ref Enq: 0.1 ms]
      [Redirty Cards: 0.4 ms]
      [Humongous Register: 0.2 ms]
      [Humongous Reclaim: 0.1 ms]
      [Free CSet: 0.8 ms]
   [Eden: 925.0M(925.0M)->0.0B(927.0M) Survivors: 36864.0K->37888.0K Heap: 1612.0M(1868.0M)->685.7M(1868.0M)]
Heap after GC invocations=438 (full 0):
 garbage-first heap   total 1912832K, used 702130K [0x000000008b400000, 0x000000008b503a60, 0x0000000100000000)
  region size 1024K, 37 young (37888K), 37 survivors (37888K)
 Metaspace       used 148257K, capacity 155495K, committed 155568K, reserved 1183744K
  class space    used 19747K, capacity 21111K, committed 21168K, reserved 1048576K
}
 [Times: user=0.25 sys=0.00, real=0.08 secs] 
2020-07-20T10:08:19.833+0000: 3535.769: Total time for which application threads were stopped: 0.0779399 seconds, Stopping threads took: 0.0016172 seconds
{Heap before GC invocations=438 (full 0):
 garbage-first heap   total 1912832K, used 1655474K [0x000000008b400000, 0x000000008b503a60, 0x0000000100000000)
  region size 1024K, 964 young (987136K), 37 survivors (37888K)
 Metaspace       used 148257K, capacity 155495K, committed 155568K, reserved 1183744K
  class space    used 19747K, capacity 21111K, committed 21168K, reserved 1048576K
2020-07-20T10:08:24.622+0000: 3540.557: [GC pause (G1 Evacuation Pause) (young)
Desired survivor size 63438848 bytes, new threshold 15 (max 15)
- age   1:   10049032 bytes,   10049032 total
- age   2:    8270424 bytes,   18319456 total
- age   3:   13775080 bytes,   32094536 total
- age   4:     174984 bytes,   32269520 total
- age   5:     438416 bytes,   32707936 total
- age   6:     349272 bytes,   33057208 total
- age   7:     462112 bytes,   33519320 total
- age   8:     829240 bytes,   34348560 total
- age   9:     593440 bytes,   34942000 total
- age  10:     189784 bytes,   35131784 total
- age  11:     330360 bytes,   35462144 total
- age  12:      89712 bytes,   35551856 total
- age  13:      20384 bytes,   35572240 total
- age  14:     136912 bytes,   35709152 total
- age  15:    1054440 bytes,   36763592 total
, 0.0527221 secs]
   [Parallel Time: 48.7 ms, GC Workers: 4]
      [GC Worker Start (ms): Min: 3540557.6, Avg: 3540560.2, Max: 3540564.6, Diff: 6.9]
      [Ext Root Scanning (ms): Min: 0.6, Avg: 4.8, Max: 7.3, Diff: 6.7, Sum: 19.3]
      [Update RS (ms): Min: 18.1, Avg: 18.1, Max: 18.2, Diff: 0.1, Sum: 72.4]
         [Processed Buffers: Min: 20, Avg: 31.2, Max: 49, Diff: 29, Sum: 125]
      [Scan RS (ms): Min: 0.2, Avg: 0.3, Max: 0.4, Diff: 0.2, Sum: 1.2]
      [Code Root Scanning (ms): Min: 0.0, Avg: 0.0, Max: 0.0, Diff: 0.0, Sum: 0.1]
      [Object Copy (ms): Min: 22.4, Avg: 22.7, Max: 22.9, Diff: 0.4, Sum: 90.8]
      [Termination (ms): Min: 0.0, Avg: 0.0, Max: 0.0, Diff: 0.0, Sum: 0.0]
         [Termination Attempts: Min: 1, Avg: 2.2, Max: 4, Diff: 3, Sum: 9]
      [GC Worker Other (ms): Min: 0.0, Avg: 0.1, Max: 0.1, Diff: 0.1, Sum: 0.2]
      [GC Worker Total (ms): Min: 41.6, Avg: 46.0, Max: 48.5, Diff: 6.9, Sum: 184.1]
      [GC Worker End (ms): Min: 3540606.1, Avg: 3540606.2, Max: 3540606.2, Diff: 0.1]
   [Code Root Fixup: 0.0 ms]
   [Code Root Purge: 0.0 ms]
   [Clear CT: 0.3 ms]
   [Other: 3.7 ms]
      [Choose CSet: 0.0 ms]
      [Ref Proc: 2.0 ms]
      [Ref Enq: 0.2 ms]
      [Redirty Cards: 0.3 ms]
      [Humongous Register: 0.1 ms]
      [Humongous Reclaim: 0.1 ms]
      [Free CSet: 0.8 ms]
   [Eden: 927.0M(927.0M)->0.0B(944.0M) Survivors: 37888.0K->26624.0K Heap: 1616.7M(1868.0M)->677.7M(1868.0M)]
Heap after GC invocations=439 (full 0):
 garbage-first heap   total 1912832K, used 693988K [0x000000008b400000, 0x000000008b503a60, 0x0000000100000000)
  region size 1024K, 26 young (26624K), 26 survivors (26624K)
 Metaspace       used 148257K, capacity 155495K, committed 155568K, reserved 1183744K
  class space    used 19747K, capacity 21111K, committed 21168K, reserved 1048576K
}
 [Times: user=0.17 sys=0.00, real=0.05 secs] 
2020-07-20T10:08:24.675+0000: 3540.610: Total time for which application threads were stopped: 0.0539848 seconds, Stopping threads took: 0.0004768 seconds
{Heap before GC invocations=439 (full 0):
 garbage-first heap   total 1912832K, used 1662692K [0x000000008b400000, 0x000000008b503a60, 0x0000000100000000)
  region size 1024K, 970 young (993280K), 26 survivors (26624K)
 Metaspace       used 148257K, capacity 155499K, committed 155568K, reserved 1183744K
  class space    used 19747K, capacity 21111K, committed 21168K, reserved 1048576K
2020-07-20T10:08:28.838+0000: 3544.774: [GC pause (G1 Evacuation Pause) (young)
Desired survivor size 63963136 bytes, new threshold 15 (max 15)
- age   1:   18790440 bytes,   18790440 total
- age   2:    2481760 bytes,   21272200 total
- age   3:     235536 bytes,   21507736 total
- age   4:     446632 bytes,   21954368 total
- age   5:     174568 bytes,   22128936 total
- age   6:     434048 bytes,   22562984 total
- age   7:     339800 bytes,   22902784 total
- age   8:     460328 bytes,   23363112 total
- age   9:     828920 bytes,   24192032 total
- age  10:     588208 bytes,   24780240 total
- age  11:     189320 bytes,   24969560 total
- age  12:     311232 bytes,   25280792 total
- age  13:      74472 bytes,   25355264 total
- age  14:      20192 bytes,   25375456 total
- age  15:     132392 bytes,   25507848 total
, 0.0812141 secs]
   [Parallel Time: 76.9 ms, GC Workers: 4]
      [GC Worker Start (ms): Min: 3544774.1, Avg: 3544774.1, Max: 3544774.1, Diff: 0.1]
      [Ext Root Scanning (ms): Min: 5.1, Avg: 5.2, Max: 5.4, Diff: 0.3, Sum: 21.0]
      [Update RS (ms): Min: 28.1, Avg: 28.6, Max: 29.6, Diff: 1.4, Sum: 114.3]
         [Processed Buffers: Min: 14, Avg: 34.2, Max: 45, Diff: 31, Sum: 137]
      [Scan RS (ms): Min: 0.2, Avg: 0.3, Max: 0.4, Diff: 0.2, Sum: 1.0]
      [Code Root Scanning (ms): Min: 0.0, Avg: 0.0, Max: 0.1, Diff: 0.1, Sum: 0.1]
      [Object Copy (ms): Min: 41.9, Avg: 42.7, Max: 43.0, Diff: 1.1, Sum: 170.6]
      [Termination (ms): Min: 0.0, Avg: 0.1, Max: 0.1, Diff: 0.1, Sum: 0.2]
         [Termination Attempts: Min: 4, Avg: 8.5, Max: 12, Diff: 8, Sum: 34]
      [GC Worker Other (ms): Min: 0.0, Avg: 0.0, Max: 0.0, Diff: 0.0, Sum: 0.1]
      [GC Worker Total (ms): Min: 76.8, Avg: 76.8, Max: 76.9, Diff: 0.1, Sum: 307.3]
      [GC Worker End (ms): Min: 3544850.9, Avg: 3544850.9, Max: 3544850.9, Diff: 0.0]
   [Code Root Fixup: 0.0 ms]
   [Code Root Purge: 0.0 ms]
   [Clear CT: 0.3 ms]
   [Other: 3.9 ms]
      [Choose CSet: 0.0 ms]
      [Ref Proc: 2.1 ms]
      [Ref Enq: 0.1 ms]
      [Redirty Cards: 0.3 ms]
      [Humongous Register: 0.1 ms]
      [Humongous Reclaim: 0.0 ms]
      [Free CSet: 0.8 ms]
   [Eden: 944.0M(944.0M)->0.0B(900.0M) Survivors: 26624.0K->47104.0K Heap: 1623.7M(1868.0M)->700.5M(1868.0M)]
Heap after GC invocations=440 (full 0):
 garbage-first heap   total 1912832K, used 717310K [0x000000008b400000, 0x000000008b503a60, 0x0000000100000000)
  region size 1024K, 46 young (47104K), 46 survivors (47104K)
 Metaspace       used 148257K, capacity 155499K, committed 155568K, reserved 1183744K
  class space    used 19747K, capacity 21111K, committed 21168K, reserved 1048576K
}
 [Times: user=0.24 sys=0.02, real=0.08 secs] 
2020-07-20T10:08:28.919+0000: 3544.855: Total time for which application threads were stopped: 0.0822837 seconds, Stopping threads took: 0.0002704 seconds
{Heap before GC invocations=440 (full 0):
 garbage-first heap   total 1912832K, used 1638910K [0x000000008b400000, 0x000000008b503a60, 0x0000000100000000)
  region size 1024K, 946 young (968704K), 46 survivors (47104K)
 Metaspace       used 148258K, capacity 155499K, committed 155568K, reserved 1183744K
  class space    used 19747K, capacity 21111K, committed 21168K, reserved 1048576K
2020-07-20T10:08:32.734+0000: 3548.670: [GC pause (G1 Evacuation Pause) (young)
Desired survivor size 62390272 bytes, new threshold 15 (max 15)
- age   1:   26583352 bytes,   26583352 total
- age   2:   14348160 bytes,   40931512 total
- age   3:    1858760 bytes,   42790272 total
- age   4:     222744 bytes,   43013016 total
- age   5:     444952 bytes,   43457968 total
- age   6:     174504 bytes,   43632472 total
- age   7:     433984 bytes,   44066456 total
- age   8:     338848 bytes,   44405304 total
- age   9:     460168 bytes,   44865472 total
- age  10:     828696 bytes,   45694168 total
- age  11:     587984 bytes,   46282152 total
- age  12:     183616 bytes,   46465768 total
- age  13:      21024 bytes,   46486792 total
- age  14:      74216 bytes,   46561008 total
- age  15:      20032 bytes,   46581040 total
, 0.0585124 secs]
   [Parallel Time: 54.4 ms, GC Workers: 4]
      [GC Worker Start (ms): Min: 3548670.6, Avg: 3548670.6, Max: 3548670.6, Diff: 0.1]
      [Ext Root Scanning (ms): Min: 5.1, Avg: 5.2, Max: 5.3, Diff: 0.2, Sum: 20.8]
      [Update RS (ms): Min: 19.3, Avg: 19.5, Max: 20.0, Diff: 0.7, Sum: 78.1]
         [Processed Buffers: Min: 13, Avg: 29.2, Max: 48, Diff: 35, Sum: 117]
      [Scan RS (ms): Min: 0.1, Avg: 0.3, Max: 0.4, Diff: 0.3, Sum: 1.0]
      [Code Root Scanning (ms): Min: 0.0, Avg: 0.0, Max: 0.0, Diff: 0.0, Sum: 0.1]
      [Object Copy (ms): Min: 29.0, Avg: 29.2, Max: 29.4, Diff: 0.4, Sum: 116.7]
      [Termination (ms): Min: 0.0, Avg: 0.0, Max: 0.1, Diff: 0.1, Sum: 0.1]
         [Termination Attempts: Min: 1, Avg: 5.2, Max: 11, Diff: 10, Sum: 21]
      [GC Worker Other (ms): Min: 0.0, Avg: 0.1, Max: 0.1, Diff: 0.1, Sum: 0.2]
      [GC Worker Total (ms): Min: 54.2, Avg: 54.3, Max: 54.3, Diff: 0.1, Sum: 217.0]
      [GC Worker End (ms): Min: 3548724.8, Avg: 3548724.8, Max: 3548724.9, Diff: 0.1]
   [Code Root Fixup: 0.0 ms]
   [Code Root Purge: 0.0 ms]
   [Clear CT: 0.3 ms]
   [Other: 3.8 ms]
      [Choose CSet: 0.0 ms]
      [Ref Proc: 1.8 ms]
      [Ref Enq: 0.1 ms]
      [Redirty Cards: 0.3 ms]
      [Humongous Register: 0.2 ms]
      [Humongous Reclaim: 0.1 ms]
      [Free CSet: 0.8 ms]
   [Eden: 900.0M(900.0M)->0.0B(925.0M) Survivors: 47104.0K->35840.0K Heap: 1600.5M(1868.0M)->687.7M(1868.0M)]
Heap after GC invocations=441 (full 0):
 garbage-first heap   total 1912832K, used 704223K [0x000000008b400000, 0x000000008b503a60, 0x0000000100000000)
  region size 1024K, 35 young (35840K), 35 survivors (35840K)
 Metaspace       used 148258K, capacity 155499K, committed 155568K, reserved 1183744K
  class space    used 19747K, capacity 21111K, committed 21168K, reserved 1048576K
}
 [Times: user=0.19 sys=0.01, real=0.06 secs] 
2020-07-20T10:08:32.793+0000: 3548.729: Total time for which application threads were stopped: 0.0638022 seconds, Stopping threads took: 0.0038118 seconds
{Heap before GC invocations=441 (full 0):
 garbage-first heap   total 1912832K, used 1653471K [0x000000008b400000, 0x000000008b503a60, 0x0000000100000000)
  region size 1024K, 960 young (983040K), 35 survivors (35840K)
 Metaspace       used 148258K, capacity 155499K, committed 155568K, reserved 1183744K
  class space    used 19747K, capacity 21111K, committed 21168K, reserved 1048576K
2020-07-20T10:08:36.569+0000: 3552.505: [GC pause (G1 Evacuation Pause) (young)
Desired survivor size 62914560 bytes, new threshold 15 (max 15)
- age   1:   25756592 bytes,   25756592 total
- age   2:    2526072 bytes,   28282664 total
- age   3:     478984 bytes,   28761648 total
- age   4:    1852472 bytes,   30614120 total
- age   5:     220520 bytes,   30834640 total
- age   6:     431504 bytes,   31266144 total
- age   7:     174376 bytes,   31440520 total
- age   8:     433824 bytes,   31874344 total
- age   9:     335720 bytes,   32210064 total
- age  10:     456800 bytes,   32666864 total
- age  11:     828424 bytes,   33495288 total
- age  12:     577560 bytes,   34072848 total
- age  13:     173856 bytes,   34246704 total
- age  14:      20704 bytes,   34267408 total
- age  15:      74120 bytes,   34341528 total
, 0.0873922 secs]
   [Parallel Time: 83.4 ms, GC Workers: 4]
      [GC Worker Start (ms): Min: 3552505.5, Avg: 3552508.1, Max: 3552512.6, Diff: 7.1]
      [Ext Root Scanning (ms): Min: 0.5, Avg: 4.8, Max: 7.3, Diff: 6.9, Sum: 19.3]
      [Update RS (ms): Min: 20.0, Avg: 20.6, Max: 21.7, Diff: 1.8, Sum: 82.3]
         [Processed Buffers: Min: 15, Avg: 29.8, Max: 42, Diff: 27, Sum: 119]
      [Scan RS (ms): Min: 0.1, Avg: 0.3, Max: 0.4, Diff: 0.3, Sum: 1.0]
      [Code Root Scanning (ms): Min: 0.0, Avg: 0.0, Max: 0.0, Diff: 0.0, Sum: 0.1]
      [Object Copy (ms): Min: 53.6, Avg: 55.0, Max: 55.5, Diff: 1.9, Sum: 219.8]
      [Termination (ms): Min: 0.0, Avg: 0.0, Max: 0.0, Diff: 0.0, Sum: 0.1]
         [Termination Attempts: Min: 4, Avg: 15.2, Max: 21, Diff: 17, Sum: 61]
      [GC Worker Other (ms): Min: 0.0, Avg: 0.1, Max: 0.1, Diff: 0.1, Sum: 0.3]
      [GC Worker Total (ms): Min: 76.2, Avg: 80.7, Max: 83.2, Diff: 7.0, Sum: 322.9]
      [GC Worker End (ms): Min: 3552588.7, Avg: 3552588.8, Max: 3552588.8, Diff: 0.1]
   [Code Root Fixup: 0.0 ms]
   [Code Root Purge: 0.0 ms]
   [Clear CT: 0.4 ms]
   [Other: 3.6 ms]
      [Choose CSet: 0.0 ms]
      [Ref Proc: 1.9 ms]
      [Ref Enq: 0.1 ms]
      [Redirty Cards: 0.3 ms]
      [Humongous Register: 0.1 ms]
      [Humongous Reclaim: 0.0 ms]
      [Free CSet: 0.8 ms]
   [Eden: 925.0M(925.0M)->0.0B(879.0M) Survivors: 35840.0K->57344.0K Heap: 1614.7M(1868.0M)->710.8M(1868.0M)]
Heap after GC invocations=442 (full 0):
 garbage-first heap   total 1912832K, used 727883K [0x000000008b400000, 0x000000008b503a60, 0x0000000100000000)
  region size 1024K, 56 young (57344K), 56 survivors (57344K)
 Metaspace       used 148258K, capacity 155499K, committed 155568K, reserved 1183744K
  class space    used 19747K, capacity 21111K, committed 21168K, reserved 1048576K
}
 [Times: user=0.28 sys=0.01, real=0.09 secs] 
2020-07-20T10:08:36.657+0000: 3552.593: Total time for which application threads were stopped: 0.0903869 seconds, Stopping threads took: 0.0020879 seconds
{Heap before GC invocations=442 (full 0):
 garbage-first heap   total 1912832K, used 1627979K [0x000000008b400000, 0x000000008b503a60, 0x0000000100000000)
  region size 1024K, 935 young (957440K), 56 survivors (57344K)
 Metaspace       used 148259K, capacity 155499K, committed 155568K, reserved 1183744K
  class space    used 19747K, capacity 21111K, committed 21168K, reserved 1048576K
2020-07-20T10:08:40.365+0000: 3556.301: [GC pause (G1 Evacuation Pause) (young)
Desired survivor size 61341696 bytes, new threshold 15 (max 15)
- age   1:   28555240 bytes,   28555240 total
- age   2:   20119536 bytes,   48674776 total
- age   3:    2352152 bytes,   51026928 total
- age   4:     469016 bytes,   51495944 total
- age   5:    1852376 bytes,   53348320 total
- age   6:     217376 bytes,   53565696 total
- age   7:     431376 bytes,   53997072 total
- age   8:     174344 bytes,   54171416 total
- age   9:     433632 bytes,   54605048 total
- age  10:     335600 bytes,   54940648 total
- age  11:     456424 bytes,   55397072 total
- age  12:     828024 bytes,   56225096 total
- age  13:     396824 bytes,   56621920 total
- age  14:      73144 bytes,   56695064 total
- age  15:      20544 bytes,   56715608 total
, 0.0747213 secs]
   [Parallel Time: 69.8 ms, GC Workers: 4]
      [GC Worker Start (ms): Min: 3556301.6, Avg: 3556302.5, Max: 3556305.4, Diff: 3.8]
      [Ext Root Scanning (ms): Min: 2.3, Avg: 6.2, Max: 10.7, Diff: 8.4, Sum: 24.8]
      [Update RS (ms): Min: 19.5, Avg: 23.0, Max: 24.5, Diff: 5.0, Sum: 92.2]
         [Processed Buffers: Min: 26, Avg: 31.0, Max: 40, Diff: 14, Sum: 124]
      [Scan RS (ms): Min: 0.3, Avg: 0.3, Max: 0.4, Diff: 0.1, Sum: 1.4]
      [Code Root Scanning (ms): Min: 0.0, Avg: 0.0, Max: 0.0, Diff: 0.0, Sum: 0.1]
      [Object Copy (ms): Min: 38.4, Avg: 38.8, Max: 39.1, Diff: 0.7, Sum: 155.2]
      [Termination (ms): Min: 0.0, Avg: 0.0, Max: 0.0, Diff: 0.0, Sum: 0.0]
         [Termination Attempts: Min: 1, Avg: 1.2, Max: 2, Diff: 1, Sum: 5]
      [GC Worker Other (ms): Min: 0.0, Avg: 0.1, Max: 0.1, Diff: 0.1, Sum: 0.3]
      [GC Worker Total (ms): Min: 65.7, Avg: 68.5, Max: 69.4, Diff: 3.7, Sum: 273.9]
      [GC Worker End (ms): Min: 3556371.0, Avg: 3556371.0, Max: 3556371.1, Diff: 0.1]
   [Code Root Fixup: 0.0 ms]
   [Code Root Purge: 0.0 ms]
   [Clear CT: 0.3 ms]
   [Other: 4.5 ms]
      [Choose CSet: 0.0 ms]
      [Ref Proc: 2.8 ms]
      [Ref Enq: 0.2 ms]
      [Redirty Cards: 0.3 ms]
      [Humongous Register: 0.1 ms]
      [Humongous Reclaim: 0.1 ms]
      [Free CSet: 0.8 ms]
   [Eden: 879.0M(879.0M)->0.0B(919.0M) Survivors: 57344.0K->38912.0K Heap: 1589.8M(1868.0M)->690.9M(1868.0M)]
Heap after GC invocations=443 (full 0):
 garbage-first heap   total 1912832K, used 707439K [0x000000008b400000, 0x000000008b503a60, 0x0000000100000000)
  region size 1024K, 38 young (38912K), 38 survivors (38912K)
 Metaspace       used 148259K, capacity 155499K, committed 155568K, reserved 1183744K
  class space    used 19747K, capacity 21111K, committed 21168K, reserved 1048576K
}
 [Times: user=0.20 sys=0.00, real=0.07 secs] 
2020-07-20T10:08:40.440+0000: 3556.376: Total time for which application threads were stopped: 0.0780977 seconds, Stopping threads took: 0.0025341 seconds
{Heap before GC invocations=443 (full 0):
 garbage-first heap   total 1912832K, used 1650543K [0x000000008b400000, 0x000000008b503a60, 0x0000000100000000)
  region size 1024K, 957 young (979968K), 38 survivors (38912K)
 Metaspace       used 148260K, capacity 155503K, committed 155568K, reserved 1183744K
  class space    used 19747K, capacity 21111K, committed 21168K, reserved 1048576K
2020-07-20T10:08:44.449+0000: 3560.385: [GC pause (G1 Evacuation Pause) (young)
Desired survivor size 62914560 bytes, new threshold 15 (max 15)
- age   1:   22687440 bytes,   22687440 total
- age   2:    7005624 bytes,   29693064 total
- age   3:     737760 bytes,   30430824 total
- age   4:    1247168 bytes,   31677992 total
- age   5:     468616 bytes,   32146608 total
- age   6:    1851720 bytes,   33998328 total
- age   7:     215752 bytes,   34214080 total
- age   8:     431280 bytes,   34645360 total
- age   9:     174184 bytes,   34819544 total
- age  10:     433568 bytes,   35253112 total
- age  11:     333712 bytes,   35586824 total
- age  12:     456392 bytes,   36043216 total
- age  13:     823192 bytes,   36866408 total
- age  14:     395368 bytes,   37261776 total
- age  15:      72944 bytes,   37334720 total
, 0.0448818 secs]
   [Parallel Time: 41.0 ms, GC Workers: 4]
      [GC Worker Start (ms): Min: 3560385.5, Avg: 3560385.5, Max: 3560385.5, Diff: 0.1]
      [Ext Root Scanning (ms): Min: 4.9, Avg: 5.0, Max: 5.2, Diff: 0.3, Sum: 20.2]
      [Update RS (ms): Min: 13.6, Avg: 13.9, Max: 14.5, Diff: 0.9, Sum: 55.4]
         [Processed Buffers: Min: 20, Avg: 27.5, Max: 39, Diff: 19, Sum: 110]
      [Scan RS (ms): Min: 0.1, Avg: 0.3, Max: 0.3, Diff: 0.3, Sum: 1.1]
      [Code Root Scanning (ms): Min: 0.0, Avg: 0.0, Max: 0.1, Diff: 0.1, Sum: 0.1]
      [Object Copy (ms): Min: 21.0, Avg: 21.6, Max: 21.8, Diff: 0.8, Sum: 86.3]
      [Termination (ms): Min: 0.0, Avg: 0.0, Max: 0.0, Diff: 0.0, Sum: 0.0]
         [Termination Attempts: Min: 1, Avg: 1.2, Max: 2, Diff: 1, Sum: 5]
      [GC Worker Other (ms): Min: 0.0, Avg: 0.0, Max: 0.1, Diff: 0.0, Sum: 0.1]
      [GC Worker Total (ms): Min: 40.8, Avg: 40.8, Max: 40.9, Diff: 0.0, Sum: 163.3]
      [GC Worker End (ms): Min: 3560426.3, Avg: 3560426.3, Max: 3560426.3, Diff: 0.0]
   [Code Root Fixup: 0.0 ms]
   [Code Root Purge: 0.0 ms]
   [Clear CT: 0.4 ms]
   [Other: 3.5 ms]
      [Choose CSet: 0.0 ms]
      [Ref Proc: 1.9 ms]
      [Ref Enq: 0.1 ms]
      [Redirty Cards: 0.3 ms]
      [Humongous Register: 0.1 ms]
      [Humongous Reclaim: 0.1 ms]
      [Free CSet: 0.8 ms]
   [Eden: 919.0M(919.0M)->0.0B(946.0M) Survivors: 38912.0K->24576.0K Heap: 1611.9M(1868.0M)->675.4M(1868.0M)]
Heap after GC invocations=444 (full 0):
 garbage-first heap   total 1912832K, used 691645K [0x000000008b400000, 0x000000008b503a60, 0x0000000100000000)
  region size 1024K, 24 young (24576K), 24 survivors (24576K)
 Metaspace       used 148260K, capacity 155503K, committed 155568K, reserved 1183744K
  class space    used 19747K, capacity 21111K, committed 21168K, reserved 1048576K
}
 [Times: user=0.15 sys=0.00, real=0.05 secs] 
2020-07-20T10:08:44.495+0000: 3560.430: Total time for which application threads were stopped: 0.0484237 seconds, Stopping threads took: 0.0027090 seconds
{Heap before GC invocations=444 (full 0):
 garbage-first heap   total 1912832K, used 1662397K [0x000000008b400000, 0x000000008b503a60, 0x0000000100000000)
  region size 1024K, 970 young (993280K), 24 survivors (24576K)
 Metaspace       used 148260K, capacity 155503K, committed 155568K, reserved 1183744K
  class space    used 19747K, capacity 21111K, committed 21168K, reserved 1048576K
2020-07-20T10:08:48.818+0000: 3564.754: [GC pause (G1 Evacuation Pause) (young)
Desired survivor size 63963136 bytes, new threshold 15 (max 15)
- age   1:   15957168 bytes,   15957168 total
- age   2:     876664 bytes,   16833832 total
- age   3:     265976 bytes,   17099808 total
- age   4:     405336 bytes,   17505144 total
- age   5:     361816 bytes,   17866960 total
- age   6:     421000 bytes,   18287960 total
- age   7:    1825496 bytes,   20113456 total
- age   8:     215752 bytes,   20329208 total
- age   9:     430336 bytes,   20759544 total
- age  10:     174088 bytes,   20933632 total
- age  11:     432656 bytes,   21366288 total
- age  12:     326936 bytes,   21693224 total
- age  13:     286184 bytes,   21979408 total
- age  14:     706208 bytes,   22685616 total
- age  15:     395048 bytes,   23080664 total
, 0.0762414 secs]
   [Parallel Time: 72.3 ms, GC Workers: 4]
      [GC Worker Start (ms): Min: 3564754.0, Avg: 3564754.3, Max: 3564754.4, Diff: 0.4]
      [Ext Root Scanning (ms): Min: 5.7, Avg: 5.9, Max: 6.4, Diff: 0.7, Sum: 23.8]
      [Update RS (ms): Min: 15.9, Avg: 15.9, Max: 16.0, Diff: 0.1, Sum: 63.7]
         [Processed Buffers: Min: 13, Avg: 26.2, Max: 48, Diff: 35, Sum: 105]
      [Scan RS (ms): Min: 0.3, Avg: 0.4, Max: 0.5, Diff: 0.1, Sum: 1.6]
      [Code Root Scanning (ms): Min: 0.0, Avg: 0.0, Max: 0.0, Diff: 0.0, Sum: 0.1]
      [Object Copy (ms): Min: 49.4, Avg: 49.5, Max: 49.7, Diff: 0.4, Sum: 198.1]
      [Termination (ms): Min: 0.0, Avg: 0.0, Max: 0.1, Diff: 0.0, Sum: 0.2]
         [Termination Attempts: Min: 8, Avg: 14.8, Max: 25, Diff: 17, Sum: 59]
      [GC Worker Other (ms): Min: 0.0, Avg: 0.0, Max: 0.0, Diff: 0.0, Sum: 0.1]
      [GC Worker Total (ms): Min: 71.8, Avg: 71.9, Max: 72.2, Diff: 0.4, Sum: 287.5]
      [GC Worker End (ms): Min: 3564826.1, Avg: 3564826.1, Max: 3564826.2, Diff: 0.0]
   [Code Root Fixup: 0.0 ms]
   [Code Root Purge: 0.0 ms]
   [Clear CT: 0.3 ms]
   [Other: 3.6 ms]
      [Choose CSet: 0.0 ms]
      [Ref Proc: 1.8 ms]
      [Ref Enq: 0.1 ms]
      [Redirty Cards: 0.3 ms]
      [Humongous Register: 0.1 ms]
      [Humongous Reclaim: 0.0 ms]
      [Free CSet: 0.8 ms]
   [Eden: 946.0M(946.0M)->0.0B(893.0M) Survivors: 24576.0K->52224.0K Heap: 1623.4M(1868.0M)->704.8M(1868.0M)]
Heap after GC invocations=445 (full 0):
 garbage-first heap   total 1912832K, used 721745K [0x000000008b400000, 0x000000008b503a60, 0x0000000100000000)
  region size 1024K, 51 young (52224K), 51 survivors (52224K)
 Metaspace       used 148260K, capacity 155503K, committed 155568K, reserved 1183744K
  class space    used 19747K, capacity 21111K, committed 21168K, reserved 1048576K
}
 [Times: user=0.25 sys=0.00, real=0.08 secs] 
2020-07-20T10:08:48.894+0000: 3564.830: Total time for which application threads were stopped: 0.0857907 seconds, Stopping threads took: 0.0082827 seconds
{Heap before GC invocations=445 (full 0):
 garbage-first heap   total 1912832K, used 1638225K [0x000000008b400000, 0x000000008b503a60, 0x0000000100000000)
  region size 1024K, 944 young (966656K), 51 survivors (52224K)
 Metaspace       used 148260K, capacity 155503K, committed 155568K, reserved 1183744K
  class space    used 19747K, capacity 21111K, committed 21168K, reserved 1048576K
2020-07-20T10:08:53.215+0000: 3569.151: [GC pause (G1 Evacuation Pause) (young)
Desired survivor size 61865984 bytes, new threshold 15 (max 15)
- age   1:   34109160 bytes,   34109160 total
- age   2:   11476272 bytes,   45585432 total
- age   3:     862152 bytes,   46447584 total
- age   4:     265616 bytes,   46713200 total
- age   5:     404928 bytes,   47118128 total
- age   6:     361464 bytes,   47479592 total
- age   7:     420664 bytes,   47900256 total
- age   8:    1781280 bytes,   49681536 total
- age   9:     215656 bytes,   49897192 total
- age  10:     430240 bytes,   50327432 total
- age  11:     173992 bytes,   50501424 total
- age  12:     432656 bytes,   50934080 total
- age  13:     321520 bytes,   51255600 total
- age  14:     286120 bytes,   51541720 total
- age  15:     705976 bytes,   52247696 total
, 0.0639173 secs]
   [Parallel Time: 59.8 ms, GC Workers: 4]
      [GC Worker Start (ms): Min: 3569151.4, Avg: 3569151.4, Max: 3569151.4, Diff: 0.1]
      [Ext Root Scanning (ms): Min: 5.6, Avg: 5.8, Max: 6.2, Diff: 0.6, Sum: 23.2]
      [Update RS (ms): Min: 20.4, Avg: 20.7, Max: 21.4, Diff: 0.9, Sum: 82.8]
         [Processed Buffers: Min: 11, Avg: 31.2, Max: 47, Diff: 36, Sum: 125]
      [Scan RS (ms): Min: 0.2, Avg: 0.3, Max: 0.3, Diff: 0.1, Sum: 1.1]
      [Code Root Scanning (ms): Min: 0.0, Avg: 0.0, Max: 0.0, Diff: 0.0, Sum: 0.1]
      [Object Copy (ms): Min: 32.2, Avg: 32.8, Max: 33.1, Diff: 0.9, Sum: 131.0]
      [Termination (ms): Min: 0.0, Avg: 0.1, Max: 0.1, Diff: 0.1, Sum: 0.2]
         [Termination Attempts: Min: 1, Avg: 2.0, Max: 3, Diff: 2, Sum: 8]
      [GC Worker Other (ms): Min: 0.0, Avg: 0.0, Max: 0.1, Diff: 0.0, Sum: 0.2]
      [GC Worker Total (ms): Min: 59.6, Avg: 59.6, Max: 59.7, Diff: 0.0, Sum: 238.6]
      [GC Worker End (ms): Min: 3569211.1, Avg: 3569211.1, Max: 3569211.1, Diff: 0.0]
   [Code Root Fixup: 0.0 ms]
   [Code Root Purge: 0.0 ms]
   [Clear CT: 0.3 ms]
   [Other: 3.8 ms]
      [Choose CSet: 0.0 ms]
      [Ref Proc: 2.0 ms]
      [Ref Enq: 0.1 ms]
      [Redirty Cards: 0.3 ms]
      [Humongous Register: 0.1 ms]
      [Humongous Reclaim: 0.1 ms]
      [Free CSet: 0.8 ms]
   [Eden: 893.0M(893.0M)->0.0B(922.0M) Survivors: 52224.0K->36864.0K Heap: 1599.8M(1868.0M)->690.7M(1868.0M)]
Heap after GC invocations=446 (full 0):
 garbage-first heap   total 1912832K, used 707261K [0x000000008b400000, 0x000000008b503a60, 0x0000000100000000)
  region size 1024K, 36 young (36864K), 36 survivors (36864K)
 Metaspace       used 148260K, capacity 155503K, committed 155568K, reserved 1183744K
  class space    used 19747K, capacity 21111K, committed 21168K, reserved 1048576K
}
 [Times: user=0.20 sys=0.01, real=0.06 secs] 
2020-07-20T10:08:53.279+0000: 3569.215: Total time for which application threads were stopped: 0.0713216 seconds, Stopping threads took: 0.0061611 seconds
{Heap before GC invocations=446 (full 0):
 garbage-first heap   total 1912832K, used 1653437K [0x000000008b400000, 0x000000008b503a60, 0x0000000100000000)
  region size 1024K, 958 young (980992K), 36 survivors (36864K)
 Metaspace       used 148260K, capacity 155503K, committed 155568K, reserved 1183744K
  class space    used 19747K, capacity 21111K, committed 21168K, reserved 1048576K
2020-07-20T10:08:56.434+0000: 3572.370: [GC pause (G1 Evacuation Pause) (young)
Desired survivor size 62914560 bytes, new threshold 15 (max 15)
- age   1:   27668992 bytes,   27668992 total
- age   2:    4769216 bytes,   32438208 total
- age   3:     527352 bytes,   32965560 total
- age   4:     308784 bytes,   33274344 total
- age   5:     181816 bytes,   33456160 total
- age   6:     374312 bytes,   33830472 total
- age   7:     309304 bytes,   34139776 total
- age   8:     410528 bytes,   34550304 total
- age   9:     273808 bytes,   34824112 total
- age  10:     215560 bytes,   35039672 total
- age  11:     429288 bytes,   35468960 total
- age  12:     173896 bytes,   35642856 total
- age  13:     131104 bytes,   35773960 total
- age  14:     318480 bytes,   36092440 total
- age  15:     280272 bytes,   36372712 total
, 0.0865261 secs]
   [Parallel Time: 82.5 ms, GC Workers: 4]
      [GC Worker Start (ms): Min: 3572370.1, Avg: 3572370.1, Max: 3572370.1, Diff: 0.1]
      [Ext Root Scanning (ms): Min: 5.0, Avg: 5.1, Max: 5.2, Diff: 0.3, Sum: 20.4]
      [Update RS (ms): Min: 26.5, Avg: 26.6, Max: 26.7, Diff: 0.3, Sum: 106.3]
         [Processed Buffers: Min: 17, Avg: 34.5, Max: 52, Diff: 35, Sum: 138]
      [Scan RS (ms): Min: 0.1, Avg: 0.3, Max: 0.4, Diff: 0.3, Sum: 1.2]
      [Code Root Scanning (ms): Min: 0.0, Avg: 0.0, Max: 0.0, Diff: 0.0, Sum: 0.1]
      [Object Copy (ms): Min: 50.1, Avg: 50.1, Max: 50.3, Diff: 0.2, Sum: 200.6]
      [Termination (ms): Min: 0.0, Avg: 0.1, Max: 0.1, Diff: 0.1, Sum: 0.3]
         [Termination Attempts: Min: 10, Avg: 13.0, Max: 15, Diff: 5, Sum: 52]
      [GC Worker Other (ms): Min: 0.0, Avg: 0.0, Max: 0.0, Diff: 0.0, Sum: 0.1]
      [GC Worker Total (ms): Min: 82.2, Avg: 82.2, Max: 82.3, Diff: 0.1, Sum: 328.9]
      [GC Worker End (ms): Min: 3572452.3, Avg: 3572452.3, Max: 3572452.3, Diff: 0.0]
   [Code Root Fixup: 0.0 ms]
   [Code Root Purge: 0.0 ms]
   [Clear CT: 0.4 ms]
   [Other: 3.6 ms]
      [Choose CSet: 0.0 ms]
      [Ref Proc: 1.9 ms]
      [Ref Enq: 0.1 ms]
      [Redirty Cards: 0.3 ms]
      [Humongous Register: 0.1 ms]
      [Humongous Reclaim: 0.0 ms]
      [Free CSet: 0.8 ms]
   [Eden: 922.0M(922.0M)->0.0B(879.0M) Survivors: 36864.0K->56320.0K Heap: 1614.7M(1868.0M)->711.8M(1868.0M)]
Heap after GC invocations=447 (full 0):
 garbage-first heap   total 1912832K, used 728865K [0x000000008b400000, 0x000000008b503a60, 0x0000000100000000)
  region size 1024K, 55 young (56320K), 55 survivors (56320K)
 Metaspace       used 148260K, capacity 155503K, committed 155568K, reserved 1183744K
  class space    used 19747K, capacity 21111K, committed 21168K, reserved 1048576K
}
 [Times: user=0.27 sys=0.02, real=0.08 secs] 
2020-07-20T10:08:56.521+0000: 3572.457: Total time for which application threads were stopped: 0.0881127 seconds, Stopping threads took: 0.0007074 seconds
{Heap before GC invocations=447 (full 0):
 garbage-first heap   total 1912832K, used 1628961K [0x000000008b400000, 0x000000008b503a60, 0x0000000100000000)
  region size 1024K, 934 young (956416K), 55 survivors (56320K)
 Metaspace       used 148260K, capacity 155503K, committed 155568K, reserved 1183744K
  class space    used 19747K, capacity 21111K, committed 21168K, reserved 1048576K
2020-07-20T10:09:00.113+0000: 3576.049: [GC pause (G1 Evacuation Pause) (young)
Desired survivor size 61341696 bytes, new threshold 15 (max 15)
- age   1:   25143880 bytes,   25143880 total
- age   2:   22213584 bytes,   47357464 total
- age   3:    4766152 bytes,   52123616 total
- age   4:     372264 bytes,   52495880 total
- age   5:     296736 bytes,   52792616 total
- age   6:     172272 bytes,   52964888 total
- age   7:     369072 bytes,   53333960 total
- age   8:     301088 bytes,   53635048 total
- age   9:     408640 bytes,   54043688 total
- age  10:     267568 bytes,   54311256 total
- age  11:     215528 bytes,   54526784 total
- age  12:     426352 bytes,   54953136 total
- age  13:     170400 bytes,   55123536 total
- age  14:     130872 bytes,   55254408 total
- age  15:     318384 bytes,   55572792 total
, 0.0595156 secs]
   [Parallel Time: 55.6 ms, GC Workers: 4]
      [GC Worker Start (ms): Min: 3576049.5, Avg: 3576049.5, Max: 3576049.5, Diff: 0.1]
      [Ext Root Scanning (ms): Min: 4.9, Avg: 5.0, Max: 5.1, Diff: 0.2, Sum: 20.0]
      [Update RS (ms): Min: 19.3, Avg: 19.5, Max: 19.9, Diff: 0.7, Sum: 77.8]
         [Processed Buffers: Min: 23, Avg: 30.0, Max: 37, Diff: 14, Sum: 120]
      [Scan RS (ms): Min: 0.1, Avg: 0.2, Max: 0.3, Diff: 0.2, Sum: 0.9]
      [Code Root Scanning (ms): Min: 0.0, Avg: 0.0, Max: 0.1, Diff: 0.1, Sum: 0.1]
      [Object Copy (ms): Min: 30.3, Avg: 30.6, Max: 30.8, Diff: 0.5, Sum: 122.5]
      [Termination (ms): Min: 0.0, Avg: 0.0, Max: 0.1, Diff: 0.1, Sum: 0.1]
         [Termination Attempts: Min: 1, Avg: 1.2, Max: 2, Diff: 1, Sum: 5]
      [GC Worker Other (ms): Min: 0.0, Avg: 0.0, Max: 0.0, Diff: 0.0, Sum: 0.1]
      [GC Worker Total (ms): Min: 55.4, Avg: 55.4, Max: 55.4, Diff: 0.1, Sum: 221.6]
      [GC Worker End (ms): Min: 3576104.9, Avg: 3576104.9, Max: 3576104.9, Diff: 0.0]
   [Code Root Fixup: 0.0 ms]
   [Code Root Purge: 0.0 ms]
   [Clear CT: 0.3 ms]
   [Other: 3.6 ms]
      [Choose CSet: 0.0 ms]
      [Ref Proc: 1.9 ms]
      [Ref Enq: 0.2 ms]
      [Redirty Cards: 0.3 ms]
      [Humongous Register: 0.1 ms]
      [Humongous Reclaim: 0.1 ms]
      [Free CSet: 0.8 ms]
   [Eden: 879.0M(879.0M)->0.0B(921.0M) Survivors: 56320.0K->36864.0K Heap: 1590.8M(1868.0M)->691.7M(1868.0M)]
Heap after GC invocations=448 (full 0):
 garbage-first heap   total 1912832K, used 708321K [0x000000008b400000, 0x000000008b503a60, 0x0000000100000000)
  region size 1024K, 36 young (36864K), 36 survivors (36864K)
 Metaspace       used 148260K, capacity 155503K, committed 155568K, reserved 1183744K
  class space    used 19747K, capacity 21111K, committed 21168K, reserved 1048576K
}
 [Times: user=0.20 sys=0.01, real=0.06 secs] 
2020-07-20T10:09:00.173+0000: 3576.109: Total time for which application threads were stopped: 0.0626620 seconds, Stopping threads took: 0.0023341 seconds
{Heap before GC invocations=448 (full 0):
 garbage-first heap   total 1912832K, used 1653473K [0x000000008b400000, 0x000000008b503a60, 0x0000000100000000)
  region size 1024K, 957 young (979968K), 36 survivors (36864K)
 Metaspace       used 148260K, capacity 155503K, committed 155568K, reserved 1183744K
  class space    used 19747K, capacity 21111K, committed 21168K, reserved 1048576K
2020-07-20T10:09:03.937+0000: 3579.873: [GC pause (G1 Evacuation Pause) (young)
Desired survivor size 62914560 bytes, new threshold 15 (max 15)
- age   1:   23947936 bytes,   23947936 total
- age   2:    6992472 bytes,   30940408 total
- age   3:    2121480 bytes,   33061888 total
- age   4:     210328 bytes,   33272216 total
- age   5:     371832 bytes,   33644048 total
- age   6:     296592 bytes,   33940640 total
- age   7:     171912 bytes,   34112552 total
- age   8:     354720 bytes,   34467272 total
- age   9:     300616 bytes,   34767888 total
- age  10:     408072 bytes,   35175960 total
- age  11:     264248 bytes,   35440208 total
- age  12:     215528 bytes,   35655736 total
- age  13:     411992 bytes,   36067728 total
- age  14:     170240 bytes,   36237968 total
- age  15:     130520 bytes,   36368488 total
, 0.0820349 secs]
   [Parallel Time: 77.8 ms, GC Workers: 4]
      [GC Worker Start (ms): Min: 3579873.4, Avg: 3579876.2, Max: 3579878.9, Diff: 5.5]
      [Ext Root Scanning (ms): Min: 2.2, Avg: 4.8, Max: 7.5, Diff: 5.3, Sum: 19.3]
      [Update RS (ms): Min: 16.7, Avg: 16.8, Max: 16.9, Diff: 0.2, Sum: 67.3]
         [Processed Buffers: Min: 14, Avg: 29.0, Max: 39, Diff: 25, Sum: 116]
      [Scan RS (ms): Min: 0.2, Avg: 0.3, Max: 0.3, Diff: 0.2, Sum: 1.0]
      [Code Root Scanning (ms): Min: 0.0, Avg: 0.0, Max: 0.0, Diff: 0.0, Sum: 0.1]
      [Object Copy (ms): Min: 53.0, Avg: 53.0, Max: 53.2, Diff: 0.2, Sum: 212.2]
      [Termination (ms): Min: 0.0, Avg: 0.0, Max: 0.0, Diff: 0.0, Sum: 0.1]
         [Termination Attempts: Min: 8, Avg: 12.0, Max: 19, Diff: 11, Sum: 48]
      [GC Worker Other (ms): Min: 0.0, Avg: 0.0, Max: 0.1, Diff: 0.0, Sum: 0.2]
      [GC Worker Total (ms): Min: 72.3, Avg: 75.0, Max: 77.8, Diff: 5.5, Sum: 300.1]
      [GC Worker End (ms): Min: 3579951.2, Avg: 3579951.2, Max: 3579951.2, Diff: 0.1]
   [Code Root Fixup: 0.0 ms]
   [Code Root Purge: 0.0 ms]
   [Clear CT: 0.4 ms]
   [Other: 3.7 ms]
      [Choose CSet: 0.0 ms]
      [Ref Proc: 2.0 ms]
      [Ref Enq: 0.3 ms]
      [Redirty Cards: 0.2 ms]
      [Humongous Register: 0.1 ms]
      [Humongous Reclaim: 0.1 ms]
      [Free CSet: 0.8 ms]
   [Eden: 921.0M(921.0M)->0.0B(870.0M) Survivors: 36864.0K->62464.0K Heap: 1614.7M(1868.0M)->717.1M(1868.0M)]
Heap after GC invocations=449 (full 0):
 garbage-first heap   total 1912832K, used 734279K [0x000000008b400000, 0x000000008b503a60, 0x0000000100000000)
  region size 1024K, 61 young (62464K), 61 survivors (62464K)
 Metaspace       used 148260K, capacity 155503K, committed 155568K, reserved 1183744K
  class space    used 19747K, capacity 21111K, committed 21168K, reserved 1048576K
}
 [Times: user=0.26 sys=0.00, real=0.08 secs] 
2020-07-20T10:09:04.020+0000: 3579.956: Total time for which application threads were stopped: 0.0846457 seconds, Stopping threads took: 0.0017912 seconds
{Heap before GC invocations=449 (full 0):
 garbage-first heap   total 1912832K, used 1625159K [0x000000008b400000, 0x000000008b503a60, 0x0000000100000000)
  region size 1024K, 931 young (953344K), 61 survivors (62464K)
 Metaspace       used 148260K, capacity 155503K, committed 155568K, reserved 1183744K
  class space    used 19747K, capacity 21111K, committed 21168K, reserved 1048576K
2020-07-20T10:09:08.798+0000: 3584.734: [GC pause (G1 Evacuation Pause) (young)
Desired survivor size 61341696 bytes, new threshold 15 (max 15)
- age   1:   33311432 bytes,   33311432 total
- age   2:   18043984 bytes,   51355416 total
- age   3:    5401992 bytes,   56757408 total
- age   4:    1768776 bytes,   58526184 total
- age   5:     210152 bytes,   58736336 total
- age   6:     341128 bytes,   59077464 total
- age   7:     293768 bytes,   59371232 total
- age   8:     168192 bytes,   59539424 total
- age   9:     352904 bytes,   59892328 total
- age  10:     300464 bytes,   60192792 total
- age  11:     390080 bytes,   60582872 total
- age  12:     258320 bytes,   60841192 total
- age  13:     203960 bytes,   61045152 total
- age  14:     131688 bytes,   61176840 total
- age  15:     170208 bytes,   61347048 total
, 0.0638995 secs]
   [Parallel Time: 59.6 ms, GC Workers: 4]
      [GC Worker Start (ms): Min: 3584734.1, Avg: 3584734.1, Max: 3584734.1, Diff: 0.1]
      [Ext Root Scanning (ms): Min: 4.9, Avg: 5.0, Max: 5.1, Diff: 0.2, Sum: 19.9]
      [Update RS (ms): Min: 15.0, Avg: 15.1, Max: 15.2, Diff: 0.1, Sum: 60.3]
         [Processed Buffers: Min: 9, Avg: 24.0, Max: 39, Diff: 30, Sum: 96]
      [Scan RS (ms): Min: 0.2, Avg: 0.3, Max: 0.3, Diff: 0.1, Sum: 1.0]
      [Code Root Scanning (ms): Min: 0.0, Avg: 0.0, Max: 0.0, Diff: 0.0, Sum: 0.1]
      [Object Copy (ms): Min: 38.8, Avg: 39.0, Max: 39.1, Diff: 0.3, Sum: 155.9]
      [Termination (ms): Min: 0.0, Avg: 0.1, Max: 0.2, Diff: 0.1, Sum: 0.4]
         [Termination Attempts: Min: 6, Avg: 7.0, Max: 9, Diff: 3, Sum: 28]
      [GC Worker Other (ms): Min: 0.0, Avg: 0.0, Max: 0.0, Diff: 0.0, Sum: 0.1]
      [GC Worker Total (ms): Min: 59.4, Avg: 59.4, Max: 59.4, Diff: 0.0, Sum: 237.6]
      [GC Worker End (ms): Min: 3584793.5, Avg: 3584793.5, Max: 3584793.6, Diff: 0.1]
   [Code Root Fixup: 0.0 ms]
   [Code Root Purge: 0.0 ms]
   [Clear CT: 0.3 ms]
   [Other: 4.0 ms]
      [Choose CSet: 0.0 ms]
      [Ref Proc: 2.3 ms]
      [Ref Enq: 0.1 ms]
      [Redirty Cards: 0.3 ms]
      [Humongous Register: 0.1 ms]
      [Humongous Reclaim: 0.1 ms]
      [Free CSet: 0.8 ms]
   [Eden: 870.0M(870.0M)->0.0B(910.0M) Survivors: 62464.0K->44032.0K Heap: 1587.1M(1868.0M)->697.3M(1868.0M)]
Heap after GC invocations=450 (full 0):
 garbage-first heap   total 1912832K, used 714004K [0x000000008b400000, 0x000000008b503a60, 0x0000000100000000)
  region size 1024K, 43 young (44032K), 43 survivors (44032K)
 Metaspace       used 148260K, capacity 155503K, committed 155568K, reserved 1183744K
  class space    used 19747K, capacity 21111K, committed 21168K, reserved 1048576K
}
 [Times: user=0.19 sys=0.00, real=0.07 secs] 
2020-07-20T10:09:08.862+0000: 3584.798: Total time for which application threads were stopped: 0.0738164 seconds, Stopping threads took: 0.0072755 seconds
{Heap before GC invocations=450 (full 0):
 garbage-first heap   total 1912832K, used 1647893K [0x000000008b400000, 0x000000008b503a60, 0x0000000100000000)
  region size 1024K, 953 young (975872K), 43 survivors (44032K)
 Metaspace       used 148260K, capacity 155503K, committed 155568K, reserved 1183744K
  class space    used 19747K, capacity 21111K, committed 21168K, reserved 1048576K
2020-07-20T10:09:27.737+0000: 3603.673: [GC pause (G1 Evacuation Pause) (young)
Desired survivor size 62914560 bytes, new threshold 15 (max 15)
- age   1:   30685504 bytes,   30685504 total
- age   2:    7964472 bytes,   38649976 total
- age   3:     306752 bytes,   38956728 total
- age   4:     426448 bytes,   39383176 total
- age   5:    1768520 bytes,   41151696 total
- age   6:     209776 bytes,   41361472 total
- age   7:     338816 bytes,   41700288 total
- age   8:     293512 bytes,   41993800 total
- age   9:     167688 bytes,   42161488 total
- age  10:     352744 bytes,   42514232 total
- age  11:     300176 bytes,   42814408 total
- age  12:     388024 bytes,   43202432 total
- age  13:     254968 bytes,   43457400 total
- age  14:     200520 bytes,   43657920 total
- age  15:     131488 bytes,   43789408 total
, 0.0477924 secs]
   [Parallel Time: 43.6 ms, GC Workers: 4]
      [GC Worker Start (ms): Min: 3603673.8, Avg: 3603673.9, Max: 3603673.9, Diff: 0.1]
      [Ext Root Scanning (ms): Min: 5.0, Avg: 5.1, Max: 5.2, Diff: 0.3, Sum: 20.2]
      [Update RS (ms): Min: 12.8, Avg: 12.8, Max: 12.8, Diff: 0.1, Sum: 51.2]
         [Processed Buffers: Min: 14, Avg: 29.0, Max: 45, Diff: 31, Sum: 116]
      [Scan RS (ms): Min: 0.2, Avg: 0.3, Max: 0.3, Diff: 0.1, Sum: 1.0]
      [Code Root Scanning (ms): Min: 0.0, Avg: 0.0, Max: 0.0, Diff: 0.0, Sum: 0.1]
      [Object Copy (ms): Min: 25.1, Avg: 25.2, Max: 25.3, Diff: 0.2, Sum: 100.8]
      [Termination (ms): Min: 0.0, Avg: 0.0, Max: 0.0, Diff: 0.0, Sum: 0.0]
         [Termination Attempts: Min: 1, Avg: 1.5, Max: 2, Diff: 1, Sum: 6]
      [GC Worker Other (ms): Min: 0.0, Avg: 0.0, Max: 0.0, Diff: 0.0, Sum: 0.2]
      [GC Worker Total (ms): Min: 43.3, Avg: 43.4, Max: 43.4, Diff: 0.1, Sum: 173.6]
      [GC Worker End (ms): Min: 3603717.2, Avg: 3603717.3, Max: 3603717.3, Diff: 0.0]
   [Code Root Fixup: 0.0 ms]
   [Code Root Purge: 0.0 ms]
   [Clear CT: 0.3 ms]
   [Other: 3.9 ms]
      [Choose CSet: 0.0 ms]
      [Ref Proc: 1.9 ms]
      [Ref Enq: 0.2 ms]
      [Redirty Cards: 0.2 ms]
      [Humongous Register: 0.2 ms]
      [Humongous Reclaim: 0.1 ms]
      [Free CSet: 0.8 ms]
   [Eden: 910.0M(910.0M)->0.0B(929.0M) Survivors: 44032.0K->31744.0K Heap: 1609.3M(1868.0M)->685.5M(1868.0M)]
Heap after GC invocations=451 (full 0):
 garbage-first heap   total 1912832K, used 701936K [0x000000008b400000, 0x000000008b503a60, 0x0000000100000000)
  region size 1024K, 31 young (31744K), 31 survivors (31744K)
 Metaspace       used 148260K, capacity 155503K, committed 155568K, reserved 1183744K
  class space    used 19747K, capacity 21111K, committed 21168K, reserved 1048576K
}
 [Times: user=0.16 sys=0.00, real=0.05 secs] 
2020-07-20T10:09:27.785+0000: 3603.721: Total time for which application threads were stopped: 0.0521594 seconds, Stopping threads took: 0.0034905 seconds
{Heap before GC invocations=451 (full 0):
 garbage-first heap   total 1912832K, used 1657329K [0x000000008b400000, 0x000000008b503a60, 0x0000000100000000)
  region size 1024K, 960 young (983040K), 31 survivors (31744K)
 Metaspace       used 148265K, capacity 155567K, committed 155824K, reserved 1183744K
  class space    used 19747K, capacity 21111K, committed 21168K, reserved 1048576K
2020-07-20T10:09:31.397+0000: 3607.333: [GC pause (G1 Evacuation Pause) (young)
Desired survivor size 62914560 bytes, new threshold 15 (max 15)
- age   1:   26098552 bytes,   26098552 total
- age   2:     391336 bytes,   26489888 total
- age   3:    1191984 bytes,   27681872 total
- age   4:     303056 bytes,   27984928 total
- age   5:     426256 bytes,   28411184 total
- age   6:     275056 bytes,   28686240 total
- age   7:     164768 bytes,   28851008 total
- age   8:     338720 bytes,   29189728 total
- age   9:     293416 bytes,   29483144 total
- age  10:     167496 bytes,   29650640 total
- age  11:     352680 bytes,   30003320 total
- age  12:     295136 bytes,   30298456 total
- age  13:      97944 bytes,   30396400 total
- age  14:     231128 bytes,   30627528 total
- age  15:     200456 bytes,   30827984 total
, 0.0332850 secs]
   [Parallel Time: 29.5 ms, GC Workers: 4]
      [GC Worker Start (ms): Min: 3607333.6, Avg: 3607333.6, Max: 3607333.6, Diff: 0.1]
      [Ext Root Scanning (ms): Min: 5.0, Avg: 5.1, Max: 5.2, Diff: 0.3, Sum: 20.3]
      [Update RS (ms): Min: 10.0, Avg: 10.0, Max: 10.0, Diff: 0.1, Sum: 40.0]
         [Processed Buffers: Min: 15, Avg: 24.0, Max: 44, Diff: 29, Sum: 96]
      [Scan RS (ms): Min: 0.2, Avg: 0.2, Max: 0.2, Diff: 0.1, Sum: 0.9]
      [Code Root Scanning (ms): Min: 0.0, Avg: 0.0, Max: 0.0, Diff: 0.0, Sum: 0.1]
      [Object Copy (ms): Min: 13.9, Avg: 14.0, Max: 14.0, Diff: 0.2, Sum: 55.8]
      [Termination (ms): Min: 0.0, Avg: 0.1, Max: 0.1, Diff: 0.1, Sum: 0.3]
         [Termination Attempts: Min: 1, Avg: 1.2, Max: 2, Diff: 1, Sum: 5]
      [GC Worker Other (ms): Min: 0.0, Avg: 0.0, Max: 0.0, Diff: 0.0, Sum: 0.1]
      [GC Worker Total (ms): Min: 29.3, Avg: 29.3, Max: 29.3, Diff: 0.0, Sum: 117.3]
      [GC Worker End (ms): Min: 3607362.9, Avg: 3607362.9, Max: 3607363.0, Diff: 0.1]
   [Code Root Fixup: 0.0 ms]
   [Code Root Purge: 0.0 ms]
   [Clear CT: 0.3 ms]
   [Other: 3.5 ms]
      [Choose CSet: 0.0 ms]
      [Ref Proc: 2.0 ms]
      [Ref Enq: 0.1 ms]
      [Redirty Cards: 0.2 ms]
      [Humongous Register: 0.1 ms]
      [Humongous Reclaim: 0.0 ms]
      [Free CSet: 0.8 ms]
   [Eden: 929.0M(929.0M)->0.0B(937.0M) Survivors: 31744.0K->22528.0K Heap: 1618.5M(1868.0M)->678.2M(1868.0M)]
Heap after GC invocations=452 (full 0):
 garbage-first heap   total 1912832K, used 694460K [0x000000008b400000, 0x000000008b503a60, 0x0000000100000000)
  region size 1024K, 22 young (22528K), 22 survivors (22528K)
 Metaspace       used 148265K, capacity 155567K, committed 155824K, reserved 1183744K
  class space    used 19747K, capacity 21111K, committed 21168K, reserved 1048576K
}
 [Times: user=0.12 sys=0.00, real=0.03 secs] 
2020-07-20T10:09:31.431+0000: 3607.367: Total time for which application threads were stopped: 0.0346502 seconds, Stopping threads took: 0.0005067 seconds
{Heap before GC invocations=452 (full 0):
 garbage-first heap   total 1912832K, used 1653948K [0x000000008b400000, 0x000000008b503a60, 0x0000000100000000)
  region size 1024K, 959 young (982016K), 22 survivors (22528K)
 Metaspace       used 148265K, capacity 155567K, committed 155824K, reserved 1183744K
  class space    used 19747K, capacity 21111K, committed 21168K, reserved 1048576K
2020-07-20T10:09:34.693+0000: 3610.629: [GC pause (G1 Evacuation Pause) (young)
Desired survivor size 62914560 bytes, new threshold 15 (max 15)
- age   1:   14239640 bytes,   14239640 total
- age   2:    1988120 bytes,   16227760 total
- age   3:      50344 bytes,   16278104 total
- age   4:     976648 bytes,   17254752 total
- age   5:     288032 bytes,   17542784 total
- age   6:     423536 bytes,   17966320 total
- age   7:     269232 bytes,   18235552 total
- age   8:     164512 bytes,   18400064 total
- age   9:     336488 bytes,   18736552 total
- age  10:     285480 bytes,   19022032 total
- age  11:     159688 bytes,   19181720 total
- age  12:     340744 bytes,   19522464 total
- age  13:     277728 bytes,   19800192 total
- age  14:      97584 bytes,   19897776 total
- age  15:     178376 bytes,   20076152 total
, 0.0620404 secs]
   [Parallel Time: 58.2 ms, GC Workers: 4]
      [GC Worker Start (ms): Min: 3610629.5, Avg: 3610629.6, Max: 3610629.6, Diff: 0.1]
      [Ext Root Scanning (ms): Min: 5.1, Avg: 5.2, Max: 5.3, Diff: 0.2, Sum: 20.8]
      [Update RS (ms): Min: 19.1, Avg: 19.6, Max: 20.7, Diff: 1.6, Sum: 78.3]
         [Processed Buffers: Min: 12, Avg: 28.5, Max: 37, Diff: 25, Sum: 114]
      [Scan RS (ms): Min: 0.2, Avg: 0.3, Max: 0.3, Diff: 0.1, Sum: 1.0]
      [Code Root Scanning (ms): Min: 0.0, Avg: 0.0, Max: 0.0, Diff: 0.0, Sum: 0.1]
      [Object Copy (ms): Min: 31.8, Avg: 33.0, Max: 33.4, Diff: 1.6, Sum: 131.8]
      [Termination (ms): Min: 0.0, Avg: 0.0, Max: 0.0, Diff: 0.0, Sum: 0.0]
         [Termination Attempts: Min: 1, Avg: 2.0, Max: 4, Diff: 3, Sum: 8]
      [GC Worker Other (ms): Min: 0.0, Avg: 0.0, Max: 0.1, Diff: 0.0, Sum: 0.2]
      [GC Worker Total (ms): Min: 58.0, Avg: 58.1, Max: 58.1, Diff: 0.0, Sum: 232.3]
      [GC Worker End (ms): Min: 3610687.6, Avg: 3610687.6, Max: 3610687.6, Diff: 0.0]
   [Code Root Fixup: 0.0 ms]
   [Code Root Purge: 0.0 ms]
   [Clear CT: 0.4 ms]
   [Other: 3.4 ms]
      [Choose CSet: 0.0 ms]
      [Ref Proc: 1.8 ms]
      [Ref Enq: 0.1 ms]
      [Redirty Cards: 0.2 ms]
      [Humongous Register: 0.1 ms]
      [Humongous Reclaim: 0.0 ms]
      [Free CSet: 0.8 ms]
   [Eden: 937.0M(937.0M)->0.0B(916.0M) Survivors: 22528.0K->38912.0K Heap: 1615.2M(1868.0M)->694.9M(1868.0M)]
Heap after GC invocations=453 (full 0):
 garbage-first heap   total 1912832K, used 711565K [0x000000008b400000, 0x000000008b503a60, 0x0000000100000000)
  region size 1024K, 38 young (38912K), 38 survivors (38912K)
 Metaspace       used 148265K, capacity 155567K, committed 155824K, reserved 1183744K
  class space    used 19747K, capacity 21111K, committed 21168K, reserved 1048576K
}
 [Times: user=0.21 sys=0.01, real=0.06 secs] 
2020-07-20T10:09:34.756+0000: 3610.692: Total time for which application threads were stopped: 0.0660591 seconds, Stopping threads took: 0.0031401 seconds
{Heap before GC invocations=453 (full 0):
 garbage-first heap   total 1912832K, used 1651597K [0x000000008b400000, 0x000000008b503a60, 0x0000000100000000)
  region size 1024K, 954 young (976896K), 38 survivors (38912K)
 Metaspace       used 148266K, capacity 155567K, committed 155824K, reserved 1183744K
  class space    used 19747K, capacity 21111K, committed 21168K, reserved 1048576K
2020-07-20T10:09:37.701+0000: 3613.637: [GC pause (G1 Evacuation Pause) (young)
Desired survivor size 62914560 bytes, new threshold 15 (max 15)
- age   1:   24854656 bytes,   24854656 total
- age   2:    9213632 bytes,   34068288 total
- age   3:    1959464 bytes,   36027752 total
- age   4:      47432 bytes,   36075184 total
- age   5:     506880 bytes,   36582064 total
- age   6:     286128 bytes,   36868192 total
- age   7:     422336 bytes,   37290528 total
- age   8:     266976 bytes,   37557504 total
- age   9:     162048 bytes,   37719552 total
- age  10:     334888 bytes,   38054440 total
- age  11:     284056 bytes,   38338496 total
- age  12:     158416 bytes,   38496912 total
- age  13:      80296 bytes,   38577208 total
- age  14:     265504 bytes,   38842712 total
- age  15:      96160 bytes,   38938872 total
, 0.0811466 secs]
   [Parallel Time: 77.2 ms, GC Workers: 4]
      [GC Worker Start (ms): Min: 3613637.4, Avg: 3613637.4, Max: 3613637.4, Diff: 0.1]
      [Ext Root Scanning (ms): Min: 5.0, Avg: 5.1, Max: 5.3, Diff: 0.2, Sum: 20.4]
      [Update RS (ms): Min: 15.5, Avg: 15.7, Max: 16.3, Diff: 0.8, Sum: 62.9]
         [Processed Buffers: Min: 17, Avg: 26.8, Max: 35, Diff: 18, Sum: 107]
      [Scan RS (ms): Min: 0.1, Avg: 0.3, Max: 0.5, Diff: 0.4, Sum: 1.1]
      [Code Root Scanning (ms): Min: 0.0, Avg: 0.0, Max: 0.0, Diff: 0.0, Sum: 0.1]
      [Object Copy (ms): Min: 55.5, Avg: 55.9, Max: 56.1, Diff: 0.6, Sum: 223.5]
      [Termination (ms): Min: 0.0, Avg: 0.0, Max: 0.0, Diff: 0.0, Sum: 0.0]
         [Termination Attempts: Min: 4, Avg: 6.0, Max: 8, Diff: 4, Sum: 24]
      [GC Worker Other (ms): Min: 0.0, Avg: 0.0, Max: 0.1, Diff: 0.0, Sum: 0.2]
      [GC Worker Total (ms): Min: 77.0, Avg: 77.1, Max: 77.1, Diff: 0.1, Sum: 308.3]
      [GC Worker End (ms): Min: 3613714.4, Avg: 3613714.5, Max: 3613714.5, Diff: 0.0]
   [Code Root Fixup: 0.0 ms]
   [Code Root Purge: 0.0 ms]
   [Clear CT: 0.4 ms]
   [Other: 3.5 ms]
      [Choose CSet: 0.0 ms]
      [Ref Proc: 1.9 ms]
      [Ref Enq: 0.1 ms]
      [Redirty Cards: 0.2 ms]
      [Humongous Register: 0.1 ms]
      [Humongous Reclaim: 0.0 ms]
      [Free CSet: 0.8 ms]
   [Eden: 916.0M(916.0M)->0.0B(861.0M) Survivors: 38912.0K->64512.0K Heap: 1612.9M(1868.0M)->721.5M(1868.0M)]
Heap after GC invocations=454 (full 0):
 garbage-first heap   total 1912832K, used 738833K [0x000000008b400000, 0x000000008b503a60, 0x0000000100000000)
  region size 1024K, 63 young (64512K), 63 survivors (64512K)
 Metaspace       used 148266K, capacity 155567K, committed 155824K, reserved 1183744K
  class space    used 19747K, capacity 21111K, committed 21168K, reserved 1048576K
}
 [Times: user=0.26 sys=0.01, real=0.08 secs] 
2020-07-20T10:09:37.783+0000: 3613.719: Total time for which application threads were stopped: 0.0882015 seconds, Stopping threads took: 0.0061298 seconds
{Heap before GC invocations=454 (full 0):
 garbage-first heap   total 1912832K, used 1628689K [0x000000008b400000, 0x000000008b503a60, 0x0000000100000000)
  region size 1024K, 924 young (946176K), 63 survivors (64512K)
 Metaspace       used 148285K, capacity 155579K, committed 155824K, reserved 1183744K
  class space    used 19750K, capacity 21113K, committed 21168K, reserved 1048576K
2020-07-20T10:09:41.669+0000: 3617.605: [GC pause (G1 Evacuation Pause) (young)
Desired survivor size 60817408 bytes, new threshold 4 (max 15)
- age   1:   30533528 bytes,   30533528 total
- age   2:   19658880 bytes,   50192408 total
- age   3:    9206848 bytes,   59399256 total
- age   4:    1959368 bytes,   61358624 total
- age   5:      44184 bytes,   61402808 total
- age   6:     504184 bytes,   61906992 total
- age   7:     286128 bytes,   62193120 total
- age   8:     422336 bytes,   62615456 total
- age   9:     266976 bytes,   62882432 total
- age  10:     162048 bytes,   63044480 total
- age  11:     332992 bytes,   63377472 total
- age  12:     283880 bytes,   63661352 total
- age  13:     155064 bytes,   63816416 total
- age  14:      80264 bytes,   63896680 total
- age  15:     265368 bytes,   64162048 total
, 0.0595806 secs]
   [Parallel Time: 55.6 ms, GC Workers: 4]
      [GC Worker Start (ms): Min: 3617605.6, Avg: 3617605.6, Max: 3617605.7, Diff: 0.1]
      [Ext Root Scanning (ms): Min: 4.9, Avg: 5.0, Max: 5.2, Diff: 0.3, Sum: 20.1]
      [Update RS (ms): Min: 13.8, Avg: 13.9, Max: 14.1, Diff: 0.3, Sum: 55.7]
         [Processed Buffers: Min: 18, Avg: 30.0, Max: 46, Diff: 28, Sum: 120]
      [Scan RS (ms): Min: 0.1, Avg: 0.3, Max: 0.5, Diff: 0.3, Sum: 1.2]
      [Code Root Scanning (ms): Min: 0.0, Avg: 0.0, Max: 0.1, Diff: 0.1, Sum: 0.1]
      [Object Copy (ms): Min: 35.8, Avg: 36.1, Max: 36.2, Diff: 0.3, Sum: 144.2]
      [Termination (ms): Min: 0.0, Avg: 0.0, Max: 0.0, Diff: 0.0, Sum: 0.0]
         [Termination Attempts: Min: 1, Avg: 1.2, Max: 2, Diff: 1, Sum: 5]
      [GC Worker Other (ms): Min: 0.0, Avg: 0.0, Max: 0.0, Diff: 0.0, Sum: 0.1]
      [GC Worker Total (ms): Min: 55.4, Avg: 55.4, Max: 55.4, Diff: 0.0, Sum: 221.5]
      [GC Worker End (ms): Min: 3617661.0, Avg: 3617661.0, Max: 3617661.1, Diff: 0.0]
   [Code Root Fixup: 0.0 ms]
   [Code Root Purge: 0.0 ms]
   [Clear CT: 0.3 ms]
   [Other: 3.7 ms]
      [Choose CSet: 0.0 ms]
      [Ref Proc: 2.0 ms]
      [Ref Enq: 0.2 ms]
      [Redirty Cards: 0.2 ms]
      [Humongous Register: 0.1 ms]
      [Humongous Reclaim: 0.1 ms]
      [Free CSet: 0.8 ms]
   [Eden: 861.0M(861.0M)->0.0B(907.0M) Survivors: 64512.0K->40960.0K Heap: 1590.5M(1868.0M)->700.8M(1868.0M)]
Heap after GC invocations=455 (full 0):
 garbage-first heap   total 1912832K, used 717614K [0x000000008b400000, 0x000000008b503a60, 0x0000000100000000)
  region size 1024K, 40 young (40960K), 40 survivors (40960K)
 Metaspace       used 148285K, capacity 155579K, committed 155824K, reserved 1183744K
  class space    used 19750K, capacity 21113K, committed 21168K, reserved 1048576K
}
 [Times: user=0.20 sys=0.00, real=0.06 secs] 
2020-07-20T10:09:41.729+0000: 3617.665: Total time for which application threads were stopped: 0.0631274 seconds, Stopping threads took: 0.0025848 seconds
{Heap before GC invocations=455 (full 0):
 garbage-first heap   total 1912832K, used 1650478K [0x000000008b400000, 0x000000008b503a60, 0x0000000100000000)
  region size 1024K, 947 young (969728K), 40 survivors (40960K)
 Metaspace       used 148285K, capacity 155579K, committed 155824K, reserved 1183744K
  class space    used 19750K, capacity 21113K, committed 21168K, reserved 1048576K
2020-07-20T10:09:44.962+0000: 3620.898: [GC pause (G1 Evacuation Pause) (young)
Desired survivor size 62390272 bytes, new threshold 15 (max 15)
- age   1:   26488344 bytes,   26488344 total
- age   2:    9121848 bytes,   35610192 total
- age   3:    1707480 bytes,   37317672 total
- age   4:     530528 bytes,   37848200 total
, 0.0958558 secs]
   [Parallel Time: 92.0 ms, GC Workers: 4]
      [GC Worker Start (ms): Min: 3620898.5, Avg: 3620899.9, Max: 3620903.9, Diff: 5.4]
      [Ext Root Scanning (ms): Min: 0.7, Avg: 8.2, Max: 20.1, Diff: 19.3, Sum: 32.7]
      [Update RS (ms): Min: 12.6, Avg: 23.6, Max: 27.7, Diff: 15.1, Sum: 94.3]
         [Processed Buffers: Min: 21, Avg: 30.0, Max: 49, Diff: 28, Sum: 120]
      [Scan RS (ms): Min: 0.1, Avg: 0.3, Max: 0.4, Diff: 0.3, Sum: 1.1]
      [Code Root Scanning (ms): Min: 0.0, Avg: 0.1, Max: 0.1, Diff: 0.1, Sum: 0.2]
      [Object Copy (ms): Min: 58.1, Avg: 58.3, Max: 58.6, Diff: 0.5, Sum: 233.3]
      [Termination (ms): Min: 0.0, Avg: 0.1, Max: 0.1, Diff: 0.1, Sum: 0.3]
         [Termination Attempts: Min: 3, Avg: 6.8, Max: 11, Diff: 8, Sum: 27]
      [GC Worker Other (ms): Min: 0.0, Avg: 0.0, Max: 0.1, Diff: 0.1, Sum: 0.2]
      [GC Worker Total (ms): Min: 86.5, Avg: 90.5, Max: 91.9, Diff: 5.3, Sum: 362.0]
      [GC Worker End (ms): Min: 3620990.4, Avg: 3620990.4, Max: 3620990.4, Diff: 0.1]
   [Code Root Fixup: 0.0 ms]
   [Code Root Purge: 0.0 ms]
   [Clear CT: 0.4 ms]
   [Other: 3.5 ms]
      [Choose CSet: 0.0 ms]
      [Ref Proc: 2.0 ms]
      [Ref Enq: 0.1 ms]
      [Redirty Cards: 0.2 ms]
      [Humongous Register: 0.1 ms]
      [Humongous Reclaim: 0.1 ms]
      [Free CSet: 0.8 ms]
   [Eden: 907.0M(907.0M)->0.0B(865.0M) Survivors: 40960.0K->60416.0K Heap: 1611.8M(1868.0M)->722.3M(1868.0M)]
Heap after GC invocations=456 (full 0):
 garbage-first heap   total 1912832K, used 739630K [0x000000008b400000, 0x000000008b503a60, 0x0000000100000000)
  region size 1024K, 59 young (60416K), 59 survivors (60416K)
 Metaspace       used 148285K, capacity 155579K, committed 155824K, reserved 1183744K
  class space    used 19750K, capacity 21113K, committed 21168K, reserved 1048576K
}
 [Times: user=0.29 sys=0.01, real=0.09 secs] 
2020-07-20T10:09:45.059+0000: 3620.994: Total time for which application threads were stopped: 0.0974395 seconds, Stopping threads took: 0.0007187 seconds
{Heap before GC invocations=456 (full 0):
 garbage-first heap   total 1912832K, used 1625390K [0x000000008b400000, 0x000000008b503a60, 0x0000000100000000)
  region size 1024K, 924 young (946176K), 59 survivors (60416K)
 Metaspace       used 148285K, capacity 155579K, committed 155824K, reserved 1183744K
  class space    used 19750K, capacity 21113K, committed 21168K, reserved 1048576K
2020-07-20T10:09:48.826+0000: 3624.762: [GC pause (G1 Evacuation Pause) (young)
Desired survivor size 60817408 bytes, new threshold 15 (max 15)
- age   1:   31477808 bytes,   31477808 total
- age   2:   20140736 bytes,   51618544 total
- age   3:    7846136 bytes,   59464680 total
- age   4:     354448 bytes,   59819128 total
- age   5:     374088 bytes,   60193216 total
, 0.0624421 secs]
   [Parallel Time: 58.1 ms, GC Workers: 4]
      [GC Worker Start (ms): Min: 3624762.1, Avg: 3624762.8, Max: 3624764.6, Diff: 2.5]
      [Ext Root Scanning (ms): Min: 3.2, Avg: 5.0, Max: 5.7, Diff: 2.5, Sum: 19.9]
      [Update RS (ms): Min: 15.1, Avg: 15.1, Max: 15.2, Diff: 0.1, Sum: 60.6]
         [Processed Buffers: Min: 11, Avg: 24.5, Max: 44, Diff: 33, Sum: 98]
      [Scan RS (ms): Min: 0.2, Avg: 0.3, Max: 0.4, Diff: 0.2, Sum: 1.1]
      [Code Root Scanning (ms): Min: 0.0, Avg: 0.0, Max: 0.1, Diff: 0.1, Sum: 0.1]
      [Object Copy (ms): Min: 36.6, Avg: 36.8, Max: 37.0, Diff: 0.3, Sum: 147.2]
      [Termination (ms): Min: 0.0, Avg: 0.0, Max: 0.0, Diff: 0.0, Sum: 0.1]
         [Termination Attempts: Min: 7, Avg: 12.0, Max: 16, Diff: 9, Sum: 48]
      [GC Worker Other (ms): Min: 0.0, Avg: 0.0, Max: 0.1, Diff: 0.1, Sum: 0.2]
      [GC Worker Total (ms): Min: 55.5, Avg: 57.3, Max: 57.9, Diff: 2.5, Sum: 229.1]
      [GC Worker End (ms): Min: 3624820.0, Avg: 3624820.0, Max: 3624820.1, Diff: 0.1]
   [Code Root Fixup: 0.0 ms]
   [Code Root Purge: 0.0 ms]
   [Clear CT: 0.3 ms]
   [Other: 4.0 ms]
      [Choose CSet: 0.1 ms]
      [Ref Proc: 1.9 ms]
      [Ref Enq: 0.2 ms]
      [Redirty Cards: 0.5 ms]
      [Humongous Register: 0.1 ms]
      [Humongous Reclaim: 0.1 ms]
      [Free CSet: 0.8 ms]
   [Eden: 865.0M(865.0M)->0.0B(907.0M) Survivors: 60416.0K->40960.0K Heap: 1587.3M(1868.0M)->700.8M(1868.0M)]
Heap after GC invocations=457 (full 0):
 garbage-first heap   total 1912832K, used 717614K [0x000000008b400000, 0x000000008b503a60, 0x0000000100000000)
  region size 1024K, 40 young (40960K), 40 survivors (40960K)
 Metaspace       used 148285K, capacity 155579K, committed 155824K, reserved 1183744K
  class space    used 19750K, capacity 21113K, committed 21168K, reserved 1048576K
}
 [Times: user=0.19 sys=0.01, real=0.06 secs] 
2020-07-20T10:09:48.889+0000: 3624.824: Total time for which application threads were stopped: 0.0677551 seconds, Stopping threads took: 0.0041055 seconds
{Heap before GC invocations=457 (full 0):
 garbage-first heap   total 1912832K, used 1648430K [0x000000008b400000, 0x000000008b503a60, 0x0000000100000000)
  region size 1024K, 947 young (969728K), 40 survivors (40960K)
 Metaspace       used 148286K, capacity 155579K, committed 155824K, reserved 1183744K
  class space    used 19750K, capacity 21113K, committed 21168K, reserved 1048576K
2020-07-20T10:09:52.137+0000: 3628.073: [GC pause (G1 Evacuation Pause) (young)
Desired survivor size 62390272 bytes, new threshold 15 (max 15)
- age   1:   27879376 bytes,   27879376 total
- age   2:   10105488 bytes,   37984864 total
- age   3:     290224 bytes,   38275088 total
- age   4:     334192 bytes,   38609280 total
- age   5:     346136 bytes,   38955416 total
- age   6:     374056 bytes,   39329472 total
, 0.0868248 secs]
   [Parallel Time: 83.0 ms, GC Workers: 4]
      [GC Worker Start (ms): Min: 3628073.5, Avg: 3628073.5, Max: 3628073.5, Diff: 0.1]
      [Ext Root Scanning (ms): Min: 4.9, Avg: 5.0, Max: 5.1, Diff: 0.2, Sum: 19.9]
      [Update RS (ms): Min: 22.0, Avg: 22.3, Max: 22.5, Diff: 0.5, Sum: 89.2]
         [Processed Buffers: Min: 23, Avg: 29.0, Max: 40, Diff: 17, Sum: 116]
      [Scan RS (ms): Min: 0.2, Avg: 0.3, Max: 0.4, Diff: 0.3, Sum: 1.2]
      [Code Root Scanning (ms): Min: 0.0, Avg: 0.1, Max: 0.1, Diff: 0.1, Sum: 0.2]
      [Object Copy (ms): Min: 55.1, Avg: 55.2, Max: 55.3, Diff: 0.2, Sum: 220.8]
      [Termination (ms): Min: 0.0, Avg: 0.0, Max: 0.1, Diff: 0.0, Sum: 0.1]
         [Termination Attempts: Min: 3, Avg: 6.0, Max: 8, Diff: 5, Sum: 24]
      [GC Worker Other (ms): Min: 0.0, Avg: 0.0, Max: 0.0, Diff: 0.0, Sum: 0.1]
      [GC Worker Total (ms): Min: 82.9, Avg: 82.9, Max: 82.9, Diff: 0.1, Sum: 331.6]
      [GC Worker End (ms): Min: 3628156.4, Avg: 3628156.4, Max: 3628156.4, Diff: 0.0]
   [Code Root Fixup: 0.0 ms]
   [Code Root Purge: 0.0 ms]
   [Clear CT: 0.3 ms]
   [Other: 3.5 ms]
      [Choose CSet: 0.0 ms]
      [Ref Proc: 1.8 ms]
      [Ref Enq: 0.1 ms]
      [Redirty Cards: 0.3 ms]
      [Humongous Register: 0.1 ms]
      [Humongous Reclaim: 0.0 ms]
      [Free CSet: 0.8 ms]
   [Eden: 907.0M(907.0M)->0.0B(861.0M) Survivors: 40960.0K->62464.0K Heap: 1609.8M(1868.0M)->723.8M(1868.0M)]
Heap after GC invocations=458 (full 0):
 garbage-first heap   total 1912832K, used 741166K [0x000000008b400000, 0x000000008b503a60, 0x0000000100000000)
  region size 1024K, 61 young (62464K), 61 survivors (62464K)
 Metaspace       used 148286K, capacity 155579K, committed 155824K, reserved 1183744K
  class space    used 19750K, capacity 21113K, committed 21168K, reserved 1048576K
}
 [Times: user=0.28 sys=0.01, real=0.09 secs] 
2020-07-20T10:09:52.224+0000: 3628.160: Total time for which application threads were stopped: 0.0886950 seconds, Stopping threads took: 0.0010261 seconds
{Heap before GC invocations=458 (full 0):
 garbage-first heap   total 1912832K, used 1622830K [0x000000008b400000, 0x000000008b503a60, 0x0000000100000000)
  region size 1024K, 922 young (944128K), 61 survivors (62464K)
 Metaspace       used 148286K, capacity 155579K, committed 155824K, reserved 1183744K
  class space    used 19750K, capacity 21113K, committed 21168K, reserved 1048576K
2020-07-20T10:09:55.827+0000: 3631.763: [GC pause (G1 Evacuation Pause) (young)
Desired survivor size 60817408 bytes, new threshold 4 (max 15)
- age   1:   28288664 bytes,   28288664 total
- age   2:   22790352 bytes,   51079016 total
- age   3:    9612160 bytes,   60691176 total
- age   4:     279376 bytes,   60970552 total
- age   5:     330664 bytes,   61301216 total
- age   6:     341880 bytes,   61643096 total
- age   7:     365016 bytes,   62008112 total
, 0.0704872 secs]
   [Parallel Time: 65.7 ms, GC Workers: 4]
      [GC Worker Start (ms): Min: 3631763.4, Avg: 3631763.4, Max: 3631763.5, Diff: 0.1]
      [Ext Root Scanning (ms): Min: 7.5, Avg: 7.6, Max: 7.8, Diff: 0.2, Sum: 30.4]
      [Update RS (ms): Min: 17.4, Avg: 17.6, Max: 17.9, Diff: 0.5, Sum: 70.5]
         [Processed Buffers: Min: 13, Avg: 26.2, Max: 43, Diff: 30, Sum: 105]
      [Scan RS (ms): Min: 0.1, Avg: 0.4, Max: 0.6, Diff: 0.5, Sum: 1.5]
      [Code Root Scanning (ms): Min: 0.0, Avg: 0.0, Max: 0.1, Diff: 0.1, Sum: 0.1]
      [Object Copy (ms): Min: 39.7, Avg: 39.9, Max: 40.0, Diff: 0.2, Sum: 159.5]
      [Termination (ms): Min: 0.0, Avg: 0.0, Max: 0.0, Diff: 0.0, Sum: 0.1]
         [Termination Attempts: Min: 1, Avg: 1.0, Max: 1, Diff: 0, Sum: 4]
      [GC Worker Other (ms): Min: 0.0, Avg: 0.1, Max: 0.1, Diff: 0.1, Sum: 0.2]
      [GC Worker Total (ms): Min: 65.5, Avg: 65.6, Max: 65.6, Diff: 0.1, Sum: 262.4]
      [GC Worker End (ms): Min: 3631829.0, Avg: 3631829.0, Max: 3631829.1, Diff: 0.1]
   [Code Root Fixup: 0.1 ms]
   [Code Root Purge: 0.0 ms]
   [Clear CT: 0.4 ms]
   [Other: 4.3 ms]
      [Choose CSet: 0.0 ms]
      [Ref Proc: 2.1 ms]
      [Ref Enq: 0.2 ms]
      [Redirty Cards: 0.2 ms]
      [Humongous Register: 0.1 ms]
      [Humongous Reclaim: 0.1 ms]
      [Free CSet: 1.2 ms]
   [Eden: 861.0M(861.0M)->0.0B(910.0M) Survivors: 62464.0K->38912.0K Heap: 1584.8M(1868.0M)->700.6M(1868.0M)]
Heap after GC invocations=459 (full 0):
 garbage-first heap   total 1912832K, used 717392K [0x000000008b400000, 0x000000008b503a60, 0x0000000100000000)
  region size 1024K, 38 young (38912K), 38 survivors (38912K)
 Metaspace       used 148286K, capacity 155579K, committed 155824K, reserved 1183744K
  class space    used 19750K, capacity 21113K, committed 21168K, reserved 1048576K
}
 [Times: user=0.23 sys=0.00, real=0.07 secs] 
2020-07-20T10:09:55.898+0000: 3631.834: Total time for which application threads were stopped: 0.0719605 seconds, Stopping threads took: 0.0002742 seconds
{Heap before GC invocations=459 (full 0):
 garbage-first heap   total 1912832K, used 1653328K [0x000000008b400000, 0x000000008b503a60, 0x0000000100000000)
  region size 1024K, 948 young (970752K), 38 survivors (38912K)
 Metaspace       used 148289K, capacity 155579K, committed 155824K, reserved 1183744K
  class space    used 19750K, capacity 21113K, committed 21168K, reserved 1048576K
2020-07-20T10:09:59.171+0000: 3635.107: [GC pause (G1 Evacuation Pause) (young)
Desired survivor size 62390272 bytes, new threshold 15 (max 15)
- age   1:   24220600 bytes,   24220600 total
- age   2:   12819792 bytes,   37040392 total
- age   3:     236656 bytes,   37277048 total
- age   4:     567848 bytes,   37844896 total
, 0.0546124 secs]
   [Parallel Time: 49.5 ms, GC Workers: 4]
      [GC Worker Start (ms): Min: 3635106.9, Avg: 3635106.9, Max: 3635106.9, Diff: 0.1]
      [Ext Root Scanning (ms): Min: 10.2, Avg: 11.5, Max: 15.1, Diff: 5.0, Sum: 46.1]
      [Update RS (ms): Min: 18.5, Avg: 20.7, Max: 21.7, Diff: 3.2, Sum: 82.7]
         [Processed Buffers: Min: 8, Avg: 28.0, Max: 54, Diff: 46, Sum: 112]
      [Scan RS (ms): Min: 0.1, Avg: 0.4, Max: 0.6, Diff: 0.4, Sum: 1.5]
      [Code Root Scanning (ms): Min: 0.0, Avg: 0.0, Max: 0.0, Diff: 0.0, Sum: 0.1]
      [Object Copy (ms): Min: 15.3, Avg: 16.6, Max: 17.1, Diff: 1.7, Sum: 66.3]
      [Termination (ms): Min: 0.0, Avg: 0.0, Max: 0.0, Diff: 0.0, Sum: 0.0]
         [Termination Attempts: Min: 1, Avg: 1.0, Max: 1, Diff: 0, Sum: 4]
      [GC Worker Other (ms): Min: 0.0, Avg: 0.1, Max: 0.2, Diff: 0.2, Sum: 0.4]
      [GC Worker Total (ms): Min: 49.2, Avg: 49.3, Max: 49.3, Diff: 0.1, Sum: 197.0]
      [GC Worker End (ms): Min: 3635156.1, Avg: 3635156.2, Max: 3635156.2, Diff: 0.1]
   [Code Root Fixup: 0.1 ms]
   [Code Root Purge: 0.0 ms]
   [Clear CT: 0.5 ms]
   [Other: 4.5 ms]
      [Choose CSet: 0.0 ms]
      [Ref Proc: 2.3 ms]
      [Ref Enq: 0.3 ms]
      [Redirty Cards: 0.3 ms]
      [Humongous Register: 0.1 ms]
      [Humongous Reclaim: 0.1 ms]
      [Free CSet: 1.1 ms]
   [Eden: 910.0M(910.0M)->0.0B(928.0M) Survivors: 38912.0K->22528.0K Heap: 1614.6M(1868.0M)->686.1M(1868.0M)]
Heap after GC invocations=460 (full 0):
 garbage-first heap   total 1912832K, used 702544K [0x000000008b400000, 0x000000008b503a60, 0x0000000100000000)
  region size 1024K, 22 young (22528K), 22 survivors (22528K)
 Metaspace       used 148289K, capacity 155579K, committed 155824K, reserved 1183744K
  class space    used 19750K, capacity 21113K, committed 21168K, reserved 1048576K
}
 [Times: user=0.18 sys=0.01, real=0.06 secs] 
2020-07-20T10:09:59.226+0000: 3635.161: Total time for which application threads were stopped: 0.0569846 seconds, Stopping threads took: 0.0006470 seconds
{Heap before GC invocations=460 (full 0):
 garbage-first heap   total 1912832K, used 1652816K [0x000000008b400000, 0x000000008b503a60, 0x0000000100000000)
  region size 1024K, 950 young (972800K), 22 survivors (22528K)
 Metaspace       used 148294K, capacity 155587K, committed 155824K, reserved 1183744K
  class space    used 19750K, capacity 21113K, committed 21168K, reserved 1048576K
2020-07-20T10:10:02.522+0000: 3638.457: [GC pause (G1 Evacuation Pause) (young)
Desired survivor size 62390272 bytes, new threshold 15 (max 15)
- age   1:   15909608 bytes,   15909608 total
- age   2:     830040 bytes,   16739648 total
- age   3:    2085088 bytes,   18824736 total
- age   4:     235384 bytes,   19060120 total
- age   5:     564104 bytes,   19624224 total
, 0.0598976 secs]
   [Parallel Time: 56.0 ms, GC Workers: 4]
      [GC Worker Start (ms): Min: 3638457.7, Avg: 3638457.7, Max: 3638457.8, Diff: 0.1]
      [Ext Root Scanning (ms): Min: 5.2, Avg: 5.3, Max: 5.4, Diff: 0.2, Sum: 21.1]
      [Update RS (ms): Min: 19.2, Avg: 19.3, Max: 19.8, Diff: 0.6, Sum: 77.3]
         [Processed Buffers: Min: 14, Avg: 28.8, Max: 40, Diff: 26, Sum: 115]
      [Scan RS (ms): Min: 0.1, Avg: 0.3, Max: 0.5, Diff: 0.4, Sum: 1.2]
      [Code Root Scanning (ms): Min: 0.0, Avg: 0.0, Max: 0.0, Diff: 0.0, Sum: 0.1]
      [Object Copy (ms): Min: 30.6, Avg: 30.9, Max: 31.0, Diff: 0.5, Sum: 123.5]
      [Termination (ms): Min: 0.0, Avg: 0.0, Max: 0.0, Diff: 0.0, Sum: 0.0]
         [Termination Attempts: Min: 1, Avg: 1.0, Max: 1, Diff: 0, Sum: 4]
      [GC Worker Other (ms): Min: 0.0, Avg: 0.1, Max: 0.1, Diff: 0.1, Sum: 0.3]
      [GC Worker Total (ms): Min: 55.8, Avg: 55.8, Max: 55.9, Diff: 0.1, Sum: 223.4]
      [GC Worker End (ms): Min: 3638513.5, Avg: 3638513.6, Max: 3638513.6, Diff: 0.1]
   [Code Root Fixup: 0.1 ms]
   [Code Root Purge: 0.0 ms]
   [Clear CT: 0.3 ms]
   [Other: 3.5 ms]
      [Choose CSet: 0.0 ms]
      [Ref Proc: 1.9 ms]
      [Ref Enq: 0.1 ms]
      [Redirty Cards: 0.2 ms]
      [Humongous Register: 0.1 ms]
      [Humongous Reclaim: 0.0 ms]
      [Free CSet: 0.8 ms]
   [Eden: 928.0M(928.0M)->0.0B(914.0M) Survivors: 22528.0K->34816.0K Heap: 1614.1M(1868.0M)->698.6M(1868.0M)]
Heap after GC invocations=461 (full 0):
 garbage-first heap   total 1912832K, used 715344K [0x000000008b400000, 0x000000008b503a60, 0x0000000100000000)
  region size 1024K, 34 young (34816K), 34 survivors (34816K)
 Metaspace       used 148294K, capacity 155587K, committed 155824K, reserved 1183744K
  class space    used 19750K, capacity 21113K, committed 21168K, reserved 1048576K
}
 [Times: user=0.21 sys=0.00, real=0.06 secs] 
2020-07-20T10:10:02.582+0000: 3638.518: Total time for which application threads were stopped: 0.0615529 seconds, Stopping threads took: 0.0005858 seconds
{Heap before GC invocations=461 (full 0):
 garbage-first heap   total 1912832K, used 1657424K [0x000000008b400000, 0x000000008b503a60, 0x0000000100000000)
  region size 1024K, 948 young (970752K), 34 survivors (34816K)
 Metaspace       used 148296K, capacity 155587K, committed 155824K, reserved 1183744K
  class space    used 19750K, capacity 21113K, committed 21168K, reserved 1048576K
2020-07-20T10:10:05.845+0000: 3641.781: [GC pause (G1 Evacuation Pause) (young)
Desired survivor size 62390272 bytes, new threshold 15 (max 15)
- age   1:   20891824 bytes,   20891824 total
- age   2:   10659856 bytes,   31551680 total
- age   3:     337296 bytes,   31888976 total
- age   4:    2081848 bytes,   33970824 total
- age   5:     235144 bytes,   34205968 total
- age   6:     563128 bytes,   34769096 total
, 0.0746108 secs]
   [Parallel Time: 70.2 ms, GC Workers: 4]
      [GC Worker Start (ms): Min: 3641781.2, Avg: 3641781.2, Max: 3641781.3, Diff: 0.1]
      [Ext Root Scanning (ms): Min: 4.9, Avg: 5.1, Max: 5.2, Diff: 0.3, Sum: 20.2]
      [Update RS (ms): Min: 18.7, Avg: 18.9, Max: 19.6, Diff: 0.9, Sum: 75.6]
         [Processed Buffers: Min: 20, Avg: 29.8, Max: 49, Diff: 29, Sum: 119]
      [Scan RS (ms): Min: 0.2, Avg: 0.2, Max: 0.3, Diff: 0.1, Sum: 1.0]
      [Code Root Scanning (ms): Min: 0.0, Avg: 0.0, Max: 0.0, Diff: 0.0, Sum: 0.1]
      [Object Copy (ms): Min: 45.3, Avg: 45.8, Max: 46.1, Diff: 0.8, Sum: 183.1]
      [Termination (ms): Min: 0.0, Avg: 0.0, Max: 0.0, Diff: 0.0, Sum: 0.1]
         [Termination Attempts: Min: 7, Avg: 15.2, Max: 25, Diff: 18, Sum: 61]
      [GC Worker Other (ms): Min: 0.0, Avg: 0.0, Max: 0.0, Diff: 0.0, Sum: 0.1]
      [GC Worker Total (ms): Min: 70.0, Avg: 70.0, Max: 70.1, Diff: 0.1, Sum: 280.1]
      [GC Worker End (ms): Min: 3641851.3, Avg: 3641851.3, Max: 3641851.3, Diff: 0.0]
   [Code Root Fixup: 0.0 ms]
   [Code Root Purge: 0.0 ms]
   [Clear CT: 0.4 ms]
   [Other: 3.9 ms]
      [Choose CSet: 0.0 ms]
      [Ref Proc: 2.0 ms]
      [Ref Enq: 0.1 ms]
      [Redirty Cards: 0.3 ms]
      [Humongous Register: 0.2 ms]
      [Humongous Reclaim: 0.1 ms]
      [Free CSet: 0.8 ms]
   [Eden: 914.0M(914.0M)->0.0B(874.0M) Survivors: 34816.0K->53248.0K Heap: 1618.6M(1868.0M)->718.1M(1868.0M)]
Heap after GC invocations=462 (full 0):
 garbage-first heap   total 1912832K, used 735312K [0x000000008b400000, 0x000000008b503a60, 0x0000000100000000)
  region size 1024K, 52 young (53248K), 52 survivors (53248K)
 Metaspace       used 148296K, capacity 155587K, committed 155824K, reserved 1183744K
  class space    used 19750K, capacity 21113K, committed 21168K, reserved 1048576K
}
 [Times: user=0.25 sys=0.00, real=0.07 secs] 
2020-07-20T10:10:05.920+0000: 3641.856: Total time for which application threads were stopped: 0.0761088 seconds, Stopping threads took: 0.0004577 seconds
{Heap before GC invocations=462 (full 0):
 garbage-first heap   total 1912832K, used 1630288K [0x000000008b400000, 0x000000008b503a60, 0x0000000100000000)
  region size 1024K, 926 young (948224K), 52 survivors (53248K)
 Metaspace       used 148298K, capacity 155587K, committed 155824K, reserved 1183744K
  class space    used 19750K, capacity 21113K, committed 21168K, reserved 1048576K
2020-07-20T10:10:09.249+0000: 3645.185: [GC pause (G1 Evacuation Pause) (young)
Desired survivor size 60817408 bytes, new threshold 15 (max 15)
- age   1:   23253392 bytes,   23253392 total
- age   2:   15028144 bytes,   38281536 total
- age   3:   10655280 bytes,   48936816 total
- age   4:     327904 bytes,   49264720 total
- age   5:    2081568 bytes,   51346288 total
- age   6:     233928 bytes,   51580216 total
- age   7:     551064 bytes,   52131280 total
, 0.0592374 secs]
   [Parallel Time: 55.0 ms, GC Workers: 4]
      [GC Worker Start (ms): Min: 3645185.4, Avg: 3645190.3, Max: 3645197.5, Diff: 12.1]
      [Ext Root Scanning (ms): Min: 0.0, Avg: 6.1, Max: 10.5, Diff: 10.4, Sum: 24.5]
      [Update RS (ms): Min: 15.7, Avg: 16.7, Max: 17.4, Diff: 1.7, Sum: 66.9]
         [Processed Buffers: Min: 22, Avg: 28.5, Max: 45, Diff: 23, Sum: 114]
      [Scan RS (ms): Min: 0.2, Avg: 0.3, Max: 0.4, Diff: 0.2, Sum: 1.4]
      [Code Root Scanning (ms): Min: 0.0, Avg: 0.0, Max: 0.0, Diff: 0.0, Sum: 0.1]
      [Object Copy (ms): Min: 26.5, Avg: 26.7, Max: 27.0, Diff: 0.5, Sum: 106.7]
      [Termination (ms): Min: 0.0, Avg: 0.0, Max: 0.0, Diff: 0.0, Sum: 0.1]
         [Termination Attempts: Min: 2, Avg: 5.5, Max: 9, Diff: 7, Sum: 22]
      [GC Worker Other (ms): Min: 0.0, Avg: 0.0, Max: 0.1, Diff: 0.0, Sum: 0.1]
      [GC Worker Total (ms): Min: 42.7, Avg: 49.9, Max: 54.8, Diff: 12.1, Sum: 199.7]
      [GC Worker End (ms): Min: 3645240.2, Avg: 3645240.2, Max: 3645240.2, Diff: 0.0]
   [Code Root Fixup: 0.0 ms]
   [Code Root Purge: 0.0 ms]
   [Clear CT: 0.4 ms]
   [Other: 3.9 ms]
      [Choose CSet: 0.0 ms]
      [Ref Proc: 2.1 ms]
      [Ref Enq: 0.1 ms]
      [Redirty Cards: 0.2 ms]
      [Humongous Register: 0.1 ms]
      [Humongous Reclaim: 0.1 ms]
      [Free CSet: 0.9 ms]
   [Eden: 874.0M(874.0M)->0.0B(920.0M) Survivors: 53248.0K->31744.0K Heap: 1592.1M(1868.0M)->695.1M(1868.0M)]
Heap after GC invocations=463 (full 0):
 garbage-first heap   total 1912832K, used 711760K [0x000000008b400000, 0x000000008b503a60, 0x0000000100000000)
  region size 1024K, 31 young (31744K), 31 survivors (31744K)
 Metaspace       used 148298K, capacity 155587K, committed 155824K, reserved 1183744K
  class space    used 19750K, capacity 21113K, committed 21168K, reserved 1048576K
}
 [Times: user=0.18 sys=0.00, real=0.06 secs] 
2020-07-20T10:10:09.309+0000: 3645.245: Total time for which application threads were stopped: 0.0627419 seconds, Stopping threads took: 0.0026433 seconds
{Heap before GC invocations=463 (full 0):
 garbage-first heap   total 1912832K, used 1653840K [0x000000008b400000, 0x000000008b503a60, 0x0000000100000000)
  region size 1024K, 951 young (973824K), 31 survivors (31744K)
 Metaspace       used 148298K, capacity 155587K, committed 155824K, reserved 1183744K
  class space    used 19750K, capacity 21113K, committed 21168K, reserved 1048576K
2020-07-20T10:10:12.325+0000: 3648.261: [GC pause (G1 Evacuation Pause) (young)
Desired survivor size 62390272 bytes, new threshold 15 (max 15)
- age   1:   18929008 bytes,   18929008 total
- age   2:    5653072 bytes,   24582080 total
- age   3:    1430552 bytes,   26012632 total
- age   4:     739072 bytes,   26751704 total
- age   5:     327680 bytes,   27079384 total
- age   6:    2079880 bytes,   29159264 total
- age   7:     232400 bytes,   29391664 total
- age   8:     548552 bytes,   29940216 total
, 0.0642477 secs]
   [Parallel Time: 60.3 ms, GC Workers: 4]
      [GC Worker Start (ms): Min: 3648261.6, Avg: 3648261.6, Max: 3648261.6, Diff: 0.1]
      [Ext Root Scanning (ms): Min: 5.1, Avg: 5.2, Max: 5.4, Diff: 0.3, Sum: 20.9]
      [Update RS (ms): Min: 21.2, Avg: 21.8, Max: 22.7, Diff: 1.5, Sum: 87.1]
         [Processed Buffers: Min: 16, Avg: 30.2, Max: 49, Diff: 33, Sum: 121]
      [Scan RS (ms): Min: 0.1, Avg: 0.3, Max: 0.5, Diff: 0.4, Sum: 1.1]
      [Code Root Scanning (ms): Min: 0.0, Avg: 0.0, Max: 0.1, Diff: 0.1, Sum: 0.1]
      [Object Copy (ms): Min: 32.0, Avg: 32.8, Max: 33.2, Diff: 1.2, Sum: 131.1]
      [Termination (ms): Min: 0.0, Avg: 0.0, Max: 0.0, Diff: 0.0, Sum: 0.0]
         [Termination Attempts: Min: 1, Avg: 1.0, Max: 1, Diff: 0, Sum: 4]
      [GC Worker Other (ms): Min: 0.0, Avg: 0.1, Max: 0.1, Diff: 0.1, Sum: 0.3]
      [GC Worker Total (ms): Min: 60.1, Avg: 60.2, Max: 60.2, Diff: 0.1, Sum: 240.6]
      [GC Worker End (ms): Min: 3648321.7, Avg: 3648321.8, Max: 3648321.8, Diff: 0.1]
   [Code Root Fixup: 0.1 ms]
   [Code Root Purge: 0.0 ms]
   [Clear CT: 0.3 ms]
   [Other: 3.6 ms]
      [Choose CSet: 0.0 ms]
      [Ref Proc: 1.9 ms]
      [Ref Enq: 0.2 ms]
      [Redirty Cards: 0.2 ms]
      [Humongous Register: 0.1 ms]
      [Humongous Reclaim: 0.0 ms]
      [Free CSet: 0.8 ms]
   [Eden: 920.0M(920.0M)->0.0B(902.0M) Survivors: 31744.0K->40960.0K Heap: 1615.1M(1868.0M)->704.6M(1868.0M)]
Heap after GC invocations=464 (full 0):
 garbage-first heap   total 1912832K, used 721488K [0x000000008b400000, 0x000000008b503a60, 0x0000000100000000)
  region size 1024K, 40 young (40960K), 40 survivors (40960K)
 Metaspace       used 148298K, capacity 155587K, committed 155824K, reserved 1183744K
  class space    used 19750K, capacity 21113K, committed 21168K, reserved 1048576K
}
 [Times: user=0.22 sys=0.00, real=0.06 secs] 
2020-07-20T10:10:12.390+0000: 3648.326: Total time for which application threads were stopped: 0.0662391 seconds, Stopping threads took: 0.0010775 seconds
{Heap before GC invocations=464 (full 0):
 garbage-first heap   total 1912832K, used 1651280K [0x000000008b400000, 0x000000008b503a60, 0x0000000100000000)
  region size 1024K, 942 young (964608K), 40 survivors (40960K)
 Metaspace       used 148298K, capacity 155587K, committed 155824K, reserved 1183744K
  class space    used 19750K, capacity 21113K, committed 21168K, reserved 1048576K
2020-07-20T10:10:14.978+0000: 3650.914: [GC pause (G1 Evacuation Pause) (young)
Desired survivor size 61865984 bytes, new threshold 15 (max 15)
- age   1:   17998712 bytes,   17998712 total
- age   2:   13522016 bytes,   31520728 total
- age   3:    4240776 bytes,   35761504 total
- age   4:     463544 bytes,   36225048 total
- age   5:     720528 bytes,   36945576 total
- age   6:     326184 bytes,   37271760 total
- age   7:    2070944 bytes,   39342704 total
- age   8:     229656 bytes,   39572360 total
- age   9:     541792 bytes,   40114152 total
, 0.0924247 secs]
   [Parallel Time: 88.1 ms, GC Workers: 4]
      [GC Worker Start (ms): Min: 3650914.6, Avg: 3650914.6, Max: 3650914.7, Diff: 0.1]
      [Ext Root Scanning (ms): Min: 6.6, Avg: 7.6, Max: 10.0, Diff: 3.3, Sum: 30.3]
      [Update RS (ms): Min: 20.6, Avg: 22.9, Max: 23.9, Diff: 3.3, Sum: 91.7]
         [Processed Buffers: Min: 14, Avg: 29.0, Max: 42, Diff: 28, Sum: 116]
      [Scan RS (ms): Min: 0.1, Avg: 0.3, Max: 0.4, Diff: 0.3, Sum: 1.0]
      [Code Root Scanning (ms): Min: 0.0, Avg: 0.0, Max: 0.0, Diff: 0.0, Sum: 0.1]
      [Object Copy (ms): Min: 56.9, Avg: 57.1, Max: 57.2, Diff: 0.3, Sum: 228.3]
      [Termination (ms): Min: 0.0, Avg: 0.0, Max: 0.0, Diff: 0.0, Sum: 0.0]
         [Termination Attempts: Min: 7, Avg: 9.2, Max: 11, Diff: 4, Sum: 37]
      [GC Worker Other (ms): Min: 0.0, Avg: 0.1, Max: 0.2, Diff: 0.1, Sum: 0.4]
      [GC Worker Total (ms): Min: 87.9, Avg: 88.0, Max: 88.0, Diff: 0.1, Sum: 351.8]
      [GC Worker End (ms): Min: 3651002.6, Avg: 3651002.6, Max: 3651002.6, Diff: 0.1]
   [Code Root Fixup: 0.1 ms]
   [Code Root Purge: 0.0 ms]
   [Clear CT: 0.4 ms]
   [Other: 3.9 ms]
      [Choose CSet: 0.0 ms]
      [Ref Proc: 2.2 ms]
      [Ref Enq: 0.1 ms]
      [Redirty Cards: 0.2 ms]
      [Humongous Register: 0.1 ms]
      [Humongous Reclaim: 0.0 ms]
      [Free CSet: 0.8 ms]
   [Eden: 902.0M(902.0M)->0.0B(852.0M) Survivors: 40960.0K->60416.0K Heap: 1612.6M(1868.0M)->729.6M(1868.0M)]
Heap after GC invocations=465 (full 0):
 garbage-first heap   total 1912832K, used 747088K [0x000000008b400000, 0x000000008b503a60, 0x0000000100000000)
  region size 1024K, 59 young (60416K), 59 survivors (60416K)
 Metaspace       used 148298K, capacity 155587K, committed 155824K, reserved 1183744K
  class space    used 19750K, capacity 21113K, committed 21168K, reserved 1048576K
}
 [Times: user=0.28 sys=0.01, real=0.09 secs] 
2020-07-20T10:10:15.071+0000: 3651.007: Total time for which application threads were stopped: 0.0988251 seconds, Stopping threads took: 0.0044625 seconds
{Heap before GC invocations=465 (full 0):
 garbage-first heap   total 1912832K, used 1619536K [0x000000008b400000, 0x000000008b503a60, 0x0000000100000000)
  region size 1024K, 911 young (932864K), 59 survivors (60416K)
 Metaspace       used 148304K, capacity 155591K, committed 155824K, reserved 1183744K
  class space    used 19750K, capacity 21113K, committed 21168K, reserved 1048576K
2020-07-20T10:10:19.122+0000: 3655.057: [GC pause (G1 Evacuation Pause) (young)
Desired survivor size 59768832 bytes, new threshold 15 (max 15)
- age   1:   25269760 bytes,   25269760 total
- age   2:   12573704 bytes,   37843464 total
- age   3:   13128024 bytes,   50971488 total
- age   4:    4231008 bytes,   55202496 total
- age   5:     463176 bytes,   55665672 total
- age   6:     714736 bytes,   56380408 total
- age   7:     325416 bytes,   56705824 total
- age   8:    2067824 bytes,   58773648 total
- age   9:     229384 bytes,   59003032 total
- age  10:     536184 bytes,   59539216 total
, 0.0610968 secs]
   [Parallel Time: 56.8 ms, GC Workers: 4]
      [GC Worker Start (ms): Min: 3655057.7, Avg: 3655057.8, Max: 3655057.8, Diff: 0.1]
      [Ext Root Scanning (ms): Min: 5.1, Avg: 5.2, Max: 5.3, Diff: 0.2, Sum: 20.6]
      [Update RS (ms): Min: 15.7, Avg: 15.8, Max: 16.1, Diff: 0.4, Sum: 63.2]
         [Processed Buffers: Min: 7, Avg: 26.0, Max: 41, Diff: 34, Sum: 104]
      [Scan RS (ms): Min: 0.2, Avg: 0.3, Max: 0.3, Diff: 0.1, Sum: 1.0]
      [Code Root Scanning (ms): Min: 0.0, Avg: 0.0, Max: 0.0, Diff: 0.0, Sum: 0.1]
      [Object Copy (ms): Min: 35.0, Avg: 35.2, Max: 35.3, Diff: 0.4, Sum: 140.7]
      [Termination (ms): Min: 0.0, Avg: 0.0, Max: 0.0, Diff: 0.0, Sum: 0.0]
         [Termination Attempts: Min: 1, Avg: 1.0, Max: 1, Diff: 0, Sum: 4]
      [GC Worker Other (ms): Min: 0.1, Avg: 0.1, Max: 0.2, Diff: 0.1, Sum: 0.3]
      [GC Worker Total (ms): Min: 56.4, Avg: 56.5, Max: 56.6, Diff: 0.1, Sum: 226.0]
      [GC Worker End (ms): Min: 3655114.2, Avg: 3655114.3, Max: 3655114.3, Diff: 0.1]
   [Code Root Fixup: 0.0 ms]
   [Code Root Purge: 0.0 ms]
   [Clear CT: 0.4 ms]
   [Other: 3.9 ms]
      [Choose CSet: 0.0 ms]
      [Ref Proc: 2.1 ms]
      [Ref Enq: 0.1 ms]
      [Redirty Cards: 0.2 ms]
      [Humongous Register: 0.1 ms]
      [Humongous Reclaim: 0.1 ms]
      [Free CSet: 0.9 ms]
   [Eden: 852.0M(852.0M)->0.0B(908.0M) Survivors: 60416.0K->39936.0K Heap: 1581.6M(1868.0M)->701.6M(1868.0M)]
Heap after GC invocations=466 (full 0):
 garbage-first heap   total 1912832K, used 718416K [0x000000008b400000, 0x000000008b503a60, 0x0000000100000000)
  region size 1024K, 39 young (39936K), 39 survivors (39936K)
 Metaspace       used 148304K, capacity 155591K, committed 155824K, reserved 1183744K
  class space    used 19750K, capacity 21113K, committed 21168K, reserved 1048576K
}
 [Times: user=0.20 sys=0.00, real=0.06 secs] 
2020-07-20T10:10:19.183+0000: 3655.119: Total time for which application threads were stopped: 0.0636306 seconds, Stopping threads took: 0.0013532 seconds
{Heap before GC invocations=466 (full 0):
 garbage-first heap   total 1912832K, used 1650256K [0x000000008b400000, 0x000000008b503a60, 0x0000000100000000)
  region size 1024K, 947 young (969728K), 39 survivors (39936K)
 Metaspace       used 148305K, capacity 155591K, committed 155824K, reserved 1183744K
  class space    used 19750K, capacity 21113K, committed 21168K, reserved 1048576K
2020-07-20T10:10:22.445+0000: 3658.380: [GC pause (G1 Evacuation Pause) (young)
Desired survivor size 62390272 bytes, new threshold 15 (max 15)
- age   1:   25757976 bytes,   25757976 total
- age   2:    6571464 bytes,   32329440 total
- age   3:     442104 bytes,   32771544 total
- age   4:     537544 bytes,   33309088 total
- age   5:     394000 bytes,   33703088 total
- age   6:     456192 bytes,   34159280 total
- age   7:     693608 bytes,   34852888 total
- age   8:     320976 bytes,   35173864 total
- age   9:    2032888 bytes,   37206752 total
- age  10:     227200 bytes,   37433952 total
- age  11:     526944 bytes,   37960896 total
, 0.0780661 secs]
   [Parallel Time: 73.0 ms, GC Workers: 4]
      [GC Worker Start (ms): Min: 3658380.9, Avg: 3658381.0, Max: 3658381.1, Diff: 0.1]
      [Ext Root Scanning (ms): Min: 5.0, Avg: 5.2, Max: 5.3, Diff: 0.3, Sum: 20.6]
      [Update RS (ms): Min: 15.7, Avg: 15.7, Max: 15.8, Diff: 0.1, Sum: 62.9]
         [Processed Buffers: Min: 11, Avg: 27.8, Max: 46, Diff: 35, Sum: 111]
      [Scan RS (ms): Min: 0.2, Avg: 0.3, Max: 0.4, Diff: 0.2, Sum: 1.1]
      [Code Root Scanning (ms): Min: 0.0, Avg: 0.0, Max: 0.0, Diff: 0.0, Sum: 0.1]
      [Object Copy (ms): Min: 51.4, Avg: 51.5, Max: 51.6, Diff: 0.2, Sum: 206.1]
      [Termination (ms): Min: 0.0, Avg: 0.0, Max: 0.0, Diff: 0.0, Sum: 0.1]
         [Termination Attempts: Min: 6, Avg: 12.0, Max: 16, Diff: 10, Sum: 48]
      [GC Worker Other (ms): Min: 0.0, Avg: 0.0, Max: 0.1, Diff: 0.1, Sum: 0.2]
      [GC Worker Total (ms): Min: 72.7, Avg: 72.8, Max: 72.8, Diff: 0.1, Sum: 291.1]
      [GC Worker End (ms): Min: 3658453.7, Avg: 3658453.8, Max: 3658453.8, Diff: 0.1]
   [Code Root Fixup: 0.0 ms]
   [Code Root Purge: 0.0 ms]
   [Clear CT: 0.4 ms]
   [Other: 4.7 ms]
      [Choose CSet: 0.0 ms]
      [Ref Proc: 2.7 ms]
      [Ref Enq: 0.2 ms]
      [Redirty Cards: 0.2 ms]
      [Humongous Register: 0.2 ms]
      [Humongous Reclaim: 0.0 ms]
      [Free CSet: 0.8 ms]
   [Eden: 908.0M(908.0M)->0.0B(858.0M) Survivors: 39936.0K->63488.0K Heap: 1611.6M(1868.0M)->726.6M(1868.0M)]
Heap after GC invocations=467 (full 0):
 garbage-first heap   total 1912832K, used 744016K [0x000000008b400000, 0x000000008b503a60, 0x0000000100000000)
  region size 1024K, 62 young (63488K), 62 survivors (63488K)
 Metaspace       used 148305K, capacity 155591K, committed 155824K, reserved 1183744K
  class space    used 19750K, capacity 21113K, committed 21168K, reserved 1048576K
}
 [Times: user=0.27 sys=0.00, real=0.08 secs] 
2020-07-20T10:10:22.523+0000: 3658.459: Total time for which application threads were stopped: 0.0795511 seconds, Stopping threads took: 0.0005297 seconds
{Heap before GC invocations=467 (full 0):
 garbage-first heap   total 1912832K, used 1624656K [0x000000008b400000, 0x000000008b503a60, 0x0000000100000000)
  region size 1024K, 920 young (942080K), 62 survivors (63488K)
 Metaspace       used 148306K, capacity 155591K, committed 155824K, reserved 1183744K
  class space    used 19750K, capacity 21113K, committed 21168K, reserved 1048576K
2020-07-20T10:10:25.869+0000: 3661.805: [GC pause (G1 Evacuation Pause) (young)
Desired survivor size 60293120 bytes, new threshold 7 (max 15)
- age   1:   32229912 bytes,   32229912 total
- age   2:   20387968 bytes,   52617880 total
- age   3:    6087312 bytes,   58705192 total
- age   4:     441216 bytes,   59146408 total
- age   5:     537448 bytes,   59683856 total
- age   6:     393880 bytes,   60077736 total
- age   7:     452728 bytes,   60530464 total
- age   8:     693480 bytes,   61223944 total
- age   9:     320480 bytes,   61544424 total
- age  10:     552816 bytes,   62097240 total
- age  11:     227136 bytes,   62324376 total
- age  12:     526656 bytes,   62851032 total
, 0.0571538 secs]
   [Parallel Time: 53.0 ms, GC Workers: 4]
      [GC Worker Start (ms): Min: 3661805.5, Avg: 3661805.5, Max: 3661805.6, Diff: 0.1]
      [Ext Root Scanning (ms): Min: 4.9, Avg: 5.0, Max: 5.2, Diff: 0.2, Sum: 20.1]
      [Update RS (ms): Min: 15.8, Avg: 15.9, Max: 16.1, Diff: 0.3, Sum: 63.6]
         [Processed Buffers: Min: 12, Avg: 27.8, Max: 50, Diff: 38, Sum: 111]
      [Scan RS (ms): Min: 0.1, Avg: 0.3, Max: 0.4, Diff: 0.2, Sum: 1.0]
      [Code Root Scanning (ms): Min: 0.0, Avg: 0.0, Max: 0.0, Diff: 0.0, Sum: 0.1]
      [Object Copy (ms): Min: 31.4, Avg: 31.5, Max: 31.6, Diff: 0.2, Sum: 125.9]
      [Termination (ms): Min: 0.0, Avg: 0.0, Max: 0.0, Diff: 0.0, Sum: 0.0]
         [Termination Attempts: Min: 1, Avg: 1.0, Max: 1, Diff: 0, Sum: 4]
      [GC Worker Other (ms): Min: 0.1, Avg: 0.1, Max: 0.2, Diff: 0.1, Sum: 0.4]
      [GC Worker Total (ms): Min: 52.7, Avg: 52.8, Max: 52.9, Diff: 0.1, Sum: 211.2]
      [GC Worker End (ms): Min: 3661858.3, Avg: 3661858.3, Max: 3661858.4, Diff: 0.1]
   [Code Root Fixup: 0.0 ms]
   [Code Root Purge: 0.0 ms]
   [Clear CT: 0.3 ms]
   [Other: 3.8 ms]
      [Choose CSet: 0.0 ms]
      [Ref Proc: 2.2 ms]
      [Ref Enq: 0.2 ms]
      [Redirty Cards: 0.2 ms]
      [Humongous Register: 0.1 ms]
      [Humongous Reclaim: 0.1 ms]
      [Free CSet: 0.8 ms]
   [Eden: 858.0M(858.0M)->0.0B(909.0M) Survivors: 63488.0K->37888.0K Heap: 1586.6M(1868.0M)->701.8M(1868.0M)]
Heap after GC invocations=468 (full 0):
 garbage-first heap   total 1912832K, used 718604K [0x000000008b400000, 0x000000008b503a60, 0x0000000100000000)
  region size 1024K, 37 young (37888K), 37 survivors (37888K)
 Metaspace       used 148306K, capacity 155591K, committed 155824K, reserved 1183744K
  class space    used 19750K, capacity 21113K, committed 21168K, reserved 1048576K
}
 [Times: user=0.18 sys=0.00, real=0.06 secs] 
2020-07-20T10:10:25.927+0000: 3661.863: Total time for which application threads were stopped: 0.0589984 seconds, Stopping threads took: 0.0009454 seconds
{Heap before GC invocations=468 (full 0):
 garbage-first heap   total 1912832K, used 1651468K [0x000000008b400000, 0x000000008b503a60, 0x0000000100000000)
  region size 1024K, 946 young (968704K), 37 survivors (37888K)
 Metaspace       used 148306K, capacity 155591K, committed 155824K, reserved 1183744K
  class space    used 19750K, capacity 21113K, committed 21168K, reserved 1048576K
2020-07-20T10:10:29.222+0000: 3665.158: [GC pause (G1 Evacuation Pause) (young)
Desired survivor size 62390272 bytes, new threshold 15 (max 15)
- age   1:   23578664 bytes,   23578664 total
- age   2:    9573568 bytes,   33152232 total
- age   3:     349800 bytes,   33502032 total
- age   4:     813472 bytes,   34315504 total
- age   5:     441056 bytes,   34756560 total
- age   6:     537096 bytes,   35293656 total
- age   7:     393304 bytes,   35686960 total
, 0.0806279 secs]
   [Parallel Time: 76.2 ms, GC Workers: 4]
      [GC Worker Start (ms): Min: 3665158.4, Avg: 3665158.4, Max: 3665158.4, Diff: 0.1]
      [Ext Root Scanning (ms): Min: 5.1, Avg: 5.2, Max: 5.4, Diff: 0.3, Sum: 20.9]
      [Update RS (ms): Min: 16.4, Avg: 16.7, Max: 17.3, Diff: 0.8, Sum: 66.8]
         [Processed Buffers: Min: 7, Avg: 25.2, Max: 49, Diff: 42, Sum: 101]
      [Scan RS (ms): Min: 0.2, Avg: 0.3, Max: 0.3, Diff: 0.1, Sum: 1.1]
      [Code Root Scanning (ms): Min: 0.0, Avg: 0.0, Max: 0.0, Diff: 0.0, Sum: 0.1]
      [Object Copy (ms): Min: 53.2, Avg: 53.7, Max: 53.9, Diff: 0.8, Sum: 214.7]
      [Termination (ms): Min: 0.0, Avg: 0.1, Max: 0.1, Diff: 0.1, Sum: 0.3]
         [Termination Attempts: Min: 10, Avg: 12.2, Max: 15, Diff: 5, Sum: 49]
      [GC Worker Other (ms): Min: 0.0, Avg: 0.0, Max: 0.0, Diff: 0.0, Sum: 0.1]
      [GC Worker Total (ms): Min: 75.9, Avg: 76.0, Max: 76.1, Diff: 0.1, Sum: 304.0]
      [GC Worker End (ms): Min: 3665234.4, Avg: 3665234.4, Max: 3665234.4, Diff: 0.0]
   [Code Root Fixup: 0.1 ms]
   [Code Root Purge: 0.0 ms]
   [Clear CT: 0.4 ms]
   [Other: 4.0 ms]
      [Choose CSet: 0.0 ms]
      [Ref Proc: 2.3 ms]
      [Ref Enq: 0.2 ms]
      [Redirty Cards: 0.3 ms]
      [Humongous Register: 0.1 ms]
      [Humongous Reclaim: 0.0 ms]
      [Free CSet: 0.8 ms]
   [Eden: 909.0M(909.0M)->0.0B(863.0M) Survivors: 37888.0K->59392.0K Heap: 1612.8M(1868.0M)->724.8M(1868.0M)]
Heap after GC invocations=469 (full 0):
 garbage-first heap   total 1912832K, used 742156K [0x000000008b400000, 0x000000008b503a60, 0x0000000100000000)
  region size 1024K, 58 young (59392K), 58 survivors (59392K)
 Metaspace       used 148306K, capacity 155591K, committed 155824K, reserved 1183744K
  class space    used 19750K, capacity 21113K, committed 21168K, reserved 1048576K
}
 [Times: user=0.24 sys=0.00, real=0.08 secs] 
2020-07-20T10:10:29.303+0000: 3665.239: Total time for which application threads were stopped: 0.0818899 seconds, Stopping threads took: 0.0002555 seconds
{Heap before GC invocations=469 (full 0):
 garbage-first heap   total 1912832K, used 1627916K [0x000000008b400000, 0x000000008b503a60, 0x0000000100000000)
  region size 1024K, 921 young (943104K), 58 survivors (59392K)
 Metaspace       used 148306K, capacity 155591K, committed 155824K, reserved 1183744K
  class space    used 19750K, capacity 21113K, committed 21168K, reserved 1048576K
2020-07-20T10:10:31.898+0000: 3667.834: [GC pause (G1 Evacuation Pause) (young)
Desired survivor size 60817408 bytes, new threshold 15 (max 15)
- age   1:   27750600 bytes,   27750600 total
- age   2:   18421920 bytes,   46172520 total
- age   3:    9568704 bytes,   55741224 total
- age   4:     345528 bytes,   56086752 total
- age   5:     813376 bytes,   56900128 total
- age   6:     440448 bytes,   57340576 total
- age   7:     536488 bytes,   57877064 total
- age   8:     392904 bytes,   58269968 total
, 0.0550270 secs]
   [Parallel Time: 50.3 ms, GC Workers: 4]
      [GC Worker Start (ms): Min: 3667834.3, Avg: 3667834.3, Max: 3667834.3, Diff: 0.1]
      [Ext Root Scanning (ms): Min: 5.7, Avg: 6.2, Max: 7.5, Diff: 1.8, Sum: 24.9]
      [Update RS (ms): Min: 15.7, Avg: 16.6, Max: 17.2, Diff: 1.5, Sum: 66.4]
         [Processed Buffers: Min: 5, Avg: 25.2, Max: 53, Diff: 48, Sum: 101]
      [Scan RS (ms): Min: 0.1, Avg: 0.3, Max: 0.4, Diff: 0.3, Sum: 1.0]
      [Code Root Scanning (ms): Min: 0.0, Avg: 0.0, Max: 0.1, Diff: 0.1, Sum: 0.1]
      [Object Copy (ms): Min: 26.6, Avg: 26.9, Max: 27.1, Diff: 0.5, Sum: 107.7]
      [Termination (ms): Min: 0.0, Avg: 0.0, Max: 0.0, Diff: 0.0, Sum: 0.0]
         [Termination Attempts: Min: 1, Avg: 2.5, Max: 5, Diff: 4, Sum: 10]
      [GC Worker Other (ms): Min: 0.0, Avg: 0.0, Max: 0.0, Diff: 0.0, Sum: 0.1]
      [GC Worker Total (ms): Min: 50.0, Avg: 50.1, Max: 50.1, Diff: 0.1, Sum: 200.3]
      [GC Worker End (ms): Min: 3667884.4, Avg: 3667884.4, Max: 3667884.4, Diff: 0.0]
   [Code Root Fixup: 0.0 ms]
   [Code Root Purge: 0.0 ms]
   [Clear CT: 0.3 ms]
   [Other: 4.4 ms]
      [Choose CSet: 0.0 ms]
      [Ref Proc: 2.5 ms]
      [Ref Enq: 0.2 ms]
      [Redirty Cards: 0.2 ms]
      [Humongous Register: 0.1 ms]
      [Humongous Reclaim: 0.1 ms]
      [Free CSet: 0.8 ms]
   [Eden: 863.0M(863.0M)->0.0B(913.0M) Survivors: 59392.0K->33792.0K Heap: 1589.8M(1868.0M)->700.3M(1868.0M)]
Heap after GC invocations=470 (full 0):
 garbage-first heap   total 1912832K, used 717068K [0x000000008b400000, 0x000000008b503a60, 0x0000000100000000)
  region size 1024K, 33 young (33792K), 33 survivors (33792K)
 Metaspace       used 148306K, capacity 155591K, committed 155824K, reserved 1183744K
  class space    used 19750K, capacity 21113K, committed 21168K, reserved 1048576K
}
 [Times: user=0.18 sys=0.00, real=0.06 secs] 
2020-07-20T10:10:31.953+0000: 3667.889: Total time for which application threads were stopped: 0.0586179 seconds, Stopping threads took: 0.0022156 seconds
{Heap before GC invocations=470 (full 0):
 garbage-first heap   total 1912832K, used 1651980K [0x000000008b400000, 0x000000008b503a60, 0x0000000100000000)
  region size 1024K, 946 young (968704K), 33 survivors (33792K)
 Metaspace       used 148317K, capacity 155603K, committed 155824K, reserved 1183744K
  class space    used 19750K, capacity 21113K, committed 21168K, reserved 1048576K
2020-07-20T10:10:34.751+0000: 3670.687: [GC pause (G1 Evacuation Pause) (young)
Desired survivor size 62390272 bytes, new threshold 15 (max 15)
- age   1:   18866832 bytes,   18866832 total
- age   2:    7803392 bytes,   26670224 total
- age   3:     873960 bytes,   27544184 total
- age   4:    2071696 bytes,   29615880 total
- age   5:     338000 bytes,   29953880 total
- age   6:     668432 bytes,   30622312 total
- age   7:     426848 bytes,   31049160 total
- age   8:     530000 bytes,   31579160 total
- age   9:     384976 bytes,   31964136 total
, 0.0734614 secs]
   [Parallel Time: 69.0 ms, GC Workers: 4]
      [GC Worker Start (ms): Min: 3670686.9, Avg: 3670686.9, Max: 3670686.9, Diff: 0.1]
      [Ext Root Scanning (ms): Min: 5.4, Avg: 5.6, Max: 5.8, Diff: 0.3, Sum: 22.3]
      [Update RS (ms): Min: 20.4, Avg: 20.5, Max: 20.7, Diff: 0.3, Sum: 82.0]
         [Processed Buffers: Min: 10, Avg: 29.2, Max: 46, Diff: 36, Sum: 117]
      [Scan RS (ms): Min: 0.2, Avg: 0.3, Max: 0.3, Diff: 0.2, Sum: 1.0]
      [Code Root Scanning (ms): Min: 0.0, Avg: 0.0, Max: 0.0, Diff: 0.0, Sum: 0.1]
      [Object Copy (ms): Min: 42.1, Avg: 42.3, Max: 42.5, Diff: 0.3, Sum: 169.2]
      [Termination (ms): Min: 0.0, Avg: 0.0, Max: 0.0, Diff: 0.0, Sum: 0.0]
         [Termination Attempts: Min: 7, Avg: 13.2, Max: 18, Diff: 11, Sum: 53]
      [GC Worker Other (ms): Min: 0.0, Avg: 0.1, Max: 0.1, Diff: 0.1, Sum: 0.2]
      [GC Worker Total (ms): Min: 68.7, Avg: 68.7, Max: 68.8, Diff: 0.1, Sum: 274.9]
      [GC Worker End (ms): Min: 3670755.6, Avg: 3670755.6, Max: 3670755.7, Diff: 0.1]
   [Code Root Fixup: 0.0 ms]
   [Code Root Purge: 0.0 ms]
   [Clear CT: 0.4 ms]
   [Other: 4.1 ms]
      [Choose CSet: 0.0 ms]
      [Ref Proc: 2.2 ms]
      [Ref Enq: 0.2 ms]
      [Redirty Cards: 0.3 ms]
      [Humongous Register: 0.1 ms]
      [Humongous Reclaim: 0.1 ms]
      [Free CSet: 0.8 ms]
   [Eden: 913.0M(913.0M)->0.0B(891.0M) Survivors: 33792.0K->45056.0K Heap: 1613.3M(1868.0M)->711.3M(1868.0M)]
Heap after GC invocations=471 (full 0):
 garbage-first heap   total 1912832K, used 728332K [0x000000008b400000, 0x000000008b503a60, 0x0000000100000000)
  region size 1024K, 44 young (45056K), 44 survivors (45056K)
 Metaspace       used 148317K, capacity 155603K, committed 155824K, reserved 1183744K
  class space    used 19750K, capacity 21113K, committed 21168K, reserved 1048576K
}
 [Times: user=0.24 sys=0.00, real=0.08 secs] 
2020-07-20T10:10:34.824+0000: 3670.760: Total time for which application threads were stopped: 0.0751155 seconds, Stopping threads took: 0.0004254 seconds
{Heap before GC invocations=471 (full 0):
 garbage-first heap   total 1912832K, used 1642764K [0x000000008b400000, 0x000000008b503a60, 0x0000000100000000)
  region size 1024K, 935 young (957440K), 44 survivors (45056K)
 Metaspace       used 148317K, capacity 155603K, committed 155824K, reserved 1183744K
  class space    used 19750K, capacity 21113K, committed 21168K, reserved 1048576K
2020-07-20T10:10:37.693+0000: 3673.629: [GC pause (G1 Evacuation Pause) (young)
Desired survivor size 61341696 bytes, new threshold 15 (max 15)
- age   1:   18455544 bytes,   18455544 total
- age   2:   13516120 bytes,   31971664 total
- age   3:    7785376 bytes,   39757040 total
- age   4:     857016 bytes,   40614056 total
- age   5:    2058736 bytes,   42672792 total
- age   6:     337096 bytes,   43009888 total
- age   7:     668432 bytes,   43678320 total
- age   8:     335824 bytes,   44014144 total
- age   9:     491928 bytes,   44506072 total
- age  10:     324688 bytes,   44830760 total
, 0.0982823 secs]
   [Parallel Time: 93.1 ms, GC Workers: 4]
      [GC Worker Start (ms): Min: 3673629.7, Avg: 3673629.7, Max: 3673629.8, Diff: 0.1]
      [Ext Root Scanning (ms): Min: 5.1, Avg: 5.2, Max: 5.3, Diff: 0.3, Sum: 20.8]
      [Update RS (ms): Min: 24.9, Avg: 25.1, Max: 25.4, Diff: 0.5, Sum: 100.4]
         [Processed Buffers: Min: 23, Avg: 33.0, Max: 40, Diff: 17, Sum: 132]
      [Scan RS (ms): Min: 0.1, Avg: 0.3, Max: 0.5, Diff: 0.4, Sum: 1.2]
      [Code Root Scanning (ms): Min: 0.0, Avg: 0.0, Max: 0.1, Diff: 0.1, Sum: 0.1]
      [Object Copy (ms): Min: 62.0, Avg: 62.2, Max: 62.3, Diff: 0.3, Sum: 248.7]
      [Termination (ms): Min: 0.0, Avg: 0.0, Max: 0.0, Diff: 0.0, Sum: 0.0]
         [Termination Attempts: Min: 1, Avg: 1.0, Max: 1, Diff: 0, Sum: 4]
      [GC Worker Other (ms): Min: 0.0, Avg: 0.1, Max: 0.1, Diff: 0.1, Sum: 0.2]
      [GC Worker Total (ms): Min: 92.8, Avg: 92.9, Max: 92.9, Diff: 0.1, Sum: 371.5]
      [GC Worker End (ms): Min: 3673722.6, Avg: 3673722.6, Max: 3673722.6, Diff: 0.1]
   [Code Root Fixup: 0.1 ms]
   [Code Root Purge: 0.0 ms]
   [Clear CT: 0.5 ms]
   [Other: 4.7 ms]
      [Choose CSet: 0.0 ms]
      [Ref Proc: 2.5 ms]
      [Ref Enq: 0.2 ms]
      [Redirty Cards: 0.3 ms]
      [Humongous Register: 0.2 ms]
      [Humongous Reclaim: 0.0 ms]
      [Free CSet: 0.9 ms]
   [Eden: 891.0M(891.0M)->0.0B(845.0M) Survivors: 45056.0K->66560.0K Heap: 1604.3M(1868.0M)->733.8M(1868.0M)]
Heap after GC invocations=472 (full 0):
 garbage-first heap   total 1912832K, used 751372K [0x000000008b400000, 0x000000008b503a60, 0x0000000100000000)
  region size 1024K, 65 young (66560K), 65 survivors (66560K)
 Metaspace       used 148317K, capacity 155603K, committed 155824K, reserved 1183744K
  class space    used 19750K, capacity 21113K, committed 21168K, reserved 1048576K
}
 [Times: user=0.29 sys=0.03, real=0.09 secs] 
2020-07-20T10:10:37.792+0000: 3673.728: Total time for which application threads were stopped: 0.1061141 seconds, Stopping threads took: 0.0063329 seconds
{Heap before GC invocations=472 (full 0):
 garbage-first heap   total 1912832K, used 1616652K [0x000000008b400000, 0x000000008b503a60, 0x0000000100000000)
  region size 1024K, 910 young (931840K), 65 survivors (66560K)
 Metaspace       used 148319K, capacity 155603K, committed 155824K, reserved 1183744K
  class space    used 19750K, capacity 21113K, committed 21168K, reserved 1048576K
2020-07-20T10:10:42.562+0000: 3678.498: [GC pause (G1 Evacuation Pause) (young)
Desired survivor size 59768832 bytes, new threshold 4 (max 15)
- age   1:   25645504 bytes,   25645504 total
- age   2:   13736888 bytes,   39382392 total
- age   3:   13499568 bytes,   52881960 total
- age   4:    7782400 bytes,   60664360 total
- age   5:     387416 bytes,   61051776 total
- age   6:    2058584 bytes,   63110360 total
- age   7:     333072 bytes,   63443432 total
- age   8:     665256 bytes,   64108688 total
- age   9:     333336 bytes,   64442024 total
- age  10:     489088 bytes,   64931112 total
- age  11:     321576 bytes,   65252688 total
, 0.0637298 secs]
   [Parallel Time: 59.7 ms, GC Workers: 4]
      [GC Worker Start (ms): Min: 3678498.5, Avg: 3678498.5, Max: 3678498.6, Diff: 0.1]
      [Ext Root Scanning (ms): Min: 5.0, Avg: 5.1, Max: 5.2, Diff: 0.3, Sum: 20.3]
      [Update RS (ms): Min: 30.1, Avg: 30.3, Max: 30.5, Diff: 0.4, Sum: 121.0]
         [Processed Buffers: Min: 27, Avg: 40.8, Max: 78, Diff: 51, Sum: 163]
      [Scan RS (ms): Min: 0.1, Avg: 0.3, Max: 0.5, Diff: 0.4, Sum: 1.3]
      [Code Root Scanning (ms): Min: 0.0, Avg: 0.0, Max: 0.0, Diff: 0.0, Sum: 0.1]
      [Object Copy (ms): Min: 23.7, Avg: 23.8, Max: 23.9, Diff: 0.3, Sum: 95.3]
      [Termination (ms): Min: 0.0, Avg: 0.0, Max: 0.0, Diff: 0.0, Sum: 0.0]
         [Termination Attempts: Min: 1, Avg: 1.0, Max: 1, Diff: 0, Sum: 4]
      [GC Worker Other (ms): Min: 0.0, Avg: 0.0, Max: 0.1, Diff: 0.1, Sum: 0.2]
      [GC Worker Total (ms): Min: 59.5, Avg: 59.5, Max: 59.6, Diff: 0.1, Sum: 238.1]
      [GC Worker End (ms): Min: 3678558.0, Avg: 3678558.1, Max: 3678558.1, Diff: 0.0]
   [Code Root Fixup: 0.0 ms]
   [Code Root Purge: 0.0 ms]
   [Clear CT: 0.3 ms]
   [Other: 3.7 ms]
      [Choose CSet: 0.0 ms]
      [Ref Proc: 1.8 ms]
      [Ref Enq: 0.2 ms]
      [Redirty Cards: 0.3 ms]
      [Humongous Register: 0.2 ms]
      [Humongous Reclaim: 0.1 ms]
      [Free CSet: 0.8 ms]
   [Eden: 845.0M(845.0M)->0.0B(923.0M) Survivors: 66560.0K->25600.0K Heap: 1578.8M(1868.0M)->695.7M(1868.0M)]
Heap after GC invocations=473 (full 0):
 garbage-first heap   total 1912832K, used 712419K [0x000000008b400000, 0x000000008b503a60, 0x0000000100000000)
  region size 1024K, 25 young (25600K), 25 survivors (25600K)
 Metaspace       used 148319K, capacity 155603K, committed 155824K, reserved 1183744K
  class space    used 19750K, capacity 21113K, committed 21168K, reserved 1048576K
}
 [Times: user=0.21 sys=0.00, real=0.06 secs] 
2020-07-20T10:10:42.626+0000: 3678.562: Total time for which application threads were stopped: 0.0647619 seconds, Stopping threads took: 0.0001561 seconds
{Heap before GC invocations=473 (full 0):
 garbage-first heap   total 1912832K, used 1659619K [0x000000008b400000, 0x000000008b503a60, 0x0000000100000000)
  region size 1024K, 948 young (970752K), 25 survivors (25600K)
 Metaspace       used 148322K, capacity 155603K, committed 155824K, reserved 1183744K
  class space    used 19750K, capacity 21113K, committed 21168K, reserved 1048576K
2020-07-20T10:10:48.313+0000: 3684.249: [GC pause (G1 Evacuation Pause) (young)
Desired survivor size 62390272 bytes, new threshold 15 (max 15)
- age   1:    9834448 bytes,    9834448 total
- age   2:   12924168 bytes,   22758616 total
- age   3:    1045384 bytes,   23804000 total
- age   4:     276360 bytes,   24080360 total
, 0.0726383 secs]
   [Parallel Time: 68.6 ms, GC Workers: 4]
      [GC Worker Start (ms): Min: 3684249.0, Avg: 3684249.1, Max: 3684249.1, Diff: 0.1]
      [Ext Root Scanning (ms): Min: 5.0, Avg: 5.1, Max: 5.3, Diff: 0.2, Sum: 20.6]
      [Update RS (ms): Min: 40.8, Avg: 40.9, Max: 41.2, Diff: 0.4, Sum: 163.8]
         [Processed Buffers: Min: 27, Avg: 45.8, Max: 63, Diff: 36, Sum: 183]
      [Scan RS (ms): Min: 0.1, Avg: 0.3, Max: 0.4, Diff: 0.3, Sum: 1.1]
      [Code Root Scanning (ms): Min: 0.0, Avg: 0.0, Max: 0.0, Diff: 0.0, Sum: 0.1]
      [Object Copy (ms): Min: 21.8, Avg: 22.0, Max: 22.2, Diff: 0.3, Sum: 88.1]
      [Termination (ms): Min: 0.0, Avg: 0.0, Max: 0.0, Diff: 0.0, Sum: 0.1]
         [Termination Attempts: Min: 1, Avg: 1.8, Max: 3, Diff: 2, Sum: 7]
      [GC Worker Other (ms): Min: 0.0, Avg: 0.0, Max: 0.1, Diff: 0.1, Sum: 0.2]
      [GC Worker Total (ms): Min: 68.5, Avg: 68.5, Max: 68.5, Diff: 0.1, Sum: 273.9]
      [GC Worker End (ms): Min: 3684317.6, Avg: 3684317.6, Max: 3684317.6, Diff: 0.0]
   [Code Root Fixup: 0.0 ms]
   [Code Root Purge: 0.0 ms]
   [Clear CT: 0.3 ms]
   [Other: 3.7 ms]
      [Choose CSet: 0.0 ms]
      [Ref Proc: 1.9 ms]
      [Ref Enq: 0.1 ms]
      [Redirty Cards: 0.3 ms]
      [Humongous Register: 0.1 ms]
      [Humongous Reclaim: 0.0 ms]
      [Free CSet: 0.8 ms]
   [Eden: 923.0M(923.0M)->0.0B(929.0M) Survivors: 25600.0K->23552.0K Heap: 1620.7M(1868.0M)->693.7M(1868.0M)]
Heap after GC invocations=474 (full 0):
 garbage-first heap   total 1912832K, used 710371K [0x000000008b400000, 0x000000008b503a60, 0x0000000100000000)
  region size 1024K, 23 young (23552K), 23 survivors (23552K)
 Metaspace       used 148322K, capacity 155603K, committed 155824K, reserved 1183744K
  class space    used 19750K, capacity 21113K, committed 21168K, reserved 1048576K
}
 [Times: user=0.24 sys=0.00, real=0.07 secs] 
2020-07-20T10:10:48.386+0000: 3684.322: Total time for which application threads were stopped: 0.0737145 seconds, Stopping threads took: 0.0001859 seconds
{Heap before GC invocations=474 (full 0):
 garbage-first heap   total 1912832K, used 1661667K [0x000000008b400000, 0x000000008b503a60, 0x0000000100000000)
  region size 1024K, 952 young (974848K), 23 survivors (23552K)
 Metaspace       used 148336K, capacity 155603K, committed 155824K, reserved 1183744K
  class space    used 19750K, capacity 21113K, committed 21168K, reserved 1048576K
2020-07-20T10:10:54.250+0000: 3690.186: [GC pause (G1 Evacuation Pause) (young)
Desired survivor size 62390272 bytes, new threshold 15 (max 15)
- age   1:    6620808 bytes,    6620808 total
- age   2:    2602800 bytes,    9223608 total
- age   3:   12451040 bytes,   21674648 total
- age   4:     607664 bytes,   22282312 total
- age   5:     217112 bytes,   22499424 total
, 0.0691984 secs]
   [Parallel Time: 65.1 ms, GC Workers: 4]
      [GC Worker Start (ms): Min: 3690186.3, Avg: 3690186.3, Max: 3690186.3, Diff: 0.0]
      [Ext Root Scanning (ms): Min: 5.9, Avg: 6.6, Max: 8.5, Diff: 2.7, Sum: 26.3]
      [Update RS (ms): Min: 25.9, Avg: 27.5, Max: 28.1, Diff: 2.2, Sum: 110.0]
         [Processed Buffers: Min: 13, Avg: 37.2, Max: 48, Diff: 35, Sum: 149]
      [Scan RS (ms): Min: 4.3, Avg: 4.5, Max: 4.6, Diff: 0.3, Sum: 17.9]
      [Code Root Scanning (ms): Min: 0.0, Avg: 0.0, Max: 0.0, Diff: 0.0, Sum: 0.1]
      [Object Copy (ms): Min: 26.2, Avg: 26.3, Max: 26.5, Diff: 0.3, Sum: 105.3]
      [Termination (ms): Min: 0.0, Avg: 0.0, Max: 0.0, Diff: 0.0, Sum: 0.0]
         [Termination Attempts: Min: 5, Avg: 7.8, Max: 11, Diff: 6, Sum: 31]
      [GC Worker Other (ms): Min: 0.0, Avg: 0.0, Max: 0.1, Diff: 0.0, Sum: 0.2]
      [GC Worker Total (ms): Min: 64.9, Avg: 64.9, Max: 65.0, Diff: 0.1, Sum: 259.8]
      [GC Worker End (ms): Min: 3690251.3, Avg: 3690251.3, Max: 3690251.3, Diff: 0.0]
   [Code Root Fixup: 0.0 ms]
   [Code Root Purge: 0.0 ms]
   [Clear CT: 0.4 ms]
   [Other: 3.6 ms]
      [Choose CSet: 0.0 ms]
      [Ref Proc: 1.8 ms]
      [Ref Enq: 0.1 ms]
      [Redirty Cards: 0.3 ms]
      [Humongous Register: 0.1 ms]
      [Humongous Reclaim: 0.0 ms]
      [Free CSet: 0.9 ms]
   [Eden: 929.0M(929.0M)->0.0B(916.0M) Survivors: 23552.0K->30720.0K Heap: 1622.7M(1868.0M)->700.2M(1868.0M)]
Heap after GC invocations=475 (full 0):
 garbage-first heap   total 1912832K, used 717027K [0x000000008b400000, 0x000000008b503a60, 0x0000000100000000)
  region size 1024K, 30 young (30720K), 30 survivors (30720K)
 Metaspace       used 148336K, capacity 155603K, committed 155824K, reserved 1183744K
  class space    used 19750K, capacity 21113K, committed 21168K, reserved 1048576K
}
 [Times: user=0.23 sys=0.00, real=0.07 secs] 
2020-07-20T10:10:54.320+0000: 3690.255: Total time for which application threads were stopped: 0.0732865 seconds, Stopping threads took: 0.0025316 seconds
{Heap before GC invocations=475 (full 0):
 garbage-first heap   total 1912832K, used 1655011K [0x000000008b400000, 0x000000008b503a60, 0x0000000100000000)
  region size 1024K, 946 young (968704K), 30 survivors (30720K)
 Metaspace       used 148338K, capacity 155603K, committed 155824K, reserved 1183744K
  class space    used 19750K, capacity 21113K, committed 21168K, reserved 1048576K
2020-07-20T10:10:57.711+0000: 3693.647: [GC pause (G1 Evacuation Pause) (young)
Desired survivor size 62390272 bytes, new threshold 15 (max 15)
- age   1:   12062448 bytes,   12062448 total
- age   2:    1498144 bytes,   13560592 total
- age   3:    2572064 bytes,   16132656 total
- age   4:   12245120 bytes,   28377776 total
- age   5:     591624 bytes,   28969400 total
- age   6:     211672 bytes,   29181072 total
, 0.1036380 secs]
   [Parallel Time: 99.6 ms, GC Workers: 4]
      [GC Worker Start (ms): Min: 3693647.6, Avg: 3693647.7, Max: 3693647.7, Diff: 0.1]
      [Ext Root Scanning (ms): Min: 5.1, Avg: 5.2, Max: 5.4, Diff: 0.2, Sum: 20.9]
      [Update RS (ms): Min: 38.1, Avg: 38.2, Max: 38.3, Diff: 0.2, Sum: 152.8]
         [Processed Buffers: Min: 26, Avg: 36.2, Max: 58, Diff: 32, Sum: 145]
      [Scan RS (ms): Min: 1.0, Avg: 1.1, Max: 1.3, Diff: 0.3, Sum: 4.4]
      [Code Root Scanning (ms): Min: 0.0, Avg: 0.0, Max: 0.0, Diff: 0.0, Sum: 0.1]
      [Object Copy (ms): Min: 54.6, Avg: 54.8, Max: 55.0, Diff: 0.4, Sum: 219.4]
      [Termination (ms): Min: 0.0, Avg: 0.0, Max: 0.1, Diff: 0.0, Sum: 0.1]
         [Termination Attempts: Min: 7, Avg: 12.0, Max: 16, Diff: 9, Sum: 48]
      [GC Worker Other (ms): Min: 0.0, Avg: 0.1, Max: 0.1, Diff: 0.1, Sum: 0.3]
      [GC Worker Total (ms): Min: 99.4, Avg: 99.5, Max: 99.5, Diff: 0.1, Sum: 397.9]
      [GC Worker End (ms): Min: 3693747.1, Avg: 3693747.2, Max: 3693747.2, Diff: 0.1]
   [Code Root Fixup: 0.0 ms]
   [Code Root Purge: 0.0 ms]
   [Clear CT: 0.3 ms]
   [Other: 3.6 ms]
      [Choose CSet: 0.0 ms]
      [Ref Proc: 1.8 ms]
      [Ref Enq: 0.1 ms]
      [Redirty Cards: 0.3 ms]
      [Humongous Register: 0.1 ms]
      [Humongous Reclaim: 0.0 ms]
      [Free CSet: 0.8 ms]
   [Eden: 916.0M(916.0M)->0.0B(884.0M) Survivors: 30720.0K->47104.0K Heap: 1616.2M(1868.0M)->716.7M(1868.0M)]
Heap after GC invocations=476 (full 0):
 garbage-first heap   total 1912832K, used 733923K [0x000000008b400000, 0x000000008b503a60, 0x0000000100000000)
  region size 1024K, 46 young (47104K), 46 survivors (47104K)
 Metaspace       used 148338K, capacity 155603K, committed 155824K, reserved 1183744K
  class space    used 19750K, capacity 21113K, committed 21168K, reserved 1048576K
}
 [Times: user=0.29 sys=0.00, real=0.11 secs] 
2020-07-20T10:10:57.815+0000: 3693.751: Total time for which application threads were stopped: 0.1048377 seconds, Stopping threads took: 0.0001966 seconds
{Heap before GC invocations=476 (full 0):
 garbage-first heap   total 1912832K, used 1641187K [0x000000008b400000, 0x000000008b503a60, 0x0000000100000000)
  region size 1024K, 930 young (952320K), 46 survivors (47104K)
 Metaspace       used 148338K, capacity 155603K, committed 155824K, reserved 1183744K
  class space    used 19750K, capacity 21113K, committed 21168K, reserved 1048576K
2020-07-20T10:11:00.758+0000: 3696.693: [GC pause (G1 Evacuation Pause) (young)
Desired survivor size 61341696 bytes, new threshold 15 (max 15)
- age   1:   23379336 bytes,   23379336 total
- age   2:    6139312 bytes,   29518648 total
- age   3:    1495688 bytes,   31014336 total
- age   4:    2559040 bytes,   33573376 total
- age   5:   12244488 bytes,   45817864 total
- age   6:     590384 bytes,   46408248 total
- age   7:     211528 bytes,   46619776 total
, 0.1044085 secs]
   [Parallel Time: 100.2 ms, GC Workers: 4]
      [GC Worker Start (ms): Min: 3696693.9, Avg: 3696693.9, Max: 3696694.0, Diff: 0.1]
      [Ext Root Scanning (ms): Min: 5.1, Avg: 5.1, Max: 5.3, Diff: 0.3, Sum: 20.6]
      [Update RS (ms): Min: 26.8, Avg: 27.0, Max: 27.5, Diff: 0.7, Sum: 108.2]
         [Processed Buffers: Min: 15, Avg: 33.2, Max: 64, Diff: 49, Sum: 133]
      [Scan RS (ms): Min: 1.9, Avg: 2.2, Max: 2.4, Diff: 0.5, Sum: 8.9]
      [Code Root Scanning (ms): Min: 0.0, Avg: 0.0, Max: 0.0, Diff: 0.0, Sum: 0.1]
      [Object Copy (ms): Min: 65.3, Avg: 65.4, Max: 65.6, Diff: 0.4, Sum: 261.8]
      [Termination (ms): Min: 0.0, Avg: 0.0, Max: 0.1, Diff: 0.0, Sum: 0.1]
         [Termination Attempts: Min: 9, Avg: 16.2, Max: 21, Diff: 12, Sum: 65]
      [GC Worker Other (ms): Min: 0.0, Avg: 0.1, Max: 0.1, Diff: 0.1, Sum: 0.4]
      [GC Worker Total (ms): Min: 99.9, Avg: 100.0, Max: 100.1, Diff: 0.2, Sum: 400.0]
      [GC Worker End (ms): Min: 3696793.9, Avg: 3696793.9, Max: 3696794.0, Diff: 0.1]
   [Code Root Fixup: 0.0 ms]
   [Code Root Purge: 0.0 ms]
   [Clear CT: 0.4 ms]
   [Other: 3.8 ms]
      [Choose CSet: 0.0 ms]
      [Ref Proc: 1.8 ms]
      [Ref Enq: 0.1 ms]
      [Redirty Cards: 0.3 ms]
      [Humongous Register: 0.2 ms]
      [Humongous Reclaim: 0.0 ms]
      [Free CSet: 0.8 ms]
   [Eden: 884.0M(884.0M)->0.0B(830.0M) Survivors: 47104.0K->72704.0K Heap: 1602.7M(1868.0M)->743.2M(1868.0M)]
Heap after GC invocations=477 (full 0):
 garbage-first heap   total 1912832K, used 761059K [0x000000008b400000, 0x000000008b503a60, 0x0000000100000000)
  region size 1024K, 71 young (72704K), 71 survivors (72704K)
 Metaspace       used 148338K, capacity 155603K, committed 155824K, reserved 1183744K
  class space    used 19750K, capacity 21113K, committed 21168K, reserved 1048576K
}
 [Times: user=0.35 sys=0.00, real=0.11 secs] 
2020-07-20T10:11:00.862+0000: 3696.798: Total time for which application threads were stopped: 0.1098844 seconds, Stopping threads took: 0.0045031 seconds
{Heap before GC invocations=477 (full 0):
 garbage-first heap   total 1912832K, used 1610979K [0x000000008b400000, 0x000000008b503a60, 0x0000000100000000)
  region size 1024K, 901 young (922624K), 71 survivors (72704K)
 Metaspace       used 148338K, capacity 155603K, committed 155824K, reserved 1183744K
  class space    used 19750K, capacity 21113K, committed 21168K, reserved 1048576K
2020-07-20T10:11:03.901+0000: 3699.837: [GC pause (G1 Evacuation Pause) (young)
Desired survivor size 59244544 bytes, new threshold 5 (max 15)
- age   1:   31339384 bytes,   31339384 total
- age   2:   18193824 bytes,   49533208 total
- age   3:    6131528 bytes,   55664736 total
- age   4:    1492136 bytes,   57156872 total
- age   5:    2553760 bytes,   59710632 total
- age   6:   12243904 bytes,   71954536 total
- age   7:     590320 bytes,   72544856 total
- age   8:     198808 bytes,   72743664 total
, 0.0770483 secs]
   [Parallel Time: 72.9 ms, GC Workers: 4]
      [GC Worker Start (ms): Min: 3699837.6, Avg: 3699837.6, Max: 3699837.7, Diff: 0.1]
      [Ext Root Scanning (ms): Min: 4.9, Avg: 5.0, Max: 5.1, Diff: 0.2, Sum: 20.0]
      [Update RS (ms): Min: 23.6, Avg: 23.6, Max: 23.8, Diff: 0.3, Sum: 94.6]
         [Processed Buffers: Min: 31, Avg: 32.5, Max: 35, Diff: 4, Sum: 130]
      [Scan RS (ms): Min: 2.8, Avg: 3.0, Max: 3.1, Diff: 0.3, Sum: 12.1]
      [Code Root Scanning (ms): Min: 0.0, Avg: 0.0, Max: 0.1, Diff: 0.0, Sum: 0.1]
      [Object Copy (ms): Min: 40.9, Avg: 41.1, Max: 41.2, Diff: 0.2, Sum: 164.3]
      [Termination (ms): Min: 0.0, Avg: 0.0, Max: 0.1, Diff: 0.1, Sum: 0.1]
         [Termination Attempts: Min: 2, Avg: 7.0, Max: 10, Diff: 8, Sum: 28]
      [GC Worker Other (ms): Min: 0.0, Avg: 0.0, Max: 0.0, Diff: 0.0, Sum: 0.1]
      [GC Worker Total (ms): Min: 72.8, Avg: 72.8, Max: 72.9, Diff: 0.1, Sum: 291.3]
      [GC Worker End (ms): Min: 3699910.4, Avg: 3699910.4, Max: 3699910.4, Diff: 0.0]
   [Code Root Fixup: 0.0 ms]
   [Code Root Purge: 0.0 ms]
   [Clear CT: 0.4 ms]
   [Other: 3.8 ms]
      [Choose CSet: 0.0 ms]
      [Ref Proc: 1.9 ms]
      [Ref Enq: 0.1 ms]
      [Redirty Cards: 0.3 ms]
      [Humongous Register: 0.1 ms]
      [Humongous Reclaim: 0.1 ms]
      [Free CSet: 0.9 ms]
   [Eden: 830.0M(830.0M)->0.0B(888.0M) Survivors: 72704.0K->43008.0K Heap: 1573.2M(1868.0M)->715.7M(1868.0M)]
Heap after GC invocations=478 (full 0):
 garbage-first heap   total 1912832K, used 732926K [0x000000008b400000, 0x000000008b503a60, 0x0000000100000000)
  region size 1024K, 42 young (43008K), 42 survivors (43008K)
 Metaspace       used 148338K, capacity 155603K, committed 155824K, reserved 1183744K
  class space    used 19750K, capacity 21113K, committed 21168K, reserved 1048576K
}
 [Times: user=0.26 sys=0.00, real=0.07 secs] 
2020-07-20T10:11:03.979+0000: 3699.915: Total time for which application threads were stopped: 0.0809640 seconds, Stopping threads took: 0.0030653 seconds
{Heap before GC invocations=478 (full 0):
 garbage-first heap   total 1912832K, used 1644286K [0x000000008b400000, 0x000000008b503a60, 0x0000000100000000)
  region size 1024K, 930 young (952320K), 42 survivors (43008K)
 Metaspace       used 148338K, capacity 155603K, committed 155824K, reserved 1183744K
  class space    used 19750K, capacity 21113K, committed 21168K, reserved 1048576K
2020-07-20T10:11:06.985+0000: 3702.921: [GC pause (G1 Evacuation Pause) (young)
Desired survivor size 61341696 bytes, new threshold 15 (max 15)
- age   1:   21492096 bytes,   21492096 total
- age   2:   15289264 bytes,   36781360 total
- age   3:     324696 bytes,   37106056 total
- age   4:    2210392 bytes,   39316448 total
- age   5:    1489760 bytes,   40806208 total
, 0.0673404 secs]
   [Parallel Time: 63.1 ms, GC Workers: 4]
      [GC Worker Start (ms): Min: 3702921.0, Avg: 3702921.1, Max: 3702921.5, Diff: 0.5]
      [Ext Root Scanning (ms): Min: 5.3, Avg: 5.7, Max: 5.9, Diff: 0.5, Sum: 22.7]
      [Update RS (ms): Min: 35.4, Avg: 35.9, Max: 36.9, Diff: 1.4, Sum: 143.5]
         [Processed Buffers: Min: 14, Avg: 33.5, Max: 45, Diff: 31, Sum: 134]
      [Scan RS (ms): Min: 1.0, Avg: 1.8, Max: 2.1, Diff: 1.2, Sum: 7.3]
      [Code Root Scanning (ms): Min: 0.0, Avg: 0.0, Max: 0.0, Diff: 0.0, Sum: 0.1]
      [Object Copy (ms): Min: 19.2, Avg: 19.4, Max: 19.5, Diff: 0.2, Sum: 77.6]
      [Termination (ms): Min: 0.0, Avg: 0.0, Max: 0.0, Diff: 0.0, Sum: 0.1]
         [Termination Attempts: Min: 1, Avg: 1.2, Max: 2, Diff: 1, Sum: 5]
      [GC Worker Other (ms): Min: 0.0, Avg: 0.0, Max: 0.1, Diff: 0.0, Sum: 0.2]
      [GC Worker Total (ms): Min: 62.5, Avg: 62.9, Max: 63.0, Diff: 0.5, Sum: 251.4]
      [GC Worker End (ms): Min: 3702984.0, Avg: 3702984.0, Max: 3702984.0, Diff: 0.0]
   [Code Root Fixup: 0.0 ms]
   [Code Root Purge: 0.0 ms]
   [Clear CT: 0.4 ms]
   [Other: 3.8 ms]
      [Choose CSet: 0.0 ms]
      [Ref Proc: 2.1 ms]
      [Ref Enq: 0.1 ms]
      [Redirty Cards: 0.3 ms]
      [Humongous Register: 0.1 ms]
      [Humongous Reclaim: 0.1 ms]
      [Free CSet: 0.8 ms]
   [Eden: 888.0M(888.0M)->0.0B(919.0M) Survivors: 43008.0K->24576.0K Heap: 1605.7M(1868.0M)->698.2M(1868.0M)]
Heap after GC invocations=479 (full 0):
 garbage-first heap   total 1912832K, used 715006K [0x000000008b400000, 0x000000008b503a60, 0x0000000100000000)
  region size 1024K, 24 young (24576K), 24 survivors (24576K)
 Metaspace       used 148338K, capacity 155603K, committed 155824K, reserved 1183744K
  class space    used 19750K, capacity 21113K, committed 21168K, reserved 1048576K
}
 [Times: user=0.18 sys=0.02, real=0.06 secs] 
2020-07-20T10:11:07.053+0000: 3702.988: Total time for which application threads were stopped: 0.0684243 seconds, Stopping threads took: 0.0002312 seconds
{Heap before GC invocations=479 (full 0):
 garbage-first heap   total 1912832K, used 1656062K [0x000000008b400000, 0x000000008b503a60, 0x0000000100000000)
  region size 1024K, 943 young (965632K), 24 survivors (24576K)
 Metaspace       used 148340K, capacity 155603K, committed 155824K, reserved 1183744K
  class space    used 19750K, capacity 21113K, committed 21168K, reserved 1048576K
2020-07-20T10:11:10.474+0000: 3706.409: [GC pause (G1 Evacuation Pause) (young)
Desired survivor size 61865984 bytes, new threshold 15 (max 15)
- age   1:   18390352 bytes,   18390352 total
- age   2:     268352 bytes,   18658704 total
- age   3:     433992 bytes,   19092696 total
- age   4:     322112 bytes,   19414808 total
- age   5:    2209784 bytes,   21624592 total
- age   6:    1489696 bytes,   23114288 total
, 0.0705815 secs]
   [Parallel Time: 66.7 ms, GC Workers: 4]
      [GC Worker Start (ms): Min: 3706409.6, Avg: 3706409.7, Max: 3706409.7, Diff: 0.1]
      [Ext Root Scanning (ms): Min: 5.1, Avg: 5.3, Max: 5.4, Diff: 0.3, Sum: 21.0]
      [Update RS (ms): Min: 21.8, Avg: 21.9, Max: 22.0, Diff: 0.2, Sum: 87.6]
         [Processed Buffers: Min: 18, Avg: 29.8, Max: 49, Diff: 31, Sum: 119]
      [Scan RS (ms): Min: 0.2, Avg: 0.3, Max: 0.3, Diff: 0.1, Sum: 1.1]
      [Code Root Scanning (ms): Min: 0.0, Avg: 0.0, Max: 0.0, Diff: 0.0, Sum: 0.1]
      [Object Copy (ms): Min: 38.8, Avg: 39.0, Max: 39.1, Diff: 0.3, Sum: 156.1]
      [Termination (ms): Min: 0.0, Avg: 0.0, Max: 0.0, Diff: 0.0, Sum: 0.0]
         [Termination Attempts: Min: 14, Avg: 17.8, Max: 23, Diff: 9, Sum: 71]
      [GC Worker Other (ms): Min: 0.1, Avg: 0.1, Max: 0.1, Diff: 0.0, Sum: 0.3]
      [GC Worker Total (ms): Min: 66.5, Avg: 66.5, Max: 66.6, Diff: 0.0, Sum: 266.2]
      [GC Worker End (ms): Min: 3706476.2, Avg: 3706476.2, Max: 3706476.2, Diff: 0.0]
   [Code Root Fixup: 0.0 ms]
   [Code Root Purge: 0.0 ms]
   [Clear CT: 0.4 ms]
   [Other: 3.5 ms]
      [Choose CSet: 0.0 ms]
      [Ref Proc: 1.8 ms]
      [Ref Enq: 0.1 ms]
      [Redirty Cards: 0.2 ms]
      [Humongous Register: 0.1 ms]
      [Humongous Reclaim: 0.0 ms]
      [Free CSet: 0.8 ms]
   [Eden: 919.0M(919.0M)->0.0B(890.0M) Survivors: 24576.0K->41984.0K Heap: 1617.2M(1868.0M)->715.2M(1868.0M)]
Heap after GC invocations=480 (full 0):
 garbage-first heap   total 1912832K, used 732414K [0x000000008b400000, 0x000000008b503a60, 0x0000000100000000)
  region size 1024K, 41 young (41984K), 41 survivors (41984K)
 Metaspace       used 148340K, capacity 155603K, committed 155824K, reserved 1183744K
  class space    used 19750K, capacity 21113K, committed 21168K, reserved 1048576K
}
 [Times: user=0.22 sys=0.01, real=0.07 secs] 
2020-07-20T10:11:10.544+0000: 3706.480: Total time for which application threads were stopped: 0.0725611 seconds, Stopping threads took: 0.0010258 seconds
{Heap before GC invocations=480 (full 0):
 garbage-first heap   total 1912832K, used 1645822K [0x000000008b400000, 0x000000008b503a60, 0x0000000100000000)
  region size 1024K, 931 young (953344K), 41 survivors (41984K)
 Metaspace       used 148340K, capacity 155603K, committed 155824K, reserved 1183744K
  class space    used 19750K, capacity 21113K, committed 21168K, reserved 1048576K
2020-07-20T10:11:13.471+0000: 3709.407: [GC pause (G1 Evacuation Pause) (young)
Desired survivor size 61341696 bytes, new threshold 15 (max 15)
- age   1:   23713672 bytes,   23713672 total
- age   2:   13213904 bytes,   36927576 total
- age   3:     251952 bytes,   37179528 total
- age   4:     433000 bytes,   37612528 total
- age   5:     321760 bytes,   37934288 total
- age   6:    2208456 bytes,   40142744 total
- age   7:    1486272 bytes,   41629016 total
, 0.0921809 secs]
   [Parallel Time: 87.5 ms, GC Workers: 4]
      [GC Worker Start (ms): Min: 3709408.0, Avg: 3709408.0, Max: 3709408.0, Diff: 0.1]
      [Ext Root Scanning (ms): Min: 5.9, Avg: 6.2, Max: 6.7, Diff: 0.8, Sum: 24.6]
      [Update RS (ms): Min: 24.2, Avg: 24.6, Max: 25.1, Diff: 0.9, Sum: 98.2]
         [Processed Buffers: Min: 11, Avg: 29.2, Max: 54, Diff: 43, Sum: 117]
      [Scan RS (ms): Min: 0.2, Avg: 0.3, Max: 0.4, Diff: 0.2, Sum: 1.0]
      [Code Root Scanning (ms): Min: 0.0, Avg: 0.0, Max: 0.0, Diff: 0.0, Sum: 0.1]
      [Object Copy (ms): Min: 55.9, Avg: 56.3, Max: 56.5, Diff: 0.6, Sum: 225.1]
      [Termination (ms): Min: 0.0, Avg: 0.0, Max: 0.1, Diff: 0.0, Sum: 0.1]
         [Termination Attempts: Min: 8, Avg: 12.5, Max: 15, Diff: 7, Sum: 50]
      [GC Worker Other (ms): Min: 0.0, Avg: 0.1, Max: 0.1, Diff: 0.1, Sum: 0.2]
      [GC Worker Total (ms): Min: 87.3, Avg: 87.3, Max: 87.4, Diff: 0.1, Sum: 349.4]
      [GC Worker End (ms): Min: 3709495.3, Avg: 3709495.3, Max: 3709495.4, Diff: 0.1]
   [Code Root Fixup: 0.1 ms]
   [Code Root Purge: 0.0 ms]
   [Clear CT: 0.4 ms]
   [Other: 4.2 ms]
      [Choose CSet: 0.1 ms]
      [Ref Proc: 1.9 ms]
      [Ref Enq: 0.2 ms]
      [Redirty Cards: 0.3 ms]
      [Humongous Register: 0.3 ms]
      [Humongous Reclaim: 0.0 ms]
      [Free CSet: 0.8 ms]
   [Eden: 890.0M(890.0M)->0.0B(842.0M) Survivors: 41984.0K->64512.0K Heap: 1607.2M(1868.0M)->738.7M(1868.0M)]
Heap after GC invocations=481 (full 0):
 garbage-first heap   total 1912832K, used 756478K [0x000000008b400000, 0x000000008b503a60, 0x0000000100000000)
  region size 1024K, 63 young (64512K), 63 survivors (64512K)
 Metaspace       used 148340K, capacity 155603K, committed 155824K, reserved 1183744K
  class space    used 19750K, capacity 21113K, committed 21168K, reserved 1048576K
}
 [Times: user=0.29 sys=0.02, real=0.10 secs] 
2020-07-20T10:11:13.564+0000: 3709.500: Total time for which application threads were stopped: 0.0994825 seconds, Stopping threads took: 0.0045492 seconds
{Heap before GC invocations=481 (full 0):
 garbage-first heap   total 1912832K, used 1620734K [0x000000008b400000, 0x000000008b503a60, 0x0000000100000000)
  region size 1024K, 905 young (926720K), 63 survivors (64512K)
 Metaspace       used 148340K, capacity 155603K, committed 155824K, reserved 1183744K
  class space    used 19750K, capacity 21113K, committed 21168K, reserved 1048576K
2020-07-20T10:11:16.570+0000: 3712.506: [GC pause (G1 Evacuation Pause) (young)
Desired survivor size 59768832 bytes, new threshold 3 (max 15)
- age   1:   28865208 bytes,   28865208 total
- age   2:   18627072 bytes,   47492280 total
- age   3:   12728528 bytes,   60220808 total
- age   4:     242584 bytes,   60463392 total
- age   5:     432800 bytes,   60896192 total
- age   6:     317544 bytes,   61213736 total
- age   7:    2201064 bytes,   63414800 total
- age   8:    1483968 bytes,   64898768 total
, 0.0662645 secs]
   [Parallel Time: 62.2 ms, GC Workers: 4]
      [GC Worker Start (ms): Min: 3712505.9, Avg: 3712506.0, Max: 3712506.0, Diff: 0.1]
      [Ext Root Scanning (ms): Min: 5.8, Avg: 6.0, Max: 6.2, Diff: 0.4, Sum: 23.8]
      [Update RS (ms): Min: 21.6, Avg: 21.7, Max: 21.9, Diff: 0.3, Sum: 86.8]
         [Processed Buffers: Min: 20, Avg: 30.2, Max: 40, Diff: 20, Sum: 121]
      [Scan RS (ms): Min: 0.1, Avg: 0.3, Max: 0.4, Diff: 0.3, Sum: 1.0]
      [Code Root Scanning (ms): Min: 0.0, Avg: 0.0, Max: 0.0, Diff: 0.0, Sum: 0.1]
      [Object Copy (ms): Min: 33.8, Avg: 34.0, Max: 34.2, Diff: 0.4, Sum: 136.1]
      [Termination (ms): Min: 0.0, Avg: 0.0, Max: 0.0, Diff: 0.0, Sum: 0.1]
         [Termination Attempts: Min: 1, Avg: 1.2, Max: 2, Diff: 1, Sum: 5]
      [GC Worker Other (ms): Min: 0.0, Avg: 0.0, Max: 0.0, Diff: 0.0, Sum: 0.2]
      [GC Worker Total (ms): Min: 62.0, Avg: 62.0, Max: 62.1, Diff: 0.1, Sum: 248.1]
      [GC Worker End (ms): Min: 3712568.0, Avg: 3712568.0, Max: 3712568.0, Diff: 0.0]
   [Code Root Fixup: 0.0 ms]
   [Code Root Purge: 0.0 ms]
   [Clear CT: 0.3 ms]
   [Other: 3.8 ms]
      [Choose CSet: 0.0 ms]
      [Ref Proc: 1.9 ms]
      [Ref Enq: 0.2 ms]
      [Redirty Cards: 0.3 ms]
      [Humongous Register: 0.1 ms]
      [Humongous Reclaim: 0.1 ms]
      [Free CSet: 0.8 ms]
   [Eden: 842.0M(842.0M)->0.0B(895.0M) Survivors: 64512.0K->34816.0K Heap: 1582.7M(1868.0M)->714.8M(1868.0M)]
Heap after GC invocations=482 (full 0):
 garbage-first heap   total 1912832K, used 731931K [0x000000008b400000, 0x000000008b503a60, 0x0000000100000000)
  region size 1024K, 34 young (34816K), 34 survivors (34816K)
 Metaspace       used 148340K, capacity 155603K, committed 155824K, reserved 1183744K
  class space    used 19750K, capacity 21113K, committed 21168K, reserved 1048576K
}
 [Times: user=0.21 sys=0.01, real=0.07 secs] 
2020-07-20T10:11:16.636+0000: 3712.572: Total time for which application threads were stopped: 0.0738799 seconds, Stopping threads took: 0.0061892 seconds
{Heap before GC invocations=482 (full 0):
 garbage-first heap   total 1912832K, used 1650459K [0x000000008b400000, 0x000000008b503a60, 0x0000000100000000)
  region size 1024K, 929 young (951296K), 34 survivors (34816K)
 Metaspace       used 148345K, capacity 155603K, committed 155824K, reserved 1183744K
  class space    used 19750K, capacity 21113K, committed 21168K, reserved 1048576K
2020-07-20T10:11:19.176+0000: 3715.112: [GC pause (G1 Evacuation Pause) (young)
Desired survivor size 61341696 bytes, new threshold 15 (max 15)
- age   1:   22174304 bytes,   22174304 total
- age   2:   10762960 bytes,   32937264 total
- age   3:     256416 bytes,   33193680 total
, 0.0840523 secs]
   [Parallel Time: 80.2 ms, GC Workers: 4]
      [GC Worker Start (ms): Min: 3715112.5, Avg: 3715112.5, Max: 3715112.5, Diff: 0.1]
      [Ext Root Scanning (ms): Min: 5.1, Avg: 5.2, Max: 5.3, Diff: 0.2, Sum: 20.6]
      [Update RS (ms): Min: 28.7, Avg: 28.9, Max: 29.6, Diff: 0.9, Sum: 115.7]
         [Processed Buffers: Min: 18, Avg: 35.0, Max: 45, Diff: 27, Sum: 140]
      [Scan RS (ms): Min: 0.1, Avg: 0.3, Max: 0.3, Diff: 0.2, Sum: 1.1]
      [Code Root Scanning (ms): Min: 0.0, Avg: 0.0, Max: 0.0, Diff: 0.0, Sum: 0.1]
      [Object Copy (ms): Min: 44.9, Avg: 45.5, Max: 45.8, Diff: 0.9, Sum: 182.2]
      [Termination (ms): Min: 0.0, Avg: 0.0, Max: 0.1, Diff: 0.0, Sum: 0.1]
         [Termination Attempts: Min: 7, Avg: 12.8, Max: 20, Diff: 13, Sum: 51]
      [GC Worker Other (ms): Min: 0.0, Avg: 0.1, Max: 0.1, Diff: 0.1, Sum: 0.4]
      [GC Worker Total (ms): Min: 79.9, Avg: 80.0, Max: 80.1, Diff: 0.1, Sum: 320.1]
      [GC Worker End (ms): Min: 3715192.5, Avg: 3715192.5, Max: 3715192.6, Diff: 0.1]
   [Code Root Fixup: 0.0 ms]
   [Code Root Purge: 0.0 ms]
   [Clear CT: 0.3 ms]
   [Other: 3.5 ms]
      [Choose CSet: 0.0 ms]
      [Ref Proc: 1.9 ms]
      [Ref Enq: 0.1 ms]
      [Redirty Cards: 0.2 ms]
      [Humongous Register: 0.1 ms]
      [Humongous Reclaim: 0.0 ms]
      [Free CSet: 0.8 ms]
   [Eden: 895.0M(895.0M)->0.0B(859.0M) Survivors: 34816.0K->51200.0K Heap: 1611.8M(1868.0M)->733.3M(1868.0M)]
Heap after GC invocations=483 (full 0):
 garbage-first heap   total 1912832K, used 750875K [0x000000008b400000, 0x000000008b503a60, 0x0000000100000000)
  region size 1024K, 50 young (51200K), 50 survivors (51200K)
 Metaspace       used 148345K, capacity 155603K, committed 155824K, reserved 1183744K
  class space    used 19750K, capacity 21113K, committed 21168K, reserved 1048576K
}
 [Times: user=0.25 sys=0.03, real=0.08 secs] 
2020-07-20T10:11:19.261+0000: 3715.197: Total time for which application threads were stopped: 0.0854040 seconds, Stopping threads took: 0.0004173 seconds
{Heap before GC invocations=483 (full 0):
 garbage-first heap   total 1912832K, used 1630491K [0x000000008b400000, 0x000000008b503a60, 0x0000000100000000)
  region size 1024K, 909 young (930816K), 50 survivors (51200K)
 Metaspace       used 148345K, capacity 155603K, committed 155824K, reserved 1183744K
  class space    used 19750K, capacity 21113K, committed 21168K, reserved 1048576K
2020-07-20T10:11:22.319+0000: 3718.255: [GC pause (G1 Evacuation Pause) (young)
Desired survivor size 59768832 bytes, new threshold 15 (max 15)
- age   1:   23010800 bytes,   23010800 total
- age   2:   16943824 bytes,   39954624 total
- age   3:   10754248 bytes,   50708872 total
- age   4:     255784 bytes,   50964656 total
, 0.0509431 secs]
   [Parallel Time: 46.6 ms, GC Workers: 4]
      [GC Worker Start (ms): Min: 3718255.1, Avg: 3718256.5, Max: 3718260.6, Diff: 5.5]
      [Ext Root Scanning (ms): Min: 0.7, Avg: 4.6, Max: 6.0, Diff: 5.3, Sum: 18.4]
      [Update RS (ms): Min: 18.3, Avg: 18.3, Max: 18.4, Diff: 0.1, Sum: 73.2]
         [Processed Buffers: Min: 21, Avg: 31.0, Max: 38, Diff: 17, Sum: 124]
      [Scan RS (ms): Min: 0.2, Avg: 0.3, Max: 0.3, Diff: 0.0, Sum: 1.0]
      [Code Root Scanning (ms): Min: 0.0, Avg: 0.0, Max: 0.0, Diff: 0.0, Sum: 0.1]
      [Object Copy (ms): Min: 21.6, Avg: 21.8, Max: 22.0, Diff: 0.5, Sum: 87.3]
      [Termination (ms): Min: 0.0, Avg: 0.0, Max: 0.0, Diff: 0.0, Sum: 0.0]
         [Termination Attempts: Min: 1, Avg: 1.0, Max: 1, Diff: 0, Sum: 4]
      [GC Worker Other (ms): Min: 0.0, Avg: 0.1, Max: 0.1, Diff: 0.1, Sum: 0.3]
      [GC Worker Total (ms): Min: 41.0, Avg: 45.1, Max: 46.5, Diff: 5.4, Sum: 180.3]
      [GC Worker End (ms): Min: 3718301.5, Avg: 3718301.6, Max: 3718301.6, Diff: 0.1]
   [Code Root Fixup: 0.0 ms]
   [Code Root Purge: 0.0 ms]
   [Clear CT: 0.4 ms]
   [Other: 3.9 ms]
      [Choose CSet: 0.0 ms]
      [Ref Proc: 2.1 ms]
      [Ref Enq: 0.2 ms]
      [Redirty Cards: 0.3 ms]
      [Humongous Register: 0.1 ms]
      [Humongous Reclaim: 0.1 ms]
      [Free CSet: 0.8 ms]
   [Eden: 859.0M(859.0M)->0.0B(904.0M) Survivors: 51200.0K->28672.0K Heap: 1592.3M(1868.0M)->709.3M(1868.0M)]
Heap after GC invocations=484 (full 0):
 garbage-first heap   total 1912832K, used 726299K [0x000000008b400000, 0x000000008b503a60, 0x0000000100000000)
  region size 1024K, 28 young (28672K), 28 survivors (28672K)
 Metaspace       used 148345K, capacity 155603K, committed 155824K, reserved 1183744K
  class space    used 19750K, capacity 21113K, committed 21168K, reserved 1048576K
}
 [Times: user=0.17 sys=0.00, real=0.05 secs] 
2020-07-20T10:11:22.370+0000: 3718.306: Total time for which application threads were stopped: 0.0520527 seconds, Stopping threads took: 0.0002368 seconds
{Heap before GC invocations=484 (full 0):
 garbage-first heap   total 1912832K, used 1651995K [0x000000008b400000, 0x000000008b503a60, 0x0000000100000000)
  region size 1024K, 932 young (954368K), 28 survivors (28672K)
 Metaspace       used 148346K, capacity 155603K, committed 155824K, reserved 1183744K
  class space    used 19750K, capacity 21113K, committed 21168K, reserved 1048576K
2020-07-20T10:11:24.970+0000: 3720.905: [GC pause (G1 Evacuation Pause) (young)
Desired survivor size 61341696 bytes, new threshold 15 (max 15)
- age   1:   19862480 bytes,   19862480 total
- age   2:    5835088 bytes,   25697568 total
- age   3:     811480 bytes,   26509048 total
- age   4:     614936 bytes,   27123984 total
- age   5:     255720 bytes,   27379704 total
, 0.0712974 secs]
   [Parallel Time: 67.2 ms, GC Workers: 4]
      [GC Worker Start (ms): Min: 3720905.6, Avg: 3720905.7, Max: 3720905.7, Diff: 0.1]
      [Ext Root Scanning (ms): Min: 5.2, Avg: 5.2, Max: 5.4, Diff: 0.2, Sum: 20.9]
      [Update RS (ms): Min: 22.5, Avg: 22.8, Max: 23.6, Diff: 1.1, Sum: 91.3]
         [Processed Buffers: Min: 20, Avg: 30.5, Max: 46, Diff: 26, Sum: 122]
      [Scan RS (ms): Min: 0.2, Avg: 0.3, Max: 0.4, Diff: 0.2, Sum: 1.1]
      [Code Root Scanning (ms): Min: 0.0, Avg: 0.0, Max: 0.0, Diff: 0.0, Sum: 0.1]
      [Object Copy (ms): Min: 37.9, Avg: 38.6, Max: 38.9, Diff: 1.1, Sum: 154.5]
      [Termination (ms): Min: 0.0, Avg: 0.0, Max: 0.0, Diff: 0.0, Sum: 0.0]
         [Termination Attempts: Min: 1, Avg: 1.0, Max: 1, Diff: 0, Sum: 4]
      [GC Worker Other (ms): Min: 0.0, Avg: 0.1, Max: 0.1, Diff: 0.1, Sum: 0.3]
      [GC Worker Total (ms): Min: 67.0, Avg: 67.0, Max: 67.1, Diff: 0.0, Sum: 268.1]
      [GC Worker End (ms): Min: 3720972.7, Avg: 3720972.7, Max: 3720972.8, Diff: 0.1]
   [Code Root Fixup: 0.1 ms]
   [Code Root Purge: 0.0 ms]
   [Clear CT: 0.3 ms]
   [Other: 3.7 ms]
      [Choose CSet: 0.0 ms]
      [Ref Proc: 2.0 ms]
      [Ref Enq: 0.1 ms]
      [Redirty Cards: 0.2 ms]
      [Humongous Register: 0.1 ms]
      [Humongous Reclaim: 0.0 ms]
      [Free CSet: 0.8 ms]
   [Eden: 904.0M(904.0M)->0.0B(881.0M) Survivors: 28672.0K->41984.0K Heap: 1613.3M(1868.0M)->722.3M(1868.0M)]
Heap after GC invocations=485 (full 0):
 garbage-first heap   total 1912832K, used 739611K [0x000000008b400000, 0x000000008b503a60, 0x0000000100000000)
  region size 1024K, 41 young (41984K), 41 survivors (41984K)
 Metaspace       used 148346K, capacity 155603K, committed 155824K, reserved 1183744K
  class space    used 19750K, capacity 21113K, committed 21168K, reserved 1048576K
}
 [Times: user=0.22 sys=0.00, real=0.08 secs] 
2020-07-20T10:11:25.041+0000: 3720.977: Total time for which application threads were stopped: 0.0729129 seconds, Stopping threads took: 0.0006362 seconds
{Heap before GC invocations=485 (full 0):
 garbage-first heap   total 1912832K, used 1643803K [0x000000008b400000, 0x000000008b503a60, 0x0000000100000000)
  region size 1024K, 922 young (944128K), 41 survivors (41984K)
 Metaspace       used 148346K, capacity 155603K, committed 155824K, reserved 1183744K
  class space    used 19750K, capacity 21113K, committed 21168K, reserved 1048576K
2020-07-20T10:11:27.478+0000: 3723.413: [GC pause (G1 Evacuation Pause) (young)
Desired survivor size 60817408 bytes, new threshold 15 (max 15)
- age   1:   18555944 bytes,   18555944 total
- age   2:   15031864 bytes,   33587808 total
- age   3:    5828464 bytes,   39416272 total
- age   4:     810680 bytes,   40226952 total
- age   5:     614248 bytes,   40841200 total
- age   6:     255512 bytes,   41096712 total
, 0.0817928 secs]
   [Parallel Time: 77.6 ms, GC Workers: 4]
      [GC Worker Start (ms): Min: 3723413.8, Avg: 3723414.1, Max: 3723415.1, Diff: 1.3]
      [Ext Root Scanning (ms): Min: 4.6, Avg: 5.8, Max: 6.8, Diff: 2.2, Sum: 23.3]
      [Update RS (ms): Min: 18.6, Avg: 19.0, Max: 19.2, Diff: 0.6, Sum: 76.1]
         [Processed Buffers: Min: 21, Avg: 31.2, Max: 36, Diff: 15, Sum: 125]
      [Scan RS (ms): Min: 0.2, Avg: 0.2, Max: 0.4, Diff: 0.2, Sum: 0.9]
      [Code Root Scanning (ms): Min: 0.0, Avg: 0.0, Max: 0.0, Diff: 0.0, Sum: 0.1]
      [Object Copy (ms): Min: 51.7, Avg: 51.9, Max: 52.0, Diff: 0.3, Sum: 207.7]
      [Termination (ms): Min: 0.0, Avg: 0.0, Max: 0.0, Diff: 0.0, Sum: 0.1]
         [Termination Attempts: Min: 6, Avg: 9.2, Max: 11, Diff: 5, Sum: 37]
      [GC Worker Other (ms): Min: 0.0, Avg: 0.0, Max: 0.1, Diff: 0.0, Sum: 0.2]
      [GC Worker Total (ms): Min: 76.1, Avg: 77.1, Max: 77.4, Diff: 1.3, Sum: 308.3]
      [GC Worker End (ms): Min: 3723491.2, Avg: 3723491.2, Max: 3723491.2, Diff: 0.0]
   [Code Root Fixup: 0.0 ms]
   [Code Root Purge: 0.0 ms]
   [Clear CT: 0.3 ms]
   [Other: 3.9 ms]
      [Choose CSet: 0.0 ms]
      [Ref Proc: 2.1 ms]
      [Ref Enq: 0.1 ms]
      [Redirty Cards: 0.3 ms]
      [Humongous Register: 0.2 ms]
      [Humongous Reclaim: 0.0 ms]
      [Free CSet: 0.8 ms]
   [Eden: 881.0M(881.0M)->0.0B(835.0M) Survivors: 41984.0K->63488.0K Heap: 1605.3M(1868.0M)->744.8M(1868.0M)]
Heap after GC invocations=486 (full 0):
 garbage-first heap   total 1912832K, used 762651K [0x000000008b400000, 0x000000008b503a60, 0x0000000100000000)
  region size 1024K, 62 young (63488K), 62 survivors (63488K)
 Metaspace       used 148346K, capacity 155603K, committed 155824K, reserved 1183744K
  class space    used 19750K, capacity 21113K, committed 21168K, reserved 1048576K
}
 [Times: user=0.27 sys=0.01, real=0.08 secs] 
2020-07-20T10:11:27.560+0000: 3723.495: Total time for which application threads were stopped: 0.0837134 seconds, Stopping threads took: 0.0010028 seconds
{Heap before GC invocations=486 (full 0):
 garbage-first heap   total 1912832K, used 1618261K [0x000000008b400000, 0x000000008b503a60, 0x0000000100000000)
  region size 1024K, 897 young (918528K), 62 survivors (63488K)
 Metaspace       used 148354K, capacity 155667K, committed 155824K, reserved 1183744K
  class space    used 19750K, capacity 21113K, committed 21168K, reserved 1048576K
2020-07-20T10:11:31.065+0000: 3727.001: [GC pause (G1 Evacuation Pause) (young)
Desired survivor size 59244544 bytes, new threshold 4 (max 15)
- age   1:   27331184 bytes,   27331184 total
- age   2:   13681224 bytes,   41012408 total
- age   3:   14077024 bytes,   55089432 total
- age   4:    5827504 bytes,   60916936 total
- age   5:     807448 bytes,   61724384 total
- age   6:     613960 bytes,   62338344 total
- age   7:     254936 bytes,   62593280 total
, 0.0582230 secs]
   [Parallel Time: 54.2 ms, GC Workers: 4]
      [GC Worker Start (ms): Min: 3727001.7, Avg: 3727001.7, Max: 3727001.7, Diff: 0.1]
      [Ext Root Scanning (ms): Min: 4.8, Avg: 4.9, Max: 5.1, Diff: 0.2, Sum: 19.6]
      [Update RS (ms): Min: 18.3, Avg: 18.7, Max: 18.9, Diff: 0.7, Sum: 74.7]
         [Processed Buffers: Min: 16, Avg: 30.8, Max: 40, Diff: 24, Sum: 123]
      [Scan RS (ms): Min: 0.1, Avg: 0.2, Max: 0.5, Diff: 0.4, Sum: 0.9]
      [Code Root Scanning (ms): Min: 0.0, Avg: 0.0, Max: 0.0, Diff: 0.0, Sum: 0.1]
      [Object Copy (ms): Min: 30.0, Avg: 30.1, Max: 30.3, Diff: 0.3, Sum: 120.5]
      [Termination (ms): Min: 0.0, Avg: 0.0, Max: 0.0, Diff: 0.0, Sum: 0.0]
         [Termination Attempts: Min: 1, Avg: 1.0, Max: 1, Diff: 0, Sum: 4]
      [GC Worker Other (ms): Min: 0.0, Avg: 0.1, Max: 0.1, Diff: 0.1, Sum: 0.2]
      [GC Worker Total (ms): Min: 53.9, Avg: 54.0, Max: 54.0, Diff: 0.0, Sum: 215.9]
      [GC Worker End (ms): Min: 3727055.6, Avg: 3727055.7, Max: 3727055.7, Diff: 0.1]
   [Code Root Fixup: 0.0 ms]
   [Code Root Purge: 0.0 ms]
   [Clear CT: 0.4 ms]
   [Other: 3.6 ms]
      [Choose CSet: 0.0 ms]
      [Ref Proc: 1.9 ms]
      [Ref Enq: 0.1 ms]
      [Redirty Cards: 0.3 ms]
      [Humongous Register: 0.1 ms]
      [Humongous Reclaim: 0.1 ms]
      [Free CSet: 0.8 ms]
   [Eden: 835.0M(835.0M)->0.0B(894.0M) Survivors: 63488.0K->34816.0K Heap: 1580.3M(1868.0M)->716.5M(1868.0M)]
Heap after GC invocations=487 (full 0):
 garbage-first heap   total 1912832K, used 733662K [0x000000008b400000, 0x000000008b503a60, 0x0000000100000000)
  region size 1024K, 34 young (34816K), 34 survivors (34816K)
 Metaspace       used 148354K, capacity 155667K, committed 155824K, reserved 1183744K
  class space    used 19750K, capacity 21113K, committed 21168K, reserved 1048576K
}
 [Times: user=0.19 sys=0.00, real=0.06 secs] 
2020-07-20T10:11:31.124+0000: 3727.060: Total time for which application threads were stopped: 0.0613078 seconds, Stopping threads took: 0.0021361 seconds
{Heap before GC invocations=487 (full 0):
 garbage-first heap   total 1912832K, used 1651166K [0x000000008b400000, 0x000000008b503a60, 0x0000000100000000)
  region size 1024K, 928 young (950272K), 34 survivors (34816K)
 Metaspace       used 148354K, capacity 155667K, committed 155824K, reserved 1183744K
  class space    used 19750K, capacity 21113K, committed 21168K, reserved 1048576K
2020-07-20T10:11:34.065+0000: 3730.001: [GC pause (G1 Evacuation Pause) (young)
Desired survivor size 60817408 bytes, new threshold 15 (max 15)
- age   1:   23574848 bytes,   23574848 total
- age   2:    6478376 bytes,   30053224 total
- age   3:     691824 bytes,   30745048 total
- age   4:    2130136 bytes,   32875184 total
, 0.0738047 secs]
   [Parallel Time: 69.7 ms, GC Workers: 4]
      [GC Worker Start (ms): Min: 3730000.9, Avg: 3730002.7, Max: 3730007.8, Diff: 6.8]
      [Ext Root Scanning (ms): Min: 0.0, Avg: 4.3, Max: 5.8, Diff: 5.8, Sum: 17.1]
      [Update RS (ms): Min: 18.8, Avg: 19.7, Max: 20.4, Diff: 1.6, Sum: 78.9]
         [Processed Buffers: Min: 17, Avg: 31.8, Max: 59, Diff: 42, Sum: 127]
      [Scan RS (ms): Min: 0.1, Avg: 0.2, Max: 0.4, Diff: 0.4, Sum: 0.9]
      [Code Root Scanning (ms): Min: 0.0, Avg: 0.0, Max: 0.0, Diff: 0.0, Sum: 0.1]
      [Object Copy (ms): Min: 43.1, Avg: 43.5, Max: 43.8, Diff: 0.6, Sum: 173.9]
      [Termination (ms): Min: 0.0, Avg: 0.1, Max: 0.1, Diff: 0.1, Sum: 0.3]
         [Termination Attempts: Min: 3, Avg: 6.8, Max: 10, Diff: 7, Sum: 27]
      [GC Worker Other (ms): Min: 0.0, Avg: 0.0, Max: 0.0, Diff: 0.0, Sum: 0.1]
      [GC Worker Total (ms): Min: 62.7, Avg: 67.8, Max: 69.5, Diff: 6.8, Sum: 271.2]
      [GC Worker End (ms): Min: 3730070.4, Avg: 3730070.5, Max: 3730070.5, Diff: 0.0]
   [Code Root Fixup: 0.0 ms]
   [Code Root Purge: 0.0 ms]
   [Clear CT: 0.4 ms]
   [Other: 3.7 ms]
      [Choose CSet: 0.0 ms]
      [Ref Proc: 2.1 ms]
      [Ref Enq: 0.1 ms]
      [Redirty Cards: 0.2 ms]
      [Humongous Register: 0.1 ms]
      [Humongous Reclaim: 0.0 ms]
      [Free CSet: 0.8 ms]
   [Eden: 894.0M(894.0M)->0.0B(856.0M) Survivors: 34816.0K->52224.0K Heap: 1612.5M(1868.0M)->735.5M(1868.0M)]
Heap after GC invocations=488 (full 0):
 garbage-first heap   total 1912832K, used 753118K [0x000000008b400000, 0x000000008b503a60, 0x0000000100000000)
  region size 1024K, 51 young (52224K), 51 survivors (52224K)
 Metaspace       used 148354K, capacity 155667K, committed 155824K, reserved 1183744K
  class space    used 19750K, capacity 21113K, committed 21168K, reserved 1048576K
}
 [Times: user=0.24 sys=0.01, real=0.07 secs] 
2020-07-20T10:11:34.139+0000: 3730.075: Total time for which application threads were stopped: 0.0749739 seconds, Stopping threads took: 0.0002610 seconds
{Heap before GC invocations=488 (full 0):
 garbage-first heap   total 1912832K, used 1629662K [0x000000008b400000, 0x000000008b503a60, 0x0000000100000000)
  region size 1024K, 907 young (928768K), 51 survivors (52224K)
 Metaspace       used 148354K, capacity 155667K, committed 155824K, reserved 1183744K
  class space    used 19750K, capacity 21113K, committed 21168K, reserved 1048576K
2020-07-20T10:11:37.444+0000: 3733.380: [GC pause (G1 Evacuation Pause) (young)
Desired survivor size 59768832 bytes, new threshold 15 (max 15)
- age   1:   23885320 bytes,   23885320 total
- age   2:   18050456 bytes,   41935776 total
- age   3:    6004280 bytes,   47940056 total
- age   4:     681208 bytes,   48621264 total
- age   5:    2129944 bytes,   50751208 total
, 0.0564020 secs]
   [Parallel Time: 51.8 ms, GC Workers: 4]
      [GC Worker Start (ms): Min: 3733380.5, Avg: 3733380.5, Max: 3733380.5, Diff: 0.1]
      [Ext Root Scanning (ms): Min: 4.8, Avg: 4.9, Max: 5.0, Diff: 0.2, Sum: 19.5]
      [Update RS (ms): Min: 19.2, Avg: 19.3, Max: 19.5, Diff: 0.3, Sum: 77.3]
         [Processed Buffers: Min: 14, Avg: 29.0, Max: 40, Diff: 26, Sum: 116]
      [Scan RS (ms): Min: 0.1, Avg: 0.3, Max: 0.3, Diff: 0.2, Sum: 1.0]
      [Code Root Scanning (ms): Min: 0.0, Avg: 0.0, Max: 0.0, Diff: 0.0, Sum: 0.1]
      [Object Copy (ms): Min: 27.1, Avg: 27.2, Max: 27.3, Diff: 0.2, Sum: 108.8]
      [Termination (ms): Min: 0.0, Avg: 0.0, Max: 0.0, Diff: 0.0, Sum: 0.1]
         [Termination Attempts: Min: 4, Avg: 26.5, Max: 81, Diff: 77, Sum: 106]
      [GC Worker Other (ms): Min: 0.0, Avg: 0.0, Max: 0.0, Diff: 0.0, Sum: 0.1]
      [GC Worker Total (ms): Min: 51.7, Avg: 51.7, Max: 51.8, Diff: 0.1, Sum: 207.0]
      [GC Worker End (ms): Min: 3733432.2, Avg: 3733432.2, Max: 3733432.2, Diff: 0.0]
   [Code Root Fixup: 0.0 ms]
   [Code Root Purge: 0.0 ms]
   [Clear CT: 0.3 ms]
   [Other: 4.2 ms]
      [Choose CSet: 0.0 ms]
      [Ref Proc: 2.5 ms]
      [Ref Enq: 0.2 ms]
      [Redirty Cards: 0.3 ms]
      [Humongous Register: 0.1 ms]
      [Humongous Reclaim: 0.1 ms]
      [Free CSet: 0.8 ms]
   [Eden: 856.0M(856.0M)->0.0B(898.0M) Survivors: 52224.0K->32768.0K Heap: 1591.5M(1868.0M)->714.5M(1868.0M)]
Heap after GC invocations=489 (full 0):
 garbage-first heap   total 1912832K, used 731614K [0x000000008b400000, 0x000000008b503a60, 0x0000000100000000)
  region size 1024K, 32 young (32768K), 32 survivors (32768K)
 Metaspace       used 148354K, capacity 155667K, committed 155824K, reserved 1183744K
  class space    used 19750K, capacity 21113K, committed 21168K, reserved 1048576K
}
 [Times: user=0.18 sys=0.01, real=0.06 secs] 
2020-07-20T10:11:37.501+0000: 3733.437: Total time for which application threads were stopped: 0.0573487 seconds, Stopping threads took: 0.0001564 seconds
{Heap before GC invocations=489 (full 0):
 garbage-first heap   total 1912832K, used 1651166K [0x000000008b400000, 0x000000008b503a60, 0x0000000100000000)
  region size 1024K, 930 young (952320K), 32 survivors (32768K)
 Metaspace       used 148356K, capacity 155667K, committed 155824K, reserved 1183744K
  class space    used 19750K, capacity 21113K, committed 21168K, reserved 1048576K
2020-07-20T10:11:43.094+0000: 3739.030: [GC pause (G1 Evacuation Pause) (young)
Desired survivor size 61341696 bytes, new threshold 15 (max 15)
- age   1:   21120512 bytes,   21120512 total
- age   2:    4860232 bytes,   25980744 total
- age   3:     910824 bytes,   26891568 total
- age   4:     640216 bytes,   27531784 total
- age   5:     679896 bytes,   28211680 total
- age   6:    2129736 bytes,   30341416 total
, 0.0648137 secs]
   [Parallel Time: 61.0 ms, GC Workers: 4]
      [GC Worker Start (ms): Min: 3739029.8, Avg: 3739029.8, Max: 3739029.9, Diff: 0.1]
      [Ext Root Scanning (ms): Min: 4.9, Avg: 5.1, Max: 5.2, Diff: 0.3, Sum: 20.3]
      [Update RS (ms): Min: 30.2, Avg: 30.3, Max: 30.8, Diff: 0.6, Sum: 121.4]
         [Processed Buffers: Min: 23, Avg: 38.2, Max: 55, Diff: 32, Sum: 153]
      [Scan RS (ms): Min: 0.1, Avg: 0.3, Max: 0.3, Diff: 0.2, Sum: 1.0]
      [Code Root Scanning (ms): Min: 0.0, Avg: 0.0, Max: 0.0, Diff: 0.0, Sum: 0.1]
      [Object Copy (ms): Min: 24.9, Avg: 25.1, Max: 25.4, Diff: 0.5, Sum: 100.6]
      [Termination (ms): Min: 0.0, Avg: 0.0, Max: 0.0, Diff: 0.0, Sum: 0.0]
         [Termination Attempts: Min: 1, Avg: 1.0, Max: 1, Diff: 0, Sum: 4]
      [GC Worker Other (ms): Min: 0.1, Avg: 0.1, Max: 0.1, Diff: 0.1, Sum: 0.4]
      [GC Worker Total (ms): Min: 60.9, Avg: 60.9, Max: 61.0, Diff: 0.1, Sum: 243.7]
      [GC Worker End (ms): Min: 3739090.7, Avg: 3739090.7, Max: 3739090.8, Diff: 0.0]
   [Code Root Fixup: 0.0 ms]
   [Code Root Purge: 0.0 ms]
   [Clear CT: 0.3 ms]
   [Other: 3.4 ms]
      [Choose CSet: 0.0 ms]
      [Ref Proc: 1.7 ms]
      [Ref Enq: 0.2 ms]
      [Redirty Cards: 0.2 ms]
      [Humongous Register: 0.1 ms]
      [Humongous Reclaim: 0.0 ms]
      [Free CSet: 0.8 ms]
   [Eden: 898.0M(898.0M)->0.0B(898.0M) Survivors: 32768.0K->32768.0K Heap: 1612.5M(1868.0M)->714.5M(1868.0M)]
Heap after GC invocations=490 (full 0):
 garbage-first heap   total 1912832K, used 731614K [0x000000008b400000, 0x000000008b503a60, 0x0000000100000000)
  region size 1024K, 32 young (32768K), 32 survivors (32768K)
 Metaspace       used 148356K, capacity 155667K, committed 155824K, reserved 1183744K
  class space    used 19750K, capacity 21113K, committed 21168K, reserved 1048576K
}
 [Times: user=0.19 sys=0.02, real=0.06 secs] 
2020-07-20T10:11:43.159+0000: 3739.095: Total time for which application threads were stopped: 0.0658595 seconds, Stopping threads took: 0.0002227 seconds
{Heap before GC invocations=490 (full 0):
 garbage-first heap   total 1912832K, used 1651166K [0x000000008b400000, 0x000000008b503a60, 0x0000000100000000)
  region size 1024K, 930 young (952320K), 32 survivors (32768K)
 Metaspace       used 148359K, capacity 155667K, committed 155824K, reserved 1183744K
  class space    used 19750K, capacity 21113K, committed 21168K, reserved 1048576K
2020-07-20T10:11:49.620+0000: 3745.555: [GC pause (G1 Evacuation Pause) (young)
Desired survivor size 61341696 bytes, new threshold 15 (max 15)
- age   1:    5606624 bytes,    5606624 total
- age   2:   16133984 bytes,   21740608 total
- age   3:    4857144 bytes,   26597752 total
- age   4:     907152 bytes,   27504904 total
- age   5:     637080 bytes,   28141984 total
- age   6:     678824 bytes,   28820808 total
- age   7:    2129672 bytes,   30950480 total
, 0.0700616 secs]
   [Parallel Time: 66.0 ms, GC Workers: 4]
      [GC Worker Start (ms): Min: 3745555.7, Avg: 3745555.8, Max: 3745555.8, Diff: 0.1]
      [Ext Root Scanning (ms): Min: 6.0, Avg: 6.9, Max: 9.4, Diff: 3.4, Sum: 27.5]
      [Update RS (ms): Min: 30.9, Avg: 33.1, Max: 33.9, Diff: 3.0, Sum: 132.4]
         [Processed Buffers: Min: 30, Avg: 38.2, Max: 56, Diff: 26, Sum: 153]
      [Scan RS (ms): Min: 0.3, Avg: 0.3, Max: 0.4, Diff: 0.2, Sum: 1.3]
      [Code Root Scanning (ms): Min: 0.0, Avg: 0.0, Max: 0.0, Diff: 0.0, Sum: 0.1]
      [Object Copy (ms): Min: 25.2, Avg: 25.4, Max: 25.6, Diff: 0.4, Sum: 101.8]
      [Termination (ms): Min: 0.0, Avg: 0.0, Max: 0.0, Diff: 0.0, Sum: 0.0]
         [Termination Attempts: Min: 1, Avg: 1.0, Max: 1, Diff: 0, Sum: 4]
      [GC Worker Other (ms): Min: 0.0, Avg: 0.1, Max: 0.1, Diff: 0.1, Sum: 0.3]
      [GC Worker Total (ms): Min: 65.8, Avg: 65.8, Max: 65.8, Diff: 0.1, Sum: 263.3]
      [GC Worker End (ms): Min: 3745621.5, Avg: 3745621.6, Max: 3745621.6, Diff: 0.0]
   [Code Root Fixup: 0.0 ms]
   [Code Root Purge: 0.0 ms]
   [Clear CT: 0.4 ms]
   [Other: 3.6 ms]
      [Choose CSet: 0.0 ms]
      [Ref Proc: 1.9 ms]
      [Ref Enq: 0.1 ms]
      [Redirty Cards: 0.2 ms]
      [Humongous Register: 0.1 ms]
      [Humongous Reclaim: 0.0 ms]
      [Free CSet: 0.9 ms]
   [Eden: 898.0M(898.0M)->0.0B(900.0M) Survivors: 32768.0K->31744.0K Heap: 1612.5M(1868.0M)->714.0M(1868.0M)]
Heap after GC invocations=491 (full 0):
 garbage-first heap   total 1912832K, used 731102K [0x000000008b400000, 0x000000008b503a60, 0x0000000100000000)
  region size 1024K, 31 young (31744K), 31 survivors (31744K)
 Metaspace       used 148359K, capacity 155667K, committed 155824K, reserved 1183744K
  class space    used 19750K, capacity 21113K, committed 21168K, reserved 1048576K
}
 [Times: user=0.23 sys=0.00, real=0.07 secs] 
2020-07-20T10:11:49.690+0000: 3745.626: Total time for which application threads were stopped: 0.0718579 seconds, Stopping threads took: 0.0003778 seconds
{Heap before GC invocations=491 (full 0):
 garbage-first heap   total 1912832K, used 1654750K [0x000000008b400000, 0x000000008b503a60, 0x0000000100000000)
  region size 1024K, 931 young (953344K), 31 survivors (31744K)
 Metaspace       used 148369K, capacity 155667K, committed 155824K, reserved 1183744K
  class space    used 19750K, capacity 21113K, committed 21168K, reserved 1048576K
2020-07-20T10:11:55.508+0000: 3751.444: [GC pause (G1 Evacuation Pause) (young)
Desired survivor size 61341696 bytes, new threshold 15 (max 15)
- age   1:    5354512 bytes,    5354512 total
- age   2:     158120 bytes,    5512632 total
- age   3:   16029152 bytes,   21541784 total
- age   4:    4683944 bytes,   26225728 total
- age   5:     808672 bytes,   27034400 total
- age   6:     563896 bytes,   27598296 total
- age   7:     580616 bytes,   28178912 total
- age   8:    2049752 bytes,   30228664 total
, 0.0780616 secs]
   [Parallel Time: 74.2 ms, GC Workers: 4]
      [GC Worker Start (ms): Min: 3751444.3, Avg: 3751444.3, Max: 3751444.4, Diff: 0.1]
      [Ext Root Scanning (ms): Min: 5.0, Avg: 5.2, Max: 5.4, Diff: 0.3, Sum: 20.8]
      [Update RS (ms): Min: 13.9, Avg: 14.0, Max: 14.0, Diff: 0.1, Sum: 55.8]
         [Processed Buffers: Min: 11, Avg: 27.8, Max: 46, Diff: 35, Sum: 111]
      [Scan RS (ms): Min: 0.2, Avg: 0.3, Max: 0.4, Diff: 0.1, Sum: 1.1]
      [Code Root Scanning (ms): Min: 0.0, Avg: 0.0, Max: 0.0, Diff: 0.0, Sum: 0.1]
      [Object Copy (ms): Min: 54.4, Avg: 54.5, Max: 54.6, Diff: 0.2, Sum: 217.8]
      [Termination (ms): Min: 0.0, Avg: 0.0, Max: 0.1, Diff: 0.1, Sum: 0.1]
         [Termination Attempts: Min: 4, Avg: 6.8, Max: 8, Diff: 4, Sum: 27]
      [GC Worker Other (ms): Min: 0.0, Avg: 0.0, Max: 0.1, Diff: 0.0, Sum: 0.1]
      [GC Worker Total (ms): Min: 73.9, Avg: 74.0, Max: 74.0, Diff: 0.1, Sum: 296.0]
      [GC Worker End (ms): Min: 3751518.3, Avg: 3751518.3, Max: 3751518.4, Diff: 0.0]
   [Code Root Fixup: 0.0 ms]
   [Code Root Purge: 0.0 ms]
   [Clear CT: 0.3 ms]
   [Other: 3.6 ms]
      [Choose CSet: 0.0 ms]
      [Ref Proc: 1.7 ms]
      [Ref Enq: 0.1 ms]
      [Redirty Cards: 0.2 ms]
      [Humongous Register: 0.2 ms]
      [Humongous Reclaim: 0.0 ms]
      [Free CSet: 0.8 ms]
   [Eden: 900.0M(900.0M)->0.0B(836.0M) Survivors: 31744.0K->62464.0K Heap: 1616.0M(1868.0M)->746.0M(1868.0M)]
Heap after GC invocations=492 (full 0):
 garbage-first heap   total 1912832K, used 763870K [0x000000008b400000, 0x000000008b503a60, 0x0000000100000000)
  region size 1024K, 61 young (62464K), 61 survivors (62464K)
 Metaspace       used 148369K, capacity 155667K, committed 155824K, reserved 1183744K
  class space    used 19750K, capacity 21113K, committed 21168K, reserved 1048576K
}
 [Times: user=0.25 sys=0.01, real=0.08 secs] 
2020-07-20T10:11:55.586+0000: 3751.522: Total time for which application threads were stopped: 0.0793533 seconds, Stopping threads took: 0.0002732 seconds
{Heap before GC invocations=492 (full 0):
 garbage-first heap   total 1912832K, used 1621982K [0x000000008b400000, 0x000000008b503a60, 0x0000000100000000)
  region size 1024K, 897 young (918528K), 61 survivors (62464K)
 Metaspace       used 148369K, capacity 155667K, committed 155824K, reserved 1183744K
  class space    used 19750K, capacity 21113K, committed 21168K, reserved 1048576K
2020-07-20T10:11:58.745+0000: 3754.681: [GC pause (G1 Evacuation Pause) (young)
Desired survivor size 59244544 bytes, new threshold 6 (max 15)
- age   1:   37271376 bytes,   37271376 total
- age   2:    1054960 bytes,   38326336 total
- age   3:     157688 bytes,   38484024 total
- age   4:   15604064 bytes,   54088088 total
- age   5:    4683336 bytes,   58771424 total
- age   6:     786896 bytes,   59558320 total
- age   7:     562512 bytes,   60120832 total
- age   8:     580360 bytes,   60701192 total
- age   9:     522824 bytes,   61224016 total
, 0.0773656 secs]
   [Parallel Time: 73.4 ms, GC Workers: 4]
      [GC Worker Start (ms): Min: 3754681.3, Avg: 3754681.8, Max: 3754683.4, Diff: 2.1]
      [Ext Root Scanning (ms): Min: 4.4, Avg: 6.1, Max: 7.1, Diff: 2.6, Sum: 24.3]
      [Update RS (ms): Min: 19.4, Avg: 19.6, Max: 19.8, Diff: 0.5, Sum: 78.5]
         [Processed Buffers: Min: 20, Avg: 27.5, Max: 36, Diff: 16, Sum: 110]
      [Scan RS (ms): Min: 0.1, Avg: 0.3, Max: 0.4, Diff: 0.3, Sum: 1.1]
      [Code Root Scanning (ms): Min: 0.0, Avg: 0.0, Max: 0.0, Diff: 0.0, Sum: 0.1]
      [Object Copy (ms): Min: 46.5, Avg: 46.7, Max: 46.9, Diff: 0.4, Sum: 186.8]
      [Termination (ms): Min: 0.0, Avg: 0.0, Max: 0.0, Diff: 0.0, Sum: 0.1]
         [Termination Attempts: Min: 1, Avg: 1.2, Max: 2, Diff: 1, Sum: 5]
      [GC Worker Other (ms): Min: 0.0, Avg: 0.0, Max: 0.1, Diff: 0.0, Sum: 0.1]
      [GC Worker Total (ms): Min: 71.1, Avg: 72.7, Max: 73.3, Diff: 2.2, Sum: 290.9]
      [GC Worker End (ms): Min: 3754754.6, Avg: 3754754.6, Max: 3754754.6, Diff: 0.0]
   [Code Root Fixup: 0.0 ms]
   [Code Root Purge: 0.0 ms]
   [Clear CT: 0.3 ms]
   [Other: 3.6 ms]
      [Choose CSet: 0.0 ms]
      [Ref Proc: 1.8 ms]
      [Ref Enq: 0.1 ms]
      [Redirty Cards: 0.2 ms]
      [Humongous Register: 0.1 ms]
      [Humongous Reclaim: 0.1 ms]
      [Free CSet: 0.8 ms]
   [Eden: 836.0M(836.0M)->0.0B(879.0M) Survivors: 62464.0K->38912.0K Heap: 1584.0M(1868.0M)->725.1M(1868.0M)]
Heap after GC invocations=493 (full 0):
 garbage-first heap   total 1912832K, used 742513K [0x000000008b400000, 0x000000008b503a60, 0x0000000100000000)
  region size 1024K, 38 young (38912K), 38 survivors (38912K)
 Metaspace       used 148369K, capacity 155667K, committed 155824K, reserved 1183744K
  class space    used 19750K, capacity 21113K, committed 21168K, reserved 1048576K
}
 [Times: user=0.21 sys=0.01, real=0.08 secs] 
2020-07-20T10:11:58.823+0000: 3754.759: Total time for which application threads were stopped: 0.0795059 seconds, Stopping threads took: 0.0005871 seconds
{Heap before GC invocations=493 (full 0):
 garbage-first heap   total 1912832K, used 1644657K [0x000000008b400000, 0x000000008b503a60, 0x0000000100000000)
  region size 1024K, 917 young (939008K), 38 survivors (38912K)
 Metaspace       used 148369K, capacity 155667K, committed 155824K, reserved 1183744K
  class space    used 19750K, capacity 21113K, committed 21168K, reserved 1048576K
2020-07-20T10:12:01.593+0000: 3757.529: [GC pause (G1 Evacuation Pause) (young)
Desired survivor size 60293120 bytes, new threshold 15 (max 15)
- age   1:   25730072 bytes,   25730072 total
- age   2:    9869040 bytes,   35599112 total
- age   3:     394688 bytes,   35993800 total
- age   4:     156632 bytes,   36150432 total
- age   5:     378992 bytes,   36529424 total
- age   6:     319200 bytes,   36848624 total
, 0.0935050 secs]
   [Parallel Time: 89.5 ms, GC Workers: 4]
      [GC Worker Start (ms): Min: 3757529.0, Avg: 3757529.0, Max: 3757529.0, Diff: 0.1]
      [Ext Root Scanning (ms): Min: 5.6, Avg: 5.7, Max: 6.0, Diff: 0.4, Sum: 23.0]
      [Update RS (ms): Min: 27.3, Avg: 27.5, Max: 28.0, Diff: 0.7, Sum: 110.0]
         [Processed Buffers: Min: 19, Avg: 32.0, Max: 50, Diff: 31, Sum: 128]
      [Scan RS (ms): Min: 0.1, Avg: 0.3, Max: 0.4, Diff: 0.3, Sum: 1.1]
      [Code Root Scanning (ms): Min: 0.0, Avg: 0.0, Max: 0.1, Diff: 0.1, Sum: 0.1]
      [Object Copy (ms): Min: 55.5, Avg: 55.7, Max: 55.9, Diff: 0.4, Sum: 222.8]
      [Termination (ms): Min: 0.0, Avg: 0.0, Max: 0.0, Diff: 0.0, Sum: 0.1]
         [Termination Attempts: Min: 1, Avg: 4.8, Max: 7, Diff: 6, Sum: 19]
      [GC Worker Other (ms): Min: 0.0, Avg: 0.0, Max: 0.1, Diff: 0.0, Sum: 0.2]
      [GC Worker Total (ms): Min: 89.3, Avg: 89.3, Max: 89.4, Diff: 0.0, Sum: 357.3]
      [GC Worker End (ms): Min: 3757618.3, Avg: 3757618.3, Max: 3757618.3, Diff: 0.0]
   [Code Root Fixup: 0.0 ms]
   [Code Root Purge: 0.0 ms]
   [Clear CT: 0.3 ms]
   [Other: 3.6 ms]
      [Choose CSet: 0.0 ms]
      [Ref Proc: 2.0 ms]
      [Ref Enq: 0.2 ms]
      [Redirty Cards: 0.2 ms]
      [Humongous Register: 0.1 ms]
      [Humongous Reclaim: 0.0 ms]
      [Free CSet: 0.8 ms]
   [Eden: 879.0M(879.0M)->0.0B(837.0M) Survivors: 38912.0K->58368.0K Heap: 1606.1M(1868.0M)->746.1M(1868.0M)]
Heap after GC invocations=494 (full 0):
 garbage-first heap   total 1912832K, used 764017K [0x000000008b400000, 0x000000008b503a60, 0x0000000100000000)
  region size 1024K, 57 young (58368K), 57 survivors (58368K)
 Metaspace       used 148369K, capacity 155667K, committed 155824K, reserved 1183744K
  class space    used 19750K, capacity 21113K, committed 21168K, reserved 1048576K
}
 [Times: user=0.28 sys=0.02, real=0.09 secs] 
2020-07-20T10:12:01.687+0000: 3757.622: Total time for which application threads were stopped: 0.0950554 seconds, Stopping threads took: 0.0003502 seconds
{Heap before GC invocations=494 (full 0):
 garbage-first heap   total 1912832K, used 1621105K [0x000000008b400000, 0x000000008b503a60, 0x0000000100000000)
  region size 1024K, 894 young (915456K), 57 survivors (58368K)
 Metaspace       used 148369K, capacity 155667K, committed 155824K, reserved 1183744K
  class space    used 19750K, capacity 21113K, committed 21168K, reserved 1048576K
2020-07-20T10:12:04.568+0000: 3760.504: [GC pause (G1 Evacuation Pause) (young)
Desired survivor size 58720256 bytes, new threshold 15 (max 15)
- age   1:   27449144 bytes,   27449144 total
- age   2:   19751400 bytes,   47200544 total
- age   3:    9863384 bytes,   57063928 total
- age   4:     393632 bytes,   57457560 total
- age   5:     155352 bytes,   57612912 total
- age   6:     378448 bytes,   57991360 total
- age   7:     319096 bytes,   58310456 total
, 0.0622153 secs]
   [Parallel Time: 58.1 ms, GC Workers: 4]
      [GC Worker Start (ms): Min: 3760504.7, Avg: 3760504.7, Max: 3760504.7, Diff: 0.1]
      [Ext Root Scanning (ms): Min: 5.0, Avg: 5.1, Max: 5.2, Diff: 0.2, Sum: 20.3]
      [Update RS (ms): Min: 18.9, Avg: 19.0, Max: 19.1, Diff: 0.2, Sum: 75.9]
         [Processed Buffers: Min: 12, Avg: 25.8, Max: 44, Diff: 32, Sum: 103]
      [Scan RS (ms): Min: 0.2, Avg: 0.3, Max: 0.3, Diff: 0.2, Sum: 1.0]
      [Code Root Scanning (ms): Min: 0.0, Avg: 0.0, Max: 0.0, Diff: 0.0, Sum: 0.1]
      [Object Copy (ms): Min: 33.4, Avg: 33.5, Max: 33.6, Diff: 0.2, Sum: 134.1]
      [Termination (ms): Min: 0.0, Avg: 0.0, Max: 0.0, Diff: 0.0, Sum: 0.1]
         [Termination Attempts: Min: 1, Avg: 1.2, Max: 2, Diff: 1, Sum: 5]
      [GC Worker Other (ms): Min: 0.0, Avg: 0.0, Max: 0.1, Diff: 0.1, Sum: 0.2]
      [GC Worker Total (ms): Min: 57.9, Avg: 57.9, Max: 58.0, Diff: 0.1, Sum: 231.8]
      [GC Worker End (ms): Min: 3760562.6, Avg: 3760562.6, Max: 3760562.7, Diff: 0.0]
   [Code Root Fixup: 0.1 ms]
   [Code Root Purge: 0.0 ms]
   [Clear CT: 0.4 ms]
   [Other: 3.7 ms]
      [Choose CSet: 0.0 ms]
      [Ref Proc: 1.9 ms]
      [Ref Enq: 0.1 ms]
      [Redirty Cards: 0.2 ms]
      [Humongous Register: 0.2 ms]
      [Humongous Reclaim: 0.1 ms]
      [Free CSet: 0.8 ms]
   [Eden: 837.0M(837.0M)->0.0B(877.0M) Survivors: 58368.0K->39936.0K Heap: 1583.1M(1868.0M)->726.1M(1868.0M)]
Heap after GC invocations=495 (full 0):
 garbage-first heap   total 1912832K, used 743537K [0x000000008b400000, 0x000000008b503a60, 0x0000000100000000)
  region size 1024K, 39 young (39936K), 39 survivors (39936K)
 Metaspace       used 148369K, capacity 155667K, committed 155824K, reserved 1183744K
  class space    used 19750K, capacity 21113K, committed 21168K, reserved 1048576K
}
 [Times: user=0.21 sys=0.00, real=0.06 secs] 
2020-07-20T10:12:04.631+0000: 3760.567: Total time for which application threads were stopped: 0.0635360 seconds, Stopping threads took: 0.0002425 seconds
{Heap before GC invocations=495 (full 0):
 garbage-first heap   total 1912832K, used 1643633K [0x000000008b400000, 0x000000008b503a60, 0x0000000100000000)
  region size 1024K, 916 young (937984K), 39 survivors (39936K)
 Metaspace       used 148369K, capacity 155667K, committed 155824K, reserved 1183744K
  class space    used 19750K, capacity 21113K, committed 21168K, reserved 1048576K
2020-07-20T10:12:07.758+0000: 3763.693: [GC pause (G1 Evacuation Pause) (young)
Desired survivor size 60293120 bytes, new threshold 15 (max 15)
- age   1:   24176184 bytes,   24176184 total
- age   2:   10449584 bytes,   34625768 total
- age   3:     930792 bytes,   35556560 total
- age   4:    1899616 bytes,   37456176 total
- age   5:     391704 bytes,   37847880 total
- age   6:     153728 bytes,   38001608 total
- age   7:     375616 bytes,   38377224 total
- age   8:     317048 bytes,   38694272 total
, 0.0895674 secs]
   [Parallel Time: 85.6 ms, GC Workers: 4]
      [GC Worker Start (ms): Min: 3763693.9, Avg: 3763693.9, Max: 3763694.0, Diff: 0.1]
      [Ext Root Scanning (ms): Min: 4.9, Avg: 5.0, Max: 5.2, Diff: 0.3, Sum: 20.1]
      [Update RS (ms): Min: 17.6, Avg: 17.8, Max: 18.2, Diff: 0.6, Sum: 71.2]
         [Processed Buffers: Min: 12, Avg: 26.2, Max: 41, Diff: 29, Sum: 105]
      [Scan RS (ms): Min: 0.1, Avg: 0.3, Max: 0.4, Diff: 0.2, Sum: 1.1]
      [Code Root Scanning (ms): Min: 0.0, Avg: 0.0, Max: 0.0, Diff: 0.0, Sum: 0.1]
      [Object Copy (ms): Min: 61.8, Avg: 62.1, Max: 62.3, Diff: 0.5, Sum: 248.4]
      [Termination (ms): Min: 0.0, Avg: 0.0, Max: 0.1, Diff: 0.0, Sum: 0.2]
         [Termination Attempts: Min: 3, Avg: 5.5, Max: 7, Diff: 4, Sum: 22]
      [GC Worker Other (ms): Min: 0.0, Avg: 0.0, Max: 0.1, Diff: 0.1, Sum: 0.2]
      [GC Worker Total (ms): Min: 85.3, Avg: 85.3, Max: 85.4, Diff: 0.1, Sum: 341.3]
      [GC Worker End (ms): Min: 3763779.2, Avg: 3763779.3, Max: 3763779.3, Diff: 0.1]
   [Code Root Fixup: 0.1 ms]
   [Code Root Purge: 0.0 ms]
   [Clear CT: 0.3 ms]
   [Other: 3.6 ms]
      [Choose CSet: 0.0 ms]
      [Ref Proc: 1.8 ms]
      [Ref Enq: 0.1 ms]
      [Redirty Cards: 0.2 ms]
      [Humongous Register: 0.2 ms]
      [Humongous Reclaim: 0.0 ms]
      [Free CSet: 0.8 ms]
   [Eden: 877.0M(877.0M)->0.0B(823.0M) Survivors: 39936.0K->65536.0K Heap: 1605.1M(1868.0M)->752.6M(1868.0M)]
Heap after GC invocations=496 (full 0):
 garbage-first heap   total 1912832K, used 770673K [0x000000008b400000, 0x000000008b503a60, 0x0000000100000000)
  region size 1024K, 64 young (65536K), 64 survivors (65536K)
 Metaspace       used 148369K, capacity 155667K, committed 155824K, reserved 1183744K
  class space    used 19750K, capacity 21113K, committed 21168K, reserved 1048576K
}
 [Times: user=0.29 sys=0.01, real=0.09 secs] 
2020-07-20T10:12:07.847+0000: 3763.783: Total time for which application threads were stopped: 0.0934144 seconds, Stopping threads took: 0.0028964 seconds
{Heap before GC invocations=496 (full 0):
 garbage-first heap   total 1912832K, used 1613425K [0x000000008b400000, 0x000000008b503a60, 0x0000000100000000)
  region size 1024K, 887 young (908288K), 64 survivors (65536K)
 Metaspace       used 148370K, capacity 155667K, committed 155824K, reserved 1183744K
  class space    used 19750K, capacity 21113K, committed 21168K, reserved 1048576K
2020-07-20T10:12:10.930+0000: 3766.865: [GC pause (G1 Evacuation Pause) (young)
Desired survivor size 58195968 bytes, new threshold 3 (max 15)
- age   1:   31151968 bytes,   31151968 total
- age   2:   19081320 bytes,   50233288 total
- age   3:    9968656 bytes,   60201944 total
- age   4:     928976 bytes,   61130920 total
- age   5:    1898912 bytes,   63029832 total
- age   6:     389352 bytes,   63419184 total
- age   7:     153728 bytes,   63572912 total
- age   8:     375040 bytes,   63947952 total
- age   9:     316952 bytes,   64264904 total
, 0.0684632 secs]
   [Parallel Time: 64.8 ms, GC Workers: 4]
      [GC Worker Start (ms): Min: 3766865.7, Avg: 3766865.8, Max: 3766865.8, Diff: 0.1]
      [Ext Root Scanning (ms): Min: 5.0, Avg: 5.1, Max: 5.2, Diff: 0.2, Sum: 20.3]
      [Update RS (ms): Min: 19.8, Avg: 20.1, Max: 20.6, Diff: 0.8, Sum: 80.4]
         [Processed Buffers: Min: 14, Avg: 27.8, Max: 48, Diff: 34, Sum: 111]
      [Scan RS (ms): Min: 0.1, Avg: 0.3, Max: 0.5, Diff: 0.4, Sum: 1.3]
      [Code Root Scanning (ms): Min: 0.0, Avg: 0.0, Max: 0.1, Diff: 0.1, Sum: 0.1]
      [Object Copy (ms): Min: 38.7, Avg: 39.0, Max: 39.2, Diff: 0.5, Sum: 156.2]
      [Termination (ms): Min: 0.0, Avg: 0.0, Max: 0.0, Diff: 0.0, Sum: 0.1]
         [Termination Attempts: Min: 12, Avg: 17.2, Max: 21, Diff: 9, Sum: 69]
      [GC Worker Other (ms): Min: 0.0, Avg: 0.0, Max: 0.1, Diff: 0.0, Sum: 0.2]
      [GC Worker Total (ms): Min: 64.6, Avg: 64.6, Max: 64.7, Diff: 0.1, Sum: 258.5]
      [GC Worker End (ms): Min: 3766930.4, Avg: 3766930.4, Max: 3766930.4, Diff: 0.0]
   [Code Root Fixup: 0.0 ms]
   [Code Root Purge: 0.0 ms]
   [Clear CT: 0.3 ms]
   [Other: 3.3 ms]
      [Choose CSet: 0.0 ms]
      [Ref Proc: 1.6 ms]
      [Ref Enq: 0.1 ms]
      [Redirty Cards: 0.3 ms]
      [Humongous Register: 0.1 ms]
      [Humongous Reclaim: 0.1 ms]
      [Free CSet: 0.8 ms]
   [Eden: 823.0M(823.0M)->0.0B(874.0M) Survivors: 65536.0K->38912.0K Heap: 1575.6M(1868.0M)->730.4M(1868.0M)]
Heap after GC invocations=497 (full 0):
 garbage-first heap   total 1912832K, used 747933K [0x000000008b400000, 0x000000008b503a60, 0x0000000100000000)
  region size 1024K, 38 young (38912K), 38 survivors (38912K)
 Metaspace       used 148370K, capacity 155667K, committed 155824K, reserved 1183744K
  class space    used 19750K, capacity 21113K, committed 21168K, reserved 1048576K
}
 [Times: user=0.22 sys=0.00, real=0.07 secs] 
2020-07-20T10:12:10.998+0000: 3766.934: Total time for which application threads were stopped: 0.0723510 seconds, Stopping threads took: 0.0029904 seconds
{Heap before GC invocations=497 (full 0):
 garbage-first heap   total 1912832K, used 1647005K [0x000000008b400000, 0x000000008b503a60, 0x0000000100000000)
  region size 1024K, 912 young (933888K), 38 survivors (38912K)
 Metaspace       used 148371K, capacity 155667K, committed 155824K, reserved 1183744K
  class space    used 19750K, capacity 21113K, committed 21168K, reserved 1048576K
2020-07-20T10:12:14.012+0000: 3769.948: [GC pause (G1 Evacuation Pause) (young)
Desired survivor size 59768832 bytes, new threshold 15 (max 15)
- age   1:   23935872 bytes,   23935872 total
- age   2:   13338120 bytes,   37273992 total
- age   3:     954248 bytes,   38228240 total
, 0.0845678 secs]
   [Parallel Time: 80.6 ms, GC Workers: 4]
      [GC Worker Start (ms): Min: 3769948.1, Avg: 3769948.1, Max: 3769948.2, Diff: 0.1]
      [Ext Root Scanning (ms): Min: 5.2, Avg: 5.2, Max: 5.4, Diff: 0.2, Sum: 21.0]
      [Update RS (ms): Min: 18.5, Avg: 18.9, Max: 19.5, Diff: 1.0, Sum: 75.7]
         [Processed Buffers: Min: 13, Avg: 28.5, Max: 43, Diff: 30, Sum: 114]
      [Scan RS (ms): Min: 0.1, Avg: 0.2, Max: 0.4, Diff: 0.3, Sum: 0.9]
      [Code Root Scanning (ms): Min: 0.0, Avg: 0.0, Max: 0.0, Diff: 0.0, Sum: 0.1]
      [Object Copy (ms): Min: 55.6, Avg: 56.0, Max: 56.3, Diff: 0.7, Sum: 224.0]
      [Termination (ms): Min: 0.0, Avg: 0.0, Max: 0.0, Diff: 0.0, Sum: 0.1]
         [Termination Attempts: Min: 1, Avg: 3.8, Max: 7, Diff: 6, Sum: 15]
      [GC Worker Other (ms): Min: 0.0, Avg: 0.0, Max: 0.1, Diff: 0.0, Sum: 0.1]
      [GC Worker Total (ms): Min: 80.4, Avg: 80.5, Max: 80.5, Diff: 0.1, Sum: 321.9]
      [GC Worker End (ms): Min: 3770028.6, Avg: 3770028.6, Max: 3770028.6, Diff: 0.0]
   [Code Root Fixup: 0.0 ms]
   [Code Root Purge: 0.0 ms]
   [Clear CT: 0.3 ms]
   [Other: 3.6 ms]
      [Choose CSet: 0.0 ms]
      [Ref Proc: 2.0 ms]
      [Ref Enq: 0.1 ms]
      [Redirty Cards: 0.2 ms]
      [Humongous Register: 0.1 ms]
      [Humongous Reclaim: 0.0 ms]
      [Free CSet: 0.8 ms]
   [Eden: 874.0M(874.0M)->0.0B(816.0M) Survivors: 38912.0K->64512.0K Heap: 1608.4M(1868.0M)->759.4M(1868.0M)]
Heap after GC invocations=498 (full 0):
 garbage-first heap   total 1912832K, used 777629K [0x000000008b400000, 0x000000008b503a60, 0x0000000100000000)
  region size 1024K, 63 young (64512K), 63 survivors (64512K)
 Metaspace       used 148371K, capacity 155667K, committed 155824K, reserved 1183744K
  class space    used 19750K, capacity 21113K, committed 21168K, reserved 1048576K
}
 [Times: user=0.28 sys=0.02, real=0.09 secs] 
2020-07-20T10:12:14.097+0000: 3770.033: Total time for which application threads were stopped: 0.0859264 seconds, Stopping threads took: 0.0002657 seconds
{Heap before GC invocations=498 (full 0):
 garbage-first heap   total 1912832K, used 1613213K [0x000000008b400000, 0x000000008b503a60, 0x0000000100000000)
  region size 1024K, 879 young (900096K), 63 survivors (64512K)
 Metaspace       used 148371K, capacity 155667K, committed 155824K, reserved 1183744K
  class space    used 19750K, capacity 21113K, committed 21168K, reserved 1048576K
2020-07-20T10:12:17.198+0000: 3773.134: [GC pause (G1 Evacuation Pause) (young)
Desired survivor size 57671680 bytes, new threshold 3 (max 15)
- age   1:   32315824 bytes,   32315824 total
- age   2:   18484312 bytes,   50800136 total
- age   3:   12336608 bytes,   63136744 total
- age   4:     458880 bytes,   63595624 total
, 0.0757459 secs]
   [Parallel Time: 71.6 ms, GC Workers: 4]
      [GC Worker Start (ms): Min: 3773134.5, Avg: 3773136.1, Max: 3773140.6, Diff: 6.0]
      [Ext Root Scanning (ms): Min: 2.1, Avg: 9.8, Max: 21.5, Diff: 19.4, Sum: 39.1]
      [Update RS (ms): Min: 20.5, Avg: 22.2, Max: 22.8, Diff: 2.3, Sum: 88.8]
         [Processed Buffers: Min: 17, Avg: 25.0, Max: 37, Diff: 20, Sum: 100]
      [Scan RS (ms): Min: 0.1, Avg: 0.2, Max: 0.3, Diff: 0.3, Sum: 1.0]
      [Code Root Scanning (ms): Min: 0.0, Avg: 0.0, Max: 0.0, Diff: 0.0, Sum: 0.1]
      [Object Copy (ms): Min: 29.3, Avg: 37.6, Max: 40.6, Diff: 11.2, Sum: 150.5]
      [Termination (ms): Min: 0.0, Avg: 0.1, Max: 0.1, Diff: 0.1, Sum: 0.2]
         [Termination Attempts: Min: 5, Avg: 11.8, Max: 17, Diff: 12, Sum: 47]
      [GC Worker Other (ms): Min: 0.0, Avg: 0.1, Max: 0.1, Diff: 0.1, Sum: 0.3]
      [GC Worker Total (ms): Min: 65.5, Avg: 70.0, Max: 71.5, Diff: 6.0, Sum: 279.9]
      [GC Worker End (ms): Min: 3773206.0, Avg: 3773206.1, Max: 3773206.1, Diff: 0.1]
   [Code Root Fixup: 0.0 ms]
   [Code Root Purge: 0.0 ms]
   [Clear CT: 0.5 ms]
   [Other: 3.6 ms]
      [Choose CSet: 0.0 ms]
      [Ref Proc: 1.8 ms]
      [Ref Enq: 0.2 ms]
      [Redirty Cards: 0.3 ms]
      [Humongous Register: 0.1 ms]
      [Humongous Reclaim: 0.1 ms]
      [Free CSet: 0.8 ms]
   [Eden: 816.0M(816.0M)->0.0B(863.0M) Survivors: 64512.0K->41984.0K Heap: 1575.4M(1868.0M)->736.3M(1868.0M)]
Heap after GC invocations=499 (full 0):
 garbage-first heap   total 1912832K, used 754010K [0x000000008b400000, 0x000000008b503a60, 0x0000000100000000)
  region size 1024K, 41 young (41984K), 41 survivors (41984K)
 Metaspace       used 148371K, capacity 155667K, committed 155824K, reserved 1183744K
  class space    used 19750K, capacity 21113K, committed 21168K, reserved 1048576K
}
 [Times: user=0.22 sys=0.00, real=0.08 secs] 
2020-07-20T10:12:17.274+0000: 3773.210: Total time for which application threads were stopped: 0.0798037 seconds, Stopping threads took: 0.0023167 seconds
{Heap before GC invocations=499 (full 0):
 garbage-first heap   total 1912832K, used 1641818K [0x000000008b400000, 0x000000008b503a60, 0x0000000100000000)
  region size 1024K, 904 young (925696K), 41 survivors (41984K)
 Metaspace       used 148371K, capacity 155667K, committed 155824K, reserved 1183744K
  class space    used 19750K, capacity 21113K, committed 21168K, reserved 1048576K
2020-07-20T10:12:20.088+0000: 3776.024: [GC pause (G1 Evacuation Pause) (young)
Desired survivor size 59244544 bytes, new threshold 15 (max 15)
- age   1:   26265080 bytes,   26265080 total
- age   2:   14505008 bytes,   40770088 total
- age   3:     340976 bytes,   41111064 total
, 0.0490033 secs]
   [Parallel Time: 45.3 ms, GC Workers: 4]
      [GC Worker Start (ms): Min: 3776024.1, Avg: 3776024.1, Max: 3776024.1, Diff: 0.1]
      [Ext Root Scanning (ms): Min: 5.0, Avg: 5.1, Max: 5.2, Diff: 0.2, Sum: 20.4]
      [Update RS (ms): Min: 19.3, Avg: 19.6, Max: 20.3, Diff: 0.9, Sum: 78.3]
         [Processed Buffers: Min: 24, Avg: 26.8, Max: 31, Diff: 7, Sum: 107]
      [Scan RS (ms): Min: 0.1, Avg: 0.3, Max: 0.4, Diff: 0.2, Sum: 1.1]
      [Code Root Scanning (ms): Min: 0.0, Avg: 0.0, Max: 0.0, Diff: 0.0, Sum: 0.1]
      [Object Copy (ms): Min: 19.7, Avg: 20.2, Max: 20.5, Diff: 0.7, Sum: 80.8]
      [Termination (ms): Min: 0.0, Avg: 0.0, Max: 0.0, Diff: 0.0, Sum: 0.0]
         [Termination Attempts: Min: 1, Avg: 2.2, Max: 3, Diff: 2, Sum: 9]
      [GC Worker Other (ms): Min: 0.0, Avg: 0.0, Max: 0.1, Diff: 0.1, Sum: 0.1]
      [GC Worker Total (ms): Min: 45.2, Avg: 45.2, Max: 45.3, Diff: 0.1, Sum: 180.9]
      [GC Worker End (ms): Min: 3776069.3, Avg: 3776069.3, Max: 3776069.3, Diff: 0.0]
   [Code Root Fixup: 0.0 ms]
   [Code Root Purge: 0.0 ms]
   [Clear CT: 0.3 ms]
   [Other: 3.4 ms]
      [Choose CSet: 0.0 ms]
      [Ref Proc: 1.8 ms]
      [Ref Enq: 0.1 ms]
      [Redirty Cards: 0.2 ms]
      [Humongous Register: 0.1 ms]
      [Humongous Reclaim: 0.1 ms]
      [Free CSet: 0.8 ms]
   [Eden: 863.0M(863.0M)->0.0B(885.0M) Survivors: 41984.0K->23552.0K Heap: 1603.3M(1868.0M)->720.3M(1868.0M)]
Heap after GC invocations=500 (full 0):
 garbage-first heap   total 1912832K, used 737626K [0x000000008b400000, 0x000000008b503a60, 0x0000000100000000)
  region size 1024K, 23 young (23552K), 23 survivors (23552K)
 Metaspace       used 148371K, capacity 155667K, committed 155824K, reserved 1183744K
  class space    used 19750K, capacity 21113K, committed 21168K, reserved 1048576K
}
 [Times: user=0.16 sys=0.01, real=0.05 secs] 
2020-07-20T10:12:20.137+0000: 3776.073: Total time for which application threads were stopped: 0.0508697 seconds, Stopping threads took: 0.0009822 seconds
{Heap before GC invocations=500 (full 0):
 garbage-first heap   total 1912832K, used 1643866K [0x000000008b400000, 0x000000008b503a60, 0x0000000100000000)
  region size 1024K, 908 young (929792K), 23 survivors (23552K)
 Metaspace       used 148372K, capacity 155667K, committed 155824K, reserved 1183744K
  class space    used 19750K, capacity 21113K, committed 21168K, reserved 1048576K
2020-07-20T10:12:23.489+0000: 3779.425: [GC pause (G1 Evacuation Pause) (young)
Desired survivor size 59768832 bytes, new threshold 15 (max 15)
- age   1:   19901672 bytes,   19901672 total
- age   2:    1015176 bytes,   20916848 total
- age   3:     704096 bytes,   21620944 total
- age   4:     324752 bytes,   21945696 total
, 0.0730110 secs]
   [Parallel Time: 69.0 ms, GC Workers: 4]
      [GC Worker Start (ms): Min: 3779425.6, Avg: 3779425.7, Max: 3779425.8, Diff: 0.1]
      [Ext Root Scanning (ms): Min: 5.6, Avg: 5.7, Max: 5.8, Diff: 0.2, Sum: 23.0]
      [Update RS (ms): Min: 23.8, Avg: 24.0, Max: 24.6, Diff: 0.8, Sum: 96.0]
         [Processed Buffers: Min: 19, Avg: 31.2, Max: 43, Diff: 24, Sum: 125]
      [Scan RS (ms): Min: 0.1, Avg: 0.3, Max: 0.4, Diff: 0.3, Sum: 1.1]
      [Code Root Scanning (ms): Min: 0.0, Avg: 0.0, Max: 0.0, Diff: 0.0, Sum: 0.1]
      [Object Copy (ms): Min: 38.3, Avg: 38.8, Max: 39.1, Diff: 0.7, Sum: 155.2]
      [Termination (ms): Min: 0.0, Avg: 0.0, Max: 0.0, Diff: 0.0, Sum: 0.1]
         [Termination Attempts: Min: 16, Avg: 21.2, Max: 27, Diff: 11, Sum: 85]
      [GC Worker Other (ms): Min: 0.0, Avg: 0.0, Max: 0.1, Diff: 0.0, Sum: 0.2]
      [GC Worker Total (ms): Min: 68.8, Avg: 68.9, Max: 69.0, Diff: 0.2, Sum: 275.7]
      [GC Worker End (ms): Min: 3779494.6, Avg: 3779494.6, Max: 3779494.6, Diff: 0.0]
   [Code Root Fixup: 0.0 ms]
   [Code Root Purge: 0.0 ms]
   [Clear CT: 0.3 ms]
   [Other: 3.6 ms]
      [Choose CSet: 0.0 ms]
      [Ref Proc: 1.9 ms]
      [Ref Enq: 0.1 ms]
      [Redirty Cards: 0.3 ms]
      [Humongous Register: 0.2 ms]
      [Humongous Reclaim: 0.0 ms]
      [Free CSet: 0.7 ms]
   [Eden: 885.0M(885.0M)->0.0B(863.0M) Survivors: 23552.0K->39936.0K Heap: 1605.3M(1868.0M)->735.8M(1868.0M)]
Heap after GC invocations=501 (full 0):
 garbage-first heap   total 1912832K, used 753498K [0x000000008b400000, 0x000000008b503a60, 0x0000000100000000)
  region size 1024K, 39 young (39936K), 39 survivors (39936K)
 Metaspace       used 148372K, capacity 155667K, committed 155824K, reserved 1183744K
  class space    used 19750K, capacity 21113K, committed 21168K, reserved 1048576K
}
 [Times: user=0.22 sys=0.02, real=0.08 secs] 
2020-07-20T10:12:23.563+0000: 3779.499: Total time for which application threads were stopped: 0.0755719 seconds, Stopping threads took: 0.0016277 seconds
{Heap before GC invocations=501 (full 0):
 garbage-first heap   total 1912832K, used 1639258K [0x000000008b400000, 0x000000008b503a60, 0x0000000100000000)
  region size 1024K, 902 young (923648K), 39 survivors (39936K)
 Metaspace       used 148372K, capacity 155667K, committed 155824K, reserved 1183744K
  class space    used 19750K, capacity 21113K, committed 21168K, reserved 1048576K
2020-07-20T10:12:25.874+0000: 3781.810: [GC pause (G1 Evacuation Pause) (young)
Desired survivor size 59244544 bytes, new threshold 15 (max 15)
- age   1:   23554416 bytes,   23554416 total
- age   2:   14909688 bytes,   38464104 total
- age   3:     483048 bytes,   38947152 total
- age   4:     682672 bytes,   39629824 total
- age   5:     288640 bytes,   39918464 total
, 0.0797990 secs]
   [Parallel Time: 75.3 ms, GC Workers: 4]
      [GC Worker Start (ms): Min: 3781810.1, Avg: 3781810.2, Max: 3781810.2, Diff: 0.1]
      [Ext Root Scanning (ms): Min: 4.9, Avg: 5.0, Max: 5.2, Diff: 0.3, Sum: 20.2]
      [Update RS (ms): Min: 22.5, Avg: 23.2, Max: 24.8, Diff: 2.3, Sum: 92.6]
         [Processed Buffers: Min: 9, Avg: 33.5, Max: 51, Diff: 42, Sum: 134]
      [Scan RS (ms): Min: 0.2, Avg: 0.3, Max: 0.3, Diff: 0.2, Sum: 1.0]
      [Code Root Scanning (ms): Min: 0.0, Avg: 0.0, Max: 0.0, Diff: 0.0, Sum: 0.1]
      [Object Copy (ms): Min: 44.9, Avg: 46.5, Max: 47.2, Diff: 2.3, Sum: 186.2]
      [Termination (ms): Min: 0.0, Avg: 0.0, Max: 0.0, Diff: 0.0, Sum: 0.1]
         [Termination Attempts: Min: 9, Avg: 15.8, Max: 23, Diff: 14, Sum: 63]
      [GC Worker Other (ms): Min: 0.0, Avg: 0.0, Max: 0.1, Diff: 0.0, Sum: 0.2]
      [GC Worker Total (ms): Min: 75.0, Avg: 75.1, Max: 75.1, Diff: 0.1, Sum: 300.3]
      [GC Worker End (ms): Min: 3781885.2, Avg: 3781885.2, Max: 3781885.3, Diff: 0.0]
   [Code Root Fixup: 0.0 ms]
   [Code Root Purge: 0.0 ms]
   [Clear CT: 0.4 ms]
   [Other: 4.1 ms]
      [Choose CSet: 0.0 ms]
      [Ref Proc: 2.1 ms]
      [Ref Enq: 0.2 ms]
      [Redirty Cards: 0.3 ms]
      [Humongous Register: 0.2 ms]
      [Humongous Reclaim: 0.0 ms]
      [Free CSet: 0.8 ms]
   [Eden: 863.0M(863.0M)->0.0B(825.0M) Survivors: 39936.0K->57344.0K Heap: 1600.8M(1868.0M)->754.8M(1868.0M)]
Heap after GC invocations=502 (full 0):
 garbage-first heap   total 1912832K, used 772954K [0x000000008b400000, 0x000000008b503a60, 0x0000000100000000)
  region size 1024K, 56 young (57344K), 56 survivors (57344K)
 Metaspace       used 148372K, capacity 155667K, committed 155824K, reserved 1183744K
  class space    used 19750K, capacity 21113K, committed 21168K, reserved 1048576K
}
 [Times: user=0.27 sys=0.00, real=0.08 secs] 
2020-07-20T10:12:25.954+0000: 3781.890: Total time for which application threads were stopped: 0.0843762 seconds, Stopping threads took: 0.0035822 seconds
{Heap before GC invocations=502 (full 0):
 garbage-first heap   total 1912832K, used 1617754K [0x000000008b400000, 0x000000008b503a60, 0x0000000100000000)
  region size 1024K, 881 young (902144K), 56 survivors (57344K)
 Metaspace       used 148372K, capacity 155667K, committed 155824K, reserved 1183744K
  class space    used 19750K, capacity 21113K, committed 21168K, reserved 1048576K
2020-07-20T10:12:28.585+0000: 3784.521: [GC pause (G1 Evacuation Pause) (young)
Desired survivor size 58195968 bytes, new threshold 15 (max 15)
- age   1:   21830712 bytes,   21830712 total
- age   2:   18292800 bytes,   40123512 total
- age   3:   14907256 bytes,   55030768 total
- age   4:     482592 bytes,   55513360 total
- age   5:     679160 bytes,   56192520 total
- age   6:     288464 bytes,   56480984 total
, 0.0625849 secs]
   [Parallel Time: 58.6 ms, GC Workers: 4]
      [GC Worker Start (ms): Min: 3784521.5, Avg: 3784521.5, Max: 3784521.6, Diff: 0.1]
      [Ext Root Scanning (ms): Min: 5.0, Avg: 5.2, Max: 5.3, Diff: 0.3, Sum: 20.7]
      [Update RS (ms): Min: 23.0, Avg: 23.2, Max: 23.5, Diff: 0.4, Sum: 92.7]
         [Processed Buffers: Min: 19, Avg: 32.0, Max: 56, Diff: 37, Sum: 128]
      [Scan RS (ms): Min: 0.0, Avg: 0.3, Max: 0.4, Diff: 0.3, Sum: 1.1]
      [Code Root Scanning (ms): Min: 0.0, Avg: 0.0, Max: 0.0, Diff: 0.0, Sum: 0.1]
      [Object Copy (ms): Min: 29.7, Avg: 29.8, Max: 29.9, Diff: 0.2, Sum: 119.1]
      [Termination (ms): Min: 0.0, Avg: 0.0, Max: 0.0, Diff: 0.0, Sum: 0.0]
         [Termination Attempts: Min: 1, Avg: 1.0, Max: 1, Diff: 0, Sum: 4]
      [GC Worker Other (ms): Min: 0.0, Avg: 0.0, Max: 0.0, Diff: 0.0, Sum: 0.1]
      [GC Worker Total (ms): Min: 58.4, Avg: 58.4, Max: 58.5, Diff: 0.1, Sum: 233.8]
      [GC Worker End (ms): Min: 3784580.0, Avg: 3784580.0, Max: 3784580.0, Diff: 0.0]
   [Code Root Fixup: 0.0 ms]
   [Code Root Purge: 0.0 ms]
   [Clear CT: 0.3 ms]
   [Other: 3.6 ms]
      [Choose CSet: 0.0 ms]
      [Ref Proc: 1.9 ms]
      [Ref Enq: 0.1 ms]
      [Redirty Cards: 0.3 ms]
      [Humongous Register: 0.2 ms]
      [Humongous Reclaim: 0.1 ms]
      [Free CSet: 0.8 ms]
   [Eden: 825.0M(825.0M)->0.0B(871.0M) Survivors: 57344.0K->35840.0K Heap: 1579.8M(1868.0M)->732.3M(1868.0M)]
Heap after GC invocations=503 (full 0):
 garbage-first heap   total 1912832K, used 749914K [0x000000008b400000, 0x000000008b503a60, 0x0000000100000000)
  region size 1024K, 35 young (35840K), 35 survivors (35840K)
 Metaspace       used 148372K, capacity 155667K, committed 155824K, reserved 1183744K
  class space    used 19750K, capacity 21113K, committed 21168K, reserved 1048576K
}
 [Times: user=0.20 sys=0.02, real=0.06 secs] 
2020-07-20T10:12:28.648+0000: 3784.584: Total time for which application threads were stopped: 0.0698168 seconds, Stopping threads took: 0.0062052 seconds
{Heap before GC invocations=503 (full 0):
 garbage-first heap   total 1912832K, used 1643866K [0x000000008b400000, 0x000000008b503a60, 0x0000000100000000)
  region size 1024K, 906 young (927744K), 35 survivors (35840K)
 Metaspace       used 148372K, capacity 155667K, committed 155824K, reserved 1183744K
  class space    used 19750K, capacity 21113K, committed 21168K, reserved 1048576K
2020-07-20T10:12:31.617+0000: 3787.553: [GC pause (G1 Evacuation Pause) (young)
Desired survivor size 59768832 bytes, new threshold 15 (max 15)
- age   1:   21232600 bytes,   21232600 total
- age   2:    8862416 bytes,   30095016 total
- age   3:    2731936 bytes,   32826952 total
- age   4:     795984 bytes,   33622936 total
- age   5:     302888 bytes,   33925824 total
- age   6:     679016 bytes,   34604840 total
- age   7:     288368 bytes,   34893208 total
, 0.0811448 secs]
   [Parallel Time: 77.1 ms, GC Workers: 4]
      [GC Worker Start (ms): Min: 3787553.3, Avg: 3787553.3, Max: 3787553.4, Diff: 0.1]
      [Ext Root Scanning (ms): Min: 5.0, Avg: 5.1, Max: 5.2, Diff: 0.2, Sum: 20.3]
      [Update RS (ms): Min: 26.3, Avg: 26.4, Max: 26.6, Diff: 0.4, Sum: 105.5]
         [Processed Buffers: Min: 17, Avg: 33.5, Max: 68, Diff: 51, Sum: 134]
      [Scan RS (ms): Min: 0.1, Avg: 0.2, Max: 0.3, Diff: 0.2, Sum: 0.9]
      [Code Root Scanning (ms): Min: 0.0, Avg: 0.0, Max: 0.0, Diff: 0.0, Sum: 0.1]
      [Object Copy (ms): Min: 45.0, Avg: 45.2, Max: 45.3, Diff: 0.2, Sum: 180.6]
      [Termination (ms): Min: 0.0, Avg: 0.0, Max: 0.1, Diff: 0.1, Sum: 0.2]
         [Termination Attempts: Min: 3, Avg: 8.8, Max: 14, Diff: 11, Sum: 35]
      [GC Worker Other (ms): Min: 0.0, Avg: 0.0, Max: 0.1, Diff: 0.0, Sum: 0.1]
      [GC Worker Total (ms): Min: 76.9, Avg: 76.9, Max: 77.0, Diff: 0.1, Sum: 307.8]
      [GC Worker End (ms): Min: 3787630.2, Avg: 3787630.3, Max: 3787630.3, Diff: 0.1]
   [Code Root Fixup: 0.1 ms]
   [Code Root Purge: 0.0 ms]
   [Clear CT: 0.3 ms]
   [Other: 3.6 ms]
      [Choose CSet: 0.0 ms]
      [Ref Proc: 1.8 ms]
      [Ref Enq: 0.1 ms]
      [Redirty Cards: 0.3 ms]
      [Humongous Register: 0.1 ms]
      [Humongous Reclaim: 0.0 ms]
      [Free CSet: 0.8 ms]
   [Eden: 871.0M(871.0M)->0.0B(833.0M) Survivors: 35840.0K->53248.0K Heap: 1605.3M(1868.0M)->750.8M(1868.0M)]
Heap after GC invocations=504 (full 0):
 garbage-first heap   total 1912832K, used 768858K [0x000000008b400000, 0x000000008b503a60, 0x0000000100000000)
  region size 1024K, 52 young (53248K), 52 survivors (53248K)
 Metaspace       used 148372K, capacity 155667K, committed 155824K, reserved 1183744K
  class space    used 19750K, capacity 21113K, committed 21168K, reserved 1048576K
}
 [Times: user=0.25 sys=0.01, real=0.08 secs] 
2020-07-20T10:12:31.699+0000: 3787.634: Total time for which application threads were stopped: 0.0885830 seconds, Stopping threads took: 0.0064507 seconds
{Heap before GC invocations=504 (full 0):
 garbage-first heap   total 1912832K, used 1621850K [0x000000008b400000, 0x000000008b503a60, 0x0000000100000000)
  region size 1024K, 885 young (906240K), 52 survivors (53248K)
 Metaspace       used 148372K, capacity 155667K, committed 155824K, reserved 1183744K
  class space    used 19750K, capacity 21113K, committed 21168K, reserved 1048576K
2020-07-20T10:12:34.421+0000: 3790.357: [GC pause (G1 Evacuation Pause) (young)
Desired survivor size 58195968 bytes, new threshold 15 (max 15)
- age   1:   23011560 bytes,   23011560 total
- age   2:   15499776 bytes,   38511336 total
- age   3:    8782368 bytes,   47293704 total
- age   4:    2728224 bytes,   50021928 total
- age   5:     795264 bytes,   50817192 total
- age   6:     302736 bytes,   51119928 total
- age   7:     678968 bytes,   51798896 total
- age   8:     286112 bytes,   52085008 total
, 0.1042628 secs]
   [Parallel Time: 100.3 ms, GC Workers: 4]
      [GC Worker Start (ms): Min: 3790357.6, Avg: 3790357.6, Max: 3790357.6, Diff: 0.1]
      [Ext Root Scanning (ms): Min: 5.4, Avg: 5.5, Max: 5.6, Diff: 0.2, Sum: 21.9]
      [Update RS (ms): Min: 26.3, Avg: 26.5, Max: 26.8, Diff: 0.5, Sum: 105.9]
         [Processed Buffers: Min: 20, Avg: 32.2, Max: 49, Diff: 29, Sum: 129]
      [Scan RS (ms): Min: 0.1, Avg: 0.3, Max: 0.4, Diff: 0.3, Sum: 1.1]
      [Code Root Scanning (ms): Min: 0.0, Avg: 0.0, Max: 0.0, Diff: 0.0, Sum: 0.1]
      [Object Copy (ms): Min: 67.8, Avg: 67.9, Max: 68.0, Diff: 0.1, Sum: 271.5]
      [Termination (ms): Min: 0.0, Avg: 0.0, Max: 0.0, Diff: 0.0, Sum: 0.0]
         [Termination Attempts: Min: 1, Avg: 2.8, Max: 4, Diff: 3, Sum: 11]
      [GC Worker Other (ms): Min: 0.0, Avg: 0.0, Max: 0.1, Diff: 0.0, Sum: 0.2]
      [GC Worker Total (ms): Min: 100.1, Avg: 100.2, Max: 100.2, Diff: 0.0, Sum: 400.6]
      [GC Worker End (ms): Min: 3790457.7, Avg: 3790457.7, Max: 3790457.8, Diff: 0.0]
   [Code Root Fixup: 0.0 ms]
   [Code Root Purge: 0.0 ms]
   [Clear CT: 0.3 ms]
   [Other: 3.6 ms]
      [Choose CSet: 0.0 ms]
      [Ref Proc: 2.0 ms]
      [Ref Enq: 0.1 ms]
      [Redirty Cards: 0.3 ms]
      [Humongous Register: 0.1 ms]
      [Humongous Reclaim: 0.0 ms]
      [Free CSet: 0.8 ms]
   [Eden: 833.0M(833.0M)->0.0B(789.0M) Survivors: 53248.0K->75776.0K Heap: 1583.8M(1868.0M)->773.3M(1868.0M)]
Heap after GC invocations=505 (full 0):
 garbage-first heap   total 1912832K, used 791898K [0x000000008b400000, 0x000000008b503a60, 0x0000000100000000)
  region size 1024K, 74 young (75776K), 74 survivors (75776K)
 Metaspace       used 148372K, capacity 155667K, committed 155824K, reserved 1183744K
  class space    used 19750K, capacity 21113K, committed 21168K, reserved 1048576K
}
 [Times: user=0.33 sys=0.01, real=0.10 secs] 
2020-07-20T10:12:34.526+0000: 3790.462: Total time for which application threads were stopped: 0.1064087 seconds, Stopping threads took: 0.0012171 seconds
{Heap before GC invocations=505 (full 0):
 garbage-first heap   total 1912832K, used 1599834K [0x000000008b400000, 0x000000008b503a60, 0x0000000100000000)
  region size 1024K, 863 young (883712K), 74 survivors (75776K)
 Metaspace       used 148377K, capacity 155667K, committed 155824K, reserved 1183744K
  class space    used 19750K, capacity 21113K, committed 21168K, reserved 1048576K
2020-07-20T10:12:37.062+0000: 3792.998: [GC pause (G1 Evacuation Pause) (young)
Desired survivor size 56623104 bytes, new threshold 3 (max 15)
- age   1:   28223584 bytes,   28223584 total
- age   2:   17982168 bytes,   46205752 total
- age   3:   15496952 bytes,   61702704 total
- age   4:    8782024 bytes,   70484728 total
- age   5:    2718744 bytes,   73203472 total
- age   6:     794568 bytes,   73998040 total
- age   7:     302672 bytes,   74300712 total
- age   8:     678872 bytes,   74979584 total
- age   9:     285832 bytes,   75265416 total
, 0.0769321 secs]
   [Parallel Time: 72.6 ms, GC Workers: 4]
      [GC Worker Start (ms): Min: 3792998.2, Avg: 3792998.2, Max: 3792998.2, Diff: 0.1]
      [Ext Root Scanning (ms): Min: 5.9, Avg: 6.2, Max: 6.9, Diff: 1.0, Sum: 24.9]
      [Update RS (ms): Min: 24.9, Avg: 25.2, Max: 25.4, Diff: 0.6, Sum: 100.9]
         [Processed Buffers: Min: 20, Avg: 33.5, Max: 51, Diff: 31, Sum: 134]
      [Scan RS (ms): Min: 0.2, Avg: 0.3, Max: 0.4, Diff: 0.2, Sum: 1.1]
      [Code Root Scanning (ms): Min: 0.0, Avg: 0.0, Max: 0.0, Diff: 0.0, Sum: 0.1]
      [Object Copy (ms): Min: 40.5, Avg: 40.7, Max: 40.8, Diff: 0.3, Sum: 162.8]
      [Termination (ms): Min: 0.0, Avg: 0.0, Max: 0.0, Diff: 0.0, Sum: 0.1]
         [Termination Attempts: Min: 7, Avg: 11.5, Max: 21, Diff: 14, Sum: 46]
      [GC Worker Other (ms): Min: 0.0, Avg: 0.0, Max: 0.1, Diff: 0.0, Sum: 0.2]
      [GC Worker Total (ms): Min: 72.4, Avg: 72.5, Max: 72.5, Diff: 0.1, Sum: 290.0]
      [GC Worker End (ms): Min: 3793070.7, Avg: 3793070.7, Max: 3793070.7, Diff: 0.0]
   [Code Root Fixup: 0.0 ms]
   [Code Root Purge: 0.0 ms]
   [Clear CT: 0.3 ms]
   [Other: 3.9 ms]
      [Choose CSet: 0.0 ms]
      [Ref Proc: 2.0 ms]
      [Ref Enq: 0.2 ms]
      [Redirty Cards: 0.4 ms]
      [Humongous Register: 0.1 ms]
      [Humongous Reclaim: 0.1 ms]
      [Free CSet: 0.7 ms]
   [Eden: 789.0M(789.0M)->0.0B(859.0M) Survivors: 75776.0K->40960.0K Heap: 1562.3M(1868.0M)->741.2M(1868.0M)]
Heap after GC invocations=506 (full 0):
 garbage-first heap   total 1912832K, used 758974K [0x000000008b400000, 0x000000008b503a60, 0x0000000100000000)
  region size 1024K, 40 young (40960K), 40 survivors (40960K)
 Metaspace       used 148377K, capacity 155667K, committed 155824K, reserved 1183744K
  class space    used 19750K, capacity 21113K, committed 21168K, reserved 1048576K
}
 [Times: user=0.26 sys=0.01, real=0.07 secs] 
2020-07-20T10:12:37.139+0000: 3793.075: Total time for which application threads were stopped: 0.0814562 seconds, Stopping threads took: 0.0030454 seconds
{Heap before GC invocations=506 (full 0):
 garbage-first heap   total 1912832K, used 1640638K [0x000000008b400000, 0x000000008b503a60, 0x0000000100000000)
  region size 1024K, 899 young (920576K), 40 survivors (40960K)
 Metaspace       used 148378K, capacity 155667K, committed 155824K, reserved 1183744K
  class space    used 19750K, capacity 21113K, committed 21168K, reserved 1048576K
2020-07-20T10:12:39.790+0000: 3795.726: [GC pause (G1 Evacuation Pause) (young)
Desired survivor size 59244544 bytes, new threshold 15 (max 15)
- age   1:   20028240 bytes,   20028240 total
- age   2:   16489144 bytes,   36517384 total
- age   3:    3364744 bytes,   39882128 total
, 0.0903439 secs]
   [Parallel Time: 85.9 ms, GC Workers: 4]
      [GC Worker Start (ms): Min: 3795726.1, Avg: 3795726.2, Max: 3795726.2, Diff: 0.1]
      [Ext Root Scanning (ms): Min: 5.9, Avg: 6.1, Max: 6.3, Diff: 0.4, Sum: 24.2]
      [Update RS (ms): Min: 29.5, Avg: 29.9, Max: 30.9, Diff: 1.3, Sum: 119.7]
         [Processed Buffers: Min: 13, Avg: 36.8, Max: 54, Diff: 41, Sum: 147]
      [Scan RS (ms): Min: 0.2, Avg: 0.2, Max: 0.3, Diff: 0.1, Sum: 1.0]
      [Code Root Scanning (ms): Min: 0.0, Avg: 0.0, Max: 0.0, Diff: 0.0, Sum: 0.1]
      [Object Copy (ms): Min: 48.2, Avg: 49.3, Max: 49.7, Diff: 1.5, Sum: 197.1]
      [Termination (ms): Min: 0.0, Avg: 0.0, Max: 0.1, Diff: 0.1, Sum: 0.2]
         [Termination Attempts: Min: 7, Avg: 12.5, Max: 17, Diff: 10, Sum: 50]
      [GC Worker Other (ms): Min: 0.0, Avg: 0.1, Max: 0.1, Diff: 0.1, Sum: 0.3]
      [GC Worker Total (ms): Min: 85.6, Avg: 85.6, Max: 85.7, Diff: 0.1, Sum: 342.5]
      [GC Worker End (ms): Min: 3795811.8, Avg: 3795811.8, Max: 3795811.8, Diff: 0.1]
   [Code Root Fixup: 0.0 ms]
   [Code Root Purge: 0.0 ms]
   [Clear CT: 0.5 ms]
   [Other: 3.9 ms]
      [Choose CSet: 0.0 ms]
      [Ref Proc: 2.2 ms]
      [Ref Enq: 0.2 ms]
      [Redirty Cards: 0.2 ms]
      [Humongous Register: 0.1 ms]
      [Humongous Reclaim: 0.0 ms]
      [Free CSet: 0.8 ms]
   [Eden: 859.0M(859.0M)->0.0B(827.0M) Survivors: 40960.0K->55296.0K Heap: 1602.2M(1868.0M)->757.2M(1868.0M)]
Heap after GC invocations=507 (full 0):
 garbage-first heap   total 1912832K, used 775358K [0x000000008b400000, 0x000000008b503a60, 0x0000000100000000)
  region size 1024K, 54 young (55296K), 54 survivors (55296K)
 Metaspace       used 148378K, capacity 155667K, committed 155824K, reserved 1183744K
  class space    used 19750K, capacity 21113K, committed 21168K, reserved 1048576K
}
 [Times: user=0.29 sys=0.01, real=0.09 secs] 
2020-07-20T10:12:39.881+0000: 3795.816: Total time for which application threads were stopped: 0.0941166 seconds, Stopping threads took: 0.0023686 seconds
{Heap before GC invocations=507 (full 0):
 garbage-first heap   total 1912832K, used 1622206K [0x000000008b400000, 0x000000008b503a60, 0x0000000100000000)
  region size 1024K, 881 young (902144K), 54 survivors (55296K)
 Metaspace       used 148378K, capacity 155667K, committed 155824K, reserved 1183744K
  class space    used 19750K, capacity 21113K, committed 21168K, reserved 1048576K
2020-07-20T10:12:43.046+0000: 3798.982: [GC pause (G1 Evacuation Pause) (young)
Desired survivor size 58195968 bytes, new threshold 15 (max 15)
- age   1:   19480800 bytes,   19480800 total
- age   2:   14787552 bytes,   34268352 total
- age   3:   16486744 bytes,   50755096 total
- age   4:    3351912 bytes,   54107008 total
, 0.0771818 secs]
   [Parallel Time: 72.2 ms, GC Workers: 4]
      [GC Worker Start (ms): Min: 3798982.1, Avg: 3798982.1, Max: 3798982.2, Diff: 0.1]
      [Ext Root Scanning (ms): Min: 8.8, Avg: 9.0, Max: 9.1, Diff: 0.3, Sum: 35.9]
      [Update RS (ms): Min: 18.6, Avg: 18.7, Max: 18.7, Diff: 0.0, Sum: 74.6]
         [Processed Buffers: Min: 13, Avg: 24.5, Max: 47, Diff: 34, Sum: 98]
      [Scan RS (ms): Min: 0.3, Avg: 0.4, Max: 0.4, Diff: 0.1, Sum: 1.6]
      [Code Root Scanning (ms): Min: 0.0, Avg: 0.0, Max: 0.0, Diff: 0.0, Sum: 0.1]
      [Object Copy (ms): Min: 43.8, Avg: 43.9, Max: 44.0, Diff: 0.2, Sum: 175.7]
      [Termination (ms): Min: 0.0, Avg: 0.0, Max: 0.1, Diff: 0.1, Sum: 0.2]
         [Termination Attempts: Min: 3, Avg: 5.0, Max: 9, Diff: 6, Sum: 20]
      [GC Worker Other (ms): Min: 0.0, Avg: 0.0, Max: 0.1, Diff: 0.0, Sum: 0.1]
      [GC Worker Total (ms): Min: 72.0, Avg: 72.0, Max: 72.0, Diff: 0.1, Sum: 288.1]
      [GC Worker End (ms): Min: 3799054.1, Avg: 3799054.2, Max: 3799054.2, Diff: 0.0]
   [Code Root Fixup: 0.1 ms]
   [Code Root Purge: 0.0 ms]
   [Clear CT: 0.4 ms]
   [Other: 4.5 ms]
      [Choose CSet: 0.0 ms]
      [Ref Proc: 2.1 ms]
      [Ref Enq: 0.1 ms]
      [Redirty Cards: 0.3 ms]
      [Humongous Register: 0.2 ms]
      [Humongous Reclaim: 0.1 ms]
      [Free CSet: 1.2 ms]
   [Eden: 827.0M(827.0M)->0.0B(855.0M) Survivors: 55296.0K->43008.0K Heap: 1584.2M(1868.0M)->742.7M(1868.0M)]
Heap after GC invocations=508 (full 0):
 garbage-first heap   total 1912832K, used 760510K [0x000000008b400000, 0x000000008b503a60, 0x0000000100000000)
  region size 1024K, 42 young (43008K), 42 survivors (43008K)
 Metaspace       used 148378K, capacity 155667K, committed 155824K, reserved 1183744K
  class space    used 19750K, capacity 21113K, committed 21168K, reserved 1048576K
}
 [Times: user=0.25 sys=0.00, real=0.08 secs] 
2020-07-20T10:12:43.123+0000: 3799.059: Total time for which application threads were stopped: 0.0826349 seconds, Stopping threads took: 0.0042477 seconds
{Heap before GC invocations=508 (full 0):
 garbage-first heap   total 1912832K, used 1638078K [0x000000008b400000, 0x000000008b503a60, 0x0000000100000000)
  region size 1024K, 897 young (918528K), 42 survivors (43008K)
 Metaspace       used 148378K, capacity 155667K, committed 155824K, reserved 1183744K
  class space    used 19750K, capacity 21113K, committed 21168K, reserved 1048576K
2020-07-20T10:12:45.877+0000: 3801.813: [GC pause (G1 Evacuation Pause) (young)
Desired survivor size 59244544 bytes, new threshold 15 (max 15)
- age   1:   26530064 bytes,   26530064 total
- age   2:   13202272 bytes,   39732336 total
- age   3:     538120 bytes,   40270456 total
- age   4:     511064 bytes,   40781520 total
- age   5:     476552 bytes,   41258072 total
, 0.0861520 secs]
   [Parallel Time: 81.9 ms, GC Workers: 4]
      [GC Worker Start (ms): Min: 3801813.5, Avg: 3801813.6, Max: 3801813.6, Diff: 0.1]
      [Ext Root Scanning (ms): Min: 5.2, Avg: 5.3, Max: 5.4, Diff: 0.2, Sum: 21.1]
      [Update RS (ms): Min: 19.8, Avg: 20.0, Max: 20.6, Diff: 0.7, Sum: 80.2]
         [Processed Buffers: Min: 10, Avg: 26.5, Max: 45, Diff: 35, Sum: 106]
      [Scan RS (ms): Min: 0.1, Avg: 0.2, Max: 0.3, Diff: 0.2, Sum: 0.9]
      [Code Root Scanning (ms): Min: 0.0, Avg: 0.0, Max: 0.0, Diff: 0.0, Sum: 0.1]
      [Object Copy (ms): Min: 55.7, Avg: 56.1, Max: 56.3, Diff: 0.5, Sum: 224.2]
      [Termination (ms): Min: 0.0, Avg: 0.1, Max: 0.1, Diff: 0.0, Sum: 0.3]
         [Termination Attempts: Min: 9, Avg: 20.0, Max: 32, Diff: 23, Sum: 80]
      [GC Worker Other (ms): Min: 0.0, Avg: 0.0, Max: 0.0, Diff: 0.0, Sum: 0.1]
      [GC Worker Total (ms): Min: 81.7, Avg: 81.7, Max: 81.7, Diff: 0.1, Sum: 326.8]
      [GC Worker End (ms): Min: 3801895.2, Avg: 3801895.3, Max: 3801895.3, Diff: 0.0]
   [Code Root Fixup: 0.0 ms]
   [Code Root Purge: 0.0 ms]
   [Clear CT: 0.3 ms]
   [Other: 4.0 ms]
      [Choose CSet: 0.0 ms]
      [Ref Proc: 1.9 ms]
      [Ref Enq: 0.1 ms]
      [Redirty Cards: 0.2 ms]
      [Humongous Register: 0.2 ms]
      [Humongous Reclaim: 0.1 ms]
      [Free CSet: 0.8 ms]
   [Eden: 855.0M(855.0M)->0.0B(809.0M) Survivors: 43008.0K->64512.0K Heap: 1599.7M(1868.0M)->766.2M(1868.0M)]
Heap after GC invocations=509 (full 0):
 garbage-first heap   total 1912832K, used 784574K [0x000000008b400000, 0x000000008b503a60, 0x0000000100000000)
  region size 1024K, 63 young (64512K), 63 survivors (64512K)
 Metaspace       used 148378K, capacity 155667K, committed 155824K, reserved 1183744K
  class space    used 19750K, capacity 21113K, committed 21168K, reserved 1048576K
}
 [Times: user=0.28 sys=0.00, real=0.09 secs] 
2020-07-20T10:12:45.964+0000: 3801.899: Total time for which application threads were stopped: 0.0905216 seconds, Stopping threads took: 0.0031900 seconds
{Heap before GC invocations=509 (full 0):
 garbage-first heap   total 1912832K, used 1615038K [0x000000008b400000, 0x000000008b503a60, 0x0000000100000000)
  region size 1024K, 872 young (892928K), 63 survivors (64512K)
 Metaspace       used 148378K, capacity 155667K, committed 155824K, reserved 1183744K
  class space    used 19750K, capacity 21113K, committed 21168K, reserved 1048576K
2020-07-20T10:12:48.866+0000: 3804.802: [GC pause (G1 Evacuation Pause) (young)
Desired survivor size 57147392 bytes, new threshold 3 (max 15)
- age   1:   28103272 bytes,   28103272 total
- age   2:   21080464 bytes,   49183736 total
- age   3:   13200616 bytes,   62384352 total
- age   4:     537720 bytes,   62922072 total
- age   5:     501888 bytes,   63423960 total
- age   6:     476464 bytes,   63900424 total
, 0.0665532 secs]
   [Parallel Time: 62.7 ms, GC Workers: 4]
      [GC Worker Start (ms): Min: 3804802.2, Avg: 3804802.8, Max: 3804804.6, Diff: 2.4]
      [Ext Root Scanning (ms): Min: 3.4, Avg: 5.1, Max: 5.8, Diff: 2.4, Sum: 20.4]
      [Update RS (ms): Min: 17.5, Avg: 18.0, Max: 19.1, Diff: 1.6, Sum: 71.9]
         [Processed Buffers: Min: 12, Avg: 26.2, Max: 44, Diff: 32, Sum: 105]
      [Scan RS (ms): Min: 0.1, Avg: 0.2, Max: 0.4, Diff: 0.2, Sum: 1.0]
      [Code Root Scanning (ms): Min: 0.0, Avg: 0.0, Max: 0.0, Diff: 0.0, Sum: 0.1]
      [Object Copy (ms): Min: 37.4, Avg: 38.4, Max: 39.0, Diff: 1.6, Sum: 153.8]
      [Termination (ms): Min: 0.0, Avg: 0.1, Max: 0.2, Diff: 0.1, Sum: 0.3]
         [Termination Attempts: Min: 1, Avg: 3.2, Max: 7, Diff: 6, Sum: 13]
      [GC Worker Other (ms): Min: 0.0, Avg: 0.0, Max: 0.0, Diff: 0.0, Sum: 0.1]
      [GC Worker Total (ms): Min: 60.1, Avg: 61.9, Max: 62.5, Diff: 2.4, Sum: 247.6]
      [GC Worker End (ms): Min: 3804864.7, Avg: 3804864.7, Max: 3804864.8, Diff: 0.1]
   [Code Root Fixup: 0.0 ms]
   [Code Root Purge: 0.0 ms]
   [Clear CT: 0.3 ms]
   [Other: 3.5 ms]
      [Choose CSet: 0.0 ms]
      [Ref Proc: 1.8 ms]
      [Ref Enq: 0.2 ms]
      [Redirty Cards: 0.2 ms]
      [Humongous Register: 0.2 ms]
      [Humongous Reclaim: 0.1 ms]
      [Free CSet: 0.8 ms]
   [Eden: 809.0M(809.0M)->0.0B(853.0M) Survivors: 64512.0K->40960.0K Heap: 1577.2M(1868.0M)->744.7M(1868.0M)]
Heap after GC invocations=510 (full 0):
 garbage-first heap   total 1912832K, used 762522K [0x000000008b400000, 0x000000008b503a60, 0x0000000100000000)
  region size 1024K, 40 young (40960K), 40 survivors (40960K)
 Metaspace       used 148378K, capacity 155667K, committed 155824K, reserved 1183744K
  class space    used 19750K, capacity 21113K, committed 21168K, reserved 1048576K
}
 [Times: user=0.21 sys=0.02, real=0.07 secs] 
2020-07-20T10:12:48.933+0000: 3804.869: Total time for which application threads were stopped: 0.0735879 seconds, Stopping threads took: 0.0061519 seconds
{Heap before GC invocations=510 (full 0):
 garbage-first heap   total 1912832K, used 1638042K [0x000000008b400000, 0x000000008b503a60, 0x0000000100000000)
  region size 1024K, 893 young (914432K), 40 survivors (40960K)
 Metaspace       used 148378K, capacity 155667K, committed 155824K, reserved 1183744K
  class space    used 19750K, capacity 21113K, committed 21168K, reserved 1048576K
2020-07-20T10:12:51.630+0000: 3807.565: [GC pause (G1 Evacuation Pause) (young)
Desired survivor size 58720256 bytes, new threshold 15 (max 15)
- age   1:   25766400 bytes,   25766400 total
- age   2:   13116296 bytes,   38882696 total
- age   3:     426056 bytes,   39308752 total
, 0.1021719 secs]
   [Parallel Time: 98.1 ms, GC Workers: 4]
      [GC Worker Start (ms): Min: 3807565.8, Avg: 3807565.8, Max: 3807565.8, Diff: 0.1]
      [Ext Root Scanning (ms): Min: 5.2, Avg: 5.4, Max: 5.5, Diff: 0.3, Sum: 21.4]
      [Update RS (ms): Min: 34.4, Avg: 34.5, Max: 34.7, Diff: 0.3, Sum: 138.0]
         [Processed Buffers: Min: 26, Avg: 34.0, Max: 52, Diff: 26, Sum: 136]
      [Scan RS (ms): Min: 0.1, Avg: 0.3, Max: 0.4, Diff: 0.4, Sum: 1.2]
      [Code Root Scanning (ms): Min: 0.0, Avg: 0.1, Max: 0.1, Diff: 0.1, Sum: 0.2]
      [Object Copy (ms): Min: 57.5, Avg: 57.7, Max: 57.8, Diff: 0.3, Sum: 230.7]
      [Termination (ms): Min: 0.0, Avg: 0.0, Max: 0.0, Diff: 0.0, Sum: 0.1]
         [Termination Attempts: Min: 1, Avg: 4.8, Max: 7, Diff: 6, Sum: 19]
      [GC Worker Other (ms): Min: 0.0, Avg: 0.1, Max: 0.1, Diff: 0.1, Sum: 0.2]
      [GC Worker Total (ms): Min: 97.9, Avg: 98.0, Max: 98.0, Diff: 0.1, Sum: 391.9]
      [GC Worker End (ms): Min: 3807663.7, Avg: 3807663.8, Max: 3807663.8, Diff: 0.0]
   [Code Root Fixup: 0.0 ms]
   [Code Root Purge: 0.0 ms]
   [Clear CT: 0.4 ms]
   [Other: 3.6 ms]
      [Choose CSet: 0.0 ms]
      [Ref Proc: 2.0 ms]
      [Ref Enq: 0.1 ms]
      [Redirty Cards: 0.2 ms]
      [Humongous Register: 0.1 ms]
      [Humongous Reclaim: 0.0 ms]
      [Free CSet: 0.8 ms]
   [Eden: 853.0M(853.0M)->0.0B(815.0M) Survivors: 40960.0K->58368.0K Heap: 1599.7M(1868.0M)->763.7M(1868.0M)]
Heap after GC invocations=511 (full 0):
 garbage-first heap   total 1912832K, used 781978K [0x000000008b400000, 0x000000008b503a60, 0x0000000100000000)
  region size 1024K, 57 young (58368K), 57 survivors (58368K)
 Metaspace       used 148378K, capacity 155667K, committed 155824K, reserved 1183744K
  class space    used 19750K, capacity 21113K, committed 21168K, reserved 1048576K
}
 [Times: user=0.31 sys=0.01, real=0.10 secs] 
2020-07-20T10:12:51.732+0000: 3807.668: Total time for which application threads were stopped: 0.1049991 seconds, Stopping threads took: 0.0018853 seconds
{Heap before GC invocations=511 (full 0):
 garbage-first heap   total 1912832K, used 1616538K [0x000000008b400000, 0x000000008b503a60, 0x0000000100000000)
  region size 1024K, 872 young (892928K), 57 survivors (58368K)
 Metaspace       used 148380K, capacity 155667K, committed 155824K, reserved 1183744K
  class space    used 19750K, capacity 21113K, committed 21168K, reserved 1048576K
2020-07-20T10:12:54.458+0000: 3810.394: [GC pause (G1 Evacuation Pause) (young)
Desired survivor size 57147392 bytes, new threshold 3 (max 15)
- age   1:   24224432 bytes,   24224432 total
- age   2:   20034184 bytes,   44258616 total
- age   3:   13107320 bytes,   57365936 total
- age   4:     425576 bytes,   57791512 total
, 0.0654081 secs]
   [Parallel Time: 61.6 ms, GC Workers: 4]
      [GC Worker Start (ms): Min: 3810394.1, Avg: 3810394.1, Max: 3810394.1, Diff: 0.0]
      [Ext Root Scanning (ms): Min: 6.4, Avg: 7.4, Max: 10.3, Diff: 4.0, Sum: 29.7]
      [Update RS (ms): Min: 21.0, Avg: 23.9, Max: 25.3, Diff: 4.3, Sum: 95.6]
         [Processed Buffers: Min: 9, Avg: 27.5, Max: 42, Diff: 33, Sum: 110]
      [Scan RS (ms): Min: 0.1, Avg: 0.2, Max: 0.4, Diff: 0.3, Sum: 0.9]
      [Code Root Scanning (ms): Min: 0.0, Avg: 0.0, Max: 0.0, Diff: 0.0, Sum: 0.1]
      [Object Copy (ms): Min: 29.6, Avg: 29.8, Max: 30.0, Diff: 0.4, Sum: 119.3]
      [Termination (ms): Min: 0.0, Avg: 0.0, Max: 0.0, Diff: 0.0, Sum: 0.0]
         [Termination Attempts: Min: 1, Avg: 3.5, Max: 6, Diff: 5, Sum: 14]
      [GC Worker Other (ms): Min: 0.0, Avg: 0.1, Max: 0.2, Diff: 0.1, Sum: 0.3]
      [GC Worker Total (ms): Min: 61.5, Avg: 61.5, Max: 61.5, Diff: 0.1, Sum: 246.0]
      [GC Worker End (ms): Min: 3810455.6, Avg: 3810455.6, Max: 3810455.6, Diff: 0.0]
   [Code Root Fixup: 0.0 ms]
   [Code Root Purge: 0.0 ms]
   [Clear CT: 0.3 ms]
   [Other: 3.5 ms]
      [Choose CSet: 0.0 ms]
      [Ref Proc: 1.8 ms]
      [Ref Enq: 0.1 ms]
      [Redirty Cards: 0.2 ms]
      [Humongous Register: 0.1 ms]
      [Humongous Reclaim: 0.1 ms]
      [Free CSet: 0.8 ms]
   [Eden: 815.0M(815.0M)->0.0B(869.0M) Survivors: 58368.0K->31744.0K Heap: 1578.7M(1868.0M)->737.3M(1868.0M)]
Heap after GC invocations=512 (full 0):
 garbage-first heap   total 1912832K, used 755025K [0x000000008b400000, 0x000000008b503a60, 0x0000000100000000)
  region size 1024K, 31 young (31744K), 31 survivors (31744K)
 Metaspace       used 148380K, capacity 155667K, committed 155824K, reserved 1183744K
  class space    used 19750K, capacity 21113K, committed 21168K, reserved 1048576K
}
 [Times: user=0.18 sys=0.03, real=0.07 secs] 
2020-07-20T10:12:54.524+0000: 3810.459: Total time for which application threads were stopped: 0.0734169 seconds, Stopping threads took: 0.0063784 seconds
{Heap before GC invocations=512 (full 0):
 garbage-first heap   total 1912832K, used 1646929K [0x000000008b400000, 0x000000008b503a60, 0x0000000100000000)
  region size 1024K, 900 young (921600K), 31 survivors (31744K)
 Metaspace       used 148381K, capacity 155667K, committed 155824K, reserved 1183744K
  class space    used 19750K, capacity 21113K, committed 21168K, reserved 1048576K
2020-07-20T10:12:57.377+0000: 3813.313: [GC pause (G1 Evacuation Pause) (young)
Desired survivor size 59244544 bytes, new threshold 15 (max 15)
- age   1:   20379376 bytes,   20379376 total
- age   2:   10097936 bytes,   30477312 total
- age   3:     830128 bytes,   31307440 total
, 0.0727649 secs]
   [Parallel Time: 68.6 ms, GC Workers: 4]
      [GC Worker Start (ms): Min: 3813313.0, Avg: 3813313.0, Max: 3813313.1, Diff: 0.1]
      [Ext Root Scanning (ms): Min: 5.1, Avg: 5.2, Max: 5.3, Diff: 0.2, Sum: 20.6]
      [Update RS (ms): Min: 20.2, Avg: 20.3, Max: 20.5, Diff: 0.3, Sum: 81.2]
         [Processed Buffers: Min: 18, Avg: 28.5, Max: 54, Diff: 36, Sum: 114]
      [Scan RS (ms): Min: 0.1, Avg: 0.3, Max: 0.3, Diff: 0.2, Sum: 1.0]
      [Code Root Scanning (ms): Min: 0.0, Avg: 0.0, Max: 0.0, Diff: 0.0, Sum: 0.1]
      [Object Copy (ms): Min: 42.5, Avg: 42.6, Max: 42.7, Diff: 0.2, Sum: 170.4]
      [Termination (ms): Min: 0.0, Avg: 0.0, Max: 0.0, Diff: 0.0, Sum: 0.1]
         [Termination Attempts: Min: 4, Avg: 6.2, Max: 8, Diff: 4, Sum: 25]
      [GC Worker Other (ms): Min: 0.0, Avg: 0.1, Max: 0.1, Diff: 0.1, Sum: 0.3]
      [GC Worker Total (ms): Min: 68.3, Avg: 68.4, Max: 68.4, Diff: 0.1, Sum: 273.6]
      [GC Worker End (ms): Min: 3813381.4, Avg: 3813381.4, Max: 3813381.5, Diff: 0.1]
   [Code Root Fixup: 0.1 ms]
   [Code Root Purge: 0.0 ms]
   [Clear CT: 0.3 ms]
   [Other: 3.8 ms]
      [Choose CSet: 0.0 ms]
      [Ref Proc: 2.0 ms]
      [Ref Enq: 0.1 ms]
      [Redirty Cards: 0.3 ms]
      [Humongous Register: 0.1 ms]
      [Humongous Reclaim: 0.0 ms]
      [Free CSet: 0.8 ms]
   [Eden: 869.0M(869.0M)->0.0B(832.0M) Survivors: 31744.0K->49152.0K Heap: 1608.3M(1868.0M)->755.8M(1868.0M)]
Heap after GC invocations=513 (full 0):
 garbage-first heap   total 1912832K, used 773969K [0x000000008b400000, 0x000000008b503a60, 0x0000000100000000)
  region size 1024K, 48 young (49152K), 48 survivors (49152K)
 Metaspace       used 148381K, capacity 155667K, committed 155824K, reserved 1183744K
  class space    used 19750K, capacity 21113K, committed 21168K, reserved 1048576K
}
 [Times: user=0.24 sys=0.01, real=0.07 secs] 
2020-07-20T10:12:57.450+0000: 3813.386: Total time for which application threads were stopped: 0.0740586 seconds, Stopping threads took: 0.0003185 seconds
{Heap before GC invocations=513 (full 0):
 garbage-first heap   total 1912832K, used 1625937K [0x000000008b400000, 0x000000008b503a60, 0x0000000100000000)
  region size 1024K, 880 young (901120K), 48 survivors (49152K)
 Metaspace       used 148383K, capacity 155667K, committed 155824K, reserved 1183744K
  class space    used 19750K, capacity 21113K, committed 21168K, reserved 1048576K
2020-07-20T10:12:59.746+0000: 3815.682: [GC pause (G1 Evacuation Pause) (young)
Desired survivor size 57671680 bytes, new threshold 15 (max 15)
- age   1:   23673408 bytes,   23673408 total
- age   2:   14937080 bytes,   38610488 total
- age   3:    9617000 bytes,   48227488 total
- age   4:     827232 bytes,   49054720 total
, 0.0891784 secs]
   [Parallel Time: 85.0 ms, GC Workers: 4]
      [GC Worker Start (ms): Min: 3815682.0, Avg: 3815682.1, Max: 3815682.1, Diff: 0.1]
      [Ext Root Scanning (ms): Min: 5.1, Avg: 5.2, Max: 5.3, Diff: 0.2, Sum: 20.7]
      [Update RS (ms): Min: 20.4, Avg: 20.7, Max: 21.6, Diff: 1.2, Sum: 83.0]
         [Processed Buffers: Min: 10, Avg: 23.8, Max: 38, Diff: 28, Sum: 95]
      [Scan RS (ms): Min: 0.1, Avg: 0.3, Max: 0.4, Diff: 0.3, Sum: 1.2]
      [Code Root Scanning (ms): Min: 0.0, Avg: 0.0, Max: 0.0, Diff: 0.0, Sum: 0.1]
      [Object Copy (ms): Min: 57.8, Avg: 58.5, Max: 58.9, Diff: 1.0, Sum: 233.9]
      [Termination (ms): Min: 0.0, Avg: 0.1, Max: 0.2, Diff: 0.2, Sum: 0.5]
         [Termination Attempts: Min: 14, Avg: 16.0, Max: 18, Diff: 4, Sum: 64]
      [GC Worker Other (ms): Min: 0.0, Avg: 0.0, Max: 0.0, Diff: 0.0, Sum: 0.1]
      [GC Worker Total (ms): Min: 84.8, Avg: 84.8, Max: 84.9, Diff: 0.1, Sum: 339.4]
      [GC Worker End (ms): Min: 3815766.9, Avg: 3815766.9, Max: 3815766.9, Diff: 0.0]
   [Code Root Fixup: 0.1 ms]
   [Code Root Purge: 0.0 ms]
   [Clear CT: 0.3 ms]
   [Other: 3.8 ms]
      [Choose CSet: 0.0 ms]
      [Ref Proc: 1.8 ms]
      [Ref Enq: 0.1 ms]
      [Redirty Cards: 0.2 ms]
      [Humongous Register: 0.3 ms]
      [Humongous Reclaim: 0.1 ms]
      [Free CSet: 0.8 ms]
   [Eden: 832.0M(832.0M)->0.0B(806.0M) Survivors: 49152.0K->62464.0K Heap: 1587.8M(1868.0M)->769.3M(1868.0M)]
Heap after GC invocations=514 (full 0):
 garbage-first heap   total 1912832K, used 787793K [0x000000008b400000, 0x000000008b503a60, 0x0000000100000000)
  region size 1024K, 61 young (62464K), 61 survivors (62464K)
 Metaspace       used 148383K, capacity 155667K, committed 155824K, reserved 1183744K
  class space    used 19750K, capacity 21113K, committed 21168K, reserved 1048576K
}
 [Times: user=0.28 sys=0.01, real=0.09 secs] 
2020-07-20T10:12:59.835+0000: 3815.771: Total time for which application threads were stopped: 0.0913465 seconds, Stopping threads took: 0.0010859 seconds
{Heap before GC invocations=514 (full 0):
 garbage-first heap   total 1912832K, used 1613137K [0x000000008b400000, 0x000000008b503a60, 0x0000000100000000)
  region size 1024K, 867 young (887808K), 61 survivors (62464K)
 Metaspace       used 148384K, capacity 155667K, committed 155824K, reserved 1183744K
  class space    used 19750K, capacity 21113K, committed 21168K, reserved 1048576K
2020-07-20T10:13:03.427+0000: 3819.363: [GC pause (G1 Evacuation Pause) (young)
Desired survivor size 57147392 bytes, new threshold 4 (max 15)
- age   1:   19013504 bytes,   19013504 total
- age   2:   17253520 bytes,   36267024 total
- age   3:   14932904 bytes,   51199928 total
- age   4:    9616848 bytes,   60816776 total
- age   5:     826912 bytes,   61643688 total
, 0.0586465 secs]
   [Parallel Time: 54.8 ms, GC Workers: 4]
      [GC Worker Start (ms): Min: 3819362.9, Avg: 3819363.0, Max: 3819363.0, Diff: 0.1]
      [Ext Root Scanning (ms): Min: 4.9, Avg: 5.0, Max: 5.1, Diff: 0.2, Sum: 20.0]
      [Update RS (ms): Min: 21.7, Avg: 21.8, Max: 21.9, Diff: 0.2, Sum: 87.0]
         [Processed Buffers: Min: 20, Avg: 31.0, Max: 44, Diff: 24, Sum: 124]
      [Scan RS (ms): Min: 0.1, Avg: 0.3, Max: 0.4, Diff: 0.2, Sum: 1.1]
      [Code Root Scanning (ms): Min: 0.0, Avg: 0.0, Max: 0.0, Diff: 0.0, Sum: 0.1]
      [Object Copy (ms): Min: 27.4, Avg: 27.5, Max: 27.6, Diff: 0.2, Sum: 110.1]
      [Termination (ms): Min: 0.0, Avg: 0.0, Max: 0.0, Diff: 0.0, Sum: 0.0]
         [Termination Attempts: Min: 1, Avg: 1.0, Max: 1, Diff: 0, Sum: 4]
      [GC Worker Other (ms): Min: 0.0, Avg: 0.0, Max: 0.1, Diff: 0.0, Sum: 0.1]
      [GC Worker Total (ms): Min: 54.6, Avg: 54.6, Max: 54.7, Diff: 0.1, Sum: 218.5]
      [GC Worker End (ms): Min: 3819417.6, Avg: 3819417.6, Max: 3819417.6, Diff: 0.0]
   [Code Root Fixup: 0.0 ms]
   [Code Root Purge: 0.0 ms]
   [Clear CT: 0.3 ms]
   [Other: 3.5 ms]
      [Choose CSet: 0.0 ms]
      [Ref Proc: 1.7 ms]
      [Ref Enq: 0.2 ms]
      [Redirty Cards: 0.2 ms]
      [Humongous Register: 0.2 ms]
      [Humongous Reclaim: 0.1 ms]
      [Free CSet: 0.8 ms]
   [Eden: 806.0M(806.0M)->0.0B(867.0M) Survivors: 62464.0K->32768.0K Heap: 1575.3M(1868.0M)->739.6M(1868.0M)]
Heap after GC invocations=515 (full 0):
 garbage-first heap   total 1912832K, used 757355K [0x000000008b400000, 0x000000008b503a60, 0x0000000100000000)
  region size 1024K, 32 young (32768K), 32 survivors (32768K)
 Metaspace       used 148384K, capacity 155667K, committed 155824K, reserved 1183744K
  class space    used 19750K, capacity 21113K, committed 21168K, reserved 1048576K
}
 [Times: user=0.20 sys=0.00, real=0.06 secs] 
2020-07-20T10:13:03.486+0000: 3819.422: Total time for which application threads were stopped: 0.0597116 seconds, Stopping threads took: 0.0001502 seconds
{Heap before GC invocations=515 (full 0):
 garbage-first heap   total 1912832K, used 1645163K [0x000000008b400000, 0x000000008b503a60, 0x0000000100000000)
  region size 1024K, 899 young (920576K), 32 survivors (32768K)
 Metaspace       used 148388K, capacity 155667K, committed 155824K, reserved 1183744K
  class space    used 19750K, capacity 21113K, committed 21168K, reserved 1048576K
2020-07-20T10:13:17.523+0000: 3833.459: [GC pause (G1 Evacuation Pause) (young)
Desired survivor size 59244544 bytes, new threshold 15 (max 15)
- age   1:   11838328 bytes,   11838328 total
- age   2:   13297720 bytes,   25136048 total
- age   3:    3305920 bytes,   28441968 total
- age   4:    1879704 bytes,   30321672 total
, 0.0761345 secs]
   [Parallel Time: 71.5 ms, GC Workers: 4]
      [GC Worker Start (ms): Min: 3833459.4, Avg: 3833459.5, Max: 3833459.5, Diff: 0.1]
      [Ext Root Scanning (ms): Min: 6.3, Avg: 7.1, Max: 9.2, Diff: 2.9, Sum: 28.2]
      [Update RS (ms): Min: 28.0, Avg: 30.4, Max: 32.3, Diff: 4.3, Sum: 121.7]
         [Processed Buffers: Min: 18, Avg: 38.0, Max: 48, Diff: 30, Sum: 152]
      [Scan RS (ms): Min: 0.1, Avg: 0.3, Max: 0.4, Diff: 0.3, Sum: 1.0]
      [Code Root Scanning (ms): Min: 0.0, Avg: 0.0, Max: 0.0, Diff: 0.0, Sum: 0.1]
      [Object Copy (ms): Min: 32.2, Avg: 33.4, Max: 33.9, Diff: 1.7, Sum: 133.5]
      [Termination (ms): Min: 0.0, Avg: 0.0, Max: 0.1, Diff: 0.0, Sum: 0.2]
         [Termination Attempts: Min: 5, Avg: 8.0, Max: 10, Diff: 5, Sum: 32]
      [GC Worker Other (ms): Min: 0.0, Avg: 0.1, Max: 0.1, Diff: 0.1, Sum: 0.3]
      [GC Worker Total (ms): Min: 71.2, Avg: 71.2, Max: 71.3, Diff: 0.2, Sum: 284.9]
      [GC Worker End (ms): Min: 3833530.7, Avg: 3833530.7, Max: 3833530.8, Diff: 0.1]
   [Code Root Fixup: 0.0 ms]
   [Code Root Purge: 0.0 ms]
   [Clear CT: 0.4 ms]
   [Other: 4.3 ms]
      [Choose CSet: 0.0 ms]
      [Ref Proc: 2.1 ms]
      [Ref Enq: 0.1 ms]
      [Redirty Cards: 0.2 ms]
      [Humongous Register: 0.3 ms]
      [Humongous Reclaim: 0.0 ms]
      [Free CSet: 0.8 ms]
   [Eden: 867.0M(867.0M)->0.0B(853.0M) Survivors: 32768.0K->39936.0K Heap: 1606.6M(1868.0M)->746.6M(1868.0M)]
Heap after GC invocations=516 (full 0):
 garbage-first heap   total 1912832K, used 764523K [0x000000008b400000, 0x000000008b503a60, 0x0000000100000000)
  region size 1024K, 39 young (39936K), 39 survivors (39936K)
 Metaspace       used 148388K, capacity 155667K, committed 155824K, reserved 1183744K
  class space    used 19750K, capacity 21113K, committed 21168K, reserved 1048576K
}
 [Times: user=0.24 sys=0.00, real=0.07 secs] 
2020-07-20T10:13:17.599+0000: 3833.535: Total time for which application threads were stopped: 0.0820285 seconds, Stopping threads took: 0.0037089 seconds
{Heap before GC invocations=516 (full 0):
 garbage-first heap   total 1912832K, used 1640043K [0x000000008b400000, 0x000000008b503a60, 0x0000000100000000)
  region size 1024K, 892 young (913408K), 39 survivors (39936K)
 Metaspace       used 148388K, capacity 155667K, committed 155824K, reserved 1183744K
  class space    used 19750K, capacity 21113K, committed 21168K, reserved 1048576K
2020-07-20T10:13:20.686+0000: 3836.621: [GC pause (G1 Evacuation Pause) (young)
Desired survivor size 58720256 bytes, new threshold 15 (max 15)
- age   1:   14152336 bytes,   14152336 total
- age   2:    6359632 bytes,   20511968 total
- age   3:   13062328 bytes,   33574296 total
- age   4:    3202560 bytes,   36776856 total
- age   5:    1525024 bytes,   38301880 total
, 0.0818437 secs]
   [Parallel Time: 78.1 ms, GC Workers: 4]
      [GC Worker Start (ms): Min: 3836621.7, Avg: 3836621.8, Max: 3836621.8, Diff: 0.1]
      [Ext Root Scanning (ms): Min: 5.2, Avg: 5.2, Max: 5.4, Diff: 0.2, Sum: 20.9]
      [Update RS (ms): Min: 10.7, Avg: 10.8, Max: 10.9, Diff: 0.2, Sum: 43.0]
         [Processed Buffers: Min: 6, Avg: 21.8, Max: 34, Diff: 28, Sum: 87]
      [Scan RS (ms): Min: 0.2, Avg: 0.2, Max: 0.3, Diff: 0.1, Sum: 1.0]
      [Code Root Scanning (ms): Min: 0.0, Avg: 0.0, Max: 0.0, Diff: 0.0, Sum: 0.1]
      [Object Copy (ms): Min: 61.3, Avg: 61.4, Max: 61.5, Diff: 0.2, Sum: 245.7]
      [Termination (ms): Min: 0.0, Avg: 0.1, Max: 0.1, Diff: 0.1, Sum: 0.3]
         [Termination Attempts: Min: 10, Avg: 14.0, Max: 17, Diff: 7, Sum: 56]
      [GC Worker Other (ms): Min: 0.0, Avg: 0.1, Max: 0.1, Diff: 0.0, Sum: 0.3]
      [GC Worker Total (ms): Min: 77.8, Avg: 77.8, Max: 77.9, Diff: 0.0, Sum: 311.3]
      [GC Worker End (ms): Min: 3836699.6, Avg: 3836699.6, Max: 3836699.6, Diff: 0.0]
   [Code Root Fixup: 0.0 ms]
   [Code Root Purge: 0.0 ms]
   [Clear CT: 0.3 ms]
   [Other: 3.5 ms]
      [Choose CSet: 0.0 ms]
      [Ref Proc: 1.7 ms]
      [Ref Enq: 0.2 ms]
      [Redirty Cards: 0.3 ms]
      [Humongous Register: 0.2 ms]
      [Humongous Reclaim: 0.0 ms]
      [Free CSet: 0.8 ms]
   [Eden: 853.0M(853.0M)->0.0B(793.0M) Survivors: 39936.0K->68608.0K Heap: 1601.6M(1868.0M)->776.6M(1868.0M)]
Heap after GC invocations=517 (full 0):
 garbage-first heap   total 1912832K, used 795243K [0x000000008b400000, 0x000000008b503a60, 0x0000000100000000)
  region size 1024K, 67 young (68608K), 67 survivors (68608K)
 Metaspace       used 148388K, capacity 155667K, committed 155824K, reserved 1183744K
  class space    used 19750K, capacity 21113K, committed 21168K, reserved 1048576K
}
 [Times: user=0.26 sys=0.01, real=0.08 secs] 
2020-07-20T10:13:20.768+0000: 3836.704: Total time for which application threads were stopped: 0.0858052 seconds, Stopping threads took: 0.0029787 seconds
{Heap before GC invocations=517 (full 0):
 garbage-first heap   total 1912832K, used 1609323K [0x000000008b400000, 0x000000008b503a60, 0x0000000100000000)
  region size 1024K, 860 young (880640K), 67 survivors (68608K)
 Metaspace       used 148388K, capacity 155667K, committed 155824K, reserved 1183744K
  class space    used 19750K, capacity 21113K, committed 21168K, reserved 1048576K
2020-07-20T10:13:23.471+0000: 3839.407: [GC pause (G1 Evacuation Pause) (young)
Desired survivor size 56623104 bytes, new threshold 4 (max 15)
- age   1:   34928488 bytes,   34928488 total
- age   2:    9985416 bytes,   44913904 total
- age   3:    6359416 bytes,   51273320 total
- age   4:   12799848 bytes,   64073168 total
- age   5:    3201512 bytes,   67274680 total
- age   6:    1524928 bytes,   68799608 total
, 0.0653176 secs]
   [Parallel Time: 61.5 ms, GC Workers: 4]
      [GC Worker Start (ms): Min: 3839407.1, Avg: 3839407.2, Max: 3839407.2, Diff: 0.1]
      [Ext Root Scanning (ms): Min: 5.2, Avg: 5.3, Max: 5.5, Diff: 0.3, Sum: 21.2]
      [Update RS (ms): Min: 9.3, Avg: 9.4, Max: 9.7, Diff: 0.3, Sum: 37.7]
         [Processed Buffers: Min: 14, Avg: 23.0, Max: 35, Diff: 21, Sum: 92]
      [Scan RS (ms): Min: 0.0, Avg: 0.2, Max: 0.3, Diff: 0.2, Sum: 0.8]
      [Code Root Scanning (ms): Min: 0.0, Avg: 0.0, Max: 0.0, Diff: 0.0, Sum: 0.1]
      [Object Copy (ms): Min: 46.1, Avg: 46.3, Max: 46.4, Diff: 0.3, Sum: 185.1]
      [Termination (ms): Min: 0.0, Avg: 0.0, Max: 0.1, Diff: 0.0, Sum: 0.1]
         [Termination Attempts: Min: 3, Avg: 6.5, Max: 9, Diff: 6, Sum: 26]
      [GC Worker Other (ms): Min: 0.0, Avg: 0.0, Max: 0.0, Diff: 0.0, Sum: 0.1]
      [GC Worker Total (ms): Min: 61.2, Avg: 61.3, Max: 61.3, Diff: 0.1, Sum: 245.1]
      [GC Worker End (ms): Min: 3839468.4, Avg: 3839468.4, Max: 3839468.5, Diff: 0.0]
   [Code Root Fixup: 0.0 ms]
   [Code Root Purge: 0.0 ms]
   [Clear CT: 0.3 ms]
   [Other: 3.5 ms]
      [Choose CSet: 0.0 ms]
      [Ref Proc: 1.8 ms]
      [Ref Enq: 0.2 ms]
      [Redirty Cards: 0.2 ms]
      [Humongous Register: 0.1 ms]
      [Humongous Reclaim: 0.1 ms]
      [Free CSet: 0.7 ms]
   [Eden: 793.0M(793.0M)->0.0B(824.0M) Survivors: 68608.0K->52224.0K Heap: 1571.6M(1868.0M)->761.2M(1868.0M)]
Heap after GC invocations=518 (full 0):
 garbage-first heap   total 1912832K, used 779455K [0x000000008b400000, 0x000000008b503a60, 0x0000000100000000)
  region size 1024K, 51 young (52224K), 51 survivors (52224K)
 Metaspace       used 148388K, capacity 155667K, committed 155824K, reserved 1183744K
  class space    used 19750K, capacity 21113K, committed 21168K, reserved 1048576K
}
 [Times: user=0.22 sys=0.00, real=0.07 secs] 
2020-07-20T10:13:23.537+0000: 3839.472: Total time for which application threads were stopped: 0.0722833 seconds, Stopping threads took: 0.0060521 seconds
{Heap before GC invocations=518 (full 0):
 garbage-first heap   total 1912832K, used 1625279K [0x000000008b400000, 0x000000008b503a60, 0x0000000100000000)
  region size 1024K, 875 young (896000K), 51 survivors (52224K)
 Metaspace       used 148400K, capacity 155667K, committed 155824K, reserved 1183744K
  class space    used 19750K, capacity 21113K, committed 21168K, reserved 1048576K
2020-07-20T10:13:26.323+0000: 3842.259: [GC pause (G1 Evacuation Pause) (young)
Desired survivor size 57671680 bytes, new threshold 15 (max 15)
- age   1:   31980640 bytes,   31980640 total
- age   2:   17480208 bytes,   49460848 total
- age   3:    1231664 bytes,   50692512 total
- age   4:     274240 bytes,   50966752 total
, 0.0528212 secs]
   [Parallel Time: 49.0 ms, GC Workers: 4]
      [GC Worker Start (ms): Min: 3842259.2, Avg: 3842259.2, Max: 3842259.3, Diff: 0.1]
      [Ext Root Scanning (ms): Min: 5.3, Avg: 5.4, Max: 5.5, Diff: 0.2, Sum: 21.4]
      [Update RS (ms): Min: 16.9, Avg: 17.0, Max: 17.3, Diff: 0.5, Sum: 68.0]
         [Processed Buffers: Min: 8, Avg: 27.0, Max: 45, Diff: 37, Sum: 108]
      [Scan RS (ms): Min: 0.2, Avg: 0.3, Max: 0.3, Diff: 0.1, Sum: 1.0]
      [Code Root Scanning (ms): Min: 0.0, Avg: 0.0, Max: 0.0, Diff: 0.0, Sum: 0.1]
      [Object Copy (ms): Min: 25.8, Avg: 26.1, Max: 26.3, Diff: 0.5, Sum: 104.5]
      [Termination (ms): Min: 0.0, Avg: 0.0, Max: 0.1, Diff: 0.1, Sum: 0.2]
         [Termination Attempts: Min: 1, Avg: 2.5, Max: 5, Diff: 4, Sum: 10]
      [GC Worker Other (ms): Min: 0.0, Avg: 0.1, Max: 0.1, Diff: 0.1, Sum: 0.2]
      [GC Worker Total (ms): Min: 48.8, Avg: 48.9, Max: 48.9, Diff: 0.1, Sum: 195.5]
      [GC Worker End (ms): Min: 3842308.1, Avg: 3842308.1, Max: 3842308.1, Diff: 0.1]
   [Code Root Fixup: 0.0 ms]
   [Code Root Purge: 0.0 ms]
   [Clear CT: 0.3 ms]
   [Other: 3.5 ms]
      [Choose CSet: 0.0 ms]
      [Ref Proc: 1.9 ms]
      [Ref Enq: 0.2 ms]
      [Redirty Cards: 0.2 ms]
      [Humongous Register: 0.1 ms]
      [Humongous Reclaim: 0.1 ms]
      [Free CSet: 0.8 ms]
   [Eden: 824.0M(824.0M)->0.0B(860.0M) Survivors: 52224.0K->31744.0K Heap: 1587.2M(1868.0M)->741.7M(1868.0M)]
Heap after GC invocations=519 (full 0):
 garbage-first heap   total 1912832K, used 759487K [0x000000008b400000, 0x000000008b503a60, 0x0000000100000000)
  region size 1024K, 31 young (31744K), 31 survivors (31744K)
 Metaspace       used 148400K, capacity 155667K, committed 155824K, reserved 1183744K
  class space    used 19750K, capacity 21113K, committed 21168K, reserved 1048576K
}
 [Times: user=0.17 sys=0.00, real=0.05 secs] 
2020-07-20T10:13:26.376+0000: 3842.312: Total time for which application threads were stopped: 0.0540720 seconds, Stopping threads took: 0.0003691 seconds
{Heap before GC invocations=519 (full 0):
 garbage-first heap   total 1912832K, used 1642175K [0x000000008b400000, 0x000000008b503a60, 0x0000000100000000)
  region size 1024K, 891 young (912384K), 31 survivors (31744K)
 Metaspace       used 148400K, capacity 155667K, committed 155824K, reserved 1183744K
  class space    used 19750K, capacity 21113K, committed 21168K, reserved 1048576K
2020-07-20T10:13:28.966+0000: 3844.901: [GC pause (G1 Evacuation Pause) (young)
Desired survivor size 58720256 bytes, new threshold 15 (max 15)
- age   1:   24026648 bytes,   24026648 total
- age   2:    5755656 bytes,   29782304 total
- age   3:     315256 bytes,   30097560 total
- age   4:     563560 bytes,   30661120 total
- age   5:     214920 bytes,   30876040 total
, 0.0740016 secs]
   [Parallel Time: 70.2 ms, GC Workers: 4]
      [GC Worker Start (ms): Min: 3844901.7, Avg: 3844901.7, Max: 3844901.7, Diff: 0.1]
      [Ext Root Scanning (ms): Min: 6.1, Avg: 6.3, Max: 6.6, Diff: 0.5, Sum: 25.1]
      [Update RS (ms): Min: 15.4, Avg: 15.6, Max: 15.9, Diff: 0.5, Sum: 62.2]
         [Processed Buffers: Min: 11, Avg: 24.5, Max: 54, Diff: 43, Sum: 98]
      [Scan RS (ms): Min: 0.1, Avg: 0.3, Max: 0.3, Diff: 0.2, Sum: 1.0]
      [Code Root Scanning (ms): Min: 0.0, Avg: 0.0, Max: 0.0, Diff: 0.0, Sum: 0.1]
      [Object Copy (ms): Min: 47.7, Avg: 47.9, Max: 48.1, Diff: 0.4, Sum: 191.6]
      [Termination (ms): Min: 0.0, Avg: 0.0, Max: 0.0, Diff: 0.0, Sum: 0.0]
         [Termination Attempts: Min: 1, Avg: 2.0, Max: 3, Diff: 2, Sum: 8]
      [GC Worker Other (ms): Min: 0.0, Avg: 0.1, Max: 0.1, Diff: 0.1, Sum: 0.2]
      [GC Worker Total (ms): Min: 70.0, Avg: 70.1, Max: 70.1, Diff: 0.1, Sum: 280.3]
      [GC Worker End (ms): Min: 3844971.7, Avg: 3844971.8, Max: 3844971.8, Diff: 0.0]
   [Code Root Fixup: 0.1 ms]
   [Code Root Purge: 0.0 ms]
   [Clear CT: 0.3 ms]
   [Other: 3.5 ms]
      [Choose CSet: 0.0 ms]
      [Ref Proc: 1.9 ms]
      [Ref Enq: 0.1 ms]
      [Redirty Cards: 0.2 ms]
      [Humongous Register: 0.1 ms]
      [Humongous Reclaim: 0.1 ms]
      [Free CSet: 0.8 ms]
   [Eden: 860.0M(860.0M)->0.0B(818.0M) Survivors: 31744.0K->53248.0K Heap: 1603.7M(1868.0M)->764.2M(1868.0M)]
Heap after GC invocations=520 (full 0):
 garbage-first heap   total 1912832K, used 782527K [0x000000008b400000, 0x000000008b503a60, 0x0000000100000000)
  region size 1024K, 52 young (53248K), 52 survivors (53248K)
 Metaspace       used 148400K, capacity 155667K, committed 155824K, reserved 1183744K
  class space    used 19750K, capacity 21113K, committed 21168K, reserved 1048576K
}
 [Times: user=0.24 sys=0.00, real=0.07 secs] 
2020-07-20T10:13:29.040+0000: 3844.976: Total time for which application threads were stopped: 0.0814752 seconds, Stopping threads took: 0.0061795 seconds
{Heap before GC invocations=520 (full 0):
 garbage-first heap   total 1912832K, used 1620159K [0x000000008b400000, 0x000000008b503a60, 0x0000000100000000)
  region size 1024K, 870 young (890880K), 52 survivors (53248K)
 Metaspace       used 148400K, capacity 155667K, committed 155824K, reserved 1183744K
  class space    used 19750K, capacity 21113K, committed 21168K, reserved 1048576K
2020-07-20T10:13:31.794+0000: 3847.730: [GC pause (G1 Evacuation Pause) (young)
Desired survivor size 57147392 bytes, new threshold 15 (max 15)
- age   1:   27024552 bytes,   27024552 total
- age   2:   18561304 bytes,   45585856 total
- age   3:    5753840 bytes,   51339696 total
- age   4:     315200 bytes,   51654896 total
- age   5:     557408 bytes,   52212304 total
- age   6:     203456 bytes,   52415760 total
, 0.0504602 secs]
   [Parallel Time: 46.3 ms, GC Workers: 4]
      [GC Worker Start (ms): Min: 3847730.3, Avg: 3847730.3, Max: 3847730.3, Diff: 0.1]
      [Ext Root Scanning (ms): Min: 5.7, Avg: 5.9, Max: 6.2, Diff: 0.5, Sum: 23.5]
      [Update RS (ms): Min: 10.8, Avg: 10.9, Max: 11.1, Diff: 0.2, Sum: 43.8]
         [Processed Buffers: Min: 12, Avg: 23.5, Max: 39, Diff: 27, Sum: 94]
      [Scan RS (ms): Min: 0.1, Avg: 0.2, Max: 0.2, Diff: 0.1, Sum: 0.8]
      [Code Root Scanning (ms): Min: 0.0, Avg: 0.0, Max: 0.0, Diff: 0.0, Sum: 0.1]
      [Object Copy (ms): Min: 28.8, Avg: 29.0, Max: 29.1, Diff: 0.3, Sum: 116.1]
      [Termination (ms): Min: 0.0, Avg: 0.0, Max: 0.0, Diff: 0.0, Sum: 0.1]
         [Termination Attempts: Min: 1, Avg: 3.8, Max: 6, Diff: 5, Sum: 15]
      [GC Worker Other (ms): Min: 0.0, Avg: 0.1, Max: 0.1, Diff: 0.1, Sum: 0.2]
      [GC Worker Total (ms): Min: 46.1, Avg: 46.1, Max: 46.2, Diff: 0.1, Sum: 184.6]
      [GC Worker End (ms): Min: 3847776.4, Avg: 3847776.4, Max: 3847776.5, Diff: 0.1]
   [Code Root Fixup: 0.0 ms]
   [Code Root Purge: 0.0 ms]
   [Clear CT: 0.3 ms]
   [Other: 3.8 ms]
      [Choose CSet: 0.0 ms]
      [Ref Proc: 2.0 ms]
      [Ref Enq: 0.1 ms]
      [Redirty Cards: 0.3 ms]
      [Humongous Register: 0.2 ms]
      [Humongous Reclaim: 0.1 ms]
      [Free CSet: 0.8 ms]
   [Eden: 818.0M(818.0M)->0.0B(856.0M) Survivors: 53248.0K->35840.0K Heap: 1582.2M(1868.0M)->745.7M(1868.0M)]
Heap after GC invocations=521 (full 0):
 garbage-first heap   total 1912832K, used 763583K [0x000000008b400000, 0x000000008b503a60, 0x0000000100000000)
  region size 1024K, 35 young (35840K), 35 survivors (35840K)
 Metaspace       used 148400K, capacity 155667K, committed 155824K, reserved 1183744K
  class space    used 19750K, capacity 21113K, committed 21168K, reserved 1048576K
}
 [Times: user=0.16 sys=0.01, real=0.05 secs] 
2020-07-20T10:13:31.845+0000: 3847.781: Total time for which application threads were stopped: 0.0554215 seconds, Stopping threads took: 0.0034506 seconds
{Heap before GC invocations=521 (full 0):
 garbage-first heap   total 1912832K, used 1642175K [0x000000008b400000, 0x000000008b503a60, 0x0000000100000000)
  region size 1024K, 891 young (912384K), 35 survivors (35840K)
 Metaspace       used 148400K, capacity 155667K, committed 155824K, reserved 1183744K
  class space    used 19750K, capacity 21113K, committed 21168K, reserved 1048576K
2020-07-20T10:13:34.650+0000: 3850.585: [GC pause (G1 Evacuation Pause) (young)
Desired survivor size 58720256 bytes, new threshold 15 (max 15)
- age   1:   24427904 bytes,   24427904 total
- age   2:    6101368 bytes,   30529272 total
- age   3:    1007072 bytes,   31536344 total
- age   4:    1782392 bytes,   33318736 total
- age   5:     314992 bytes,   33633728 total
- age   6:     535800 bytes,   34169528 total
- age   7:     190592 bytes,   34360120 total
, 0.0756690 secs]
   [Parallel Time: 71.5 ms, GC Workers: 4]
      [GC Worker Start (ms): Min: 3850585.7, Avg: 3850585.7, Max: 3850585.7, Diff: 0.0]
      [Ext Root Scanning (ms): Min: 5.1, Avg: 5.2, Max: 5.3, Diff: 0.2, Sum: 20.7]
      [Update RS (ms): Min: 15.3, Avg: 15.3, Max: 15.5, Diff: 0.2, Sum: 61.4]
         [Processed Buffers: Min: 15, Avg: 25.2, Max: 49, Diff: 34, Sum: 101]
      [Scan RS (ms): Min: 0.1, Avg: 0.2, Max: 0.3, Diff: 0.1, Sum: 0.9]
      [Code Root Scanning (ms): Min: 0.0, Avg: 0.0, Max: 0.0, Diff: 0.0, Sum: 0.1]
      [Object Copy (ms): Min: 50.4, Avg: 50.5, Max: 50.6, Diff: 0.1, Sum: 202.1]
      [Termination (ms): Min: 0.0, Avg: 0.0, Max: 0.0, Diff: 0.0, Sum: 0.1]
         [Termination Attempts: Min: 9, Avg: 10.5, Max: 14, Diff: 5, Sum: 42]
      [GC Worker Other (ms): Min: 0.0, Avg: 0.1, Max: 0.1, Diff: 0.1, Sum: 0.2]
      [GC Worker Total (ms): Min: 71.3, Avg: 71.4, Max: 71.4, Diff: 0.1, Sum: 285.5]
      [GC Worker End (ms): Min: 3850657.0, Avg: 3850657.0, Max: 3850657.1, Diff: 0.0]
   [Code Root Fixup: 0.0 ms]
   [Code Root Purge: 0.0 ms]
   [Clear CT: 0.3 ms]
   [Other: 3.8 ms]
      [Choose CSet: 0.0 ms]
      [Ref Proc: 2.1 ms]
      [Ref Enq: 0.2 ms]
      [Redirty Cards: 0.2 ms]
      [Humongous Register: 0.1 ms]
      [Humongous Reclaim: 0.1 ms]
      [Free CSet: 0.8 ms]
   [Eden: 856.0M(856.0M)->0.0B(810.0M) Survivors: 35840.0K->57344.0K Heap: 1603.7M(1868.0M)->768.2M(1868.0M)]
Heap after GC invocations=522 (full 0):
 garbage-first heap   total 1912832K, used 786623K [0x000000008b400000, 0x000000008b503a60, 0x0000000100000000)
  region size 1024K, 56 young (57344K), 56 survivors (57344K)
 Metaspace       used 148400K, capacity 155667K, committed 155824K, reserved 1183744K
  class space    used 19750K, capacity 21113K, committed 21168K, reserved 1048576K
}
 [Times: user=0.24 sys=0.00, real=0.08 secs] 
2020-07-20T10:13:34.725+0000: 3850.661: Total time for which application threads were stopped: 0.0808927 seconds, Stopping threads took: 0.0043480 seconds
{Heap before GC invocations=522 (full 0):
 garbage-first heap   total 1912832K, used 1616063K [0x000000008b400000, 0x000000008b503a60, 0x0000000100000000)
  region size 1024K, 866 young (886784K), 56 survivors (57344K)
 Metaspace       used 148400K, capacity 155667K, committed 155824K, reserved 1183744K
  class space    used 19750K, capacity 21113K, committed 21168K, reserved 1048576K
2020-07-20T10:13:37.570+0000: 3853.505: [GC pause (G1 Evacuation Pause) (young)
Desired survivor size 57147392 bytes, new threshold 15 (max 15)
- age   1:   27482032 bytes,   27482032 total
- age   2:   18876272 bytes,   46358304 total
- age   3:    6004720 bytes,   52363024 total
- age   4:     994512 bytes,   53357536 total
- age   5:    1772904 bytes,   55130440 total
- age   6:     314768 bytes,   55445208 total
- age   7:     532560 bytes,   55977768 total
- age   8:     190488 bytes,   56168256 total
, 0.0961606 secs]
   [Parallel Time: 92.0 ms, GC Workers: 4]
      [GC Worker Start (ms): Min: 3853505.8, Avg: 3853507.2, Max: 3853511.3, Diff: 5.5]
      [Ext Root Scanning (ms): Min: 0.7, Avg: 5.8, Max: 10.3, Diff: 9.5, Sum: 23.2]
      [Update RS (ms): Min: 12.9, Avg: 16.4, Max: 17.9, Diff: 5.0, Sum: 65.6]
         [Processed Buffers: Min: 14, Avg: 24.0, Max: 38, Diff: 24, Sum: 96]
      [Scan RS (ms): Min: 0.0, Avg: 0.2, Max: 0.4, Diff: 0.3, Sum: 1.0]
      [Code Root Scanning (ms): Min: 0.0, Avg: 0.0, Max: 0.1, Diff: 0.1, Sum: 0.1]
      [Object Copy (ms): Min: 67.5, Avg: 67.9, Max: 68.1, Diff: 0.5, Sum: 271.5]
      [Termination (ms): Min: 0.0, Avg: 0.0, Max: 0.0, Diff: 0.0, Sum: 0.0]
         [Termination Attempts: Min: 1, Avg: 1.0, Max: 1, Diff: 0, Sum: 4]
      [GC Worker Other (ms): Min: 0.0, Avg: 0.1, Max: 0.1, Diff: 0.1, Sum: 0.3]
      [GC Worker Total (ms): Min: 86.3, Avg: 90.4, Max: 91.8, Diff: 5.5, Sum: 361.7]
      [GC Worker End (ms): Min: 3853597.6, Avg: 3853597.6, Max: 3853597.6, Diff: 0.1]
   [Code Root Fixup: 0.1 ms]
   [Code Root Purge: 0.0 ms]
   [Clear CT: 0.3 ms]
   [Other: 3.8 ms]
      [Choose CSet: 0.0 ms]
      [Ref Proc: 2.1 ms]
      [Ref Enq: 0.1 ms]
      [Redirty Cards: 0.3 ms]
      [Humongous Register: 0.2 ms]
      [Humongous Reclaim: 0.0 ms]
      [Free CSet: 0.8 ms]
   [Eden: 810.0M(810.0M)->0.0B(768.0M) Survivors: 57344.0K->78848.0K Heap: 1578.2M(1868.0M)->789.7M(1868.0M)]
Heap after GC invocations=523 (full 0):
 garbage-first heap   total 1912832K, used 808639K [0x000000008b400000, 0x000000008b503a60, 0x0000000100000000)
  region size 1024K, 77 young (78848K), 77 survivors (78848K)
 Metaspace       used 148400K, capacity 155667K, committed 155824K, reserved 1183744K
  class space    used 19750K, capacity 21113K, committed 21168K, reserved 1048576K
}
 [Times: user=0.31 sys=0.01, real=0.10 secs] 
2020-07-20T10:13:37.666+0000: 3853.602: Total time for which application threads were stopped: 0.0994500 seconds, Stopping threads took: 0.0023073 seconds
{Heap before GC invocations=523 (full 0):
 garbage-first heap   total 1912832K, used 1597119K [0x000000008b400000, 0x000000008b503a60, 0x0000000100000000)
  region size 1024K, 845 young (865280K), 77 survivors (78848K)
 Metaspace       used 148408K, capacity 155667K, committed 155824K, reserved 1183744K
  class space    used 19750K, capacity 21113K, committed 21168K, reserved 1048576K
2020-07-20T10:13:40.233+0000: 3856.169: [GC pause (G1 Evacuation Pause) (young)
Desired survivor size 55574528 bytes, new threshold 3 (max 15)
- age   1:   29292512 bytes,   29292512 total
- age   2:   21844752 bytes,   51137264 total
- age   3:   18343152 bytes,   69480416 total
- age   4:    6004184 bytes,   75484600 total
- age   5:     994048 bytes,   76478648 total
- age   6:    1772776 bytes,   78251424 total
- age   7:     314640 bytes,   78566064 total
- age   8:     531896 bytes,   79097960 total
- age   9:     190328 bytes,   79288288 total
, 0.0751484 secs]
   [Parallel Time: 70.9 ms, GC Workers: 4]
      [GC Worker Start (ms): Min: 3856169.6, Avg: 3856169.6, Max: 3856169.7, Diff: 0.1]
      [Ext Root Scanning (ms): Min: 5.1, Avg: 5.2, Max: 5.3, Diff: 0.3, Sum: 20.7]
      [Update RS (ms): Min: 13.3, Avg: 13.8, Max: 14.2, Diff: 0.9, Sum: 55.1]
         [Processed Buffers: Min: 9, Avg: 26.2, Max: 43, Diff: 34, Sum: 105]
      [Scan RS (ms): Min: 0.0, Avg: 0.2, Max: 0.3, Diff: 0.3, Sum: 0.9]
      [Code Root Scanning (ms): Min: 0.0, Avg: 0.0, Max: 0.0, Diff: 0.0, Sum: 0.1]
      [Object Copy (ms): Min: 51.2, Avg: 51.5, Max: 51.9, Diff: 0.7, Sum: 206.1]
      [Termination (ms): Min: 0.0, Avg: 0.1, Max: 0.1, Diff: 0.1, Sum: 0.2]
         [Termination Attempts: Min: 10, Avg: 12.5, Max: 17, Diff: 7, Sum: 50]
      [GC Worker Other (ms): Min: 0.0, Avg: 0.1, Max: 0.1, Diff: 0.1, Sum: 0.3]
      [GC Worker Total (ms): Min: 70.8, Avg: 70.8, Max: 70.8, Diff: 0.1, Sum: 283.3]
      [GC Worker End (ms): Min: 3856240.4, Avg: 3856240.5, Max: 3856240.5, Diff: 0.0]
   [Code Root Fixup: 0.1 ms]
   [Code Root Purge: 0.0 ms]
   [Clear CT: 0.3 ms]
   [Other: 3.8 ms]
      [Choose CSet: 0.0 ms]
      [Ref Proc: 2.1 ms]
      [Ref Enq: 0.1 ms]
      [Redirty Cards: 0.3 ms]
      [Humongous Register: 0.1 ms]
      [Humongous Reclaim: 0.1 ms]
      [Free CSet: 0.8 ms]
   [Eden: 768.0M(768.0M)->0.0B(814.0M) Survivors: 78848.0K->55296.0K Heap: 1559.7M(1868.0M)->767.9M(1868.0M)]
Heap after GC invocations=524 (full 0):
 garbage-first heap   total 1912832K, used 786338K [0x000000008b400000, 0x000000008b503a60, 0x0000000100000000)
  region size 1024K, 54 young (55296K), 54 survivors (55296K)
 Metaspace       used 148408K, capacity 155667K, committed 155824K, reserved 1183744K
  class space    used 19750K, capacity 21113K, committed 21168K, reserved 1048576K
}
 [Times: user=0.25 sys=0.01, real=0.07 secs] 
2020-07-20T10:13:40.309+0000: 3856.245: Total time for which application threads were stopped: 0.0803497 seconds, Stopping threads took: 0.0040544 seconds
{Heap before GC invocations=524 (full 0):
 garbage-first heap   total 1912832K, used 1619874K [0x000000008b400000, 0x000000008b503a60, 0x0000000100000000)
  region size 1024K, 868 young (888832K), 54 survivors (55296K)
 Metaspace       used 148408K, capacity 155667K, committed 155824K, reserved 1183744K
  class space    used 19750K, capacity 21113K, committed 21168K, reserved 1048576K
2020-07-20T10:13:43.097+0000: 3859.033: [GC pause (G1 Evacuation Pause) (young)
Desired survivor size 57147392 bytes, new threshold 15 (max 15)
- age   1:   28700440 bytes,   28700440 total
- age   2:   17485312 bytes,   46185752 total
- age   3:    7047336 bytes,   53233088 total
, 0.0572898 secs]
   [Parallel Time: 53.4 ms, GC Workers: 4]
      [GC Worker Start (ms): Min: 3859033.7, Avg: 3859034.4, Max: 3859036.6, Diff: 2.9]
      [Ext Root Scanning (ms): Min: 2.9, Avg: 5.0, Max: 5.9, Diff: 2.9, Sum: 20.1]
      [Update RS (ms): Min: 10.5, Avg: 10.5, Max: 10.6, Diff: 0.1, Sum: 42.1]
         [Processed Buffers: Min: 14, Avg: 22.5, Max: 31, Diff: 17, Sum: 90]
      [Scan RS (ms): Min: 0.2, Avg: 0.2, Max: 0.2, Diff: 0.1, Sum: 0.8]
      [Code Root Scanning (ms): Min: 0.0, Avg: 0.0, Max: 0.0, Diff: 0.0, Sum: 0.1]
      [Object Copy (ms): Min: 36.5, Avg: 36.6, Max: 36.8, Diff: 0.3, Sum: 146.4]
      [Termination (ms): Min: 0.0, Avg: 0.1, Max: 0.1, Diff: 0.1, Sum: 0.3]
         [Termination Attempts: Min: 1, Avg: 6.0, Max: 11, Diff: 10, Sum: 24]
      [GC Worker Other (ms): Min: 0.0, Avg: 0.0, Max: 0.1, Diff: 0.0, Sum: 0.1]
      [GC Worker Total (ms): Min: 50.3, Avg: 52.5, Max: 53.2, Diff: 2.9, Sum: 209.8]
      [GC Worker End (ms): Min: 3859086.9, Avg: 3859086.9, Max: 3859086.9, Diff: 0.0]
   [Code Root Fixup: 0.0 ms]
   [Code Root Purge: 0.0 ms]
   [Clear CT: 0.3 ms]
   [Other: 3.6 ms]
      [Choose CSet: 0.0 ms]
      [Ref Proc: 1.9 ms]
      [Ref Enq: 0.2 ms]
      [Redirty Cards: 0.2 ms]
      [Humongous Register: 0.2 ms]
      [Humongous Reclaim: 0.1 ms]
      [Free CSet: 0.8 ms]
   [Eden: 814.0M(814.0M)->0.0B(852.0M) Survivors: 55296.0K->37888.0K Heap: 1581.9M(1868.0M)->748.9M(1868.0M)]
Heap after GC invocations=525 (full 0):
 garbage-first heap   total 1912832K, used 766882K [0x000000008b400000, 0x000000008b503a60, 0x0000000100000000)
  region size 1024K, 37 young (37888K), 37 survivors (37888K)
 Metaspace       used 148408K, capacity 155667K, committed 155824K, reserved 1183744K
  class space    used 19750K, capacity 21113K, committed 21168K, reserved 1048576K
}
 [Times: user=0.17 sys=0.02, real=0.06 secs] 
2020-07-20T10:13:43.155+0000: 3859.091: Total time for which application threads were stopped: 0.0589746 seconds, Stopping threads took: 0.0007597 seconds
{Heap before GC invocations=525 (full 0):
 garbage-first heap   total 1912832K, used 1641378K [0x000000008b400000, 0x000000008b503a60, 0x0000000100000000)
  region size 1024K, 889 young (910336K), 37 survivors (37888K)
 Metaspace       used 148432K, capacity 155731K, committed 155824K, reserved 1183744K
  class space    used 19750K, capacity 21113K, committed 21168K, reserved 1048576K
2020-07-20T10:13:45.994+0000: 3861.930: [GC pause (G1 Evacuation Pause) (young)
Desired survivor size 58720256 bytes, new threshold 15 (max 15)
- age   1:   28274624 bytes,   28274624 total
- age   2:    7400760 bytes,   35675384 total
- age   3:     584104 bytes,   36259488 total
- age   4:     305648 bytes,   36565136 total
, 0.0853380 secs]
   [Parallel Time: 81.0 ms, GC Workers: 4]
      [GC Worker Start (ms): Min: 3861930.6, Avg: 3861930.7, Max: 3861930.7, Diff: 0.1]
      [Ext Root Scanning (ms): Min: 5.1, Avg: 6.6, Max: 10.8, Diff: 5.6, Sum: 26.5]
      [Update RS (ms): Min: 4.3, Avg: 8.4, Max: 9.9, Diff: 5.6, Sum: 33.7]
         [Processed Buffers: Min: 7, Avg: 18.2, Max: 38, Diff: 31, Sum: 73]
      [Scan RS (ms): Min: 0.2, Avg: 0.3, Max: 0.3, Diff: 0.0, Sum: 1.0]
      [Code Root Scanning (ms): Min: 0.0, Avg: 0.0, Max: 0.1, Diff: 0.1, Sum: 0.1]
      [Object Copy (ms): Min: 65.4, Avg: 65.4, Max: 65.5, Diff: 0.2, Sum: 261.7]
      [Termination (ms): Min: 0.0, Avg: 0.0, Max: 0.0, Diff: 0.0, Sum: 0.0]
         [Termination Attempts: Min: 1, Avg: 1.0, Max: 1, Diff: 0, Sum: 4]
      [GC Worker Other (ms): Min: 0.0, Avg: 0.1, Max: 0.1, Diff: 0.1, Sum: 0.3]
      [GC Worker Total (ms): Min: 80.8, Avg: 80.8, Max: 80.9, Diff: 0.1, Sum: 323.4]
      [GC Worker End (ms): Min: 3862011.5, Avg: 3862011.5, Max: 3862011.6, Diff: 0.1]
   [Code Root Fixup: 0.0 ms]
   [Code Root Purge: 0.0 ms]
   [Clear CT: 0.4 ms]
   [Other: 3.9 ms]
      [Choose CSet: 0.0 ms]
      [Ref Proc: 1.9 ms]
      [Ref Enq: 0.2 ms]
      [Redirty Cards: 0.2 ms]
      [Humongous Register: 0.3 ms]
      [Humongous Reclaim: 0.0 ms]
      [Free CSet: 0.8 ms]
   [Eden: 852.0M(852.0M)->0.0B(790.0M) Survivors: 37888.0K->67584.0K Heap: 1602.9M(1868.0M)->780.4M(1868.0M)]
Heap after GC invocations=526 (full 0):
 garbage-first heap   total 1912832K, used 799138K [0x000000008b400000, 0x000000008b503a60, 0x0000000100000000)
  region size 1024K, 66 young (67584K), 66 survivors (67584K)
 Metaspace       used 148432K, capacity 155731K, committed 155824K, reserved 1183744K
  class space    used 19750K, capacity 21113K, committed 21168K, reserved 1048576K
}
 [Times: user=0.26 sys=0.00, real=0.08 secs] 
2020-07-20T10:13:46.080+0000: 3862.016: Total time for which application threads were stopped: 0.0904596 seconds, Stopping threads took: 0.0034720 seconds
{Heap before GC invocations=526 (full 0):
 garbage-first heap   total 1912832K, used 1612194K [0x000000008b400000, 0x000000008b503a60, 0x0000000100000000)
  region size 1024K, 856 young (876544K), 66 survivors (67584K)
 Metaspace       used 148433K, capacity 155731K, committed 155824K, reserved 1183744K
  class space    used 19750K, capacity 21113K, committed 21168K, reserved 1048576K
2020-07-20T10:13:48.864+0000: 3864.800: [GC pause (G1 Evacuation Pause) (young)
Desired survivor size 56098816 bytes, new threshold 2 (max 15)
- age   1:   34730440 bytes,   34730440 total
- age   2:   24038928 bytes,   58769368 total
- age   3:    7383424 bytes,   66152792 total
- age   4:     583736 bytes,   66736528 total
- age   5:     296384 bytes,   67032912 total
, 0.0681314 secs]
   [Parallel Time: 63.0 ms, GC Workers: 4]
      [GC Worker Start (ms): Min: 3864800.7, Avg: 3864800.7, Max: 3864800.7, Diff: 0.1]
      [Ext Root Scanning (ms): Min: 8.8, Avg: 9.0, Max: 9.1, Diff: 0.3, Sum: 35.9]
      [Update RS (ms): Min: 12.8, Avg: 13.4, Max: 14.3, Diff: 1.6, Sum: 53.8]
         [Processed Buffers: Min: 12, Avg: 22.2, Max: 43, Diff: 31, Sum: 89]
      [Scan RS (ms): Min: 0.1, Avg: 0.3, Max: 0.5, Diff: 0.4, Sum: 1.2]
      [Code Root Scanning (ms): Min: 0.0, Avg: 0.0, Max: 0.1, Diff: 0.1, Sum: 0.1]
      [Object Copy (ms): Min: 39.3, Avg: 40.0, Max: 40.5, Diff: 1.3, Sum: 159.9]
      [Termination (ms): Min: 0.0, Avg: 0.0, Max: 0.1, Diff: 0.0, Sum: 0.2]
         [Termination Attempts: Min: 9, Avg: 17.0, Max: 24, Diff: 15, Sum: 68]
      [GC Worker Other (ms): Min: 0.0, Avg: 0.0, Max: 0.1, Diff: 0.1, Sum: 0.2]
      [GC Worker Total (ms): Min: 62.8, Avg: 62.8, Max: 62.8, Diff: 0.1, Sum: 251.3]
      [GC Worker End (ms): Min: 3864863.5, Avg: 3864863.5, Max: 3864863.6, Diff: 0.1]
   [Code Root Fixup: 0.1 ms]
   [Code Root Purge: 0.0 ms]
   [Clear CT: 0.4 ms]
   [Other: 4.6 ms]
      [Choose CSet: 0.0 ms]
      [Ref Proc: 2.3 ms]
      [Ref Enq: 0.2 ms]
      [Redirty Cards: 0.3 ms]
      [Humongous Register: 0.2 ms]
      [Humongous Reclaim: 0.1 ms]
      [Free CSet: 1.1 ms]
   [Eden: 790.0M(790.0M)->0.0B(833.0M) Survivors: 67584.0K->43008.0K Heap: 1574.4M(1868.0M)->759.5M(1868.0M)]
Heap after GC invocations=527 (full 0):
 garbage-first heap   total 1912832K, used 777773K [0x000000008b400000, 0x000000008b503a60, 0x0000000100000000)
  region size 1024K, 42 young (43008K), 42 survivors (43008K)
 Metaspace       used 148433K, capacity 155731K, committed 155824K, reserved 1183744K
  class space    used 19750K, capacity 21113K, committed 21168K, reserved 1048576K
}
 [Times: user=0.23 sys=0.00, real=0.07 secs] 
2020-07-20T10:13:48.933+0000: 3864.869: Total time for which application threads were stopped: 0.0759552 seconds, Stopping threads took: 0.0064172 seconds
{Heap before GC invocations=527 (full 0):
 garbage-first heap   total 1912832K, used 1630765K [0x000000008b400000, 0x000000008b503a60, 0x0000000100000000)
  region size 1024K, 875 young (896000K), 42 survivors (43008K)
 Metaspace       used 148433K, capacity 155731K, committed 155824K, reserved 1183744K
  class space    used 19750K, capacity 21113K, committed 21168K, reserved 1048576K
2020-07-20T10:13:51.628+0000: 3867.564: [GC pause (G1 Evacuation Pause) (young)
Desired survivor size 57671680 bytes, new threshold 15 (max 15)
- age   1:   25001184 bytes,   25001184 total
- age   2:   17112456 bytes,   42113640 total
, 0.0515206 secs]
   [Parallel Time: 47.3 ms, GC Workers: 4]
      [GC Worker Start (ms): Min: 3867563.9, Avg: 3867563.9, Max: 3867563.9, Diff: 0.0]
      [Ext Root Scanning (ms): Min: 5.1, Avg: 5.2, Max: 5.4, Diff: 0.2, Sum: 20.9]
      [Update RS (ms): Min: 17.4, Avg: 17.8, Max: 19.1, Diff: 1.7, Sum: 71.3]
         [Processed Buffers: Min: 7, Avg: 25.8, Max: 46, Diff: 39, Sum: 103]
      [Scan RS (ms): Min: 0.3, Avg: 0.3, Max: 0.4, Diff: 0.1, Sum: 1.4]
      [Code Root Scanning (ms): Min: 0.0, Avg: 0.0, Max: 0.1, Diff: 0.1, Sum: 0.1]
      [Object Copy (ms): Min: 22.4, Avg: 23.7, Max: 24.2, Diff: 1.8, Sum: 94.6]
      [Termination (ms): Min: 0.0, Avg: 0.1, Max: 0.1, Diff: 0.1, Sum: 0.4]
         [Termination Attempts: Min: 1, Avg: 1.0, Max: 1, Diff: 0, Sum: 4]
      [GC Worker Other (ms): Min: 0.0, Avg: 0.0, Max: 0.1, Diff: 0.0, Sum: 0.1]
      [GC Worker Total (ms): Min: 47.2, Avg: 47.2, Max: 47.2, Diff: 0.1, Sum: 188.8]
      [GC Worker End (ms): Min: 3867611.0, Avg: 3867611.1, Max: 3867611.1, Diff: 0.1]
   [Code Root Fixup: 0.0 ms]
   [Code Root Purge: 0.0 ms]
   [Clear CT: 0.3 ms]
   [Other: 3.8 ms]
      [Choose CSet: 0.0 ms]
      [Ref Proc: 2.1 ms]
      [Ref Enq: 0.2 ms]
      [Redirty Cards: 0.2 ms]
      [Humongous Register: 0.1 ms]
      [Humongous Reclaim: 0.1 ms]
      [Free CSet: 0.8 ms]
   [Eden: 833.0M(833.0M)->0.0B(862.0M) Survivors: 43008.0K->24576.0K Heap: 1592.5M(1868.0M)->739.5M(1868.0M)]
Heap after GC invocations=528 (full 0):
 garbage-first heap   total 1912832K, used 757293K [0x000000008b400000, 0x000000008b503a60, 0x0000000100000000)
  region size 1024K, 24 young (24576K), 24 survivors (24576K)
 Metaspace       used 148433K, capacity 155731K, committed 155824K, reserved 1183744K
  class space    used 19750K, capacity 21113K, committed 21168K, reserved 1048576K
}
 [Times: user=0.15 sys=0.00, real=0.05 secs] 
2020-07-20T10:13:51.680+0000: 3867.615: Total time for which application threads were stopped: 0.0587485 seconds, Stopping threads took: 0.0062490 seconds
{Heap before GC invocations=528 (full 0):
 garbage-first heap   total 1912832K, used 1639981K [0x000000008b400000, 0x000000008b503a60, 0x0000000100000000)
  region size 1024K, 886 young (907264K), 24 survivors (24576K)
 Metaspace       used 148434K, capacity 155731K, committed 155824K, reserved 1183744K
  class space    used 19750K, capacity 21113K, committed 21168K, reserved 1048576K
2020-07-20T10:13:54.598+0000: 3870.534: [GC pause (G1 Evacuation Pause) (young)
Desired survivor size 58195968 bytes, new threshold 15 (max 15)
- age   1:   21339904 bytes,   21339904 total
- age   2:    2236448 bytes,   23576352 total
- age   3:     278192 bytes,   23854544 total
, 0.0778973 secs]
   [Parallel Time: 71.3 ms, GC Workers: 4]
      [GC Worker Start (ms): Min: 3870534.5, Avg: 3870534.5, Max: 3870534.6, Diff: 0.1]
      [Ext Root Scanning (ms): Min: 6.4, Avg: 7.3, Max: 9.6, Diff: 3.2, Sum: 29.0]
      [Update RS (ms): Min: 16.0, Avg: 18.6, Max: 20.9, Diff: 4.9, Sum: 74.2]
         [Processed Buffers: Min: 5, Avg: 26.2, Max: 54, Diff: 49, Sum: 105]
      [Scan RS (ms): Min: 0.2, Avg: 0.3, Max: 0.4, Diff: 0.2, Sum: 1.1]
      [Code Root Scanning (ms): Min: 0.0, Avg: 0.0, Max: 0.0, Diff: 0.0, Sum: 0.1]
      [Object Copy (ms): Min: 43.3, Avg: 44.9, Max: 45.6, Diff: 2.3, Sum: 179.5]
      [Termination (ms): Min: 0.0, Avg: 0.0, Max: 0.1, Diff: 0.1, Sum: 0.1]
         [Termination Attempts: Min: 1, Avg: 11.8, Max: 20, Diff: 19, Sum: 47]
      [GC Worker Other (ms): Min: 0.0, Avg: 0.1, Max: 0.1, Diff: 0.1, Sum: 0.2]
      [GC Worker Total (ms): Min: 71.1, Avg: 71.1, Max: 71.2, Diff: 0.1, Sum: 284.4]
      [GC Worker End (ms): Min: 3870605.6, Avg: 3870605.6, Max: 3870605.7, Diff: 0.0]
   [Code Root Fixup: 0.0 ms]
   [Code Root Purge: 0.0 ms]
   [Clear CT: 0.3 ms]
   [Other: 6.3 ms]
      [Choose CSet: 0.0 ms]
      [Ref Proc: 4.3 ms]
      [Ref Enq: 0.2 ms]
      [Redirty Cards: 0.4 ms]
      [Humongous Register: 0.1 ms]
      [Humongous Reclaim: 0.1 ms]
      [Free CSet: 0.8 ms]
   [Eden: 862.0M(862.0M)->0.0B(831.0M) Survivors: 24576.0K->46080.0K Heap: 1601.5M(1868.0M)->760.0M(1868.0M)]
Heap after GC invocations=529 (full 0):
 garbage-first heap   total 1912832K, used 778285K [0x000000008b400000, 0x000000008b503a60, 0x0000000100000000)
  region size 1024K, 45 young (46080K), 45 survivors (46080K)
 Metaspace       used 148434K, capacity 155731K, committed 155824K, reserved 1183744K
  class space    used 19750K, capacity 21113K, committed 21168K, reserved 1048576K
}
 [Times: user=0.21 sys=0.03, real=0.08 secs] 
2020-07-20T10:13:54.676+0000: 3870.612: Total time for which application threads were stopped: 0.0830505 seconds, Stopping threads took: 0.0034843 seconds
{Heap before GC invocations=529 (full 0):
 garbage-first heap   total 1912832K, used 1631277K [0x000000008b400000, 0x000000008b503a60, 0x0000000100000000)
  region size 1024K, 876 young (897024K), 45 survivors (46080K)
 Metaspace       used 148434K, capacity 155731K, committed 155824K, reserved 1183744K
  class space    used 19750K, capacity 21113K, committed 21168K, reserved 1048576K
2020-07-20T10:13:57.442+0000: 3873.378: [GC pause (G1 Evacuation Pause) (young)
Desired survivor size 57671680 bytes, new threshold 15 (max 15)
- age   1:   27459688 bytes,   27459688 total
- age   2:   15758328 bytes,   43218016 total
- age   3:    2220584 bytes,   45438600 total
- age   4:     268864 bytes,   45707464 total
, 0.0454113 secs]
   [Parallel Time: 41.3 ms, GC Workers: 4]
      [GC Worker Start (ms): Min: 3873378.2, Avg: 3873378.2, Max: 3873378.2, Diff: 0.1]
      [Ext Root Scanning (ms): Min: 5.1, Avg: 5.2, Max: 5.3, Diff: 0.2, Sum: 20.7]
      [Update RS (ms): Min: 11.2, Avg: 11.2, Max: 11.3, Diff: 0.1, Sum: 44.9]
         [Processed Buffers: Min: 17, Avg: 21.2, Max: 33, Diff: 16, Sum: 85]
      [Scan RS (ms): Min: 0.1, Avg: 0.2, Max: 0.2, Diff: 0.1, Sum: 0.8]
      [Code Root Scanning (ms): Min: 0.0, Avg: 0.0, Max: 0.0, Diff: 0.0, Sum: 0.1]
      [Object Copy (ms): Min: 24.3, Avg: 24.4, Max: 24.5, Diff: 0.2, Sum: 97.8]
      [Termination (ms): Min: 0.0, Avg: 0.0, Max: 0.0, Diff: 0.0, Sum: 0.1]
         [Termination Attempts: Min: 1, Avg: 1.0, Max: 1, Diff: 0, Sum: 4]
      [GC Worker Other (ms): Min: 0.0, Avg: 0.0, Max: 0.1, Diff: 0.0, Sum: 0.1]
      [GC Worker Total (ms): Min: 41.1, Avg: 41.1, Max: 41.1, Diff: 0.1, Sum: 164.4]
      [GC Worker End (ms): Min: 3873419.3, Avg: 3873419.3, Max: 3873419.3, Diff: 0.0]
   [Code Root Fixup: 0.0 ms]
   [Code Root Purge: 0.0 ms]
   [Clear CT: 0.3 ms]
   [Other: 3.7 ms]
      [Choose CSet: 0.0 ms]
      [Ref Proc: 1.7 ms]
      [Ref Enq: 0.1 ms]
      [Redirty Cards: 0.2 ms]
      [Humongous Register: 0.3 ms]
      [Humongous Reclaim: 0.1 ms]
      [Free CSet: 0.8 ms]
   [Eden: 831.0M(831.0M)->0.0B(856.0M) Survivors: 46080.0K->31744.0K Heap: 1593.0M(1868.0M)->746.0M(1868.0M)]
Heap after GC invocations=530 (full 0):
 garbage-first heap   total 1912832K, used 763949K [0x000000008b400000, 0x000000008b503a60, 0x0000000100000000)
  region size 1024K, 31 young (31744K), 31 survivors (31744K)
 Metaspace       used 148434K, capacity 155731K, committed 155824K, reserved 1183744K
  class space    used 19750K, capacity 21113K, committed 21168K, reserved 1048576K
}
 [Times: user=0.15 sys=0.01, real=0.04 secs] 
2020-07-20T10:13:57.487+0000: 3873.423: Total time for which application threads were stopped: 0.0507891 seconds, Stopping threads took: 0.0042383 seconds
{Heap before GC invocations=530 (full 0):
 garbage-first heap   total 1912832K, used 1642541K [0x000000008b400000, 0x000000008b503a60, 0x0000000100000000)
  region size 1024K, 887 young (908288K), 31 survivors (31744K)
 Metaspace       used 148435K, capacity 155731K, committed 155824K, reserved 1183744K
  class space    used 19750K, capacity 21113K, committed 21168K, reserved 1048576K
2020-07-20T10:14:00.275+0000: 3876.211: [GC pause (G1 Evacuation Pause) (young)
Desired survivor size 58195968 bytes, new threshold 15 (max 15)
- age   1:   23508144 bytes,   23508144 total
- age   2:    4022008 bytes,   27530152 total
- age   3:    1299600 bytes,   28829752 total
- age   4:     856112 bytes,   29685864 total
- age   5:     268744 bytes,   29954608 total
, 0.0697281 secs]
   [Parallel Time: 65.8 ms, GC Workers: 4]
      [GC Worker Start (ms): Min: 3876211.1, Avg: 3876211.1, Max: 3876211.2, Diff: 0.1]
      [Ext Root Scanning (ms): Min: 5.2, Avg: 5.3, Max: 5.4, Diff: 0.2, Sum: 21.2]
      [Update RS (ms): Min: 17.3, Avg: 17.5, Max: 18.1, Diff: 0.7, Sum: 70.1]
         [Processed Buffers: Min: 11, Avg: 26.2, Max: 46, Diff: 35, Sum: 105]
      [Scan RS (ms): Min: 0.1, Avg: 0.2, Max: 0.3, Diff: 0.1, Sum: 0.9]
      [Code Root Scanning (ms): Min: 0.0, Avg: 0.0, Max: 0.0, Diff: 0.0, Sum: 0.1]
      [Object Copy (ms): Min: 42.2, Avg: 42.5, Max: 42.7, Diff: 0.5, Sum: 170.1]
      [Termination (ms): Min: 0.0, Avg: 0.0, Max: 0.1, Diff: 0.1, Sum: 0.1]
         [Termination Attempts: Min: 6, Avg: 10.2, Max: 15, Diff: 9, Sum: 41]
      [GC Worker Other (ms): Min: 0.0, Avg: 0.0, Max: 0.0, Diff: 0.0, Sum: 0.1]
      [GC Worker Total (ms): Min: 65.6, Avg: 65.7, Max: 65.7, Diff: 0.1, Sum: 262.7]
      [GC Worker End (ms): Min: 3876276.8, Avg: 3876276.8, Max: 3876276.8, Diff: 0.0]
   [Code Root Fixup: 0.0 ms]
   [Code Root Purge: 0.0 ms]
   [Clear CT: 0.3 ms]
   [Other: 3.5 ms]
      [Choose CSet: 0.0 ms]
      [Ref Proc: 1.8 ms]
      [Ref Enq: 0.1 ms]
      [Redirty Cards: 0.2 ms]
      [Humongous Register: 0.2 ms]
      [Humongous Reclaim: 0.1 ms]
      [Free CSet: 0.8 ms]
   [Eden: 856.0M(856.0M)->0.0B(831.0M) Survivors: 31744.0K->46080.0K Heap: 1604.0M(1868.0M)->760.5M(1868.0M)]
Heap after GC invocations=531 (full 0):
 garbage-first heap   total 1912832K, used 778797K [0x000000008b400000, 0x000000008b503a60, 0x0000000100000000)
  region size 1024K, 45 young (46080K), 45 survivors (46080K)
 Metaspace       used 148435K, capacity 155731K, committed 155824K, reserved 1183744K
  class space    used 19750K, capacity 21113K, committed 21168K, reserved 1048576K
}
 [Times: user=0.21 sys=0.01, real=0.07 secs] 
2020-07-20T10:14:00.345+0000: 3876.281: Total time for which application threads were stopped: 0.0709167 seconds, Stopping threads took: 0.0002470 seconds
{Heap before GC invocations=531 (full 0):
 garbage-first heap   total 1912832K, used 1629741K [0x000000008b400000, 0x000000008b503a60, 0x0000000100000000)
  region size 1024K, 876 young (897024K), 45 survivors (46080K)
 Metaspace       used 148445K, capacity 155731K, committed 155824K, reserved 1183744K
  class space    used 19750K, capacity 21113K, committed 21168K, reserved 1048576K
2020-07-20T10:14:18.203+0000: 3894.138: [GC pause (G1 Evacuation Pause) (young)
Desired survivor size 57671680 bytes, new threshold 15 (max 15)
- age   1:   23576768 bytes,   23576768 total
- age   2:   17810856 bytes,   41387624 total
- age   3:    2965120 bytes,   44352744 total
- age   4:     626168 bytes,   44978912 total
- age   5:     318528 bytes,   45297440 total
- age   6:     268528 bytes,   45565968 total
, 0.0536163 secs]
   [Parallel Time: 49.2 ms, GC Workers: 4]
      [GC Worker Start (ms): Min: 3894139.1, Avg: 3894139.2, Max: 3894139.2, Diff: 0.1]
      [Ext Root Scanning (ms): Min: 6.3, Avg: 7.1, Max: 9.3, Diff: 3.0, Sum: 28.3]
      [Update RS (ms): Min: 12.5, Avg: 14.3, Max: 15.1, Diff: 2.6, Sum: 57.3]
         [Processed Buffers: Min: 13, Avg: 28.5, Max: 61, Diff: 48, Sum: 114]
      [Scan RS (ms): Min: 0.1, Avg: 0.3, Max: 0.4, Diff: 0.3, Sum: 1.1]
      [Code Root Scanning (ms): Min: 0.0, Avg: 0.0, Max: 0.1, Diff: 0.0, Sum: 0.2]
      [Object Copy (ms): Min: 26.9, Avg: 27.2, Max: 27.2, Diff: 0.3, Sum: 108.6]
      [Termination (ms): Min: 0.0, Avg: 0.0, Max: 0.0, Diff: 0.0, Sum: 0.0]
         [Termination Attempts: Min: 7, Avg: 9.0, Max: 11, Diff: 4, Sum: 36]
      [GC Worker Other (ms): Min: 0.0, Avg: 0.1, Max: 0.1, Diff: 0.1, Sum: 0.4]
      [GC Worker Total (ms): Min: 48.9, Avg: 49.0, Max: 49.0, Diff: 0.0, Sum: 195.9]
      [GC Worker End (ms): Min: 3894188.1, Avg: 3894188.1, Max: 3894188.2, Diff: 0.1]
   [Code Root Fixup: 0.0 ms]
   [Code Root Purge: 0.0 ms]
   [Clear CT: 0.4 ms]
   [Other: 4.0 ms]
      [Choose CSet: 0.0 ms]
      [Ref Proc: 1.9 ms]
      [Ref Enq: 0.1 ms]
      [Redirty Cards: 0.2 ms]
      [Humongous Register: 0.3 ms]
      [Humongous Reclaim: 0.1 ms]
      [Free CSet: 0.8 ms]
   [Eden: 831.0M(831.0M)->0.0B(861.0M) Survivors: 46080.0K->31744.0K Heap: 1591.5M(1868.0M)->744.5M(1868.0M)]
Heap after GC invocations=532 (full 0):
 garbage-first heap   total 1912832K, used 762413K [0x000000008b400000, 0x000000008b503a60, 0x0000000100000000)
  region size 1024K, 31 young (31744K), 31 survivors (31744K)
 Metaspace       used 148445K, capacity 155731K, committed 155824K, reserved 1183744K
  class space    used 19750K, capacity 21113K, committed 21168K, reserved 1048576K
}
 [Times: user=0.16 sys=0.01, real=0.05 secs] 
2020-07-20T10:14:18.256+0000: 3894.192: Total time for which application threads were stopped: 0.0559531 seconds, Stopping threads took: 0.0005388 seconds
{Heap before GC invocations=532 (full 0):
 garbage-first heap   total 1912832K, used 1646125K [0x000000008b400000, 0x000000008b503a60, 0x0000000100000000)
  region size 1024K, 892 young (913408K), 31 survivors (31744K)
 Metaspace       used 148447K, capacity 155731K, committed 155824K, reserved 1183744K
  class space    used 19750K, capacity 21113K, committed 21168K, reserved 1048576K
2020-07-20T10:14:21.508+0000: 3897.444: [GC pause (G1 Evacuation Pause) (young)
Desired survivor size 58720256 bytes, new threshold 15 (max 15)
- age   1:   24500760 bytes,   24500760 total
- age   2:    2216496 bytes,   26717256 total
- age   3:     433368 bytes,   27150624 total
- age   4:    1956160 bytes,   29106784 total
- age   5:     626104 bytes,   29732888 total
- age   6:     315520 bytes,   30048408 total
- age   7:     266376 bytes,   30314784 total
, 0.0926212 secs]
   [Parallel Time: 88.7 ms, GC Workers: 4]
      [GC Worker Start (ms): Min: 3897444.2, Avg: 3897444.2, Max: 3897444.3, Diff: 0.1]
      [Ext Root Scanning (ms): Min: 6.4, Avg: 6.7, Max: 7.5, Diff: 1.1, Sum: 26.8]
      [Update RS (ms): Min: 15.0, Avg: 15.5, Max: 15.8, Diff: 0.8, Sum: 62.0]
         [Processed Buffers: Min: 11, Avg: 24.2, Max: 36, Diff: 25, Sum: 97]
      [Scan RS (ms): Min: 0.2, Avg: 0.3, Max: 0.3, Diff: 0.1, Sum: 1.1]
      [Code Root Scanning (ms): Min: 0.0, Avg: 0.0, Max: 0.1, Diff: 0.1, Sum: 0.2]
      [Object Copy (ms): Min: 65.7, Avg: 65.9, Max: 66.1, Diff: 0.4, Sum: 263.6]
      [Termination (ms): Min: 0.0, Avg: 0.1, Max: 0.1, Diff: 0.1, Sum: 0.3]
         [Termination Attempts: Min: 2, Avg: 3.8, Max: 5, Diff: 3, Sum: 15]
      [GC Worker Other (ms): Min: 0.0, Avg: 0.1, Max: 0.1, Diff: 0.0, Sum: 0.2]
      [GC Worker Total (ms): Min: 88.5, Avg: 88.6, Max: 88.6, Diff: 0.1, Sum: 354.2]
      [GC Worker End (ms): Min: 3897532.8, Avg: 3897532.8, Max: 3897532.8, Diff: 0.0]
   [Code Root Fixup: 0.1 ms]
   [Code Root Purge: 0.0 ms]
   [Clear CT: 0.3 ms]
   [Other: 3.6 ms]
      [Choose CSet: 0.0 ms]
      [Ref Proc: 1.8 ms]
      [Ref Enq: 0.1 ms]
      [Redirty Cards: 0.2 ms]
      [Humongous Register: 0.1 ms]
      [Humongous Reclaim: 0.1 ms]
      [Free CSet: 0.8 ms]
   [Eden: 861.0M(861.0M)->0.0B(803.0M) Survivors: 31744.0K->60416.0K Heap: 1607.5M(1868.0M)->774.5M(1868.0M)]
Heap after GC invocations=533 (full 0):
 garbage-first heap   total 1912832K, used 793133K [0x000000008b400000, 0x000000008b503a60, 0x0000000100000000)
  region size 1024K, 59 young (60416K), 59 survivors (60416K)
 Metaspace       used 148447K, capacity 155731K, committed 155824K, reserved 1183744K
  class space    used 19750K, capacity 21113K, committed 21168K, reserved 1048576K
}
 [Times: user=0.26 sys=0.00, real=0.10 secs] 
2020-07-20T10:14:21.601+0000: 3897.537: Total time for which application threads were stopped: 0.0958615 seconds, Stopping threads took: 0.0016759 seconds
{Heap before GC invocations=533 (full 0):
 garbage-first heap   total 1912832K, used 1617453K [0x000000008b400000, 0x000000008b503a60, 0x0000000100000000)
  region size 1024K, 862 young (882688K), 59 survivors (60416K)
 Metaspace       used 148451K, capacity 155731K, committed 155824K, reserved 1183744K
  class space    used 19750K, capacity 21113K, committed 21168K, reserved 1048576K
2020-07-20T10:14:24.578+0000: 3900.514: [GC pause (G1 Evacuation Pause) (young)
Desired survivor size 56623104 bytes, new threshold 4 (max 15)
- age   1:   35310848 bytes,   35310848 total
- age   2:   18881632 bytes,   54192480 total
- age   3:    2215664 bytes,   56408144 total
- age   4:     432208 bytes,   56840352 total
- age   5:    1955720 bytes,   58796072 total
- age   6:     597392 bytes,   59393464 total
- age   7:     315264 bytes,   59708728 total
- age   8:     266216 bytes,   59974944 total
, 0.0659485 secs]
   [Parallel Time: 61.6 ms, GC Workers: 4]
      [GC Worker Start (ms): Min: 3900514.1, Avg: 3900514.1, Max: 3900514.1, Diff: 0.1]
      [Ext Root Scanning (ms): Min: 5.9, Avg: 6.0, Max: 6.2, Diff: 0.3, Sum: 24.1]
      [Update RS (ms): Min: 20.8, Avg: 21.0, Max: 21.4, Diff: 0.6, Sum: 84.2]
         [Processed Buffers: Min: 17, Avg: 30.8, Max: 52, Diff: 35, Sum: 123]
      [Scan RS (ms): Min: 0.1, Avg: 0.2, Max: 0.4, Diff: 0.3, Sum: 0.9]
      [Code Root Scanning (ms): Min: 0.0, Avg: 0.0, Max: 0.1, Diff: 0.1, Sum: 0.2]
      [Object Copy (ms): Min: 33.7, Avg: 34.1, Max: 34.3, Diff: 0.5, Sum: 136.2]
      [Termination (ms): Min: 0.0, Avg: 0.0, Max: 0.0, Diff: 0.0, Sum: 0.1]
         [Termination Attempts: Min: 1, Avg: 1.0, Max: 1, Diff: 0, Sum: 4]
      [GC Worker Other (ms): Min: 0.0, Avg: 0.0, Max: 0.1, Diff: 0.0, Sum: 0.2]
      [GC Worker Total (ms): Min: 61.4, Avg: 61.4, Max: 61.5, Diff: 0.1, Sum: 245.8]
      [GC Worker End (ms): Min: 3900575.5, Avg: 3900575.5, Max: 3900575.6, Diff: 0.0]
   [Code Root Fixup: 0.1 ms]
   [Code Root Purge: 0.0 ms]
   [Clear CT: 0.3 ms]
   [Other: 4.0 ms]
      [Choose CSet: 0.0 ms]
      [Ref Proc: 2.1 ms]
      [Ref Enq: 0.2 ms]
      [Redirty Cards: 0.3 ms]
      [Humongous Register: 0.1 ms]
      [Humongous Reclaim: 0.1 ms]
      [Free CSet: 0.8 ms]
   [Eden: 803.0M(803.0M)->0.0B(845.0M) Survivors: 60416.0K->37888.0K Heap: 1579.5M(1868.0M)->754.0M(1868.0M)]
Heap after GC invocations=534 (full 0):
 garbage-first heap   total 1912832K, used 772145K [0x000000008b400000, 0x000000008b503a60, 0x0000000100000000)
  region size 1024K, 37 young (37888K), 37 survivors (37888K)
 Metaspace       used 148451K, capacity 155731K, committed 155824K, reserved 1183744K
  class space    used 19750K, capacity 21113K, committed 21168K, reserved 1048576K
}
 [Times: user=0.20 sys=0.02, real=0.07 secs] 
2020-07-20T10:14:24.644+0000: 3900.580: Total time for which application threads were stopped: 0.0707802 seconds, Stopping threads took: 0.0034284 seconds
{Heap before GC invocations=534 (full 0):
 garbage-first heap   total 1912832K, used 1639473K [0x000000008b400000, 0x000000008b503a60, 0x0000000100000000)
  region size 1024K, 882 young (903168K), 37 survivors (37888K)
 Metaspace       used 148452K, capacity 155731K, committed 155824K, reserved 1183744K
  class space    used 19750K, capacity 21113K, committed 21168K, reserved 1048576K
2020-07-20T10:14:27.318+0000: 3903.254: [GC pause (G1 Evacuation Pause) (young)
Desired survivor size 58195968 bytes, new threshold 15 (max 15)
- age   1:   26115240 bytes,   26115240 total
- age   2:    8660304 bytes,   34775544 total
- age   3:     468360 bytes,   35243904 total
- age   4:     500616 bytes,   35744520 total
, 0.0895216 secs]
   [Parallel Time: 85.1 ms, GC Workers: 4]
      [GC Worker Start (ms): Min: 3903253.9, Avg: 3903253.9, Max: 3903254.0, Diff: 0.1]
      [Ext Root Scanning (ms): Min: 5.2, Avg: 5.3, Max: 5.4, Diff: 0.2, Sum: 21.3]
      [Update RS (ms): Min: 23.0, Avg: 23.2, Max: 23.5, Diff: 0.5, Sum: 92.6]
         [Processed Buffers: Min: 18, Avg: 29.5, Max: 49, Diff: 31, Sum: 118]
      [Scan RS (ms): Min: 0.1, Avg: 0.3, Max: 0.4, Diff: 0.3, Sum: 1.1]
      [Code Root Scanning (ms): Min: 0.0, Avg: 0.0, Max: 0.1, Diff: 0.1, Sum: 0.1]
      [Object Copy (ms): Min: 56.0, Avg: 56.1, Max: 56.3, Diff: 0.2, Sum: 224.6]
      [Termination (ms): Min: 0.0, Avg: 0.0, Max: 0.0, Diff: 0.0, Sum: 0.1]
         [Termination Attempts: Min: 1, Avg: 1.0, Max: 1, Diff: 0, Sum: 4]
      [GC Worker Other (ms): Min: 0.0, Avg: 0.0, Max: 0.0, Diff: 0.0, Sum: 0.1]
      [GC Worker Total (ms): Min: 85.0, Avg: 85.0, Max: 85.0, Diff: 0.1, Sum: 340.0]
      [GC Worker End (ms): Min: 3903338.9, Avg: 3903338.9, Max: 3903339.0, Diff: 0.0]
   [Code Root Fixup: 0.1 ms]
   [Code Root Purge: 0.0 ms]
   [Clear CT: 0.4 ms]
   [Other: 4.0 ms]
      [Choose CSet: 0.0 ms]
      [Ref Proc: 2.2 ms]
      [Ref Enq: 0.1 ms]
      [Redirty Cards: 0.3 ms]
      [Humongous Register: 0.2 ms]
      [Humongous Reclaim: 0.1 ms]
      [Free CSet: 0.8 ms]
   [Eden: 845.0M(845.0M)->0.0B(797.0M) Survivors: 37888.0K->60416.0K Heap: 1601.0M(1868.0M)->778.0M(1868.0M)]
Heap after GC invocations=535 (full 0):
 garbage-first heap   total 1912832K, used 796721K [0x000000008b400000, 0x000000008b503a60, 0x0000000100000000)
  region size 1024K, 59 young (60416K), 59 survivors (60416K)
 Metaspace       used 148452K, capacity 155731K, committed 155824K, reserved 1183744K
  class space    used 19750K, capacity 21113K, committed 21168K, reserved 1048576K
}
 [Times: user=0.30 sys=0.00, real=0.09 secs] 
2020-07-20T10:14:27.407+0000: 3903.343: Total time for which application threads were stopped: 0.0946926 seconds, Stopping threads took: 0.0040687 seconds
{Heap before GC invocations=535 (full 0):
 garbage-first heap   total 1912832K, used 1612849K [0x000000008b400000, 0x000000008b503a60, 0x0000000100000000)
  region size 1024K, 856 young (876544K), 59 survivors (60416K)
 Metaspace       used 148453K, capacity 155731K, committed 155824K, reserved 1183744K
  class space    used 19750K, capacity 21113K, committed 21168K, reserved 1048576K
2020-07-20T10:14:30.293+0000: 3906.229: [GC pause (G1 Evacuation Pause) (young)
Desired survivor size 56098816 bytes, new threshold 3 (max 15)
- age   1:   30586208 bytes,   30586208 total
- age   2:   20571224 bytes,   51157432 total
- age   3:    8180832 bytes,   59338264 total
- age   4:     468176 bytes,   59806440 total
- age   5:     498384 bytes,   60304824 total
, 0.0630445 secs]
   [Parallel Time: 59.2 ms, GC Workers: 4]
      [GC Worker Start (ms): Min: 3906229.5, Avg: 3906229.5, Max: 3906229.6, Diff: 0.1]
      [Ext Root Scanning (ms): Min: 5.0, Avg: 5.2, Max: 5.3, Diff: 0.3, Sum: 20.7]
      [Update RS (ms): Min: 17.2, Avg: 17.2, Max: 17.5, Diff: 0.3, Sum: 69.0]
         [Processed Buffers: Min: 15, Avg: 27.5, Max: 43, Diff: 28, Sum: 110]
      [Scan RS (ms): Min: 0.1, Avg: 0.2, Max: 0.3, Diff: 0.2, Sum: 0.9]
      [Code Root Scanning (ms): Min: 0.0, Avg: 0.0, Max: 0.1, Diff: 0.1, Sum: 0.2]
      [Object Copy (ms): Min: 36.2, Avg: 36.2, Max: 36.3, Diff: 0.1, Sum: 144.8]
      [Termination (ms): Min: 0.0, Avg: 0.0, Max: 0.0, Diff: 0.0, Sum: 0.1]
         [Termination Attempts: Min: 1, Avg: 1.0, Max: 1, Diff: 0, Sum: 4]
      [GC Worker Other (ms): Min: 0.0, Avg: 0.0, Max: 0.1, Diff: 0.0, Sum: 0.1]
      [GC Worker Total (ms): Min: 58.9, Avg: 59.0, Max: 59.0, Diff: 0.1, Sum: 235.8]
      [GC Worker End (ms): Min: 3906288.5, Avg: 3906288.5, Max: 3906288.5, Diff: 0.0]
   [Code Root Fixup: 0.0 ms]
   [Code Root Purge: 0.0 ms]
   [Clear CT: 0.3 ms]
   [Other: 3.5 ms]
      [Choose CSet: 0.0 ms]
      [Ref Proc: 1.6 ms]
      [Ref Enq: 0.2 ms]
      [Redirty Cards: 0.3 ms]
      [Humongous Register: 0.2 ms]
      [Humongous Reclaim: 0.1 ms]
      [Free CSet: 0.7 ms]
   [Eden: 797.0M(797.0M)->0.0B(846.0M) Survivors: 60416.0K->36864.0K Heap: 1575.0M(1868.0M)->754.8M(1868.0M)]
Heap after GC invocations=536 (full 0):
 garbage-first heap   total 1912832K, used 772956K [0x000000008b400000, 0x000000008b503a60, 0x0000000100000000)
  region size 1024K, 36 young (36864K), 36 survivors (36864K)
 Metaspace       used 148453K, capacity 155731K, committed 155824K, reserved 1183744K
  class space    used 19750K, capacity 21113K, committed 21168K, reserved 1048576K
}
 [Times: user=0.20 sys=0.00, real=0.06 secs] 
2020-07-20T10:14:30.357+0000: 3906.292: Total time for which application threads were stopped: 0.0642341 seconds, Stopping threads took: 0.0002186 seconds
{Heap before GC invocations=536 (full 0):
 garbage-first heap   total 1912832K, used 1641308K [0x000000008b400000, 0x000000008b503a60, 0x0000000100000000)
  region size 1024K, 882 young (903168K), 36 survivors (36864K)
 Metaspace       used 148457K, capacity 155731K, committed 155824K, reserved 1183744K
  class space    used 19750K, capacity 21113K, committed 21168K, reserved 1048576K
2020-07-20T10:14:33.229+0000: 3909.165: [GC pause (G1 Evacuation Pause) (young)
Desired survivor size 58195968 bytes, new threshold 15 (max 15)
- age   1:   21844904 bytes,   21844904 total
- age   2:   11283808 bytes,   33128712 total
- age   3:    2491456 bytes,   35620168 total
, 0.0798683 secs]
   [Parallel Time: 76.1 ms, GC Workers: 4]
      [GC Worker Start (ms): Min: 3909165.6, Avg: 3909165.6, Max: 3909165.6, Diff: 0.0]
      [Ext Root Scanning (ms): Min: 5.2, Avg: 5.3, Max: 5.4, Diff: 0.2, Sum: 21.2]
      [Update RS (ms): Min: 18.4, Avg: 18.5, Max: 18.7, Diff: 0.3, Sum: 74.1]
         [Processed Buffers: Min: 13, Avg: 28.5, Max: 45, Diff: 32, Sum: 114]
      [Scan RS (ms): Min: 0.1, Avg: 0.3, Max: 0.3, Diff: 0.3, Sum: 1.0]
      [Code Root Scanning (ms): Min: 0.0, Avg: 0.0, Max: 0.0, Diff: 0.0, Sum: 0.1]
      [Object Copy (ms): Min: 51.6, Avg: 51.7, Max: 51.8, Diff: 0.2, Sum: 206.9]
      [Termination (ms): Min: 0.0, Avg: 0.0, Max: 0.1, Diff: 0.1, Sum: 0.2]
         [Termination Attempts: Min: 4, Avg: 6.5, Max: 11, Diff: 7, Sum: 26]
      [GC Worker Other (ms): Min: 0.0, Avg: 0.0, Max: 0.1, Diff: 0.1, Sum: 0.1]
      [GC Worker Total (ms): Min: 75.9, Avg: 75.9, Max: 75.9, Diff: 0.1, Sum: 303.6]
      [GC Worker End (ms): Min: 3909241.5, Avg: 3909241.5, Max: 3909241.6, Diff: 0.1]
   [Code Root Fixup: 0.0 ms]
   [Code Root Purge: 0.0 ms]
   [Clear CT: 0.3 ms]
   [Other: 3.5 ms]
      [Choose CSet: 0.0 ms]
      [Ref Proc: 1.6 ms]
      [Ref Enq: 0.2 ms]
      [Redirty Cards: 0.3 ms]
      [Humongous Register: 0.1 ms]
      [Humongous Reclaim: 0.1 ms]
      [Free CSet: 0.8 ms]
   [Eden: 846.0M(846.0M)->0.0B(796.0M) Survivors: 36864.0K->60416.0K Heap: 1602.8M(1868.0M)->779.3M(1868.0M)]
Heap after GC invocations=537 (full 0):
 garbage-first heap   total 1912832K, used 798044K [0x000000008b400000, 0x000000008b503a60, 0x0000000100000000)
  region size 1024K, 59 young (60416K), 59 survivors (60416K)
 Metaspace       used 148457K, capacity 155731K, committed 155824K, reserved 1183744K
  class space    used 19750K, capacity 21113K, committed 21168K, reserved 1048576K
}
 [Times: user=0.27 sys=0.00, real=0.08 secs] 
2020-07-20T10:14:33.310+0000: 3909.245: Total time for which application threads were stopped: 0.0824457 seconds, Stopping threads took: 0.0016169 seconds
{Heap before GC invocations=537 (full 0):
 garbage-first heap   total 1912832K, used 1613148K [0x000000008b400000, 0x000000008b503a60, 0x0000000100000000)
  region size 1024K, 855 young (875520K), 59 survivors (60416K)
 Metaspace       used 148457K, capacity 155731K, committed 155824K, reserved 1183744K
  class space    used 19750K, capacity 21113K, committed 21168K, reserved 1048576K
2020-07-20T10:14:35.969+0000: 3911.905: [GC pause (G1 Evacuation Pause) (young)
Desired survivor size 56098816 bytes, new threshold 3 (max 15)
- age   1:   29382616 bytes,   29382616 total
- age   2:   16280904 bytes,   45663520 total
- age   3:   10807456 bytes,   56470976 total
- age   4:    2478800 bytes,   58949776 total
, 0.0620339 secs]
   [Parallel Time: 57.4 ms, GC Workers: 4]
      [GC Worker Start (ms): Min: 3911905.6, Avg: 3911905.6, Max: 3911905.6, Diff: 0.1]
      [Ext Root Scanning (ms): Min: 5.2, Avg: 5.3, Max: 5.4, Diff: 0.2, Sum: 21.2]
      [Update RS (ms): Min: 14.9, Avg: 15.2, Max: 15.7, Diff: 0.8, Sum: 60.9]
         [Processed Buffers: Min: 14, Avg: 26.0, Max: 40, Diff: 26, Sum: 104]
      [Scan RS (ms): Min: 0.1, Avg: 0.2, Max: 0.4, Diff: 0.3, Sum: 0.8]
      [Code Root Scanning (ms): Min: 0.0, Avg: 0.0, Max: 0.0, Diff: 0.0, Sum: 0.1]
      [Object Copy (ms): Min: 36.1, Avg: 36.4, Max: 36.6, Diff: 0.5, Sum: 145.8]
      [Termination (ms): Min: 0.0, Avg: 0.0, Max: 0.0, Diff: 0.0, Sum: 0.0]
         [Termination Attempts: Min: 1, Avg: 1.0, Max: 1, Diff: 0, Sum: 4]
      [GC Worker Other (ms): Min: 0.0, Avg: 0.0, Max: 0.1, Diff: 0.1, Sum: 0.1]
      [GC Worker Total (ms): Min: 57.2, Avg: 57.2, Max: 57.2, Diff: 0.1, Sum: 228.8]
      [GC Worker End (ms): Min: 3911962.8, Avg: 3911962.8, Max: 3911962.9, Diff: 0.1]
   [Code Root Fixup: 0.0 ms]
   [Code Root Purge: 0.0 ms]
   [Clear CT: 0.6 ms]
   [Other: 4.0 ms]
      [Choose CSet: 0.0 ms]
      [Ref Proc: 2.3 ms]
      [Ref Enq: 0.1 ms]
      [Redirty Cards: 0.3 ms]
      [Humongous Register: 0.1 ms]
      [Humongous Reclaim: 0.1 ms]
      [Free CSet: 0.8 ms]
   [Eden: 796.0M(796.0M)->0.0B(840.0M) Survivors: 60416.0K->37888.0K Heap: 1575.3M(1868.0M)->759.3M(1868.0M)]
Heap after GC invocations=538 (full 0):
 garbage-first heap   total 1912832K, used 777506K [0x000000008b400000, 0x000000008b503a60, 0x0000000100000000)
  region size 1024K, 37 young (37888K), 37 survivors (37888K)
 Metaspace       used 148457K, capacity 155731K, committed 155824K, reserved 1183744K
  class space    used 19750K, capacity 21113K, committed 21168K, reserved 1048576K
}
 [Times: user=0.19 sys=0.01, real=0.06 secs] 
2020-07-20T10:14:36.032+0000: 3911.968: Total time for which application threads were stopped: 0.0664341 seconds, Stopping threads took: 0.0034576 seconds
{Heap before GC invocations=538 (full 0):
 garbage-first heap   total 1912832K, used 1641762K [0x000000008b400000, 0x000000008b503a60, 0x0000000100000000)
  region size 1024K, 877 young (898048K), 37 survivors (37888K)
 Metaspace       used 148458K, capacity 155731K, committed 155824K, reserved 1183744K
  class space    used 19750K, capacity 21113K, committed 21168K, reserved 1048576K
2020-07-20T10:14:38.610+0000: 3914.545: [GC pause (G1 Evacuation Pause) (young)
Desired survivor size 57671680 bytes, new threshold 15 (max 15)
- age   1:   24080856 bytes,   24080856 total
- age   2:   11288840 bytes,   35369696 total
- age   3:    1312392 bytes,   36682088 total
, 0.0892700 secs]
   [Parallel Time: 85.3 ms, GC Workers: 4]
      [GC Worker Start (ms): Min: 3914545.7, Avg: 3914548.4, Max: 3914556.6, Diff: 10.9]
      [Ext Root Scanning (ms): Min: 0.0, Avg: 4.5, Max: 6.1, Diff: 6.1, Sum: 18.1]
      [Update RS (ms): Min: 21.5, Avg: 28.4, Max: 40.8, Diff: 19.3, Sum: 113.6]
         [Processed Buffers: Min: 14, Avg: 27.2, Max: 40, Diff: 26, Sum: 109]
      [Scan RS (ms): Min: 0.0, Avg: 0.2, Max: 0.4, Diff: 0.3, Sum: 0.9]
      [Code Root Scanning (ms): Min: 0.0, Avg: 0.0, Max: 0.0, Diff: 0.0, Sum: 0.1]
      [Object Copy (ms): Min: 38.1, Avg: 49.2, Max: 53.2, Diff: 15.1, Sum: 197.0]
      [Termination (ms): Min: 0.0, Avg: 0.0, Max: 0.1, Diff: 0.1, Sum: 0.2]
         [Termination Attempts: Min: 7, Avg: 9.0, Max: 14, Diff: 7, Sum: 36]
      [GC Worker Other (ms): Min: 0.0, Avg: 0.0, Max: 0.0, Diff: 0.0, Sum: 0.1]
      [GC Worker Total (ms): Min: 74.3, Avg: 82.5, Max: 85.2, Diff: 10.9, Sum: 329.9]
      [GC Worker End (ms): Min: 3914630.9, Avg: 3914630.9, Max: 3914630.9, Diff: 0.0]
   [Code Root Fixup: 0.0 ms]
   [Code Root Purge: 0.0 ms]
   [Clear CT: 0.3 ms]
   [Other: 3.6 ms]
      [Choose CSet: 0.0 ms]
      [Ref Proc: 2.0 ms]
      [Ref Enq: 0.1 ms]
      [Redirty Cards: 0.2 ms]
      [Humongous Register: 0.1 ms]
      [Humongous Reclaim: 0.1 ms]
      [Free CSet: 0.8 ms]
   [Eden: 840.0M(840.0M)->0.0B(790.0M) Survivors: 37888.0K->59392.0K Heap: 1603.3M(1868.0M)->784.3M(1868.0M)]
Heap after GC invocations=539 (full 0):
 garbage-first heap   total 1912832K, used 803106K [0x000000008b400000, 0x000000008b503a60, 0x0000000100000000)
  region size 1024K, 58 young (59392K), 58 survivors (59392K)
 Metaspace       used 148458K, capacity 155731K, committed 155824K, reserved 1183744K
  class space    used 19750K, capacity 21113K, committed 21168K, reserved 1048576K
}
 [Times: user=0.25 sys=0.02, real=0.09 secs] 
2020-07-20T10:14:38.699+0000: 3914.635: Total time for which application threads were stopped: 0.0916389 seconds, Stopping threads took: 0.0013768 seconds
{Heap before GC invocations=539 (full 0):
 garbage-first heap   total 1912832K, used 1612066K [0x000000008b400000, 0x000000008b503a60, 0x0000000100000000)
  region size 1024K, 848 young (868352K), 58 survivors (59392K)
 Metaspace       used 148458K, capacity 155731K, committed 155824K, reserved 1183744K
  class space    used 19750K, capacity 21113K, committed 21168K, reserved 1048576K
2020-07-20T10:14:41.770+0000: 3917.706: [GC pause (G1 Evacuation Pause) (young)
Desired survivor size 55574528 bytes, new threshold 3 (max 15)
- age   1:   30451528 bytes,   30451528 total
- age   2:   17435328 bytes,   47886856 total
- age   3:   10165328 bytes,   58052184 total
- age   4:     538056 bytes,   58590240 total
, 0.0680660 secs]
   [Parallel Time: 63.9 ms, GC Workers: 4]
      [GC Worker Start (ms): Min: 3917706.3, Avg: 3917706.3, Max: 3917706.4, Diff: 0.1]
      [Ext Root Scanning (ms): Min: 6.3, Avg: 6.5, Max: 7.1, Diff: 0.8, Sum: 26.0]
      [Update RS (ms): Min: 18.2, Avg: 18.4, Max: 18.7, Diff: 0.5, Sum: 73.4]
         [Processed Buffers: Min: 12, Avg: 27.8, Max: 44, Diff: 32, Sum: 111]
      [Scan RS (ms): Min: 0.0, Avg: 0.3, Max: 0.5, Diff: 0.5, Sum: 1.3]
      [Code Root Scanning (ms): Min: 0.0, Avg: 0.0, Max: 0.0, Diff: 0.0, Sum: 0.1]
      [Object Copy (ms): Min: 37.9, Avg: 38.5, Max: 38.7, Diff: 0.9, Sum: 153.9]
      [Termination (ms): Min: 0.0, Avg: 0.0, Max: 0.0, Diff: 0.0, Sum: 0.1]
         [Termination Attempts: Min: 1, Avg: 1.0, Max: 1, Diff: 0, Sum: 4]
      [GC Worker Other (ms): Min: 0.0, Avg: 0.0, Max: 0.1, Diff: 0.0, Sum: 0.1]
      [GC Worker Total (ms): Min: 63.7, Avg: 63.7, Max: 63.8, Diff: 0.1, Sum: 254.8]
      [GC Worker End (ms): Min: 3917770.0, Avg: 3917770.0, Max: 3917770.1, Diff: 0.0]
   [Code Root Fixup: 0.1 ms]
   [Code Root Purge: 0.0 ms]
   [Clear CT: 0.3 ms]
   [Other: 3.8 ms]
      [Choose CSet: 0.0 ms]
      [Ref Proc: 1.9 ms]
      [Ref Enq: 0.2 ms]
      [Redirty Cards: 0.2 ms]
      [Humongous Register: 0.1 ms]
      [Humongous Reclaim: 0.1 ms]
      [Free CSet: 0.7 ms]
   [Eden: 790.0M(790.0M)->0.0B(839.0M) Survivors: 59392.0K->35840.0K Heap: 1574.3M(1868.0M)->759.7M(1868.0M)]
Heap after GC invocations=540 (full 0):
 garbage-first heap   total 1912832K, used 777933K [0x000000008b400000, 0x000000008b503a60, 0x0000000100000000)
  region size 1024K, 35 young (35840K), 35 survivors (35840K)
 Metaspace       used 148458K, capacity 155731K, committed 155824K, reserved 1183744K
  class space    used 19750K, capacity 21113K, committed 21168K, reserved 1048576K
}
 [Times: user=0.20 sys=0.01, real=0.07 secs] 
2020-07-20T10:14:41.838+0000: 3917.774: Total time for which application threads were stopped: 0.0720185 seconds, Stopping threads took: 0.0024069 seconds
{Heap before GC invocations=540 (full 0):
 garbage-first heap   total 1912832K, used 1639117K [0x000000008b400000, 0x000000008b503a60, 0x0000000100000000)
  region size 1024K, 874 young (894976K), 35 survivors (35840K)
 Metaspace       used 148458K, capacity 155731K, committed 155824K, reserved 1183744K
  class space    used 19750K, capacity 21113K, committed 21168K, reserved 1048576K
2020-07-20T10:14:44.422+0000: 3920.358: [GC pause (G1 Evacuation Pause) (young)
Desired survivor size 57671680 bytes, new threshold 15 (max 15)
- age   1:   23539832 bytes,   23539832 total
- age   2:   10240632 bytes,   33780464 total
- age   3:     338688 bytes,   34119152 total
, 0.0784061 secs]
   [Parallel Time: 74.1 ms, GC Workers: 4]
      [GC Worker Start (ms): Min: 3920358.2, Avg: 3920358.2, Max: 3920358.3, Diff: 0.1]
      [Ext Root Scanning (ms): Min: 6.0, Avg: 6.2, Max: 6.4, Diff: 0.4, Sum: 24.7]
      [Update RS (ms): Min: 19.9, Avg: 19.9, Max: 20.0, Diff: 0.1, Sum: 79.7]
         [Processed Buffers: Min: 7, Avg: 26.8, Max: 52, Diff: 45, Sum: 107]
      [Scan RS (ms): Min: 0.2, Avg: 0.3, Max: 0.4, Diff: 0.3, Sum: 1.1]
      [Code Root Scanning (ms): Min: 0.0, Avg: 0.0, Max: 0.0, Diff: 0.0, Sum: 0.1]
      [Object Copy (ms): Min: 47.3, Avg: 47.4, Max: 47.6, Diff: 0.3, Sum: 189.7]
      [Termination (ms): Min: 0.0, Avg: 0.0, Max: 0.0, Diff: 0.0, Sum: 0.1]
         [Termination Attempts: Min: 5, Avg: 15.5, Max: 24, Diff: 19, Sum: 62]
      [GC Worker Other (ms): Min: 0.0, Avg: 0.0, Max: 0.0, Diff: 0.0, Sum: 0.1]
      [GC Worker Total (ms): Min: 73.9, Avg: 73.9, Max: 73.9, Diff: 0.1, Sum: 295.6]
      [GC Worker End (ms): Min: 3920432.1, Avg: 3920432.1, Max: 3920432.1, Diff: 0.0]
   [Code Root Fixup: 0.1 ms]
   [Code Root Purge: 0.0 ms]
   [Clear CT: 0.4 ms]
   [Other: 3.9 ms]
      [Choose CSet: 0.0 ms]
      [Ref Proc: 2.2 ms]
      [Ref Enq: 0.1 ms]
      [Redirty Cards: 0.2 ms]
      [Humongous Register: 0.1 ms]
      [Humongous Reclaim: 0.1 ms]
      [Free CSet: 0.8 ms]
   [Eden: 839.0M(839.0M)->0.0B(797.0M) Survivors: 35840.0K->55296.0K Heap: 1600.7M(1868.0M)->781.2M(1868.0M)]
Heap after GC invocations=541 (full 0):
 garbage-first heap   total 1912832K, used 799949K [0x000000008b400000, 0x000000008b503a60, 0x0000000100000000)
  region size 1024K, 54 young (55296K), 54 survivors (55296K)
 Metaspace       used 148458K, capacity 155731K, committed 155824K, reserved 1183744K
  class space    used 19750K, capacity 21113K, committed 21168K, reserved 1048576K
}
 [Times: user=0.26 sys=0.01, real=0.07 secs] 
2020-07-20T10:14:44.501+0000: 3920.437: Total time for which application threads were stopped: 0.0812331 seconds, Stopping threads took: 0.0012960 seconds
{Heap before GC invocations=541 (full 0):
 garbage-first heap   total 1912832K, used 1618125K [0x000000008b400000, 0x000000008b503a60, 0x0000000100000000)
  region size 1024K, 851 young (871424K), 54 survivors (55296K)
 Metaspace       used 148458K, capacity 155731K, committed 155824K, reserved 1183744K
  class space    used 19750K, capacity 21113K, committed 21168K, reserved 1048576K
2020-07-20T10:14:46.738+0000: 3922.674: [GC pause (G1 Evacuation Pause) (young)
Desired survivor size 56098816 bytes, new threshold 15 (max 15)
- age   1:   27657952 bytes,   27657952 total
- age   2:   17337608 bytes,   44995560 total
- age   3:   10238496 bytes,   55234056 total
- age   4:     328048 bytes,   55562104 total
, 0.0633989 secs]
   [Parallel Time: 59.2 ms, GC Workers: 4]
      [GC Worker Start (ms): Min: 3922674.2, Avg: 3922674.3, Max: 3922674.8, Diff: 0.6]
      [Ext Root Scanning (ms): Min: 5.0, Avg: 7.1, Max: 12.6, Diff: 7.6, Sum: 28.4]
      [Update RS (ms): Min: 22.6, Avg: 25.0, Max: 26.0, Diff: 3.4, Sum: 99.9]
         [Processed Buffers: Min: 13, Avg: 27.0, Max: 44, Diff: 31, Sum: 108]
      [Scan RS (ms): Min: 0.0, Avg: 0.2, Max: 0.3, Diff: 0.3, Sum: 0.8]
      [Code Root Scanning (ms): Min: 0.0, Avg: 0.0, Max: 0.0, Diff: 0.0, Sum: 0.1]
      [Object Copy (ms): Min: 23.7, Avg: 26.5, Max: 27.6, Diff: 3.8, Sum: 106.1]
      [Termination (ms): Min: 0.0, Avg: 0.0, Max: 0.0, Diff: 0.0, Sum: 0.1]
         [Termination Attempts: Min: 1, Avg: 2.0, Max: 3, Diff: 2, Sum: 8]
      [GC Worker Other (ms): Min: 0.0, Avg: 0.0, Max: 0.1, Diff: 0.1, Sum: 0.2]
      [GC Worker Total (ms): Min: 58.5, Avg: 58.9, Max: 59.0, Diff: 0.6, Sum: 235.5]
      [GC Worker End (ms): Min: 3922733.2, Avg: 3922733.2, Max: 3922733.3, Diff: 0.1]
   [Code Root Fixup: 0.0 ms]
   [Code Root Purge: 0.0 ms]
   [Clear CT: 0.4 ms]
   [Other: 3.8 ms]
      [Choose CSet: 0.0 ms]
      [Ref Proc: 2.2 ms]
      [Ref Enq: 0.2 ms]
      [Redirty Cards: 0.2 ms]
      [Humongous Register: 0.1 ms]
      [Humongous Reclaim: 0.1 ms]
      [Free CSet: 0.8 ms]
   [Eden: 797.0M(797.0M)->0.0B(842.0M) Survivors: 55296.0K->30720.0K Heap: 1580.2M(1868.0M)->756.7M(1868.0M)]
Heap after GC invocations=542 (full 0):
 garbage-first heap   total 1912832K, used 774861K [0x000000008b400000, 0x000000008b503a60, 0x0000000100000000)
  region size 1024K, 30 young (30720K), 30 survivors (30720K)
 Metaspace       used 148458K, capacity 155731K, committed 155824K, reserved 1183744K
  class space    used 19750K, capacity 21113K, committed 21168K, reserved 1048576K
}
 [Times: user=0.17 sys=0.01, real=0.07 secs] 
2020-07-20T10:14:46.802+0000: 3922.738: Total time for which application threads were stopped: 0.0646729 seconds, Stopping threads took: 0.0003394 seconds
{Heap before GC invocations=542 (full 0):
 garbage-first heap   total 1912832K, used 1639117K [0x000000008b400000, 0x000000008b503a60, 0x0000000100000000)
  region size 1024K, 872 young (892928K), 30 survivors (30720K)
 Metaspace       used 148458K, capacity 155731K, committed 155824K, reserved 1183744K
  class space    used 19750K, capacity 21113K, committed 21168K, reserved 1048576K
2020-07-20T10:14:49.506+0000: 3925.442: [GC pause (G1 Evacuation Pause) (young)
Desired survivor size 57147392 bytes, new threshold 15 (max 15)
- age   1:   18644272 bytes,   18644272 total
- age   2:    9013832 bytes,   27658104 total
- age   3:     429000 bytes,   28087104 total
- age   4:     428064 bytes,   28515168 total
- age   5:     327616 bytes,   28842784 total
, 0.0747174 secs]
   [Parallel Time: 70.8 ms, GC Workers: 4]
      [GC Worker Start (ms): Min: 3925442.3, Avg: 3925442.4, Max: 3925442.4, Diff: 0.1]
      [Ext Root Scanning (ms): Min: 5.1, Avg: 5.2, Max: 5.4, Diff: 0.2, Sum: 20.9]
      [Update RS (ms): Min: 24.5, Avg: 24.5, Max: 24.6, Diff: 0.1, Sum: 98.2]
         [Processed Buffers: Min: 19, Avg: 30.2, Max: 43, Diff: 24, Sum: 121]
      [Scan RS (ms): Min: 0.2, Avg: 0.3, Max: 0.3, Diff: 0.1, Sum: 1.1]
      [Code Root Scanning (ms): Min: 0.0, Avg: 0.0, Max: 0.0, Diff: 0.0, Sum: 0.1]
      [Object Copy (ms): Min: 40.4, Avg: 40.5, Max: 40.6, Diff: 0.2, Sum: 162.0]
      [Termination (ms): Min: 0.0, Avg: 0.0, Max: 0.1, Diff: 0.0, Sum: 0.1]
         [Termination Attempts: Min: 8, Avg: 11.2, Max: 15, Diff: 7, Sum: 45]
      [GC Worker Other (ms): Min: 0.0, Avg: 0.0, Max: 0.1, Diff: 0.1, Sum: 0.2]
      [GC Worker Total (ms): Min: 70.6, Avg: 70.6, Max: 70.7, Diff: 0.1, Sum: 282.5]
      [GC Worker End (ms): Min: 3925513.0, Avg: 3925513.0, Max: 3925513.0, Diff: 0.0]
   [Code Root Fixup: 0.0 ms]
   [Code Root Purge: 0.0 ms]
   [Clear CT: 0.3 ms]
   [Other: 3.6 ms]
      [Choose CSet: 0.0 ms]
      [Ref Proc: 1.7 ms]
      [Ref Enq: 0.1 ms]
      [Redirty Cards: 0.2 ms]
      [Humongous Register: 0.2 ms]
      [Humongous Reclaim: 0.1 ms]
      [Free CSet: 0.8 ms]
   [Eden: 842.0M(842.0M)->0.0B(811.0M) Survivors: 30720.0K->46080.0K Heap: 1600.7M(1868.0M)->773.7M(1868.0M)]
Heap after GC invocations=543 (full 0):
 garbage-first heap   total 1912832K, used 792269K [0x000000008b400000, 0x000000008b503a60, 0x0000000100000000)
  region size 1024K, 45 young (46080K), 45 survivors (46080K)
 Metaspace       used 148458K, capacity 155731K, committed 155824K, reserved 1183744K
  class space    used 19750K, capacity 21113K, committed 21168K, reserved 1048576K
}
 [Times: user=0.24 sys=0.01, real=0.08 secs] 
2020-07-20T10:14:49.581+0000: 3925.517: Total time for which application threads were stopped: 0.0799708 seconds, Stopping threads took: 0.0038637 seconds
{Heap before GC invocations=543 (full 0):
 garbage-first heap   total 1912832K, used 1622733K [0x000000008b400000, 0x000000008b503a60, 0x0000000100000000)
  region size 1024K, 856 young (876544K), 45 survivors (46080K)
 Metaspace       used 148467K, capacity 155731K, committed 155824K, reserved 1183744K
  class space    used 19750K, capacity 21113K, committed 21168K, reserved 1048576K
2020-07-20T10:14:51.796+0000: 3927.732: [GC pause (G1 Evacuation Pause) (young)
Desired survivor size 56098816 bytes, new threshold 15 (max 15)
- age   1:   22291272 bytes,   22291272 total
- age   2:   12581800 bytes,   34873072 total
- age   3:    8998344 bytes,   43871416 total
- age   4:     415832 bytes,   44287248 total
- age   5:     427864 bytes,   44715112 total
- age   6:     327504 bytes,   45042616 total
, 0.1005636 secs]
   [Parallel Time: 94.9 ms, GC Workers: 4]
      [GC Worker Start (ms): Min: 3927732.3, Avg: 3927732.4, Max: 3927732.4, Diff: 0.1]
      [Ext Root Scanning (ms): Min: 5.2, Avg: 5.3, Max: 5.5, Diff: 0.3, Sum: 21.3]
      [Update RS (ms): Min: 28.3, Avg: 28.6, Max: 29.2, Diff: 0.9, Sum: 114.3]
         [Processed Buffers: Min: 13, Avg: 30.5, Max: 51, Diff: 38, Sum: 122]
      [Scan RS (ms): Min: 0.1, Avg: 0.2, Max: 0.3, Diff: 0.2, Sum: 0.8]
      [Code Root Scanning (ms): Min: 0.0, Avg: 0.0, Max: 0.0, Diff: 0.0, Sum: 0.1]
      [Object Copy (ms): Min: 59.9, Avg: 60.3, Max: 60.6, Diff: 0.6, Sum: 241.4]
      [Termination (ms): Min: 0.0, Avg: 0.1, Max: 0.1, Diff: 0.1, Sum: 0.4]
         [Termination Attempts: Min: 1, Avg: 8.2, Max: 17, Diff: 16, Sum: 33]
      [GC Worker Other (ms): Min: 0.0, Avg: 0.0, Max: 0.1, Diff: 0.1, Sum: 0.2]
      [GC Worker Total (ms): Min: 94.6, Avg: 94.6, Max: 94.6, Diff: 0.1, Sum: 378.4]
      [GC Worker End (ms): Min: 3927827.0, Avg: 3927827.0, Max: 3927827.0, Diff: 0.1]
   [Code Root Fixup: 0.1 ms]
   [Code Root Purge: 0.0 ms]
   [Clear CT: 0.4 ms]
   [Other: 5.2 ms]
      [Choose CSet: 0.0 ms]
      [Ref Proc: 3.2 ms]
      [Ref Enq: 0.1 ms]
      [Redirty Cards: 0.2 ms]
      [Humongous Register: 0.2 ms]
      [Humongous Reclaim: 0.1 ms]
      [Free CSet: 0.8 ms]
   [Eden: 811.0M(811.0M)->0.0B(773.0M) Survivors: 46080.0K->65536.0K Heap: 1584.7M(1868.0M)->792.7M(1868.0M)]
Heap after GC invocations=544 (full 0):
 garbage-first heap   total 1912832K, used 811725K [0x000000008b400000, 0x000000008b503a60, 0x0000000100000000)
  region size 1024K, 64 young (65536K), 64 survivors (65536K)
 Metaspace       used 148467K, capacity 155731K, committed 155824K, reserved 1183744K
  class space    used 19750K, capacity 21113K, committed 21168K, reserved 1048576K
}
 [Times: user=0.30 sys=0.00, real=0.10 secs] 
2020-07-20T10:14:51.897+0000: 3927.833: Total time for which application threads were stopped: 0.1023261 seconds, Stopping threads took: 0.0005305 seconds
{Heap before GC invocations=544 (full 0):
 garbage-first heap   total 1912832K, used 1603277K [0x000000008b400000, 0x000000008b503a60, 0x0000000100000000)
  region size 1024K, 837 young (857088K), 64 survivors (65536K)
 Metaspace       used 148467K, capacity 155731K, committed 155824K, reserved 1183744K
  class space    used 19750K, capacity 21113K, committed 21168K, reserved 1048576K
2020-07-20T10:14:54.193+0000: 3930.129: [GC pause (G1 Evacuation Pause) (young)
Desired survivor size 55050240 bytes, new threshold 4 (max 15)
- age   1:   25911280 bytes,   25911280 total
- age   2:   16482568 bytes,   42393848 total
- age   3:   12066016 bytes,   54459864 total
- age   4:    8998312 bytes,   63458176 total
- age   5:     415704 bytes,   63873880 total
- age   6:     427288 bytes,   64301168 total
- age   7:     326608 bytes,   64627776 total
, 0.0798019 secs]
   [Parallel Time: 75.5 ms, GC Workers: 4]
      [GC Worker Start (ms): Min: 3930129.6, Avg: 3930131.4, Max: 3930136.6, Diff: 7.1]
      [Ext Root Scanning (ms): Min: 0.0, Avg: 4.3, Max: 5.9, Diff: 5.8, Sum: 17.2]
      [Update RS (ms): Min: 36.5, Avg: 36.7, Max: 36.8, Diff: 0.3, Sum: 146.7]
         [Processed Buffers: Min: 11, Avg: 35.5, Max: 51, Diff: 40, Sum: 142]
      [Scan RS (ms): Min: 0.2, Avg: 0.2, Max: 0.3, Diff: 0.1, Sum: 0.9]
      [Code Root Scanning (ms): Min: 0.0, Avg: 0.0, Max: 0.0, Diff: 0.0, Sum: 0.1]
      [Object Copy (ms): Min: 31.5, Avg: 32.3, Max: 32.7, Diff: 1.2, Sum: 129.0]
      [Termination (ms): Min: 0.0, Avg: 0.0, Max: 0.0, Diff: 0.0, Sum: 0.0]
         [Termination Attempts: Min: 1, Avg: 3.0, Max: 5, Diff: 4, Sum: 12]
      [GC Worker Other (ms): Min: 0.0, Avg: 0.1, Max: 0.2, Diff: 0.1, Sum: 0.4]
      [GC Worker Total (ms): Min: 68.3, Avg: 73.6, Max: 75.4, Diff: 7.1, Sum: 294.3]
      [GC Worker End (ms): Min: 3930204.9, Avg: 3930204.9, Max: 3930205.0, Diff: 0.1]
   [Code Root Fixup: 0.0 ms]
   [Code Root Purge: 0.0 ms]
   [Clear CT: 0.3 ms]
   [Other: 4.0 ms]
      [Choose CSet: 0.0 ms]
      [Ref Proc: 2.2 ms]
      [Ref Enq: 0.1 ms]
      [Redirty Cards: 0.3 ms]
      [Humongous Register: 0.2 ms]
      [Humongous Reclaim: 0.1 ms]
      [Free CSet: 0.8 ms]
   [Eden: 773.0M(773.0M)->0.0B(832.0M) Survivors: 65536.0K->36864.0K Heap: 1565.7M(1868.0M)->764.7M(1868.0M)]
Heap after GC invocations=545 (full 0):
 garbage-first heap   total 1912832K, used 783093K [0x000000008b400000, 0x000000008b503a60, 0x0000000100000000)
  region size 1024K, 36 young (36864K), 36 survivors (36864K)
 Metaspace       used 148467K, capacity 155731K, committed 155824K, reserved 1183744K
  class space    used 19750K, capacity 21113K, committed 21168K, reserved 1048576K
}
 [Times: user=0.25 sys=0.01, real=0.08 secs] 
2020-07-20T10:14:54.274+0000: 3930.209: Total time for which application threads were stopped: 0.0824798 seconds, Stopping threads took: 0.0017880 seconds
{Heap before GC invocations=545 (full 0):
 garbage-first heap   total 1912832K, used 1637109K [0x000000008b400000, 0x000000008b503a60, 0x0000000100000000)
  region size 1024K, 868 young (888832K), 36 survivors (36864K)
 Metaspace       used 148467K, capacity 155731K, committed 155824K, reserved 1183744K
  class space    used 19750K, capacity 21113K, committed 21168K, reserved 1048576K
2020-07-20T10:14:56.822+0000: 3932.757: [GC pause (G1 Evacuation Pause) (young)
Desired survivor size 57147392 bytes, new threshold 15 (max 15)
- age   1:   21198128 bytes,   21198128 total
- age   2:   11009376 bytes,   32207504 total
- age   3:    2095816 bytes,   34303320 total
- age   4:    1026080 bytes,   35329400 total
, 0.0881136 secs]
   [Parallel Time: 83.9 ms, GC Workers: 4]
      [GC Worker Start (ms): Min: 3932757.7, Avg: 3932760.4, Max: 3932768.6, Diff: 10.9]
      [Ext Root Scanning (ms): Min: 0.0, Avg: 4.3, Max: 5.9, Diff: 5.9, Sum: 17.4]
      [Update RS (ms): Min: 23.2, Avg: 27.0, Max: 28.6, Diff: 5.4, Sum: 108.1]
         [Processed Buffers: Min: 17, Avg: 33.5, Max: 44, Diff: 27, Sum: 134]
      [Scan RS (ms): Min: 0.1, Avg: 0.2, Max: 0.3, Diff: 0.2, Sum: 0.8]
      [Code Root Scanning (ms): Min: 0.0, Avg: 0.0, Max: 0.0, Diff: 0.0, Sum: 0.1]
      [Object Copy (ms): Min: 49.2, Avg: 49.4, Max: 49.8, Diff: 0.6, Sum: 197.6]
      [Termination (ms): Min: 0.0, Avg: 0.0, Max: 0.0, Diff: 0.0, Sum: 0.1]
         [Termination Attempts: Min: 4, Avg: 12.2, Max: 22, Diff: 18, Sum: 49]
      [GC Worker Other (ms): Min: 0.0, Avg: 0.0, Max: 0.1, Diff: 0.0, Sum: 0.1]
      [GC Worker Total (ms): Min: 72.9, Avg: 81.0, Max: 83.8, Diff: 10.9, Sum: 324.2]
      [GC Worker End (ms): Min: 3932841.5, Avg: 3932841.5, Max: 3932841.5, Diff: 0.0]
   [Code Root Fixup: 0.0 ms]
   [Code Root Purge: 0.0 ms]
   [Clear CT: 0.4 ms]
   [Other: 3.8 ms]
      [Choose CSet: 0.0 ms]
      [Ref Proc: 1.9 ms]
      [Ref Enq: 0.2 ms]
      [Redirty Cards: 0.4 ms]
      [Humongous Register: 0.1 ms]
      [Humongous Reclaim: 0.1 ms]
      [Free CSet: 0.8 ms]
   [Eden: 832.0M(832.0M)->0.0B(792.0M) Survivors: 36864.0K->55296.0K Heap: 1598.7M(1868.0M)->784.7M(1868.0M)]
Heap after GC invocations=546 (full 0):
 garbage-first heap   total 1912832K, used 803573K [0x000000008b400000, 0x000000008b503a60, 0x0000000100000000)
  region size 1024K, 54 young (55296K), 54 survivors (55296K)
 Metaspace       used 148467K, capacity 155731K, committed 155824K, reserved 1183744K
  class space    used 19750K, capacity 21113K, committed 21168K, reserved 1048576K
}
 [Times: user=0.27 sys=0.02, real=0.08 secs] 
2020-07-20T10:14:56.910+0000: 3932.846: Total time for which application threads were stopped: 0.0919016 seconds, Stopping threads took: 0.0027804 seconds
{Heap before GC invocations=546 (full 0):
 garbage-first heap   total 1912832K, used 1614581K [0x000000008b400000, 0x000000008b503a60, 0x0000000100000000)
  region size 1024K, 846 young (866304K), 54 survivors (55296K)
 Metaspace       used 148467K, capacity 155731K, committed 155824K, reserved 1183744K
  class space    used 19750K, capacity 21113K, committed 21168K, reserved 1048576K
2020-07-20T10:14:59.157+0000: 3935.093: [GC pause (G1 Evacuation Pause) (young)
Desired survivor size 55574528 bytes, new threshold 5 (max 15)
- age   1:   26614896 bytes,   26614896 total
- age   2:   15421280 bytes,   42036176 total
- age   3:   10624536 bytes,   52660712 total
- age   4:    2093832 bytes,   54754544 total
- age   5:    1025816 bytes,   55780360 total
, 0.1140308 secs]
   [Parallel Time: 109.4 ms, GC Workers: 4]
      [GC Worker Start (ms): Min: 3935093.5, Avg: 3935093.5, Max: 3935093.6, Diff: 0.1]
      [Ext Root Scanning (ms): Min: 5.5, Avg: 9.7, Max: 11.3, Diff: 5.9, Sum: 38.7]
      [Update RS (ms): Min: 26.9, Avg: 27.0, Max: 27.2, Diff: 0.3, Sum: 108.0]
         [Processed Buffers: Min: 14, Avg: 29.5, Max: 39, Diff: 25, Sum: 118]
      [Scan RS (ms): Min: 0.2, Avg: 0.3, Max: 0.3, Diff: 0.1, Sum: 1.1]
      [Code Root Scanning (ms): Min: 0.0, Avg: 0.0, Max: 0.0, Diff: 0.0, Sum: 0.1]
      [Object Copy (ms): Min: 70.4, Avg: 72.1, Max: 76.4, Diff: 6.0, Sum: 288.4]
      [Termination (ms): Min: 0.0, Avg: 0.0, Max: 0.0, Diff: 0.0, Sum: 0.0]
         [Termination Attempts: Min: 1, Avg: 1.8, Max: 2, Diff: 1, Sum: 7]
      [GC Worker Other (ms): Min: 0.0, Avg: 0.1, Max: 0.1, Diff: 0.1, Sum: 0.2]
      [GC Worker Total (ms): Min: 109.1, Avg: 109.1, Max: 109.2, Diff: 0.1, Sum: 436.6]
      [GC Worker End (ms): Min: 3935202.7, Avg: 3935202.7, Max: 3935202.7, Diff: 0.0]
   [Code Root Fixup: 0.3 ms]
   [Code Root Purge: 0.0 ms]
   [Clear CT: 0.4 ms]
   [Other: 4.0 ms]
      [Choose CSet: 0.0 ms]
      [Ref Proc: 2.1 ms]
      [Ref Enq: 0.2 ms]
      [Redirty Cards: 0.3 ms]
      [Humongous Register: 0.1 ms]
      [Humongous Reclaim: 0.0 ms]
      [Free CSet: 0.7 ms]
   [Eden: 792.0M(792.0M)->0.0B(749.0M) Survivors: 55296.0K->76800.0K Heap: 1576.7M(1868.0M)->806.8M(1868.0M)]
Heap after GC invocations=547 (full 0):
 garbage-first heap   total 1912832K, used 826161K [0x000000008b400000, 0x000000008b503a60, 0x0000000100000000)
  region size 1024K, 75 young (76800K), 75 survivors (76800K)
 Metaspace       used 148467K, capacity 155731K, committed 155824K, reserved 1183744K
  class space    used 19750K, capacity 21113K, committed 21168K, reserved 1048576K
}
 [Times: user=0.36 sys=0.01, real=0.11 secs] 
2020-07-20T10:14:59.272+0000: 3935.208: Total time for which application threads were stopped: 0.1158140 seconds, Stopping threads took: 0.0003647 seconds
{Heap before GC invocations=547 (full 0):
 garbage-first heap   total 1912832K, used 1593137K [0x000000008b400000, 0x000000008b503a60, 0x0000000100000000)
  region size 1024K, 824 young (843776K), 75 survivors (76800K)
 Metaspace       used 148469K, capacity 155731K, committed 155824K, reserved 1183744K
  class space    used 19750K, capacity 21113K, committed 21168K, reserved 1048576K
2020-07-20T10:15:01.640+0000: 3937.576: [GC pause (G1 Evacuation Pause) (young)
Desired survivor size 54001664 bytes, new threshold 3 (max 15)
- age   1:   27866208 bytes,   27866208 total
- age   2:   20488736 bytes,   48354944 total
- age   3:   15416160 bytes,   63771104 total
- age   4:   10624080 bytes,   74395184 total
- age   5:    2093224 bytes,   76488408 total
, 0.0820835 secs]
   [Parallel Time: 77.8 ms, GC Workers: 4]
      [GC Worker Start (ms): Min: 3937576.6, Avg: 3937576.6, Max: 3937576.7, Diff: 0.1]
      [Ext Root Scanning (ms): Min: 5.3, Avg: 5.4, Max: 5.6, Diff: 0.4, Sum: 21.6]
      [Update RS (ms): Min: 27.1, Avg: 27.3, Max: 28.0, Diff: 0.9, Sum: 109.2]
         [Processed Buffers: Min: 18, Avg: 33.0, Max: 50, Diff: 32, Sum: 132]
      [Scan RS (ms): Min: 0.2, Avg: 0.3, Max: 0.3, Diff: 0.1, Sum: 1.0]
      [Code Root Scanning (ms): Min: 0.0, Avg: 0.0, Max: 0.0, Diff: 0.0, Sum: 0.1]
      [Object Copy (ms): Min: 44.0, Avg: 44.5, Max: 44.8, Diff: 0.8, Sum: 178.2]
      [Termination (ms): Min: 0.0, Avg: 0.1, Max: 0.2, Diff: 0.2, Sum: 0.4]
         [Termination Attempts: Min: 1, Avg: 8.0, Max: 14, Diff: 13, Sum: 32]
      [GC Worker Other (ms): Min: 0.0, Avg: 0.0, Max: 0.0, Diff: 0.0, Sum: 0.1]
      [GC Worker Total (ms): Min: 77.5, Avg: 77.6, Max: 77.7, Diff: 0.2, Sum: 310.5]
      [GC Worker End (ms): Min: 3937654.2, Avg: 3937654.2, Max: 3937654.3, Diff: 0.1]
   [Code Root Fixup: 0.0 ms]
   [Code Root Purge: 0.0 ms]
   [Clear CT: 0.4 ms]
   [Other: 3.9 ms]
      [Choose CSet: 0.0 ms]
      [Ref Proc: 1.9 ms]
      [Ref Enq: 0.2 ms]
      [Redirty Cards: 0.4 ms]
      [Humongous Register: 0.1 ms]
      [Humongous Reclaim: 0.1 ms]
      [Free CSet: 0.7 ms]
   [Eden: 749.0M(749.0M)->0.0B(813.0M) Survivors: 76800.0K->44032.0K Heap: 1555.8M(1868.0M)->776.8M(1868.0M)]
Heap after GC invocations=548 (full 0):
 garbage-first heap   total 1912832K, used 795418K [0x000000008b400000, 0x000000008b503a60, 0x0000000100000000)
  region size 1024K, 43 young (44032K), 43 survivors (44032K)
 Metaspace       used 148469K, capacity 155731K, committed 155824K, reserved 1183744K
  class space    used 19750K, capacity 21113K, committed 21168K, reserved 1048576K
}
 [Times: user=0.24 sys=0.02, real=0.09 secs] 
2020-07-20T10:15:01.723+0000: 3937.659: Total time for which application threads were stopped: 0.0901521 seconds, Stopping threads took: 0.0067889 seconds
{Heap before GC invocations=548 (full 0):
 garbage-first heap   total 1912832K, used 1629978K [0x000000008b400000, 0x000000008b503a60, 0x0000000100000000)
  region size 1024K, 856 young (876544K), 43 survivors (44032K)
 Metaspace       used 148474K, capacity 155731K, committed 155824K, reserved 1183744K
  class space    used 19750K, capacity 21113K, committed 21168K, reserved 1048576K
2020-07-20T10:15:04.258+0000: 3940.194: [GC pause (G1 Evacuation Pause) (young)
Desired survivor size 56098816 bytes, new threshold 15 (max 15)
- age   1:   22142616 bytes,   22142616 total
- age   2:   13671096 bytes,   35813712 total
- age   3:    6639856 bytes,   42453568 total
, 0.0983441 secs]
   [Parallel Time: 94.3 ms, GC Workers: 4]
      [GC Worker Start (ms): Min: 3940194.2, Avg: 3940194.2, Max: 3940194.2, Diff: 0.1]
      [Ext Root Scanning (ms): Min: 5.9, Avg: 6.0, Max: 6.2, Diff: 0.3, Sum: 24.0]
      [Update RS (ms): Min: 25.5, Avg: 25.7, Max: 25.9, Diff: 0.4, Sum: 102.7]
         [Processed Buffers: Min: 23, Avg: 32.5, Max: 49, Diff: 26, Sum: 130]
      [Scan RS (ms): Min: 0.1, Avg: 0.2, Max: 0.3, Diff: 0.2, Sum: 0.9]
      [Code Root Scanning (ms): Min: 0.0, Avg: 0.0, Max: 0.0, Diff: 0.0, Sum: 0.1]
      [Object Copy (ms): Min: 61.9, Avg: 62.2, Max: 62.3, Diff: 0.5, Sum: 248.7]
      [Termination (ms): Min: 0.0, Avg: 0.0, Max: 0.0, Diff: 0.0, Sum: 0.1]
         [Termination Attempts: Min: 10, Avg: 13.8, Max: 18, Diff: 8, Sum: 55]
      [GC Worker Other (ms): Min: 0.1, Avg: 0.1, Max: 0.1, Diff: 0.0, Sum: 0.3]
      [GC Worker Total (ms): Min: 94.2, Avg: 94.2, Max: 94.2, Diff: 0.0, Sum: 376.8]
      [GC Worker End (ms): Min: 3940288.4, Avg: 3940288.4, Max: 3940288.4, Diff: 0.1]
   [Code Root Fixup: 0.0 ms]
   [Code Root Purge: 0.0 ms]
   [Clear CT: 0.3 ms]
   [Other: 3.7 ms]
      [Choose CSet: 0.0 ms]
      [Ref Proc: 2.0 ms]
      [Ref Enq: 0.1 ms]
      [Redirty Cards: 0.2 ms]
      [Humongous Register: 0.1 ms]
      [Humongous Reclaim: 0.0 ms]
      [Free CSet: 0.8 ms]
   [Eden: 813.0M(813.0M)->0.0B(761.0M) Survivors: 44032.0K->68608.0K Heap: 1591.8M(1868.0M)->802.8M(1868.0M)]
Heap after GC invocations=549 (full 0):
 garbage-first heap   total 1912832K, used 822042K [0x000000008b400000, 0x000000008b503a60, 0x0000000100000000)
  region size 1024K, 67 young (68608K), 67 survivors (68608K)
 Metaspace       used 148474K, capacity 155731K, committed 155824K, reserved 1183744K
  class space    used 19750K, capacity 21113K, committed 21168K, reserved 1048576K
}
 [Times: user=0.32 sys=0.01, real=0.10 secs] 
2020-07-20T10:15:04.357+0000: 3940.292: Total time for which application threads were stopped: 0.1018323 seconds, Stopping threads took: 0.0021211 seconds
{Heap before GC invocations=549 (full 0):
 garbage-first heap   total 1912832K, used 1601306K [0x000000008b400000, 0x000000008b503a60, 0x0000000100000000)
  region size 1024K, 828 young (847872K), 67 survivors (68608K)
 Metaspace       used 148474K, capacity 155731K, committed 155824K, reserved 1183744K
  class space    used 19750K, capacity 21113K, committed 21168K, reserved 1048576K
2020-07-20T10:15:07.082+0000: 3943.018: [GC pause (G1 Evacuation Pause) (young)
Desired survivor size 54525952 bytes, new threshold 3 (max 15)
- age   1:   30987744 bytes,   30987744 total
- age   2:   16421488 bytes,   47409232 total
- age   3:   13662816 bytes,   61072048 total
- age   4:    6638296 bytes,   67710344 total
, 0.0705509 secs]
   [Parallel Time: 66.5 ms, GC Workers: 4]
      [GC Worker Start (ms): Min: 3943018.1, Avg: 3943018.1, Max: 3943018.1, Diff: 0.0]
      [Ext Root Scanning (ms): Min: 5.1, Avg: 5.2, Max: 5.3, Diff: 0.2, Sum: 20.7]
      [Update RS (ms): Min: 23.5, Avg: 23.6, Max: 23.9, Diff: 0.4, Sum: 94.6]
         [Processed Buffers: Min: 19, Avg: 25.2, Max: 37, Diff: 18, Sum: 101]
      [Scan RS (ms): Min: 0.1, Avg: 0.2, Max: 0.3, Diff: 0.2, Sum: 0.9]
      [Code Root Scanning (ms): Min: 0.0, Avg: 0.0, Max: 0.0, Diff: 0.0, Sum: 0.1]
      [Object Copy (ms): Min: 37.2, Avg: 37.3, Max: 37.4, Diff: 0.2, Sum: 149.2]
      [Termination (ms): Min: 0.0, Avg: 0.0, Max: 0.0, Diff: 0.0, Sum: 0.1]
         [Termination Attempts: Min: 9, Avg: 12.0, Max: 15, Diff: 6, Sum: 48]
      [GC Worker Other (ms): Min: 0.0, Avg: 0.0, Max: 0.0, Diff: 0.0, Sum: 0.1]
      [GC Worker Total (ms): Min: 66.4, Avg: 66.4, Max: 66.4, Diff: 0.0, Sum: 265.5]
      [GC Worker End (ms): Min: 3943084.5, Avg: 3943084.5, Max: 3943084.5, Diff: 0.0]
   [Code Root Fixup: 0.1 ms]
   [Code Root Purge: 0.0 ms]
   [Clear CT: 0.3 ms]
   [Other: 3.7 ms]
      [Choose CSet: 0.0 ms]
      [Ref Proc: 1.8 ms]
      [Ref Enq: 0.1 ms]
      [Redirty Cards: 0.2 ms]
      [Humongous Register: 0.2 ms]
      [Humongous Reclaim: 0.1 ms]
      [Free CSet: 0.7 ms]
   [Eden: 761.0M(761.0M)->0.0B(813.0M) Survivors: 68608.0K->43008.0K Heap: 1563.8M(1868.0M)->776.8M(1868.0M)]
Heap after GC invocations=550 (full 0):
 garbage-first heap   total 1912832K, used 795480K [0x000000008b400000, 0x000000008b503a60, 0x0000000100000000)
  region size 1024K, 42 young (43008K), 42 survivors (43008K)
 Metaspace       used 148474K, capacity 155731K, committed 155824K, reserved 1183744K
  class space    used 19750K, capacity 21113K, committed 21168K, reserved 1048576K
}
 [Times: user=0.22 sys=0.01, real=0.06 secs] 
2020-07-20T10:15:07.152+0000: 3943.088: Total time for which application threads were stopped: 0.0755686 seconds, Stopping threads took: 0.0039696 seconds
{Heap before GC invocations=550 (full 0):
 garbage-first heap   total 1912832K, used 1632088K [0x000000008b400000, 0x000000008b503a60, 0x0000000100000000)
  region size 1024K, 855 young (875520K), 42 survivors (43008K)
 Metaspace       used 148474K, capacity 155731K, committed 155824K, reserved 1183744K
  class space    used 19750K, capacity 21113K, committed 21168K, reserved 1048576K
2020-07-20T10:15:09.813+0000: 3945.749: [GC pause (G1 Evacuation Pause) (young)
Desired survivor size 56098816 bytes, new threshold 15 (max 15)
- age   1:   23737896 bytes,   23737896 total
- age   2:   15215552 bytes,   38953448 total
- age   3:    1535648 bytes,   40489096 total
, 0.0407283 secs]
   [Parallel Time: 36.8 ms, GC Workers: 4]
      [GC Worker Start (ms): Min: 3945749.0, Avg: 3945749.1, Max: 3945749.1, Diff: 0.1]
      [Ext Root Scanning (ms): Min: 4.9, Avg: 5.0, Max: 5.2, Diff: 0.3, Sum: 20.0]
      [Update RS (ms): Min: 20.5, Avg: 20.6, Max: 20.8, Diff: 0.3, Sum: 82.3]
         [Processed Buffers: Min: 23, Avg: 31.5, Max: 41, Diff: 18, Sum: 126]
      [Scan RS (ms): Min: 0.1, Avg: 0.2, Max: 0.3, Diff: 0.2, Sum: 1.0]
      [Code Root Scanning (ms): Min: 0.0, Avg: 0.0, Max: 0.0, Diff: 0.0, Sum: 0.1]
      [Object Copy (ms): Min: 10.6, Avg: 10.7, Max: 10.8, Diff: 0.2, Sum: 42.8]
      [Termination (ms): Min: 0.0, Avg: 0.0, Max: 0.0, Diff: 0.0, Sum: 0.0]
         [Termination Attempts: Min: 1, Avg: 1.0, Max: 1, Diff: 0, Sum: 4]
      [GC Worker Other (ms): Min: 0.0, Avg: 0.1, Max: 0.1, Diff: 0.1, Sum: 0.3]
      [GC Worker Total (ms): Min: 36.6, Avg: 36.6, Max: 36.7, Diff: 0.2, Sum: 146.6]
      [GC Worker End (ms): Min: 3945785.7, Avg: 3945785.7, Max: 3945785.8, Diff: 0.1]
   [Code Root Fixup: 0.0 ms]
   [Code Root Purge: 0.0 ms]
   [Clear CT: 0.3 ms]
   [Other: 3.5 ms]
      [Choose CSet: 0.0 ms]
      [Ref Proc: 1.9 ms]
      [Ref Enq: 0.1 ms]
      [Redirty Cards: 0.2 ms]
      [Humongous Register: 0.2 ms]
      [Humongous Reclaim: 0.1 ms]
      [Free CSet: 0.7 ms]
   [Eden: 813.0M(813.0M)->0.0B(849.0M) Survivors: 43008.0K->14336.0K Heap: 1593.8M(1868.0M)->751.3M(1868.0M)]
Heap after GC invocations=551 (full 0):
 garbage-first heap   total 1912832K, used 769368K [0x000000008b400000, 0x000000008b503a60, 0x0000000100000000)
  region size 1024K, 14 young (14336K), 14 survivors (14336K)
 Metaspace       used 148474K, capacity 155731K, committed 155824K, reserved 1183744K
  class space    used 19750K, capacity 21113K, committed 21168K, reserved 1048576K
}
 [Times: user=0.14 sys=0.00, real=0.04 secs] 
2020-07-20T10:15:09.854+0000: 3945.790: Total time for which application threads were stopped: 0.0477008 seconds, Stopping threads took: 0.0060160 seconds
{Heap before GC invocations=551 (full 0):
 garbage-first heap   total 1912832K, used 1638744K [0x000000008b400000, 0x000000008b503a60, 0x0000000100000000)
  region size 1024K, 863 young (883712K), 14 survivors (14336K)
 Metaspace       used 148474K, capacity 155731K, committed 155824K, reserved 1183744K
  class space    used 19750K, capacity 21113K, committed 21168K, reserved 1048576K
2020-07-20T10:15:14.924+0000: 3950.860: [GC pause (G1 Evacuation Pause) (young)
Desired survivor size 56623104 bytes, new threshold 15 (max 15)
- age   1:   10926960 bytes,   10926960 total
- age   2:     884320 bytes,   11811280 total
- age   3:     574360 bytes,   12385640 total
- age   4:     374808 bytes,   12760448 total
, 0.0488393 secs]
   [Parallel Time: 45.0 ms, GC Workers: 4]
      [GC Worker Start (ms): Min: 3950860.2, Avg: 3950860.2, Max: 3950860.2, Diff: 0.1]
      [Ext Root Scanning (ms): Min: 5.0, Avg: 5.0, Max: 5.2, Diff: 0.2, Sum: 20.2]
      [Update RS (ms): Min: 28.9, Avg: 29.0, Max: 29.0, Diff: 0.1, Sum: 115.9]
         [Processed Buffers: Min: 19, Avg: 35.2, Max: 54, Diff: 35, Sum: 141]
      [Scan RS (ms): Min: 0.2, Avg: 0.2, Max: 0.3, Diff: 0.2, Sum: 1.0]
      [Code Root Scanning (ms): Min: 0.0, Avg: 0.0, Max: 0.1, Diff: 0.1, Sum: 0.1]
      [Object Copy (ms): Min: 10.5, Avg: 10.6, Max: 10.7, Diff: 0.2, Sum: 42.3]
      [Termination (ms): Min: 0.0, Avg: 0.0, Max: 0.0, Diff: 0.0, Sum: 0.1]
         [Termination Attempts: Min: 1, Avg: 1.0, Max: 1, Diff: 0, Sum: 4]
      [GC Worker Other (ms): Min: 0.0, Avg: 0.0, Max: 0.0, Diff: 0.0, Sum: 0.1]
      [GC Worker Total (ms): Min: 44.9, Avg: 44.9, Max: 44.9, Diff: 0.0, Sum: 179.7]
      [GC Worker End (ms): Min: 3950905.1, Avg: 3950905.1, Max: 3950905.1, Diff: 0.0]
   [Code Root Fixup: 0.0 ms]
   [Code Root Purge: 0.0 ms]
   [Clear CT: 0.3 ms]
   [Other: 3.5 ms]
      [Choose CSet: 0.0 ms]
      [Ref Proc: 1.9 ms]
      [Ref Enq: 0.1 ms]
      [Redirty Cards: 0.2 ms]
      [Humongous Register: 0.2 ms]
      [Humongous Reclaim: 0.0 ms]
      [Free CSet: 0.7 ms]
   [Eden: 849.0M(849.0M)->0.0B(851.0M) Survivors: 14336.0K->16384.0K Heap: 1600.3M(1868.0M)->752.8M(1868.0M)]
Heap after GC invocations=552 (full 0):
 garbage-first heap   total 1912832K, used 770904K [0x000000008b400000, 0x000000008b503a60, 0x0000000100000000)
  region size 1024K, 16 young (16384K), 16 survivors (16384K)
 Metaspace       used 148474K, capacity 155731K, committed 155824K, reserved 1183744K
  class space    used 19750K, capacity 21113K, committed 21168K, reserved 1048576K
}
 [Times: user=0.17 sys=0.00, real=0.05 secs] 
2020-07-20T10:15:14.973+0000: 3950.909: Total time for which application threads were stopped: 0.0500320 seconds, Stopping threads took: 0.0002634 seconds
{Heap before GC invocations=552 (full 0):
 garbage-first heap   total 1912832K, used 1642328K [0x000000008b400000, 0x000000008b503a60, 0x0000000100000000)
  region size 1024K, 867 young (887808K), 16 survivors (16384K)
 Metaspace       used 148474K, capacity 155731K, committed 155824K, reserved 1183744K
  class space    used 19750K, capacity 21113K, committed 21168K, reserved 1048576K
2020-07-20T10:15:20.031+0000: 3955.967: [GC pause (G1 Evacuation Pause) (young)
Desired survivor size 57147392 bytes, new threshold 15 (max 15)
- age   1:    7373800 bytes,    7373800 total
- age   2:    6278296 bytes,   13652096 total
- age   3:     404096 bytes,   14056192 total
- age   4:     564584 bytes,   14620776 total
- age   5:     374216 bytes,   14994992 total
, 0.0573434 secs]
   [Parallel Time: 53.6 ms, GC Workers: 4]
      [GC Worker Start (ms): Min: 3955967.5, Avg: 3955967.6, Max: 3955967.6, Diff: 0.1]
      [Ext Root Scanning (ms): Min: 6.4, Avg: 7.4, Max: 10.3, Diff: 3.9, Sum: 29.6]
      [Update RS (ms): Min: 29.9, Avg: 32.6, Max: 33.8, Diff: 3.9, Sum: 130.6]
         [Processed Buffers: Min: 16, Avg: 35.5, Max: 57, Diff: 41, Sum: 142]
      [Scan RS (ms): Min: 0.1, Avg: 0.3, Max: 0.5, Diff: 0.4, Sum: 1.3]
      [Code Root Scanning (ms): Min: 0.0, Avg: 0.0, Max: 0.0, Diff: 0.0, Sum: 0.1]
      [Object Copy (ms): Min: 12.7, Avg: 13.0, Max: 13.2, Diff: 0.4, Sum: 52.1]
      [Termination (ms): Min: 0.0, Avg: 0.0, Max: 0.0, Diff: 0.0, Sum: 0.0]
         [Termination Attempts: Min: 1, Avg: 1.0, Max: 1, Diff: 0, Sum: 4]
      [GC Worker Other (ms): Min: 0.0, Avg: 0.1, Max: 0.1, Diff: 0.0, Sum: 0.3]
      [GC Worker Total (ms): Min: 53.4, Avg: 53.5, Max: 53.5, Diff: 0.1, Sum: 213.8]
      [GC Worker End (ms): Min: 3956021.0, Avg: 3956021.0, Max: 3956021.0, Diff: 0.0]
   [Code Root Fixup: 0.0 ms]
   [Code Root Purge: 0.0 ms]
   [Clear CT: 0.2 ms]
   [Other: 3.5 ms]
      [Choose CSet: 0.0 ms]
      [Ref Proc: 1.8 ms]
      [Ref Enq: 0.1 ms]
      [Redirty Cards: 0.2 ms]
      [Humongous Register: 0.2 ms]
      [Humongous Reclaim: 0.0 ms]
      [Free CSet: 0.8 ms]
   [Eden: 851.0M(851.0M)->0.0B(851.0M) Survivors: 16384.0K->19456.0K Heap: 1603.8M(1868.0M)->755.8M(1868.0M)]
Heap after GC invocations=553 (full 0):
 garbage-first heap   total 1912832K, used 773976K [0x000000008b400000, 0x000000008b503a60, 0x0000000100000000)
  region size 1024K, 19 young (19456K), 19 survivors (19456K)
 Metaspace       used 148474K, capacity 155731K, committed 155824K, reserved 1183744K
  class space    used 19750K, capacity 21113K, committed 21168K, reserved 1048576K
}
 [Times: user=0.18 sys=0.01, real=0.06 secs] 
2020-07-20T10:15:20.089+0000: 3956.025: Total time for which application threads were stopped: 0.0595030 seconds, Stopping threads took: 0.0005717 seconds
{Heap before GC invocations=553 (full 0):
 garbage-first heap   total 1912832K, used 1645400K [0x000000008b400000, 0x000000008b503a60, 0x0000000100000000)
  region size 1024K, 870 young (890880K), 19 survivors (19456K)
 Metaspace       used 148474K, capacity 155731K, committed 155824K, reserved 1183744K
  class space    used 19750K, capacity 21113K, committed 21168K, reserved 1048576K
2020-07-20T10:15:24.666+0000: 3960.602: [GC pause (G1 Evacuation Pause) (young)
Desired survivor size 57147392 bytes, new threshold 15 (max 15)
- age   1:    7422560 bytes,    7422560 total
- age   2:    2303944 bytes,    9726504 total
- age   3:    6265680 bytes,   15992184 total
- age   4:     400064 bytes,   16392248 total
- age   5:     563496 bytes,   16955744 total
- age   6:     373816 bytes,   17329560 total
, 0.0563405 secs]
   [Parallel Time: 52.4 ms, GC Workers: 4]
      [GC Worker Start (ms): Min: 3960602.1, Avg: 3960602.1, Max: 3960602.1, Diff: 0.1]
      [Ext Root Scanning (ms): Min: 5.2, Avg: 5.3, Max: 5.4, Diff: 0.2, Sum: 21.2]
      [Update RS (ms): Min: 22.1, Avg: 22.2, Max: 22.3, Diff: 0.2, Sum: 88.8]
         [Processed Buffers: Min: 17, Avg: 30.2, Max: 46, Diff: 29, Sum: 121]
      [Scan RS (ms): Min: 2.5, Avg: 2.6, Max: 2.6, Diff: 0.1, Sum: 10.3]
      [Code Root Scanning (ms): Min: 0.0, Avg: 0.0, Max: 0.1, Diff: 0.1, Sum: 0.1]
      [Object Copy (ms): Min: 21.9, Avg: 22.1, Max: 22.2, Diff: 0.3, Sum: 88.3]
      [Termination (ms): Min: 0.0, Avg: 0.0, Max: 0.0, Diff: 0.0, Sum: 0.0]
         [Termination Attempts: Min: 1, Avg: 1.8, Max: 3, Diff: 2, Sum: 7]
      [GC Worker Other (ms): Min: 0.0, Avg: 0.0, Max: 0.1, Diff: 0.1, Sum: 0.2]
      [GC Worker Total (ms): Min: 52.2, Avg: 52.2, Max: 52.3, Diff: 0.1, Sum: 208.9]
      [GC Worker End (ms): Min: 3960654.3, Avg: 3960654.3, Max: 3960654.3, Diff: 0.0]
   [Code Root Fixup: 0.1 ms]
   [Code Root Purge: 0.0 ms]
   [Clear CT: 0.4 ms]
   [Other: 3.5 ms]
      [Choose CSet: 0.0 ms]
      [Ref Proc: 1.6 ms]
      [Ref Enq: 0.1 ms]
      [Redirty Cards: 0.1 ms]
      [Humongous Register: 0.2 ms]
      [Humongous Reclaim: 0.0 ms]
      [Free CSet: 0.9 ms]
   [Eden: 851.0M(851.0M)->0.0B(843.0M) Survivors: 19456.0K->25600.0K Heap: 1606.8M(1868.0M)->761.8M(1868.0M)]
Heap after GC invocations=554 (full 0):
 garbage-first heap   total 1912832K, used 780120K [0x000000008b400000, 0x000000008b503a60, 0x0000000100000000)
  region size 1024K, 25 young (25600K), 25 survivors (25600K)
 Metaspace       used 148474K, capacity 155731K, committed 155824K, reserved 1183744K
  class space    used 19750K, capacity 21113K, committed 21168K, reserved 1048576K
}
 [Times: user=0.18 sys=0.02, real=0.06 secs] 
2020-07-20T10:15:24.723+0000: 3960.658: Total time for which application threads were stopped: 0.0620140 seconds, Stopping threads took: 0.0042032 seconds
{Heap before GC invocations=554 (full 0):
 garbage-first heap   total 1912832K, used 1643352K [0x000000008b400000, 0x000000008b503a60, 0x0000000100000000)
  region size 1024K, 868 young (888832K), 25 survivors (25600K)
 Metaspace       used 148475K, capacity 155731K, committed 155824K, reserved 1183744K
  class space    used 19750K, capacity 21113K, committed 21168K, reserved 1048576K
2020-07-20T10:15:28.296+0000: 3964.232: [GC pause (G1 Evacuation Pause) (young)
Desired survivor size 57147392 bytes, new threshold 15 (max 15)
- age   1:   15163344 bytes,   15163344 total
- age   2:     995264 bytes,   16158608 total
- age   3:     965032 bytes,   17123640 total
- age   4:    5623352 bytes,   22746992 total
- age   5:     397848 bytes,   23144840 total
- age   6:     563312 bytes,   23708152 total
- age   7:     354976 bytes,   24063128 total
, 0.0672002 secs]
   [Parallel Time: 62.9 ms, GC Workers: 4]
      [GC Worker Start (ms): Min: 3964232.7, Avg: 3964232.8, Max: 3964232.8, Diff: 0.1]
      [Ext Root Scanning (ms): Min: 5.1, Avg: 5.2, Max: 5.3, Diff: 0.2, Sum: 20.7]
      [Update RS (ms): Min: 19.5, Avg: 19.8, Max: 20.6, Diff: 1.1, Sum: 79.2]
         [Processed Buffers: Min: 20, Avg: 29.8, Max: 44, Diff: 24, Sum: 119]
      [Scan RS (ms): Min: 0.2, Avg: 0.2, Max: 0.3, Diff: 0.1, Sum: 1.0]
      [Code Root Scanning (ms): Min: 0.0, Avg: 0.0, Max: 0.0, Diff: 0.0, Sum: 0.1]
      [Object Copy (ms): Min: 36.8, Avg: 37.4, Max: 37.7, Diff: 0.9, Sum: 149.5]
      [Termination (ms): Min: 0.0, Avg: 0.0, Max: 0.0, Diff: 0.0, Sum: 0.1]
         [Termination Attempts: Min: 1, Avg: 1.0, Max: 1, Diff: 0, Sum: 4]
      [GC Worker Other (ms): Min: 0.0, Avg: 0.0, Max: 0.1, Diff: 0.1, Sum: 0.1]
      [GC Worker Total (ms): Min: 62.7, Avg: 62.7, Max: 62.7, Diff: 0.1, Sum: 250.7]
      [GC Worker End (ms): Min: 3964295.4, Avg: 3964295.5, Max: 3964295.5, Diff: 0.0]
   [Code Root Fixup: 0.0 ms]
   [Code Root Purge: 0.0 ms]
   [Clear CT: 0.3 ms]
   [Other: 4.0 ms]
      [Choose CSet: 0.0 ms]
      [Ref Proc: 2.1 ms]
      [Ref Enq: 0.2 ms]
      [Redirty Cards: 0.3 ms]
      [Humongous Register: 0.2 ms]
      [Humongous Reclaim: 0.1 ms]
      [Free CSet: 0.8 ms]
   [Eden: 843.0M(843.0M)->0.0B(815.0M) Survivors: 25600.0K->41984.0K Heap: 1604.8M(1868.0M)->775.8M(1868.0M)]
Heap after GC invocations=555 (full 0):
 garbage-first heap   total 1912832K, used 794456K [0x000000008b400000, 0x000000008b503a60, 0x0000000100000000)
  region size 1024K, 41 young (41984K), 41 survivors (41984K)
 Metaspace       used 148475K, capacity 155731K, committed 155824K, reserved 1183744K
  class space    used 19750K, capacity 21113K, committed 21168K, reserved 1048576K
}
 [Times: user=0.22 sys=0.00, real=0.07 secs] 
2020-07-20T10:15:28.364+0000: 3964.300: Total time for which application threads were stopped: 0.0684455 seconds, Stopping threads took: 0.0002414 seconds
{Heap before GC invocations=555 (full 0):
 garbage-first heap   total 1912832K, used 1631064K [0x000000008b400000, 0x000000008b503a60, 0x0000000100000000)
  region size 1024K, 856 young (876544K), 41 survivors (41984K)
 Metaspace       used 148475K, capacity 155731K, committed 155824K, reserved 1183744K
  class space    used 19750K, capacity 21113K, committed 21168K, reserved 1048576K
2020-07-20T10:15:31.133+0000: 3967.069: [GC pause (G1 Evacuation Pause) (young)
Desired survivor size 56098816 bytes, new threshold 15 (max 15)
- age   1:   25290448 bytes,   25290448 total
- age   2:    7721256 bytes,   33011704 total
- age   3:     478456 bytes,   33490160 total
- age   4:     508896 bytes,   33999056 total
- age   5:    5361040 bytes,   39360096 total
- age   6:     244584 bytes,   39604680 total
- age   7:     429752 bytes,   40034432 total
- age   8:     172984 bytes,   40207416 total
, 0.0437711 secs]
   [Parallel Time: 39.4 ms, GC Workers: 4]
      [GC Worker Start (ms): Min: 3967069.5, Avg: 3967069.5, Max: 3967069.6, Diff: 0.1]
      [Ext Root Scanning (ms): Min: 5.1, Avg: 5.2, Max: 5.3, Diff: 0.2, Sum: 20.8]
      [Update RS (ms): Min: 11.9, Avg: 11.9, Max: 11.9, Diff: 0.0, Sum: 47.5]
         [Processed Buffers: Min: 18, Avg: 25.5, Max: 33, Diff: 15, Sum: 102]
      [Scan RS (ms): Min: 0.2, Avg: 0.2, Max: 0.2, Diff: 0.0, Sum: 0.8]
      [Code Root Scanning (ms): Min: 0.0, Avg: 0.0, Max: 0.0, Diff: 0.0, Sum: 0.1]
      [Object Copy (ms): Min: 21.7, Avg: 21.9, Max: 22.0, Diff: 0.2, Sum: 87.4]
      [Termination (ms): Min: 0.0, Avg: 0.0, Max: 0.1, Diff: 0.0, Sum: 0.2]
         [Termination Attempts: Min: 2, Avg: 4.5, Max: 10, Diff: 8, Sum: 18]
      [GC Worker Other (ms): Min: 0.0, Avg: 0.0, Max: 0.0, Diff: 0.0, Sum: 0.1]
      [GC Worker Total (ms): Min: 39.2, Avg: 39.2, Max: 39.3, Diff: 0.1, Sum: 156.9]
      [GC Worker End (ms): Min: 3967108.7, Avg: 3967108.8, Max: 3967108.8, Diff: 0.0]
   [Code Root Fixup: 0.0 ms]
   [Code Root Purge: 0.0 ms]
   [Clear CT: 0.4 ms]
   [Other: 3.9 ms]
      [Choose CSet: 0.0 ms]
      [Ref Proc: 2.2 ms]
      [Ref Enq: 0.1 ms]
      [Redirty Cards: 0.3 ms]
      [Humongous Register: 0.1 ms]
      [Humongous Reclaim: 0.1 ms]
      [Free CSet: 0.8 ms]
   [Eden: 815.0M(815.0M)->0.0B(843.0M) Survivors: 41984.0K->27648.0K Heap: 1592.8M(1868.0M)->761.8M(1868.0M)]
Heap after GC invocations=556 (full 0):
 garbage-first heap   total 1912832K, used 780120K [0x000000008b400000, 0x000000008b503a60, 0x0000000100000000)
  region size 1024K, 27 young (27648K), 27 survivors (27648K)
 Metaspace       used 148475K, capacity 155731K, committed 155824K, reserved 1183744K
  class space    used 19750K, capacity 21113K, committed 21168K, reserved 1048576K
}
 [Times: user=0.15 sys=0.00, real=0.04 secs] 
2020-07-20T10:15:31.177+0000: 3967.113: Total time for which application threads were stopped: 0.0483262 seconds, Stopping threads took: 0.0037065 seconds
{Heap before GC invocations=556 (full 0):
 garbage-first heap   total 1912832K, used 1645400K [0x000000008b400000, 0x000000008b503a60, 0x0000000100000000)
  region size 1024K, 870 young (890880K), 27 survivors (27648K)
 Metaspace       used 148475K, capacity 155731K, committed 155824K, reserved 1183744K
  class space    used 19750K, capacity 21113K, committed 21168K, reserved 1048576K
2020-07-20T10:15:34.406+0000: 3970.342: [GC pause (G1 Evacuation Pause) (young)
Desired survivor size 57147392 bytes, new threshold 15 (max 15)
- age   1:   19846520 bytes,   19846520 total
- age   2:    1573928 bytes,   21420448 total
- age   3:    1840088 bytes,   23260536 total
- age   4:     478424 bytes,   23738960 total
- age   5:     508832 bytes,   24247792 total
- age   6:     677944 bytes,   24925736 total
- age   7:     244424 bytes,   25170160 total
- age   8:     429664 bytes,   25599824 total
- age   9:     160376 bytes,   25760200 total
, 0.0774351 secs]
   [Parallel Time: 73.1 ms, GC Workers: 4]
      [GC Worker Start (ms): Min: 3970341.9, Avg: 3970341.9, Max: 3970341.9, Diff: 0.1]
      [Ext Root Scanning (ms): Min: 5.1, Avg: 5.2, Max: 5.3, Diff: 0.2, Sum: 20.8]
      [Update RS (ms): Min: 14.3, Avg: 14.4, Max: 14.5, Diff: 0.2, Sum: 57.4]
         [Processed Buffers: Min: 20, Avg: 25.5, Max: 36, Diff: 16, Sum: 102]
      [Scan RS (ms): Min: 0.2, Avg: 0.3, Max: 0.5, Diff: 0.3, Sum: 1.2]
      [Code Root Scanning (ms): Min: 0.0, Avg: 0.0, Max: 0.0, Diff: 0.0, Sum: 0.1]
      [Object Copy (ms): Min: 52.9, Avg: 53.0, Max: 53.1, Diff: 0.2, Sum: 212.1]
      [Termination (ms): Min: 0.0, Avg: 0.0, Max: 0.1, Diff: 0.1, Sum: 0.2]
         [Termination Attempts: Min: 12, Avg: 16.8, Max: 22, Diff: 10, Sum: 67]
      [GC Worker Other (ms): Min: 0.0, Avg: 0.0, Max: 0.1, Diff: 0.1, Sum: 0.2]
      [GC Worker Total (ms): Min: 73.0, Avg: 73.0, Max: 73.0, Diff: 0.1, Sum: 291.9]
      [GC Worker End (ms): Min: 3970414.9, Avg: 3970414.9, Max: 3970414.9, Diff: 0.0]
   [Code Root Fixup: 0.1 ms]
   [Code Root Purge: 0.0 ms]
   [Clear CT: 0.4 ms]
   [Other: 3.9 ms]
      [Choose CSet: 0.0 ms]
      [Ref Proc: 2.1 ms]
      [Ref Enq: 0.1 ms]
      [Redirty Cards: 0.3 ms]
      [Humongous Register: 0.1 ms]
      [Humongous Reclaim: 0.1 ms]
      [Free CSet: 0.7 ms]
   [Eden: 843.0M(843.0M)->0.0B(785.0M) Survivors: 27648.0K->55296.0K Heap: 1606.8M(1868.0M)->790.8M(1868.0M)]
Heap after GC invocations=557 (full 0):
 garbage-first heap   total 1912832K, used 809816K [0x000000008b400000, 0x000000008b503a60, 0x0000000100000000)
  region size 1024K, 54 young (55296K), 54 survivors (55296K)
 Metaspace       used 148475K, capacity 155731K, committed 155824K, reserved 1183744K
  class space    used 19750K, capacity 21113K, committed 21168K, reserved 1048576K
}
 [Times: user=0.24 sys=0.01, real=0.08 secs] 
2020-07-20T10:15:34.483+0000: 3970.419: Total time for which application threads were stopped: 0.0818742 seconds, Stopping threads took: 0.0033876 seconds
{Heap before GC invocations=557 (full 0):
 garbage-first heap   total 1912832K, used 1613656K [0x000000008b400000, 0x000000008b503a60, 0x0000000100000000)
  region size 1024K, 839 young (859136K), 54 survivors (55296K)
 Metaspace       used 148475K, capacity 155731K, committed 155824K, reserved 1183744K
  class space    used 19750K, capacity 21113K, committed 21168K, reserved 1048576K
2020-07-20T10:15:36.977+0000: 3972.913: [GC pause (G1 Evacuation Pause) (young)
Desired survivor size 55050240 bytes, new threshold 15 (max 15)
- age   1:   34702040 bytes,   34702040 total
- age   2:   14878072 bytes,   49580112 total
- age   3:    1096288 bytes,   50676400 total
- age   4:    1828768 bytes,   52505168 total
- age   5:     466184 bytes,   52971352 total
- age   6:     508800 bytes,   53480152 total
- age   7:     677856 bytes,   54158008 total
- age   8:     244360 bytes,   54402368 total
- age   9:     429144 bytes,   54831512 total
- age  10:     160312 bytes,   54991824 total
, 0.0588616 secs]
   [Parallel Time: 55.0 ms, GC Workers: 4]
      [GC Worker Start (ms): Min: 3972913.7, Avg: 3972913.7, Max: 3972913.7, Diff: 0.1]
      [Ext Root Scanning (ms): Min: 5.2, Avg: 5.3, Max: 5.4, Diff: 0.2, Sum: 21.0]
      [Update RS (ms): Min: 23.4, Avg: 23.7, Max: 24.2, Diff: 0.8, Sum: 94.9]
         [Processed Buffers: Min: 13, Avg: 29.0, Max: 48, Diff: 35, Sum: 116]
      [Scan RS (ms): Min: 0.1, Avg: 0.2, Max: 0.3, Diff: 0.2, Sum: 0.9]
      [Code Root Scanning (ms): Min: 0.0, Avg: 0.0, Max: 0.1, Diff: 0.1, Sum: 0.1]
      [Object Copy (ms): Min: 25.1, Avg: 25.4, Max: 25.6, Diff: 0.5, Sum: 101.5]
      [Termination (ms): Min: 0.0, Avg: 0.2, Max: 0.3, Diff: 0.3, Sum: 0.7]
         [Termination Attempts: Min: 5, Avg: 7.5, Max: 12, Diff: 7, Sum: 30]
      [GC Worker Other (ms): Min: 0.0, Avg: 0.0, Max: 0.0, Diff: 0.0, Sum: 0.1]
      [GC Worker Total (ms): Min: 54.8, Avg: 54.8, Max: 54.9, Diff: 0.1, Sum: 219.3]
      [GC Worker End (ms): Min: 3972968.5, Avg: 3972968.5, Max: 3972968.5, Diff: 0.0]
   [Code Root Fixup: 0.0 ms]
   [Code Root Purge: 0.0 ms]
   [Clear CT: 0.3 ms]
   [Other: 3.5 ms]
      [Choose CSet: 0.0 ms]
      [Ref Proc: 1.8 ms]
      [Ref Enq: 0.1 ms]
      [Redirty Cards: 0.2 ms]
      [Humongous Register: 0.1 ms]
      [Humongous Reclaim: 0.1 ms]
      [Free CSet: 0.8 ms]
   [Eden: 785.0M(785.0M)->0.0B(836.0M) Survivors: 55296.0K->30720.0K Heap: 1575.8M(1868.0M)->765.3M(1868.0M)]
Heap after GC invocations=558 (full 0):
 garbage-first heap   total 1912832K, used 783704K [0x000000008b400000, 0x000000008b503a60, 0x0000000100000000)
  region size 1024K, 30 young (30720K), 30 survivors (30720K)
 Metaspace       used 148475K, capacity 155731K, committed 155824K, reserved 1183744K
  class space    used 19750K, capacity 21113K, committed 21168K, reserved 1048576K
}
 [Times: user=0.18 sys=0.01, real=0.06 secs] 
2020-07-20T10:15:37.037+0000: 3972.972: Total time for which application threads were stopped: 0.0627972 seconds, Stopping threads took: 0.0029788 seconds
{Heap before GC invocations=558 (full 0):
 garbage-first heap   total 1912832K, used 1641816K [0x000000008b400000, 0x000000008b503a60, 0x0000000100000000)
  region size 1024K, 866 young (886784K), 30 survivors (30720K)
 Metaspace       used 148475K, capacity 155731K, committed 155824K, reserved 1183744K
  class space    used 19750K, capacity 21113K, committed 21168K, reserved 1048576K
2020-07-20T10:15:39.959+0000: 3975.895: [GC pause (G1 Evacuation Pause) (young)
Desired survivor size 57147392 bytes, new threshold 15 (max 15)
- age   1:   20028616 bytes,   20028616 total
- age   2:    4323392 bytes,   24352008 total
- age   3:     176208 bytes,   24528216 total
- age   4:     451464 bytes,   24979680 total
- age   5:    1826352 bytes,   26806032 total
- age   6:     466088 bytes,   27272120 total
- age   7:     508800 bytes,   27780920 total
- age   8:     677792 bytes,   28458712 total
- age   9:     244120 bytes,   28702832 total
- age  10:     429048 bytes,   29131880 total
- age  11:     156688 bytes,   29288568 total
, 0.0910254 secs]
   [Parallel Time: 86.5 ms, GC Workers: 4]
      [GC Worker Start (ms): Min: 3975895.6, Avg: 3975895.7, Max: 3975895.8, Diff: 0.2]
      [Ext Root Scanning (ms): Min: 7.0, Avg: 7.6, Max: 8.7, Diff: 1.7, Sum: 30.5]
      [Update RS (ms): Min: 26.2, Avg: 27.2, Max: 29.7, Diff: 3.5, Sum: 108.8]
         [Processed Buffers: Min: 21, Avg: 31.8, Max: 40, Diff: 19, Sum: 127]
      [Scan RS (ms): Min: 0.0, Avg: 0.2, Max: 0.4, Diff: 0.4, Sum: 0.9]
      [Code Root Scanning (ms): Min: 0.0, Avg: 0.0, Max: 0.0, Diff: 0.0, Sum: 0.1]
      [Object Copy (ms): Min: 47.5, Avg: 51.1, Max: 52.5, Diff: 5.0, Sum: 204.4]
      [Termination (ms): Min: 0.0, Avg: 0.0, Max: 0.1, Diff: 0.1, Sum: 0.1]
         [Termination Attempts: Min: 8, Avg: 13.8, Max: 17, Diff: 9, Sum: 55]
      [GC Worker Other (ms): Min: 0.0, Avg: 0.1, Max: 0.1, Diff: 0.1, Sum: 0.3]
      [GC Worker Total (ms): Min: 86.2, Avg: 86.3, Max: 86.4, Diff: 0.2, Sum: 345.1]
      [GC Worker End (ms): Min: 3975981.9, Avg: 3975982.0, Max: 3975982.0, Diff: 0.1]
   [Code Root Fixup: 0.1 ms]
   [Code Root Purge: 0.0 ms]
   [Clear CT: 0.4 ms]
   [Other: 4.1 ms]
      [Choose CSet: 0.0 ms]
      [Ref Proc: 2.2 ms]
      [Ref Enq: 0.2 ms]
      [Redirty Cards: 0.4 ms]
      [Humongous Register: 0.1 ms]
      [Humongous Reclaim: 0.1 ms]
      [Free CSet: 0.8 ms]
   [Eden: 836.0M(836.0M)->0.0B(793.0M) Survivors: 30720.0K->51200.0K Heap: 1603.3M(1868.0M)->786.8M(1868.0M)]
Heap after GC invocations=559 (full 0):
 garbage-first heap   total 1912832K, used 805720K [0x000000008b400000, 0x000000008b503a60, 0x0000000100000000)
  region size 1024K, 50 young (51200K), 50 survivors (51200K)
 Metaspace       used 148475K, capacity 155731K, committed 155824K, reserved 1183744K
  class space    used 19750K, capacity 21113K, committed 21168K, reserved 1048576K
}
 [Times: user=0.25 sys=0.00, real=0.09 secs] 
2020-07-20T10:15:40.051+0000: 3975.987: Total time for which application threads were stopped: 0.0930128 seconds, Stopping threads took: 0.0006103 seconds
{Heap before GC invocations=559 (full 0):
 garbage-first heap   total 1912832K, used 1617752K [0x000000008b400000, 0x000000008b503a60, 0x0000000100000000)
  region size 1024K, 843 young (863232K), 50 survivors (51200K)
 Metaspace       used 148475K, capacity 155731K, committed 155824K, reserved 1183744K
  class space    used 19750K, capacity 21113K, committed 21168K, reserved 1048576K
2020-07-20T10:15:42.514+0000: 3978.450: [GC pause (G1 Evacuation Pause) (young)
Desired survivor size 55574528 bytes, new threshold 15 (max 15)
- age   1:   28798408 bytes,   28798408 total
- age   2:   13517864 bytes,   42316272 total
- age   3:    3844904 bytes,   46161176 total
- age   4:     175992 bytes,   46337168 total
- age   5:     450672 bytes,   46787840 total
- age   6:    1806328 bytes,   48594168 total
- age   7:     465592 bytes,   49059760 total
- age   8:     508800 bytes,   49568560 total
- age   9:     677616 bytes,   50246176 total
- age  10:     242904 bytes,   50489080 total
- age  11:     426440 bytes,   50915520 total
- age  12:     152152 bytes,   51067672 total
, 0.1029553 secs]
   [Parallel Time: 98.8 ms, GC Workers: 4]
      [GC Worker Start (ms): Min: 3978450.4, Avg: 3978450.5, Max: 3978450.5, Diff: 0.1]
      [Ext Root Scanning (ms): Min: 5.8, Avg: 5.9, Max: 6.2, Diff: 0.4, Sum: 23.8]
      [Update RS (ms): Min: 19.5, Avg: 19.5, Max: 19.5, Diff: 0.1, Sum: 78.1]
         [Processed Buffers: Min: 12, Avg: 24.2, Max: 44, Diff: 32, Sum: 97]
      [Scan RS (ms): Min: 0.2, Avg: 0.3, Max: 0.4, Diff: 0.2, Sum: 1.2]
      [Code Root Scanning (ms): Min: 0.0, Avg: 0.0, Max: 0.0, Diff: 0.0, Sum: 0.1]
      [Object Copy (ms): Min: 72.6, Avg: 72.8, Max: 72.9, Diff: 0.3, Sum: 291.2]
      [Termination (ms): Min: 0.0, Avg: 0.0, Max: 0.0, Diff: 0.0, Sum: 0.1]
         [Termination Attempts: Min: 1, Avg: 1.0, Max: 1, Diff: 0, Sum: 4]
      [GC Worker Other (ms): Min: 0.0, Avg: 0.1, Max: 0.1, Diff: 0.0, Sum: 0.2]
      [GC Worker Total (ms): Min: 98.6, Avg: 98.6, Max: 98.6, Diff: 0.0, Sum: 394.5]
      [GC Worker End (ms): Min: 3978549.1, Avg: 3978549.1, Max: 3978549.1, Diff: 0.0]
   [Code Root Fixup: 0.1 ms]
   [Code Root Purge: 0.0 ms]
   [Clear CT: 0.3 ms]
   [Other: 3.8 ms]
      [Choose CSet: 0.0 ms]
      [Ref Proc: 1.8 ms]
      [Ref Enq: 0.2 ms]
      [Redirty Cards: 0.3 ms]
      [Humongous Register: 0.2 ms]
      [Humongous Reclaim: 0.1 ms]
      [Free CSet: 0.8 ms]
   [Eden: 793.0M(793.0M)->0.0B(739.0M) Survivors: 51200.0K->78848.0K Heap: 1579.8M(1868.0M)->813.8M(1868.0M)]
Heap after GC invocations=560 (full 0):
 garbage-first heap   total 1912832K, used 833368K [0x000000008b400000, 0x000000008b503a60, 0x0000000100000000)
  region size 1024K, 77 young (78848K), 77 survivors (78848K)
 Metaspace       used 148475K, capacity 155731K, committed 155824K, reserved 1183744K
  class space    used 19750K, capacity 21113K, committed 21168K, reserved 1048576K
}
 [Times: user=0.33 sys=0.00, real=0.10 secs] 
2020-07-20T10:15:42.617+0000: 3978.553: Total time for which application threads were stopped: 0.1103987 seconds, Stopping threads took: 0.0057488 seconds
{Heap before GC invocations=560 (full 0):
 garbage-first heap   total 1912832K, used 1592152K [0x000000008b400000, 0x000000008b503a60, 0x0000000100000000)
  region size 1024K, 816 young (835584K), 77 survivors (78848K)
 Metaspace       used 148475K, capacity 155731K, committed 155824K, reserved 1183744K
  class space    used 19750K, capacity 21113K, committed 21168K, reserved 1048576K
2020-07-20T10:15:45.205+0000: 3981.141: [GC pause (G1 Evacuation Pause) (young)
Desired survivor size 53477376 bytes, new threshold 2 (max 15)
- age   1:   32503664 bytes,   32503664 total
- age   2:   23351080 bytes,   55854744 total
- age   3:   13512912 bytes,   69367656 total
- age   4:    3844744 bytes,   73212400 total
- age   5:     175832 bytes,   73388232 total
- age   6:     450608 bytes,   73838840 total
- age   7:    1806296 bytes,   75645136 total
- age   8:     465592 bytes,   76110728 total
- age   9:     508800 bytes,   76619528 total
- age  10:     676048 bytes,   77295576 total
- age  11:     240624 bytes,   77536200 total
- age  12:     426312 bytes,   77962512 total
- age  13:     151984 bytes,   78114496 total
, 0.1019281 secs]
   [Parallel Time: 94.8 ms, GC Workers: 4]
      [GC Worker Start (ms): Min: 3981141.6, Avg: 3981141.6, Max: 3981141.6, Diff: 0.0]
      [Ext Root Scanning (ms): Min: 5.1, Avg: 5.2, Max: 5.3, Diff: 0.2, Sum: 20.7]
      [Update RS (ms): Min: 21.7, Avg: 21.7, Max: 21.9, Diff: 0.2, Sum: 87.0]
         [Processed Buffers: Min: 13, Avg: 27.5, Max: 50, Diff: 37, Sum: 110]
      [Scan RS (ms): Min: 0.2, Avg: 0.3, Max: 0.5, Diff: 0.3, Sum: 1.2]
      [Code Root Scanning (ms): Min: 0.0, Avg: 0.0, Max: 0.1, Diff: 0.1, Sum: 0.2]
      [Object Copy (ms): Min: 67.0, Avg: 67.2, Max: 67.4, Diff: 0.4, Sum: 268.8]
      [Termination (ms): Min: 0.0, Avg: 0.1, Max: 0.2, Diff: 0.2, Sum: 0.6]
         [Termination Attempts: Min: 5, Avg: 10.5, Max: 16, Diff: 11, Sum: 42]
      [GC Worker Other (ms): Min: 0.0, Avg: 0.0, Max: 0.1, Diff: 0.1, Sum: 0.1]
      [GC Worker Total (ms): Min: 94.6, Avg: 94.7, Max: 94.7, Diff: 0.1, Sum: 378.6]
      [GC Worker End (ms): Min: 3981236.3, Avg: 3981236.3, Max: 3981236.3, Diff: 0.0]
   [Code Root Fixup: 0.0 ms]
   [Code Root Purge: 0.0 ms]
   [Clear CT: 0.4 ms]
   [Other: 6.6 ms]
      [Choose CSet: 0.0 ms]
      [Ref Proc: 4.6 ms]
      [Ref Enq: 0.1 ms]
      [Redirty Cards: 0.5 ms]
      [Humongous Register: 0.1 ms]
      [Humongous Reclaim: 0.1 ms]
      [Free CSet: 0.8 ms]
   [Eden: 739.0M(739.0M)->0.0B(781.0M) Survivors: 78848.0K->53248.0K Heap: 1554.8M(1868.0M)->797.9M(1868.0M)]
Heap after GC invocations=561 (full 0):
 garbage-first heap   total 1912832K, used 817009K [0x000000008b400000, 0x000000008b503a60, 0x0000000100000000)
  region size 1024K, 52 young (53248K), 52 survivors (53248K)
 Metaspace       used 148475K, capacity 155731K, committed 155824K, reserved 1183744K
  class space    used 19750K, capacity 21113K, committed 21168K, reserved 1048576K
}
 [Times: user=0.27 sys=0.02, real=0.10 secs] 
2020-07-20T10:15:45.308+0000: 3981.243: Total time for which application threads were stopped: 0.1060591 seconds, Stopping threads took: 0.0032799 seconds
{Heap before GC invocations=561 (full 0):
 garbage-first heap   total 1912832K, used 1618801K [0x000000008b400000, 0x000000008b503a60, 0x0000000100000000)
  region size 1024K, 833 young (852992K), 52 survivors (53248K)
 Metaspace       used 148475K, capacity 155731K, committed 155824K, reserved 1183744K
  class space    used 19750K, capacity 21113K, committed 21168K, reserved 1048576K
2020-07-20T10:15:47.948+0000: 3983.884: [GC pause (G1 Evacuation Pause) (young)
Desired survivor size 55050240 bytes, new threshold 15 (max 15)
- age   1:   30450616 bytes,   30450616 total
- age   2:   21731712 bytes,   52182328 total
, 0.1040610 secs]
   [Parallel Time: 100.1 ms, GC Workers: 4]
      [GC Worker Start (ms): Min: 3983884.0, Avg: 3983886.4, Max: 3983888.6, Diff: 4.6]
      [Ext Root Scanning (ms): Min: 3.1, Avg: 5.1, Max: 7.6, Diff: 4.5, Sum: 20.5]
      [Update RS (ms): Min: 30.7, Avg: 30.9, Max: 31.2, Diff: 0.4, Sum: 123.7]
         [Processed Buffers: Min: 11, Avg: 40.2, Max: 56, Diff: 45, Sum: 161]
      [Scan RS (ms): Min: 0.1, Avg: 0.2, Max: 0.3, Diff: 0.2, Sum: 0.9]
      [Code Root Scanning (ms): Min: 0.0, Avg: 0.0, Max: 0.0, Diff: 0.0, Sum: 0.1]
      [Object Copy (ms): Min: 61.0, Avg: 61.1, Max: 61.3, Diff: 0.2, Sum: 244.6]
      [Termination (ms): Min: 0.0, Avg: 0.0, Max: 0.0, Diff: 0.0, Sum: 0.0]
         [Termination Attempts: Min: 1, Avg: 1.0, Max: 1, Diff: 0, Sum: 4]
      [GC Worker Other (ms): Min: 0.0, Avg: 0.1, Max: 0.1, Diff: 0.1, Sum: 0.3]
      [GC Worker Total (ms): Min: 95.3, Avg: 97.5, Max: 99.9, Diff: 4.6, Sum: 390.0]
      [GC Worker End (ms): Min: 3983983.9, Avg: 3983983.9, Max: 3983984.0, Diff: 0.1]
   [Code Root Fixup: 0.0 ms]
   [Code Root Purge: 0.0 ms]
   [Clear CT: 0.3 ms]
   [Other: 3.6 ms]
      [Choose CSet: 0.0 ms]
      [Ref Proc: 2.0 ms]
      [Ref Enq: 0.2 ms]
      [Redirty Cards: 0.2 ms]
      [Humongous Register: 0.2 ms]
      [Humongous Reclaim: 0.1 ms]
      [Free CSet: 0.7 ms]
   [Eden: 781.0M(781.0M)->0.0B(755.0M) Survivors: 53248.0K->66560.0K Heap: 1580.9M(1868.0M)->810.4M(1868.0M)]
Heap after GC invocations=562 (full 0):
 garbage-first heap   total 1912832K, used 829809K [0x000000008b400000, 0x000000008b503a60, 0x0000000100000000)
  region size 1024K, 65 young (66560K), 65 survivors (66560K)
 Metaspace       used 148475K, capacity 155731K, committed 155824K, reserved 1183744K
  class space    used 19750K, capacity 21113K, committed 21168K, reserved 1048576K
}
 [Times: user=0.33 sys=0.00, real=0.10 secs] 
2020-07-20T10:15:48.052+0000: 3983.988: Total time for which application threads were stopped: 0.1053418 seconds, Stopping threads took: 0.0002879 seconds
{Heap before GC invocations=562 (full 0):
 garbage-first heap   total 1912832K, used 1604977K [0x000000008b400000, 0x000000008b503a60, 0x0000000100000000)
  region size 1024K, 820 young (839680K), 65 survivors (66560K)
 Metaspace       used 148475K, capacity 155731K, committed 155824K, reserved 1183744K
  class space    used 19750K, capacity 21113K, committed 21168K, reserved 1048576K
2020-07-20T10:15:50.426+0000: 3986.361: [GC pause (G1 Evacuation Pause) (young)
Desired survivor size 54001664 bytes, new threshold 3 (max 15)
- age   1:   25163264 bytes,   25163264 total
- age   2:   19017040 bytes,   44180304 total
- age   3:   21714408 bytes,   65894712 total
, 0.1067592 secs]
   [Parallel Time: 102.3 ms, GC Workers: 4]
      [GC Worker Start (ms): Min: 3986361.9, Avg: 3986362.0, Max: 3986362.0, Diff: 0.1]
      [Ext Root Scanning (ms): Min: 5.2, Avg: 5.3, Max: 5.4, Diff: 0.2, Sum: 21.2]
      [Update RS (ms): Min: 22.1, Avg: 22.4, Max: 23.1, Diff: 0.9, Sum: 89.6]
         [Processed Buffers: Min: 8, Avg: 28.8, Max: 53, Diff: 45, Sum: 115]
      [Scan RS (ms): Min: 0.2, Avg: 0.2, Max: 0.3, Diff: 0.1, Sum: 1.0]
      [Code Root Scanning (ms): Min: 0.0, Avg: 0.0, Max: 0.0, Diff: 0.0, Sum: 0.1]
      [Object Copy (ms): Min: 73.3, Avg: 74.0, Max: 74.3, Diff: 1.0, Sum: 296.1]
      [Termination (ms): Min: 0.0, Avg: 0.1, Max: 0.1, Diff: 0.0, Sum: 0.2]
         [Termination Attempts: Min: 7, Avg: 10.8, Max: 15, Diff: 8, Sum: 43]
      [GC Worker Other (ms): Min: 0.0, Avg: 0.1, Max: 0.1, Diff: 0.1, Sum: 0.2]
      [GC Worker Total (ms): Min: 102.0, Avg: 102.1, Max: 102.2, Diff: 0.1, Sum: 408.3]
      [GC Worker End (ms): Min: 3986464.0, Avg: 3986464.0, Max: 3986464.1, Diff: 0.1]
   [Code Root Fixup: 0.1 ms]
   [Code Root Purge: 0.0 ms]
   [Clear CT: 0.3 ms]
   [Other: 4.1 ms]
      [Choose CSet: 0.0 ms]
      [Ref Proc: 2.2 ms]
      [Ref Enq: 0.1 ms]
      [Redirty Cards: 0.3 ms]
      [Humongous Register: 0.2 ms]
      [Humongous Reclaim: 0.1 ms]
      [Free CSet: 0.7 ms]
   [Eden: 755.0M(755.0M)->0.0B(735.0M) Survivors: 66560.0K->60416.0K Heap: 1567.4M(1868.0M)->834.5M(1868.0M)]
Heap after GC invocations=563 (full 0):
 garbage-first heap   total 1912832K, used 854547K [0x000000008b400000, 0x000000008b503a60, 0x0000000100000000)
  region size 1024K, 59 young (60416K), 59 survivors (60416K)
 Metaspace       used 148475K, capacity 155731K, committed 155824K, reserved 1183744K
  class space    used 19750K, capacity 21113K, committed 21168K, reserved 1048576K
}
 [Times: user=0.36 sys=0.00, real=0.10 secs] 
2020-07-20T10:15:50.533+0000: 3986.468: Total time for which application threads were stopped: 0.1103835 seconds, Stopping threads took: 0.0025855 seconds
{Heap before GC invocations=563 (full 0):
 garbage-first heap   total 1912832K, used 1607187K [0x000000008b400000, 0x000000008b503a60, 0x0000000100000000)
  region size 1024K, 794 young (813056K), 59 survivors (60416K)
 Metaspace       used 148476K, capacity 155731K, committed 155824K, reserved 1183744K
  class space    used 19750K, capacity 21113K, committed 21168K, reserved 1048576K
2020-07-20T10:15:52.950+0000: 3988.885: [GC pause (G1 Evacuation Pause) (young)
Desired survivor size 52428800 bytes, new threshold 3 (max 15)
- age   1:   22603048 bytes,   22603048 total
- age   2:   18487976 bytes,   41091024 total
- age   3:   18529368 bytes,   59620392 total
, 0.1364058 secs]
   [Parallel Time: 132.4 ms, GC Workers: 4]
      [GC Worker Start (ms): Min: 3988885.8, Avg: 3988885.8, Max: 3988885.9, Diff: 0.1]
      [Ext Root Scanning (ms): Min: 5.1, Avg: 5.2, Max: 5.3, Diff: 0.3, Sum: 20.6]
      [Update RS (ms): Min: 35.8, Avg: 35.9, Max: 36.0, Diff: 0.2, Sum: 143.7]
         [Processed Buffers: Min: 29, Avg: 44.2, Max: 67, Diff: 38, Sum: 177]
      [Scan RS (ms): Min: 2.3, Avg: 2.4, Max: 2.5, Diff: 0.2, Sum: 9.5]
      [Code Root Scanning (ms): Min: 0.0, Avg: 0.0, Max: 0.0, Diff: 0.0, Sum: 0.1]
      [Object Copy (ms): Min: 88.6, Avg: 88.7, Max: 88.8, Diff: 0.2, Sum: 354.9]
      [Termination (ms): Min: 0.0, Avg: 0.0, Max: 0.0, Diff: 0.0, Sum: 0.1]
         [Termination Attempts: Min: 11, Avg: 19.2, Max: 28, Diff: 17, Sum: 77]
      [GC Worker Other (ms): Min: 0.0, Avg: 0.0, Max: 0.1, Diff: 0.1, Sum: 0.2]
      [GC Worker Total (ms): Min: 132.2, Avg: 132.3, Max: 132.3, Diff: 0.1, Sum: 529.0]
      [GC Worker End (ms): Min: 3989018.1, Avg: 3989018.1, Max: 3989018.1, Diff: 0.1]
   [Code Root Fixup: 0.1 ms]
   [Code Root Purge: 0.0 ms]
   [Clear CT: 0.3 ms]
   [Other: 3.6 ms]
      [Choose CSet: 0.0 ms]
      [Ref Proc: 1.8 ms]
      [Ref Enq: 0.1 ms]
      [Redirty Cards: 0.3 ms]
      [Humongous Register: 0.2 ms]
      [Humongous Reclaim: 0.0 ms]
      [Free CSet: 0.7 ms]
   [Eden: 735.0M(735.0M)->0.0B(706.0M) Survivors: 60416.0K->65536.0K Heap: 1569.5M(1868.0M)->858.5M(1868.0M)]
Heap after GC invocations=564 (full 0):
 garbage-first heap   total 1912832K, used 879104K [0x000000008b400000, 0x000000008b503a60, 0x0000000100000000)
  region size 1024K, 64 young (65536K), 64 survivors (65536K)
 Metaspace       used 148476K, capacity 155731K, committed 155824K, reserved 1183744K
  class space    used 19750K, capacity 21113K, committed 21168K, reserved 1048576K
}
 [Times: user=0.40 sys=0.01, real=0.14 secs] 
2020-07-20T10:15:53.086+0000: 3989.022: Total time for which application threads were stopped: 0.1393125 seconds, Stopping threads took: 0.0019907 seconds
{Heap before GC invocations=564 (full 0):
 garbage-first heap   total 1912832K, used 1538560K [0x000000008b400000, 0x000000008b503a60, 0x0000000100000000)
  region size 1024K, 709 young (726016K), 64 survivors (65536K)
 Metaspace       used 148476K, capacity 155731K, committed 155824K, reserved 1183744K
  class space    used 19750K, capacity 21113K, committed 21168K, reserved 1048576K
2020-07-20T10:15:55.051+0000: 3990.987: [GC pause (G1 Humongous Allocation) (young) (initial-mark)
Desired survivor size 50855936 bytes, new threshold 3 (max 15)
- age   1:   29621272 bytes,   29621272 total
- age   2:   16353096 bytes,   45974368 total
- age   3:   18483016 bytes,   64457384 total
, 0.1607524 secs]
   [Parallel Time: 156.3 ms, GC Workers: 4]
      [GC Worker Start (ms): Min: 3990988.2, Avg: 3990988.2, Max: 3990988.3, Diff: 0.1]
      [Ext Root Scanning (ms): Min: 55.2, Avg: 57.4, Max: 63.8, Diff: 8.6, Sum: 229.7]
      [Update RS (ms): Min: 21.1, Avg: 27.9, Max: 30.4, Diff: 9.3, Sum: 111.8]
         [Processed Buffers: Min: 30, Avg: 42.5, Max: 64, Diff: 34, Sum: 170]
      [Scan RS (ms): Min: 2.7, Avg: 2.8, Max: 2.9, Diff: 0.2, Sum: 11.1]
      [Code Root Scanning (ms): Min: 0.0, Avg: 0.0, Max: 0.0, Diff: 0.0, Sum: 0.1]
      [Object Copy (ms): Min: 67.1, Avg: 67.4, Max: 67.7, Diff: 0.6, Sum: 269.7]
      [Termination (ms): Min: 0.0, Avg: 0.1, Max: 0.1, Diff: 0.1, Sum: 0.4]
         [Termination Attempts: Min: 4, Avg: 6.5, Max: 9, Diff: 5, Sum: 26]
      [GC Worker Other (ms): Min: 0.0, Avg: 0.1, Max: 0.1, Diff: 0.1, Sum: 0.2]
      [GC Worker Total (ms): Min: 155.7, Avg: 155.7, Max: 155.8, Diff: 0.1, Sum: 623.0]
      [GC Worker End (ms): Min: 3991143.9, Avg: 3991144.0, Max: 3991144.0, Diff: 0.1]
   [Code Root Fixup: 0.0 ms]
   [Code Root Purge: 0.0 ms]
   [Clear CT: 0.4 ms]
   [Other: 4.0 ms]
      [Choose CSet: 0.0 ms]
      [Ref Proc: 2.0 ms]
      [Ref Enq: 0.2 ms]
      [Redirty Cards: 0.2 ms]
      [Humongous Register: 0.1 ms]
      [Humongous Reclaim: 0.1 ms]
      [Free CSet: 0.7 ms]
   [Eden: 645.0M(706.0M)->0.0B(713.0M) Survivors: 65536.0K->54272.0K Heap: 1503.5M(1868.0M)->864.5M(1868.0M)]
Heap after GC invocations=565 (full 0):
 garbage-first heap   total 1912832K, used 885248K [0x000000008b400000, 0x000000008b503a60, 0x0000000100000000)
  region size 1024K, 53 young (54272K), 53 survivors (54272K)
 Metaspace       used 148476K, capacity 155731K, committed 155824K, reserved 1183744K
  class space    used 19750K, capacity 21113K, committed 21168K, reserved 1048576K
}
 [Times: user=0.34 sys=0.02, real=0.16 secs] 
2020-07-20T10:15:55.212+0000: 3991.148: [GC concurrent-root-region-scan-start]
2020-07-20T10:15:55.212+0000: 3991.148: Total time for which application threads were stopped: 0.1619275 seconds, Stopping threads took: 0.0002431 seconds
2020-07-20T10:15:55.594+0000: 3991.530: [GC concurrent-root-region-scan-end, 0.3813810 secs]
2020-07-20T10:15:55.594+0000: 3991.530: [GC concurrent-mark-start]
{Heap before GC invocations=565 (full 0):
 garbage-first heap   total 1912832K, used 1617408K [0x000000008b400000, 0x000000008b503a60, 0x0000000100000000)
  region size 1024K, 766 young (784384K), 53 survivors (54272K)
 Metaspace       used 148476K, capacity 155731K, committed 155824K, reserved 1183744K
  class space    used 19750K, capacity 21113K, committed 21168K, reserved 1048576K
2020-07-20T10:15:57.833+0000: 3993.769: [GC pause (G1 Evacuation Pause) (young)
Desired survivor size 50331648 bytes, new threshold 3 (max 15)
- age   1:   18548976 bytes,   18548976 total
- age   2:   18772832 bytes,   37321808 total
- age   3:   15591096 bytes,   52912904 total
, 0.1122886 secs]
   [Parallel Time: 100.8 ms, GC Workers: 4]
      [GC Worker Start (ms): Min: 3993769.1, Avg: 3993769.2, Max: 3993769.2, Diff: 0.1]
      [Ext Root Scanning (ms): Min: 5.0, Avg: 5.1, Max: 5.2, Diff: 0.2, Sum: 20.3]
      [Update RS (ms): Min: 23.7, Avg: 23.8, Max: 23.9, Diff: 0.2, Sum: 95.2]
         [Processed Buffers: Min: 17, Avg: 36.5, Max: 59, Diff: 42, Sum: 146]
      [Scan RS (ms): Min: 3.3, Avg: 3.4, Max: 3.5, Diff: 0.2, Sum: 13.6]
      [Code Root Scanning (ms): Min: 0.0, Avg: 0.0, Max: 0.0, Diff: 0.0, Sum: 0.0]
      [Object Copy (ms): Min: 68.0, Avg: 68.2, Max: 68.4, Diff: 0.4, Sum: 272.8]
      [Termination (ms): Min: 0.0, Avg: 0.0, Max: 0.0, Diff: 0.0, Sum: 0.1]
         [Termination Attempts: Min: 12, Avg: 13.2, Max: 15, Diff: 3, Sum: 53]
      [GC Worker Other (ms): Min: 0.0, Avg: 0.1, Max: 0.1, Diff: 0.1, Sum: 0.2]
      [GC Worker Total (ms): Min: 100.5, Avg: 100.6, Max: 100.7, Diff: 0.1, Sum: 402.4]
      [GC Worker End (ms): Min: 3993869.7, Avg: 3993869.8, Max: 3993869.8, Diff: 0.1]
   [Code Root Fixup: 0.0 ms]
   [Code Root Purge: 0.0 ms]
   [Clear CT: 0.7 ms]
   [Other: 10.8 ms]
      [Choose CSet: 0.0 ms]
      [Ref Proc: 8.9 ms]
      [Ref Enq: 0.1 ms]
      [Redirty Cards: 0.4 ms]
      [Humongous Register: 0.1 ms]
      [Humongous Reclaim: 0.0 ms]
      [Free CSet: 0.8 ms]
   [Eden: 713.0M(713.0M)->0.0B(681.0M) Survivors: 54272.0K->60416.0K Heap: 1579.5M(1868.0M)->888.0M(1868.0M)]
Heap after GC invocations=566 (full 0):
 garbage-first heap   total 1912832K, used 909312K [0x000000008b400000, 0x000000008b503a60, 0x0000000100000000)
  region size 1024K, 59 young (60416K), 59 survivors (60416K)
 Metaspace       used 148476K, capacity 155731K, committed 155824K, reserved 1183744K
  class space    used 19750K, capacity 21113K, committed 21168K, reserved 1048576K
}
 [Times: user=0.35 sys=0.00, real=0.11 secs] 
2020-07-20T10:15:57.946+0000: 3993.881: Total time for which application threads were stopped: 0.1134429 seconds, Stopping threads took: 0.0002510 seconds
2020-07-20T10:15:59.398+0000: 3995.334: [GC concurrent-mark-end, 3.8045965 secs]
2020-07-20T10:15:59.400+0000: 3995.335: [GC remark 2020-07-20T10:15:59.400+0000: 3995.335: [Finalize Marking, 0.0012074 secs] 2020-07-20T10:15:59.401+0000: 3995.337: [GC ref-proc, 0.0128843 secs] 2020-07-20T10:15:59.414+0000: 3995.350: [Unloading, 0.0590241 secs], 0.0864391 secs]
 [Times: user=0.18 sys=0.03, real=0.09 secs] 
2020-07-20T10:15:59.486+0000: 3995.422: Total time for which application threads were stopped: 0.0873775 seconds, Stopping threads took: 0.0002741 seconds
2020-07-20T10:15:59.494+0000: 3995.429: [GC cleanup 1231M->1069M(1868M), 0.0093304 secs]
 [Times: user=0.03 sys=0.00, real=0.01 secs] 
2020-07-20T10:15:59.503+0000: 3995.439: Total time for which application threads were stopped: 0.0101072 seconds, Stopping threads took: 0.0001802 seconds
2020-07-20T10:15:59.503+0000: 3995.439: [GC concurrent-cleanup-start]
2020-07-20T10:15:59.503+0000: 3995.439: [GC concurrent-cleanup-end, 0.0003370 secs]
2020-07-20T10:16:00.641+0000: 3996.577: Total time for which application threads were stopped: 0.0033444 seconds, Stopping threads took: 0.0025695 seconds
{Heap before GC invocations=567 (full 0):
 garbage-first heap   total 1912832K, used 1440256K [0x000000008b400000, 0x000000008b503a60, 0x0000000100000000)
  region size 1024K, 740 young (757760K), 59 survivors (60416K)
 Metaspace       used 148143K, capacity 155167K, committed 155824K, reserved 1183744K
  class space    used 19677K, capacity 20984K, committed 21168K, reserved 1048576K
2020-07-20T10:16:00.817+0000: 3996.753: [GC pause (G1 Evacuation Pause) (young)
Desired survivor size 48758784 bytes, new threshold 3 (max 15)
- age   1:   29045296 bytes,   29045296 total
- age   2:   12739376 bytes,   41784672 total
- age   3:   18762768 bytes,   60547440 total
, 0.1119129 secs]
   [Parallel Time: 106.1 ms, GC Workers: 4]
      [GC Worker Start (ms): Min: 3996753.5, Avg: 3996753.6, Max: 3996753.7, Diff: 0.2]
      [Ext Root Scanning (ms): Min: 5.4, Avg: 6.0, Max: 7.0, Diff: 1.7, Sum: 23.9]
      [Update RS (ms): Min: 18.7, Avg: 19.4, Max: 19.7, Diff: 1.0, Sum: 77.8]
         [Processed Buffers: Min: 18, Avg: 36.5, Max: 69, Diff: 51, Sum: 146]
      [Scan RS (ms): Min: 3.5, Avg: 3.6, Max: 3.6, Diff: 0.1, Sum: 14.3]
      [Code Root Scanning (ms): Min: 0.0, Avg: 0.0, Max: 0.0, Diff: 0.0, Sum: 0.0]
      [Object Copy (ms): Min: 76.6, Avg: 76.8, Max: 77.0, Diff: 0.4, Sum: 307.1]
      [Termination (ms): Min: 0.0, Avg: 0.0, Max: 0.0, Diff: 0.0, Sum: 0.0]
         [Termination Attempts: Min: 2, Avg: 5.0, Max: 9, Diff: 7, Sum: 20]
      [GC Worker Other (ms): Min: 0.0, Avg: 0.1, Max: 0.1, Diff: 0.1, Sum: 0.3]
      [GC Worker Total (ms): Min: 105.7, Avg: 105.9, Max: 106.0, Diff: 0.3, Sum: 423.5]
      [GC Worker End (ms): Min: 3996859.4, Avg: 3996859.4, Max: 3996859.5, Diff: 0.1]
   [Code Root Fixup: 0.0 ms]
   [Code Root Purge: 0.0 ms]
   [Clear CT: 0.3 ms]
   [Other: 5.4 ms]
      [Choose CSet: 0.0 ms]
      [Ref Proc: 3.6 ms]
      [Ref Enq: 0.2 ms]
      [Redirty Cards: 0.3 ms]
      [Humongous Register: 0.1 ms]
      [Humongous Reclaim: 0.0 ms]
      [Free CSet: 0.8 ms]
   [Eden: 681.0M(681.0M)->0.0B(44032.0K) Survivors: 60416.0K->51200.0K Heap: 1406.5M(1868.0M)->733.5M(1868.0M)]
Heap after GC invocations=568 (full 0):
 garbage-first heap   total 1912832K, used 751104K [0x000000008b400000, 0x000000008b503a60, 0x0000000100000000)
  region size 1024K, 50 young (51200K), 50 survivors (51200K)
 Metaspace       used 148143K, capacity 155167K, committed 155824K, reserved 1183744K
  class space    used 19677K, capacity 20984K, committed 21168K, reserved 1048576K
}
 [Times: user=0.31 sys=0.03, real=0.11 secs] 
2020-07-20T10:16:00.930+0000: 3996.865: Total time for which application threads were stopped: 0.1150854 seconds, Stopping threads took: 0.0023011 seconds
{Heap before GC invocations=568 (full 0):
 garbage-first heap   total 1912832K, used 795136K [0x000000008b400000, 0x000000008b503a60, 0x0000000100000000)
  region size 1024K, 93 young (95232K), 50 survivors (51200K)
 Metaspace       used 148143K, capacity 155167K, committed 155824K, reserved 1183744K
  class space    used 19677K, capacity 20984K, committed 21168K, reserved 1048576K
2020-07-20T10:16:01.162+0000: 3997.097: [GC pause (G1 Evacuation Pause) (mixed)
Desired survivor size 6291456 bytes, new threshold 1 (max 15)
- age   1:   21865264 bytes,   21865264 total
- age   2:   15136168 bytes,   37001432 total
- age   3:   11594416 bytes,   48595848 total
, 0.1314193 secs]
   [Parallel Time: 124.3 ms, GC Workers: 4]
      [GC Worker Start (ms): Min: 3997098.9, Avg: 3997099.3, Max: 3997100.6, Diff: 1.7]
      [Ext Root Scanning (ms): Min: 3.7, Avg: 4.9, Max: 5.5, Diff: 1.9, Sum: 19.8]
      [Update RS (ms): Min: 16.3, Avg: 16.5, Max: 16.7, Diff: 0.4, Sum: 65.9]
         [Processed Buffers: Min: 22, Avg: 27.2, Max: 33, Diff: 11, Sum: 109]
      [Scan RS (ms): Min: 30.5, Avg: 31.6, Max: 32.5, Diff: 2.1, Sum: 126.3]
      [Code Root Scanning (ms): Min: 0.3, Avg: 1.1, Max: 2.2, Diff: 1.9, Sum: 4.4]
      [Object Copy (ms): Min: 69.4, Avg: 69.5, Max: 69.8, Diff: 0.4, Sum: 278.2]
      [Termination (ms): Min: 0.0, Avg: 0.1, Max: 0.1, Diff: 0.1, Sum: 0.2]
         [Termination Attempts: Min: 5, Avg: 8.2, Max: 12, Diff: 7, Sum: 33]
      [GC Worker Other (ms): Min: 0.0, Avg: 0.0, Max: 0.0, Diff: 0.0, Sum: 0.0]
      [GC Worker Total (ms): Min: 122.4, Avg: 123.7, Max: 124.2, Diff: 1.7, Sum: 494.8]
      [GC Worker End (ms): Min: 3997223.0, Avg: 3997223.0, Max: 3997223.0, Diff: 0.1]
   [Code Root Fixup: 0.1 ms]
   [Code Root Purge: 0.0 ms]
   [Clear CT: 0.2 ms]
   [Other: 6.8 ms]
      [Choose CSet: 1.3 ms]
      [Ref Proc: 2.1 ms]
      [Ref Enq: 0.2 ms]
      [Redirty Cards: 0.6 ms]
      [Humongous Register: 0.1 ms]
      [Humongous Reclaim: 0.0 ms]
      [Free CSet: 2.2 ms]
   [Eden: 44032.0K(44032.0K)->0.0B(89088.0K) Survivors: 51200.0K->6144.0K Heap: 776.5M(1868.0M)->556.5M(1868.0M)]
Heap after GC invocations=569 (full 0):
 garbage-first heap   total 1912832K, used 569856K [0x000000008b400000, 0x000000008b503a60, 0x0000000100000000)
  region size 1024K, 6 young (6144K), 6 survivors (6144K)
 Metaspace       used 148143K, capacity 155167K, committed 155824K, reserved 1183744K
  class space    used 19677K, capacity 20984K, committed 21168K, reserved 1048576K
}
 [Times: user=0.42 sys=0.01, real=0.13 secs] 
2020-07-20T10:16:01.293+0000: 3997.229: Total time for which application threads were stopped: 0.1324952 seconds, Stopping threads took: 0.0002581 seconds
{Heap before GC invocations=569 (full 0):
 garbage-first heap   total 1912832K, used 658944K [0x000000008b400000, 0x000000008b503a60, 0x0000000100000000)
  region size 1024K, 93 young (95232K), 6 survivors (6144K)
 Metaspace       used 148143K, capacity 155167K, committed 155824K, reserved 1183744K
  class space    used 19677K, capacity 20984K, committed 21168K, reserved 1048576K
2020-07-20T10:16:01.665+0000: 3997.601: [GC pause (G1 Evacuation Pause) (mixed)
Desired survivor size 6291456 bytes, new threshold 15 (max 15)
- age   1:    4803744 bytes,    4803744 total
, 0.0760012 secs]
   [Parallel Time: 70.2 ms, GC Workers: 4]
      [GC Worker Start (ms): Min: 3997602.2, Avg: 3997602.3, Max: 3997602.4, Diff: 0.3]
      [Ext Root Scanning (ms): Min: 5.6, Avg: 5.8, Max: 6.1, Diff: 0.6, Sum: 23.2]
      [Update RS (ms): Min: 17.3, Avg: 17.8, Max: 18.2, Diff: 0.9, Sum: 71.1]
         [Processed Buffers: Min: 22, Avg: 33.2, Max: 47, Diff: 25, Sum: 133]
      [Scan RS (ms): Min: 26.5, Avg: 26.9, Max: 27.2, Diff: 0.7, Sum: 107.6]
      [Code Root Scanning (ms): Min: 0.1, Avg: 0.2, Max: 0.3, Diff: 0.2, Sum: 0.8]
      [Object Copy (ms): Min: 19.1, Avg: 19.3, Max: 19.5, Diff: 0.4, Sum: 77.2]
      [Termination (ms): Min: 0.0, Avg: 0.0, Max: 0.0, Diff: 0.0, Sum: 0.0]
         [Termination Attempts: Min: 1, Avg: 1.0, Max: 1, Diff: 0, Sum: 4]
      [GC Worker Other (ms): Min: 0.0, Avg: 0.0, Max: 0.0, Diff: 0.0, Sum: 0.1]
      [GC Worker Total (ms): Min: 69.8, Avg: 70.0, Max: 70.1, Diff: 0.3, Sum: 280.0]
      [GC Worker End (ms): Min: 3997672.2, Avg: 3997672.3, Max: 3997672.3, Diff: 0.0]
   [Code Root Fixup: 0.0 ms]
   [Code Root Purge: 0.0 ms]
   [Clear CT: 0.2 ms]
   [Other: 5.5 ms]
      [Choose CSet: 0.8 ms]
      [Ref Proc: 2.5 ms]
      [Ref Enq: 0.2 ms]
      [Redirty Cards: 0.3 ms]
      [Humongous Register: 0.1 ms]
      [Humongous Reclaim: 0.0 ms]
      [Free CSet: 1.1 ms]
   [Eden: 89088.0K(89088.0K)->0.0B(1102.0M) Survivors: 6144.0K->10240.0K Heap: 643.5M(1868.0M)->517.0M(1868.0M)]
Heap after GC invocations=570 (full 0):
 garbage-first heap   total 1912832K, used 529408K [0x000000008b400000, 0x000000008b503a60, 0x0000000100000000)
  region size 1024K, 10 young (10240K), 10 survivors (10240K)
 Metaspace       used 148143K, capacity 155167K, committed 155824K, reserved 1183744K
  class space    used 19677K, capacity 20984K, committed 21168K, reserved 1048576K
}
 [Times: user=0.23 sys=0.00, real=0.08 secs] 
2020-07-20T10:16:01.742+0000: 3997.677: Total time for which application threads were stopped: 0.0775326 seconds, Stopping threads took: 0.0006997 seconds
{Heap before GC invocations=570 (full 0):
 garbage-first heap   total 1912832K, used 1659904K [0x000000008b400000, 0x000000008b503a60, 0x0000000100000000)
  region size 1024K, 1112 young (1138688K), 10 survivors (10240K)
 Metaspace       used 148144K, capacity 155167K, committed 155824K, reserved 1183744K
  class space    used 19677K, capacity 20984K, committed 21168K, reserved 1048576K
2020-07-20T10:16:05.725+0000: 4001.661: [GC pause (G1 Evacuation Pause) (young)
Desired survivor size 72876032 bytes, new threshold 15 (max 15)
- age   1:    6743640 bytes,    6743640 total
- age   2:    2555416 bytes,    9299056 total
, 0.0775122 secs]
   [Parallel Time: 73.1 ms, GC Workers: 4]
      [GC Worker Start (ms): Min: 4001661.6, Avg: 4001661.6, Max: 4001661.7, Diff: 0.1]
      [Ext Root Scanning (ms): Min: 5.2, Avg: 5.3, Max: 5.4, Diff: 0.3, Sum: 21.1]
      [Update RS (ms): Min: 29.0, Avg: 29.3, Max: 30.2, Diff: 1.1, Sum: 117.3]
         [Processed Buffers: Min: 33, Avg: 45.0, Max: 61, Diff: 28, Sum: 180]
      [Scan RS (ms): Min: 0.1, Avg: 0.3, Max: 0.5, Diff: 0.5, Sum: 1.4]
      [Code Root Scanning (ms): Min: 0.0, Avg: 0.0, Max: 0.1, Diff: 0.1, Sum: 0.1]
      [Object Copy (ms): Min: 37.5, Avg: 38.0, Max: 38.3, Diff: 0.8, Sum: 152.1]
      [Termination (ms): Min: 0.0, Avg: 0.0, Max: 0.0, Diff: 0.0, Sum: 0.0]
         [Termination Attempts: Min: 1, Avg: 1.0, Max: 1, Diff: 0, Sum: 4]
      [GC Worker Other (ms): Min: 0.0, Avg: 0.0, Max: 0.1, Diff: 0.0, Sum: 0.2]
      [GC Worker Total (ms): Min: 73.0, Avg: 73.0, Max: 73.1, Diff: 0.1, Sum: 292.1]
      [GC Worker End (ms): Min: 4001734.6, Avg: 4001734.7, Max: 4001734.7, Diff: 0.0]
   [Code Root Fixup: 0.0 ms]
   [Code Root Purge: 0.0 ms]
   [Clear CT: 0.4 ms]
   [Other: 3.9 ms]
      [Choose CSet: 0.0 ms]
      [Ref Proc: 2.1 ms]
      [Ref Enq: 0.1 ms]
      [Redirty Cards: 0.2 ms]
      [Humongous Register: 0.1 ms]
      [Humongous Reclaim: 0.0 ms]
      [Free CSet: 1.1 ms]
   [Eden: 1102.0M(1102.0M)->0.0B(1076.0M) Survivors: 10240.0K->39936.0K Heap: 1621.0M(1868.0M)->545.5M(1868.0M)]
Heap after GC invocations=571 (full 0):
 garbage-first heap   total 1912832K, used 558592K [0x000000008b400000, 0x000000008b503a60, 0x0000000100000000)
  region size 1024K, 39 young (39936K), 39 survivors (39936K)
 Metaspace       used 148144K, capacity 155167K, committed 155824K, reserved 1183744K
  class space    used 19677K, capacity 20984K, committed 21168K, reserved 1048576K
}
 [Times: user=0.25 sys=0.01, real=0.08 secs] 
2020-07-20T10:16:05.803+0000: 4001.739: Total time for which application threads were stopped: 0.0806158 seconds, Stopping threads took: 0.0021472 seconds
{Heap before GC invocations=571 (full 0):
 garbage-first heap   total 1912832K, used 1664512K [0x000000008b400000, 0x000000008b503a60, 0x0000000100000000)
  region size 1024K, 1115 young (1141760K), 39 survivors (39936K)
 Metaspace       used 148144K, capacity 155167K, committed 155824K, reserved 1183744K
  class space    used 19677K, capacity 20984K, committed 21168K, reserved 1048576K
2020-07-20T10:16:09.438+0000: 4005.374: [GC pause (G1 Evacuation Pause) (young)
Desired survivor size 73400320 bytes, new threshold 15 (max 15)
- age   1:   35000408 bytes,   35000408 total
- age   2:    2411480 bytes,   37411888 total
- age   3:    1318184 bytes,   38730072 total
, 0.0516260 secs]
   [Parallel Time: 47.3 ms, GC Workers: 4]
      [GC Worker Start (ms): Min: 4005374.4, Avg: 4005374.5, Max: 4005374.5, Diff: 0.1]
      [Ext Root Scanning (ms): Min: 6.4, Avg: 7.0, Max: 8.8, Diff: 2.4, Sum: 28.2]
      [Update RS (ms): Min: 6.8, Avg: 8.4, Max: 9.0, Diff: 2.2, Sum: 33.7]
         [Processed Buffers: Min: 11, Avg: 21.5, Max: 30, Diff: 19, Sum: 86]
      [Scan RS (ms): Min: 0.3, Avg: 0.4, Max: 0.4, Diff: 0.1, Sum: 1.4]
      [Code Root Scanning (ms): Min: 0.0, Avg: 0.0, Max: 0.0, Diff: 0.0, Sum: 0.1]
      [Object Copy (ms): Min: 31.0, Avg: 31.2, Max: 31.3, Diff: 0.3, Sum: 124.8]
      [Termination (ms): Min: 0.0, Avg: 0.0, Max: 0.0, Diff: 0.0, Sum: 0.0]
         [Termination Attempts: Min: 1, Avg: 2.0, Max: 5, Diff: 4, Sum: 8]
      [GC Worker Other (ms): Min: 0.0, Avg: 0.1, Max: 0.1, Diff: 0.1, Sum: 0.2]
      [GC Worker Total (ms): Min: 47.1, Avg: 47.1, Max: 47.1, Diff: 0.1, Sum: 188.4]
      [GC Worker End (ms): Min: 4005421.6, Avg: 4005421.6, Max: 4005421.6, Diff: 0.0]
   [Code Root Fixup: 0.0 ms]
   [Code Root Purge: 0.0 ms]
   [Clear CT: 0.4 ms]
   [Other: 4.0 ms]
      [Choose CSet: 0.0 ms]
      [Ref Proc: 1.9 ms]
      [Ref Enq: 0.2 ms]
      [Redirty Cards: 0.2 ms]
      [Humongous Register: 0.1 ms]
      [Humongous Reclaim: 0.1 ms]
      [Free CSet: 1.1 ms]
   [Eden: 1076.0M(1076.0M)->0.0B(1084.0M) Survivors: 39936.0K->31744.0K Heap: 1625.5M(1868.0M)->540.0M(1868.0M)]
Heap after GC invocations=572 (full 0):
 garbage-first heap   total 1912832K, used 552960K [0x000000008b400000, 0x000000008b503a60, 0x0000000100000000)
  region size 1024K, 31 young (31744K), 31 survivors (31744K)
 Metaspace       used 148144K, capacity 155167K, committed 155824K, reserved 1183744K
  class space    used 19677K, capacity 20984K, committed 21168K, reserved 1048576K
}
 [Times: user=0.16 sys=0.00, real=0.05 secs] 
2020-07-20T10:16:09.490+0000: 4005.426: Total time for which application threads were stopped: 0.0541731 seconds, Stopping threads took: 0.0008357 seconds
{Heap before GC invocations=572 (full 0):
 garbage-first heap   total 1912832K, used 1665024K [0x000000008b400000, 0x000000008b503a60, 0x0000000100000000)
  region size 1024K, 1115 young (1141760K), 31 survivors (31744K)
 Metaspace       used 148144K, capacity 155167K, committed 155824K, reserved 1183744K
  class space    used 19677K, capacity 20984K, committed 21168K, reserved 1048576K
2020-07-20T10:16:13.032+0000: 4008.968: [GC pause (G1 Evacuation Pause) (young)
Desired survivor size 73400320 bytes, new threshold 15 (max 15)
- age   1:   26822464 bytes,   26822464 total
- age   2:     272856 bytes,   27095320 total
- age   3:    2108960 bytes,   29204280 total
- age   4:    1315136 bytes,   30519416 total
, 0.0826232 secs]
   [Parallel Time: 78.4 ms, GC Workers: 4]
      [GC Worker Start (ms): Min: 4008967.7, Avg: 4008967.8, Max: 4008967.8, Diff: 0.1]
      [Ext Root Scanning (ms): Min: 5.2, Avg: 5.3, Max: 5.4, Diff: 0.2, Sum: 21.0]
      [Update RS (ms): Min: 10.7, Avg: 11.0, Max: 11.3, Diff: 0.6, Sum: 43.9]
         [Processed Buffers: Min: 12, Avg: 23.8, Max: 36, Diff: 24, Sum: 95]
      [Scan RS (ms): Min: 0.1, Avg: 0.3, Max: 0.5, Diff: 0.4, Sum: 1.2]
      [Code Root Scanning (ms): Min: 0.0, Avg: 0.0, Max: 0.0, Diff: 0.0, Sum: 0.1]
      [Object Copy (ms): Min: 61.4, Avg: 61.6, Max: 61.7, Diff: 0.4, Sum: 246.4]
      [Termination (ms): Min: 0.0, Avg: 0.0, Max: 0.0, Diff: 0.0, Sum: 0.0]
         [Termination Attempts: Min: 1, Avg: 1.2, Max: 2, Diff: 1, Sum: 5]
      [GC Worker Other (ms): Min: 0.0, Avg: 0.1, Max: 0.1, Diff: 0.1, Sum: 0.4]
      [GC Worker Total (ms): Min: 78.2, Avg: 78.2, Max: 78.3, Diff: 0.1, Sum: 312.9]
      [GC Worker End (ms): Min: 4009045.9, Avg: 4009046.0, Max: 4009046.0, Diff: 0.1]
   [Code Root Fixup: 0.0 ms]
   [Code Root Purge: 0.0 ms]
   [Clear CT: 0.4 ms]
   [Other: 3.7 ms]
      [Choose CSet: 0.0 ms]
      [Ref Proc: 1.9 ms]
      [Ref Enq: 0.1 ms]
      [Redirty Cards: 0.2 ms]
      [Humongous Register: 0.1 ms]
      [Humongous Reclaim: 0.0 ms]
      [Free CSet: 1.1 ms]
   [Eden: 1084.0M(1084.0M)->0.0B(1036.0M) Survivors: 31744.0K->62464.0K Heap: 1626.0M(1868.0M)->572.0M(1868.0M)]
Heap after GC invocations=573 (full 0):
 garbage-first heap   total 1912832K, used 585728K [0x000000008b400000, 0x000000008b503a60, 0x0000000100000000)
  region size 1024K, 61 young (62464K), 61 survivors (62464K)
 Metaspace       used 148144K, capacity 155167K, committed 155824K, reserved 1183744K
  class space    used 19677K, capacity 20984K, committed 21168K, reserved 1048576K
}
 [Times: user=0.26 sys=0.01, real=0.09 secs] 
2020-07-20T10:16:13.115+0000: 4009.050: Total time for which application threads were stopped: 0.0838260 seconds, Stopping threads took: 0.0003075 seconds
{Heap before GC invocations=573 (full 0):
 garbage-first heap   total 1912832K, used 1646592K [0x000000008b400000, 0x000000008b503a60, 0x0000000100000000)
  region size 1024K, 1097 young (1123328K), 61 survivors (62464K)
 Metaspace       used 148144K, capacity 155167K, committed 155824K, reserved 1183744K
  class space    used 19677K, capacity 20984K, committed 21168K, reserved 1048576K
2020-07-20T10:16:16.853+0000: 4012.789: [GC pause (G1 Evacuation Pause) (young)
Desired survivor size 72351744 bytes, new threshold 15 (max 15)
- age   1:   38117408 bytes,   38117408 total
- age   2:   20743704 bytes,   58861112 total
- age   3:     271472 bytes,   59132584 total
- age   4:    2108872 bytes,   61241456 total
- age   5:    1315136 bytes,   62556592 total
, 0.0658370 secs]
   [Parallel Time: 61.8 ms, GC Workers: 4]
      [GC Worker Start (ms): Min: 4012789.6, Avg: 4012789.6, Max: 4012789.6, Diff: 0.1]
      [Ext Root Scanning (ms): Min: 5.1, Avg: 5.2, Max: 5.3, Diff: 0.2, Sum: 20.8]
      [Update RS (ms): Min: 13.6, Avg: 13.8, Max: 14.4, Diff: 0.8, Sum: 55.1]
         [Processed Buffers: Min: 11, Avg: 26.5, Max: 39, Diff: 28, Sum: 106]
      [Scan RS (ms): Min: 0.2, Avg: 0.3, Max: 0.4, Diff: 0.2, Sum: 1.3]
      [Code Root Scanning (ms): Min: 0.0, Avg: 0.0, Max: 0.0, Diff: 0.0, Sum: 0.1]
      [Object Copy (ms): Min: 41.9, Avg: 42.2, Max: 42.5, Diff: 0.6, Sum: 169.0]
      [Termination (ms): Min: 0.0, Avg: 0.0, Max: 0.1, Diff: 0.0, Sum: 0.1]
         [Termination Attempts: Min: 7, Avg: 8.8, Max: 11, Diff: 4, Sum: 35]
      [GC Worker Other (ms): Min: 0.0, Avg: 0.0, Max: 0.1, Diff: 0.0, Sum: 0.1]
      [GC Worker Total (ms): Min: 61.6, Avg: 61.7, Max: 61.7, Diff: 0.0, Sum: 246.6]
      [GC Worker End (ms): Min: 4012851.2, Avg: 4012851.2, Max: 4012851.3, Diff: 0.0]
   [Code Root Fixup: 0.0 ms]
   [Code Root Purge: 0.0 ms]
   [Clear CT: 0.4 ms]
   [Other: 3.6 ms]
      [Choose CSet: 0.0 ms]
      [Ref Proc: 1.8 ms]
      [Ref Enq: 0.1 ms]
      [Redirty Cards: 0.2 ms]
      [Humongous Register: 0.1 ms]
      [Humongous Reclaim: 0.0 ms]
      [Free CSet: 1.0 ms]
   [Eden: 1036.0M(1036.0M)->0.0B(1070.0M) Survivors: 62464.0K->47104.0K Heap: 1608.0M(1868.0M)->555.0M(1868.0M)]
Heap after GC invocations=574 (full 0):
 garbage-first heap   total 1912832K, used 568320K [0x000000008b400000, 0x000000008b503a60, 0x0000000100000000)
  region size 1024K, 46 young (47104K), 46 survivors (47104K)
 Metaspace       used 148144K, capacity 155167K, committed 155824K, reserved 1183744K
  class space    used 19677K, capacity 20984K, committed 21168K, reserved 1048576K
}
 [Times: user=0.19 sys=0.03, real=0.06 secs] 
2020-07-20T10:16:16.920+0000: 4012.855: Total time for which application threads were stopped: 0.0669971 seconds, Stopping threads took: 0.0002836 seconds
{Heap before GC invocations=574 (full 0):
 garbage-first heap   total 1912832K, used 1666048K [0x000000008b400000, 0x000000008b503a60, 0x0000000100000000)
  region size 1024K, 1116 young (1142784K), 46 survivors (47104K)
 Metaspace       used 148144K, capacity 155167K, committed 155824K, reserved 1183744K
  class space    used 19677K, capacity 20984K, committed 21168K, reserved 1048576K
2020-07-20T10:16:19.997+0000: 4015.933: [GC pause (G1 Evacuation Pause) (young)
Desired survivor size 73400320 bytes, new threshold 15 (max 15)
- age   1:   31022424 bytes,   31022424 total
- age   2:   10612992 bytes,   41635416 total
- age   3:     694328 bytes,   42329744 total
- age   4:     255896 bytes,   42585640 total
- age   5:    2108840 bytes,   44694480 total
- age   6:    1315136 bytes,   46009616 total
, 0.0981100 secs]
   [Parallel Time: 94.1 ms, GC Workers: 4]
      [GC Worker Start (ms): Min: 4015933.5, Avg: 4015933.5, Max: 4015933.5, Diff: 0.1]
      [Ext Root Scanning (ms): Min: 5.1, Avg: 5.6, Max: 6.9, Diff: 1.8, Sum: 22.4]
      [Update RS (ms): Min: 13.3, Avg: 14.9, Max: 16.4, Diff: 3.1, Sum: 59.6]
         [Processed Buffers: Min: 19, Avg: 26.5, Max: 39, Diff: 20, Sum: 106]
      [Scan RS (ms): Min: 0.2, Avg: 0.3, Max: 0.4, Diff: 0.1, Sum: 1.3]
      [Code Root Scanning (ms): Min: 0.0, Avg: 0.0, Max: 0.0, Diff: 0.0, Sum: 0.1]
      [Object Copy (ms): Min: 72.2, Avg: 73.1, Max: 73.5, Diff: 1.3, Sum: 292.3]
      [Termination (ms): Min: 0.0, Avg: 0.0, Max: 0.0, Diff: 0.0, Sum: 0.1]
         [Termination Attempts: Min: 1, Avg: 1.8, Max: 3, Diff: 2, Sum: 7]
      [GC Worker Other (ms): Min: 0.0, Avg: 0.1, Max: 0.1, Diff: 0.1, Sum: 0.2]
      [GC Worker Total (ms): Min: 93.9, Avg: 94.0, Max: 94.1, Diff: 0.1, Sum: 376.0]
      [GC Worker End (ms): Min: 4016027.5, Avg: 4016027.5, Max: 4016027.5, Diff: 0.1]
   [Code Root Fixup: 0.0 ms]
   [Code Root Purge: 0.0 ms]
   [Clear CT: 0.4 ms]
   [Other: 3.5 ms]
      [Choose CSet: 0.0 ms]
      [Ref Proc: 1.8 ms]
      [Ref Enq: 0.1 ms]
      [Redirty Cards: 0.2 ms]
      [Humongous Register: 0.1 ms]
      [Humongous Reclaim: 0.0 ms]
      [Free CSet: 1.0 ms]
   [Eden: 1070.0M(1070.0M)->0.0B(1012.0M) Survivors: 47104.0K->74752.0K Heap: 1627.0M(1868.0M)->584.0M(1868.0M)]
Heap after GC invocations=575 (full 0):
 garbage-first heap   total 1912832K, used 598016K [0x000000008b400000, 0x000000008b503a60, 0x0000000100000000)
  region size 1024K, 73 young (74752K), 73 survivors (74752K)
 Metaspace       used 148144K, capacity 155167K, committed 155824K, reserved 1183744K
  class space    used 19677K, capacity 20984K, committed 21168K, reserved 1048576K
}
 [Times: user=0.32 sys=0.00, real=0.10 secs] 
2020-07-20T10:16:20.096+0000: 4016.032: Total time for which application threads were stopped: 0.1008520 seconds, Stopping threads took: 0.0018949 seconds
{Heap before GC invocations=575 (full 0):
 garbage-first heap   total 1912832K, used 1638400K [0x000000008b400000, 0x000000008b503a60, 0x0000000100000000)
  region size 1024K, 1085 young (1111040K), 73 survivors (74752K)
 Metaspace       used 148145K, capacity 155167K, committed 155824K, reserved 1183744K
  class space    used 19677K, capacity 20984K, committed 21168K, reserved 1048576K
2020-07-20T10:16:23.847+0000: 4019.782: [GC pause (G1 Evacuation Pause) (young)
Desired survivor size 71303168 bytes, new threshold 4 (max 15)
- age   1:   35968768 bytes,   35968768 total
- age   2:   24492448 bytes,   60461216 total
- age   3:   10611704 bytes,   71072920 total
- age   4:     694152 bytes,   71767072 total
- age   5:     255576 bytes,   72022648 total
- age   6:    2108840 bytes,   74131488 total
- age   7:    1315104 bytes,   75446592 total
, 0.0835763 secs]
   [Parallel Time: 79.2 ms, GC Workers: 4]
      [GC Worker Start (ms): Min: 4019782.8, Avg: 4019782.8, Max: 4019782.9, Diff: 0.1]
      [Ext Root Scanning (ms): Min: 5.1, Avg: 5.2, Max: 5.4, Diff: 0.2, Sum: 20.9]
      [Update RS (ms): Min: 17.3, Avg: 17.6, Max: 18.4, Diff: 1.1, Sum: 70.5]
         [Processed Buffers: Min: 11, Avg: 30.5, Max: 42, Diff: 31, Sum: 122]
      [Scan RS (ms): Min: 0.3, Avg: 0.3, Max: 0.4, Diff: 0.1, Sum: 1.4]
      [Code Root Scanning (ms): Min: 0.0, Avg: 0.0, Max: 0.0, Diff: 0.0, Sum: 0.1]
      [Object Copy (ms): Min: 55.0, Avg: 55.7, Max: 56.1, Diff: 1.1, Sum: 222.9]
      [Termination (ms): Min: 0.0, Avg: 0.1, Max: 0.1, Diff: 0.1, Sum: 0.2]
         [Termination Attempts: Min: 4, Avg: 9.2, Max: 15, Diff: 11, Sum: 37]
      [GC Worker Other (ms): Min: 0.0, Avg: 0.0, Max: 0.1, Diff: 0.0, Sum: 0.1]
      [GC Worker Total (ms): Min: 79.0, Avg: 79.0, Max: 79.1, Diff: 0.1, Sum: 316.2]
      [GC Worker End (ms): Min: 4019861.9, Avg: 4019861.9, Max: 4019861.9, Diff: 0.0]
   [Code Root Fixup: 0.0 ms]
   [Code Root Purge: 0.0 ms]
   [Clear CT: 0.4 ms]
   [Other: 4.0 ms]
      [Choose CSet: 0.0 ms]
      [Ref Proc: 1.9 ms]
      [Ref Enq: 0.1 ms]
      [Redirty Cards: 0.3 ms]
      [Humongous Register: 0.1 ms]
      [Humongous Reclaim: 0.1 ms]
      [Free CSet: 1.0 ms]
   [Eden: 1012.0M(1012.0M)->0.0B(1046.0M) Survivors: 74752.0K->55296.0K Heap: 1600.0M(1868.0M)->568.4M(1868.0M)]
Heap after GC invocations=576 (full 0):
 garbage-first heap   total 1912832K, used 582086K [0x000000008b400000, 0x000000008b503a60, 0x0000000100000000)
  region size 1024K, 54 young (55296K), 54 survivors (55296K)
 Metaspace       used 148145K, capacity 155167K, committed 155824K, reserved 1183744K
  class space    used 19677K, capacity 20984K, committed 21168K, reserved 1048576K
}
 [Times: user=0.27 sys=0.00, real=0.08 secs] 
2020-07-20T10:16:23.930+0000: 4019.866: Total time for which application threads were stopped: 0.0907404 seconds, Stopping threads took: 0.0061722 seconds
{Heap before GC invocations=576 (full 0):
 garbage-first heap   total 1912832K, used 1653190K [0x000000008b400000, 0x000000008b503a60, 0x0000000100000000)
  region size 1024K, 1100 young (1126400K), 54 survivors (55296K)
 Metaspace       used 148155K, capacity 155167K, committed 155824K, reserved 1183744K
  class space    used 19677K, capacity 20984K, committed 21168K, reserved 1048576K
2020-07-20T10:16:27.654+0000: 4023.590: [GC pause (G1 Evacuation Pause) (young)
Desired survivor size 72351744 bytes, new threshold 15 (max 15)
- age   1:   31871896 bytes,   31871896 total
- age   2:   20954112 bytes,   52826008 total
- age   3:     458120 bytes,   53284128 total
- age   4:     307432 bytes,   53591560 total
, 0.0755783 secs]
   [Parallel Time: 71.1 ms, GC Workers: 4]
      [GC Worker Start (ms): Min: 4023589.9, Avg: 4023589.9, Max: 4023589.9, Diff: 0.1]
      [Ext Root Scanning (ms): Min: 5.0, Avg: 5.1, Max: 5.3, Diff: 0.2, Sum: 20.5]
      [Update RS (ms): Min: 23.3, Avg: 23.3, Max: 23.5, Diff: 0.2, Sum: 93.4]
         [Processed Buffers: Min: 29, Avg: 39.2, Max: 47, Diff: 18, Sum: 157]
      [Scan RS (ms): Min: 0.3, Avg: 0.4, Max: 0.4, Diff: 0.2, Sum: 1.5]
      [Code Root Scanning (ms): Min: 0.0, Avg: 0.0, Max: 0.0, Diff: 0.0, Sum: 0.1]
      [Object Copy (ms): Min: 41.9, Avg: 42.0, Max: 42.2, Diff: 0.2, Sum: 168.2]
      [Termination (ms): Min: 0.0, Avg: 0.0, Max: 0.0, Diff: 0.0, Sum: 0.1]
         [Termination Attempts: Min: 1, Avg: 1.0, Max: 1, Diff: 0, Sum: 4]
      [GC Worker Other (ms): Min: 0.0, Avg: 0.0, Max: 0.1, Diff: 0.0, Sum: 0.2]
      [GC Worker Total (ms): Min: 70.9, Avg: 71.0, Max: 71.0, Diff: 0.1, Sum: 283.9]
      [GC Worker End (ms): Min: 4023660.9, Avg: 4023660.9, Max: 4023660.9, Diff: 0.0]
   [Code Root Fixup: 0.1 ms]
   [Code Root Purge: 0.0 ms]
   [Clear CT: 0.4 ms]
   [Other: 4.0 ms]
      [Choose CSet: 0.0 ms]
      [Ref Proc: 1.9 ms]
      [Ref Enq: 0.1 ms]
      [Redirty Cards: 0.3 ms]
      [Humongous Register: 0.1 ms]
      [Humongous Reclaim: 0.0 ms]
      [Free CSet: 1.1 ms]
   [Eden: 1046.0M(1046.0M)->0.0B(1074.0M) Survivors: 55296.0K->40960.0K Heap: 1614.4M(1868.0M)->552.4M(1868.0M)]
Heap after GC invocations=577 (full 0):
 garbage-first heap   total 1912832K, used 565702K [0x000000008b400000, 0x000000008b503a60, 0x0000000100000000)
  region size 1024K, 40 young (40960K), 40 survivors (40960K)
 Metaspace       used 148155K, capacity 155167K, committed 155824K, reserved 1183744K
  class space    used 19677K, capacity 20984K, committed 21168K, reserved 1048576K
}
 [Times: user=0.24 sys=0.00, real=0.07 secs] 
2020-07-20T10:16:27.730+0000: 4023.665: Total time for which application threads were stopped: 0.0806562 seconds, Stopping threads took: 0.0039875 seconds
{Heap before GC invocations=577 (full 0):
 garbage-first heap   total 1912832K, used 1667526K [0x000000008b400000, 0x000000008b503a60, 0x0000000100000000)
  region size 1024K, 1114 young (1140736K), 40 survivors (40960K)
 Metaspace       used 148156K, capacity 155167K, committed 155824K, reserved 1183744K
  class space    used 19677K, capacity 20984K, committed 21168K, reserved 1048576K
2020-07-20T10:16:31.333+0000: 4027.269: [GC pause (G1 Evacuation Pause) (young)
Desired survivor size 73400320 bytes, new threshold 15 (max 15)
- age   1:   29924328 bytes,   29924328 total
- age   2:    8735360 bytes,   38659688 total
- age   3:     390520 bytes,   39050208 total
- age   4:     396744 bytes,   39446952 total
- age   5:     273144 bytes,   39720096 total
, 0.1062453 secs]
   [Parallel Time: 102.2 ms, GC Workers: 4]
      [GC Worker Start (ms): Min: 4027269.6, Avg: 4027269.6, Max: 4027269.6, Diff: 0.0]
      [Ext Root Scanning (ms): Min: 5.1, Avg: 5.2, Max: 5.3, Diff: 0.2, Sum: 20.6]
      [Update RS (ms): Min: 23.2, Avg: 23.5, Max: 23.8, Diff: 0.5, Sum: 93.8]
         [Processed Buffers: Min: 14, Avg: 32.0, Max: 57, Diff: 43, Sum: 128]
      [Scan RS (ms): Min: 0.2, Avg: 0.3, Max: 0.5, Diff: 0.3, Sum: 1.4]
      [Code Root Scanning (ms): Min: 0.0, Avg: 0.0, Max: 0.1, Diff: 0.1, Sum: 0.1]
      [Object Copy (ms): Min: 72.8, Avg: 73.0, Max: 73.2, Diff: 0.3, Sum: 292.2]
      [Termination (ms): Min: 0.0, Avg: 0.0, Max: 0.1, Diff: 0.1, Sum: 0.1]
         [Termination Attempts: Min: 3, Avg: 3.2, Max: 4, Diff: 1, Sum: 13]
      [GC Worker Other (ms): Min: 0.0, Avg: 0.0, Max: 0.0, Diff: 0.0, Sum: 0.1]
      [GC Worker Total (ms): Min: 102.1, Avg: 102.1, Max: 102.1, Diff: 0.0, Sum: 408.4]
      [GC Worker End (ms): Min: 4027371.7, Avg: 4027371.7, Max: 4027371.7, Diff: 0.0]
   [Code Root Fixup: 0.0 ms]
   [Code Root Purge: 0.0 ms]
   [Clear CT: 0.4 ms]
   [Other: 3.6 ms]
      [Choose CSet: 0.0 ms]
      [Ref Proc: 1.7 ms]
      [Ref Enq: 0.2 ms]
      [Redirty Cards: 0.2 ms]
      [Humongous Register: 0.1 ms]
      [Humongous Reclaim: 0.0 ms]
      [Free CSet: 1.0 ms]
   [Eden: 1074.0M(1074.0M)->0.0B(1016.0M) Survivors: 40960.0K->70656.0K Heap: 1628.4M(1868.0M)->583.9M(1868.0M)]
Heap after GC invocations=578 (full 0):
 garbage-first heap   total 1912832K, used 597958K [0x000000008b400000, 0x000000008b503a60, 0x0000000100000000)
  region size 1024K, 69 young (70656K), 69 survivors (70656K)
 Metaspace       used 148156K, capacity 155167K, committed 155824K, reserved 1183744K
  class space    used 19677K, capacity 20984K, committed 21168K, reserved 1048576K
}
 [Times: user=0.31 sys=0.02, real=0.10 secs] 
2020-07-20T10:16:31.440+0000: 4027.376: Total time for which application threads were stopped: 0.1092873 seconds, Stopping threads took: 0.0021977 seconds
{Heap before GC invocations=578 (full 0):
 garbage-first heap   total 1912832K, used 1642438K [0x000000008b400000, 0x000000008b503a60, 0x0000000100000000)
  region size 1024K, 1085 young (1111040K), 69 survivors (70656K)
 Metaspace       used 148158K, capacity 155167K, committed 155824K, reserved 1183744K
  class space    used 19677K, capacity 20984K, committed 21168K, reserved 1048576K
2020-07-20T10:16:34.498+0000: 4030.434: [GC pause (G1 Evacuation Pause) (young)
Desired survivor size 71303168 bytes, new threshold 15 (max 15)
- age   1:   38112408 bytes,   38112408 total
- age   2:   22521280 bytes,   60633688 total
- age   3:    8624872 bytes,   69258560 total
- age   4:     390256 bytes,   69648816 total
- age   5:     396496 bytes,   70045312 total
- age   6:     272824 bytes,   70318136 total
, 0.0809767 secs]
   [Parallel Time: 76.4 ms, GC Workers: 4]
      [GC Worker Start (ms): Min: 4030434.0, Avg: 4030434.0, Max: 4030434.1, Diff: 0.1]
      [Ext Root Scanning (ms): Min: 5.0, Avg: 5.1, Max: 5.2, Diff: 0.2, Sum: 20.4]
      [Update RS (ms): Min: 26.3, Avg: 26.7, Max: 27.6, Diff: 1.3, Sum: 106.9]
         [Processed Buffers: Min: 13, Avg: 36.2, Max: 59, Diff: 46, Sum: 145]
      [Scan RS (ms): Min: 0.3, Avg: 0.3, Max: 0.4, Diff: 0.1, Sum: 1.3]
      [Code Root Scanning (ms): Min: 0.0, Avg: 0.0, Max: 0.0, Diff: 0.0, Sum: 0.1]
      [Object Copy (ms): Min: 43.0, Avg: 43.8, Max: 44.2, Diff: 1.2, Sum: 175.3]
      [Termination (ms): Min: 0.0, Avg: 0.0, Max: 0.0, Diff: 0.0, Sum: 0.1]
         [Termination Attempts: Min: 5, Avg: 11.2, Max: 17, Diff: 12, Sum: 45]
      [GC Worker Other (ms): Min: 0.0, Avg: 0.1, Max: 0.1, Diff: 0.1, Sum: 0.3]
      [GC Worker Total (ms): Min: 76.0, Avg: 76.1, Max: 76.2, Diff: 0.1, Sum: 304.4]
      [GC Worker End (ms): Min: 4030510.1, Avg: 4030510.1, Max: 4030510.2, Diff: 0.1]
   [Code Root Fixup: 0.1 ms]
   [Code Root Purge: 0.0 ms]
   [Clear CT: 0.4 ms]
   [Other: 4.1 ms]
      [Choose CSet: 0.0 ms]
      [Ref Proc: 2.2 ms]
      [Ref Enq: 0.2 ms]
      [Redirty Cards: 0.3 ms]
      [Humongous Register: 0.1 ms]
      [Humongous Reclaim: 0.0 ms]
      [Free CSet: 1.0 ms]
   [Eden: 1016.0M(1016.0M)->0.0B(1054.0M) Survivors: 70656.0K->49152.0K Heap: 1603.9M(1868.0M)->564.9M(1868.0M)]
Heap after GC invocations=579 (full 0):
 garbage-first heap   total 1912832K, used 578502K [0x000000008b400000, 0x000000008b503a60, 0x0000000100000000)
  region size 1024K, 48 young (49152K), 48 survivors (49152K)
 Metaspace       used 148158K, capacity 155167K, committed 155824K, reserved 1183744K
  class space    used 19677K, capacity 20984K, committed 21168K, reserved 1048576K
}
 [Times: user=0.25 sys=0.01, real=0.08 secs] 
2020-07-20T10:16:34.579+0000: 4030.515: Total time for which application threads were stopped: 0.0836884 seconds, Stopping threads took: 0.0017807 seconds
{Heap before GC invocations=579 (full 0):
 garbage-first heap   total 1912832K, used 1657798K [0x000000008b400000, 0x000000008b503a60, 0x0000000100000000)
  region size 1024K, 1102 young (1128448K), 48 survivors (49152K)
 Metaspace       used 148158K, capacity 155167K, committed 155824K, reserved 1183744K
  class space    used 19677K, capacity 20984K, committed 21168K, reserved 1048576K
2020-07-20T10:16:37.551+0000: 4033.487: [GC pause (G1 Evacuation Pause) (young)
Desired survivor size 72351744 bytes, new threshold 15 (max 15)
- age   1:   26082640 bytes,   26082640 total
- age   2:   18302504 bytes,   44385144 total
- age   3:     578992 bytes,   44964136 total
- age   4:    2270856 bytes,   47234992 total
- age   5:     388752 bytes,   47623744 total
- age   6:     393672 bytes,   48017416 total
- age   7:     271592 bytes,   48289008 total
, 0.1080171 secs]
   [Parallel Time: 103.1 ms, GC Workers: 4]
      [GC Worker Start (ms): Min: 4033487.5, Avg: 4033487.5, Max: 4033487.5, Diff: 0.1]
      [Ext Root Scanning (ms): Min: 5.0, Avg: 5.1, Max: 5.2, Diff: 0.2, Sum: 20.3]
      [Update RS (ms): Min: 22.1, Avg: 22.4, Max: 22.9, Diff: 0.8, Sum: 89.7]
         [Processed Buffers: Min: 13, Avg: 34.0, Max: 48, Diff: 35, Sum: 136]
      [Scan RS (ms): Min: 0.2, Avg: 0.4, Max: 0.4, Diff: 0.2, Sum: 1.4]
      [Code Root Scanning (ms): Min: 0.0, Avg: 0.0, Max: 0.0, Diff: 0.0, Sum: 0.1]
      [Object Copy (ms): Min: 74.3, Avg: 74.9, Max: 75.2, Diff: 0.9, Sum: 299.7]
      [Termination (ms): Min: 0.0, Avg: 0.0, Max: 0.0, Diff: 0.0, Sum: 0.0]
         [Termination Attempts: Min: 1, Avg: 2.8, Max: 4, Diff: 3, Sum: 11]
      [GC Worker Other (ms): Min: 0.0, Avg: 0.1, Max: 0.1, Diff: 0.1, Sum: 0.3]
      [GC Worker Total (ms): Min: 102.8, Avg: 102.9, Max: 102.9, Diff: 0.1, Sum: 411.5]
      [GC Worker End (ms): Min: 4033590.4, Avg: 4033590.4, Max: 4033590.4, Diff: 0.1]
   [Code Root Fixup: 0.0 ms]
   [Code Root Purge: 0.0 ms]
   [Clear CT: 0.8 ms]
   [Other: 4.1 ms]
      [Choose CSet: 0.0 ms]
      [Ref Proc: 1.9 ms]
      [Ref Enq: 0.2 ms]
      [Redirty Cards: 0.5 ms]
      [Humongous Register: 0.1 ms]
      [Humongous Reclaim: 0.0 ms]
      [Free CSet: 1.0 ms]
   [Eden: 1054.0M(1054.0M)->0.0B(994.0M) Survivors: 49152.0K->79872.0K Heap: 1618.9M(1868.0M)->594.9M(1868.0M)]
Heap after GC invocations=580 (full 0):
 garbage-first heap   total 1912832K, used 609222K [0x000000008b400000, 0x000000008b503a60, 0x0000000100000000)
  region size 1024K, 78 young (79872K), 78 survivors (79872K)
 Metaspace       used 148158K, capacity 155167K, committed 155824K, reserved 1183744K
  class space    used 19677K, capacity 20984K, committed 21168K, reserved 1048576K
}
 [Times: user=0.36 sys=0.00, real=0.11 secs] 
2020-07-20T10:16:37.660+0000: 4033.596: Total time for which application threads were stopped: 0.1092505 seconds, Stopping threads took: 0.0002907 seconds
{Heap before GC invocations=580 (full 0):
 garbage-first heap   total 1912832K, used 1627078K [0x000000008b400000, 0x000000008b503a60, 0x0000000100000000)
  region size 1024K, 1072 young (1097728K), 78 survivors (79872K)
 Metaspace       used 148158K, capacity 155167K, committed 155824K, reserved 1183744K
  class space    used 19677K, capacity 20984K, committed 21168K, reserved 1048576K
2020-07-20T10:16:42.237+0000: 4038.173: [GC pause (G1 Evacuation Pause) (young)
Desired survivor size 70254592 bytes, new threshold 3 (max 15)
- age   1:   38904144 bytes,   38904144 total
- age   2:   19333544 bytes,   58237688 total
- age   3:   18295504 bytes,   76533192 total
- age   4:     577816 bytes,   77111008 total
- age   5:    2270064 bytes,   79381072 total
- age   6:     388720 bytes,   79769792 total
- age   7:     393544 bytes,   80163336 total
- age   8:     269928 bytes,   80433264 total
, 0.0911698 secs]
   [Parallel Time: 86.7 ms, GC Workers: 4]
      [GC Worker Start (ms): Min: 4038173.2, Avg: 4038176.1, Max: 4038184.6, Diff: 11.4]
      [Ext Root Scanning (ms): Min: 0.0, Avg: 4.3, Max: 5.9, Diff: 5.9, Sum: 17.2]
      [Update RS (ms): Min: 30.7, Avg: 34.8, Max: 36.2, Diff: 5.5, Sum: 139.0]
         [Processed Buffers: Min: 32, Avg: 45.5, Max: 64, Diff: 32, Sum: 182]
      [Scan RS (ms): Min: 0.3, Avg: 0.3, Max: 0.3, Diff: 0.0, Sum: 1.2]
      [Code Root Scanning (ms): Min: 0.0, Avg: 0.0, Max: 0.0, Diff: 0.0, Sum: 0.1]
      [Object Copy (ms): Min: 44.1, Avg: 44.3, Max: 44.4, Diff: 0.3, Sum: 177.2]
      [Termination (ms): Min: 0.0, Avg: 0.0, Max: 0.0, Diff: 0.0, Sum: 0.0]
         [Termination Attempts: Min: 1, Avg: 2.0, Max: 5, Diff: 4, Sum: 8]
      [GC Worker Other (ms): Min: 0.0, Avg: 0.1, Max: 0.1, Diff: 0.1, Sum: 0.3]
      [GC Worker Total (ms): Min: 75.2, Avg: 83.7, Max: 86.6, Diff: 11.4, Sum: 335.0]
      [GC Worker End (ms): Min: 4038259.8, Avg: 4038259.8, Max: 4038259.8, Diff: 0.1]
   [Code Root Fixup: 0.0 ms]
   [Code Root Purge: 0.0 ms]
   [Clear CT: 0.4 ms]
   [Other: 4.0 ms]
      [Choose CSet: 0.0 ms]
      [Ref Proc: 2.0 ms]
      [Ref Enq: 0.1 ms]
      [Redirty Cards: 0.4 ms]
      [Humongous Register: 0.1 ms]
      [Humongous Reclaim: 0.0 ms]
      [Free CSet: 1.0 ms]
   [Eden: 994.0M(994.0M)->0.0B(1074.0M) Survivors: 79872.0K->37888.0K Heap: 1588.9M(1868.0M)->555.8M(1868.0M)]
Heap after GC invocations=581 (full 0):
 garbage-first heap   total 1912832K, used 569161K [0x000000008b400000, 0x000000008b503a60, 0x0000000100000000)
  region size 1024K, 37 young (37888K), 37 survivors (37888K)
 Metaspace       used 148158K, capacity 155167K, committed 155824K, reserved 1183744K
  class space    used 19677K, capacity 20984K, committed 21168K, reserved 1048576K
}
 [Times: user=0.27 sys=0.01, real=0.09 secs] 
2020-07-20T10:16:42.329+0000: 4038.264: Total time for which application threads were stopped: 0.0921977 seconds, Stopping threads took: 0.0001616 seconds
{Heap before GC invocations=581 (full 0):
 garbage-first heap   total 1912832K, used 1668937K [0x000000008b400000, 0x000000008b503a60, 0x0000000100000000)
  region size 1024K, 1111 young (1137664K), 37 survivors (37888K)
 Metaspace       used 148158K, capacity 155167K, committed 155824K, reserved 1183744K
  class space    used 19677K, capacity 20984K, committed 21168K, reserved 1048576K
2020-07-20T10:16:48.672+0000: 4044.608: [GC pause (G1 Evacuation Pause) (young)
Desired survivor size 72876032 bytes, new threshold 15 (max 15)
- age   1:   11071672 bytes,   11071672 total
- age   2:   22514344 bytes,   33586016 total
- age   3:    2710992 bytes,   36297008 total
, 0.0814351 secs]
   [Parallel Time: 76.7 ms, GC Workers: 4]
      [GC Worker Start (ms): Min: 4044608.1, Avg: 4044608.1, Max: 4044608.2, Diff: 0.1]
      [Ext Root Scanning (ms): Min: 6.1, Avg: 6.8, Max: 8.7, Diff: 2.6, Sum: 27.3]
      [Update RS (ms): Min: 35.2, Avg: 37.1, Max: 38.2, Diff: 3.0, Sum: 148.4]
         [Processed Buffers: Min: 28, Avg: 47.0, Max: 72, Diff: 44, Sum: 188]
      [Scan RS (ms): Min: 0.2, Avg: 0.3, Max: 0.4, Diff: 0.2, Sum: 1.3]
      [Code Root Scanning (ms): Min: 0.0, Avg: 0.0, Max: 0.0, Diff: 0.0, Sum: 0.1]
      [Object Copy (ms): Min: 31.9, Avg: 32.3, Max: 32.5, Diff: 0.6, Sum: 129.0]
      [Termination (ms): Min: 0.0, Avg: 0.0, Max: 0.0, Diff: 0.0, Sum: 0.1]
         [Termination Attempts: Min: 1, Avg: 3.0, Max: 5, Diff: 4, Sum: 12]
      [GC Worker Other (ms): Min: 0.0, Avg: 0.1, Max: 0.2, Diff: 0.2, Sum: 0.4]
      [GC Worker Total (ms): Min: 76.6, Avg: 76.6, Max: 76.6, Diff: 0.1, Sum: 306.5]
      [GC Worker End (ms): Min: 4044684.7, Avg: 4044684.7, Max: 4044684.8, Diff: 0.0]
   [Code Root Fixup: 0.0 ms]
   [Code Root Purge: 0.0 ms]
   [Clear CT: 0.4 ms]
   [Other: 4.3 ms]
      [Choose CSet: 0.0 ms]
      [Ref Proc: 2.1 ms]
      [Ref Enq: 0.2 ms]
      [Redirty Cards: 0.3 ms]
      [Humongous Register: 0.1 ms]
      [Humongous Reclaim: 0.0 ms]
      [Free CSet: 1.1 ms]
   [Eden: 1074.0M(1074.0M)->0.0B(1076.0M) Survivors: 37888.0K->37888.0K Heap: 1629.8M(1868.0M)->555.8M(1868.0M)]
Heap after GC invocations=582 (full 0):
 garbage-first heap   total 1912832K, used 569161K [0x000000008b400000, 0x000000008b503a60, 0x0000000100000000)
  region size 1024K, 37 young (37888K), 37 survivors (37888K)
 Metaspace       used 148158K, capacity 155167K, committed 155824K, reserved 1183744K
  class space    used 19677K, capacity 20984K, committed 21168K, reserved 1048576K
}
 [Times: user=0.26 sys=0.02, real=0.09 secs] 
2020-07-20T10:16:48.754+0000: 4044.689: Total time for which application threads were stopped: 0.0835188 seconds, Stopping threads took: 0.0005207 seconds
{Heap before GC invocations=582 (full 0):
 garbage-first heap   total 1912832K, used 1670985K [0x000000008b400000, 0x000000008b503a60, 0x0000000100000000)
  region size 1024K, 1113 young (1139712K), 37 survivors (37888K)
 Metaspace       used 148158K, capacity 155167K, committed 155824K, reserved 1183744K
  class space    used 19677K, capacity 20984K, committed 21168K, reserved 1048576K
2020-07-20T10:16:54.873+0000: 4050.809: [GC pause (G1 Evacuation Pause) (young)
Desired survivor size 73400320 bytes, new threshold 15 (max 15)
- age   1:    7087128 bytes,    7087128 total
- age   2:    4533576 bytes,   11620704 total
- age   3:   22254536 bytes,   33875240 total
- age   4:    1861352 bytes,   35736592 total
, 0.0834477 secs]
   [Parallel Time: 78.9 ms, GC Workers: 4]
      [GC Worker Start (ms): Min: 4050809.6, Avg: 4050810.4, Max: 4050812.6, Diff: 3.0]
      [Ext Root Scanning (ms): Min: 2.8, Avg: 4.9, Max: 5.8, Diff: 3.0, Sum: 19.7]
      [Update RS (ms): Min: 31.2, Avg: 31.4, Max: 31.5, Diff: 0.3, Sum: 125.5]
         [Processed Buffers: Min: 26, Avg: 44.5, Max: 56, Diff: 30, Sum: 178]
      [Scan RS (ms): Min: 0.2, Avg: 0.4, Max: 0.5, Diff: 0.3, Sum: 1.4]
      [Code Root Scanning (ms): Min: 0.0, Avg: 0.0, Max: 0.0, Diff: 0.0, Sum: 0.1]
      [Object Copy (ms): Min: 41.1, Avg: 41.3, Max: 41.4, Diff: 0.3, Sum: 165.1]
      [Termination (ms): Min: 0.0, Avg: 0.0, Max: 0.0, Diff: 0.0, Sum: 0.1]
         [Termination Attempts: Min: 8, Avg: 11.0, Max: 14, Diff: 6, Sum: 44]
      [GC Worker Other (ms): Min: 0.0, Avg: 0.1, Max: 0.1, Diff: 0.1, Sum: 0.2]
      [GC Worker Total (ms): Min: 75.8, Avg: 78.0, Max: 78.8, Diff: 3.0, Sum: 312.1]
      [GC Worker End (ms): Min: 4050888.4, Avg: 4050888.4, Max: 4050888.4, Diff: 0.1]
   [Code Root Fixup: 0.1 ms]
   [Code Root Purge: 0.0 ms]
   [Clear CT: 0.4 ms]
   [Other: 4.0 ms]
      [Choose CSet: 0.0 ms]
      [Ref Proc: 2.1 ms]
      [Ref Enq: 0.1 ms]
      [Redirty Cards: 0.3 ms]
      [Humongous Register: 0.1 ms]
      [Humongous Reclaim: 0.0 ms]
      [Free CSet: 1.0 ms]
   [Eden: 1076.0M(1076.0M)->0.0B(1056.0M) Survivors: 37888.0K->48128.0K Heap: 1631.8M(1868.0M)->565.8M(1868.0M)]
Heap after GC invocations=583 (full 0):
 garbage-first heap   total 1912832K, used 579401K [0x000000008b400000, 0x000000008b503a60, 0x0000000100000000)
  region size 1024K, 47 young (48128K), 47 survivors (48128K)
 Metaspace       used 148158K, capacity 155167K, committed 155824K, reserved 1183744K
  class space    used 19677K, capacity 20984K, committed 21168K, reserved 1048576K
}
 [Times: user=0.28 sys=0.00, real=0.08 secs] 
2020-07-20T10:16:54.957+0000: 4050.893: Total time for which application threads were stopped: 0.0872736 seconds, Stopping threads took: 0.0028407 seconds
{Heap before GC invocations=583 (full 0):
 garbage-first heap   total 1912832K, used 1662793K [0x000000008b400000, 0x000000008b503a60, 0x0000000100000000)
  region size 1024K, 1103 young (1129472K), 47 survivors (48128K)
 Metaspace       used 148158K, capacity 155167K, committed 155824K, reserved 1183744K
  class space    used 19677K, capacity 20984K, committed 21168K, reserved 1048576K
2020-07-20T10:16:58.390+0000: 4054.326: [GC pause (G1 Evacuation Pause) (young)
Desired survivor size 72351744 bytes, new threshold 15 (max 15)
- age   1:   17201528 bytes,   17201528 total
- age   2:    1746688 bytes,   18948216 total
- age   3:    4496520 bytes,   23444736 total
- age   4:   21859336 bytes,   45304072 total
- age   5:    1861208 bytes,   47165280 total
, 0.0673744 secs]
   [Parallel Time: 62.8 ms, GC Workers: 4]
      [GC Worker Start (ms): Min: 4054326.5, Avg: 4054326.5, Max: 4054326.5, Diff: 0.1]
      [Ext Root Scanning (ms): Min: 5.1, Avg: 5.2, Max: 5.3, Diff: 0.2, Sum: 20.8]
      [Update RS (ms): Min: 25.0, Avg: 25.7, Max: 27.7, Diff: 2.7, Sum: 102.8]
         [Processed Buffers: Min: 16, Avg: 37.0, Max: 62, Diff: 46, Sum: 148]
      [Scan RS (ms): Min: 0.3, Avg: 0.3, Max: 0.4, Diff: 0.1, Sum: 1.3]
      [Code Root Scanning (ms): Min: 0.0, Avg: 0.0, Max: 0.0, Diff: 0.0, Sum: 0.1]
      [Object Copy (ms): Min: 28.8, Avg: 29.0, Max: 29.3, Diff: 0.5, Sum: 116.0]
      [Termination (ms): Min: 0.0, Avg: 2.3, Max: 3.1, Diff: 3.1, Sum: 9.2]
         [Termination Attempts: Min: 1, Avg: 2.8, Max: 6, Diff: 5, Sum: 11]
      [GC Worker Other (ms): Min: 0.0, Avg: 0.0, Max: 0.1, Diff: 0.1, Sum: 0.2]
      [GC Worker Total (ms): Min: 62.6, Avg: 62.6, Max: 62.6, Diff: 0.1, Sum: 250.5]
      [GC Worker End (ms): Min: 4054389.1, Avg: 4054389.1, Max: 4054389.2, Diff: 0.0]
   [Code Root Fixup: 0.0 ms]
   [Code Root Purge: 0.0 ms]
   [Clear CT: 0.4 ms]
   [Other: 4.1 ms]
      [Choose CSet: 0.0 ms]
      [Ref Proc: 2.0 ms]
      [Ref Enq: 0.2 ms]
      [Redirty Cards: 0.4 ms]
      [Humongous Register: 0.1 ms]
      [Humongous Reclaim: 0.1 ms]
      [Free CSet: 1.1 ms]
   [Eden: 1056.0M(1056.0M)->0.0B(1087.0M) Survivors: 48128.0K->33792.0K Heap: 1623.8M(1868.0M)->550.3M(1868.0M)]
Heap after GC invocations=584 (full 0):
 garbage-first heap   total 1912832K, used 563529K [0x000000008b400000, 0x000000008b503a60, 0x0000000100000000)
  region size 1024K, 33 young (33792K), 33 survivors (33792K)
 Metaspace       used 148158K, capacity 155167K, committed 155824K, reserved 1183744K
  class space    used 19677K, capacity 20984K, committed 21168K, reserved 1048576K
}
 [Times: user=0.21 sys=0.02, real=0.07 secs] 
2020-07-20T10:16:58.458+0000: 4054.394: Total time for which application threads were stopped: 0.0746418 seconds, Stopping threads took: 0.0061985 seconds
{Heap before GC invocations=584 (full 0):
 garbage-first heap   total 1912832K, used 1678665K [0x000000008b400000, 0x000000008b503a60, 0x0000000100000000)
  region size 1024K, 1120 young (1146880K), 33 survivors (33792K)
 Metaspace       used 148158K, capacity 155167K, committed 155824K, reserved 1183744K
  class space    used 19677K, capacity 20984K, committed 21168K, reserved 1048576K
2020-07-20T10:17:02.141+0000: 4058.077: [GC pause (G1 Evacuation Pause) (young)
Desired survivor size 73400320 bytes, new threshold 15 (max 15)
- age   1:   23105096 bytes,   23105096 total
- age   2:    3269856 bytes,   26374952 total
- age   3:    1745456 bytes,   28120408 total
- age   4:    2239024 bytes,   30359432 total
- age   5:     656648 bytes,   31016080 total
- age   6:    1392760 bytes,   32408840 total
, 0.1036094 secs]
   [Parallel Time: 99.0 ms, GC Workers: 4]
      [GC Worker Start (ms): Min: 4058077.4, Avg: 4058077.5, Max: 4058077.5, Diff: 0.1]
      [Ext Root Scanning (ms): Min: 5.0, Avg: 5.1, Max: 5.2, Diff: 0.2, Sum: 20.4]
      [Update RS (ms): Min: 33.2, Avg: 33.5, Max: 34.2, Diff: 1.0, Sum: 133.9]
         [Processed Buffers: Min: 28, Avg: 35.8, Max: 39, Diff: 11, Sum: 143]
      [Scan RS (ms): Min: 0.2, Avg: 0.3, Max: 0.4, Diff: 0.2, Sum: 1.3]
      [Code Root Scanning (ms): Min: 0.0, Avg: 0.0, Max: 0.0, Diff: 0.0, Sum: 0.1]
      [Object Copy (ms): Min: 59.3, Avg: 59.8, Max: 60.1, Diff: 0.8, Sum: 239.3]
      [Termination (ms): Min: 0.0, Avg: 0.0, Max: 0.0, Diff: 0.0, Sum: 0.0]
         [Termination Attempts: Min: 1, Avg: 3.0, Max: 5, Diff: 4, Sum: 12]
      [GC Worker Other (ms): Min: 0.0, Avg: 0.1, Max: 0.1, Diff: 0.1, Sum: 0.3]
      [GC Worker Total (ms): Min: 98.8, Avg: 98.8, Max: 98.8, Diff: 0.1, Sum: 395.3]
      [GC Worker End (ms): Min: 4058176.3, Avg: 4058176.3, Max: 4058176.3, Diff: 0.1]
   [Code Root Fixup: 0.0 ms]
   [Code Root Purge: 0.0 ms]
   [Clear CT: 0.4 ms]
   [Other: 4.1 ms]
      [Choose CSet: 0.0 ms]
      [Ref Proc: 2.0 ms]
      [Ref Enq: 0.1 ms]
      [Redirty Cards: 0.3 ms]
      [Humongous Register: 0.1 ms]
      [Humongous Reclaim: 0.0 ms]
      [Free CSet: 1.1 ms]
   [Eden: 1087.0M(1087.0M)->0.0B(1030.0M) Survivors: 33792.0K->61440.0K Heap: 1639.3M(1868.0M)->579.3M(1868.0M)]
Heap after GC invocations=585 (full 0):
 garbage-first heap   total 1912832K, used 593225K [0x000000008b400000, 0x000000008b503a60, 0x0000000100000000)
  region size 1024K, 60 young (61440K), 60 survivors (61440K)
 Metaspace       used 148158K, capacity 155167K, committed 155824K, reserved 1183744K
  class space    used 19677K, capacity 20984K, committed 21168K, reserved 1048576K
}
 [Times: user=0.34 sys=0.01, real=0.18 secs] 
2020-07-20T10:17:02.323+0000: 4058.259: Total time for which application threads were stopped: 0.1869037 seconds, Stopping threads took: 0.0039563 seconds
{Heap before GC invocations=585 (full 0):
 garbage-first heap   total 1912832K, used 1647945K [0x000000008b400000, 0x000000008b503a60, 0x0000000100000000)
  region size 1024K, 1090 young (1116160K), 60 survivors (61440K)
 Metaspace       used 148162K, capacity 155167K, committed 155824K, reserved 1183744K
  class space    used 19677K, capacity 20984K, committed 21168K, reserved 1048576K
2020-07-20T10:17:05.795+0000: 4061.731: [GC pause (G1 Evacuation Pause) (young)
Desired survivor size 71827456 bytes, new threshold 15 (max 15)
- age   1:   37099600 bytes,   37099600 total
- age   2:   15379224 bytes,   52478824 total
- age   3:    2788784 bytes,   55267608 total
- age   4:    1744368 bytes,   57011976 total
- age   5:    2224400 bytes,   59236376 total
- age   6:     656240 bytes,   59892616 total
- age   7:    1392640 bytes,   61285256 total
, 0.0803806 secs]
   [Parallel Time: 75.8 ms, GC Workers: 4]
      [GC Worker Start (ms): Min: 4061731.6, Avg: 4061732.1, Max: 4061732.6, Diff: 1.0]
      [Ext Root Scanning (ms): Min: 4.6, Avg: 5.1, Max: 5.7, Diff: 1.1, Sum: 20.4]
      [Update RS (ms): Min: 28.1, Avg: 28.2, Max: 28.5, Diff: 0.4, Sum: 112.9]
         [Processed Buffers: Min: 16, Avg: 37.5, Max: 66, Diff: 50, Sum: 150]
      [Scan RS (ms): Min: 0.3, Avg: 0.4, Max: 0.4, Diff: 0.2, Sum: 1.4]
      [Code Root Scanning (ms): Min: 0.0, Avg: 0.0, Max: 0.0, Diff: 0.0, Sum: 0.1]
      [Object Copy (ms): Min: 41.3, Avg: 41.5, Max: 41.7, Diff: 0.4, Sum: 165.9]
      [Termination (ms): Min: 0.0, Avg: 0.0, Max: 0.0, Diff: 0.0, Sum: 0.0]
         [Termination Attempts: Min: 1, Avg: 3.0, Max: 4, Diff: 3, Sum: 12]
      [GC Worker Other (ms): Min: 0.0, Avg: 0.1, Max: 0.1, Diff: 0.1, Sum: 0.3]
      [GC Worker Total (ms): Min: 74.7, Avg: 75.2, Max: 75.8, Diff: 1.1, Sum: 300.9]
      [GC Worker End (ms): Min: 4061807.3, Avg: 4061807.4, Max: 4061807.4, Diff: 0.1]
   [Code Root Fixup: 0.0 ms]
   [Code Root Purge: 0.0 ms]
   [Clear CT: 0.4 ms]
   [Other: 4.1 ms]
      [Choose CSet: 0.0 ms]
      [Ref Proc: 2.0 ms]
      [Ref Enq: 0.2 ms]
      [Redirty Cards: 0.4 ms]
      [Humongous Register: 0.1 ms]
      [Humongous Reclaim: 0.0 ms]
      [Free CSet: 1.0 ms]
   [Eden: 1030.0M(1030.0M)->0.0B(1068.0M) Survivors: 61440.0K->44032.0K Heap: 1609.3M(1868.0M)->559.8M(1868.0M)]
Heap after GC invocations=586 (full 0):
 garbage-first heap   total 1912832K, used 573257K [0x000000008b400000, 0x000000008b503a60, 0x0000000100000000)
  region size 1024K, 43 young (44032K), 43 survivors (44032K)
 Metaspace       used 148162K, capacity 155167K, committed 155824K, reserved 1183744K
  class space    used 19677K, capacity 20984K, committed 21168K, reserved 1048576K
}
 [Times: user=0.25 sys=0.01, real=0.08 secs] 
2020-07-20T10:17:05.876+0000: 4061.812: Total time for which application threads were stopped: 0.0827675 seconds, Stopping threads took: 0.0014794 seconds
{Heap before GC invocations=586 (full 0):
 garbage-first heap   total 1912832K, used 1668937K [0x000000008b400000, 0x000000008b503a60, 0x0000000100000000)
  region size 1024K, 1111 young (1137664K), 43 survivors (44032K)
 Metaspace       used 148162K, capacity 155167K, committed 155824K, reserved 1183744K
  class space    used 19677K, capacity 20984K, committed 21168K, reserved 1048576K
2020-07-20T10:17:09.264+0000: 4065.200: [GC pause (G1 Evacuation Pause) (young)
Desired survivor size 72876032 bytes, new threshold 15 (max 15)
- age   1:   28182384 bytes,   28182384 total
- age   2:    5350992 bytes,   33533376 total
- age   3:     612960 bytes,   34146336 total
- age   4:    2779464 bytes,   36925800 total
- age   5:    1741424 bytes,   38667224 total
- age   6:    2224240 bytes,   40891464 total
- age   7:     655896 bytes,   41547360 total
- age   8:    1385240 bytes,   42932600 total
, 0.1038395 secs]
   [Parallel Time: 99.4 ms, GC Workers: 4]
      [GC Worker Start (ms): Min: 4065200.0, Avg: 4065201.3, Max: 4065204.6, Diff: 4.6]
      [Ext Root Scanning (ms): Min: 1.5, Avg: 4.7, Max: 6.0, Diff: 4.5, Sum: 18.6]
      [Update RS (ms): Min: 20.5, Avg: 20.9, Max: 22.0, Diff: 1.5, Sum: 83.5]
         [Processed Buffers: Min: 21, Avg: 33.8, Max: 41, Diff: 20, Sum: 135]
      [Scan RS (ms): Min: 0.6, Avg: 1.6, Max: 2.0, Diff: 1.4, Sum: 6.4]
      [Code Root Scanning (ms): Min: 0.0, Avg: 0.0, Max: 0.0, Diff: 0.0, Sum: 0.1]
      [Object Copy (ms): Min: 70.5, Avg: 70.7, Max: 70.9, Diff: 0.4, Sum: 282.9]
      [Termination (ms): Min: 0.0, Avg: 0.0, Max: 0.0, Diff: 0.0, Sum: 0.0]
         [Termination Attempts: Min: 3, Avg: 5.8, Max: 8, Diff: 5, Sum: 23]
      [GC Worker Other (ms): Min: 0.0, Avg: 0.1, Max: 0.1, Diff: 0.1, Sum: 0.3]
      [GC Worker Total (ms): Min: 94.7, Avg: 98.0, Max: 99.3, Diff: 4.6, Sum: 391.8]
      [GC Worker End (ms): Min: 4065299.2, Avg: 4065299.3, Max: 4065299.3, Diff: 0.1]
   [Code Root Fixup: 0.1 ms]
   [Code Root Purge: 0.0 ms]
   [Clear CT: 0.4 ms]
   [Other: 4.1 ms]
      [Choose CSet: 0.0 ms]
      [Ref Proc: 2.0 ms]
      [Ref Enq: 0.1 ms]
      [Redirty Cards: 0.3 ms]
      [Humongous Register: 0.1 ms]
      [Humongous Reclaim: 0.0 ms]
      [Free CSet: 1.1 ms]
   [Eden: 1068.0M(1068.0M)->0.0B(1002.0M) Survivors: 44032.0K->75776.0K Heap: 1629.8M(1868.0M)->592.8M(1868.0M)]
Heap after GC invocations=587 (full 0):
 garbage-first heap   total 1912832K, used 607049K [0x000000008b400000, 0x000000008b503a60, 0x0000000100000000)
  region size 1024K, 74 young (75776K), 74 survivors (75776K)
 Metaspace       used 148162K, capacity 155167K, committed 155824K, reserved 1183744K
  class space    used 19677K, capacity 20984K, committed 21168K, reserved 1048576K
}
 [Times: user=0.34 sys=0.00, real=0.10 secs] 
2020-07-20T10:17:09.368+0000: 4065.304: Total time for which application threads were stopped: 0.1049766 seconds, Stopping threads took: 0.0002680 seconds
{Heap before GC invocations=587 (full 0):
 garbage-first heap   total 1912832K, used 1635145K [0x000000008b400000, 0x000000008b503a60, 0x0000000100000000)
  region size 1024K, 1076 young (1101824K), 74 survivors (75776K)
 Metaspace       used 148167K, capacity 155167K, committed 155824K, reserved 1183744K
  class space    used 19677K, capacity 20984K, committed 21168K, reserved 1048576K
2020-07-20T10:17:12.630+0000: 4068.566: [GC pause (G1 Evacuation Pause) (young)
Desired survivor size 70778880 bytes, new threshold 6 (max 15)
- age   1:   40016872 bytes,   40016872 total
- age   2:   20744056 bytes,   60760928 total
- age   3:    5347072 bytes,   66108000 total
- age   4:     612592 bytes,   66720592 total
- age   5:    2612936 bytes,   69333528 total
- age   6:    1741072 bytes,   71074600 total
- age   7:    2223616 bytes,   73298216 total
- age   8:     655168 bytes,   73953384 total
- age   9:    1378544 bytes,   75331928 total
, 0.0867856 secs]
   [Parallel Time: 82.0 ms, GC Workers: 4]
      [GC Worker Start (ms): Min: 4068566.4, Avg: 4068567.5, Max: 4068570.9, Diff: 4.6]
      [Ext Root Scanning (ms): Min: 1.5, Avg: 5.7, Max: 9.7, Diff: 8.2, Sum: 22.9]
      [Update RS (ms): Min: 17.5, Avg: 20.3, Max: 21.4, Diff: 3.9, Sum: 81.1]
         [Processed Buffers: Min: 13, Avg: 31.8, Max: 48, Diff: 35, Sum: 127]
      [Scan RS (ms): Min: 4.7, Avg: 4.8, Max: 4.9, Diff: 0.2, Sum: 19.1]
      [Code Root Scanning (ms): Min: 0.0, Avg: 0.0, Max: 0.0, Diff: 0.0, Sum: 0.1]
      [Object Copy (ms): Min: 49.5, Avg: 49.7, Max: 49.9, Diff: 0.4, Sum: 198.9]
      [Termination (ms): Min: 0.0, Avg: 0.0, Max: 0.1, Diff: 0.0, Sum: 0.1]
         [Termination Attempts: Min: 8, Avg: 14.2, Max: 24, Diff: 16, Sum: 57]
      [GC Worker Other (ms): Min: 0.0, Avg: 0.1, Max: 0.1, Diff: 0.1, Sum: 0.3]
      [GC Worker Total (ms): Min: 77.3, Avg: 80.6, Max: 81.8, Diff: 4.6, Sum: 322.5]
      [GC Worker End (ms): Min: 4068648.1, Avg: 4068648.2, Max: 4068648.2, Diff: 0.1]
   [Code Root Fixup: 0.1 ms]
   [Code Root Purge: 0.0 ms]
   [Clear CT: 0.5 ms]
   [Other: 4.3 ms]
      [Choose CSet: 0.0 ms]
      [Ref Proc: 2.1 ms]
      [Ref Enq: 0.2 ms]
      [Redirty Cards: 0.3 ms]
      [Humongous Register: 0.1 ms]
      [Humongous Reclaim: 0.0 ms]
      [Free CSet: 1.1 ms]
   [Eden: 1002.0M(1002.0M)->0.0B(1051.0M) Survivors: 75776.0K->48128.0K Heap: 1596.8M(1868.0M)->570.1M(1868.0M)]
Heap after GC invocations=588 (full 0):
 garbage-first heap   total 1912832K, used 583767K [0x000000008b400000, 0x000000008b503a60, 0x0000000100000000)
  region size 1024K, 47 young (48128K), 47 survivors (48128K)
 Metaspace       used 148167K, capacity 155167K, committed 155824K, reserved 1183744K
  class space    used 19677K, capacity 20984K, committed 21168K, reserved 1048576K
}
 [Times: user=0.27 sys=0.01, real=0.09 secs] 
2020-07-20T10:17:12.717+0000: 4068.653: Total time for which application threads were stopped: 0.0899354 seconds, Stopping threads took: 0.0022215 seconds
{Heap before GC invocations=588 (full 0):
 garbage-first heap   total 1912832K, used 1662039K [0x000000008b400000, 0x000000008b503a60, 0x0000000100000000)
  region size 1024K, 1098 young (1124352K), 47 survivors (48128K)
 Metaspace       used 148167K, capacity 155167K, committed 155824K, reserved 1183744K
  class space    used 19677K, capacity 20984K, committed 21168K, reserved 1048576K
2020-07-20T10:17:15.725+0000: 4071.661: [GC pause (G1 Evacuation Pause) (young)
Desired survivor size 72351744 bytes, new threshold 15 (max 15)
- age   1:   28721720 bytes,   28721720 total
- age   2:   14751000 bytes,   43472720 total
- age   3:     250856 bytes,   43723576 total
- age   4:     199560 bytes,   43923136 total
- age   5:     381664 bytes,   44304800 total
- age   6:    1939400 bytes,   46244200 total
, 0.1160462 secs]
   [Parallel Time: 111.2 ms, GC Workers: 4]
      [GC Worker Start (ms): Min: 4071661.6, Avg: 4071661.6, Max: 4071661.6, Diff: 0.1]
      [Ext Root Scanning (ms): Min: 5.2, Avg: 5.2, Max: 5.3, Diff: 0.2, Sum: 20.9]
      [Update RS (ms): Min: 35.8, Avg: 36.3, Max: 37.7, Diff: 1.9, Sum: 145.0]
         [Processed Buffers: Min: 13, Avg: 39.2, Max: 56, Diff: 43, Sum: 157]
      [Scan RS (ms): Min: 0.3, Avg: 1.4, Max: 2.0, Diff: 1.7, Sum: 5.8]
      [Code Root Scanning (ms): Min: 0.0, Avg: 0.0, Max: 0.0, Diff: 0.0, Sum: 0.1]
      [Object Copy (ms): Min: 67.7, Avg: 68.0, Max: 68.3, Diff: 0.5, Sum: 271.8]
      [Termination (ms): Min: 0.0, Avg: 0.0, Max: 0.1, Diff: 0.1, Sum: 0.1]
         [Termination Attempts: Min: 3, Avg: 6.8, Max: 10, Diff: 7, Sum: 27]
      [GC Worker Other (ms): Min: 0.0, Avg: 0.1, Max: 0.2, Diff: 0.2, Sum: 0.4]
      [GC Worker Total (ms): Min: 111.0, Avg: 111.0, Max: 111.1, Diff: 0.2, Sum: 444.1]
      [GC Worker End (ms): Min: 4071772.5, Avg: 4071772.6, Max: 4071772.7, Diff: 0.1]
   [Code Root Fixup: 0.1 ms]
   [Code Root Purge: 0.0 ms]
   [Clear CT: 0.5 ms]
   [Other: 4.3 ms]
      [Choose CSet: 0.0 ms]
      [Ref Proc: 2.3 ms]
      [Ref Enq: 0.2 ms]
      [Redirty Cards: 0.2 ms]
      [Humongous Register: 0.1 ms]
      [Humongous Reclaim: 0.0 ms]
      [Free CSet: 1.1 ms]
   [Eden: 1051.0M(1051.0M)->0.0B(995.0M) Survivors: 48128.0K->74752.0K Heap: 1623.1M(1868.0M)->598.1M(1868.0M)]
Heap after GC invocations=589 (full 0):
 garbage-first heap   total 1912832K, used 612439K [0x000000008b400000, 0x000000008b503a60, 0x0000000100000000)
  region size 1024K, 73 young (74752K), 73 survivors (74752K)
 Metaspace       used 148167K, capacity 155167K, committed 155824K, reserved 1183744K
  class space    used 19677K, capacity 20984K, committed 21168K, reserved 1048576K
}
 [Times: user=0.36 sys=0.02, real=0.12 secs] 
2020-07-20T10:17:15.842+0000: 4071.778: Total time for which application threads were stopped: 0.1185693 seconds, Stopping threads took: 0.0016396 seconds
{Heap before GC invocations=589 (full 0):
 garbage-first heap   total 1912832K, used 1635415K [0x000000008b400000, 0x000000008b503a60, 0x0000000100000000)
  region size 1024K, 1068 young (1093632K), 73 survivors (74752K)
 Metaspace       used 148172K, capacity 155167K, committed 155824K, reserved 1183744K
  class space    used 19677K, capacity 20984K, committed 21168K, reserved 1048576K
2020-07-20T10:17:18.698+0000: 4074.633: [GC pause (G1 Evacuation Pause) (young)
Desired survivor size 70254592 bytes, new threshold 3 (max 15)
- age   1:   35287464 bytes,   35287464 total
- age   2:   21396904 bytes,   56684368 total
- age   3:   14273920 bytes,   70958288 total
- age   4:     240952 bytes,   71199240 total
- age   5:     197304 bytes,   71396544 total
- age   6:     374144 bytes,   71770688 total
- age   7:    1934696 bytes,   73705384 total
, 0.0935226 secs]
   [Parallel Time: 85.2 ms, GC Workers: 4]
      [GC Worker Start (ms): Min: 4074633.7, Avg: 4074637.2, Max: 4074640.6, Diff: 6.9]
      [Ext Root Scanning (ms): Min: 0.8, Avg: 4.8, Max: 10.6, Diff: 9.8, Sum: 19.4]
      [Update RS (ms): Min: 19.8, Avg: 22.1, Max: 23.0, Diff: 3.2, Sum: 88.6]
         [Processed Buffers: Min: 14, Avg: 33.0, Max: 56, Diff: 42, Sum: 132]
      [Scan RS (ms): Min: 0.3, Avg: 0.4, Max: 0.4, Diff: 0.1, Sum: 1.4]
      [Code Root Scanning (ms): Min: 0.0, Avg: 0.0, Max: 0.0, Diff: 0.0, Sum: 0.1]
      [Object Copy (ms): Min: 54.2, Avg: 54.3, Max: 54.5, Diff: 0.3, Sum: 217.1]
      [Termination (ms): Min: 0.0, Avg: 0.0, Max: 0.0, Diff: 0.0, Sum: 0.1]
         [Termination Attempts: Min: 5, Avg: 11.2, Max: 17, Diff: 12, Sum: 45]
      [GC Worker Other (ms): Min: 0.0, Avg: 0.0, Max: 0.0, Diff: 0.0, Sum: 0.1]
      [GC Worker Total (ms): Min: 78.3, Avg: 81.7, Max: 85.1, Diff: 6.8, Sum: 326.8]
      [GC Worker End (ms): Min: 4074718.8, Avg: 4074718.8, Max: 4074718.9, Diff: 0.0]
   [Code Root Fixup: 0.0 ms]
   [Code Root Purge: 0.0 ms]
   [Clear CT: 0.6 ms]
   [Other: 7.7 ms]
      [Choose CSet: 0.0 ms]
      [Ref Proc: 5.7 ms]
      [Ref Enq: 0.2 ms]
      [Redirty Cards: 0.3 ms]
      [Humongous Register: 0.1 ms]
      [Humongous Reclaim: 0.1 ms]
      [Free CSet: 1.0 ms]
   [Eden: 995.0M(995.0M)->0.0B(1024.0M) Survivors: 74752.0K->56320.0K Heap: 1597.1M(1868.0M)->585.8M(1868.0M)]
Heap after GC invocations=590 (full 0):
 garbage-first heap   total 1912832K, used 599809K [0x000000008b400000, 0x000000008b503a60, 0x0000000100000000)
  region size 1024K, 55 young (56320K), 55 survivors (56320K)
 Metaspace       used 148172K, capacity 155167K, committed 155824K, reserved 1183744K
  class space    used 19677K, capacity 20984K, committed 21168K, reserved 1048576K
}
 [Times: user=0.28 sys=0.01, real=0.09 secs] 
2020-07-20T10:17:18.791+0000: 4074.727: Total time for which application threads were stopped: 0.0967144 seconds, Stopping threads took: 0.0022221 seconds
{Heap before GC invocations=590 (full 0):
 garbage-first heap   total 1912832K, used 1648385K [0x000000008b400000, 0x000000008b503a60, 0x0000000100000000)
  region size 1024K, 1079 young (1104896K), 55 survivors (56320K)
 Metaspace       used 148172K, capacity 155167K, committed 155824K, reserved 1183744K
  class space    used 19677K, capacity 20984K, committed 21168K, reserved 1048576K
2020-07-20T10:17:21.761+0000: 4077.697: [GC pause (G1 Evacuation Pause) (young)
Desired survivor size 70778880 bytes, new threshold 15 (max 15)
- age   1:   31863344 bytes,   31863344 total
- age   2:   21419608 bytes,   53282952 total
- age   3:    1725864 bytes,   55008816 total
, 0.1120813 secs]
   [Parallel Time: 107.9 ms, GC Workers: 4]
      [GC Worker Start (ms): Min: 4077697.5, Avg: 4077697.5, Max: 4077697.6, Diff: 0.1]
      [Ext Root Scanning (ms): Min: 5.0, Avg: 5.1, Max: 5.2, Diff: 0.2, Sum: 20.5]
      [Update RS (ms): Min: 27.6, Avg: 27.7, Max: 28.1, Diff: 0.5, Sum: 111.0]
         [Processed Buffers: Min: 21, Avg: 37.5, Max: 53, Diff: 32, Sum: 150]
      [Scan RS (ms): Min: 0.1, Avg: 0.3, Max: 0.4, Diff: 0.4, Sum: 1.3]
      [Code Root Scanning (ms): Min: 0.0, Avg: 0.0, Max: 0.1, Diff: 0.1, Sum: 0.1]
      [Object Copy (ms): Min: 74.4, Avg: 74.5, Max: 74.6, Diff: 0.2, Sum: 298.0]
      [Termination (ms): Min: 0.0, Avg: 0.0, Max: 0.0, Diff: 0.0, Sum: 0.0]
         [Termination Attempts: Min: 1, Avg: 8.8, Max: 15, Diff: 14, Sum: 35]
      [GC Worker Other (ms): Min: 0.0, Avg: 0.0, Max: 0.0, Diff: 0.0, Sum: 0.1]
      [GC Worker Total (ms): Min: 107.7, Avg: 107.8, Max: 107.8, Diff: 0.1, Sum: 431.1]
      [GC Worker End (ms): Min: 4077805.3, Avg: 4077805.3, Max: 4077805.3, Diff: 0.0]
   [Code Root Fixup: 0.1 ms]
   [Code Root Purge: 0.0 ms]
   [Clear CT: 0.3 ms]
   [Other: 3.8 ms]
      [Choose CSet: 0.0 ms]
      [Ref Proc: 1.9 ms]
      [Ref Enq: 0.1 ms]
      [Redirty Cards: 0.3 ms]
      [Humongous Register: 0.1 ms]
      [Humongous Reclaim: 0.0 ms]
      [Free CSet: 1.1 ms]
   [Eden: 1024.0M(1024.0M)->0.0B(976.0M) Survivors: 56320.0K->80896.0K Heap: 1609.8M(1868.0M)->610.3M(1868.0M)]
Heap after GC invocations=591 (full 0):
 garbage-first heap   total 1912832K, used 624897K [0x000000008b400000, 0x000000008b503a60, 0x0000000100000000)
  region size 1024K, 79 young (80896K), 79 survivors (80896K)
 Metaspace       used 148172K, capacity 155167K, committed 155824K, reserved 1183744K
  class space    used 19677K, capacity 20984K, committed 21168K, reserved 1048576K
}
 [Times: user=0.36 sys=0.02, real=0.11 secs] 
2020-07-20T10:17:21.874+0000: 4077.810: Total time for which application threads were stopped: 0.1171892 seconds, Stopping threads took: 0.0042558 seconds
{Heap before GC invocations=591 (full 0):
 garbage-first heap   total 1912832K, used 1626369K [0x000000008b400000, 0x000000008b503a60, 0x0000000100000000)
  region size 1024K, 1055 young (1080320K), 79 survivors (80896K)
 Metaspace       used 148175K, capacity 155167K, committed 155824K, reserved 1183744K
  class space    used 19677K, capacity 20984K, committed 21168K, reserved 1048576K
2020-07-20T10:17:25.019+0000: 4080.955: [GC pause (G1 Evacuation Pause) (young)
Desired survivor size 69206016 bytes, new threshold 3 (max 15)
- age   1:   34170320 bytes,   34170320 total
- age   2:   24294928 bytes,   58465248 total
- age   3:   20945064 bytes,   79410312 total
- age   4:    1707560 bytes,   81117872 total
, 0.0914963 secs]
   [Parallel Time: 87.0 ms, GC Workers: 4]
      [GC Worker Start (ms): Min: 4080955.2, Avg: 4080955.6, Max: 4080956.6, Diff: 1.4]
      [Ext Root Scanning (ms): Min: 4.2, Avg: 5.3, Max: 5.7, Diff: 1.5, Sum: 21.0]
      [Update RS (ms): Min: 19.4, Avg: 19.6, Max: 19.8, Diff: 0.4, Sum: 78.4]
         [Processed Buffers: Min: 12, Avg: 32.0, Max: 53, Diff: 41, Sum: 128]
      [Scan RS (ms): Min: 3.9, Avg: 4.1, Max: 4.2, Diff: 0.3, Sum: 16.2]
      [Code Root Scanning (ms): Min: 0.0, Avg: 0.0, Max: 0.0, Diff: 0.0, Sum: 0.1]
      [Object Copy (ms): Min: 57.4, Avg: 57.5, Max: 57.6, Diff: 0.2, Sum: 230.0]
      [Termination (ms): Min: 0.0, Avg: 0.0, Max: 0.1, Diff: 0.1, Sum: 0.1]
         [Termination Attempts: Min: 5, Avg: 11.8, Max: 18, Diff: 13, Sum: 47]
      [GC Worker Other (ms): Min: 0.0, Avg: 0.1, Max: 0.1, Diff: 0.1, Sum: 0.2]
      [GC Worker Total (ms): Min: 85.5, Avg: 86.5, Max: 86.9, Diff: 1.3, Sum: 346.1]
      [GC Worker End (ms): Min: 4081042.1, Avg: 4081042.1, Max: 4081042.1, Diff: 0.1]
   [Code Root Fixup: 0.1 ms]
   [Code Root Purge: 0.0 ms]
   [Clear CT: 0.5 ms]
   [Other: 3.9 ms]
      [Choose CSet: 0.0 ms]
      [Ref Proc: 1.9 ms]
      [Ref Enq: 0.1 ms]
      [Redirty Cards: 0.3 ms]
      [Humongous Register: 0.1 ms]
      [Humongous Reclaim: 0.0 ms]
      [Free CSet: 1.1 ms]
   [Eden: 976.0M(976.0M)->0.0B(1017.0M) Survivors: 80896.0K->58368.0K Heap: 1588.3M(1868.0M)->590.6M(1868.0M)]
Heap after GC invocations=592 (full 0):
 garbage-first heap   total 1912832K, used 604811K [0x000000008b400000, 0x000000008b503a60, 0x0000000100000000)
  region size 1024K, 57 young (58368K), 57 survivors (58368K)
 Metaspace       used 148175K, capacity 155167K, committed 155824K, reserved 1183744K
  class space    used 19677K, capacity 20984K, committed 21168K, reserved 1048576K
}
 [Times: user=0.28 sys=0.00, real=0.09 secs] 
2020-07-20T10:17:25.111+0000: 4081.047: Total time for which application threads were stopped: 0.0926304 seconds, Stopping threads took: 0.0002139 seconds
{Heap before GC invocations=592 (full 0):
 garbage-first heap   total 1912832K, used 1646219K [0x000000008b400000, 0x000000008b503a60, 0x0000000100000000)
  region size 1024K, 1074 young (1099776K), 57 survivors (58368K)
 Metaspace       used 148175K, capacity 155167K, committed 155824K, reserved 1183744K
  class space    used 19677K, capacity 20984K, committed 21168K, reserved 1048576K
2020-07-20T10:17:28.112+0000: 4084.048: [GC pause (G1 Evacuation Pause) (young)
Desired survivor size 70778880 bytes, new threshold 15 (max 15)
- age   1:   31874632 bytes,   31874632 total
- age   2:   18569112 bytes,   50443744 total
- age   3:    7063640 bytes,   57507384 total
, 0.0846179 secs]
   [Parallel Time: 80.4 ms, GC Workers: 4]
      [GC Worker Start (ms): Min: 4084048.3, Avg: 4084048.3, Max: 4084048.3, Diff: 0.1]
      [Ext Root Scanning (ms): Min: 5.0, Avg: 5.1, Max: 5.2, Diff: 0.2, Sum: 20.3]
      [Update RS (ms): Min: 33.3, Avg: 33.5, Max: 33.7, Diff: 0.4, Sum: 134.0]
         [Processed Buffers: Min: 33, Avg: 40.0, Max: 48, Diff: 15, Sum: 160]
      [Scan RS (ms): Min: 0.3, Avg: 0.3, Max: 0.5, Diff: 0.2, Sum: 1.4]
      [Code Root Scanning (ms): Min: 0.0, Avg: 0.0, Max: 0.0, Diff: 0.0, Sum: 0.1]
      [Object Copy (ms): Min: 41.2, Avg: 41.2, Max: 41.3, Diff: 0.1, Sum: 164.8]
      [Termination (ms): Min: 0.0, Avg: 0.0, Max: 0.0, Diff: 0.0, Sum: 0.1]
         [Termination Attempts: Min: 1, Avg: 1.0, Max: 1, Diff: 0, Sum: 4]
      [GC Worker Other (ms): Min: 0.0, Avg: 0.0, Max: 0.0, Diff: 0.0, Sum: 0.1]
      [GC Worker Total (ms): Min: 80.2, Avg: 80.2, Max: 80.3, Diff: 0.1, Sum: 320.8]
      [GC Worker End (ms): Min: 4084128.5, Avg: 4084128.5, Max: 4084128.5, Diff: 0.0]
   [Code Root Fixup: 0.0 ms]
   [Code Root Purge: 0.0 ms]
   [Clear CT: 0.5 ms]
   [Other: 3.7 ms]
      [Choose CSet: 0.0 ms]
      [Ref Proc: 1.8 ms]
      [Ref Enq: 0.2 ms]
      [Redirty Cards: 0.2 ms]
      [Humongous Register: 0.1 ms]
      [Humongous Reclaim: 0.0 ms]
      [Free CSet: 1.0 ms]
   [Eden: 1017.0M(1017.0M)->0.0B(1054.0M) Survivors: 58368.0K->39936.0K Heap: 1607.6M(1868.0M)->570.6M(1868.0M)]
Heap after GC invocations=593 (full 0):
 garbage-first heap   total 1912832K, used 584331K [0x000000008b400000, 0x000000008b503a60, 0x0000000100000000)
  region size 1024K, 39 young (39936K), 39 survivors (39936K)
 Metaspace       used 148175K, capacity 155167K, committed 155824K, reserved 1183744K
  class space    used 19677K, capacity 20984K, committed 21168K, reserved 1048576K
}
 [Times: user=0.24 sys=0.01, real=0.09 secs] 
2020-07-20T10:17:28.197+0000: 4084.133: Total time for which application threads were stopped: 0.0857900 seconds, Stopping threads took: 0.0002886 seconds
{Heap before GC invocations=593 (full 0):
 garbage-first heap   total 1912832K, used 1665675K [0x000000008b400000, 0x000000008b503a60, 0x0000000100000000)
  region size 1024K, 1093 young (1119232K), 39 survivors (39936K)
 Metaspace       used 148175K, capacity 155167K, committed 155824K, reserved 1183744K
  class space    used 19677K, capacity 20984K, committed 21168K, reserved 1048576K
2020-07-20T10:17:31.345+0000: 4087.281: [GC pause (G1 Evacuation Pause) (young)
Desired survivor size 71827456 bytes, new threshold 15 (max 15)
- age   1:   27187800 bytes,   27187800 total
- age   2:   10803376 bytes,   37991176 total
- age   3:     643712 bytes,   38634888 total
- age   4:     784192 bytes,   39419080 total
, 0.0960279 secs]
   [Parallel Time: 91.2 ms, GC Workers: 4]
      [GC Worker Start (ms): Min: 4087281.6, Avg: 4087281.7, Max: 4087281.7, Diff: 0.1]
      [Ext Root Scanning (ms): Min: 7.2, Avg: 7.4, Max: 7.6, Diff: 0.4, Sum: 29.7]
      [Update RS (ms): Min: 21.1, Avg: 21.5, Max: 22.7, Diff: 1.6, Sum: 86.0]
         [Processed Buffers: Min: 16, Avg: 34.0, Max: 55, Diff: 39, Sum: 136]
      [Scan RS (ms): Min: 0.3, Avg: 0.3, Max: 0.3, Diff: 0.1, Sum: 1.3]
      [Code Root Scanning (ms): Min: 0.0, Avg: 0.0, Max: 0.0, Diff: 0.0, Sum: 0.1]
      [Object Copy (ms): Min: 60.5, Avg: 61.7, Max: 62.3, Diff: 1.8, Sum: 246.9]
      [Termination (ms): Min: 0.0, Avg: 0.1, Max: 0.1, Diff: 0.1, Sum: 0.3]
         [Termination Attempts: Min: 1, Avg: 1.8, Max: 3, Diff: 2, Sum: 7]
      [GC Worker Other (ms): Min: 0.0, Avg: 0.0, Max: 0.0, Diff: 0.0, Sum: 0.1]
      [GC Worker Total (ms): Min: 91.0, Avg: 91.1, Max: 91.1, Diff: 0.1, Sum: 364.3]
      [GC Worker End (ms): Min: 4087372.7, Avg: 4087372.7, Max: 4087372.8, Diff: 0.1]
   [Code Root Fixup: 0.0 ms]
   [Code Root Purge: 0.0 ms]
   [Clear CT: 0.4 ms]
   [Other: 4.4 ms]
      [Choose CSet: 0.0 ms]
      [Ref Proc: 2.3 ms]
      [Ref Enq: 0.2 ms]
      [Redirty Cards: 0.3 ms]
      [Humongous Register: 0.1 ms]
      [Humongous Reclaim: 0.0 ms]
      [Free CSet: 1.1 ms]
   [Eden: 1054.0M(1054.0M)->0.0B(1001.0M) Survivors: 39936.0K->66560.0K Heap: 1626.6M(1868.0M)->598.6M(1868.0M)]
Heap after GC invocations=594 (full 0):
 garbage-first heap   total 1912832K, used 613003K [0x000000008b400000, 0x000000008b503a60, 0x0000000100000000)
  region size 1024K, 65 young (66560K), 65 survivors (66560K)
 Metaspace       used 148175K, capacity 155167K, committed 155824K, reserved 1183744K
  class space    used 19677K, capacity 20984K, committed 21168K, reserved 1048576K
}
 [Times: user=0.30 sys=0.00, real=0.10 secs] 
2020-07-20T10:17:31.442+0000: 4087.378: Total time for which application threads were stopped: 0.0992274 seconds, Stopping threads took: 0.0022984 seconds
{Heap before GC invocations=594 (full 0):
 garbage-first heap   total 1912832K, used 1640075K [0x000000008b400000, 0x000000008b503a60, 0x0000000100000000)
  region size 1024K, 1066 young (1091584K), 65 survivors (66560K)
 Metaspace       used 148175K, capacity 155167K, committed 155824K, reserved 1183744K
  class space    used 19677K, capacity 20984K, committed 21168K, reserved 1048576K
2020-07-20T10:17:34.147+0000: 4090.083: [GC pause (G1 Evacuation Pause) (young)
Desired survivor size 70254592 bytes, new threshold 15 (max 15)
- age   1:   35319672 bytes,   35319672 total
- age   2:   19149200 bytes,   54468872 total
- age   3:   10310928 bytes,   64779800 total
- age   4:     643368 bytes,   65423168 total
- age   5:     779344 bytes,   66202512 total
, 0.0752786 secs]
   [Parallel Time: 70.7 ms, GC Workers: 4]
      [GC Worker Start (ms): Min: 4090083.0, Avg: 4090083.1, Max: 4090083.1, Diff: 0.1]
      [Ext Root Scanning (ms): Min: 5.1, Avg: 5.2, Max: 5.3, Diff: 0.2, Sum: 20.8]
      [Update RS (ms): Min: 28.0, Avg: 28.1, Max: 28.2, Diff: 0.2, Sum: 112.3]
         [Processed Buffers: Min: 20, Avg: 36.0, Max: 51, Diff: 31, Sum: 144]
      [Scan RS (ms): Min: 0.3, Avg: 0.3, Max: 0.4, Diff: 0.1, Sum: 1.4]
      [Code Root Scanning (ms): Min: 0.0, Avg: 0.0, Max: 0.0, Diff: 0.0, Sum: 0.1]
      [Object Copy (ms): Min: 36.7, Avg: 36.8, Max: 36.9, Diff: 0.2, Sum: 147.2]
      [Termination (ms): Min: 0.0, Avg: 0.0, Max: 0.0, Diff: 0.0, Sum: 0.0]
         [Termination Attempts: Min: 1, Avg: 1.8, Max: 4, Diff: 3, Sum: 7]
      [GC Worker Other (ms): Min: 0.0, Avg: 0.1, Max: 0.2, Diff: 0.1, Sum: 0.4]
      [GC Worker Total (ms): Min: 70.4, Avg: 70.5, Max: 70.6, Diff: 0.1, Sum: 282.1]
      [GC Worker End (ms): Min: 4090153.5, Avg: 4090153.6, Max: 4090153.7, Diff: 0.1]
   [Code Root Fixup: 0.0 ms]
   [Code Root Purge: 0.0 ms]
   [Clear CT: 0.4 ms]
   [Other: 4.1 ms]
      [Choose CSet: 0.0 ms]
      [Ref Proc: 2.1 ms]
      [Ref Enq: 0.2 ms]
      [Redirty Cards: 0.3 ms]
      [Humongous Register: 0.1 ms]
      [Humongous Reclaim: 0.1 ms]
      [Free CSet: 1.0 ms]
   [Eden: 1001.0M(1001.0M)->0.0B(1047.0M) Survivors: 66560.0K->43008.0K Heap: 1601.6M(1868.0M)->575.1M(1868.0M)]
Heap after GC invocations=595 (full 0):
 garbage-first heap   total 1912832K, used 588939K [0x000000008b400000, 0x000000008b503a60, 0x0000000100000000)
  region size 1024K, 42 young (43008K), 42 survivors (43008K)
 Metaspace       used 148175K, capacity 155167K, committed 155824K, reserved 1183744K
  class space    used 19677K, capacity 20984K, committed 21168K, reserved 1048576K
}
 [Times: user=0.25 sys=0.00, real=0.08 secs] 
2020-07-20T10:17:34.222+0000: 4090.158: Total time for which application threads were stopped: 0.0765094 seconds, Stopping threads took: 0.0003544 seconds
{Heap before GC invocations=595 (full 0):
 garbage-first heap   total 1912832K, used 1663115K [0x000000008b400000, 0x000000008b503a60, 0x0000000100000000)
  region size 1024K, 1089 young (1115136K), 42 survivors (43008K)
 Metaspace       used 148175K, capacity 155167K, committed 155824K, reserved 1183744K
  class space    used 19677K, capacity 20984K, committed 21168K, reserved 1048576K
2020-07-20T10:17:37.211+0000: 4093.147: [GC pause (G1 Evacuation Pause) (young)
Desired survivor size 71827456 bytes, new threshold 15 (max 15)
- age   1:   24455408 bytes,   24455408 total
- age   2:   13101680 bytes,   37557088 total
- age   3:     625088 bytes,   38182176 total
- age   4:    2171944 bytes,   40354120 total
- age   5:     586760 bytes,   40940880 total
- age   6:     745632 bytes,   41686512 total
, 0.0982155 secs]
   [Parallel Time: 94.0 ms, GC Workers: 4]
      [GC Worker Start (ms): Min: 4093147.5, Avg: 4093147.5, Max: 4093147.5, Diff: 0.0]
      [Ext Root Scanning (ms): Min: 5.2, Avg: 5.3, Max: 5.4, Diff: 0.2, Sum: 21.1]
      [Update RS (ms): Min: 27.0, Avg: 27.2, Max: 27.5, Diff: 0.5, Sum: 108.7]
         [Processed Buffers: Min: 18, Avg: 37.2, Max: 69, Diff: 51, Sum: 149]
      [Scan RS (ms): Min: 0.2, Avg: 0.3, Max: 0.4, Diff: 0.2, Sum: 1.2]
      [Code Root Scanning (ms): Min: 0.0, Avg: 0.0, Max: 0.0, Diff: 0.0, Sum: 0.1]
      [Object Copy (ms): Min: 60.9, Avg: 61.1, Max: 61.2, Diff: 0.3, Sum: 244.2]
      [Termination (ms): Min: 0.0, Avg: 0.0, Max: 0.0, Diff: 0.0, Sum: 0.0]
         [Termination Attempts: Min: 1, Avg: 1.8, Max: 2, Diff: 1, Sum: 7]
      [GC Worker Other (ms): Min: 0.1, Avg: 0.1, Max: 0.1, Diff: 0.0, Sum: 0.3]
      [GC Worker Total (ms): Min: 93.9, Avg: 93.9, Max: 93.9, Diff: 0.1, Sum: 375.5]
      [GC Worker End (ms): Min: 4093241.4, Avg: 4093241.4, Max: 4093241.4, Diff: 0.0]
   [Code Root Fixup: 0.0 ms]
   [Code Root Purge: 0.0 ms]
   [Clear CT: 0.3 ms]
   [Other: 3.9 ms]
      [Choose CSet: 0.0 ms]
      [Ref Proc: 1.9 ms]
      [Ref Enq: 0.1 ms]
      [Redirty Cards: 0.3 ms]
      [Humongous Register: 0.1 ms]
      [Humongous Reclaim: 0.0 ms]
      [Free CSet: 1.1 ms]
   [Eden: 1047.0M(1047.0M)->0.0B(993.0M) Survivors: 43008.0K->68608.0K Heap: 1624.1M(1868.0M)->602.6M(1868.0M)]
Heap after GC invocations=596 (full 0):
 garbage-first heap   total 1912832K, used 617099K [0x000000008b400000, 0x000000008b503a60, 0x0000000100000000)
  region size 1024K, 67 young (68608K), 67 survivors (68608K)
 Metaspace       used 148175K, capacity 155167K, committed 155824K, reserved 1183744K
  class space    used 19677K, capacity 20984K, committed 21168K, reserved 1048576K
}
 [Times: user=0.31 sys=0.01, real=0.10 secs] 
2020-07-20T10:17:37.310+0000: 4093.246: Total time for which application threads were stopped: 0.0999288 seconds, Stopping threads took: 0.0008012 seconds
{Heap before GC invocations=596 (full 0):
 garbage-first heap   total 1912832K, used 1633931K [0x000000008b400000, 0x000000008b503a60, 0x0000000100000000)
  region size 1024K, 1060 young (1085440K), 67 survivors (68608K)
 Metaspace       used 148175K, capacity 155167K, committed 155824K, reserved 1183744K
  class space    used 19677K, capacity 20984K, committed 21168K, reserved 1048576K
2020-07-20T10:17:40.168+0000: 4096.104: [GC pause (G1 Evacuation Pause) (young)
Desired survivor size 69730304 bytes, new threshold 15 (max 15)
- age   1:   33393992 bytes,   33393992 total
- age   2:   16694944 bytes,   50088936 total
- age   3:   13094432 bytes,   63183368 total
- age   4:     624200 bytes,   63807568 total
- age   5:    2156040 bytes,   65963608 total
- age   6:     578752 bytes,   66542360 total
- age   7:     740248 bytes,   67282608 total
, 0.0896296 secs]
   [Parallel Time: 84.0 ms, GC Workers: 4]
      [GC Worker Start (ms): Min: 4096104.2, Avg: 4096107.3, Max: 4096116.6, Diff: 12.4]
      [Ext Root Scanning (ms): Min: 0.0, Avg: 4.3, Max: 5.9, Diff: 5.9, Sum: 17.4]
      [Update RS (ms): Min: 16.6, Avg: 21.3, Max: 22.9, Diff: 6.4, Sum: 85.3]
         [Processed Buffers: Min: 20, Avg: 31.2, Max: 47, Diff: 27, Sum: 125]
      [Scan RS (ms): Min: 5.3, Avg: 5.4, Max: 5.5, Diff: 0.2, Sum: 21.5]
      [Code Root Scanning (ms): Min: 0.0, Avg: 0.0, Max: 0.0, Diff: 0.0, Sum: 0.1]
      [Object Copy (ms): Min: 49.3, Avg: 49.6, Max: 49.9, Diff: 0.6, Sum: 198.4]
      [Termination (ms): Min: 0.0, Avg: 0.1, Max: 0.1, Diff: 0.1, Sum: 0.2]
         [Termination Attempts: Min: 6, Avg: 8.5, Max: 13, Diff: 7, Sum: 34]
      [GC Worker Other (ms): Min: 0.0, Avg: 0.0, Max: 0.0, Diff: 0.0, Sum: 0.1]
      [GC Worker Total (ms): Min: 71.5, Avg: 80.8, Max: 83.9, Diff: 12.4, Sum: 323.1]
      [GC Worker End (ms): Min: 4096188.1, Avg: 4096188.1, Max: 4096188.1, Diff: 0.0]
   [Code Root Fixup: 0.0 ms]
   [Code Root Purge: 0.0 ms]
   [Clear CT: 0.5 ms]
   [Other: 5.1 ms]
      [Choose CSet: 0.0 ms]
      [Ref Proc: 2.9 ms]
      [Ref Enq: 0.2 ms]
      [Redirty Cards: 0.3 ms]
      [Humongous Register: 0.1 ms]
      [Humongous Reclaim: 0.0 ms]
      [Free CSet: 1.2 ms]
   [Eden: 993.0M(993.0M)->0.0B(1031.0M) Survivors: 68608.0K->51200.0K Heap: 1595.6M(1868.0M)->583.1M(1868.0M)]
Heap after GC invocations=597 (full 0):
 garbage-first heap   total 1912832K, used 597131K [0x000000008b400000, 0x000000008b503a60, 0x0000000100000000)
  region size 1024K, 50 young (51200K), 50 survivors (51200K)
 Metaspace       used 148175K, capacity 155167K, committed 155824K, reserved 1183744K
  class space    used 19677K, capacity 20984K, committed 21168K, reserved 1048576K
}
 [Times: user=0.26 sys=0.01, real=0.09 secs] 
2020-07-20T10:17:40.258+0000: 4096.194: Total time for which application threads were stopped: 0.0967099 seconds, Stopping threads took: 0.0062570 seconds
{Heap before GC invocations=597 (full 0):
 garbage-first heap   total 1912832K, used 1654923K [0x000000008b400000, 0x000000008b503a60, 0x0000000100000000)
  region size 1024K, 1081 young (1106944K), 50 survivors (51200K)
 Metaspace       used 148175K, capacity 155167K, committed 155824K, reserved 1183744K
  class space    used 19677K, capacity 20984K, committed 21168K, reserved 1048576K
2020-07-20T10:17:43.166+0000: 4099.102: [GC pause (G1 Evacuation Pause) (young)
Desired survivor size 71303168 bytes, new threshold 15 (max 15)
- age   1:   27197048 bytes,   27197048 total
- age   2:   15867792 bytes,   43064840 total
- age   3:     976304 bytes,   44041144 total
- age   4:     528872 bytes,   44570016 total
- age   5:     623840 bytes,   45193856 total
- age   6:    2147440 bytes,   47341296 total
- age   7:     578688 bytes,   47919984 total
- age   8:     739960 bytes,   48659944 total
, 0.1093398 secs]
   [Parallel Time: 104.7 ms, GC Workers: 4]
      [GC Worker Start (ms): Min: 4099102.1, Avg: 4099102.1, Max: 4099102.1, Diff: 0.1]
      [Ext Root Scanning (ms): Min: 5.7, Avg: 5.8, Max: 6.1, Diff: 0.3, Sum: 23.4]
      [Update RS (ms): Min: 18.5, Avg: 18.6, Max: 18.7, Diff: 0.2, Sum: 74.5]
         [Processed Buffers: Min: 12, Avg: 28.5, Max: 46, Diff: 34, Sum: 114]
      [Scan RS (ms): Min: 5.2, Avg: 5.3, Max: 5.4, Diff: 0.1, Sum: 21.1]
      [Code Root Scanning (ms): Min: 0.0, Avg: 0.0, Max: 0.0, Diff: 0.0, Sum: 0.1]
      [Object Copy (ms): Min: 74.6, Avg: 74.7, Max: 74.8, Diff: 0.2, Sum: 299.0]
      [Termination (ms): Min: 0.0, Avg: 0.0, Max: 0.0, Diff: 0.0, Sum: 0.1]
         [Termination Attempts: Min: 1, Avg: 4.8, Max: 8, Diff: 7, Sum: 19]
      [GC Worker Other (ms): Min: 0.0, Avg: 0.0, Max: 0.1, Diff: 0.0, Sum: 0.2]
      [GC Worker Total (ms): Min: 104.5, Avg: 104.6, Max: 104.6, Diff: 0.1, Sum: 418.2]
      [GC Worker End (ms): Min: 4099206.6, Avg: 4099206.6, Max: 4099206.7, Diff: 0.0]
   [Code Root Fixup: 0.0 ms]
   [Code Root Purge: 0.0 ms]
   [Clear CT: 0.5 ms]
   [Other: 4.1 ms]
      [Choose CSet: 0.0 ms]
      [Ref Proc: 2.1 ms]
      [Ref Enq: 0.1 ms]
      [Redirty Cards: 0.3 ms]
      [Humongous Register: 0.1 ms]
      [Humongous Reclaim: 0.0 ms]
      [Free CSet: 1.1 ms]
   [Eden: 1031.0M(1031.0M)->0.0B(977.0M) Survivors: 51200.0K->76800.0K Heap: 1616.1M(1868.0M)->610.6M(1868.0M)]
Heap after GC invocations=598 (full 0):
 garbage-first heap   total 1912832K, used 625291K [0x000000008b400000, 0x000000008b503a60, 0x0000000100000000)
  region size 1024K, 75 young (76800K), 75 survivors (76800K)
 Metaspace       used 148175K, capacity 155167K, committed 155824K, reserved 1183744K
  class space    used 19677K, capacity 20984K, committed 21168K, reserved 1048576K
}
 [Times: user=0.33 sys=0.02, real=0.11 secs] 
2020-07-20T10:17:43.276+0000: 4099.211: Total time for which application threads were stopped: 0.1121446 seconds, Stopping threads took: 0.0015076 seconds
{Heap before GC invocations=598 (full 0):
 garbage-first heap   total 1912832K, used 1625739K [0x000000008b400000, 0x000000008b503a60, 0x0000000100000000)
  region size 1024K, 1052 young (1077248K), 75 survivors (76800K)
 Metaspace       used 148175K, capacity 155167K, committed 155824K, reserved 1183744K
  class space    used 19677K, capacity 20984K, committed 21168K, reserved 1048576K
2020-07-20T10:17:45.997+0000: 4101.933: [GC pause (G1 Evacuation Pause) (young)
Desired survivor size 69206016 bytes, new threshold 3 (max 15)
- age   1:   34978648 bytes,   34978648 total
- age   2:   19741200 bytes,   54719848 total
- age   3:   15858424 bytes,   70578272 total
- age   4:     975736 bytes,   71554008 total
- age   5:     528472 bytes,   72082480 total
- age   6:     618520 bytes,   72701000 total
- age   7:    2139440 bytes,   74840440 total
- age   8:     578528 bytes,   75418968 total
- age   9:     739864 bytes,   76158832 total
, 0.0916804 secs]
   [Parallel Time: 86.9 ms, GC Workers: 4]
      [GC Worker Start (ms): Min: 4101933.6, Avg: 4101933.7, Max: 4101933.7, Diff: 0.1]
      [Ext Root Scanning (ms): Min: 5.1, Avg: 5.2, Max: 5.3, Diff: 0.2, Sum: 20.7]
      [Update RS (ms): Min: 27.2, Avg: 27.5, Max: 28.5, Diff: 1.4, Sum: 110.1]
         [Processed Buffers: Min: 11, Avg: 33.2, Max: 63, Diff: 52, Sum: 133]
      [Scan RS (ms): Min: 4.8, Avg: 5.6, Max: 5.9, Diff: 1.1, Sum: 22.3]
      [Code Root Scanning (ms): Min: 0.0, Avg: 0.0, Max: 0.0, Diff: 0.0, Sum: 0.1]
      [Object Copy (ms): Min: 48.1, Avg: 48.2, Max: 48.3, Diff: 0.3, Sum: 192.9]
      [Termination (ms): Min: 0.0, Avg: 0.1, Max: 0.1, Diff: 0.1, Sum: 0.4]
         [Termination Attempts: Min: 3, Avg: 5.5, Max: 8, Diff: 5, Sum: 22]
      [GC Worker Other (ms): Min: 0.0, Avg: 0.0, Max: 0.1, Diff: 0.0, Sum: 0.1]
      [GC Worker Total (ms): Min: 86.6, Avg: 86.6, Max: 86.7, Diff: 0.1, Sum: 346.6]
      [GC Worker End (ms): Min: 4102020.3, Avg: 4102020.3, Max: 4102020.3, Diff: 0.0]
   [Code Root Fixup: 0.0 ms]
   [Code Root Purge: 0.0 ms]
   [Clear CT: 0.4 ms]
   [Other: 4.4 ms]
      [Choose CSet: 0.0 ms]
      [Ref Proc: 2.0 ms]
      [Ref Enq: 0.2 ms]
      [Redirty Cards: 0.4 ms]
      [Humongous Register: 0.1 ms]
      [Humongous Reclaim: 0.1 ms]
      [Free CSet: 1.2 ms]
   [Eden: 977.0M(977.0M)->0.0B(1039.0M) Survivors: 76800.0K->44032.0K Heap: 1587.6M(1868.0M)->582.5M(1868.0M)]
Heap after GC invocations=599 (full 0):
 garbage-first heap   total 1912832K, used 596470K [0x000000008b400000, 0x000000008b503a60, 0x0000000100000000)
  region size 1024K, 43 young (44032K), 43 survivors (44032K)
 Metaspace       used 148175K, capacity 155167K, committed 155824K, reserved 1183744K
  class space    used 19677K, capacity 20984K, committed 21168K, reserved 1048576K
}
 [Times: user=0.29 sys=0.01, real=0.09 secs] 
2020-07-20T10:17:46.089+0000: 4102.025: Total time for which application threads were stopped: 0.0966981 seconds, Stopping threads took: 0.0041635 seconds
{Heap before GC invocations=599 (full 0):
 garbage-first heap   total 1912832K, used 1662454K [0x000000008b400000, 0x000000008b503a60, 0x0000000100000000)
  region size 1024K, 1082 young (1107968K), 43 survivors (44032K)
 Metaspace       used 148175K, capacity 155167K, committed 155824K, reserved 1183744K
  class space    used 19677K, capacity 20984K, committed 21168K, reserved 1048576K
2020-07-20T10:17:48.960+0000: 4104.896: [GC pause (G1 Evacuation Pause) (young)
Desired survivor size 71303168 bytes, new threshold 15 (max 15)
- age   1:   23863680 bytes,   23863680 total
- age   2:   17300368 bytes,   41164048 total
- age   3:    1159672 bytes,   42323720 total
, 0.1065866 secs]
   [Parallel Time: 101.5 ms, GC Workers: 4]
      [GC Worker Start (ms): Min: 4104896.2, Avg: 4104896.2, Max: 4104896.3, Diff: 0.1]
      [Ext Root Scanning (ms): Min: 5.7, Avg: 5.8, Max: 6.1, Diff: 0.4, Sum: 23.2]
      [Update RS (ms): Min: 30.6, Avg: 30.7, Max: 31.1, Diff: 0.5, Sum: 122.9]
         [Processed Buffers: Min: 18, Avg: 35.0, Max: 59, Diff: 41, Sum: 140]
      [Scan RS (ms): Min: 1.5, Avg: 1.9, Max: 2.0, Diff: 0.6, Sum: 7.4]
      [Code Root Scanning (ms): Min: 0.0, Avg: 0.0, Max: 0.0, Diff: 0.0, Sum: 0.1]
      [Object Copy (ms): Min: 62.7, Avg: 62.9, Max: 63.0, Diff: 0.3, Sum: 251.5]
      [Termination (ms): Min: 0.0, Avg: 0.0, Max: 0.0, Diff: 0.0, Sum: 0.1]
         [Termination Attempts: Min: 1, Avg: 1.5, Max: 3, Diff: 2, Sum: 6]
      [GC Worker Other (ms): Min: 0.0, Avg: 0.0, Max: 0.1, Diff: 0.0, Sum: 0.2]
      [GC Worker Total (ms): Min: 101.3, Avg: 101.3, Max: 101.4, Diff: 0.1, Sum: 405.4]
      [GC Worker End (ms): Min: 4104997.6, Avg: 4104997.6, Max: 4104997.6, Diff: 0.0]
   [Code Root Fixup: 0.1 ms]
   [Code Root Purge: 0.0 ms]
   [Clear CT: 0.6 ms]
   [Other: 4.5 ms]
      [Choose CSet: 0.0 ms]
      [Ref Proc: 2.3 ms]
      [Ref Enq: 0.2 ms]
      [Redirty Cards: 0.4 ms]
      [Humongous Register: 0.1 ms]
      [Humongous Reclaim: 0.0 ms]
      [Free CSet: 1.1 ms]
   [Eden: 1039.0M(1039.0M)->0.0B(993.0M) Survivors: 44032.0K->65536.0K Heap: 1623.5M(1868.0M)->606.0M(1868.0M)]
Heap after GC invocations=600 (full 0):
 garbage-first heap   total 1912832K, used 620534K [0x000000008b400000, 0x000000008b503a60, 0x0000000100000000)
  region size 1024K, 64 young (65536K), 64 survivors (65536K)
 Metaspace       used 148175K, capacity 155167K, committed 155824K, reserved 1183744K
  class space    used 19677K, capacity 20984K, committed 21168K, reserved 1048576K
}
 [Times: user=0.33 sys=0.01, real=0.11 secs] 
2020-07-20T10:17:49.067+0000: 4105.003: Total time for which application threads were stopped: 0.1083673 seconds, Stopping threads took: 0.0004803 seconds
{Heap before GC invocations=600 (full 0):
 garbage-first heap   total 1912832K, used 1637366K [0x000000008b400000, 0x000000008b503a60, 0x0000000100000000)
  region size 1024K, 1057 young (1082368K), 64 survivors (65536K)
 Metaspace       used 148175K, capacity 155167K, committed 155824K, reserved 1183744K
  class space    used 19677K, capacity 20984K, committed 21168K, reserved 1048576K
2020-07-20T10:17:51.797+0000: 4107.733: [GC pause (G1 Evacuation Pause) (young)
Desired survivor size 69730304 bytes, new threshold 15 (max 15)
- age   1:   30532896 bytes,   30532896 total
- age   2:   16882720 bytes,   47415616 total
- age   3:   17294456 bytes,   64710072 total
- age   4:    1159096 bytes,   65869168 total
, 0.0826811 secs]
   [Parallel Time: 78.5 ms, GC Workers: 4]
      [GC Worker Start (ms): Min: 4107733.5, Avg: 4107733.6, Max: 4107733.6, Diff: 0.1]
      [Ext Root Scanning (ms): Min: 7.0, Avg: 7.2, Max: 7.5, Diff: 0.5, Sum: 28.7]
      [Update RS (ms): Min: 27.8, Avg: 28.2, Max: 29.1, Diff: 1.3, Sum: 113.0]
         [Processed Buffers: Min: 11, Avg: 31.8, Max: 66, Diff: 55, Sum: 127]
      [Scan RS (ms): Min: 0.1, Avg: 0.3, Max: 0.5, Diff: 0.4, Sum: 1.4]
      [Code Root Scanning (ms): Min: 0.0, Avg: 0.0, Max: 0.0, Diff: 0.0, Sum: 0.1]
      [Object Copy (ms): Min: 41.9, Avg: 42.4, Max: 42.7, Diff: 0.8, Sum: 169.7]
      [Termination (ms): Min: 0.0, Avg: 0.0, Max: 0.0, Diff: 0.0, Sum: 0.0]
         [Termination Attempts: Min: 8, Avg: 9.2, Max: 10, Diff: 2, Sum: 37]
      [GC Worker Other (ms): Min: 0.0, Avg: 0.1, Max: 0.1, Diff: 0.1, Sum: 0.3]
      [GC Worker Total (ms): Min: 78.3, Avg: 78.3, Max: 78.3, Diff: 0.0, Sum: 313.2]
      [GC Worker End (ms): Min: 4107811.8, Avg: 4107811.9, Max: 4107811.9, Diff: 0.1]
   [Code Root Fixup: 0.0 ms]
   [Code Root Purge: 0.0 ms]
   [Clear CT: 0.4 ms]
   [Other: 3.8 ms]
      [Choose CSet: 0.0 ms]
      [Ref Proc: 1.9 ms]
      [Ref Enq: 0.1 ms]
      [Redirty Cards: 0.2 ms]
      [Humongous Register: 0.1 ms]
      [Humongous Reclaim: 0.1 ms]
      [Free CSet: 1.0 ms]
   [Eden: 993.0M(993.0M)->0.0B(1039.0M) Survivors: 65536.0K->44032.0K Heap: 1599.0M(1868.0M)->583.0M(1868.0M)]
Heap after GC invocations=601 (full 0):
 garbage-first heap   total 1912832K, used 596982K [0x000000008b400000, 0x000000008b503a60, 0x0000000100000000)
  region size 1024K, 43 young (44032K), 43 survivors (44032K)
 Metaspace       used 148175K, capacity 155167K, committed 155824K, reserved 1183744K
  class space    used 19677K, capacity 20984K, committed 21168K, reserved 1048576K
}
 [Times: user=0.22 sys=0.01, real=0.08 secs] 
2020-07-20T10:17:51.880+0000: 4107.816: Total time for which application threads were stopped: 0.0867920 seconds, Stopping threads took: 0.0032436 seconds
{Heap before GC invocations=601 (full 0):
 garbage-first heap   total 1912832K, used 1662966K [0x000000008b400000, 0x000000008b503a60, 0x0000000100000000)
  region size 1024K, 1082 young (1107968K), 43 survivors (44032K)
 Metaspace       used 148177K, capacity 155167K, committed 155824K, reserved 1183744K
  class space    used 19677K, capacity 20984K, committed 21168K, reserved 1048576K
2020-07-20T10:17:55.306+0000: 4111.241: [GC pause (G1 Evacuation Pause) (young)
Desired survivor size 71303168 bytes, new threshold 15 (max 15)
- age   1:   27541176 bytes,   27541176 total
- age   2:   12144792 bytes,   39685968 total
- age   3:    1076736 bytes,   40762704 total
- age   4:     966744 bytes,   41729448 total
- age   5:     789720 bytes,   42519168 total
, 0.1010333 secs]
   [Parallel Time: 93.4 ms, GC Workers: 4]
      [GC Worker Start (ms): Min: 4111241.7, Avg: 4111242.4, Max: 4111244.6, Diff: 2.9]
      [Ext Root Scanning (ms): Min: 3.0, Avg: 5.1, Max: 5.9, Diff: 2.9, Sum: 20.4]
      [Update RS (ms): Min: 17.3, Avg: 17.4, Max: 17.6, Diff: 0.3, Sum: 69.4]
         [Processed Buffers: Min: 6, Avg: 27.5, Max: 54, Diff: 48, Sum: 110]
      [Scan RS (ms): Min: 3.9, Avg: 4.0, Max: 4.1, Diff: 0.2, Sum: 16.0]
      [Code Root Scanning (ms): Min: 0.0, Avg: 0.0, Max: 0.0, Diff: 0.0, Sum: 0.1]
      [Object Copy (ms): Min: 65.6, Avg: 65.9, Max: 66.0, Diff: 0.4, Sum: 263.5]
      [Termination (ms): Min: 0.0, Avg: 0.1, Max: 0.1, Diff: 0.1, Sum: 0.2]
         [Termination Attempts: Min: 2, Avg: 4.0, Max: 7, Diff: 5, Sum: 16]
      [GC Worker Other (ms): Min: 0.0, Avg: 0.0, Max: 0.0, Diff: 0.0, Sum: 0.1]
      [GC Worker Total (ms): Min: 90.4, Avg: 92.4, Max: 93.1, Diff: 2.8, Sum: 369.7]
      [GC Worker End (ms): Min: 4111334.8, Avg: 4111334.9, Max: 4111334.9, Diff: 0.1]
   [Code Root Fixup: 0.1 ms]
   [Code Root Purge: 0.0 ms]
   [Clear CT: 0.6 ms]
   [Other: 6.9 ms]
      [Choose CSet: 0.0 ms]
      [Ref Proc: 4.7 ms]
      [Ref Enq: 0.2 ms]
      [Redirty Cards: 0.3 ms]
      [Humongous Register: 0.1 ms]
      [Humongous Reclaim: 0.0 ms]
      [Free CSet: 1.2 ms]
   [Eden: 1039.0M(1039.0M)->0.0B(979.0M) Survivors: 44032.0K->72704.0K Heap: 1624.0M(1868.0M)->612.5M(1868.0M)]
Heap after GC invocations=602 (full 0):
 garbage-first heap   total 1912832K, used 627190K [0x000000008b400000, 0x000000008b503a60, 0x0000000100000000)
  region size 1024K, 71 young (72704K), 71 survivors (72704K)
 Metaspace       used 148177K, capacity 155167K, committed 155824K, reserved 1183744K
  class space    used 19677K, capacity 20984K, committed 21168K, reserved 1048576K
}
 [Times: user=0.32 sys=0.01, real=0.10 secs] 
2020-07-20T10:17:55.407+0000: 4111.343: Total time for which application threads were stopped: 0.1047431 seconds, Stopping threads took: 0.0027418 seconds
{Heap before GC invocations=602 (full 0):
 garbage-first heap   total 1912832K, used 1631734K [0x000000008b400000, 0x000000008b503a60, 0x0000000100000000)
  region size 1024K, 1050 young (1075200K), 71 survivors (72704K)
 Metaspace       used 148177K, capacity 155167K, committed 155824K, reserved 1183744K
  class space    used 19677K, capacity 20984K, committed 21168K, reserved 1048576K
2020-07-20T10:17:58.163+0000: 4114.099: [GC pause (G1 Evacuation Pause) (young)
Desired survivor size 69206016 bytes, new threshold 4 (max 15)
- age   1:   36544952 bytes,   36544952 total
- age   2:   20485528 bytes,   57030480 total
- age   3:   12140248 bytes,   69170728 total
- age   4:    1054736 bytes,   70225464 total
- age   5:     963304 bytes,   71188768 total
- age   6:     787336 bytes,   71976104 total
, 0.0797988 secs]
   [Parallel Time: 75.4 ms, GC Workers: 4]
      [GC Worker Start (ms): Min: 4114098.8, Avg: 4114098.8, Max: 4114098.9, Diff: 0.1]
      [Ext Root Scanning (ms): Min: 5.1, Avg: 5.2, Max: 5.3, Diff: 0.2, Sum: 20.7]
      [Update RS (ms): Min: 22.0, Avg: 22.1, Max: 22.2, Diff: 0.2, Sum: 88.5]
         [Processed Buffers: Min: 15, Avg: 29.5, Max: 51, Diff: 36, Sum: 118]
      [Scan RS (ms): Min: 3.2, Avg: 3.3, Max: 3.4, Diff: 0.2, Sum: 13.3]
      [Code Root Scanning (ms): Min: 0.0, Avg: 0.0, Max: 0.1, Diff: 0.1, Sum: 0.1]
      [Object Copy (ms): Min: 44.3, Avg: 44.5, Max: 44.6, Diff: 0.3, Sum: 177.8]
      [Termination (ms): Min: 0.0, Avg: 0.0, Max: 0.0, Diff: 0.0, Sum: 0.1]
         [Termination Attempts: Min: 2, Avg: 10.8, Max: 18, Diff: 16, Sum: 43]
      [GC Worker Other (ms): Min: 0.0, Avg: 0.0, Max: 0.1, Diff: 0.0, Sum: 0.1]
      [GC Worker Total (ms): Min: 75.1, Avg: 75.2, Max: 75.2, Diff: 0.1, Sum: 300.7]
      [GC Worker End (ms): Min: 4114174.0, Avg: 4114174.0, Max: 4114174.0, Diff: 0.0]
   [Code Root Fixup: 0.0 ms]
   [Code Root Purge: 0.0 ms]
   [Clear CT: 0.4 ms]
   [Other: 4.0 ms]
      [Choose CSet: 0.0 ms]
      [Ref Proc: 2.0 ms]
      [Ref Enq: 0.1 ms]
      [Redirty Cards: 0.2 ms]
      [Humongous Register: 0.1 ms]
      [Humongous Reclaim: 0.0 ms]
      [Free CSet: 1.1 ms]
   [Eden: 979.0M(979.0M)->0.0B(1028.0M) Survivors: 72704.0K->46080.0K Heap: 1593.5M(1868.0M)->589.1M(1868.0M)]
Heap after GC invocations=603 (full 0):
 garbage-first heap   total 1912832K, used 603217K [0x000000008b400000, 0x000000008b503a60, 0x0000000100000000)
  region size 1024K, 45 young (46080K), 45 survivors (46080K)
 Metaspace       used 148177K, capacity 155167K, committed 155824K, reserved 1183744K
  class space    used 19677K, capacity 20984K, committed 21168K, reserved 1048576K
}
 [Times: user=0.26 sys=0.00, real=0.08 secs] 
2020-07-20T10:17:58.243+0000: 4114.179: Total time for which application threads were stopped: 0.0808764 seconds, Stopping threads took: 0.0001604 seconds
{Heap before GC invocations=603 (full 0):
 garbage-first heap   total 1912832K, used 1657937K [0x000000008b400000, 0x000000008b503a60, 0x0000000100000000)
  region size 1024K, 1073 young (1098752K), 45 survivors (46080K)
 Metaspace       used 148177K, capacity 155167K, committed 155824K, reserved 1183744K
  class space    used 19677K, capacity 20984K, committed 21168K, reserved 1048576K
2020-07-20T10:18:01.033+0000: 4116.969: [GC pause (G1 Evacuation Pause) (young)
Desired survivor size 70778880 bytes, new threshold 15 (max 15)
- age   1:   25335320 bytes,   25335320 total
- age   2:   18945288 bytes,   44280608 total
- age   3:     268304 bytes,   44548912 total
- age   4:     303160 bytes,   44852072 total
, 0.0862753 secs]
   [Parallel Time: 81.9 ms, GC Workers: 4]
      [GC Worker Start (ms): Min: 4116969.6, Avg: 4116969.6, Max: 4116969.6, Diff: 0.1]
      [Ext Root Scanning (ms): Min: 5.2, Avg: 5.3, Max: 5.4, Diff: 0.2, Sum: 21.2]
      [Update RS (ms): Min: 18.0, Avg: 18.3, Max: 19.0, Diff: 1.0, Sum: 73.0]
         [Processed Buffers: Min: 14, Avg: 27.2, Max: 43, Diff: 29, Sum: 109]
      [Scan RS (ms): Min: 1.4, Avg: 2.1, Max: 2.5, Diff: 1.1, Sum: 8.5]
      [Code Root Scanning (ms): Min: 0.0, Avg: 0.0, Max: 0.0, Diff: 0.0, Sum: 0.1]
      [Object Copy (ms): Min: 55.9, Avg: 56.0, Max: 56.0, Diff: 0.1, Sum: 223.8]
      [Termination (ms): Min: 0.0, Avg: 0.0, Max: 0.0, Diff: 0.0, Sum: 0.0]
         [Termination Attempts: Min: 1, Avg: 1.2, Max: 2, Diff: 1, Sum: 5]
      [GC Worker Other (ms): Min: 0.0, Avg: 0.1, Max: 0.1, Diff: 0.1, Sum: 0.2]
      [GC Worker Total (ms): Min: 81.7, Avg: 81.7, Max: 81.8, Diff: 0.1, Sum: 326.9]
      [GC Worker End (ms): Min: 4117051.3, Avg: 4117051.3, Max: 4117051.4, Diff: 0.1]
   [Code Root Fixup: 0.0 ms]
   [Code Root Purge: 0.0 ms]
   [Clear CT: 0.5 ms]
   [Other: 3.9 ms]
      [Choose CSet: 0.0 ms]
      [Ref Proc: 2.0 ms]
      [Ref Enq: 0.1 ms]
      [Redirty Cards: 0.2 ms]
      [Humongous Register: 0.1 ms]
      [Humongous Reclaim: 0.0 ms]
      [Free CSet: 1.1 ms]
   [Eden: 1028.0M(1028.0M)->0.0B(990.0M) Survivors: 46080.0K->63488.0K Heap: 1619.1M(1868.0M)->608.1M(1868.0M)]
Heap after GC invocations=604 (full 0):
 garbage-first heap   total 1912832K, used 622673K [0x000000008b400000, 0x000000008b503a60, 0x0000000100000000)
  region size 1024K, 62 young (63488K), 62 survivors (63488K)
 Metaspace       used 148177K, capacity 155167K, committed 155824K, reserved 1183744K
  class space    used 19677K, capacity 20984K, committed 21168K, reserved 1048576K
}
 [Times: user=0.28 sys=0.01, real=0.08 secs] 
2020-07-20T10:18:01.120+0000: 4117.056: Total time for which application threads were stopped: 0.0902367 seconds, Stopping threads took: 0.0030741 seconds
{Heap before GC invocations=604 (full 0):
 garbage-first heap   total 1912832K, used 1636433K [0x000000008b400000, 0x000000008b503a60, 0x0000000100000000)
  region size 1024K, 1052 young (1077248K), 62 survivors (63488K)
 Metaspace       used 148177K, capacity 155167K, committed 155824K, reserved 1183744K
  class space    used 19677K, capacity 20984K, committed 21168K, reserved 1048576K
2020-07-20T10:18:03.995+0000: 4119.931: [GC pause (G1 Evacuation Pause) (young)
Desired survivor size 69206016 bytes, new threshold 15 (max 15)
- age   1:   24973928 bytes,   24973928 total
- age   2:   17877360 bytes,   42851288 total
- age   3:   18463624 bytes,   61314912 total
- age   4:     265016 bytes,   61579928 total
- age   5:     301888 bytes,   61881816 total
, 0.0751829 secs]
   [Parallel Time: 70.2 ms, GC Workers: 4]
      [GC Worker Start (ms): Min: 4119931.1, Avg: 4119931.1, Max: 4119931.1, Diff: 0.1]
      [Ext Root Scanning (ms): Min: 5.2, Avg: 6.1, Max: 8.6, Diff: 3.4, Sum: 24.5]
      [Update RS (ms): Min: 18.1, Avg: 20.2, Max: 20.9, Diff: 2.9, Sum: 80.8]
         [Processed Buffers: Min: 11, Avg: 33.2, Max: 59, Diff: 48, Sum: 133]
      [Scan RS (ms): Min: 0.2, Avg: 0.3, Max: 0.3, Diff: 0.1, Sum: 1.1]
      [Code Root Scanning (ms): Min: 0.0, Avg: 0.0, Max: 0.0, Diff: 0.0, Sum: 0.1]
      [Object Copy (ms): Min: 43.1, Avg: 43.4, Max: 43.5, Diff: 0.4, Sum: 173.5]
      [Termination (ms): Min: 0.0, Avg: 0.0, Max: 0.0, Diff: 0.0, Sum: 0.1]
         [Termination Attempts: Min: 6, Avg: 44.0, Max: 63, Diff: 57, Sum: 176]
      [GC Worker Other (ms): Min: 0.0, Avg: 0.1, Max: 0.1, Diff: 0.1, Sum: 0.2]
      [GC Worker Total (ms): Min: 70.0, Avg: 70.1, Max: 70.1, Diff: 0.1, Sum: 280.2]
      [GC Worker End (ms): Min: 4120001.1, Avg: 4120001.1, Max: 4120001.2, Diff: 0.1]
   [Code Root Fixup: 0.0 ms]
   [Code Root Purge: 0.0 ms]
   [Clear CT: 0.4 ms]
   [Other: 4.5 ms]
      [Choose CSet: 0.0 ms]
      [Ref Proc: 2.3 ms]
      [Ref Enq: 0.4 ms]
      [Redirty Cards: 0.3 ms]
      [Humongous Register: 0.1 ms]
      [Humongous Reclaim: 0.1 ms]
      [Free CSet: 1.0 ms]
   [Eden: 990.0M(990.0M)->0.0B(1020.0M) Survivors: 63488.0K->50176.0K Heap: 1598.1M(1868.0M)->593.1M(1868.0M)]
Heap after GC invocations=605 (full 0):
 garbage-first heap   total 1912832K, used 607313K [0x000000008b400000, 0x000000008b503a60, 0x0000000100000000)
  region size 1024K, 49 young (50176K), 49 survivors (50176K)
 Metaspace       used 148177K, capacity 155167K, committed 155824K, reserved 1183744K
  class space    used 19677K, capacity 20984K, committed 21168K, reserved 1048576K
}
 [Times: user=0.24 sys=0.00, real=0.07 secs] 
2020-07-20T10:18:04.070+0000: 4120.006: Total time for which application threads were stopped: 0.0822528 seconds, Stopping threads took: 0.0062029 seconds
{Heap before GC invocations=605 (full 0):
 garbage-first heap   total 1912832K, used 1653841K [0x000000008b400000, 0x000000008b503a60, 0x0000000100000000)
  region size 1024K, 1069 young (1094656K), 49 survivors (50176K)
 Metaspace       used 148177K, capacity 155167K, committed 155824K, reserved 1183744K
  class space    used 19677K, capacity 20984K, committed 21168K, reserved 1048576K
2020-07-20T10:18:06.721+0000: 4122.657: [GC pause (G1 Evacuation Pause) (young)
Desired survivor size 70254592 bytes, new threshold 15 (max 15)
- age   1:   28389016 bytes,   28389016 total
- age   2:   16979488 bytes,   45368504 total
- age   3:    1273272 bytes,   46641776 total
- age   4:    1787072 bytes,   48428848 total
- age   5:     264776 bytes,   48693624 total
- age   6:     296576 bytes,   48990200 total
, 0.0621437 secs]
   [Parallel Time: 58.0 ms, GC Workers: 4]
      [GC Worker Start (ms): Min: 4122657.6, Avg: 4122657.6, Max: 4122657.7, Diff: 0.1]
      [Ext Root Scanning (ms): Min: 5.1, Avg: 5.2, Max: 5.3, Diff: 0.2, Sum: 20.7]
      [Update RS (ms): Min: 27.6, Avg: 27.8, Max: 28.5, Diff: 0.9, Sum: 111.3]
         [Processed Buffers: Min: 16, Avg: 36.2, Max: 57, Diff: 41, Sum: 145]
      [Scan RS (ms): Min: 0.2, Avg: 0.3, Max: 0.4, Diff: 0.2, Sum: 1.3]
      [Code Root Scanning (ms): Min: 0.0, Avg: 0.0, Max: 0.0, Diff: 0.0, Sum: 0.1]
      [Object Copy (ms): Min: 23.8, Avg: 24.4, Max: 24.7, Diff: 0.9, Sum: 97.7]
      [Termination (ms): Min: 0.0, Avg: 0.0, Max: 0.0, Diff: 0.0, Sum: 0.1]
         [Termination Attempts: Min: 8, Avg: 9.8, Max: 13, Diff: 5, Sum: 39]
      [GC Worker Other (ms): Min: 0.0, Avg: 0.1, Max: 0.1, Diff: 0.1, Sum: 0.2]
      [GC Worker Total (ms): Min: 57.8, Avg: 57.8, Max: 57.9, Diff: 0.1, Sum: 231.3]
      [GC Worker End (ms): Min: 4122715.4, Avg: 4122715.5, Max: 4122715.5, Diff: 0.1]
   [Code Root Fixup: 0.0 ms]
   [Code Root Purge: 0.0 ms]
   [Clear CT: 0.3 ms]
   [Other: 3.8 ms]
      [Choose CSet: 0.0 ms]
      [Ref Proc: 1.9 ms]
      [Ref Enq: 0.1 ms]
      [Redirty Cards: 0.2 ms]
      [Humongous Register: 0.1 ms]
      [Humongous Reclaim: 0.0 ms]
      [Free CSet: 1.0 ms]
   [Eden: 1020.0M(1020.0M)->0.0B(1051.0M) Survivors: 50176.0K->30720.0K Heap: 1615.1M(1868.0M)->574.6M(1868.0M)]
Heap after GC invocations=606 (full 0):
 garbage-first heap   total 1912832K, used 588369K [0x000000008b400000, 0x000000008b503a60, 0x0000000100000000)
  region size 1024K, 30 young (30720K), 30 survivors (30720K)
 Metaspace       used 148177K, capacity 155167K, committed 155824K, reserved 1183744K
  class space    used 19677K, capacity 20984K, committed 21168K, reserved 1048576K
}
 [Times: user=0.20 sys=0.01, real=0.06 secs] 
2020-07-20T10:18:06.784+0000: 4122.720: Total time for which application threads were stopped: 0.0676129 seconds, Stopping threads took: 0.0045653 seconds
{Heap before GC invocations=606 (full 0):
 garbage-first heap   total 1912832K, used 1666641K [0x000000008b400000, 0x000000008b503a60, 0x0000000100000000)
  region size 1024K, 1081 young (1106944K), 30 survivors (30720K)
 Metaspace       used 148177K, capacity 155167K, committed 155824K, reserved 1183744K
  class space    used 19677K, capacity 20984K, committed 21168K, reserved 1048576K
2020-07-20T10:18:09.985+0000: 4125.921: [GC pause (G1 Evacuation Pause) (young)
Desired survivor size 71303168 bytes, new threshold 15 (max 15)
- age   1:   20916496 bytes,   20916496 total
- age   2:    3438192 bytes,   24354688 total
- age   3:    1146040 bytes,   25500728 total
- age   4:    1271856 bytes,   26772584 total
- age   5:    1786976 bytes,   28559560 total
- age   6:     256048 bytes,   28815608 total
- age   7:     295904 bytes,   29111512 total
, 0.0893633 secs]
   [Parallel Time: 84.8 ms, GC Workers: 4]
      [GC Worker Start (ms): Min: 4125921.4, Avg: 4125921.4, Max: 4125921.5, Diff: 0.1]
      [Ext Root Scanning (ms): Min: 5.0, Avg: 5.1, Max: 5.3, Diff: 0.3, Sum: 20.6]
      [Update RS (ms): Min: 28.4, Avg: 28.7, Max: 29.5, Diff: 1.1, Sum: 114.8]
         [Processed Buffers: Min: 17, Avg: 34.8, Max: 53, Diff: 36, Sum: 139]
      [Scan RS (ms): Min: 0.4, Avg: 0.5, Max: 0.7, Diff: 0.3, Sum: 2.1]
      [Code Root Scanning (ms): Min: 0.0, Avg: 0.0, Max: 0.1, Diff: 0.1, Sum: 0.1]
      [Object Copy (ms): Min: 49.5, Avg: 50.0, Max: 50.3, Diff: 0.8, Sum: 200.1]
      [Termination (ms): Min: 0.0, Avg: 0.0, Max: 0.0, Diff: 0.0, Sum: 0.0]
         [Termination Attempts: Min: 3, Avg: 4.0, Max: 5, Diff: 2, Sum: 16]
      [GC Worker Other (ms): Min: 0.0, Avg: 0.1, Max: 0.2, Diff: 0.2, Sum: 0.5]
      [GC Worker Total (ms): Min: 84.5, Avg: 84.6, Max: 84.7, Diff: 0.2, Sum: 338.3]
      [GC Worker End (ms): Min: 4126006.0, Avg: 4126006.0, Max: 4126006.1, Diff: 0.1]
   [Code Root Fixup: 0.1 ms]
   [Code Root Purge: 0.0 ms]
   [Clear CT: 0.4 ms]
   [Other: 4.1 ms]
      [Choose CSet: 0.0 ms]
      [Ref Proc: 2.1 ms]
      [Ref Enq: 0.1 ms]
      [Redirty Cards: 0.3 ms]
      [Humongous Register: 0.1 ms]
      [Humongous Reclaim: 0.0 ms]
      [Free CSet: 1.1 ms]
   [Eden: 1051.0M(1051.0M)->0.0B(1014.0M) Survivors: 30720.0K->51200.0K Heap: 1627.6M(1868.0M)->596.1M(1868.0M)]
Heap after GC invocations=607 (full 0):
 garbage-first heap   total 1912832K, used 610385K [0x000000008b400000, 0x000000008b503a60, 0x0000000100000000)
  region size 1024K, 50 young (51200K), 50 survivors (51200K)
 Metaspace       used 148177K, capacity 155167K, committed 155824K, reserved 1183744K
  class space    used 19677K, capacity 20984K, committed 21168K, reserved 1048576K
}
 [Times: user=0.25 sys=0.02, real=0.09 secs] 
2020-07-20T10:18:10.075+0000: 4126.011: Total time for which application threads were stopped: 0.0904535 seconds, Stopping threads took: 0.0002141 seconds
{Heap before GC invocations=607 (full 0):
 garbage-first heap   total 1912832K, used 1648721K [0x000000008b400000, 0x000000008b503a60, 0x0000000100000000)
  region size 1024K, 1064 young (1089536K), 50 survivors (51200K)
 Metaspace       used 148177K, capacity 155167K, committed 155824K, reserved 1183744K
  class space    used 19677K, capacity 20984K, committed 21168K, reserved 1048576K
2020-07-20T10:18:13.042+0000: 4128.977: [GC pause (G1 Evacuation Pause) (young)
Desired survivor size 69730304 bytes, new threshold 15 (max 15)
- age   1:   29837648 bytes,   29837648 total
- age   2:   13765408 bytes,   43603056 total
- age   3:    2959384 bytes,   46562440 total
- age   4:    1145808 bytes,   47708248 total
- age   5:    1271744 bytes,   48979992 total
- age   6:    1783432 bytes,   50763424 total
- age   7:     253440 bytes,   51016864 total
- age   8:     295872 bytes,   51312736 total
, 0.0712944 secs]
   [Parallel Time: 62.5 ms, GC Workers: 4]
      [GC Worker Start (ms): Min: 4128978.0, Avg: 4128978.0, Max: 4128978.0, Diff: 0.1]
      [Ext Root Scanning (ms): Min: 5.0, Avg: 5.1, Max: 5.2, Diff: 0.2, Sum: 20.3]
      [Update RS (ms): Min: 22.2, Avg: 22.6, Max: 23.5, Diff: 1.3, Sum: 90.6]
         [Processed Buffers: Min: 8, Avg: 28.5, Max: 49, Diff: 41, Sum: 114]
      [Scan RS (ms): Min: 2.6, Avg: 3.4, Max: 3.7, Diff: 1.1, Sum: 13.7]
      [Code Root Scanning (ms): Min: 0.0, Avg: 0.0, Max: 0.1, Diff: 0.0, Sum: 0.1]
      [Object Copy (ms): Min: 30.8, Avg: 31.0, Max: 31.2, Diff: 0.3, Sum: 124.0]
      [Termination (ms): Min: 0.0, Avg: 0.0, Max: 0.0, Diff: 0.0, Sum: 0.0]
         [Termination Attempts: Min: 2, Avg: 2.5, Max: 3, Diff: 1, Sum: 10]
      [GC Worker Other (ms): Min: 0.1, Avg: 0.1, Max: 0.1, Diff: 0.1, Sum: 0.4]
      [GC Worker Total (ms): Min: 62.2, Avg: 62.3, Max: 62.3, Diff: 0.1, Sum: 249.1]
      [GC Worker End (ms): Min: 4129040.2, Avg: 4129040.3, Max: 4129040.3, Diff: 0.0]
   [Code Root Fixup: 0.0 ms]
   [Code Root Purge: 0.0 ms]
   [Clear CT: 0.4 ms]
   [Other: 8.3 ms]
      [Choose CSet: 0.0 ms]
      [Ref Proc: 6.0 ms]
      [Ref Enq: 0.2 ms]
      [Redirty Cards: 0.2 ms]
      [Humongous Register: 0.1 ms]
      [Humongous Reclaim: 0.1 ms]
      [Free CSet: 1.2 ms]
   [Eden: 1014.0M(1014.0M)->0.0B(1047.0M) Survivors: 51200.0K->35840.0K Heap: 1610.1M(1868.0M)->579.6M(1868.0M)]
Heap after GC invocations=608 (full 0):
 garbage-first heap   total 1912832K, used 593489K [0x000000008b400000, 0x000000008b503a60, 0x0000000100000000)
  region size 1024K, 35 young (35840K), 35 survivors (35840K)
 Metaspace       used 148177K, capacity 155167K, committed 155824K, reserved 1183744K
  class space    used 19677K, capacity 20984K, committed 21168K, reserved 1048576K
}
 [Times: user=0.21 sys=0.01, real=0.07 secs] 
2020-07-20T10:18:13.113+0000: 4129.049: Total time for which application threads were stopped: 0.0748523 seconds, Stopping threads took: 0.0026293 seconds
{Heap before GC invocations=608 (full 0):
 garbage-first heap   total 1912832K, used 1667665K [0x000000008b400000, 0x000000008b503a60, 0x0000000100000000)
  region size 1024K, 1082 young (1107968K), 35 survivors (35840K)
 Metaspace       used 148177K, capacity 155167K, committed 155824K, reserved 1183744K
  class space    used 19677K, capacity 20984K, committed 21168K, reserved 1048576K
2020-07-20T10:18:16.106+0000: 4132.042: [GC pause (G1 Evacuation Pause) (young)
Desired survivor size 71303168 bytes, new threshold 15 (max 15)
- age   1:   22972304 bytes,   22972304 total
- age   2:    4153016 bytes,   27125320 total
- age   3:    1096880 bytes,   28222200 total
- age   4:     883592 bytes,   29105792 total
- age   5:    1145744 bytes,   30251536 total
- age   6:    1268376 bytes,   31519912 total
- age   7:    1779680 bytes,   33299592 total
- age   8:     253328 bytes,   33552920 total
- age   9:     295808 bytes,   33848728 total
, 0.0890835 secs]
   [Parallel Time: 84.9 ms, GC Workers: 4]
      [GC Worker Start (ms): Min: 4132041.9, Avg: 4132041.9, Max: 4132041.9, Diff: 0.0]
      [Ext Root Scanning (ms): Min: 5.1, Avg: 5.1, Max: 5.3, Diff: 0.2, Sum: 20.6]
      [Update RS (ms): Min: 21.5, Avg: 21.6, Max: 21.8, Diff: 0.4, Sum: 86.2]
         [Processed Buffers: Min: 21, Avg: 33.8, Max: 41, Diff: 20, Sum: 135]
      [Scan RS (ms): Min: 0.2, Avg: 0.3, Max: 0.4, Diff: 0.3, Sum: 1.4]
      [Code Root Scanning (ms): Min: 0.0, Avg: 0.0, Max: 0.0, Diff: 0.0, Sum: 0.1]
      [Object Copy (ms): Min: 57.4, Avg: 57.6, Max: 57.7, Diff: 0.2, Sum: 230.2]
      [Termination (ms): Min: 0.1, Avg: 0.1, Max: 0.1, Diff: 0.0, Sum: 0.2]
         [Termination Attempts: Min: 7, Avg: 14.5, Max: 19, Diff: 12, Sum: 58]
      [GC Worker Other (ms): Min: 0.0, Avg: 0.0, Max: 0.1, Diff: 0.0, Sum: 0.1]
      [GC Worker Total (ms): Min: 84.7, Avg: 84.7, Max: 84.7, Diff: 0.1, Sum: 338.9]
      [GC Worker End (ms): Min: 4132126.6, Avg: 4132126.6, Max: 4132126.6, Diff: 0.0]
   [Code Root Fixup: 0.0 ms]
   [Code Root Purge: 0.0 ms]
   [Clear CT: 0.4 ms]
   [Other: 3.7 ms]
      [Choose CSet: 0.0 ms]
      [Ref Proc: 1.8 ms]
      [Ref Enq: 0.1 ms]
      [Redirty Cards: 0.3 ms]
      [Humongous Register: 0.1 ms]
      [Humongous Reclaim: 0.0 ms]
      [Free CSet: 1.1 ms]
   [Eden: 1047.0M(1047.0M)->0.0B(992.0M) Survivors: 35840.0K->62464.0K Heap: 1628.6M(1868.0M)->607.1M(1868.0M)]
Heap after GC invocations=609 (full 0):
 garbage-first heap   total 1912832K, used 621649K [0x000000008b400000, 0x000000008b503a60, 0x0000000100000000)
  region size 1024K, 61 young (62464K), 61 survivors (62464K)
 Metaspace       used 148177K, capacity 155167K, committed 155824K, reserved 1183744K
  class space    used 19677K, capacity 20984K, committed 21168K, reserved 1048576K
}
 [Times: user=0.29 sys=0.01, real=0.09 secs] 
2020-07-20T10:18:16.195+0000: 4132.131: Total time for which application threads were stopped: 0.0918206 seconds, Stopping threads took: 0.0018351 seconds
{Heap before GC invocations=609 (full 0):
 garbage-first heap   total 1912832K, used 1639505K [0x000000008b400000, 0x000000008b503a60, 0x0000000100000000)
  region size 1024K, 1053 young (1078272K), 61 survivors (62464K)
 Metaspace       used 148178K, capacity 155167K, committed 155824K, reserved 1183744K
  class space    used 19677K, capacity 20984K, committed 21168K, reserved 1048576K
2020-07-20T10:18:19.136+0000: 4135.072: [GC pause (G1 Evacuation Pause) (young)
Desired survivor size 69206016 bytes, new threshold 15 (max 15)
- age   1:   38135104 bytes,   38135104 total
- age   2:   15083288 bytes,   53218392 total
- age   3:    3245464 bytes,   56463856 total
- age   4:     730416 bytes,   57194272 total
- age   5:     512048 bytes,   57706320 total
- age   6:     641736 bytes,   58348056 total
- age   7:     600448 bytes,   58948504 total
- age   8:    1756640 bytes,   60705144 total
- age   9:     241944 bytes,   60947088 total
- age  10:     292840 bytes,   61239928 total
, 0.0709392 secs]
   [Parallel Time: 66.2 ms, GC Workers: 4]
      [GC Worker Start (ms): Min: 4135072.4, Avg: 4135072.4, Max: 4135072.5, Diff: 0.1]
      [Ext Root Scanning (ms): Min: 5.0, Avg: 5.1, Max: 5.2, Diff: 0.2, Sum: 20.4]
      [Update RS (ms): Min: 26.3, Avg: 26.4, Max: 26.6, Diff: 0.4, Sum: 105.6]
         [Processed Buffers: Min: 16, Avg: 35.2, Max: 56, Diff: 40, Sum: 141]
      [Scan RS (ms): Min: 0.3, Avg: 0.3, Max: 0.4, Diff: 0.2, Sum: 1.2]
      [Code Root Scanning (ms): Min: 0.0, Avg: 0.0, Max: 0.0, Diff: 0.0, Sum: 0.1]
      [Object Copy (ms): Min: 34.1, Avg: 34.2, Max: 34.3, Diff: 0.2, Sum: 136.8]
      [Termination (ms): Min: 0.0, Avg: 0.0, Max: 0.0, Diff: 0.0, Sum: 0.1]
         [Termination Attempts: Min: 1, Avg: 1.2, Max: 2, Diff: 1, Sum: 5]
      [GC Worker Other (ms): Min: 0.0, Avg: 0.0, Max: 0.1, Diff: 0.1, Sum: 0.2]
      [GC Worker Total (ms): Min: 66.1, Avg: 66.1, Max: 66.2, Diff: 0.1, Sum: 264.5]
      [GC Worker End (ms): Min: 4135138.5, Avg: 4135138.6, Max: 4135138.6, Diff: 0.1]
   [Code Root Fixup: 0.1 ms]
   [Code Root Purge: 0.0 ms]
   [Clear CT: 0.4 ms]
   [Other: 4.2 ms]
      [Choose CSet: 0.0 ms]
      [Ref Proc: 2.2 ms]
      [Ref Enq: 0.1 ms]
      [Redirty Cards: 0.3 ms]
      [Humongous Register: 0.1 ms]
      [Humongous Reclaim: 0.1 ms]
      [Free CSet: 1.0 ms]
   [Eden: 992.0M(992.0M)->0.0B(1041.0M) Survivors: 62464.0K->38912.0K Heap: 1601.1M(1868.0M)->582.6M(1868.0M)]
Heap after GC invocations=610 (full 0):
 garbage-first heap   total 1912832K, used 596561K [0x000000008b400000, 0x000000008b503a60, 0x0000000100000000)
  region size 1024K, 38 young (38912K), 38 survivors (38912K)
 Metaspace       used 148178K, capacity 155167K, committed 155824K, reserved 1183744K
  class space    used 19677K, capacity 20984K, committed 21168K, reserved 1048576K
}
 [Times: user=0.22 sys=0.02, real=0.07 secs] 
2020-07-20T10:18:19.207+0000: 4135.143: Total time for which application threads were stopped: 0.0720290 seconds, Stopping threads took: 0.0002162 seconds
{Heap before GC invocations=610 (full 0):
 garbage-first heap   total 1912832K, used 1664593K [0x000000008b400000, 0x000000008b503a60, 0x0000000100000000)
  region size 1024K, 1079 young (1104896K), 38 survivors (38912K)
 Metaspace       used 148178K, capacity 155167K, committed 155824K, reserved 1183744K
  class space    used 19677K, capacity 20984K, committed 21168K, reserved 1048576K
2020-07-20T10:18:22.221+0000: 4138.157: [GC pause (G1 Evacuation Pause) (young)
Desired survivor size 70778880 bytes, new threshold 15 (max 15)
- age   1:   23921384 bytes,   23921384 total
- age   2:    8729464 bytes,   32650848 total
- age   3:     397952 bytes,   33048800 total
- age   4:     441304 bytes,   33490104 total
- age   5:     576408 bytes,   34066512 total
- age   6:     474144 bytes,   34540656 total
- age   7:     595536 bytes,   35136192 total
- age   8:     527104 bytes,   35663296 total
- age   9:    1719080 bytes,   37382376 total
- age  10:     234832 bytes,   37617208 total
- age  11:     286232 bytes,   37903440 total
, 0.0845908 secs]
   [Parallel Time: 79.9 ms, GC Workers: 4]
      [GC Worker Start (ms): Min: 4138156.9, Avg: 4138156.9, Max: 4138156.9, Diff: 0.1]
      [Ext Root Scanning (ms): Min: 5.2, Avg: 5.2, Max: 5.4, Diff: 0.2, Sum: 20.9]
      [Update RS (ms): Min: 17.4, Avg: 17.7, Max: 18.4, Diff: 1.0, Sum: 70.9]
         [Processed Buffers: Min: 17, Avg: 27.8, Max: 50, Diff: 33, Sum: 111]
      [Scan RS (ms): Min: 2.8, Avg: 3.3, Max: 3.7, Diff: 0.9, Sum: 13.4]
      [Code Root Scanning (ms): Min: 0.0, Avg: 0.0, Max: 0.0, Diff: 0.0, Sum: 0.1]
      [Object Copy (ms): Min: 53.2, Avg: 53.3, Max: 53.3, Diff: 0.1, Sum: 213.1]
      [Termination (ms): Min: 0.0, Avg: 0.0, Max: 0.0, Diff: 0.0, Sum: 0.1]
         [Termination Attempts: Min: 18, Avg: 20.0, Max: 21, Diff: 3, Sum: 80]
      [GC Worker Other (ms): Min: 0.0, Avg: 0.0, Max: 0.0, Diff: 0.0, Sum: 0.2]
      [GC Worker Total (ms): Min: 79.6, Avg: 79.7, Max: 79.7, Diff: 0.1, Sum: 318.7]
      [GC Worker End (ms): Min: 4138236.6, Avg: 4138236.6, Max: 4138236.6, Diff: 0.0]
   [Code Root Fixup: 0.0 ms]
   [Code Root Purge: 0.0 ms]
   [Clear CT: 0.5 ms]
   [Other: 4.1 ms]
      [Choose CSet: 0.0 ms]
      [Ref Proc: 1.8 ms]
      [Ref Enq: 0.2 ms]
      [Redirty Cards: 0.3 ms]
      [Humongous Register: 0.1 ms]
      [Humongous Reclaim: 0.0 ms]
      [Free CSet: 1.2 ms]
   [Eden: 1041.0M(1041.0M)->0.0B(994.0M) Survivors: 38912.0K->61440.0K Heap: 1625.6M(1868.0M)->606.1M(1868.0M)]
Heap after GC invocations=611 (full 0):
 garbage-first heap   total 1912832K, used 620625K [0x000000008b400000, 0x000000008b503a60, 0x0000000100000000)
  region size 1024K, 60 young (61440K), 60 survivors (61440K)
 Metaspace       used 148178K, capacity 155167K, committed 155824K, reserved 1183744K
  class space    used 19677K, capacity 20984K, committed 21168K, reserved 1048576K
}
 [Times: user=0.27 sys=0.01, real=0.09 secs] 
2020-07-20T10:18:22.306+0000: 4138.241: Total time for which application threads were stopped: 0.0918531 seconds, Stopping threads took: 0.0063142 seconds
{Heap before GC invocations=611 (full 0):
 garbage-first heap   total 1912832K, used 1638481K [0x000000008b400000, 0x000000008b503a60, 0x0000000100000000)
  region size 1024K, 1054 young (1079296K), 60 survivors (61440K)
 Metaspace       used 148178K, capacity 155167K, committed 155824K, reserved 1183744K
  class space    used 19677K, capacity 20984K, committed 21168K, reserved 1048576K
2020-07-20T10:18:25.311+0000: 4141.247: [GC pause (G1 Evacuation Pause) (young)
Desired survivor size 69206016 bytes, new threshold 15 (max 15)
- age   1:   30293248 bytes,   30293248 total
- age   2:   16284952 bytes,   46578200 total
- age   3:    8683856 bytes,   55262056 total
- age   4:     385448 bytes,   55647504 total
- age   5:     426272 bytes,   56073776 total
- age   6:     564480 bytes,   56638256 total
- age   7:     467984 bytes,   57106240 total
- age   8:     583288 bytes,   57689528 total
- age   9:     520440 bytes,   58209968 total
- age  10:    1718120 bytes,   59928088 total
- age  11:     233864 bytes,   60161952 total
- age  12:     284968 bytes,   60446920 total
, 0.0704964 secs]
   [Parallel Time: 65.5 ms, GC Workers: 4]
      [GC Worker Start (ms): Min: 4141247.6, Avg: 4141247.6, Max: 4141247.7, Diff: 0.1]
      [Ext Root Scanning (ms): Min: 5.0, Avg: 5.1, Max: 5.3, Diff: 0.3, Sum: 20.6]
      [Update RS (ms): Min: 20.2, Avg: 20.4, Max: 21.0, Diff: 0.8, Sum: 81.7]
         [Processed Buffers: Min: 15, Avg: 32.2, Max: 53, Diff: 38, Sum: 129]
      [Scan RS (ms): Min: 3.7, Avg: 4.0, Max: 4.2, Diff: 0.6, Sum: 16.0]
      [Code Root Scanning (ms): Min: 0.0, Avg: 0.0, Max: 0.0, Diff: 0.0, Sum: 0.1]
      [Object Copy (ms): Min: 35.4, Avg: 35.5, Max: 35.6, Diff: 0.2, Sum: 141.9]
      [Termination (ms): Min: 0.0, Avg: 0.1, Max: 0.1, Diff: 0.1, Sum: 0.3]
         [Termination Attempts: Min: 1, Avg: 1.2, Max: 2, Diff: 1, Sum: 5]
      [GC Worker Other (ms): Min: 0.0, Avg: 0.1, Max: 0.1, Diff: 0.1, Sum: 0.2]
      [GC Worker Total (ms): Min: 65.2, Avg: 65.2, Max: 65.2, Diff: 0.0, Sum: 260.8]
      [GC Worker End (ms): Min: 4141312.8, Avg: 4141312.8, Max: 4141312.9, Diff: 0.1]
   [Code Root Fixup: 0.0 ms]
   [Code Root Purge: 0.0 ms]
   [Clear CT: 0.4 ms]
   [Other: 4.5 ms]
      [Choose CSet: 0.0 ms]
      [Ref Proc: 2.4 ms]
      [Ref Enq: 0.1 ms]
      [Redirty Cards: 0.3 ms]
      [Humongous Register: 0.1 ms]
      [Humongous Reclaim: 0.0 ms]
      [Free CSet: 1.2 ms]
   [Eden: 994.0M(994.0M)->0.0B(1038.0M) Survivors: 61440.0K->40960.0K Heap: 1600.1M(1868.0M)->584.1M(1868.0M)]
Heap after GC invocations=612 (full 0):
 garbage-first heap   total 1912832K, used 598097K [0x000000008b400000, 0x000000008b503a60, 0x0000000100000000)
  region size 1024K, 40 young (40960K), 40 survivors (40960K)
 Metaspace       used 148178K, capacity 155167K, committed 155824K, reserved 1183744K
  class space    used 19677K, capacity 20984K, committed 21168K, reserved 1048576K
}
 [Times: user=0.24 sys=0.00, real=0.08 secs] 
2020-07-20T10:18:25.390+0000: 4141.326: Total time for which application threads were stopped: 0.0795527 seconds, Stopping threads took: 0.0002527 seconds
{Heap before GC invocations=612 (full 0):
 garbage-first heap   total 1912832K, used 1663057K [0x000000008b400000, 0x000000008b503a60, 0x0000000100000000)
  region size 1024K, 1078 young (1103872K), 40 survivors (40960K)
 Metaspace       used 148178K, capacity 155167K, committed 155824K, reserved 1183744K
  class space    used 19677K, capacity 20984K, committed 21168K, reserved 1048576K
2020-07-20T10:18:28.297+0000: 4144.233: [GC pause (G1 Evacuation Pause) (young)
Desired survivor size 70778880 bytes, new threshold 15 (max 15)
- age   1:   27756528 bytes,   27756528 total
- age   2:    7104816 bytes,   34861344 total
- age   3:     545728 bytes,   35407072 total
- age   4:     292832 bytes,   35699904 total
- age   5:     376048 bytes,   36075952 total
- age   6:     424200 bytes,   36500152 total
- age   7:     561168 bytes,   37061320 total
- age   8:     467728 bytes,   37529048 total
- age   9:     579432 bytes,   38108480 total
- age  10:     519720 bytes,   38628200 total
- age  11:     235536 bytes,   38863736 total
- age  12:     233720 bytes,   39097456 total
- age  13:     284792 bytes,   39382248 total
, 0.1018764 secs]
   [Parallel Time: 97.0 ms, GC Workers: 4]
      [GC Worker Start (ms): Min: 4144233.6, Avg: 4144236.4, Max: 4144244.6, Diff: 11.0]
      [Ext Root Scanning (ms): Min: 0.0, Avg: 4.3, Max: 5.9, Diff: 5.9, Sum: 17.4]
      [Update RS (ms): Min: 30.5, Avg: 30.9, Max: 32.3, Diff: 1.9, Sum: 123.7]
         [Processed Buffers: Min: 25, Avg: 37.2, Max: 55, Diff: 30, Sum: 149]
      [Scan RS (ms): Min: 0.1, Avg: 0.3, Max: 0.4, Diff: 0.3, Sum: 1.2]
      [Code Root Scanning (ms): Min: 0.0, Avg: 0.0, Max: 0.0, Diff: 0.0, Sum: 0.1]
      [Object Copy (ms): Min: 53.4, Avg: 58.4, Max: 60.2, Diff: 6.8, Sum: 233.5]
      [Termination (ms): Min: 0.0, Avg: 0.1, Max: 0.1, Diff: 0.0, Sum: 0.2]
         [Termination Attempts: Min: 4, Avg: 7.0, Max: 9, Diff: 5, Sum: 28]
      [GC Worker Other (ms): Min: 0.0, Avg: 0.0, Max: 0.1, Diff: 0.0, Sum: 0.1]
      [GC Worker Total (ms): Min: 85.9, Avg: 94.0, Max: 96.8, Diff: 10.9, Sum: 376.2]
      [GC Worker End (ms): Min: 4144330.4, Avg: 4144330.4, Max: 4144330.5, Diff: 0.1]
   [Code Root Fixup: 0.0 ms]
   [Code Root Purge: 0.0 ms]
   [Clear CT: 0.4 ms]
   [Other: 4.4 ms]
      [Choose CSet: 0.0 ms]
      [Ref Proc: 2.4 ms]
      [Ref Enq: 0.1 ms]
      [Redirty Cards: 0.3 ms]
      [Humongous Register: 0.1 ms]
      [Humongous Reclaim: 0.0 ms]
      [Free CSet: 1.0 ms]
   [Eden: 1038.0M(1038.0M)->0.0B(984.0M) Survivors: 40960.0K->66560.0K Heap: 1624.1M(1868.0M)->611.1M(1868.0M)]
Heap after GC invocations=613 (full 0):
 garbage-first heap   total 1912832K, used 625745K [0x000000008b400000, 0x000000008b503a60, 0x0000000100000000)
  region size 1024K, 65 young (66560K), 65 survivors (66560K)
 Metaspace       used 148178K, capacity 155167K, committed 155824K, reserved 1183744K
  class space    used 19677K, capacity 20984K, committed 21168K, reserved 1048576K
}
 [Times: user=0.31 sys=0.00, real=0.10 secs] 
2020-07-20T10:18:28.400+0000: 4144.336: Total time for which application threads were stopped: 0.1079366 seconds, Stopping threads took: 0.0051343 seconds
{Heap before GC invocations=613 (full 0):
 garbage-first heap   total 1912832K, used 1633361K [0x000000008b400000, 0x000000008b503a60, 0x0000000100000000)
  region size 1024K, 1049 young (1074176K), 65 survivors (66560K)
 Metaspace       used 148178K, capacity 155167K, committed 155824K, reserved 1183744K
  class space    used 19677K, capacity 20984K, committed 21168K, reserved 1048576K
2020-07-20T10:18:31.229+0000: 4147.165: [GC pause (G1 Evacuation Pause) (young)
Desired survivor size 69206016 bytes, new threshold 15 (max 15)
- age   1:   32905080 bytes,   32905080 total
- age   2:   20546536 bytes,   53451616 total
- age   3:    7098576 bytes,   60550192 total
- age   4:     529856 bytes,   61080048 total
- age   5:     286504 bytes,   61366552 total
- age   6:     374360 bytes,   61740912 total
- age   7:     421800 bytes,   62162712 total
- age   8:     561072 bytes,   62723784 total
- age   9:     467632 bytes,   63191416 total
- age  10:     579272 bytes,   63770688 total
- age  11:     519592 bytes,   64290280 total
- age  12:     234672 bytes,   64524952 total
- age  13:     232584 bytes,   64757536 total
- age  14:     281312 bytes,   65038848 total
, 0.0814685 secs]
   [Parallel Time: 77.1 ms, GC Workers: 4]
      [GC Worker Start (ms): Min: 4147165.2, Avg: 4147165.2, Max: 4147165.3, Diff: 0.1]
      [Ext Root Scanning (ms): Min: 4.9, Avg: 5.0, Max: 5.1, Diff: 0.2, Sum: 20.0]
      [Update RS (ms): Min: 27.5, Avg: 27.8, Max: 28.7, Diff: 1.2, Sum: 111.3]
         [Processed Buffers: Min: 11, Avg: 36.5, Max: 59, Diff: 48, Sum: 146]
      [Scan RS (ms): Min: 0.9, Avg: 1.6, Max: 1.9, Diff: 1.1, Sum: 6.5]
      [Code Root Scanning (ms): Min: 0.0, Avg: 0.0, Max: 0.0, Diff: 0.0, Sum: 0.1]
      [Object Copy (ms): Min: 42.2, Avg: 42.3, Max: 42.4, Diff: 0.2, Sum: 169.2]
      [Termination (ms): Min: 0.0, Avg: 0.0, Max: 0.0, Diff: 0.0, Sum: 0.0]
         [Termination Attempts: Min: 1, Avg: 4.0, Max: 6, Diff: 5, Sum: 16]
      [GC Worker Other (ms): Min: 0.1, Avg: 0.1, Max: 0.2, Diff: 0.0, Sum: 0.5]
      [GC Worker Total (ms): Min: 76.9, Avg: 76.9, Max: 77.0, Diff: 0.1, Sum: 307.7]
      [GC Worker End (ms): Min: 4147242.1, Avg: 4147242.1, Max: 4147242.2, Diff: 0.0]
   [Code Root Fixup: 0.0 ms]
   [Code Root Purge: 0.0 ms]
   [Clear CT: 0.4 ms]
   [Other: 3.9 ms]
      [Choose CSet: 0.0 ms]
      [Ref Proc: 1.9 ms]
      [Ref Enq: 0.1 ms]
      [Redirty Cards: 0.3 ms]
      [Humongous Register: 0.1 ms]
      [Humongous Reclaim: 0.0 ms]
      [Free CSet: 1.1 ms]
   [Eden: 984.0M(984.0M)->0.0B(1028.0M) Survivors: 66560.0K->46080.0K Heap: 1595.1M(1868.0M)->589.6M(1868.0M)]
Heap after GC invocations=614 (full 0):
 garbage-first heap   total 1912832K, used 603729K [0x000000008b400000, 0x000000008b503a60, 0x0000000100000000)
  region size 1024K, 45 young (46080K), 45 survivors (46080K)
 Metaspace       used 148178K, capacity 155167K, committed 155824K, reserved 1183744K
  class space    used 19677K, capacity 20984K, committed 21168K, reserved 1048576K
}
 [Times: user=0.27 sys=0.00, real=0.08 secs] 
2020-07-20T10:18:31.311+0000: 4147.247: Total time for which application threads were stopped: 0.0837615 seconds, Stopping threads took: 0.0014395 seconds
{Heap before GC invocations=614 (full 0):
 garbage-first heap   total 1912832K, used 1658449K [0x000000008b400000, 0x000000008b503a60, 0x0000000100000000)
  region size 1024K, 1073 young (1098752K), 45 survivors (46080K)
 Metaspace       used 148178K, capacity 155167K, committed 155824K, reserved 1183744K
  class space    used 19677K, capacity 20984K, committed 21168K, reserved 1048576K
2020-07-20T10:18:33.981+0000: 4149.917: [GC pause (G1 Evacuation Pause) (young)
Desired survivor size 70778880 bytes, new threshold 15 (max 15)
- age   1:   25414264 bytes,   25414264 total
- age   2:   12306048 bytes,   37720312 total
- age   3:    2454280 bytes,   40174592 total
- age   4:     933344 bytes,   41107936 total
- age   5:     523328 bytes,   41631264 total
- age   6:     280088 bytes,   41911352 total
- age   7:     372280 bytes,   42283632 total
- age   8:     421160 bytes,   42704792 total
- age   9:     560928 bytes,   43265720 total
- age  10:     467504 bytes,   43733224 total
- age  11:     566056 bytes,   44299280 total
- age  12:     518360 bytes,   44817640 total
- age  13:     230984 bytes,   45048624 total
- age  14:     232472 bytes,   45281096 total
- age  15:     280608 bytes,   45561704 total
, 0.1074539 secs]
   [Parallel Time: 102.8 ms, GC Workers: 4]
      [GC Worker Start (ms): Min: 4149917.6, Avg: 4149918.2, Max: 4149920.2, Diff: 2.6]
      [Ext Root Scanning (ms): Min: 3.2, Avg: 7.4, Max: 14.9, Diff: 11.7, Sum: 29.4]
      [Update RS (ms): Min: 28.1, Avg: 28.5, Max: 29.2, Diff: 1.2, Sum: 113.9]
         [Processed Buffers: Min: 17, Avg: 29.8, Max: 43, Diff: 26, Sum: 119]
      [Scan RS (ms): Min: 0.1, Avg: 6.7, Max: 9.3, Diff: 9.2, Sum: 26.7]
      [Code Root Scanning (ms): Min: 0.0, Avg: 0.0, Max: 0.0, Diff: 0.0, Sum: 0.1]
      [Object Copy (ms): Min: 59.2, Avg: 59.5, Max: 59.7, Diff: 0.5, Sum: 237.9]
      [Termination (ms): Min: 0.0, Avg: 0.0, Max: 0.0, Diff: 0.0, Sum: 0.0]
         [Termination Attempts: Min: 1, Avg: 1.0, Max: 1, Diff: 0, Sum: 4]
      [GC Worker Other (ms): Min: 0.0, Avg: 0.0, Max: 0.1, Diff: 0.1, Sum: 0.2]
      [GC Worker Total (ms): Min: 100.1, Avg: 102.0, Max: 102.7, Diff: 2.7, Sum: 408.2]
      [GC Worker End (ms): Min: 4150020.3, Avg: 4150020.3, Max: 4150020.3, Diff: 0.1]
   [Code Root Fixup: 0.0 ms]
   [Code Root Purge: 0.0 ms]
   [Clear CT: 0.4 ms]
   [Other: 4.2 ms]
      [Choose CSet: 0.0 ms]
      [Ref Proc: 2.0 ms]
      [Ref Enq: 0.2 ms]
      [Redirty Cards: 0.3 ms]
      [Humongous Register: 0.1 ms]
      [Humongous Reclaim: 0.0 ms]
      [Free CSet: 1.3 ms]
   [Eden: 1028.0M(1028.0M)->0.0B(978.0M) Survivors: 46080.0K->69632.0K Heap: 1619.6M(1868.0M)->614.9M(1868.0M)]
Heap after GC invocations=615 (full 0):
 garbage-first heap   total 1912832K, used 629610K [0x000000008b400000, 0x000000008b503a60, 0x0000000100000000)
  region size 1024K, 68 young (69632K), 68 survivors (69632K)
 Metaspace       used 148178K, capacity 155167K, committed 155824K, reserved 1183744K
  class space    used 19677K, capacity 20984K, committed 21168K, reserved 1048576K
}
 [Times: user=0.34 sys=0.00, real=0.10 secs] 
2020-07-20T10:18:34.089+0000: 4150.025: Total time for which application threads were stopped: 0.1104856 seconds, Stopping threads took: 0.0022145 seconds
{Heap before GC invocations=615 (full 0):
 garbage-first heap   total 1912832K, used 1631082K [0x000000008b400000, 0x000000008b503a60, 0x0000000100000000)
  region size 1024K, 1046 young (1071104K), 68 survivors (69632K)
 Metaspace       used 148181K, capacity 155231K, committed 156080K, reserved 1183744K
  class space    used 19677K, capacity 20984K, committed 21168K, reserved 1048576K
2020-07-20T10:18:38.382+0000: 4154.318: [GC pause (G1 Evacuation Pause) (young)
Desired survivor size 68681728 bytes, new threshold 12 (max 15)
- age   1:   32370688 bytes,   32370688 total
- age   2:   17647808 bytes,   50018496 total
- age   3:   12290000 bytes,   62308496 total
- age   4:    2442720 bytes,   64751216 total
- age   5:     932232 bytes,   65683448 total
- age   6:     514640 bytes,   66198088 total
- age   7:     280048 bytes,   66478136 total
- age   8:     371864 bytes,   66850000 total
- age   9:     421112 bytes,   67271112 total
- age  10:     560384 bytes,   67831496 total
- age  11:     466024 bytes,   68297520 total
- age  12:     566056 bytes,   68863576 total
- age  13:     518024 bytes,   69381600 total
- age  14:     230920 bytes,   69612520 total
- age  15:     232208 bytes,   69844728 total
, 0.0646994 secs]
   [Parallel Time: 60.8 ms, GC Workers: 4]
      [GC Worker Start (ms): Min: 4154318.0, Avg: 4154321.1, Max: 4154330.4, Diff: 12.4]
      [Ext Root Scanning (ms): Min: 0.0, Avg: 4.0, Max: 5.4, Diff: 5.4, Sum: 16.0]
      [Update RS (ms): Min: 19.6, Avg: 24.8, Max: 26.6, Diff: 6.9, Sum: 99.1]
         [Processed Buffers: Min: 11, Avg: 33.2, Max: 49, Diff: 38, Sum: 133]
      [Scan RS (ms): Min: 6.1, Avg: 6.2, Max: 6.3, Diff: 0.2, Sum: 24.7]
      [Code Root Scanning (ms): Min: 0.0, Avg: 0.0, Max: 0.0, Diff: 0.0, Sum: 0.1]
      [Object Copy (ms): Min: 22.2, Avg: 22.5, Max: 22.7, Diff: 0.4, Sum: 90.1]
      [Termination (ms): Min: 0.0, Avg: 0.0, Max: 0.0, Diff: 0.0, Sum: 0.1]
         [Termination Attempts: Min: 9, Avg: 10.2, Max: 12, Diff: 3, Sum: 41]
      [GC Worker Other (ms): Min: 0.0, Avg: 0.1, Max: 0.1, Diff: 0.1, Sum: 0.3]
      [GC Worker Total (ms): Min: 48.3, Avg: 57.6, Max: 60.7, Diff: 12.4, Sum: 230.2]
      [GC Worker End (ms): Min: 4154378.7, Avg: 4154378.7, Max: 4154378.7, Diff: 0.1]
   [Code Root Fixup: 0.0 ms]
   [Code Root Purge: 0.0 ms]
   [Clear CT: 0.4 ms]
   [Other: 3.5 ms]
      [Choose CSet: 0.0 ms]
      [Ref Proc: 1.4 ms]
      [Ref Enq: 0.1 ms]
      [Redirty Cards: 0.2 ms]
      [Humongous Register: 0.1 ms]
      [Humongous Reclaim: 0.0 ms]
      [Free CSet: 1.2 ms]
   [Eden: 978.0M(978.0M)->0.0B(1049.0M) Survivors: 69632.0K->32768.0K Heap: 1592.9M(1868.0M)->578.4M(1868.0M)]
Heap after GC invocations=616 (full 0):
 garbage-first heap   total 1912832K, used 592313K [0x000000008b400000, 0x000000008b503a60, 0x0000000100000000)
  region size 1024K, 32 young (32768K), 32 survivors (32768K)
 Metaspace       used 148181K, capacity 155231K, committed 156080K, reserved 1183744K
  class space    used 19677K, capacity 20984K, committed 21168K, reserved 1048576K
}
 [Times: user=0.22 sys=0.00, real=0.06 secs] 
2020-07-20T10:18:38.447+0000: 4154.383: Total time for which application threads were stopped: 0.0656138 seconds, Stopping threads took: 0.0001175 seconds
{Heap before GC invocations=616 (full 0):
 garbage-first heap   total 1912832K, used 1666489K [0x000000008b400000, 0x000000008b503a60, 0x0000000100000000)
  region size 1024K, 1081 young (1106944K), 32 survivors (32768K)
 Metaspace       used 148181K, capacity 155231K, committed 156080K, reserved 1183744K
  class space    used 19677K, capacity 20984K, committed 21168K, reserved 1048576K
2020-07-20T10:18:45.409+0000: 4161.345: [GC pause (G1 Evacuation Pause) (young)
Desired survivor size 71303168 bytes, new threshold 15 (max 15)
- age   1:   10244072 bytes,   10244072 total
- age   2:   13832944 bytes,   24077016 total
- age   3:     728200 bytes,   24805216 total
- age   4:     820272 bytes,   25625488 total
- age   5:    2442352 bytes,   28067840 total
- age   6:     931664 bytes,   28999504 total
- age   7:     509072 bytes,   29508576 total
- age   8:     280000 bytes,   29788576 total
- age   9:     371352 bytes,   30159928 total
- age  10:     419768 bytes,   30579696 total
- age  11:     559128 bytes,   31138824 total
- age  12:     464728 bytes,   31603552 total
, 0.0552358 secs]
   [Parallel Time: 51.6 ms, GC Workers: 4]
      [GC Worker Start (ms): Min: 4161345.5, Avg: 4161345.5, Max: 4161345.5, Diff: 0.1]
      [Ext Root Scanning (ms): Min: 4.8, Avg: 4.8, Max: 5.0, Diff: 0.2, Sum: 19.3]
      [Update RS (ms): Min: 19.6, Avg: 19.7, Max: 19.7, Diff: 0.1, Sum: 78.7]
         [Processed Buffers: Min: 22, Avg: 33.2, Max: 50, Diff: 28, Sum: 133]
      [Scan RS (ms): Min: 5.1, Avg: 5.1, Max: 5.3, Diff: 0.2, Sum: 20.5]
      [Code Root Scanning (ms): Min: 0.0, Avg: 0.0, Max: 0.0, Diff: 0.0, Sum: 0.1]
      [Object Copy (ms): Min: 21.7, Avg: 21.8, Max: 21.9, Diff: 0.2, Sum: 87.1]
      [Termination (ms): Min: 0.0, Avg: 0.0, Max: 0.0, Diff: 0.0, Sum: 0.0]
         [Termination Attempts: Min: 8, Avg: 8.5, Max: 9, Diff: 1, Sum: 34]
      [GC Worker Other (ms): Min: 0.0, Avg: 0.1, Max: 0.1, Diff: 0.1, Sum: 0.3]
      [GC Worker Total (ms): Min: 51.4, Avg: 51.5, Max: 51.5, Diff: 0.1, Sum: 206.0]
      [GC Worker End (ms): Min: 4161396.9, Avg: 4161397.0, Max: 4161397.0, Diff: 0.1]
   [Code Root Fixup: 0.0 ms]
   [Code Root Purge: 0.0 ms]
   [Clear CT: 0.4 ms]
   [Other: 3.2 ms]
      [Choose CSet: 0.0 ms]
      [Ref Proc: 1.3 ms]
      [Ref Enq: 0.1 ms]
      [Redirty Cards: 0.2 ms]
      [Humongous Register: 0.1 ms]
      [Humongous Reclaim: 0.0 ms]
      [Free CSet: 1.2 ms]
   [Eden: 1049.0M(1049.0M)->0.0B(1051.0M) Survivors: 32768.0K->33792.0K Heap: 1627.4M(1868.0M)->579.4M(1868.0M)]
Heap after GC invocations=617 (full 0):
 garbage-first heap   total 1912832K, used 593337K [0x000000008b400000, 0x000000008b503a60, 0x0000000100000000)
  region size 1024K, 33 young (33792K), 33 survivors (33792K)
 Metaspace       used 148181K, capacity 155231K, committed 156080K, reserved 1183744K
  class space    used 19677K, capacity 20984K, committed 21168K, reserved 1048576K
}
 [Times: user=0.21 sys=0.00, real=0.06 secs] 
2020-07-20T10:18:45.465+0000: 4161.401: Total time for which application threads were stopped: 0.0563259 seconds, Stopping threads took: 0.0002124 seconds
{Heap before GC invocations=617 (full 0):
 garbage-first heap   total 1912832K, used 1669561K [0x000000008b400000, 0x000000008b503a60, 0x0000000100000000)
  region size 1024K, 1084 young (1110016K), 33 survivors (33792K)
 Metaspace       used 148181K, capacity 155231K, committed 156080K, reserved 1183744K
  class space    used 19677K, capacity 20984K, committed 21168K, reserved 1048576K
2020-07-20T10:18:52.433+0000: 4168.369: [GC pause (G1 Evacuation Pause) (young)
Desired survivor size 71303168 bytes, new threshold 15 (max 15)
- age   1:    6274832 bytes,    6274832 total
- age   2:    5695368 bytes,   11970200 total
- age   3:   13341280 bytes,   25311480 total
- age   4:     724016 bytes,   26035496 total
- age   5:     819920 bytes,   26855416 total
- age   6:    2441880 bytes,   29297296 total
- age   7:     931632 bytes,   30228928 total
- age   8:     505968 bytes,   30734896 total
- age   9:     279744 bytes,   31014640 total
- age  10:     370200 bytes,   31384840 total
- age  11:     419224 bytes,   31804064 total
- age  12:     558568 bytes,   32362632 total
- age  13:     463912 bytes,   32826544 total
, 0.0576526 secs]
   [Parallel Time: 53.8 ms, GC Workers: 4]
      [GC Worker Start (ms): Min: 4168368.9, Avg: 4168368.9, Max: 4168368.9, Diff: 0.1]
      [Ext Root Scanning (ms): Min: 4.8, Avg: 4.9, Max: 5.0, Diff: 0.2, Sum: 19.6]
      [Update RS (ms): Min: 21.1, Avg: 21.2, Max: 21.3, Diff: 0.2, Sum: 84.8]
         [Processed Buffers: Min: 28, Avg: 33.0, Max: 37, Diff: 9, Sum: 132]
      [Scan RS (ms): Min: 4.8, Avg: 4.9, Max: 5.0, Diff: 0.2, Sum: 19.5]
      [Code Root Scanning (ms): Min: 0.0, Avg: 0.0, Max: 0.0, Diff: 0.0, Sum: 0.1]
      [Object Copy (ms): Min: 22.5, Avg: 22.6, Max: 22.7, Diff: 0.2, Sum: 90.4]
      [Termination (ms): Min: 0.0, Avg: 0.0, Max: 0.0, Diff: 0.0, Sum: 0.0]
         [Termination Attempts: Min: 1, Avg: 1.5, Max: 2, Diff: 1, Sum: 6]
      [GC Worker Other (ms): Min: 0.0, Avg: 0.1, Max: 0.1, Diff: 0.1, Sum: 0.2]
      [GC Worker Total (ms): Min: 53.6, Avg: 53.6, Max: 53.7, Diff: 0.1, Sum: 214.6]
      [GC Worker End (ms): Min: 4168422.5, Avg: 4168422.5, Max: 4168422.6, Diff: 0.1]
   [Code Root Fixup: 0.0 ms]
   [Code Root Purge: 0.0 ms]
   [Clear CT: 0.3 ms]
   [Other: 3.5 ms]
      [Choose CSet: 0.0 ms]
      [Ref Proc: 1.4 ms]
      [Ref Enq: 0.1 ms]
      [Redirty Cards: 0.3 ms]
      [Humongous Register: 0.1 ms]
      [Humongous Reclaim: 0.0 ms]
      [Free CSet: 1.3 ms]
   [Eden: 1051.0M(1051.0M)->0.0B(1049.0M) Survivors: 33792.0K->34816.0K Heap: 1630.4M(1868.0M)->580.4M(1868.0M)]
Heap after GC invocations=618 (full 0):
 garbage-first heap   total 1912832K, used 594361K [0x000000008b400000, 0x000000008b503a60, 0x0000000100000000)
  region size 1024K, 34 young (34816K), 34 survivors (34816K)
 Metaspace       used 148181K, capacity 155231K, committed 156080K, reserved 1183744K
  class space    used 19677K, capacity 20984K, committed 21168K, reserved 1048576K
}
 [Times: user=0.22 sys=0.01, real=0.05 secs] 
2020-07-20T10:18:52.491+0000: 4168.427: Total time for which application threads were stopped: 0.0586379 seconds, Stopping threads took: 0.0001833 seconds
{Heap before GC invocations=618 (full 0):
 garbage-first heap   total 1912832K, used 1668537K [0x000000008b400000, 0x000000008b503a60, 0x0000000100000000)
  region size 1024K, 1083 young (1108992K), 34 survivors (34816K)
 Metaspace       used 148183K, capacity 155231K, committed 156080K, reserved 1183744K
  class space    used 19677K, capacity 20984K, committed 21168K, reserved 1048576K
2020-07-20T10:18:59.342+0000: 4175.278: [GC pause (G1 Evacuation Pause) (young)
Desired survivor size 71303168 bytes, new threshold 15 (max 15)
- age   1:    6490504 bytes,    6490504 total
- age   2:    1175376 bytes,    7665880 total
- age   3:    5692480 bytes,   13358360 total
- age   4:   13340928 bytes,   26699288 total
- age   5:     723792 bytes,   27423080 total
- age   6:     809552 bytes,   28232632 total
- age   7:    2305384 bytes,   30538016 total
- age   8:     928528 bytes,   31466544 total
- age   9:     505104 bytes,   31971648 total
- age  10:     279744 bytes,   32251392 total
- age  11:     368984 bytes,   32620376 total
- age  12:     418232 bytes,   33038608 total
- age  13:     558424 bytes,   33597032 total
- age  14:     463848 bytes,   34060880 total
, 0.0603079 secs]
   [Parallel Time: 56.4 ms, GC Workers: 4]
      [GC Worker Start (ms): Min: 4175278.5, Avg: 4175278.6, Max: 4175278.6, Diff: 0.1]
      [Ext Root Scanning (ms): Min: 5.5, Avg: 5.6, Max: 6.0, Diff: 0.5, Sum: 22.5]
      [Update RS (ms): Min: 22.7, Avg: 22.9, Max: 23.2, Diff: 0.5, Sum: 91.4]
         [Processed Buffers: Min: 25, Avg: 36.2, Max: 54, Diff: 29, Sum: 145]
      [Scan RS (ms): Min: 4.4, Avg: 4.9, Max: 5.2, Diff: 0.7, Sum: 19.5]
      [Code Root Scanning (ms): Min: 0.0, Avg: 0.0, Max: 0.0, Diff: 0.0, Sum: 0.1]
      [Object Copy (ms): Min: 22.7, Avg: 22.9, Max: 23.0, Diff: 0.3, Sum: 91.5]
      [Termination (ms): Min: 0.0, Avg: 0.0, Max: 0.0, Diff: 0.0, Sum: 0.0]
         [Termination Attempts: Min: 3, Avg: 5.0, Max: 8, Diff: 5, Sum: 20]
      [GC Worker Other (ms): Min: 0.0, Avg: 0.1, Max: 0.1, Diff: 0.0, Sum: 0.2]
      [GC Worker Total (ms): Min: 56.3, Avg: 56.3, Max: 56.4, Diff: 0.1, Sum: 225.3]
      [GC Worker End (ms): Min: 4175334.9, Avg: 4175334.9, Max: 4175334.9, Diff: 0.0]
   [Code Root Fixup: 0.0 ms]
   [Code Root Purge: 0.0 ms]
   [Clear CT: 0.4 ms]
   [Other: 3.4 ms]
      [Choose CSet: 0.0 ms]
      [Ref Proc: 1.3 ms]
      [Ref Enq: 0.1 ms]
      [Redirty Cards: 0.2 ms]
      [Humongous Register: 0.1 ms]
      [Humongous Reclaim: 0.0 ms]
      [Free CSet: 1.2 ms]
   [Eden: 1049.0M(1049.0M)->0.0B(1047.0M) Survivors: 34816.0K->35840.0K Heap: 1629.4M(1868.0M)->580.9M(1868.0M)]
Heap after GC invocations=619 (full 0):
 garbage-first heap   total 1912832K, used 594873K [0x000000008b400000, 0x000000008b503a60, 0x0000000100000000)
  region size 1024K, 35 young (35840K), 35 survivors (35840K)
 Metaspace       used 148183K, capacity 155231K, committed 156080K, reserved 1183744K
  class space    used 19677K, capacity 20984K, committed 21168K, reserved 1048576K
}
 [Times: user=0.23 sys=0.00, real=0.06 secs] 
2020-07-20T10:18:59.403+0000: 4175.339: Total time for which application threads were stopped: 0.0618942 seconds, Stopping threads took: 0.0004031 seconds
{Heap before GC invocations=619 (full 0):
 garbage-first heap   total 1912832K, used 1669049K [0x000000008b400000, 0x000000008b503a60, 0x0000000100000000)
  region size 1024K, 1082 young (1107968K), 35 survivors (35840K)
 Metaspace       used 148187K, capacity 155239K, committed 156080K, reserved 1183744K
  class space    used 19677K, capacity 20984K, committed 21168K, reserved 1048576K
2020-07-20T10:19:05.808+0000: 4181.743: [GC pause (G1 Evacuation Pause) (young)
Desired survivor size 71303168 bytes, new threshold 15 (max 15)
- age   1:    8063688 bytes,    8063688 total
- age   2:    1218360 bytes,    9282048 total
- age   3:    1056448 bytes,   10338496 total
- age   4:    5675768 bytes,   16014264 total
- age   5:   13340296 bytes,   29354560 total
- age   6:     720168 bytes,   30074728 total
- age   7:     809520 bytes,   30884248 total
- age   8:     770936 bytes,   31655184 total
- age   9:     926656 bytes,   32581840 total
- age  10:     490136 bytes,   33071976 total
- age  11:     279696 bytes,   33351672 total
- age  12:     368920 bytes,   33720592 total
- age  13:     418200 bytes,   34138792 total
- age  14:     558280 bytes,   34697072 total
- age  15:     463432 bytes,   35160504 total
, 0.0577527 secs]
   [Parallel Time: 53.8 ms, GC Workers: 4]
      [GC Worker Start (ms): Min: 4181743.7, Avg: 4181743.7, Max: 4181743.7, Diff: 0.1]
      [Ext Root Scanning (ms): Min: 4.9, Avg: 5.0, Max: 5.2, Diff: 0.3, Sum: 20.0]
      [Update RS (ms): Min: 21.4, Avg: 21.5, Max: 21.6, Diff: 0.2, Sum: 86.0]
         [Processed Buffers: Min: 27, Avg: 34.2, Max: 42, Diff: 15, Sum: 137]
      [Scan RS (ms): Min: 4.9, Avg: 5.1, Max: 5.2, Diff: 0.2, Sum: 20.4]
      [Code Root Scanning (ms): Min: 0.0, Avg: 0.0, Max: 0.0, Diff: 0.0, Sum: 0.1]
      [Object Copy (ms): Min: 21.9, Avg: 22.0, Max: 22.1, Diff: 0.2, Sum: 88.1]
      [Termination (ms): Min: 0.0, Avg: 0.0, Max: 0.0, Diff: 0.0, Sum: 0.0]
         [Termination Attempts: Min: 2, Avg: 6.0, Max: 9, Diff: 7, Sum: 24]
      [GC Worker Other (ms): Min: 0.0, Avg: 0.0, Max: 0.0, Diff: 0.0, Sum: 0.1]
      [GC Worker Total (ms): Min: 53.6, Avg: 53.7, Max: 53.7, Diff: 0.1, Sum: 214.7]
      [GC Worker End (ms): Min: 4181797.4, Avg: 4181797.4, Max: 4181797.4, Diff: 0.0]
   [Code Root Fixup: 0.0 ms]
   [Code Root Purge: 0.0 ms]
   [Clear CT: 0.4 ms]
   [Other: 3.5 ms]
      [Choose CSet: 0.0 ms]
      [Ref Proc: 1.5 ms]
      [Ref Enq: 0.1 ms]
      [Redirty Cards: 0.2 ms]
      [Humongous Register: 0.1 ms]
      [Humongous Reclaim: 0.1 ms]
      [Free CSet: 1.2 ms]
   [Eden: 1047.0M(1047.0M)->0.0B(1052.0M) Survivors: 35840.0K->32768.0K Heap: 1629.9M(1868.0M)->578.3M(1868.0M)]
Heap after GC invocations=620 (full 0):
 garbage-first heap   total 1912832K, used 592159K [0x000000008b400000, 0x000000008b503a60, 0x0000000100000000)
  region size 1024K, 32 young (32768K), 32 survivors (32768K)
 Metaspace       used 148187K, capacity 155239K, committed 156080K, reserved 1183744K
  class space    used 19677K, capacity 20984K, committed 21168K, reserved 1048576K
}
 [Times: user=0.22 sys=0.00, real=0.06 secs] 
2020-07-20T10:19:05.866+0000: 4181.801: Total time for which application threads were stopped: 0.0588307 seconds, Stopping threads took: 0.0001576 seconds
{Heap before GC invocations=620 (full 0):
 garbage-first heap   total 1912832K, used 1669407K [0x000000008b400000, 0x000000008b503a60, 0x0000000100000000)
  region size 1024K, 1084 young (1110016K), 32 survivors (32768K)
 Metaspace       used 148188K, capacity 155239K, committed 156080K, reserved 1183744K
  class space    used 19677K, capacity 20984K, committed 21168K, reserved 1048576K
2020-07-20T10:19:12.244+0000: 4188.179: [GC pause (G1 Evacuation Pause) (young)
Desired survivor size 71303168 bytes, new threshold 15 (max 15)
- age   1:    5742248 bytes,    5742248 total
- age   2:    1820784 bytes,    7563032 total
- age   3:     504472 bytes,    8067504 total
- age   4:     362608 bytes,    8430112 total
- age   5:    5171160 bytes,   13601272 total
- age   6:   13054088 bytes,   26655360 total
- age   7:     500792 bytes,   27156152 total
- age   8:     602384 bytes,   27758536 total
- age   9:     542744 bytes,   28301280 total
- age  10:     606088 bytes,   28907368 total
- age  11:     257400 bytes,   29164768 total
- age  12:     220344 bytes,   29385112 total
- age  13:     292384 bytes,   29677496 total
- age  14:     330872 bytes,   30008368 total
- age  15:     403080 bytes,   30411448 total
, 0.0691487 secs]
   [Parallel Time: 64.8 ms, GC Workers: 4]
      [GC Worker Start (ms): Min: 4188179.9, Avg: 4188180.0, Max: 4188180.0, Diff: 0.1]
      [Ext Root Scanning (ms): Min: 5.2, Avg: 5.4, Max: 5.6, Diff: 0.4, Sum: 21.4]
      [Update RS (ms): Min: 24.6, Avg: 24.6, Max: 24.6, Diff: 0.1, Sum: 98.4]
         [Processed Buffers: Min: 28, Avg: 39.5, Max: 46, Diff: 18, Sum: 158]
      [Scan RS (ms): Min: 8.7, Avg: 8.8, Max: 8.9, Diff: 0.2, Sum: 35.1]
      [Code Root Scanning (ms): Min: 0.0, Avg: 0.0, Max: 0.0, Diff: 0.0, Sum: 0.1]
      [Object Copy (ms): Min: 25.7, Avg: 25.9, Max: 26.0, Diff: 0.3, Sum: 103.5]
      [Termination (ms): Min: 0.0, Avg: 0.0, Max: 0.0, Diff: 0.0, Sum: 0.0]
         [Termination Attempts: Min: 7, Avg: 12.0, Max: 18, Diff: 11, Sum: 48]
      [GC Worker Other (ms): Min: 0.0, Avg: 0.1, Max: 0.1, Diff: 0.0, Sum: 0.2]
      [GC Worker Total (ms): Min: 64.7, Avg: 64.7, Max: 64.7, Diff: 0.1, Sum: 258.8]
      [GC Worker End (ms): Min: 4188244.6, Avg: 4188244.6, Max: 4188244.7, Diff: 0.0]
   [Code Root Fixup: 0.0 ms]
   [Code Root Purge: 0.0 ms]
   [Clear CT: 0.4 ms]
   [Other: 3.9 ms]
      [Choose CSet: 0.0 ms]
      [Ref Proc: 1.4 ms]
      [Ref Enq: 0.1 ms]
      [Redirty Cards: 0.2 ms]
      [Humongous Register: 0.1 ms]
      [Humongous Reclaim: 0.0 ms]
      [Free CSet: 1.4 ms]
   [Eden: 1052.0M(1052.0M)->0.0B(1046.0M) Survivors: 32768.0K->35840.0K Heap: 1630.3M(1868.0M)->582.3M(1868.0M)]
Heap after GC invocations=621 (full 0):
 garbage-first heap   total 1912832K, used 596244K [0x000000008b400000, 0x000000008b503a60, 0x0000000100000000)
  region size 1024K, 35 young (35840K), 35 survivors (35840K)
 Metaspace       used 148188K, capacity 155239K, committed 156080K, reserved 1183744K
  class space    used 19677K, capacity 20984K, committed 21168K, reserved 1048576K
}
 [Times: user=0.27 sys=0.00, real=0.07 secs] 
2020-07-20T10:19:12.313+0000: 4188.249: Total time for which application threads were stopped: 0.0705394 seconds, Stopping threads took: 0.0002533 seconds
{Heap before GC invocations=621 (full 0):
 garbage-first heap   total 1912832K, used 1667348K [0x000000008b400000, 0x000000008b503a60, 0x0000000100000000)
  region size 1024K, 1081 young (1106944K), 35 survivors (35840K)
 Metaspace       used 148190K, capacity 155243K, committed 156080K, reserved 1183744K
  class space    used 19677K, capacity 20984K, committed 21168K, reserved 1048576K
2020-07-20T10:20:34.365+0000: 4270.301: [GC pause (G1 Evacuation Pause) (young)
Desired survivor size 71303168 bytes, new threshold 15 (max 15)
- age   1:   10356496 bytes,   10356496 total
- age   2:    1092400 bytes,   11448896 total
- age   3:    1810736 bytes,   13259632 total
- age   4:     501424 bytes,   13761056 total
- age   5:     359896 bytes,   14120952 total
- age   6:    5156440 bytes,   19277392 total
- age   7:   13052656 bytes,   32330048 total
- age   8:     499544 bytes,   32829592 total
- age   9:     601168 bytes,   33430760 total
- age  10:     542696 bytes,   33973456 total
- age  11:     605432 bytes,   34578888 total
- age  12:     257216 bytes,   34836104 total
- age  13:     219672 bytes,   35055776 total
- age  14:     288944 bytes,   35344720 total
- age  15:     325664 bytes,   35670384 total
, 0.0801893 secs]
   [Parallel Time: 75.2 ms, GC Workers: 4]
      [GC Worker Start (ms): Min: 4270302.0, Avg: 4270302.1, Max: 4270302.2, Diff: 0.2]
      [Ext Root Scanning (ms): Min: 6.3, Avg: 7.2, Max: 9.6, Diff: 3.2, Sum: 28.8]
      [Update RS (ms): Min: 34.6, Avg: 36.6, Max: 37.4, Diff: 2.8, Sum: 146.5]
         [Processed Buffers: Min: 37, Avg: 52.0, Max: 71, Diff: 34, Sum: 208]
      [Scan RS (ms): Min: 1.6, Avg: 1.7, Max: 1.9, Diff: 0.3, Sum: 6.9]
      [Code Root Scanning (ms): Min: 0.0, Avg: 0.0, Max: 0.0, Diff: 0.0, Sum: 0.1]
      [Object Copy (ms): Min: 29.0, Avg: 29.2, Max: 29.5, Diff: 0.4, Sum: 117.0]
      [Termination (ms): Min: 0.0, Avg: 0.0, Max: 0.0, Diff: 0.0, Sum: 0.0]
         [Termination Attempts: Min: 5, Avg: 9.5, Max: 12, Diff: 7, Sum: 38]
      [GC Worker Other (ms): Min: 0.0, Avg: 0.1, Max: 0.2, Diff: 0.2, Sum: 0.6]
      [GC Worker Total (ms): Min: 74.9, Avg: 74.9, Max: 75.0, Diff: 0.2, Sum: 299.8]
      [GC Worker End (ms): Min: 4270377.0, Avg: 4270377.0, Max: 4270377.1, Diff: 0.1]
   [Code Root Fixup: 0.0 ms]
   [Code Root Purge: 0.0 ms]
   [Clear CT: 0.3 ms]
   [Other: 4.6 ms]
      [Choose CSet: 0.0 ms]
      [Ref Proc: 1.6 ms]
      [Ref Enq: 0.1 ms]
      [Redirty Cards: 0.3 ms]
      [Humongous Register: 0.3 ms]
      [Humongous Reclaim: 0.1 ms]
      [Free CSet: 1.5 ms]
   [Eden: 1046.0M(1046.0M)->0.0B(1051.0M) Survivors: 35840.0K->34816.0K Heap: 1628.3M(1868.0M)->579.8M(1868.0M)]
Heap after GC invocations=622 (full 0):
 garbage-first heap   total 1912832K, used 593757K [0x000000008b400000, 0x000000008b503a60, 0x0000000100000000)
  region size 1024K, 34 young (34816K), 34 survivors (34816K)
 Metaspace       used 148190K, capacity 155243K, committed 156080K, reserved 1183744K
  class space    used 19677K, capacity 20984K, committed 21168K, reserved 1048576K
}
 [Times: user=0.31 sys=0.00, real=0.08 secs] 
2020-07-20T10:20:34.446+0000: 4270.382: Total time for which application threads were stopped: 0.0822976 seconds, Stopping threads took: 0.0003769 seconds
{Heap before GC invocations=622 (full 0):
 garbage-first heap   total 1912832K, used 1669981K [0x000000008b400000, 0x000000008b503a60, 0x0000000100000000)
  region size 1024K, 1085 young (1111040K), 34 survivors (34816K)
 Metaspace       used 148196K, capacity 155247K, committed 156080K, reserved 1183744K
  class space    used 19677K, capacity 20984K, committed 21168K, reserved 1048576K
2020-07-20T10:22:39.709+0000: 4395.645: [GC pause (G1 Evacuation Pause) (young)
Desired survivor size 71303168 bytes, new threshold 15 (max 15)
- age   1:    7702592 bytes,    7702592 total
- age   2:    3384688 bytes,   11087280 total
- age   3:     771800 bytes,   11859080 total
- age   4:     282856 bytes,   12141936 total
- age   5:     493856 bytes,   12635792 total
- age   6:     353184 bytes,   12988976 total
- age   7:    5144752 bytes,   18133728 total
- age   8:   13049192 bytes,   31182920 total
- age   9:     491408 bytes,   31674328 total
- age  10:     591752 bytes,   32266080 total
- age  11:     535160 bytes,   32801240 total
- age  12:     601968 bytes,   33403208 total
- age  13:     240120 bytes,   33643328 total
- age  14:     215336 bytes,   33858664 total
- age  15:     286648 bytes,   34145312 total
, 0.0840046 secs]
   [Parallel Time: 78.2 ms, GC Workers: 4]
      [GC Worker Start (ms): Min: 4395645.6, Avg: 4395645.6, Max: 4395645.7, Diff: 0.2]
      [Ext Root Scanning (ms): Min: 9.3, Avg: 9.5, Max: 9.9, Diff: 0.6, Sum: 38.2]
      [Update RS (ms): Min: 32.9, Avg: 33.1, Max: 33.3, Diff: 0.4, Sum: 132.3]
         [Processed Buffers: Min: 34, Avg: 45.8, Max: 51, Diff: 17, Sum: 183]
      [Scan RS (ms): Min: 2.7, Avg: 2.8, Max: 3.0, Diff: 0.3, Sum: 11.4]
      [Code Root Scanning (ms): Min: 0.0, Avg: 0.0, Max: 0.0, Diff: 0.0, Sum: 0.1]
      [Object Copy (ms): Min: 32.1, Avg: 32.3, Max: 32.6, Diff: 0.6, Sum: 129.4]
      [Termination (ms): Min: 0.0, Avg: 0.0, Max: 0.0, Diff: 0.0, Sum: 0.1]
         [Termination Attempts: Min: 2, Avg: 14.5, Max: 26, Diff: 24, Sum: 58]
      [GC Worker Other (ms): Min: 0.0, Avg: 0.1, Max: 0.1, Diff: 0.0, Sum: 0.3]
      [GC Worker Total (ms): Min: 77.9, Avg: 77.9, Max: 78.0, Diff: 0.1, Sum: 311.8]
      [GC Worker End (ms): Min: 4395723.6, Avg: 4395723.6, Max: 4395723.6, Diff: 0.0]
   [Code Root Fixup: 0.0 ms]
   [Code Root Purge: 0.0 ms]
   [Clear CT: 0.4 ms]
   [Other: 5.4 ms]
      [Choose CSet: 0.0 ms]
      [Ref Proc: 1.7 ms]
      [Ref Enq: 0.2 ms]
      [Redirty Cards: 0.5 ms]
      [Humongous Register: 0.2 ms]
      [Humongous Reclaim: 0.0 ms]
      [Free CSet: 1.9 ms]
   [Eden: 1051.0M(1051.0M)->0.0B(1051.0M) Survivors: 34816.0K->34816.0K Heap: 1630.8M(1868.0M)->580.2M(1868.0M)]
Heap after GC invocations=623 (full 0):
 garbage-first heap   total 1912832K, used 594164K [0x000000008b400000, 0x000000008b503a60, 0x0000000100000000)
  region size 1024K, 34 young (34816K), 34 survivors (34816K)
 Metaspace       used 148196K, capacity 155247K, committed 156080K, reserved 1183744K
  class space    used 19677K, capacity 20984K, committed 21168K, reserved 1048576K
}
 [Times: user=0.32 sys=0.01, real=0.09 secs] 
2020-07-20T10:22:39.793+0000: 4395.729: Total time for which application threads were stopped: 0.0858001 seconds, Stopping threads took: 0.0003319 seconds
{Heap before GC invocations=623 (full 0):
 garbage-first heap   total 1912832K, used 1670388K [0x000000008b400000, 0x000000008b503a60, 0x0000000100000000)
  region size 1024K, 1085 young (1111040K), 34 survivors (34816K)
 Metaspace       used 148207K, capacity 155311K, committed 156080K, reserved 1183744K
  class space    used 19677K, capacity 20984K, committed 21168K, reserved 1048576K
2020-07-20T10:25:33.366+0000: 4569.302: [GC pause (G1 Evacuation Pause) (young)
Desired survivor size 71303168 bytes, new threshold 15 (max 15)
- age   1:    7193128 bytes,    7193128 total
- age   2:    1082176 bytes,    8275304 total
- age   3:    3383472 bytes,   11658776 total
- age   4:     771416 bytes,   12430192 total
- age   5:     282600 bytes,   12712792 total
- age   6:     493728 bytes,   13206520 total
- age   7:     352272 bytes,   13558792 total
- age   8:    5143936 bytes,   18702728 total
- age   9:   13049192 bytes,   31751920 total
- age  10:     488616 bytes,   32240536 total
- age  11:     591688 bytes,   32832224 total
- age  12:     535112 bytes,   33367336 total
- age  13:     601968 bytes,   33969304 total
- age  14:     240120 bytes,   34209424 total
- age  15:     215336 bytes,   34424760 total
, 0.0678451 secs]
   [Parallel Time: 62.9 ms, GC Workers: 4]
      [GC Worker Start (ms): Min: 4569302.4, Avg: 4569302.4, Max: 4569302.5, Diff: 0.2]
      [Ext Root Scanning (ms): Min: 6.1, Avg: 7.2, Max: 10.0, Diff: 3.9, Sum: 28.7]
      [Update RS (ms): Min: 22.0, Avg: 24.4, Max: 25.5, Diff: 3.5, Sum: 97.8]
         [Processed Buffers: Min: 27, Avg: 38.8, Max: 55, Diff: 28, Sum: 155]
      [Scan RS (ms): Min: 4.3, Avg: 4.4, Max: 4.6, Diff: 0.3, Sum: 17.8]
      [Code Root Scanning (ms): Min: 0.0, Avg: 0.0, Max: 0.0, Diff: 0.0, Sum: 0.1]
      [Object Copy (ms): Min: 26.3, Avg: 26.5, Max: 26.6, Diff: 0.3, Sum: 106.0]
      [Termination (ms): Min: 0.0, Avg: 0.0, Max: 0.0, Diff: 0.0, Sum: 0.1]
         [Termination Attempts: Min: 7, Avg: 15.8, Max: 20, Diff: 13, Sum: 63]
      [GC Worker Other (ms): Min: 0.1, Avg: 0.1, Max: 0.1, Diff: 0.1, Sum: 0.4]
      [GC Worker Total (ms): Min: 62.6, Avg: 62.7, Max: 62.7, Diff: 0.2, Sum: 250.7]
      [GC Worker End (ms): Min: 4569365.1, Avg: 4569365.1, Max: 4569365.2, Diff: 0.0]
   [Code Root Fixup: 0.0 ms]
   [Code Root Purge: 0.0 ms]
   [Clear CT: 0.4 ms]
   [Other: 4.6 ms]
      [Choose CSet: 0.0 ms]
      [Ref Proc: 1.4 ms]
      [Ref Enq: 0.1 ms]
      [Redirty Cards: 0.3 ms]
      [Humongous Register: 0.3 ms]
      [Humongous Reclaim: 0.0 ms]
      [Free CSet: 1.7 ms]
   [Eden: 1051.0M(1051.0M)->0.0B(1050.0M) Survivors: 34816.0K->34816.0K Heap: 1631.2M(1868.0M)->580.2M(1868.0M)]
Heap after GC invocations=624 (full 0):
 garbage-first heap   total 1912832K, used 594138K [0x000000008b400000, 0x000000008b503a60, 0x0000000100000000)
  region size 1024K, 34 young (34816K), 34 survivors (34816K)
 Metaspace       used 148207K, capacity 155311K, committed 156080K, reserved 1183744K
  class space    used 19677K, capacity 20984K, committed 21168K, reserved 1048576K
}
 [Times: user=0.26 sys=0.00, real=0.07 secs] 
2020-07-20T10:25:33.434+0000: 4569.370: Total time for which application threads were stopped: 0.0699182 seconds, Stopping threads took: 0.0004315 seconds
{Heap before GC invocations=624 (full 0):
 garbage-first heap   total 1912832K, used 1669338K [0x000000008b400000, 0x000000008b503a60, 0x0000000100000000)
  region size 1024K, 1084 young (1110016K), 34 survivors (34816K)
 Metaspace       used 148263K, capacity 155379K, committed 156080K, reserved 1183744K
  class space    used 19677K, capacity 20984K, committed 21168K, reserved 1048576K
2020-07-20T10:27:43.363+0000: 4699.299: [GC pause (G1 Evacuation Pause) (young)
Desired survivor size 71303168 bytes, new threshold 15 (max 15)
- age   1:    5996232 bytes,    5996232 total
- age   2:    1216432 bytes,    7212664 total
- age   3:    1077128 bytes,    8289792 total
- age   4:    3383472 bytes,   11673264 total
- age   5:     771416 bytes,   12444680 total
- age   6:     282600 bytes,   12727280 total
- age   7:     493728 bytes,   13221008 total
- age   8:     352016 bytes,   13573024 total
- age   9:    5143936 bytes,   18716960 total
- age  10:   13049192 bytes,   31766152 total
- age  11:     486304 bytes,   32252456 total
- age  12:     591664 bytes,   32844120 total
- age  13:     535112 bytes,   33379232 total
- age  14:     601968 bytes,   33981200 total
- age  15:     240120 bytes,   34221320 total
, 0.0682724 secs]
   [Parallel Time: 63.6 ms, GC Workers: 4]
      [GC Worker Start (ms): Min: 4699299.8, Avg: 4699299.9, Max: 4699299.9, Diff: 0.1]
      [Ext Root Scanning (ms): Min: 5.8, Avg: 6.6, Max: 8.7, Diff: 2.8, Sum: 26.5]
      [Update RS (ms): Min: 24.2, Avg: 26.1, Max: 26.9, Diff: 2.6, Sum: 104.3]
         [Processed Buffers: Min: 29, Avg: 40.5, Max: 56, Diff: 27, Sum: 162]
      [Scan RS (ms): Min: 3.4, Avg: 3.5, Max: 3.6, Diff: 0.3, Sum: 14.0]
      [Code Root Scanning (ms): Min: 0.0, Avg: 0.1, Max: 0.2, Diff: 0.2, Sum: 0.2]
      [Object Copy (ms): Min: 26.9, Avg: 27.1, Max: 27.2, Diff: 0.4, Sum: 108.4]
      [Termination (ms): Min: 0.0, Avg: 0.0, Max: 0.0, Diff: 0.0, Sum: 0.0]
         [Termination Attempts: Min: 3, Avg: 15.2, Max: 24, Diff: 21, Sum: 61]
      [GC Worker Other (ms): Min: 0.0, Avg: 0.1, Max: 0.1, Diff: 0.0, Sum: 0.2]
      [GC Worker Total (ms): Min: 63.3, Avg: 63.4, Max: 63.5, Diff: 0.1, Sum: 253.6]
      [GC Worker End (ms): Min: 4699363.3, Avg: 4699363.3, Max: 4699363.3, Diff: 0.0]
   [Code Root Fixup: 0.0 ms]
   [Code Root Purge: 0.0 ms]
   [Clear CT: 0.4 ms]
   [Other: 4.3 ms]
      [Choose CSet: 0.0 ms]
      [Ref Proc: 1.5 ms]
      [Ref Enq: 0.1 ms]
      [Redirty Cards: 0.3 ms]
      [Humongous Register: 0.2 ms]
      [Humongous Reclaim: 0.0 ms]
      [Free CSet: 1.4 ms]
   [Eden: 1050.0M(1050.0M)->0.0B(1048.0M) Survivors: 34816.0K->35840.0K Heap: 1630.2M(1868.0M)->581.5M(1868.0M)]
Heap after GC invocations=625 (full 0):
 garbage-first heap   total 1912832K, used 595466K [0x000000008b400000, 0x000000008b503a60, 0x0000000100000000)
  region size 1024K, 35 young (35840K), 35 survivors (35840K)
 Metaspace       used 148263K, capacity 155379K, committed 156080K, reserved 1183744K
  class space    used 19677K, capacity 20984K, committed 21168K, reserved 1048576K
}
 [Times: user=0.27 sys=0.00, real=0.06 secs] 
2020-07-20T10:27:43.432+0000: 4699.368: Total time for which application threads were stopped: 0.0699773 seconds, Stopping threads took: 0.0003295 seconds
{Heap before GC invocations=625 (full 0):
 garbage-first heap   total 1912832K, used 1668618K [0x000000008b400000, 0x000000008b503a60, 0x0000000100000000)
  region size 1024K, 1083 young (1108992K), 35 survivors (35840K)
 Metaspace       used 148273K, capacity 155379K, committed 156080K, reserved 1183744K
  class space    used 19677K, capacity 20984K, committed 21168K, reserved 1048576K
2020-07-20T10:30:38.869+0000: 4874.805: [GC pause (G1 Evacuation Pause) (young)
Desired survivor size 71303168 bytes, new threshold 15 (max 15)
- age   1:    6143120 bytes,    6143120 total
- age   2:      23672 bytes,    6166792 total
- age   3:    1120376 bytes,    7287168 total
- age   4:    1077080 bytes,    8364248 total
- age   5:    3383440 bytes,   11747688 total
- age   6:     771416 bytes,   12519104 total
- age   7:     282600 bytes,   12801704 total
- age   8:     493696 bytes,   13295400 total
- age   9:     351840 bytes,   13647240 total
- age  10:    5143888 bytes,   18791128 total
- age  11:   13046400 bytes,   31837528 total
- age  12:     485680 bytes,   32323208 total
- age  13:     591664 bytes,   32914872 total
- age  14:     535112 bytes,   33449984 total
- age  15:     601968 bytes,   34051952 total
, 0.0658286 secs]
   [Parallel Time: 61.2 ms, GC Workers: 4]
      [GC Worker Start (ms): Min: 4874806.1, Avg: 4874806.2, Max: 4874806.3, Diff: 0.1]
      [Ext Root Scanning (ms): Min: 6.0, Avg: 6.9, Max: 9.6, Diff: 3.6, Sum: 27.8]
      [Update RS (ms): Min: 20.9, Avg: 23.3, Max: 24.2, Diff: 3.3, Sum: 93.2]
         [Processed Buffers: Min: 28, Avg: 38.8, Max: 54, Diff: 26, Sum: 155]
      [Scan RS (ms): Min: 4.3, Avg: 4.4, Max: 4.5, Diff: 0.2, Sum: 17.6]
      [Code Root Scanning (ms): Min: 0.0, Avg: 0.1, Max: 0.2, Diff: 0.2, Sum: 0.3]
      [Object Copy (ms): Min: 25.9, Avg: 26.1, Max: 26.3, Diff: 0.4, Sum: 104.4]
      [Termination (ms): Min: 0.0, Avg: 0.0, Max: 0.0, Diff: 0.0, Sum: 0.0]
         [Termination Attempts: Min: 1, Avg: 11.8, Max: 17, Diff: 16, Sum: 47]
      [GC Worker Other (ms): Min: 0.1, Avg: 0.1, Max: 0.1, Diff: 0.1, Sum: 0.3]
      [GC Worker Total (ms): Min: 60.9, Avg: 60.9, Max: 61.0, Diff: 0.1, Sum: 243.6]
      [GC Worker End (ms): Min: 4874867.1, Avg: 4874867.1, Max: 4874867.1, Diff: 0.1]
   [Code Root Fixup: 0.0 ms]
   [Code Root Purge: 0.0 ms]
   [Clear CT: 0.4 ms]
   [Other: 4.3 ms]
      [Choose CSet: 0.0 ms]
      [Ref Proc: 1.4 ms]
      [Ref Enq: 0.1 ms]
      [Redirty Cards: 0.3 ms]
      [Humongous Register: 0.3 ms]
      [Humongous Reclaim: 0.0 ms]
      [Free CSet: 1.4 ms]
   [Eden: 1048.0M(1048.0M)->0.0B(1049.0M) Survivors: 35840.0K->34816.0K Heap: 1629.5M(1868.0M)->581.2M(1868.0M)]
Heap after GC invocations=626 (full 0):
 garbage-first heap   total 1912832K, used 595104K [0x000000008b400000, 0x000000008b503a60, 0x0000000100000000)
  region size 1024K, 34 young (34816K), 34 survivors (34816K)
 Metaspace       used 148273K, capacity 155379K, committed 156080K, reserved 1183744K
  class space    used 19677K, capacity 20984K, committed 21168K, reserved 1048576K
}
 [Times: user=0.25 sys=0.00, real=0.07 secs] 
2020-07-20T10:30:38.936+0000: 4874.871: Total time for which application threads were stopped: 0.0679379 seconds, Stopping threads took: 0.0004687 seconds
{Heap before GC invocations=626 (full 0):
 garbage-first heap   total 1912832K, used 1669280K [0x000000008b400000, 0x000000008b503a60, 0x0000000100000000)
  region size 1024K, 1083 young (1108992K), 34 survivors (34816K)
 Metaspace       used 148277K, capacity 155379K, committed 156080K, reserved 1183744K
  class space    used 19678K, capacity 20984K, committed 21168K, reserved 1048576K
2020-07-20T10:32:50.767+0000: 5006.703: [GC pause (G1 Evacuation Pause) (young)
Desired survivor size 71303168 bytes, new threshold 15 (max 15)
- age   1:    5989192 bytes,    5989192 total
- age   2:     174336 bytes,    6163528 total
- age   3:      22488 bytes,    6186016 total
- age   4:    1120376 bytes,    7306392 total
- age   5:    1076728 bytes,    8383120 total
- age   6:    3383440 bytes,   11766560 total
- age   7:     771416 bytes,   12537976 total
- age   8:     282600 bytes,   12820576 total
- age   9:     493696 bytes,   13314272 total
- age  10:     351840 bytes,   13666112 total
- age  11:    5143888 bytes,   18810000 total
- age  12:   13042792 bytes,   31852792 total
- age  13:     485680 bytes,   32338472 total
- age  14:     591664 bytes,   32930136 total
- age  15:     535112 bytes,   33465248 total
, 0.0649307 secs]
   [Parallel Time: 60.6 ms, GC Workers: 4]
      [GC Worker Start (ms): Min: 5006703.6, Avg: 5006703.6, Max: 5006703.7, Diff: 0.1]
      [Ext Root Scanning (ms): Min: 5.6, Avg: 6.3, Max: 8.2, Diff: 2.6, Sum: 25.3]
      [Update RS (ms): Min: 23.4, Avg: 25.1, Max: 25.7, Diff: 2.3, Sum: 100.3]
         [Processed Buffers: Min: 27, Avg: 38.2, Max: 50, Diff: 23, Sum: 153]
      [Scan RS (ms): Min: 3.3, Avg: 3.5, Max: 3.5, Diff: 0.3, Sum: 13.8]
      [Code Root Scanning (ms): Min: 0.0, Avg: 0.1, Max: 0.2, Diff: 0.2, Sum: 0.3]
      [Object Copy (ms): Min: 25.2, Avg: 25.3, Max: 25.4, Diff: 0.3, Sum: 101.4]
      [Termination (ms): Min: 0.0, Avg: 0.0, Max: 0.0, Diff: 0.0, Sum: 0.0]
         [Termination Attempts: Min: 1, Avg: 6.2, Max: 9, Diff: 8, Sum: 25]
      [GC Worker Other (ms): Min: 0.1, Avg: 0.1, Max: 0.1, Diff: 0.1, Sum: 0.4]
      [GC Worker Total (ms): Min: 60.2, Avg: 60.4, Max: 60.5, Diff: 0.2, Sum: 241.4]
      [GC Worker End (ms): Min: 5006763.9, Avg: 5006764.0, Max: 5006764.0, Diff: 0.1]
   [Code Root Fixup: 0.0 ms]
   [Code Root Purge: 0.0 ms]
   [Clear CT: 0.3 ms]
   [Other: 4.0 ms]
      [Choose CSet: 0.0 ms]
      [Ref Proc: 1.4 ms]
      [Ref Enq: 0.1 ms]
      [Redirty Cards: 0.3 ms]
      [Humongous Register: 0.2 ms]
      [Humongous Reclaim: 0.0 ms]
      [Free CSet: 1.2 ms]
   [Eden: 1049.0M(1049.0M)->0.0B(1049.0M) Survivors: 34816.0K->34816.0K Heap: 1630.2M(1868.0M)->581.9M(1868.0M)]
Heap after GC invocations=627 (full 0):
 garbage-first heap   total 1912832K, used 595846K [0x000000008b400000, 0x000000008b503a60, 0x0000000100000000)
  region size 1024K, 34 young (34816K), 34 survivors (34816K)
 Metaspace       used 148277K, capacity 155379K, committed 156080K, reserved 1183744K
  class space    used 19678K, capacity 20984K, committed 21168K, reserved 1048576K
}
 [Times: user=0.25 sys=0.00, real=0.06 secs] 
2020-07-20T10:32:50.832+0000: 5006.768: Total time for which application threads were stopped: 0.0666686 seconds, Stopping threads took: 0.0002741 seconds
{Heap before GC invocations=627 (full 0):
 garbage-first heap   total 1912832K, used 1670022K [0x000000008b400000, 0x000000008b503a60, 0x0000000100000000)
  region size 1024K, 1083 young (1108992K), 34 survivors (34816K)
 Metaspace       used 148287K, capacity 155387K, committed 156080K, reserved 1183744K
  class space    used 19678K, capacity 20984K, committed 21168K, reserved 1048576K
2020-07-20T10:35:40.206+0000: 5176.142: [GC pause (G1 Evacuation Pause) (young)
Desired survivor size 71303168 bytes, new threshold 15 (max 15)
- age   1:    6042320 bytes,    6042320 total
- age   2:      21208 bytes,    6063528 total
- age   3:     133992 bytes,    6197520 total
- age   4:      22488 bytes,    6220008 total
- age   5:    1120344 bytes,    7340352 total
- age   6:    1076728 bytes,    8417080 total
- age   7:    3383440 bytes,   11800520 total
- age   8:     771416 bytes,   12571936 total
- age   9:     282600 bytes,   12854536 total
- age  10:     493696 bytes,   13348232 total
- age  11:     351840 bytes,   13700072 total
- age  12:    5140560 bytes,   18840632 total
- age  13:   13042768 bytes,   31883400 total
- age  14:     485680 bytes,   32369080 total
- age  15:     591664 bytes,   32960744 total
, 0.0628254 secs]
   [Parallel Time: 58.2 ms, GC Workers: 4]
      [GC Worker Start (ms): Min: 5176142.3, Avg: 5176142.3, Max: 5176142.4, Diff: 0.1]
      [Ext Root Scanning (ms): Min: 5.8, Avg: 6.6, Max: 8.9, Diff: 3.1, Sum: 26.6]
      [Update RS (ms): Min: 20.5, Avg: 22.3, Max: 22.9, Diff: 2.4, Sum: 89.1]
         [Processed Buffers: Min: 26, Avg: 36.8, Max: 50, Diff: 24, Sum: 147]
      [Scan RS (ms): Min: 3.6, Avg: 3.9, Max: 4.0, Diff: 0.4, Sum: 15.7]
      [Code Root Scanning (ms): Min: 0.0, Avg: 0.1, Max: 0.2, Diff: 0.2, Sum: 0.3]
      [Object Copy (ms): Min: 24.7, Avg: 25.0, Max: 25.1, Diff: 0.4, Sum: 99.9]
      [Termination (ms): Min: 0.0, Avg: 0.0, Max: 0.0, Diff: 0.0, Sum: 0.0]
         [Termination Attempts: Min: 1, Avg: 8.5, Max: 15, Diff: 14, Sum: 34]
      [GC Worker Other (ms): Min: 0.0, Avg: 0.1, Max: 0.2, Diff: 0.1, Sum: 0.4]
      [GC Worker Total (ms): Min: 57.9, Avg: 58.0, Max: 58.0, Diff: 0.1, Sum: 231.9]
      [GC Worker End (ms): Min: 5176200.3, Avg: 5176200.3, Max: 5176200.3, Diff: 0.1]
   [Code Root Fixup: 0.0 ms]
   [Code Root Purge: 0.0 ms]
   [Clear CT: 0.4 ms]
   [Other: 4.1 ms]
      [Choose CSet: 0.0 ms]
      [Ref Proc: 1.3 ms]
      [Ref Enq: 0.1 ms]
      [Redirty Cards: 0.2 ms]
      [Humongous Register: 0.2 ms]
      [Humongous Reclaim: 0.0 ms]
      [Free CSet: 1.5 ms]
   [Eden: 1049.0M(1049.0M)->0.0B(1050.0M) Survivors: 34816.0K->33792.0K Heap: 1630.9M(1868.0M)->582.3M(1868.0M)]
Heap after GC invocations=628 (full 0):
 garbage-first heap   total 1912832K, used 596229K [0x000000008b400000, 0x000000008b503a60, 0x0000000100000000)
  region size 1024K, 33 young (33792K), 33 survivors (33792K)
 Metaspace       used 148287K, capacity 155387K, committed 156080K, reserved 1183744K
  class space    used 19678K, capacity 20984K, committed 21168K, reserved 1048576K
}
 [Times: user=0.24 sys=0.00, real=0.06 secs] 
2020-07-20T10:35:40.269+0000: 5176.205: Total time for which application threads were stopped: 0.0685982 seconds, Stopping threads took: 0.0043572 seconds
{Heap before GC invocations=628 (full 0):
 garbage-first heap   total 1912832K, used 1671429K [0x000000008b400000, 0x000000008b503a60, 0x0000000100000000)
  region size 1024K, 1083 young (1108992K), 33 survivors (33792K)
 Metaspace       used 148295K, capacity 155387K, committed 156080K, reserved 1183744K
  class space    used 19679K, capacity 20984K, committed 21168K, reserved 1048576K
2020-07-20T10:38:03.166+0000: 5319.102: [GC pause (G1 Evacuation Pause) (young)
Desired survivor size 71303168 bytes, new threshold 15 (max 15)
- age   1:    6066584 bytes,    6066584 total
- age   2:      24888 bytes,    6091472 total
- age   3:      20024 bytes,    6111496 total
- age   4:     133960 bytes,    6245456 total
- age   5:      22488 bytes,    6267944 total
- age   6:    1120344 bytes,    7388288 total
- age   7:    1076728 bytes,    8465016 total
- age   8:    3383440 bytes,   11848456 total
- age   9:     765560 bytes,   12614016 total
- age  10:     282600 bytes,   12896616 total
- age  11:     493696 bytes,   13390312 total
- age  12:     351840 bytes,   13742152 total
- age  13:    5140560 bytes,   18882712 total
- age  14:   13042768 bytes,   31925480 total
- age  15:     485680 bytes,   32411160 total
, 0.0642810 secs]
   [Parallel Time: 59.7 ms, GC Workers: 4]
      [GC Worker Start (ms): Min: 5319103.0, Avg: 5319103.1, Max: 5319103.1, Diff: 0.1]
      [Ext Root Scanning (ms): Min: 6.1, Avg: 7.2, Max: 10.0, Diff: 3.8, Sum: 28.6]
      [Update RS (ms): Min: 21.6, Avg: 24.1, Max: 25.0, Diff: 3.4, Sum: 96.5]
         [Processed Buffers: Min: 26, Avg: 38.0, Max: 46, Diff: 20, Sum: 152]
      [Scan RS (ms): Min: 2.6, Avg: 2.8, Max: 2.9, Diff: 0.3, Sum: 11.3]
      [Code Root Scanning (ms): Min: 0.0, Avg: 0.1, Max: 0.2, Diff: 0.2, Sum: 0.3]
      [Object Copy (ms): Min: 25.0, Avg: 25.2, Max: 25.4, Diff: 0.3, Sum: 101.0]
      [Termination (ms): Min: 0.0, Avg: 0.0, Max: 0.0, Diff: 0.0, Sum: 0.0]
         [Termination Attempts: Min: 1, Avg: 6.5, Max: 13, Diff: 12, Sum: 26]
      [GC Worker Other (ms): Min: 0.0, Avg: 0.1, Max: 0.1, Diff: 0.1, Sum: 0.3]
      [GC Worker Total (ms): Min: 59.4, Avg: 59.5, Max: 59.6, Diff: 0.1, Sum: 237.9]
      [GC Worker End (ms): Min: 5319162.5, Avg: 5319162.5, Max: 5319162.6, Diff: 0.0]
   [Code Root Fixup: 0.0 ms]
   [Code Root Purge: 0.0 ms]
   [Clear CT: 0.3 ms]
   [Other: 4.2 ms]
      [Choose CSet: 0.0 ms]
      [Ref Proc: 1.3 ms]
      [Ref Enq: 0.1 ms]
      [Redirty Cards: 0.3 ms]
      [Humongous Register: 0.2 ms]
      [Humongous Reclaim: 0.0 ms]
      [Free CSet: 1.5 ms]
   [Eden: 1050.0M(1050.0M)->0.0B(1047.0M) Survivors: 33792.0K->34816.0K Heap: 1632.3M(1868.0M)->583.7M(1868.0M)]
Heap after GC invocations=629 (full 0):
 garbage-first heap   total 1912832K, used 597695K [0x000000008b400000, 0x000000008b503a60, 0x0000000100000000)
  region size 1024K, 34 young (34816K), 34 survivors (34816K)
 Metaspace       used 148295K, capacity 155387K, committed 156080K, reserved 1183744K
  class space    used 19679K, capacity 20984K, committed 21168K, reserved 1048576K
}
 [Times: user=0.24 sys=0.00, real=0.06 secs] 
2020-07-20T10:38:03.231+0000: 5319.167: Total time for which application threads were stopped: 0.0662168 seconds, Stopping threads took: 0.0004248 seconds
2020-07-20T10:40:35.825+0000: 5471.761: Total time for which application threads were stopped: 0.0166504 seconds, Stopping threads took: 0.0002417 seconds
{Heap before GC invocations=629 (full 0):
 garbage-first heap   total 1912832K, used 1669823K [0x000000008b400000, 0x000000008b503a60, 0x0000000100000000)
  region size 1024K, 1081 young (1106944K), 34 survivors (34816K)
 Metaspace       used 148385K, capacity 155471K, committed 156080K, reserved 1183744K
  class space    used 19694K, capacity 20998K, committed 21168K, reserved 1048576K
2020-07-20T10:40:41.061+0000: 5476.997: [GC pause (G1 Evacuation Pause) (young)
Desired survivor size 71303168 bytes, new threshold 15 (max 15)
- age   1:    6026016 bytes,    6026016 total
- age   2:      91448 bytes,    6117464 total
- age   3:      16904 bytes,    6134368 total
- age   4:      20024 bytes,    6154392 total
- age   5:     133960 bytes,    6288352 total
- age   6:      22488 bytes,    6310840 total
- age   7:    1120344 bytes,    7431184 total
- age   8:    1076728 bytes,    8507912 total
- age   9:    3383440 bytes,   11891352 total
- age  10:     763624 bytes,   12654976 total
- age  11:     282600 bytes,   12937576 total
- age  12:     493696 bytes,   13431272 total
- age  13:     351840 bytes,   13783112 total
- age  14:    5140560 bytes,   18923672 total
- age  15:   13042768 bytes,   31966440 total
, 0.0660525 secs]
   [Parallel Time: 61.9 ms, GC Workers: 4]
      [GC Worker Start (ms): Min: 5476997.8, Avg: 5476997.9, Max: 5476997.9, Diff: 0.1]
      [Ext Root Scanning (ms): Min: 5.3, Avg: 5.7, Max: 6.9, Diff: 1.6, Sum: 22.9]
      [Update RS (ms): Min: 24.9, Avg: 25.9, Max: 26.4, Diff: 1.4, Sum: 103.6]
         [Processed Buffers: Min: 32, Avg: 41.8, Max: 54, Diff: 22, Sum: 167]
      [Scan RS (ms): Min: 1.6, Avg: 1.7, Max: 1.8, Diff: 0.1, Sum: 6.7]
      [Code Root Scanning (ms): Min: 0.0, Avg: 0.1, Max: 0.2, Diff: 0.2, Sum: 0.3]
      [Object Copy (ms): Min: 28.0, Avg: 28.2, Max: 28.3, Diff: 0.3, Sum: 112.9]
      [Termination (ms): Min: 0.0, Avg: 0.0, Max: 0.0, Diff: 0.0, Sum: 0.0]
         [Termination Attempts: Min: 4, Avg: 14.0, Max: 23, Diff: 19, Sum: 56]
      [GC Worker Other (ms): Min: 0.1, Avg: 0.1, Max: 0.1, Diff: 0.1, Sum: 0.3]
      [GC Worker Total (ms): Min: 61.6, Avg: 61.7, Max: 61.8, Diff: 0.2, Sum: 246.8]
      [GC Worker End (ms): Min: 5477059.5, Avg: 5477059.6, Max: 5477059.6, Diff: 0.1]
   [Code Root Fixup: 0.0 ms]
   [Code Root Purge: 0.0 ms]
   [Clear CT: 0.3 ms]
   [Other: 3.8 ms]
      [Choose CSet: 0.0 ms]
      [Ref Proc: 1.4 ms]
      [Ref Enq: 0.1 ms]
      [Redirty Cards: 0.3 ms]
      [Humongous Register: 0.2 ms]
      [Humongous Reclaim: 0.0 ms]
      [Free CSet: 1.2 ms]
   [Eden: 1047.0M(1047.0M)->0.0B(1057.0M) Survivors: 34816.0K->22528.0K Heap: 1630.7M(1868.0M)->585.2M(1868.0M)]
Heap after GC invocations=630 (full 0):
 garbage-first heap   total 1912832K, used 599199K [0x000000008b400000, 0x000000008b503a60, 0x0000000100000000)
  region size 1024K, 22 young (22528K), 22 survivors (22528K)
 Metaspace       used 148385K, capacity 155471K, committed 156080K, reserved 1183744K
  class space    used 19694K, capacity 20998K, committed 21168K, reserved 1048576K
}
 [Times: user=0.26 sys=0.00, real=0.06 secs] 
2020-07-20T10:40:41.128+0000: 5477.063: Total time for which application threads were stopped: 0.0698706 seconds, Stopping threads took: 0.0030168 seconds
{Heap before GC invocations=630 (full 0):
 garbage-first heap   total 1912832K, used 1681567K [0x000000008b400000, 0x000000008b503a60, 0x0000000100000000)
  region size 1024K, 1079 young (1104896K), 22 survivors (22528K)
 Metaspace       used 148400K, capacity 155535K, committed 156080K, reserved 1183744K
  class space    used 19694K, capacity 20998K, committed 21168K, reserved 1048576K
2020-07-20T10:43:17.065+0000: 5633.001: [GC pause (G1 Evacuation Pause) (young)
Desired survivor size 70778880 bytes, new threshold 15 (max 15)
- age   1:    6160296 bytes,    6160296 total
- age   2:      64168 bytes,    6224464 total
- age   3:      58240 bytes,    6282704 total
- age   4:      16904 bytes,    6299608 total
- age   5:      19640 bytes,    6319248 total
- age   6:     133928 bytes,    6453176 total
- age   7:      22488 bytes,    6475664 total
- age   8:    1120344 bytes,    7596008 total
- age   9:    1076568 bytes,    8672576 total
- age  10:    3383440 bytes,   12056016 total
- age  11:     758352 bytes,   12814368 total
- age  12:     282600 bytes,   13096968 total
- age  13:     493696 bytes,   13590664 total
- age  14:     351840 bytes,   13942504 total
- age  15:    5140560 bytes,   19083064 total
, 0.0544284 secs]
   [Parallel Time: 49.8 ms, GC Workers: 4]
      [GC Worker Start (ms): Min: 5633001.8, Avg: 5633001.8, Max: 5633001.9, Diff: 0.1]
      [Ext Root Scanning (ms): Min: 5.6, Avg: 6.4, Max: 8.6, Diff: 3.0, Sum: 25.7]
      [Update RS (ms): Min: 15.1, Avg: 17.0, Max: 17.7, Diff: 2.6, Sum: 67.8]
         [Processed Buffers: Min: 26, Avg: 42.5, Max: 57, Diff: 31, Sum: 170]
      [Scan RS (ms): Min: 11.0, Avg: 11.2, Max: 11.3, Diff: 0.3, Sum: 44.7]
      [Code Root Scanning (ms): Min: 0.0, Avg: 0.1, Max: 0.2, Diff: 0.2, Sum: 0.3]
      [Object Copy (ms): Min: 14.6, Avg: 14.8, Max: 15.0, Diff: 0.4, Sum: 59.3]
      [Termination (ms): Min: 0.0, Avg: 0.0, Max: 0.0, Diff: 0.0, Sum: 0.0]
         [Termination Attempts: Min: 1, Avg: 1.0, Max: 1, Diff: 0, Sum: 4]
      [GC Worker Other (ms): Min: 0.0, Avg: 0.1, Max: 0.1, Diff: 0.1, Sum: 0.3]
      [GC Worker Total (ms): Min: 49.4, Avg: 49.5, Max: 49.6, Diff: 0.1, Sum: 198.1]
      [GC Worker End (ms): Min: 5633051.4, Avg: 5633051.4, Max: 5633051.4, Diff: 0.0]
   [Code Root Fixup: 0.0 ms]
   [Code Root Purge: 0.0 ms]
   [Clear CT: 0.4 ms]
   [Other: 4.3 ms]
      [Choose CSet: 0.0 ms]
      [Ref Proc: 1.4 ms]
      [Ref Enq: 0.1 ms]
      [Redirty Cards: 0.2 ms]
      [Humongous Register: 0.2 ms]
      [Humongous Reclaim: 0.0 ms]
      [Free CSet: 1.7 ms]
   [Eden: 1057.0M(1057.0M)->0.0B(1066.0M) Survivors: 22528.0K->15360.0K Heap: 1642.2M(1868.0M)->584.5M(1868.0M)]
Heap after GC invocations=631 (full 0):
 garbage-first heap   total 1912832K, used 598528K [0x000000008b400000, 0x000000008b503a60, 0x0000000100000000)
  region size 1024K, 15 young (15360K), 15 survivors (15360K)
 Metaspace       used 148400K, capacity 155535K, committed 156080K, reserved 1183744K
  class space    used 19694K, capacity 20998K, committed 21168K, reserved 1048576K
}
 [Times: user=0.21 sys=0.01, real=0.05 secs] 
2020-07-20T10:43:17.120+0000: 5633.056: Total time for which application threads were stopped: 0.0560389 seconds, Stopping threads took: 0.0003319 seconds
{Heap before GC invocations=631 (full 0):
 garbage-first heap   total 1912832K, used 1690112K [0x000000008b400000, 0x000000008b503a60, 0x0000000100000000)
  region size 1024K, 1081 young (1106944K), 15 survivors (15360K)
 Metaspace       used 148425K, capacity 155535K, committed 156080K, reserved 1183744K
  class space    used 19694K, capacity 20998K, committed 21168K, reserved 1048576K
2020-07-20T10:45:42.084+0000: 5778.020: [GC pause (G1 Evacuation Pause) (young)
Desired survivor size 71303168 bytes, new threshold 15 (max 15)
- age   1:    6045232 bytes,    6045232 total
- age   2:     176736 bytes,    6221968 total
- age   3:      56208 bytes,    6278176 total
- age   4:      58240 bytes,    6336416 total
- age   5:      16904 bytes,    6353320 total
- age   6:      19640 bytes,    6372960 total
- age   7:     133928 bytes,    6506888 total
- age   8:      22488 bytes,    6529376 total
- age   9:    1120280 bytes,    7649656 total
- age  10:    1074552 bytes,    8724208 total
- age  11:    3383440 bytes,   12107648 total
- age  12:     757040 bytes,   12864688 total
- age  13:     282600 bytes,   13147288 total
- age  14:     493696 bytes,   13640984 total
- age  15:     351840 bytes,   13992824 total
, 0.0463636 secs]
   [Parallel Time: 42.2 ms, GC Workers: 4]
      [GC Worker Start (ms): Min: 5778020.9, Avg: 5778021.0, Max: 5778021.1, Diff: 0.1]
      [Ext Root Scanning (ms): Min: 5.6, Avg: 6.2, Max: 7.7, Diff: 2.1, Sum: 24.6]
      [Update RS (ms): Min: 20.9, Avg: 22.1, Max: 22.8, Diff: 1.9, Sum: 88.6]
         [Processed Buffers: Min: 29, Avg: 42.0, Max: 54, Diff: 25, Sum: 168]
      [Scan RS (ms): Min: 4.5, Avg: 4.6, Max: 4.8, Diff: 0.4, Sum: 18.6]
      [Code Root Scanning (ms): Min: 0.0, Avg: 0.1, Max: 0.3, Diff: 0.3, Sum: 0.4]
      [Object Copy (ms): Min: 8.6, Avg: 8.8, Max: 8.9, Diff: 0.3, Sum: 35.1]
      [Termination (ms): Min: 0.0, Avg: 0.0, Max: 0.0, Diff: 0.0, Sum: 0.0]
         [Termination Attempts: Min: 1, Avg: 1.5, Max: 2, Diff: 1, Sum: 6]
      [GC Worker Other (ms): Min: 0.0, Avg: 0.1, Max: 0.1, Diff: 0.1, Sum: 0.3]
      [GC Worker Total (ms): Min: 41.8, Avg: 41.9, Max: 42.0, Diff: 0.2, Sum: 167.6]
      [GC Worker End (ms): Min: 5778062.9, Avg: 5778062.9, Max: 5778062.9, Diff: 0.1]
   [Code Root Fixup: 0.0 ms]
   [Code Root Purge: 0.0 ms]
   [Clear CT: 0.3 ms]
   [Other: 3.9 ms]
      [Choose CSet: 0.0 ms]
      [Ref Proc: 1.4 ms]
      [Ref Enq: 0.1 ms]
      [Redirty Cards: 0.2 ms]
      [Humongous Register: 0.3 ms]
      [Humongous Reclaim: 0.0 ms]
      [Free CSet: 1.2 ms]
   [Eden: 1066.0M(1066.0M)->0.0B(1066.0M) Survivors: 15360.0K->14336.0K Heap: 1650.5M(1868.0M)->585.5M(1868.0M)]
Heap after GC invocations=632 (full 0):
 garbage-first heap   total 1912832K, used 599552K [0x000000008b400000, 0x000000008b503a60, 0x0000000100000000)
  region size 1024K, 14 young (14336K), 14 survivors (14336K)
 Metaspace       used 148425K, capacity 155535K, committed 156080K, reserved 1183744K
  class space    used 19694K, capacity 20998K, committed 21168K, reserved 1048576K
}
 [Times: user=0.17 sys=0.00, real=0.04 secs] 
2020-07-20T10:45:42.131+0000: 5778.067: Total time for which application threads were stopped: 0.0480396 seconds, Stopping threads took: 0.0003055 seconds
{Heap before GC invocations=632 (full 0):
 garbage-first heap   total 1912832K, used 1691136K [0x000000008b400000, 0x000000008b503a60, 0x0000000100000000)
  region size 1024K, 1080 young (1105920K), 14 survivors (14336K)
 Metaspace       used 148480K, capacity 155599K, committed 156336K, reserved 1183744K
  class space    used 19695K, capacity 20998K, committed 21168K, reserved 1048576K
2020-07-20T10:48:34.965+0000: 5950.900: [GC pause (G1 Evacuation Pause) (young)
Desired survivor size 70778880 bytes, new threshold 15 (max 15)
- age   1:    6023840 bytes,    6023840 total
- age   2:      28544 bytes,    6052384 total
- age   3:     143216 bytes,    6195600 total
- age   4:      56208 bytes,    6251808 total
- age   5:      58208 bytes,    6310016 total
- age   6:      16872 bytes,    6326888 total
- age   7:      19640 bytes,    6346528 total
- age   8:     133928 bytes,    6480456 total
- age   9:      22488 bytes,    6502944 total
- age  10:    1120280 bytes,    7623224 total
- age  11:    1071376 bytes,    8694600 total
- age  12:    3383440 bytes,   12078040 total
- age  13:     757040 bytes,   12835080 total
- age  14:     282600 bytes,   13117680 total
- age  15:     493696 bytes,   13611376 total
, 0.0505363 secs]
   [Parallel Time: 46.0 ms, GC Workers: 4]
      [GC Worker Start (ms): Min: 5950901.4, Avg: 5950901.5, Max: 5950901.6, Diff: 0.1]
      [Ext Root Scanning (ms): Min: 6.1, Avg: 7.3, Max: 10.7, Diff: 4.5, Sum: 29.4]
      [Update RS (ms): Min: 24.0, Avg: 28.3, Max: 32.9, Diff: 8.9, Sum: 113.1]
         [Processed Buffers: Min: 27, Avg: 41.0, Max: 52, Diff: 25, Sum: 164]
      [Scan RS (ms): Min: 0.1, Avg: 0.4, Max: 0.6, Diff: 0.6, Sum: 1.7]
      [Code Root Scanning (ms): Min: 0.0, Avg: 0.1, Max: 0.3, Diff: 0.3, Sum: 0.4]
      [Object Copy (ms): Min: 6.5, Avg: 9.6, Max: 10.8, Diff: 4.4, Sum: 38.4]
      [Termination (ms): Min: 0.0, Avg: 0.0, Max: 0.0, Diff: 0.0, Sum: 0.0]
         [Termination Attempts: Min: 1, Avg: 2.0, Max: 3, Diff: 2, Sum: 8]
      [GC Worker Other (ms): Min: 0.1, Avg: 0.1, Max: 0.2, Diff: 0.1, Sum: 0.4]
      [GC Worker Total (ms): Min: 45.7, Avg: 45.8, Max: 45.9, Diff: 0.2, Sum: 183.3]
      [GC Worker End (ms): Min: 5950947.3, Avg: 5950947.3, Max: 5950947.4, Diff: 0.1]
   [Code Root Fixup: 0.0 ms]
   [Code Root Purge: 0.0 ms]
   [Clear CT: 0.3 ms]
   [Other: 4.2 ms]
      [Choose CSet: 0.0 ms]
      [Ref Proc: 1.4 ms]
      [Ref Enq: 0.1 ms]
      [Redirty Cards: 0.2 ms]
      [Humongous Register: 0.3 ms]
      [Humongous Reclaim: 0.0 ms]
      [Free CSet: 1.4 ms]
   [Eden: 1066.0M(1066.0M)->0.0B(1062.0M) Survivors: 14336.0K->15360.0K Heap: 1651.5M(1868.0M)->588.3M(1868.0M)]
Heap after GC invocations=633 (full 0):
 garbage-first heap   total 1912832K, used 602404K [0x000000008b400000, 0x000000008b503a60, 0x0000000100000000)
  region size 1024K, 15 young (15360K), 15 survivors (15360K)
 Metaspace       used 148480K, capacity 155599K, committed 156336K, reserved 1183744K
  class space    used 19695K, capacity 20998K, committed 21168K, reserved 1048576K
}
 [Times: user=0.19 sys=0.01, real=0.05 secs] 
2020-07-20T10:48:35.015+0000: 5950.951: Total time for which application threads were stopped: 0.0531268 seconds, Stopping threads took: 0.0005160 seconds
{Heap before GC invocations=633 (full 0):
 garbage-first heap   total 1912832K, used 1689892K [0x000000008b400000, 0x000000008b503a60, 0x0000000100000000)
  region size 1024K, 1077 young (1102848K), 15 survivors (15360K)
 Metaspace       used 148484K, capacity 155599K, committed 156336K, reserved 1183744K
  class space    used 19695K, capacity 20998K, committed 21168K, reserved 1048576K
2020-07-20T10:50:49.869+0000: 6085.805: [GC pause (G1 Evacuation Pause) (young)
Desired survivor size 70778880 bytes, new threshold 15 (max 15)
- age   1:    6006440 bytes,    6006440 total
- age   2:      51944 bytes,    6058384 total
- age   3:      20728 bytes,    6079112 total
- age   4:     143216 bytes,    6222328 total
- age   5:      56208 bytes,    6278536 total
- age   6:      58208 bytes,    6336744 total
- age   7:      16872 bytes,    6353616 total
- age   8:      19544 bytes,    6373160 total
- age   9:     133928 bytes,    6507088 total
- age  10:      22488 bytes,    6529576 total
- age  11:    1120280 bytes,    7649856 total
- age  12:    1068880 bytes,    8718736 total
- age  13:    3383440 bytes,   12102176 total
- age  14:     757040 bytes,   12859216 total
- age  15:     282600 bytes,   13141816 total
, 0.0447429 secs]
   [Parallel Time: 40.5 ms, GC Workers: 4]
      [GC Worker Start (ms): Min: 6085805.4, Avg: 6085805.5, Max: 6085805.5, Diff: 0.1]
      [Ext Root Scanning (ms): Min: 6.3, Avg: 7.4, Max: 10.4, Diff: 4.1, Sum: 29.5]
      [Update RS (ms): Min: 20.7, Avg: 23.4, Max: 24.4, Diff: 3.7, Sum: 93.6]
         [Processed Buffers: Min: 35, Avg: 41.0, Max: 49, Diff: 14, Sum: 164]
      [Scan RS (ms): Min: 1.2, Avg: 1.3, Max: 1.4, Diff: 0.2, Sum: 5.2]
      [Code Root Scanning (ms): Min: 0.0, Avg: 0.1, Max: 0.2, Diff: 0.2, Sum: 0.3]
      [Object Copy (ms): Min: 7.8, Avg: 8.0, Max: 8.2, Diff: 0.4, Sum: 32.0]
      [Termination (ms): Min: 0.0, Avg: 0.0, Max: 0.0, Diff: 0.0, Sum: 0.0]
         [Termination Attempts: Min: 1, Avg: 1.0, Max: 1, Diff: 0, Sum: 4]
      [GC Worker Other (ms): Min: 0.1, Avg: 0.1, Max: 0.1, Diff: 0.1, Sum: 0.4]
      [GC Worker Total (ms): Min: 40.2, Avg: 40.3, Max: 40.3, Diff: 0.1, Sum: 161.1]
      [GC Worker End (ms): Min: 6085845.7, Avg: 6085845.7, Max: 6085845.8, Diff: 0.1]
   [Code Root Fixup: 0.0 ms]
   [Code Root Purge: 0.0 ms]
   [Clear CT: 0.3 ms]
   [Other: 4.0 ms]
      [Choose CSet: 0.0 ms]
      [Ref Proc: 1.3 ms]
      [Ref Enq: 0.1 ms]
      [Redirty Cards: 0.2 ms]
      [Humongous Register: 0.3 ms]
      [Humongous Reclaim: 0.0 ms]
      [Free CSet: 1.2 ms]
   [Eden: 1062.0M(1062.0M)->0.0B(1065.0M) Survivors: 15360.0K->13312.0K Heap: 1650.3M(1868.0M)->587.0M(1868.0M)]
Heap after GC invocations=634 (full 0):
 garbage-first heap   total 1912832K, used 601098K [0x000000008b400000, 0x000000008b503a60, 0x0000000100000000)
  region size 1024K, 13 young (13312K), 13 survivors (13312K)
 Metaspace       used 148484K, capacity 155599K, committed 156336K, reserved 1183744K
  class space    used 19695K, capacity 20998K, committed 21168K, reserved 1048576K
}
 [Times: user=0.16 sys=0.00, real=0.05 secs] 
2020-07-20T10:50:49.914+0000: 6085.849: Total time for which application threads were stopped: 0.0469536 seconds, Stopping threads took: 0.0005407 seconds
{Heap before GC invocations=634 (full 0):
 garbage-first heap   total 1912832K, used 1691658K [0x000000008b400000, 0x000000008b503a60, 0x0000000100000000)
  region size 1024K, 1078 young (1103872K), 13 survivors (13312K)
 Metaspace       used 148518K, capacity 155599K, committed 156336K, reserved 1183744K
  class space    used 19700K, capacity 20998K, committed 21168K, reserved 1048576K
2020-07-20T10:53:53.959+0000: 6269.895: [GC pause (G1 Evacuation Pause) (young)
Desired survivor size 70778880 bytes, new threshold 15 (max 15)
- age   1:    6029824 bytes,    6029824 total
- age   2:      27216 bytes,    6057040 total
- age   3:      18584 bytes,    6075624 total
- age   4:      20728 bytes,    6096352 total
- age   5:     142832 bytes,    6239184 total
- age   6:      56208 bytes,    6295392 total
- age   7:      58208 bytes,    6353600 total
- age   8:      16872 bytes,    6370472 total
- age   9:      19512 bytes,    6389984 total
- age  10:     133928 bytes,    6523912 total
- age  11:      22488 bytes,    6546400 total
- age  12:    1119024 bytes,    7665424 total
- age  13:    1067112 bytes,    8732536 total
- age  14:    3383440 bytes,   12115976 total
- age  15:     757040 bytes,   12873016 total
, 0.0474716 secs]
   [Parallel Time: 43.3 ms, GC Workers: 4]
      [GC Worker Start (ms): Min: 6269895.9, Avg: 6269896.0, Max: 6269896.0, Diff: 0.1]
      [Ext Root Scanning (ms): Min: 6.2, Avg: 7.2, Max: 10.1, Diff: 3.9, Sum: 28.8]
      [Update RS (ms): Min: 23.7, Avg: 26.3, Max: 27.2, Diff: 3.5, Sum: 105.1]
         [Processed Buffers: Min: 33, Avg: 40.2, Max: 51, Diff: 18, Sum: 161]
      [Scan RS (ms): Min: 0.3, Avg: 0.4, Max: 0.4, Diff: 0.2, Sum: 1.4]
      [Code Root Scanning (ms): Min: 0.0, Avg: 0.1, Max: 0.2, Diff: 0.2, Sum: 0.4]
      [Object Copy (ms): Min: 8.7, Avg: 9.1, Max: 9.3, Diff: 0.6, Sum: 36.3]
      [Termination (ms): Min: 0.0, Avg: 0.0, Max: 0.0, Diff: 0.0, Sum: 0.0]
         [Termination Attempts: Min: 1, Avg: 1.2, Max: 2, Diff: 1, Sum: 5]
      [GC Worker Other (ms): Min: 0.1, Avg: 0.1, Max: 0.1, Diff: 0.1, Sum: 0.3]
      [GC Worker Total (ms): Min: 43.0, Avg: 43.1, Max: 43.1, Diff: 0.1, Sum: 172.4]
      [GC Worker End (ms): Min: 6269939.0, Avg: 6269939.1, Max: 6269939.1, Diff: 0.0]
   [Code Root Fixup: 0.0 ms]
   [Code Root Purge: 0.0 ms]
   [Clear CT: 0.3 ms]
   [Other: 3.8 ms]
      [Choose CSet: 0.0 ms]
      [Ref Proc: 1.4 ms]
      [Ref Enq: 0.1 ms]
      [Redirty Cards: 0.2 ms]
      [Humongous Register: 0.3 ms]
      [Humongous Reclaim: 0.0 ms]
      [Free CSet: 1.1 ms]
   [Eden: 1065.0M(1065.0M)->0.0B(1060.0M) Survivors: 13312.0K->15360.0K Heap: 1652.0M(1868.0M)->589.4M(1868.0M)]
Heap after GC invocations=635 (full 0):
 garbage-first heap   total 1912832K, used 603546K [0x000000008b400000, 0x000000008b503a60, 0x0000000100000000)
  region size 1024K, 15 young (15360K), 15 survivors (15360K)
 Metaspace       used 148518K, capacity 155599K, committed 156336K, reserved 1183744K
  class space    used 19700K, capacity 20998K, committed 21168K, reserved 1048576K
}
 [Times: user=0.18 sys=0.00, real=0.05 secs] 
2020-07-20T10:53:54.007+0000: 6269.943: Total time for which application threads were stopped: 0.0494893 seconds, Stopping threads took: 0.0004373 seconds
{Heap before GC invocations=635 (full 0):
 garbage-first heap   total 1912832K, used 1688986K [0x000000008b400000, 0x000000008b503a60, 0x0000000100000000)
  region size 1024K, 1075 young (1100800K), 15 survivors (15360K)
 Metaspace       used 148523K, capacity 155599K, committed 156336K, reserved 1183744K
  class space    used 19700K, capacity 20998K, committed 21168K, reserved 1048576K
2020-07-20T10:56:06.857+0000: 6402.793: [GC pause (G1 Evacuation Pause) (young)
Desired survivor size 70778880 bytes, new threshold 15 (max 15)
- age   1:    6093944 bytes,    6093944 total
- age   2:      60080 bytes,    6154024 total
- age   3:      26096 bytes,    6180120 total
- age   4:      18584 bytes,    6198704 total
- age   5:      20728 bytes,    6219432 total
- age   6:     142832 bytes,    6362264 total
- age   7:      56208 bytes,    6418472 total
- age   8:      56608 bytes,    6475080 total
- age   9:      16872 bytes,    6491952 total
- age  10:      19512 bytes,    6511464 total
- age  11:     133928 bytes,    6645392 total
- age  12:      20952 bytes,    6666344 total
- age  13:    1118488 bytes,    7784832 total
- age  14:    1067096 bytes,    8851928 total
- age  15:    3383440 bytes,   12235368 total
, 0.0424576 secs]
   [Parallel Time: 38.5 ms, GC Workers: 4]
      [GC Worker Start (ms): Min: 6402793.3, Avg: 6402793.3, Max: 6402793.4, Diff: 0.1]
      [Ext Root Scanning (ms): Min: 5.6, Avg: 6.3, Max: 8.2, Diff: 2.6, Sum: 25.2]
      [Update RS (ms): Min: 21.5, Avg: 23.1, Max: 23.7, Diff: 2.2, Sum: 92.2]
         [Processed Buffers: Min: 24, Avg: 38.0, Max: 48, Diff: 24, Sum: 152]
      [Scan RS (ms): Min: 0.9, Avg: 1.2, Max: 1.3, Diff: 0.4, Sum: 4.6]
      [Code Root Scanning (ms): Min: 0.0, Avg: 0.1, Max: 0.3, Diff: 0.3, Sum: 0.4]
      [Object Copy (ms): Min: 7.4, Avg: 7.6, Max: 7.7, Diff: 0.3, Sum: 30.3]
      [Termination (ms): Min: 0.0, Avg: 0.0, Max: 0.0, Diff: 0.0, Sum: 0.0]
         [Termination Attempts: Min: 1, Avg: 1.2, Max: 2, Diff: 1, Sum: 5]
      [GC Worker Other (ms): Min: 0.0, Avg: 0.1, Max: 0.1, Diff: 0.1, Sum: 0.3]
      [GC Worker Total (ms): Min: 38.2, Avg: 38.3, Max: 38.4, Diff: 0.2, Sum: 153.1]
      [GC Worker End (ms): Min: 6402831.6, Avg: 6402831.6, Max: 6402831.6, Diff: 0.1]
   [Code Root Fixup: 0.0 ms]
   [Code Root Purge: 0.0 ms]
   [Clear CT: 0.3 ms]
   [Other: 3.7 ms]
      [Choose CSet: 0.0 ms]
      [Ref Proc: 1.3 ms]
      [Ref Enq: 0.1 ms]
      [Redirty Cards: 0.2 ms]
      [Humongous Register: 0.3 ms]
      [Humongous Reclaim: 0.0 ms]
      [Free CSet: 1.1 ms]
   [Eden: 1060.0M(1060.0M)->0.0B(1064.0M) Survivors: 15360.0K->11264.0K Heap: 1649.4M(1868.0M)->589.8M(1868.0M)]
Heap after GC invocations=636 (full 0):
 garbage-first heap   total 1912832K, used 603955K [0x000000008b400000, 0x000000008b503a60, 0x0000000100000000)
  region size 1024K, 11 young (11264K), 11 survivors (11264K)
 Metaspace       used 148523K, capacity 155599K, committed 156336K, reserved 1183744K
  class space    used 19700K, capacity 20998K, committed 21168K, reserved 1048576K
}
 [Times: user=0.16 sys=0.00, real=0.04 secs] 
2020-07-20T10:56:06.899+0000: 6402.835: Total time for which application threads were stopped: 0.0497327 seconds, Stopping threads took: 0.0060472 seconds
{Heap before GC invocations=636 (full 0):
 garbage-first heap   total 1912832K, used 1693491K [0x000000008b400000, 0x000000008b503a60, 0x0000000100000000)
  region size 1024K, 1075 young (1100800K), 11 survivors (11264K)
 Metaspace       used 148532K, capacity 155599K, committed 156336K, reserved 1183744K
  class space    used 19700K, capacity 20998K, committed 21168K, reserved 1048576K
2020-07-20T10:59:07.194+0000: 6583.130: [GC pause (G1 Evacuation Pause) (young)
Desired survivor size 70778880 bytes, new threshold 15 (max 15)
- age   1:    6024328 bytes,    6024328 total
- age   2:     108336 bytes,    6132664 total
- age   3:      19928 bytes,    6152592 total
- age   4:      26096 bytes,    6178688 total
- age   5:      18520 bytes,    6197208 total
- age   6:      20728 bytes,    6217936 total
- age   7:     142344 bytes,    6360280 total
- age   8:      56208 bytes,    6416488 total
- age   9:      56608 bytes,    6473096 total
- age  10:      16872 bytes,    6489968 total
- age  11:      19512 bytes,    6509480 total
- age  12:     131264 bytes,    6640744 total
- age  13:      20920 bytes,    6661664 total
- age  14:    1118488 bytes,    7780152 total
- age  15:    1067024 bytes,    8847176 total
, 0.0427071 secs]
   [Parallel Time: 38.8 ms, GC Workers: 4]
      [GC Worker Start (ms): Min: 6583131.0, Avg: 6583131.0, Max: 6583131.1, Diff: 0.1]
      [Ext Root Scanning (ms): Min: 5.9, Avg: 6.6, Max: 8.4, Diff: 2.5, Sum: 26.5]
      [Update RS (ms): Min: 25.0, Avg: 26.5, Max: 27.2, Diff: 2.2, Sum: 106.1]
         [Processed Buffers: Min: 29, Avg: 39.8, Max: 52, Diff: 23, Sum: 159]
      [Scan RS (ms): Min: 0.2, Avg: 0.4, Max: 0.5, Diff: 0.3, Sum: 1.6]
      [Code Root Scanning (ms): Min: 0.0, Avg: 0.1, Max: 0.3, Diff: 0.2, Sum: 0.4]
      [Object Copy (ms): Min: 4.7, Avg: 4.8, Max: 5.0, Diff: 0.3, Sum: 19.4]
      [Termination (ms): Min: 0.0, Avg: 0.0, Max: 0.0, Diff: 0.0, Sum: 0.0]
         [Termination Attempts: Min: 1, Avg: 1.0, Max: 1, Diff: 0, Sum: 4]
      [GC Worker Other (ms): Min: 0.1, Avg: 0.1, Max: 0.1, Diff: 0.0, Sum: 0.3]
      [GC Worker Total (ms): Min: 38.5, Avg: 38.6, Max: 38.6, Diff: 0.1, Sum: 154.3]
      [GC Worker End (ms): Min: 6583169.6, Avg: 6583169.6, Max: 6583169.6, Diff: 0.0]
   [Code Root Fixup: 0.0 ms]
   [Code Root Purge: 0.0 ms]
   [Clear CT: 0.3 ms]
   [Other: 3.6 ms]
      [Choose CSet: 0.0 ms]
      [Ref Proc: 1.3 ms]
      [Ref Enq: 0.1 ms]
      [Redirty Cards: 0.2 ms]
      [Humongous Register: 0.2 ms]
      [Humongous Reclaim: 0.0 ms]
      [Free CSet: 1.1 ms]
   [Eden: 1064.0M(1064.0M)->0.0B(1065.0M) Survivors: 11264.0K->9216.0K Heap: 1653.8M(1868.0M)->590.0M(1868.0M)]
Heap after GC invocations=637 (full 0):
 garbage-first heap   total 1912832K, used 604160K [0x000000008b400000, 0x000000008b503a60, 0x0000000100000000)
  region size 1024K, 9 young (9216K), 9 survivors (9216K)
 Metaspace       used 148532K, capacity 155599K, committed 156336K, reserved 1183744K
  class space    used 19700K, capacity 20998K, committed 21168K, reserved 1048576K
}
 [Times: user=0.16 sys=0.00, real=0.04 secs] 
2020-07-20T10:59:07.237+0000: 6583.173: Total time for which application threads were stopped: 0.0501231 seconds, Stopping threads took: 0.0060679 seconds
{Heap before GC invocations=637 (full 0):
 garbage-first heap   total 1912832K, used 1694720K [0x000000008b400000, 0x000000008b503a60, 0x0000000100000000)
  region size 1024K, 1074 young (1099776K), 9 survivors (9216K)
 Metaspace       used 148538K, capacity 155599K, committed 156336K, reserved 1183744K
  class space    used 19700K, capacity 20998K, committed 21168K, reserved 1048576K
2020-07-20T11:01:21.864+0000: 6717.800: [GC pause (G1 Evacuation Pause) (young)
Desired survivor size 70778880 bytes, new threshold 15 (max 15)
- age   1:    5990432 bytes,    5990432 total
- age   2:      56168 bytes,    6046600 total
- age   3:     107248 bytes,    6153848 total
- age   4:      19928 bytes,    6173776 total
- age   5:      26096 bytes,    6199872 total
- age   6:      16920 bytes,    6216792 total
- age   7:      20728 bytes,    6237520 total
- age   8:     142248 bytes,    6379768 total
- age   9:      56208 bytes,    6435976 total
- age  10:      56608 bytes,    6492584 total
- age  11:      16872 bytes,    6509456 total
- age  12:      18128 bytes,    6527584 total
- age  13:     131232 bytes,    6658816 total
- age  14:      20904 bytes,    6679720 total
- age  15:    1118488 bytes,    7798208 total
, 0.0330145 secs]
   [Parallel Time: 29.1 ms, GC Workers: 4]
      [GC Worker Start (ms): Min: 6717800.6, Avg: 6717800.6, Max: 6717800.7, Diff: 0.1]
      [Ext Root Scanning (ms): Min: 5.9, Avg: 6.8, Max: 9.3, Diff: 3.3, Sum: 27.3]
      [Update RS (ms): Min: 16.5, Avg: 18.5, Max: 19.1, Diff: 2.6, Sum: 73.9]
         [Processed Buffers: Min: 25, Avg: 33.0, Max: 42, Diff: 17, Sum: 132]
      [Scan RS (ms): Min: 0.2, Avg: 0.3, Max: 0.4, Diff: 0.2, Sum: 1.1]
      [Code Root Scanning (ms): Min: 0.0, Avg: 0.1, Max: 0.2, Diff: 0.2, Sum: 0.4]
      [Object Copy (ms): Min: 2.9, Avg: 3.1, Max: 3.3, Diff: 0.4, Sum: 12.4]
      [Termination (ms): Min: 0.0, Avg: 0.0, Max: 0.0, Diff: 0.0, Sum: 0.0]
         [Termination Attempts: Min: 1, Avg: 1.0, Max: 1, Diff: 0, Sum: 4]
      [GC Worker Other (ms): Min: 0.0, Avg: 0.1, Max: 0.1, Diff: 0.0, Sum: 0.3]
      [GC Worker Total (ms): Min: 28.8, Avg: 28.9, Max: 29.0, Diff: 0.2, Sum: 115.5]
      [GC Worker End (ms): Min: 6717829.5, Avg: 6717829.5, Max: 6717829.5, Diff: 0.1]
   [Code Root Fixup: 0.0 ms]
   [Code Root Purge: 0.0 ms]
   [Clear CT: 0.3 ms]
   [Other: 3.6 ms]
      [Choose CSet: 0.0 ms]
      [Ref Proc: 1.4 ms]
      [Ref Enq: 0.1 ms]
      [Redirty Cards: 0.1 ms]
      [Humongous Register: 0.2 ms]
      [Humongous Reclaim: 0.0 ms]
      [Free CSet: 1.1 ms]
   [Eden: 1065.0M(1065.0M)->0.0B(1064.0M) Survivors: 9216.0K->8192.0K Heap: 1655.0M(1868.0M)->590.5M(1868.0M)]
Heap after GC invocations=638 (full 0):
 garbage-first heap   total 1912832K, used 604684K [0x000000008b400000, 0x000000008b503a60, 0x0000000100000000)
  region size 1024K, 8 young (8192K), 8 survivors (8192K)
 Metaspace       used 148538K, capacity 155599K, committed 156336K, reserved 1183744K
  class space    used 19700K, capacity 20998K, committed 21168K, reserved 1048576K
}
 [Times: user=0.12 sys=0.00, real=0.03 secs] 
2020-07-20T11:01:21.897+0000: 6717.833: Total time for which application threads were stopped: 0.0347536 seconds, Stopping threads took: 0.0003443 seconds
{Heap before GC invocations=638 (full 0):
 garbage-first heap   total 1912832K, used 1694220K [0x000000008b400000, 0x000000008b503a60, 0x0000000100000000)
  region size 1024K, 1072 young (1097728K), 8 survivors (8192K)
 Metaspace       used 148542K, capacity 155599K, committed 156336K, reserved 1183744K
  class space    used 19700K, capacity 20998K, committed 21168K, reserved 1048576K
2020-07-20T11:04:25.464+0000: 6901.400: [GC pause (G1 Evacuation Pause) (young)
Desired survivor size 70254592 bytes, new threshold 15 (max 15)
- age   1:    6060176 bytes,    6060176 total
- age   2:      22032 bytes,    6082208 total
- age   3:      15728 bytes,    6097936 total
- age   4:     107248 bytes,    6205184 total
- age   5:      19576 bytes,    6224760 total
- age   6:      26096 bytes,    6250856 total
- age   7:      16920 bytes,    6267776 total
- age   8:      20728 bytes,    6288504 total
- age   9:     142184 bytes,    6430688 total
- age  10:      33064 bytes,    6463752 total
- age  11:      56608 bytes,    6520360 total
- age  12:      15088 bytes,    6535448 total
- age  13:      16720 bytes,    6552168 total
- age  14:     131232 bytes,    6683400 total
- age  15:      20904 bytes,    6704304 total
, 0.0272433 secs]
   [Parallel Time: 23.4 ms, GC Workers: 4]
      [GC Worker Start (ms): Min: 6901400.5, Avg: 6901400.6, Max: 6901400.7, Diff: 0.2]
      [Ext Root Scanning (ms): Min: 5.8, Avg: 6.7, Max: 9.3, Diff: 3.5, Sum: 26.9]
      [Update RS (ms): Min: 11.7, Avg: 14.0, Max: 14.9, Diff: 3.2, Sum: 56.1]
         [Processed Buffers: Min: 17, Avg: 29.0, Max: 37, Diff: 20, Sum: 116]
      [Scan RS (ms): Min: 0.2, Avg: 0.3, Max: 0.3, Diff: 0.1, Sum: 1.2]
      [Code Root Scanning (ms): Min: 0.0, Avg: 0.1, Max: 0.3, Diff: 0.2, Sum: 0.4]
      [Object Copy (ms): Min: 1.7, Avg: 1.9, Max: 2.1, Diff: 0.4, Sum: 7.7]
      [Termination (ms): Min: 0.0, Avg: 0.0, Max: 0.0, Diff: 0.0, Sum: 0.0]
         [Termination Attempts: Min: 2, Avg: 2.0, Max: 2, Diff: 0, Sum: 8]
      [GC Worker Other (ms): Min: 0.1, Avg: 0.1, Max: 0.2, Diff: 0.1, Sum: 0.4]
      [GC Worker Total (ms): Min: 23.1, Avg: 23.1, Max: 23.2, Diff: 0.1, Sum: 92.5]
      [GC Worker End (ms): Min: 6901423.7, Avg: 6901423.7, Max: 6901423.8, Diff: 0.1]
   [Code Root Fixup: 0.0 ms]
   [Code Root Purge: 0.0 ms]
   [Clear CT: 0.2 ms]
   [Other: 3.6 ms]
      [Choose CSet: 0.0 ms]
      [Ref Proc: 1.5 ms]
      [Ref Enq: 0.1 ms]
      [Redirty Cards: 0.1 ms]
      [Humongous Register: 0.2 ms]
      [Humongous Reclaim: 0.0 ms]
      [Free CSet: 1.0 ms]
   [Eden: 1064.0M(1064.0M)->0.0B(1063.0M) Survivors: 8192.0K->8192.0K Heap: 1654.5M(1868.0M)->591.8M(1868.0M)]
Heap after GC invocations=639 (full 0):
 garbage-first heap   total 1912832K, used 605995K [0x000000008b400000, 0x000000008b503a60, 0x0000000100000000)
  region size 1024K, 8 young (8192K), 8 survivors (8192K)
 Metaspace       used 148542K, capacity 155599K, committed 156336K, reserved 1183744K
  class space    used 19700K, capacity 20998K, committed 21168K, reserved 1048576K
}
 [Times: user=0.09 sys=0.00, real=0.02 secs] 
2020-07-20T11:04:25.492+0000: 6901.427: Total time for which application threads were stopped: 0.0292415 seconds, Stopping threads took: 0.0004846 seconds
{Heap before GC invocations=639 (full 0):
 garbage-first heap   total 1912832K, used 1694507K [0x000000008b400000, 0x000000008b503a60, 0x0000000100000000)
  region size 1024K, 1071 young (1096704K), 8 survivors (8192K)
 Metaspace       used 148550K, capacity 155663K, committed 156336K, reserved 1183744K
  class space    used 19700K, capacity 20998K, committed 21168K, reserved 1048576K
2020-07-20T11:06:37.971+0000: 7033.907: [GC pause (G1 Evacuation Pause) (young)
Desired survivor size 70254592 bytes, new threshold 15 (max 15)
- age   1:    6005472 bytes,    6005472 total
- age   2:      58680 bytes,    6064152 total
- age   3:      21456 bytes,    6085608 total
- age   4:      15728 bytes,    6101336 total
- age   5:     107248 bytes,    6208584 total
- age   6:      19576 bytes,    6228160 total
- age   7:      26096 bytes,    6254256 total
- age   8:      16920 bytes,    6271176 total
- age   9:      20728 bytes,    6291904 total
- age  10:      51768 bytes,    6343672 total
- age  11:      33064 bytes,    6376736 total
- age  12:      55096 bytes,    6431832 total
- age  13:      15056 bytes,    6446888 total
- age  14:      16704 bytes,    6463592 total
- age  15:     131232 bytes,    6594824 total
, 0.0185558 secs]
   [Parallel Time: 14.8 ms, GC Workers: 4]
      [GC Worker Start (ms): Min: 7033908.0, Avg: 7033908.0, Max: 7033908.1, Diff: 0.2]
      [Ext Root Scanning (ms): Min: 6.0, Avg: 6.9, Max: 9.6, Diff: 3.6, Sum: 27.7]
      [Update RS (ms): Min: 3.0, Avg: 5.3, Max: 6.2, Diff: 3.2, Sum: 21.2]
         [Processed Buffers: Min: 17, Avg: 22.5, Max: 28, Diff: 11, Sum: 90]
      [Scan RS (ms): Min: 0.2, Avg: 0.3, Max: 0.4, Diff: 0.2, Sum: 1.2]
      [Code Root Scanning (ms): Min: 0.0, Avg: 0.1, Max: 0.2, Diff: 0.2, Sum: 0.4]
      [Object Copy (ms): Min: 1.7, Avg: 1.8, Max: 1.9, Diff: 0.3, Sum: 7.3]
      [Termination (ms): Min: 0.0, Avg: 0.0, Max: 0.0, Diff: 0.0, Sum: 0.0]
         [Termination Attempts: Min: 1, Avg: 1.0, Max: 1, Diff: 0, Sum: 4]
      [GC Worker Other (ms): Min: 0.0, Avg: 0.1, Max: 0.1, Diff: 0.1, Sum: 0.3]
      [GC Worker Total (ms): Min: 14.5, Avg: 14.6, Max: 14.7, Diff: 0.2, Sum: 58.2]
      [GC Worker End (ms): Min: 7033922.6, Avg: 7033922.6, Max: 7033922.6, Diff: 0.1]
   [Code Root Fixup: 0.0 ms]
   [Code Root Purge: 0.0 ms]
   [Clear CT: 0.2 ms]
   [Other: 3.5 ms]
      [Choose CSet: 0.0 ms]
      [Ref Proc: 1.3 ms]
      [Ref Enq: 0.1 ms]
      [Redirty Cards: 0.1 ms]
      [Humongous Register: 0.2 ms]
      [Humongous Reclaim: 0.0 ms]
      [Free CSet: 1.0 ms]
   [Eden: 1063.0M(1063.0M)->0.0B(1063.0M) Survivors: 8192.0K->7168.0K Heap: 1654.8M(1868.0M)->591.6M(1868.0M)]
Heap after GC invocations=640 (full 0):
 garbage-first heap   total 1912832K, used 605765K [0x000000008b400000, 0x000000008b503a60, 0x0000000100000000)
  region size 1024K, 7 young (7168K), 7 survivors (7168K)
 Metaspace       used 148550K, capacity 155663K, committed 156336K, reserved 1183744K
  class space    used 19700K, capacity 20998K, committed 21168K, reserved 1048576K
}
 [Times: user=0.07 sys=0.00, real=0.02 secs] 
2020-07-20T11:06:37.990+0000: 7033.926: Total time for which application threads were stopped: 0.0202640 seconds, Stopping threads took: 0.0003661 seconds
2020-07-20T11:09:39.849+0000: 7215.785: Total time for which application threads were stopped: 0.0171653 seconds, Stopping threads took: 0.0003266 seconds
{Heap before GC invocations=640 (full 0):
 garbage-first heap   total 1912832K, used 1702469K [0x000000008b400000, 0x000000008b503a60, 0x0000000100000000)
  region size 1024K, 1070 young (1095680K), 7 survivors (7168K)
 Metaspace       used 148581K, capacity 155663K, committed 156336K, reserved 1183744K
  class space    used 19703K, capacity 20998K, committed 21168K, reserved 1048576K
2020-07-20T11:09:39.860+0000: 7215.796: [GC pause (G1 Evacuation Pause) (young)
Desired survivor size 70254592 bytes, new threshold 15 (max 15)
- age   1:    6034536 bytes,    6034536 total
- age   2:      22168 bytes,    6056704 total
- age   3:      17792 bytes,    6074496 total
- age   4:      19856 bytes,    6094352 total
- age   5:      15696 bytes,    6110048 total
- age   6:     107248 bytes,    6217296 total
- age   7:      19576 bytes,    6236872 total
- age   8:      26000 bytes,    6262872 total
- age   9:      16920 bytes,    6279792 total
- age  10:      20728 bytes,    6300520 total
- age  11:      51264 bytes,    6351784 total
- age  12:      31680 bytes,    6383464 total
- age  13:      53800 bytes,    6437264 total
- age  14:      15056 bytes,    6452320 total
- age  15:      16704 bytes,    6469024 total
, 0.0181474 secs]
   [Parallel Time: 14.5 ms, GC Workers: 4]
      [GC Worker Start (ms): Min: 7215796.2, Avg: 7215796.3, Max: 7215796.4, Diff: 0.1]
      [Ext Root Scanning (ms): Min: 5.8, Avg: 6.4, Max: 7.9, Diff: 2.1, Sum: 25.6]
      [Update RS (ms): Min: 4.2, Avg: 5.5, Max: 6.0, Diff: 1.8, Sum: 21.9]
         [Processed Buffers: Min: 20, Avg: 22.5, Max: 28, Diff: 8, Sum: 90]
      [Scan RS (ms): Min: 0.2, Avg: 0.3, Max: 0.4, Diff: 0.2, Sum: 1.3]
      [Code Root Scanning (ms): Min: 0.0, Avg: 0.0, Max: 0.1, Diff: 0.1, Sum: 0.2]
      [Object Copy (ms): Min: 1.7, Avg: 1.9, Max: 2.0, Diff: 0.3, Sum: 7.8]
      [Termination (ms): Min: 0.0, Avg: 0.0, Max: 0.0, Diff: 0.0, Sum: 0.0]
         [Termination Attempts: Min: 1, Avg: 1.5, Max: 2, Diff: 1, Sum: 6]
      [GC Worker Other (ms): Min: 0.0, Avg: 0.1, Max: 0.1, Diff: 0.1, Sum: 0.3]
      [GC Worker Total (ms): Min: 14.2, Avg: 14.3, Max: 14.4, Diff: 0.2, Sum: 57.0]
      [GC Worker End (ms): Min: 7215810.5, Avg: 7215810.6, Max: 7215810.6, Diff: 0.1]
   [Code Root Fixup: 0.0 ms]
   [Code Root Purge: 0.0 ms]
   [Clear CT: 0.2 ms]
   [Other: 3.4 ms]
      [Choose CSet: 0.0 ms]
      [Ref Proc: 1.5 ms]
      [Ref Enq: 0.1 ms]
      [Redirty Cards: 0.1 ms]
      [Humongous Register: 0.2 ms]
      [Humongous Reclaim: 0.1 ms]
      [Free CSet: 1.0 ms]
   [Eden: 1063.0M(1063.0M)->0.0B(1048.0M) Survivors: 7168.0K->10240.0K Heap: 1662.6M(1868.0M)->600.2M(1868.0M)]
Heap after GC invocations=641 (full 0):
 garbage-first heap   total 1912832K, used 614586K [0x000000008b400000, 0x000000008b503a60, 0x0000000100000000)
  region size 1024K, 10 young (10240K), 10 survivors (10240K)
 Metaspace       used 148581K, capacity 155663K, committed 156336K, reserved 1183744K
  class space    used 19703K, capacity 20998K, committed 21168K, reserved 1048576K
}
 [Times: user=0.07 sys=0.00, real=0.02 secs] 
2020-07-20T11:09:39.878+0000: 7215.814: Total time for which application threads were stopped: 0.0190934 seconds, Stopping threads took: 0.0002533 seconds
{Heap before GC invocations=641 (full 0):
 garbage-first heap   total 1912832K, used 1692404K [0x000000008b400000, 0x000000008b503a60, 0x0000000100000000)
  region size 1024K, 1058 young (1083392K), 10 survivors (10240K)
 Metaspace       used 148630K, capacity 155685K, committed 156336K, reserved 1183744K
  class space    used 19710K, capacity 21005K, committed 21168K, reserved 1048576K
2020-07-20T11:11:47.770+0000: 7343.706: [GC pause (G1 Evacuation Pause) (young)
Desired survivor size 69730304 bytes, new threshold 15 (max 15)
- age   1:    6214872 bytes,    6214872 total
- age   2:      59776 bytes,    6274648 total
- age   3:      21848 bytes,    6296496 total
- age   4:      17792 bytes,    6314288 total
- age   5:      19856 bytes,    6334144 total
- age   6:      15696 bytes,    6349840 total
- age   7:     107168 bytes,    6457008 total
- age   8:      19576 bytes,    6476584 total
- age   9:      25624 bytes,    6502208 total
- age  10:      14160 bytes,    6516368 total
- age  11:      19344 bytes,    6535712 total
- age  12:      48552 bytes,    6584264 total
- age  13:      31648 bytes,    6615912 total
- age  14:      53800 bytes,    6669712 total
- age  15:      15056 bytes,    6684768 total
, 0.0265744 secs]
   [Parallel Time: 21.6 ms, GC Workers: 4]
      [GC Worker Start (ms): Min: 7343706.3, Avg: 7343706.3, Max: 7343706.5, Diff: 0.2]
      [Ext Root Scanning (ms): Min: 8.3, Avg: 8.7, Max: 9.1, Diff: 0.7, Sum: 34.9]
      [Update RS (ms): Min: 8.6, Avg: 9.6, Max: 12.3, Diff: 3.7, Sum: 38.5]
         [Processed Buffers: Min: 10, Avg: 28.0, Max: 40, Diff: 30, Sum: 112]
      [Scan RS (ms): Min: 0.1, Avg: 0.3, Max: 0.4, Diff: 0.3, Sum: 1.1]
      [Code Root Scanning (ms): Min: 0.0, Avg: 0.1, Max: 0.1, Diff: 0.1, Sum: 0.3]
      [Object Copy (ms): Min: 0.4, Avg: 2.4, Max: 3.4, Diff: 3.0, Sum: 9.6]
      [Termination (ms): Min: 0.0, Avg: 0.2, Max: 0.3, Diff: 0.3, Sum: 0.8]
         [Termination Attempts: Min: 1, Avg: 1.0, Max: 1, Diff: 0, Sum: 4]
      [GC Worker Other (ms): Min: 0.0, Avg: 0.0, Max: 0.1, Diff: 0.0, Sum: 0.2]
      [GC Worker Total (ms): Min: 21.2, Avg: 21.4, Max: 21.4, Diff: 0.2, Sum: 85.4]
      [GC Worker End (ms): Min: 7343727.7, Avg: 7343727.7, Max: 7343727.7, Diff: 0.0]
   [Code Root Fixup: 0.0 ms]
   [Code Root Purge: 0.0 ms]
   [Clear CT: 0.4 ms]
   [Other: 4.6 ms]
      [Choose CSet: 0.0 ms]
      [Ref Proc: 2.4 ms]
      [Ref Enq: 0.1 ms]
      [Redirty Cards: 0.2 ms]
      [Humongous Register: 0.3 ms]
      [Humongous Reclaim: 0.1 ms]
      [Free CSet: 1.0 ms]
   [Eden: 1048.0M(1048.0M)->0.0B(1060.0M) Survivors: 10240.0K->10240.0K Heap: 1652.7M(1868.0M)->594.7M(1868.0M)]
Heap after GC invocations=642 (full 0):
 garbage-first heap   total 1912832K, used 608986K [0x000000008b400000, 0x000000008b503a60, 0x0000000100000000)
  region size 1024K, 10 young (10240K), 10 survivors (10240K)
 Metaspace       used 148630K, capacity 155685K, committed 156336K, reserved 1183744K
  class space    used 19710K, capacity 21005K, committed 21168K, reserved 1048576K
}
 [Times: user=0.06 sys=0.01, real=0.03 secs] 
2020-07-20T11:11:47.796+0000: 7343.732: Total time for which application threads were stopped: 0.0342422 seconds, Stopping threads took: 0.0060670 seconds
{Heap before GC invocations=642 (full 0):
 garbage-first heap   total 1912832K, used 1694426K [0x000000008b400000, 0x000000008b503a60, 0x0000000100000000)
  region size 1024K, 1070 young (1095680K), 10 survivors (10240K)
 Metaspace       used 148634K, capacity 155689K, committed 156336K, reserved 1183744K
  class space    used 19710K, capacity 21005K, committed 21168K, reserved 1048576K
2020-07-20T11:14:50.495+0000: 7526.431: [GC pause (G1 Evacuation Pause) (young)
Desired survivor size 70254592 bytes, new threshold 15 (max 15)
- age   1:    6674192 bytes,    6674192 total
- age   2:     161912 bytes,    6836104 total
- age   3:      50296 bytes,    6886400 total
- age   4:      16432 bytes,    6902832 total
- age   5:      11392 bytes,    6914224 total
- age   6:      14504 bytes,    6928728 total
- age   7:      10152 bytes,    6938880 total
- age   8:      94600 bytes,    7033480 total
- age   9:      13560 bytes,    7047040 total
- age  10:      20400 bytes,    7067440 total
- age  11:      11056 bytes,    7078496 total
- age  12:      16016 bytes,    7094512 total
- age  13:      44792 bytes,    7139304 total
- age  14:      28640 bytes,    7167944 total
- age  15:      50032 bytes,    7217976 total
, 0.0310112 secs]
   [Parallel Time: 25.5 ms, GC Workers: 4]
      [GC Worker Start (ms): Min: 7526431.4, Avg: 7526431.5, Max: 7526431.6, Diff: 0.3]
      [Ext Root Scanning (ms): Min: 10.5, Avg: 12.0, Max: 13.1, Diff: 2.6, Sum: 48.1]
      [Update RS (ms): Min: 7.9, Avg: 9.8, Max: 13.5, Diff: 5.6, Sum: 39.2]
         [Processed Buffers: Min: 1, Avg: 21.5, Max: 50, Diff: 49, Sum: 86]
      [Scan RS (ms): Min: 0.1, Avg: 0.3, Max: 0.4, Diff: 0.3, Sum: 1.1]
      [Code Root Scanning (ms): Min: 0.0, Avg: 0.1, Max: 0.2, Diff: 0.2, Sum: 0.3]
      [Object Copy (ms): Min: 0.9, Avg: 2.4, Max: 3.1, Diff: 2.2, Sum: 9.7]
      [Termination (ms): Min: 0.0, Avg: 0.5, Max: 0.7, Diff: 0.7, Sum: 2.1]
         [Termination Attempts: Min: 1, Avg: 15.0, Max: 44, Diff: 43, Sum: 60]
      [GC Worker Other (ms): Min: 0.0, Avg: 0.0, Max: 0.1, Diff: 0.0, Sum: 0.2]
      [GC Worker Total (ms): Min: 25.0, Avg: 25.2, Max: 25.3, Diff: 0.3, Sum: 100.8]
      [GC Worker End (ms): Min: 7526456.6, Avg: 7526456.7, Max: 7526456.7, Diff: 0.0]
   [Code Root Fixup: 0.0 ms]
   [Code Root Purge: 0.0 ms]
   [Clear CT: 0.4 ms]
   [Other: 5.1 ms]
      [Choose CSet: 0.0 ms]
      [Ref Proc: 2.8 ms]
      [Ref Enq: 0.1 ms]
      [Redirty Cards: 0.2 ms]
      [Humongous Register: 0.2 ms]
      [Humongous Reclaim: 0.0 ms]
      [Free CSet: 1.1 ms]
   [Eden: 1060.0M(1060.0M)->0.0B(1061.0M) Survivors: 10240.0K->9216.0K Heap: 1654.7M(1868.0M)->593.3M(1868.0M)]
Heap after GC invocations=643 (full 0):
 garbage-first heap   total 1912832K, used 607503K [0x000000008b400000, 0x000000008b503a60, 0x0000000100000000)
  region size 1024K, 9 young (9216K), 9 survivors (9216K)
 Metaspace       used 148634K, capacity 155689K, committed 156336K, reserved 1183744K
  class space    used 19710K, capacity 21005K, committed 21168K, reserved 1048576K
}
 [Times: user=0.07 sys=0.00, real=0.03 secs] 
2020-07-20T11:14:50.526+0000: 7526.462: Total time for which application threads were stopped: 0.0327508 seconds, Stopping threads took: 0.0003178 seconds
{Heap before GC invocations=643 (full 0):
 garbage-first heap   total 1912832K, used 1693967K [0x000000008b400000, 0x000000008b503a60, 0x0000000100000000)
  region size 1024K, 1070 young (1095680K), 9 survivors (9216K)
 Metaspace       used 148647K, capacity 155753K, committed 156336K, reserved 1183744K
  class space    used 19710K, capacity 21005K, committed 21168K, reserved 1048576K
2020-07-20T11:17:03.965+0000: 7659.901: [GC pause (G1 Evacuation Pause) (young)
Desired survivor size 70254592 bytes, new threshold 15 (max 15)
- age   1:    5995992 bytes,    5995992 total
- age   2:     693440 bytes,    6689432 total
- age   3:     161168 bytes,    6850600 total
- age   4:      50296 bytes,    6900896 total
- age   5:      16432 bytes,    6917328 total
- age   6:      11392 bytes,    6928720 total
- age   7:      14408 bytes,    6943128 total
- age   8:      10152 bytes,    6953280 total
- age   9:      94600 bytes,    7047880 total
- age  10:      13560 bytes,    7061440 total
- age  11:      20400 bytes,    7081840 total
- age  12:      11040 bytes,    7092880 total
- age  13:      15984 bytes,    7108864 total
- age  14:      44752 bytes,    7153616 total
- age  15:      28640 bytes,    7182256 total
, 0.0214563 secs]
   [Parallel Time: 17.6 ms, GC Workers: 4]
      [GC Worker Start (ms): Min: 7659901.9, Avg: 7659902.0, Max: 7659902.1, Diff: 0.2]
      [Ext Root Scanning (ms): Min: 6.5, Avg: 7.8, Max: 10.4, Diff: 3.9, Sum: 31.2]
      [Update RS (ms): Min: 4.2, Avg: 6.8, Max: 7.7, Diff: 3.6, Sum: 27.1]
         [Processed Buffers: Min: 14, Avg: 22.0, Max: 31, Diff: 17, Sum: 88]
      [Scan RS (ms): Min: 0.2, Avg: 0.3, Max: 0.4, Diff: 0.2, Sum: 1.1]
      [Code Root Scanning (ms): Min: 0.0, Avg: 0.1, Max: 0.1, Diff: 0.1, Sum: 0.3]
      [Object Copy (ms): Min: 2.1, Avg: 2.4, Max: 2.6, Diff: 0.5, Sum: 9.4]
      [Termination (ms): Min: 0.0, Avg: 0.0, Max: 0.0, Diff: 0.0, Sum: 0.0]
         [Termination Attempts: Min: 1, Avg: 2.2, Max: 4, Diff: 3, Sum: 9]
      [GC Worker Other (ms): Min: 0.0, Avg: 0.1, Max: 0.1, Diff: 0.1, Sum: 0.3]
      [GC Worker Total (ms): Min: 17.3, Avg: 17.3, Max: 17.4, Diff: 0.2, Sum: 69.4]
      [GC Worker End (ms): Min: 7659919.3, Avg: 7659919.4, Max: 7659919.4, Diff: 0.1]
   [Code Root Fixup: 0.0 ms]
   [Code Root Purge: 0.0 ms]
   [Clear CT: 0.2 ms]
   [Other: 3.6 ms]
      [Choose CSet: 0.0 ms]
      [Ref Proc: 1.5 ms]
      [Ref Enq: 0.1 ms]
      [Redirty Cards: 0.1 ms]
      [Humongous Register: 0.3 ms]
      [Humongous Reclaim: 0.0 ms]
      [Free CSet: 1.0 ms]
   [Eden: 1061.0M(1061.0M)->0.0B(1062.0M) Survivors: 9216.0K->8192.0K Heap: 1654.3M(1868.0M)->592.8M(1868.0M)]
Heap after GC invocations=644 (full 0):
 garbage-first heap   total 1912832K, used 607041K [0x000000008b400000, 0x000000008b503a60, 0x0000000100000000)
  region size 1024K, 8 young (8192K), 8 survivors (8192K)
 Metaspace       used 148647K, capacity 155753K, committed 156336K, reserved 1183744K
  class space    used 19710K, capacity 21005K, committed 21168K, reserved 1048576K
}
 [Times: user=0.06 sys=0.00, real=0.02 secs] 
2020-07-20T11:17:03.987+0000: 7659.923: Total time for which application threads were stopped: 0.0230000 seconds, Stopping threads took: 0.0002912 seconds
{Heap before GC invocations=644 (full 0):
 garbage-first heap   total 1912832K, used 1694529K [0x000000008b400000, 0x000000008b503a60, 0x0000000100000000)
  region size 1024K, 1070 young (1095680K), 8 survivors (8192K)
 Metaspace       used 148735K, capacity 155841K, committed 156336K, reserved 1183744K
  class space    used 19710K, capacity 21005K, committed 21168K, reserved 1048576K
2020-07-20T11:20:04.370+0000: 7840.306: [GC pause (G1 Evacuation Pause) (young)
Desired survivor size 70254592 bytes, new threshold 15 (max 15)
- age   1:    6036200 bytes,    6036200 total
- age   2:      28168 bytes,    6064368 total
- age   3:     643632 bytes,    6708000 total
- age   4:     158048 bytes,    6866048 total
- age   5:      47216 bytes,    6913264 total
- age   6:      16432 bytes,    6929696 total
- age   7:      11392 bytes,    6941088 total
- age   8:      14408 bytes,    6955496 total
- age   9:      10152 bytes,    6965648 total
- age  10:      47024 bytes,    7012672 total
- age  11:      13560 bytes,    7026232 total
- age  12:      20400 bytes,    7046632 total
- age  13:      11008 bytes,    7057640 total
- age  14:      15984 bytes,    7073624 total
- age  15:      44752 bytes,    7118376 total
, 0.0185940 secs]
   [Parallel Time: 14.9 ms, GC Workers: 4]
      [GC Worker Start (ms): Min: 7840306.8, Avg: 7840306.9, Max: 7840307.0, Diff: 0.2]
      [Ext Root Scanning (ms): Min: 5.6, Avg: 6.3, Max: 8.2, Diff: 2.6, Sum: 25.2]
      [Update RS (ms): Min: 4.4, Avg: 5.8, Max: 6.3, Diff: 2.0, Sum: 23.2]
         [Processed Buffers: Min: 10, Avg: 21.8, Max: 26, Diff: 16, Sum: 87]
      [Scan RS (ms): Min: 0.2, Avg: 0.3, Max: 0.4, Diff: 0.2, Sum: 1.1]
      [Code Root Scanning (ms): Min: 0.0, Avg: 0.1, Max: 0.2, Diff: 0.1, Sum: 0.3]
      [Object Copy (ms): Min: 2.0, Avg: 2.2, Max: 2.3, Diff: 0.3, Sum: 8.8]
      [Termination (ms): Min: 0.0, Avg: 0.0, Max: 0.0, Diff: 0.0, Sum: 0.0]
         [Termination Attempts: Min: 1, Avg: 2.0, Max: 4, Diff: 3, Sum: 8]
      [GC Worker Other (ms): Min: 0.0, Avg: 0.1, Max: 0.1, Diff: 0.1, Sum: 0.3]
      [GC Worker Total (ms): Min: 14.6, Avg: 14.7, Max: 14.8, Diff: 0.2, Sum: 58.8]
      [GC Worker End (ms): Min: 7840321.6, Avg: 7840321.6, Max: 7840321.6, Diff: 0.1]
   [Code Root Fixup: 0.0 ms]
   [Code Root Purge: 0.0 ms]
   [Clear CT: 0.2 ms]
   [Other: 3.4 ms]
      [Choose CSet: 0.0 ms]
      [Ref Proc: 1.4 ms]
      [Ref Enq: 0.1 ms]
      [Redirty Cards: 0.1 ms]
      [Humongous Register: 0.2 ms]
      [Humongous Reclaim: 0.0 ms]
      [Free CSet: 1.0 ms]
   [Eden: 1062.0M(1062.0M)->0.0B(1062.0M) Survivors: 8192.0K->8192.0K Heap: 1654.8M(1868.0M)->592.9M(1868.0M)]
Heap after GC invocations=645 (full 0):
 garbage-first heap   total 1912832K, used 607093K [0x000000008b400000, 0x000000008b503a60, 0x0000000100000000)
  region size 1024K, 8 young (8192K), 8 survivors (8192K)
 Metaspace       used 148735K, capacity 155841K, committed 156336K, reserved 1183744K
  class space    used 19710K, capacity 21005K, committed 21168K, reserved 1048576K
}
 [Times: user=0.06 sys=0.00, real=0.02 secs] 
2020-07-20T11:20:04.389+0000: 7840.325: Total time for which application threads were stopped: 0.0259184 seconds, Stopping threads took: 0.0060539 seconds
{Heap before GC invocations=645 (full 0):
 garbage-first heap   total 1912832K, used 1694581K [0x000000008b400000, 0x000000008b503a60, 0x0000000100000000)
  region size 1024K, 1070 young (1095680K), 8 survivors (8192K)
 Metaspace       used 148743K, capacity 155841K, committed 156336K, reserved 1183744K
  class space    used 19710K, capacity 21005K, committed 21168K, reserved 1048576K
2020-07-20T11:22:18.964+0000: 7974.900: [GC pause (G1 Evacuation Pause) (young)
Desired survivor size 70254592 bytes, new threshold 15 (max 15)
- age   1:    5999024 bytes,    5999024 total
- age   2:      68688 bytes,    6067712 total
- age   3:      27336 bytes,    6095048 total
- age   4:     630064 bytes,    6725112 total
- age   5:     158048 bytes,    6883160 total
- age   6:      47216 bytes,    6930376 total
- age   7:      16432 bytes,    6946808 total
- age   8:      11392 bytes,    6958200 total
- age   9:      14408 bytes,    6972608 total
- age  10:      10152 bytes,    6982760 total
- age  11:      47024 bytes,    7029784 total
- age  12:      13560 bytes,    7043344 total
- age  13:      20352 bytes,    7063696 total
- age  14:      11008 bytes,    7074704 total
- age  15:      15984 bytes,    7090688 total
, 0.0202930 secs]
   [Parallel Time: 16.6 ms, GC Workers: 4]
      [GC Worker Start (ms): Min: 7974900.6, Avg: 7974900.6, Max: 7974900.7, Diff: 0.2]
      [Ext Root Scanning (ms): Min: 6.0, Avg: 6.7, Max: 8.4, Diff: 2.4, Sum: 26.7]
      [Update RS (ms): Min: 5.4, Avg: 6.9, Max: 7.5, Diff: 2.1, Sum: 27.4]
         [Processed Buffers: Min: 12, Avg: 23.8, Max: 35, Diff: 23, Sum: 95]
      [Scan RS (ms): Min: 0.2, Avg: 0.3, Max: 0.4, Diff: 0.2, Sum: 1.2]
      [Code Root Scanning (ms): Min: 0.0, Avg: 0.1, Max: 0.3, Diff: 0.3, Sum: 0.5]
      [Object Copy (ms): Min: 2.2, Avg: 2.3, Max: 2.5, Diff: 0.3, Sum: 9.4]
      [Termination (ms): Min: 0.0, Avg: 0.0, Max: 0.0, Diff: 0.0, Sum: 0.0]
         [Termination Attempts: Min: 1, Avg: 1.0, Max: 1, Diff: 0, Sum: 4]
      [GC Worker Other (ms): Min: 0.0, Avg: 0.1, Max: 0.1, Diff: 0.1, Sum: 0.3]
      [GC Worker Total (ms): Min: 16.3, Avg: 16.4, Max: 16.5, Diff: 0.2, Sum: 65.6]
      [GC Worker End (ms): Min: 7974917.0, Avg: 7974917.0, Max: 7974917.1, Diff: 0.1]
   [Code Root Fixup: 0.0 ms]
   [Code Root Purge: 0.0 ms]
   [Clear CT: 0.2 ms]
   [Other: 3.4 ms]
      [Choose CSet: 0.0 ms]
      [Ref Proc: 1.4 ms]
      [Ref Enq: 0.1 ms]
      [Redirty Cards: 0.1 ms]
      [Humongous Register: 0.2 ms]
      [Humongous Reclaim: 0.0 ms]
      [Free CSet: 1.0 ms]
   [Eden: 1062.0M(1062.0M)->0.0B(1063.0M) Survivors: 8192.0K->8192.0K Heap: 1654.9M(1868.0M)->592.9M(1868.0M)]
Heap after GC invocations=646 (full 0):
 garbage-first heap   total 1912832K, used 607128K [0x000000008b400000, 0x000000008b503a60, 0x0000000100000000)
  region size 1024K, 8 young (8192K), 8 survivors (8192K)
 Metaspace       used 148743K, capacity 155841K, committed 156336K, reserved 1183744K
  class space    used 19710K, capacity 21005K, committed 21168K, reserved 1048576K
}
 [Times: user=0.06 sys=0.00, real=0.02 secs] 
2020-07-20T11:22:18.985+0000: 7974.920: Total time for which application threads were stopped: 0.0219482 seconds, Stopping threads took: 0.0003394 seconds
{Heap before GC invocations=646 (full 0):
 garbage-first heap   total 1912832K, used 1695640K [0x000000008b400000, 0x000000008b503a60, 0x0000000100000000)
  region size 1024K, 1071 young (1096704K), 8 survivors (8192K)
 Metaspace       used 148743K, capacity 155841K, committed 156336K, reserved 1183744K
  class space    used 19710K, capacity 21005K, committed 21168K, reserved 1048576K
2020-07-20T11:25:20.565+0000: 8156.501: [GC pause (G1 Evacuation Pause) (young)
Desired survivor size 70254592 bytes, new threshold 15 (max 15)
- age   1:    6082464 bytes,    6082464 total
- age   2:      29864 bytes,    6112328 total
- age   3:      27784 bytes,    6140112 total
- age   4:      27336 bytes,    6167448 total
- age   5:     617272 bytes,    6784720 total
- age   6:     158048 bytes,    6942768 total
- age   7:      47120 bytes,    6989888 total
- age   8:      16432 bytes,    7006320 total
- age   9:      11232 bytes,    7017552 total
- age  10:      14408 bytes,    7031960 total
- age  11:      10152 bytes,    7042112 total
- age  12:      47024 bytes,    7089136 total
- age  13:      13400 bytes,    7102536 total
- age  14:      20352 bytes,    7122888 total
- age  15:      11008 bytes,    7133896 total
, 0.0185852 secs]
   [Parallel Time: 14.8 ms, GC Workers: 4]
      [GC Worker Start (ms): Min: 8156502.0, Avg: 8156502.1, Max: 8156502.2, Diff: 0.2]
      [Ext Root Scanning (ms): Min: 5.6, Avg: 6.2, Max: 7.6, Diff: 2.0, Sum: 24.6]
      [Update RS (ms): Min: 4.4, Avg: 5.7, Max: 6.3, Diff: 1.8, Sum: 22.7]
         [Processed Buffers: Min: 9, Avg: 22.2, Max: 37, Diff: 28, Sum: 89]
      [Scan RS (ms): Min: 0.1, Avg: 0.3, Max: 0.3, Diff: 0.2, Sum: 1.0]
      [Code Root Scanning (ms): Min: 0.0, Avg: 0.1, Max: 0.2, Diff: 0.2, Sum: 0.3]
      [Object Copy (ms): Min: 2.1, Avg: 2.3, Max: 2.4, Diff: 0.3, Sum: 9.1]
      [Termination (ms): Min: 0.0, Avg: 0.0, Max: 0.0, Diff: 0.0, Sum: 0.0]
         [Termination Attempts: Min: 1, Avg: 1.0, Max: 1, Diff: 0, Sum: 4]
      [GC Worker Other (ms): Min: 0.1, Avg: 0.1, Max: 0.1, Diff: 0.0, Sum: 0.3]
      [GC Worker Total (ms): Min: 14.4, Avg: 14.5, Max: 14.6, Diff: 0.1, Sum: 58.1]
      [GC Worker End (ms): Min: 8156516.6, Avg: 8156516.6, Max: 8156516.6, Diff: 0.0]
   [Code Root Fixup: 0.0 ms]
   [Code Root Purge: 0.0 ms]
   [Clear CT: 0.4 ms]
   [Other: 3.5 ms]
      [Choose CSet: 0.0 ms]
      [Ref Proc: 1.4 ms]
      [Ref Enq: 0.1 ms]
      [Redirty Cards: 0.1 ms]
      [Humongous Register: 0.2 ms]
      [Humongous Reclaim: 0.0 ms]
      [Free CSet: 1.0 ms]
   [Eden: 1063.0M(1063.0M)->0.0B(1063.0M) Survivors: 8192.0K->8192.0K Heap: 1655.9M(1868.0M)->592.4M(1868.0M)]
Heap after GC invocations=647 (full 0):
 garbage-first heap   total 1912832K, used 606634K [0x000000008b400000, 0x000000008b503a60, 0x0000000100000000)
  region size 1024K, 8 young (8192K), 8 survivors (8192K)
 Metaspace       used 148743K, capacity 155841K, committed 156336K, reserved 1183744K
  class space    used 19710K, capacity 21005K, committed 21168K, reserved 1048576K
}
 [Times: user=0.07 sys=0.00, real=0.02 secs] 
2020-07-20T11:25:20.584+0000: 8156.520: Total time for which application threads were stopped: 0.0201949 seconds, Stopping threads took: 0.0002939 seconds
{Heap before GC invocations=647 (full 0):
 garbage-first heap   total 1912832K, used 1695146K [0x000000008b400000, 0x000000008b503a60, 0x0000000100000000)
  region size 1024K, 1071 young (1096704K), 8 survivors (8192K)
 Metaspace       used 148747K, capacity 155841K, committed 156336K, reserved 1183744K
  class space    used 19711K, capacity 21005K, committed 21168K, reserved 1048576K
2020-07-20T11:27:35.873+0000: 8291.809: [GC pause (G1 Evacuation Pause) (young)
Desired survivor size 70254592 bytes, new threshold 15 (max 15)
- age   1:    6030056 bytes,    6030056 total
- age   2:      80360 bytes,    6110416 total
- age   3:      29032 bytes,    6139448 total
- age   4:      27784 bytes,    6167232 total
- age   5:      27336 bytes,    6194568 total
- age   6:     603800 bytes,    6798368 total
- age   7:     158048 bytes,    6956416 total
- age   8:      47120 bytes,    7003536 total
- age   9:      16432 bytes,    7019968 total
- age  10:      11232 bytes,    7031200 total
- age  11:      14408 bytes,    7045608 total
- age  12:      10152 bytes,    7055760 total
- age  13:      46976 bytes,    7102736 total
- age  14:      13400 bytes,    7116136 total
- age  15:      20352 bytes,    7136488 total
, 0.0217372 secs]
   [Parallel Time: 17.5 ms, GC Workers: 4]
      [GC Worker Start (ms): Min: 8291809.6, Avg: 8291809.7, Max: 8291809.7, Diff: 0.1]
      [Ext Root Scanning (ms): Min: 6.3, Avg: 7.3, Max: 9.9, Diff: 3.6, Sum: 29.1]
      [Update RS (ms): Min: 5.2, Avg: 7.4, Max: 8.1, Diff: 2.9, Sum: 29.4]
         [Processed Buffers: Min: 8, Avg: 22.8, Max: 43, Diff: 35, Sum: 91]
      [Scan RS (ms): Min: 0.2, Avg: 0.3, Max: 0.4, Diff: 0.1, Sum: 1.3]
      [Code Root Scanning (ms): Min: 0.0, Avg: 0.1, Max: 0.3, Diff: 0.3, Sum: 0.5]
      [Object Copy (ms): Min: 2.0, Avg: 2.2, Max: 2.4, Diff: 0.4, Sum: 8.8]
      [Termination (ms): Min: 0.0, Avg: 0.0, Max: 0.0, Diff: 0.0, Sum: 0.0]
         [Termination Attempts: Min: 1, Avg: 1.0, Max: 1, Diff: 0, Sum: 4]
      [GC Worker Other (ms): Min: 0.0, Avg: 0.1, Max: 0.1, Diff: 0.0, Sum: 0.3]
      [GC Worker Total (ms): Min: 17.3, Avg: 17.3, Max: 17.4, Diff: 0.1, Sum: 69.4]
      [GC Worker End (ms): Min: 8291827.0, Avg: 8291827.0, Max: 8291827.0, Diff: 0.0]
   [Code Root Fixup: 0.0 ms]
   [Code Root Purge: 0.0 ms]
   [Clear CT: 0.3 ms]
   [Other: 3.9 ms]
      [Choose CSet: 0.0 ms]
      [Ref Proc: 1.4 ms]
      [Ref Enq: 0.1 ms]
      [Redirty Cards: 0.1 ms]
      [Humongous Register: 0.3 ms]
      [Humongous Reclaim: 0.0 ms]
      [Free CSet: 1.3 ms]
   [Eden: 1063.0M(1063.0M)->0.0B(1062.0M) Survivors: 8192.0K->9216.0K Heap: 1655.4M(1868.0M)->593.4M(1868.0M)]
Heap after GC invocations=648 (full 0):
 garbage-first heap   total 1912832K, used 607685K [0x000000008b400000, 0x000000008b503a60, 0x0000000100000000)
  region size 1024K, 9 young (9216K), 9 survivors (9216K)
 Metaspace       used 148747K, capacity 155841K, committed 156336K, reserved 1183744K
  class space    used 19711K, capacity 21005K, committed 21168K, reserved 1048576K
}
 [Times: user=0.08 sys=0.00, real=0.02 secs] 
2020-07-20T11:27:35.895+0000: 8291.831: Total time for which application threads were stopped: 0.0237665 seconds, Stopping threads took: 0.0004161 seconds
{Heap before GC invocations=648 (full 0):
 garbage-first heap   total 1912832K, used 1695173K [0x000000008b400000, 0x000000008b503a60, 0x0000000100000000)
  region size 1024K, 1071 young (1096704K), 9 survivors (9216K)
 Metaspace       used 148747K, capacity 155841K, committed 156336K, reserved 1183744K
  class space    used 19711K, capacity 21005K, committed 21168K, reserved 1048576K
2020-07-20T11:30:42.871+0000: 8478.807: [GC pause (G1 Evacuation Pause) (young)
Desired survivor size 70254592 bytes, new threshold 15 (max 15)
- age   1:    6036416 bytes,    6036416 total
- age   2:      27760 bytes,    6064176 total
- age   3:      39712 bytes,    6103888 total
- age   4:      29032 bytes,    6132920 total
- age   5:      27752 bytes,    6160672 total
- age   6:      27336 bytes,    6188008 total
- age   7:     591584 bytes,    6779592 total
- age   8:     158048 bytes,    6937640 total
- age   9:      47120 bytes,    6984760 total
- age  10:      16432 bytes,    7001192 total
- age  11:      11232 bytes,    7012424 total
- age  12:      14392 bytes,    7026816 total
- age  13:      10120 bytes,    7036936 total
- age  14:      46976 bytes,    7083912 total
- age  15:      13400 bytes,    7097312 total
, 0.0264416 secs]
   [Parallel Time: 21.2 ms, GC Workers: 4]
      [GC Worker Start (ms): Min: 8478807.5, Avg: 8478807.6, Max: 8478807.7, Diff: 0.1]
      [Ext Root Scanning (ms): Min: 5.8, Avg: 6.6, Max: 8.9, Diff: 3.2, Sum: 26.4]
      [Update RS (ms): Min: 5.2, Avg: 7.3, Max: 8.2, Diff: 2.9, Sum: 29.4]
         [Processed Buffers: Min: 13, Avg: 22.8, Max: 30, Diff: 17, Sum: 91]
      [Scan RS (ms): Min: 0.2, Avg: 0.3, Max: 0.4, Diff: 0.2, Sum: 1.3]
      [Code Root Scanning (ms): Min: 0.0, Avg: 0.1, Max: 0.3, Diff: 0.3, Sum: 0.5]
      [Object Copy (ms): Min: 2.1, Avg: 2.2, Max: 2.5, Diff: 0.4, Sum: 9.0]
      [Termination (ms): Min: 0.0, Avg: 0.0, Max: 0.0, Diff: 0.0, Sum: 0.0]
         [Termination Attempts: Min: 1, Avg: 1.0, Max: 1, Diff: 0, Sum: 4]
      [GC Worker Other (ms): Min: 0.1, Avg: 1.1, Max: 4.3, Diff: 4.3, Sum: 4.5]
      [GC Worker Total (ms): Min: 16.7, Avg: 17.8, Max: 20.9, Diff: 4.2, Sum: 71.1]
      [GC Worker End (ms): Min: 8478824.3, Avg: 8478825.4, Max: 8478828.6, Diff: 4.3]
   [Code Root Fixup: 0.0 ms]
   [Code Root Purge: 0.0 ms]
   [Clear CT: 0.3 ms]
   [Other: 4.9 ms]
      [Choose CSet: 0.0 ms]
      [Ref Proc: 2.5 ms]
      [Ref Enq: 0.1 ms]
      [Redirty Cards: 0.1 ms]
      [Humongous Register: 0.3 ms]
      [Humongous Reclaim: 0.0 ms]
      [Free CSet: 1.3 ms]
   [Eden: 1062.0M(1062.0M)->0.0B(1062.0M) Survivors: 9216.0K->9216.0K Heap: 1655.4M(1868.0M)->593.5M(1868.0M)]
Heap after GC invocations=649 (full 0):
 garbage-first heap   total 1912832K, used 607706K [0x000000008b400000, 0x000000008b503a60, 0x0000000100000000)
  region size 1024K, 9 young (9216K), 9 survivors (9216K)
 Metaspace       used 148747K, capacity 155841K, committed 156336K, reserved 1183744K
  class space    used 19711K, capacity 21005K, committed 21168K, reserved 1048576K
}
 [Times: user=0.07 sys=0.00, real=0.03 secs] 
2020-07-20T11:30:42.898+0000: 8478.834: Total time for which application threads were stopped: 0.0281402 seconds, Stopping threads took: 0.0003331 seconds
{Heap before GC invocations=649 (full 0):
 garbage-first heap   total 1912832K, used 1695194K [0x000000008b400000, 0x000000008b503a60, 0x0000000100000000)
  region size 1024K, 1071 young (1096704K), 9 survivors (9216K)
 Metaspace       used 148748K, capacity 155841K, committed 156336K, reserved 1183744K
  class space    used 19711K, capacity 21005K, committed 21168K, reserved 1048576K
2020-07-20T11:32:59.270+0000: 8615.206: [GC pause (G1 Evacuation Pause) (young)
Desired survivor size 70254592 bytes, new threshold 15 (max 15)
- age   1:    6007792 bytes,    6007792 total
- age   2:      62776 bytes,    6070568 total
- age   3:      26640 bytes,    6097208 total
- age   4:      39360 bytes,    6136568 total
- age   5:      29032 bytes,    6165600 total
- age   6:      27752 bytes,    6193352 total
- age   7:      27336 bytes,    6220688 total
- age   8:     576272 bytes,    6796960 total
- age   9:     158048 bytes,    6955008 total
- age  10:      45520 bytes,    7000528 total
- age  11:      16432 bytes,    7016960 total
- age  12:      11200 bytes,    7028160 total
- age  13:      14360 bytes,    7042520 total
- age  14:      10120 bytes,    7052640 total
- age  15:      46976 bytes,    7099616 total
, 0.0238337 secs]
   [Parallel Time: 19.9 ms, GC Workers: 4]
      [GC Worker Start (ms): Min: 8615206.6, Avg: 8615209.2, Max: 8615216.6, Diff: 10.0]
      [Ext Root Scanning (ms): Min: 0.0, Avg: 5.9, Max: 9.5, Diff: 9.5, Sum: 23.7]
      [Update RS (ms): Min: 6.1, Avg: 8.4, Max: 10.2, Diff: 4.0, Sum: 33.4]
         [Processed Buffers: Min: 1, Avg: 22.0, Max: 43, Diff: 42, Sum: 88]
      [Scan RS (ms): Min: 0.1, Avg: 0.3, Max: 0.5, Diff: 0.5, Sum: 1.2]
      [Code Root Scanning (ms): Min: 0.0, Avg: 0.1, Max: 0.3, Diff: 0.3, Sum: 0.4]
      [Object Copy (ms): Min: 0.0, Avg: 2.4, Max: 3.5, Diff: 3.5, Sum: 9.7]
      [Termination (ms): Min: 0.0, Avg: 0.1, Max: 0.2, Diff: 0.2, Sum: 0.5]
         [Termination Attempts: Min: 1, Avg: 12.0, Max: 17, Diff: 16, Sum: 48]
      [GC Worker Other (ms): Min: 0.0, Avg: 0.0, Max: 0.1, Diff: 0.0, Sum: 0.2]
      [GC Worker Total (ms): Min: 9.8, Avg: 17.3, Max: 19.8, Diff: 9.9, Sum: 69.0]
      [GC Worker End (ms): Min: 8615226.4, Avg: 8615226.4, Max: 8615226.4, Diff: 0.0]
   [Code Root Fixup: 0.0 ms]
   [Code Root Purge: 0.0 ms]
   [Clear CT: 0.3 ms]
   [Other: 3.6 ms]
      [Choose CSet: 0.0 ms]
      [Ref Proc: 1.4 ms]
      [Ref Enq: 0.1 ms]
      [Redirty Cards: 0.1 ms]
      [Humongous Register: 0.2 ms]
      [Humongous Reclaim: 0.0 ms]
      [Free CSet: 1.2 ms]
   [Eden: 1062.0M(1062.0M)->0.0B(1061.0M) Survivors: 9216.0K->9216.0K Heap: 1655.5M(1868.0M)->593.5M(1868.0M)]
Heap after GC invocations=650 (full 0):
 garbage-first heap   total 1912832K, used 607760K [0x000000008b400000, 0x000000008b503a60, 0x0000000100000000)
  region size 1024K, 9 young (9216K), 9 survivors (9216K)
 Metaspace       used 148748K, capacity 155841K, committed 156336K, reserved 1183744K
  class space    used 19711K, capacity 21005K, committed 21168K, reserved 1048576K
}
 [Times: user=0.06 sys=0.00, real=0.03 secs] 
2020-07-20T11:32:59.294+0000: 8615.230: Total time for which application threads were stopped: 0.0256507 seconds, Stopping threads took: 0.0003841 seconds
{Heap before GC invocations=650 (full 0):
 garbage-first heap   total 1912832K, used 1694224K [0x000000008b400000, 0x000000008b503a60, 0x0000000100000000)
  region size 1024K, 1070 young (1095680K), 9 survivors (9216K)
 Metaspace       used 148750K, capacity 155841K, committed 156336K, reserved 1183744K
  class space    used 19711K, capacity 21005K, committed 21168K, reserved 1048576K
2020-07-20T11:35:48.861+0000: 8784.797: [GC pause (G1 Evacuation Pause) (young)
Desired survivor size 70254592 bytes, new threshold 15 (max 15)
- age   1:    6056888 bytes,    6056888 total
- age   2:      31592 bytes,    6088480 total
- age   3:      22128 bytes,    6110608 total
- age   4:      26640 bytes,    6137248 total
- age   5:      39360 bytes,    6176608 total
- age   6:      29032 bytes,    6205640 total
- age   7:      27752 bytes,    6233392 total
- age   8:      27240 bytes,    6260632 total
- age   9:     565312 bytes,    6825944 total
- age  10:     158048 bytes,    6983992 total
- age  11:      45520 bytes,    7029512 total
- age  12:      16416 bytes,    7045928 total
- age  13:      11200 bytes,    7057128 total
- age  14:      14360 bytes,    7071488 total
- age  15:      10120 bytes,    7081608 total
, 0.0201445 secs]
   [Parallel Time: 16.0 ms, GC Workers: 4]
      [GC Worker Start (ms): Min: 8784798.0, Avg: 8784798.1, Max: 8784798.1, Diff: 0.1]
      [Ext Root Scanning (ms): Min: 6.2, Avg: 7.2, Max: 10.0, Diff: 3.8, Sum: 28.8]
      [Update RS (ms): Min: 3.3, Avg: 5.8, Max: 6.8, Diff: 3.5, Sum: 23.2]
         [Processed Buffers: Min: 12, Avg: 22.5, Max: 39, Diff: 27, Sum: 90]
      [Scan RS (ms): Min: 0.2, Avg: 0.3, Max: 0.4, Diff: 0.2, Sum: 1.3]
      [Code Root Scanning (ms): Min: 0.0, Avg: 0.1, Max: 0.2, Diff: 0.2, Sum: 0.4]
      [Object Copy (ms): Min: 2.1, Avg: 2.3, Max: 2.5, Diff: 0.3, Sum: 9.3]
      [Termination (ms): Min: 0.0, Avg: 0.0, Max: 0.0, Diff: 0.0, Sum: 0.0]
         [Termination Attempts: Min: 1, Avg: 1.0, Max: 1, Diff: 0, Sum: 4]
      [GC Worker Other (ms): Min: 0.1, Avg: 0.1, Max: 0.1, Diff: 0.0, Sum: 0.3]
      [GC Worker Total (ms): Min: 15.8, Avg: 15.8, Max: 15.9, Diff: 0.1, Sum: 63.3]
      [GC Worker End (ms): Min: 8784813.9, Avg: 8784813.9, Max: 8784813.9, Diff: 0.0]
   [Code Root Fixup: 0.0 ms]
   [Code Root Purge: 0.0 ms]
   [Clear CT: 0.2 ms]
   [Other: 3.8 ms]
      [Choose CSet: 0.0 ms]
      [Ref Proc: 1.4 ms]
      [Ref Enq: 0.1 ms]
      [Redirty Cards: 0.1 ms]
      [Humongous Register: 0.2 ms]
      [Humongous Reclaim: 0.0 ms]
      [Free CSet: 1.3 ms]
   [Eden: 1061.0M(1061.0M)->0.0B(1062.0M) Survivors: 9216.0K->8192.0K Heap: 1654.5M(1868.0M)->592.5M(1868.0M)]
Heap after GC invocations=651 (full 0):
 garbage-first heap   total 1912832K, used 606758K [0x000000008b400000, 0x000000008b503a60, 0x0000000100000000)
  region size 1024K, 8 young (8192K), 8 survivors (8192K)
 Metaspace       used 148750K, capacity 155841K, committed 156336K, reserved 1183744K
  class space    used 19711K, capacity 21005K, committed 21168K, reserved 1048576K
}
 [Times: user=0.07 sys=0.00, real=0.02 secs] 
2020-07-20T11:35:48.882+0000: 8784.818: Total time for which application threads were stopped: 0.0276063 seconds, Stopping threads took: 0.0060671 seconds
{Heap before GC invocations=651 (full 0):
 garbage-first heap   total 1912832K, used 1694246K [0x000000008b400000, 0x000000008b503a60, 0x0000000100000000)
  region size 1024K, 1070 young (1095680K), 8 survivors (8192K)
 Metaspace       used 148751K, capacity 155841K, committed 156336K, reserved 1183744K
  class space    used 19712K, capacity 21005K, committed 21168K, reserved 1048576K
2020-07-20T11:38:12.764+0000: 8928.700: [GC pause (G1 Evacuation Pause) (young)
Desired survivor size 70254592 bytes, new threshold 15 (max 15)
- age   1:    6037864 bytes,    6037864 total
- age   2:      31784 bytes,    6069648 total
- age   3:      30472 bytes,    6100120 total
- age   4:      22096 bytes,    6122216 total
- age   5:      26640 bytes,    6148856 total
- age   6:      39360 bytes,    6188216 total
- age   7:      29032 bytes,    6217248 total
- age   8:      27752 bytes,    6245000 total
- age   9:      27240 bytes,    6272240 total
- age  10:     534752 bytes,    6806992 total
- age  11:     158048 bytes,    6965040 total
- age  12:      45504 bytes,    7010544 total
- age  13:      16384 bytes,    7026928 total
- age  14:      11200 bytes,    7038128 total
- age  15:      14360 bytes,    7052488 total
, 0.0267002 secs]
   [Parallel Time: 21.0 ms, GC Workers: 4]
      [GC Worker Start (ms): Min: 8928701.0, Avg: 8928701.2, Max: 8928701.4, Diff: 0.4]
      [Ext Root Scanning (ms): Min: 7.6, Avg: 8.5, Max: 10.4, Diff: 2.7, Sum: 33.9]
      [Update RS (ms): Min: 6.6, Avg: 9.1, Max: 12.5, Diff: 5.9, Sum: 36.3]
         [Processed Buffers: Min: 2, Avg: 21.2, Max: 33, Diff: 31, Sum: 85]
      [Scan RS (ms): Min: 0.1, Avg: 0.3, Max: 0.4, Diff: 0.3, Sum: 1.1]
      [Code Root Scanning (ms): Min: 0.0, Avg: 0.1, Max: 0.3, Diff: 0.3, Sum: 0.4]
      [Object Copy (ms): Min: 0.3, Avg: 2.1, Max: 3.1, Diff: 2.8, Sum: 8.5]
      [Termination (ms): Min: 0.0, Avg: 0.5, Max: 0.7, Diff: 0.7, Sum: 2.1]
         [Termination Attempts: Min: 1, Avg: 1.5, Max: 2, Diff: 1, Sum: 6]
      [GC Worker Other (ms): Min: 0.0, Avg: 0.1, Max: 0.1, Diff: 0.1, Sum: 0.3]
      [GC Worker Total (ms): Min: 20.5, Avg: 20.7, Max: 20.8, Diff: 0.4, Sum: 82.8]
      [GC Worker End (ms): Min: 8928721.8, Avg: 8928721.8, Max: 8928721.9, Diff: 0.0]
   [Code Root Fixup: 0.0 ms]
   [Code Root Purge: 0.0 ms]
   [Clear CT: 0.7 ms]
   [Other: 4.9 ms]
      [Choose CSet: 0.0 ms]
      [Ref Proc: 2.3 ms]
      [Ref Enq: 0.1 ms]
      [Redirty Cards: 0.2 ms]
      [Humongous Register: 0.3 ms]
      [Humongous Reclaim: 0.0 ms]
      [Free CSet: 1.3 ms]
   [Eden: 1062.0M(1062.0M)->0.0B(1061.0M) Survivors: 8192.0K->9216.0K Heap: 1654.5M(1868.0M)->593.6M(1868.0M)]
Heap after GC invocations=652 (full 0):
 garbage-first heap   total 1912832K, used 607802K [0x000000008b400000, 0x000000008b503a60, 0x0000000100000000)
  region size 1024K, 9 young (9216K), 9 survivors (9216K)
 Metaspace       used 148751K, capacity 155841K, committed 156336K, reserved 1183744K
  class space    used 19712K, capacity 21005K, committed 21168K, reserved 1048576K
}
 [Times: user=0.07 sys=0.00, real=0.02 secs] 
2020-07-20T11:38:12.791+0000: 8928.727: Total time for which application threads were stopped: 0.0289397 seconds, Stopping threads took: 0.0005047 seconds
{Heap before GC invocations=652 (full 0):
 garbage-first heap   total 1912832K, used 1694266K [0x000000008b400000, 0x000000008b503a60, 0x0000000100000000)
  region size 1024K, 1070 young (1095680K), 9 survivors (9216K)
 Metaspace       used 148765K, capacity 155845K, committed 156336K, reserved 1183744K
  class space    used 19712K, capacity 21005K, committed 21168K, reserved 1048576K
2020-07-20T11:40:49.826+0000: 9085.762: [GC pause (G1 Evacuation Pause) (young)
Desired survivor size 70254592 bytes, new threshold 15 (max 15)
- age   1:    6004128 bytes,    6004128 total
- age   2:      58664 bytes,    6062792 total
- age   3:      23544 bytes,    6086336 total
- age   4:      30472 bytes,    6116808 total
- age   5:      22096 bytes,    6138904 total
- age   6:      26640 bytes,    6165544 total
- age   7:      39360 bytes,    6204904 total
- age   8:      29032 bytes,    6233936 total
- age   9:      27752 bytes,    6261688 total
- age  10:      27240 bytes,    6288928 total
- age  11:     523976 bytes,    6812904 total
- age  12:     158048 bytes,    6970952 total
- age  13:      45472 bytes,    7016424 total
- age  14:      16384 bytes,    7032808 total
- age  15:      11200 bytes,    7044008 total
, 0.0277774 secs]
   [Parallel Time: 20.8 ms, GC Workers: 4]
      [GC Worker Start (ms): Min: 9085763.2, Avg: 9085763.6, Max: 9085764.8, Diff: 1.7]
      [Ext Root Scanning (ms): Min: 6.3, Avg: 8.4, Max: 10.5, Diff: 4.3, Sum: 33.8]
      [Update RS (ms): Min: 6.6, Avg: 8.9, Max: 12.2, Diff: 5.7, Sum: 35.5]
         [Processed Buffers: Min: 1, Avg: 22.8, Max: 49, Diff: 48, Sum: 91]
      [Scan RS (ms): Min: 0.1, Avg: 0.3, Max: 0.5, Diff: 0.5, Sum: 1.3]
      [Code Root Scanning (ms): Min: 0.0, Avg: 0.1, Max: 0.2, Diff: 0.2, Sum: 0.5]
      [Object Copy (ms): Min: 0.4, Avg: 2.2, Max: 3.0, Diff: 2.5, Sum: 8.9]
      [Termination (ms): Min: 0.0, Avg: 0.2, Max: 0.3, Diff: 0.3, Sum: 0.8]
         [Termination Attempts: Min: 1, Avg: 1.2, Max: 2, Diff: 1, Sum: 5]
      [GC Worker Other (ms): Min: 0.0, Avg: 0.0, Max: 0.1, Diff: 0.1, Sum: 0.2]
      [GC Worker Total (ms): Min: 19.0, Avg: 20.3, Max: 20.7, Diff: 1.7, Sum: 81.0]
      [GC Worker End (ms): Min: 9085783.8, Avg: 9085783.9, Max: 9085783.9, Diff: 0.0]
   [Code Root Fixup: 0.0 ms]
   [Code Root Purge: 0.0 ms]
   [Clear CT: 0.4 ms]
   [Other: 6.5 ms]
      [Choose CSet: 0.0 ms]
      [Ref Proc: 4.0 ms]
      [Ref Enq: 0.1 ms]
      [Redirty Cards: 0.1 ms]
      [Humongous Register: 0.3 ms]
      [Humongous Reclaim: 0.0 ms]
      [Free CSet: 1.3 ms]
   [Eden: 1061.0M(1061.0M)->0.0B(1061.0M) Survivors: 9216.0K->8192.0K Heap: 1654.6M(1868.0M)->593.1M(1868.0M)]
Heap after GC invocations=653 (full 0):
 garbage-first heap   total 1912832K, used 607310K [0x000000008b400000, 0x000000008b503a60, 0x0000000100000000)
  region size 1024K, 8 young (8192K), 8 survivors (8192K)
 Metaspace       used 148765K, capacity 155845K, committed 156336K, reserved 1183744K
  class space    used 19712K, capacity 21005K, committed 21168K, reserved 1048576K
}
 [Times: user=0.07 sys=0.00, real=0.03 secs] 
2020-07-20T11:40:49.854+0000: 9085.790: Total time for which application threads were stopped: 0.0356552 seconds, Stopping threads took: 0.0060479 seconds
{Heap before GC invocations=653 (full 0):
 garbage-first heap   total 1912832K, used 1693774K [0x000000008b400000, 0x000000008b503a60, 0x0000000100000000)
  region size 1024K, 1069 young (1094656K), 8 survivors (8192K)
 Metaspace       used 148766K, capacity 155845K, committed 156336K, reserved 1183744K
  class space    used 19712K, capacity 21005K, committed 21168K, reserved 1048576K
2020-07-20T11:43:32.869+0000: 9248.805: [GC pause (G1 Evacuation Pause) (young)
Desired survivor size 70254592 bytes, new threshold 15 (max 15)
- age   1:    6037256 bytes,    6037256 total
- age   2:      30080 bytes,    6067336 total
- age   3:      25472 bytes,    6092808 total
- age   4:      23544 bytes,    6116352 total
- age   5:      30088 bytes,    6146440 total
- age   6:      22096 bytes,    6168536 total
- age   7:      26640 bytes,    6195176 total
- age   8:      39200 bytes,    6234376 total
- age   9:      29032 bytes,    6263408 total
- age  10:      27720 bytes,    6291128 total
- age  11:      27240 bytes,    6318368 total
- age  12:     497960 bytes,    6816328 total
- age  13:     157920 bytes,    6974248 total
- age  14:      45472 bytes,    7019720 total
- age  15:      16384 bytes,    7036104 total
, 0.0292037 secs]
   [Parallel Time: 22.5 ms, GC Workers: 4]
      [GC Worker Start (ms): Min: 9248805.5, Avg: 9248809.1, Max: 9248812.6, Diff: 7.1]
      [Ext Root Scanning (ms): Min: 2.9, Avg: 8.1, Max: 16.9, Diff: 14.0, Sum: 32.4]
      [Update RS (ms): Min: 1.3, Avg: 7.4, Max: 11.9, Diff: 10.6, Sum: 29.5]
         [Processed Buffers: Min: 5, Avg: 20.8, Max: 29, Diff: 24, Sum: 83]
      [Scan RS (ms): Min: 0.1, Avg: 0.3, Max: 0.5, Diff: 0.4, Sum: 1.1]
      [Code Root Scanning (ms): Min: 0.0, Avg: 0.1, Max: 0.3, Diff: 0.3, Sum: 0.3]
      [Object Copy (ms): Min: 0.2, Avg: 2.4, Max: 3.5, Diff: 3.4, Sum: 9.6]
      [Termination (ms): Min: 0.0, Avg: 0.4, Max: 0.7, Diff: 0.7, Sum: 1.6]
         [Termination Attempts: Min: 1, Avg: 18.0, Max: 36, Diff: 35, Sum: 72]
      [GC Worker Other (ms): Min: 0.0, Avg: 0.0, Max: 0.1, Diff: 0.0, Sum: 0.2]
      [GC Worker Total (ms): Min: 15.1, Avg: 18.7, Max: 22.2, Diff: 7.1, Sum: 74.7]
      [GC Worker End (ms): Min: 9248827.7, Avg: 9248827.7, Max: 9248827.8, Diff: 0.1]
   [Code Root Fixup: 0.0 ms]
   [Code Root Purge: 0.0 ms]
   [Clear CT: 0.4 ms]
   [Other: 6.3 ms]
      [Choose CSet: 0.0 ms]
      [Ref Proc: 4.3 ms]
      [Ref Enq: 0.1 ms]
      [Redirty Cards: 0.1 ms]
      [Humongous Register: 0.2 ms]
      [Humongous Reclaim: 0.0 ms]
      [Free CSet: 1.0 ms]
   [Eden: 1061.0M(1061.0M)->0.0B(1061.0M) Survivors: 8192.0K->8192.0K Heap: 1654.1M(1868.0M)->593.1M(1868.0M)]
Heap after GC invocations=654 (full 0):
 garbage-first heap   total 1912832K, used 607332K [0x000000008b400000, 0x000000008b503a60, 0x0000000100000000)
  region size 1024K, 8 young (8192K), 8 survivors (8192K)
 Metaspace       used 148766K, capacity 155845K, committed 156336K, reserved 1183744K
  class space    used 19712K, capacity 21005K, committed 21168K, reserved 1048576K
}
 [Times: user=0.07 sys=0.00, real=0.03 secs] 
2020-07-20T11:43:32.899+0000: 9248.834: Total time for which application threads were stopped: 0.0309059 seconds, Stopping threads took: 0.0003585 seconds
{Heap before GC invocations=654 (full 0):
 garbage-first heap   total 1912832K, used 1693796K [0x000000008b400000, 0x000000008b503a60, 0x0000000100000000)
  region size 1024K, 1069 young (1094656K), 8 survivors (8192K)
 Metaspace       used 148766K, capacity 155845K, committed 156336K, reserved 1183744K
  class space    used 19712K, capacity 21005K, committed 21168K, reserved 1048576K
2020-07-20T11:45:50.876+0000: 9386.812: [GC pause (G1 Evacuation Pause) (young)
Desired survivor size 70254592 bytes, new threshold 15 (max 15)
- age   1:    6006040 bytes,    6006040 total
- age   2:      58488 bytes,    6064528 total
- age   3:      21864 bytes,    6086392 total
- age   4:      25472 bytes,    6111864 total
- age   5:      23544 bytes,    6135408 total
- age   6:      30088 bytes,    6165496 total
- age   7:      22096 bytes,    6187592 total
- age   8:      26640 bytes,    6214232 total
- age   9:      39200 bytes,    6253432 total
- age  10:      29032 bytes,    6282464 total
- age  11:      27720 bytes,    6310184 total
- age  12:      25712 bytes,    6335896 total
- age  13:     487480 bytes,    6823376 total
- age  14:     157920 bytes,    6981296 total
- age  15:      45472 bytes,    7026768 total
, 0.0218938 secs]
   [Parallel Time: 17.7 ms, GC Workers: 4]
      [GC Worker Start (ms): Min: 9386812.6, Avg: 9386814.7, Max: 9386820.6, Diff: 8.0]
      [Ext Root Scanning (ms): Min: 0.1, Avg: 6.3, Max: 10.2, Diff: 10.1, Sum: 25.2]
      [Update RS (ms): Min: 4.6, Avg: 6.3, Max: 7.0, Diff: 2.4, Sum: 25.2]
         [Processed Buffers: Min: 17, Avg: 22.2, Max: 28, Diff: 11, Sum: 89]
      [Scan RS (ms): Min: 0.2, Avg: 0.3, Max: 0.4, Diff: 0.2, Sum: 1.4]
      [Code Root Scanning (ms): Min: 0.0, Avg: 0.1, Max: 0.2, Diff: 0.2, Sum: 0.5]
      [Object Copy (ms): Min: 2.0, Avg: 2.3, Max: 2.6, Diff: 0.7, Sum: 9.1]
      [Termination (ms): Min: 0.0, Avg: 0.0, Max: 0.0, Diff: 0.0, Sum: 0.0]
         [Termination Attempts: Min: 1, Avg: 1.0, Max: 1, Diff: 0, Sum: 4]
      [GC Worker Other (ms): Min: 0.1, Avg: 0.1, Max: 0.1, Diff: 0.0, Sum: 0.4]
